[2022-03-23T05:21:05.304+0000][1.590s] Heap region size: 1M
[2022-03-23T05:21:09.246+0000][5.533s] Using G1
[2022-03-23T05:21:09.249+0000][5.536s] Heap address: 0x00000000e0000000, size: 512 MB, Compressed Oops mode: 32-bit
[2022-03-23T05:21:09.251+0000][5.537s] Mark closed archive regions in map: [0x00000000fff00000, 0x00000000fff63ff8]
[2022-03-23T05:21:09.262+0000][5.549s] Mark open archive regions in map: [0x00000000ffe00000, 0x00000000ffe41ff8]
[2022-03-23T05:21:14.968+0000][11.255s] GC(0) Pause Young (Normal) (G1 Evacuation Pause)
[2022-03-23T05:21:14.989+0000][11.276s] GC(0) Using 4 workers of 4 for evacuation
[2022-03-23T05:21:15.299+0000][11.585s] GC(0) MMU target violated: 251.0ms (250.0ms/251.0ms)
[2022-03-23T05:21:15.328+0000][11.615s] GC(0)   Pre Evacuate Collection Set: 0.1ms
[2022-03-23T05:21:15.379+0000][11.665s] GC(0)   Evacuate Collection Set: 227.2ms
[2022-03-23T05:21:15.479+0000][11.765s] GC(0)   Post Evacuate Collection Set: 66.1ms
[2022-03-23T05:21:15.522+0000][11.808s] GC(0)   Other: 66.7ms
[2022-03-23T05:21:15.570+0000][11.856s] GC(0) Eden regions: 25->0(22)
[2022-03-23T05:21:15.656+0000][11.942s] GC(0) Survivor regions: 0->3(4)
[2022-03-23T05:21:15.685+0000][11.971s] GC(0) Old regions: 2->2
[2022-03-23T05:21:15.690+0000][11.977s] GC(0) Humongous regions: 0->0
[2022-03-23T05:21:15.739+0000][12.026s] GC(0) Metaspace: 6854K->6854K(1056768K)
[2022-03-23T05:21:15.804+0000][12.091s] GC(0) Pause Young (Normal) (G1 Evacuation Pause) 25M->3M(512M) 835.802ms
[2022-03-23T05:21:15.833+0000][12.119s] GC(0) User=0.40s Sys=0.05s Real=0.85s
[2022-03-23T05:21:21.698+0000][17.984s] GC(1) Pause Young (Normal) (G1 Evacuation Pause)
[2022-03-23T05:21:21.699+0000][17.986s] GC(1) Using 4 workers of 4 for evacuation
[2022-03-23T05:21:21.876+0000][18.163s] GC(1)   Pre Evacuate Collection Set: 0.0ms
[2022-03-23T05:21:21.889+0000][18.176s] GC(1)   Evacuate Collection Set: 174.5ms
[2022-03-23T05:21:21.898+0000][18.185s] GC(1)   Post Evacuate Collection Set: 1.4ms
[2022-03-23T05:21:21.899+0000][18.185s] GC(1)   Other: 2.6ms
[2022-03-23T05:21:21.908+0000][18.195s] GC(1) Eden regions: 22->0(21)
[2022-03-23T05:21:21.921+0000][18.208s] GC(1) Survivor regions: 3->4(4)
[2022-03-23T05:21:21.953+0000][18.240s] GC(1) Old regions: 2->10
[2022-03-23T05:21:21.980+0000][18.267s] GC(1) Humongous regions: 4->4
[2022-03-23T05:21:22.014+0000][18.300s] GC(1) Metaspace: 12930K->12930K(1060864K)
[2022-03-23T05:21:22.019+0000][18.306s] GC(1) Pause Young (Normal) (G1 Evacuation Pause) 29M->16M(512M) 321.771ms
[2022-03-23T05:21:22.029+0000][18.315s] GC(1) User=0.27s Sys=0.08s Real=0.32s
[2022-03-23T05:21:26.300+0000][22.587s] GC(2) Pause Young (Normal) (G1 Evacuation Pause)
[2022-03-23T05:21:26.331+0000][22.617s] GC(2) Using 4 workers of 4 for evacuation
[2022-03-23T05:21:26.512+0000][22.799s] GC(2)   Pre Evacuate Collection Set: 0.0ms
[2022-03-23T05:21:26.520+0000][22.807s] GC(2)   Evacuate Collection Set: 128.1ms
[2022-03-23T05:21:26.532+0000][22.819s] GC(2)   Post Evacuate Collection Set: 21.9ms
[2022-03-23T05:21:26.543+0000][22.830s] GC(2)   Other: 61.8ms
[2022-03-23T05:21:26.555+0000][22.842s] GC(2) Eden regions: 21->0(25)
[2022-03-23T05:21:26.560+0000][22.846s] GC(2) Survivor regions: 4->4(4)
[2022-03-23T05:21:26.561+0000][22.847s] GC(2) Old regions: 10->14
[2022-03-23T05:21:26.567+0000][22.854s] GC(2) Humongous regions: 4->4
[2022-03-23T05:21:26.571+0000][22.857s] GC(2) Metaspace: 15748K->15748K(1062912K)
[2022-03-23T05:21:26.572+0000][22.858s] GC(2) Pause Young (Normal) (G1 Evacuation Pause) 37M->20M(512M) 271.442ms
[2022-03-23T05:21:26.603+0000][22.889s] GC(2) User=0.16s Sys=0.05s Real=0.31s
[2022-03-23T05:21:31.496+0000][27.782s] GC(3) Pause Young (Normal) (G1 Evacuation Pause)
[2022-03-23T05:21:31.512+0000][27.799s] GC(3) Using 4 workers of 4 for evacuation
[2022-03-23T05:21:31.747+0000][28.033s] GC(3)   Pre Evacuate Collection Set: 0.0ms
[2022-03-23T05:21:31.747+0000][28.034s] GC(3)   Evacuate Collection Set: 173.5ms
[2022-03-23T05:21:31.748+0000][28.034s] GC(3)   Post Evacuate Collection Set: 51.8ms
[2022-03-23T05:21:31.748+0000][28.034s] GC(3)   Other: 25.8ms
[2022-03-23T05:21:31.748+0000][28.035s] GC(3) Eden regions: 25->0(25)
[2022-03-23T05:21:31.750+0000][28.036s] GC(3) Survivor regions: 4->4(4)
[2022-03-23T05:21:31.750+0000][28.037s] GC(3) Old regions: 14->18
[2022-03-23T05:21:31.750+0000][28.037s] GC(3) Humongous regions: 4->4
[2022-03-23T05:21:31.751+0000][28.037s] GC(3) Metaspace: 17834K->17834K(1064960K)
[2022-03-23T05:21:31.751+0000][28.037s] GC(3) Pause Young (Normal) (G1 Evacuation Pause) 45M->24M(512M) 255.392ms
[2022-03-23T05:21:31.751+0000][28.038s] GC(3) User=0.39s Sys=0.14s Real=0.25s
[2022-03-23T05:21:36.514+0000][32.800s] GC(4) Pause Young (Concurrent Start) (Metadata GC Threshold)
[2022-03-23T05:21:36.566+0000][32.853s] GC(4) Using 4 workers of 4 for evacuation
[2022-03-23T05:21:36.619+0000][32.905s] GC(4)   Pre Evacuate Collection Set: 0.1ms
[2022-03-23T05:21:36.660+0000][32.947s] GC(4)   Evacuate Collection Set: 13.7ms
[2022-03-23T05:21:36.661+0000][32.947s] GC(4)   Post Evacuate Collection Set: 0.7ms
[2022-03-23T05:21:36.661+0000][32.948s] GC(4)   Other: 91.0ms
[2022-03-23T05:21:36.753+0000][33.039s] GC(4) Eden regions: 23->0(34)
[2022-03-23T05:21:36.859+0000][33.145s] GC(4) Survivor regions: 4->1(4)
[2022-03-23T05:21:36.869+0000][33.156s] GC(4) Old regions: 18->22
[2022-03-23T05:21:36.960+0000][33.247s] GC(4) Humongous regions: 4->4
[2022-03-23T05:21:36.972+0000][33.258s] GC(4) Metaspace: 20472K->20472K(1067008K)
[2022-03-23T05:21:36.980+0000][33.266s] GC(4) Pause Young (Concurrent Start) (Metadata GC Threshold) 47M->24M(512M) 466.118ms
[2022-03-23T05:21:36.990+0000][33.276s] GC(4) User=0.04s Sys=0.00s Real=0.47s
[2022-03-23T05:21:36.995+0000][33.281s] GC(5) Concurrent Cycle
[2022-03-23T05:21:37.012+0000][33.299s] GC(5) Concurrent Clear Claimed Marks
[2022-03-23T05:21:37.028+0000][33.315s] GC(5) Concurrent Clear Claimed Marks 16.149ms
[2022-03-23T05:21:37.045+0000][33.332s] GC(5) Concurrent Scan Root Regions
[2022-03-23T05:21:37.067+0000][33.354s] GC(5) Concurrent Scan Root Regions 22.211ms
[2022-03-23T05:21:37.084+0000][33.370s] GC(5) Concurrent Mark (33.370s)
[2022-03-23T05:21:37.084+0000][33.370s] GC(5) Concurrent Mark From Roots
[2022-03-23T05:21:37.085+0000][33.372s] GC(5) Using 1 workers of 1 for marking
[2022-03-23T05:21:37.458+0000][33.744s] GC(5) Concurrent Mark From Roots 373.990ms
[2022-03-23T05:21:37.559+0000][33.845s] GC(5) Concurrent Preclean
[2022-03-23T05:21:37.851+0000][34.138s] GC(5) Concurrent Preclean 292.924ms
[2022-03-23T05:21:37.876+0000][34.162s] GC(5) Concurrent Mark (33.370s, 34.162s) 792.333ms
[2022-03-23T05:21:37.886+0000][34.173s] GC(5) Pause Remark
[2022-03-23T05:21:37.913+0000][34.199s] GC(5) Cleaned string and symbol table, strings: 9437 processed, 26 removed, symbols: 63129 processed, 40 removed
[2022-03-23T05:21:37.923+0000][34.209s] GC(5) Pause Remark 29M->29M(512M) 36.209ms
[2022-03-23T05:21:37.925+0000][34.211s] GC(5) User=0.03s Sys=0.00s Real=0.04s
[2022-03-23T05:21:37.928+0000][34.215s] GC(5) Concurrent Rebuild Remembered Sets
[2022-03-23T05:21:38.102+0000][34.389s] GC(5) Concurrent Rebuild Remembered Sets 173.613ms
[2022-03-23T05:21:38.105+0000][34.392s] GC(5) Pause Cleanup
[2022-03-23T05:21:38.113+0000][34.399s] GC(5) Pause Cleanup 30M->30M(512M) 7.360ms
[2022-03-23T05:21:38.113+0000][34.399s] GC(5) User=0.00s Sys=0.00s Real=0.01s
[2022-03-23T05:21:38.113+0000][34.400s] GC(5) Concurrent Cleanup for Next Mark
[2022-03-23T05:21:38.117+0000][34.404s] GC(5) Concurrent Cleanup for Next Mark 3.903ms
[2022-03-23T05:21:38.122+0000][34.408s] GC(5) Concurrent Cycle 1126.874ms
[2022-03-23T05:21:43.063+0000][39.349s] GC(6) Pause Young (Concurrent Start) (G1 Evacuation Pause)
[2022-03-23T05:21:43.073+0000][39.359s] GC(6) Using 4 workers of 4 for evacuation
[2022-03-23T05:21:43.115+0000][39.401s] GC(6)   Pre Evacuate Collection Set: 0.1ms
[2022-03-23T05:21:43.134+0000][39.420s] GC(6)   Evacuate Collection Set: 32.4ms
[2022-03-23T05:21:43.150+0000][39.436s] GC(6)   Post Evacuate Collection Set: 0.4ms
[2022-03-23T05:21:43.169+0000][39.455s] GC(6)   Other: 19.3ms
[2022-03-23T05:21:43.185+0000][39.472s] GC(6) Eden regions: 34->0(56)
[2022-03-23T05:21:43.197+0000][39.484s] GC(6) Survivor regions: 1->1(5)
[2022-03-23T05:21:43.198+0000][39.484s] GC(6) Old regions: 22->22
[2022-03-23T05:21:43.198+0000][39.484s] GC(6) Humongous regions: 4->4
[2022-03-23T05:21:43.198+0000][39.485s] GC(6) Metaspace: 24269K->24269K(1071104K)
[2022-03-23T05:21:43.198+0000][39.485s] GC(6) Pause Young (Concurrent Start) (G1 Evacuation Pause) 58M->24M(512M) 135.695ms
[2022-03-23T05:21:43.199+0000][39.485s] GC(6) User=0.03s Sys=0.02s Real=0.13s
[2022-03-23T05:21:43.202+0000][39.488s] GC(7) Concurrent Cycle
[2022-03-23T05:21:43.223+0000][39.509s] GC(7) Concurrent Clear Claimed Marks
[2022-03-23T05:21:43.228+0000][39.514s] GC(7) Concurrent Clear Claimed Marks 4.884ms
[2022-03-23T05:21:43.228+0000][39.514s] GC(7) Concurrent Scan Root Regions
[2022-03-23T05:21:43.272+0000][39.558s] GC(7) Concurrent Scan Root Regions 43.924ms
[2022-03-23T05:21:43.306+0000][39.592s] GC(7) Concurrent Mark (39.592s)
[2022-03-23T05:21:43.321+0000][39.608s] GC(7) Concurrent Mark From Roots
[2022-03-23T05:21:43.346+0000][39.632s] GC(7) Using 1 workers of 1 for marking
[2022-03-23T05:21:43.655+0000][39.942s] GC(7) Concurrent Mark From Roots 334.069ms
[2022-03-23T05:21:43.662+0000][39.948s] GC(7) Concurrent Preclean
[2022-03-23T05:21:43.663+0000][39.949s] GC(7) Concurrent Preclean 1.177ms
[2022-03-23T05:21:43.666+0000][39.952s] GC(7) Concurrent Mark (39.592s, 39.952s) 359.725ms
[2022-03-23T05:21:43.678+0000][39.964s] GC(7) Pause Remark
[2022-03-23T05:21:43.722+0000][40.008s] GC(7) Cleaned string and symbol table, strings: 10322 processed, 0 removed, symbols: 71665 processed, 28 removed
[2022-03-23T05:21:43.737+0000][40.024s] GC(7) Pause Remark 29M->29M(512M) 59.692ms
[2022-03-23T05:21:43.738+0000][40.024s] GC(7) User=0.08s Sys=0.00s Real=0.06s
[2022-03-23T05:21:43.738+0000][40.025s] GC(7) Concurrent Rebuild Remembered Sets
[2022-03-23T05:21:43.822+0000][40.108s] GC(7) Concurrent Rebuild Remembered Sets 83.668ms
[2022-03-23T05:21:43.834+0000][40.120s] GC(7) Pause Cleanup
[2022-03-23T05:21:43.841+0000][40.128s] GC(7) Pause Cleanup 30M->30M(512M) 7.455ms
[2022-03-23T05:21:43.842+0000][40.129s] GC(7) User=0.00s Sys=0.01s Real=0.01s
[2022-03-23T05:21:43.845+0000][40.132s] GC(7) Concurrent Cleanup for Next Mark
[2022-03-23T05:21:43.864+0000][40.150s] GC(7) Concurrent Cleanup for Next Mark 18.325ms
[2022-03-23T05:21:43.864+0000][40.150s] GC(7) Concurrent Cycle 662.313ms
[2022-03-23T05:21:59.349+0000][55.635s] GC(8) Pause Young (Normal) (G1 Evacuation Pause)
[2022-03-23T05:21:59.361+0000][55.648s] GC(8) Using 4 workers of 4 for evacuation
[2022-03-23T05:21:59.552+0000][55.839s] GC(8)   Pre Evacuate Collection Set: 0.1ms
[2022-03-23T05:21:59.600+0000][55.886s] GC(8)   Evacuate Collection Set: 149.7ms
[2022-03-23T05:21:59.646+0000][55.933s] GC(8)   Post Evacuate Collection Set: 11.4ms
[2022-03-23T05:21:59.740+0000][56.026s] GC(8)   Other: 41.9ms
[2022-03-23T05:21:59.788+0000][56.074s] GC(8) Eden regions: 56->0(62)
[2022-03-23T05:21:59.837+0000][56.124s] GC(8) Survivor regions: 1->5(8)
[2022-03-23T05:21:59.885+0000][56.172s] GC(8) Old regions: 22->22
[2022-03-23T05:21:59.941+0000][56.228s] GC(8) Humongous regions: 4->4
[2022-03-23T05:21:59.961+0000][56.247s] GC(8) Metaspace: 31992K->31992K(1079296K)
[2022-03-23T05:21:59.976+0000][56.263s] GC(8) Pause Young (Normal) (G1 Evacuation Pause) 80M->28M(512M) 627.330ms
[2022-03-23T05:22:00.025+0000][56.311s] GC(8) User=0.20s Sys=0.09s Real=0.67s
[2022-03-23T06:06:43.626+0000][2739.915s] GC(9) Pause Young (Normal) (G1 Evacuation Pause)
[2022-03-23T06:06:43.634+0000][2739.920s] GC(9) Using 4 workers of 4 for evacuation
[2022-03-23T06:06:43.903+0000][2740.190s] GC(9) MMU target violated: 251.0ms (250.0ms/251.0ms)
[2022-03-23T06:06:43.904+0000][2740.190s] GC(9)   Pre Evacuate Collection Set: 15.3ms
[2022-03-23T06:06:43.904+0000][2740.191s] GC(9)   Evacuate Collection Set: 234.2ms
[2022-03-23T06:06:43.905+0000][2740.191s] GC(9)   Post Evacuate Collection Set: 11.9ms
[2022-03-23T06:06:43.905+0000][2740.191s] GC(9)   Other: 20.0ms
[2022-03-23T06:06:43.905+0000][2740.192s] GC(9) Eden regions: 61->0(62)
[2022-03-23T06:06:43.906+0000][2740.192s] GC(9) Survivor regions: 5->8(9)
[2022-03-23T06:06:43.906+0000][2740.193s] GC(9) Old regions: 22->22
[2022-03-23T06:06:43.906+0000][2740.193s] GC(9) Humongous regions: 4->4
[2022-03-23T06:06:43.907+0000][2740.193s] GC(9) Metaspace: 36762K->36762K(1083392K)
[2022-03-23T06:06:43.908+0000][2740.195s] GC(9) Pause Young (Normal) (G1 Evacuation Pause) 89M->31M(512M) 282.264ms
[2022-03-23T06:06:43.909+0000][2740.196s] GC(9) User=1.00s Sys=0.00s Real=0.28s
[2022-03-23T06:12:03.230+0000][3059.516s] Heap
[2022-03-23T06:12:03.232+0000][3059.518s]  garbage-first heap   total 524288K, used 38893K [0x00000000e0000000, 0x0000000100000000)
[2022-03-23T06:12:03.232+0000][3059.519s]   region size 1024K, 15 young (15360K), 8 survivors (8192K)
[2022-03-23T06:12:03.232+0000][3059.519s]  Metaspace       used 37109K, capacity 38126K, committed 38292K, reserved 1083392K
[2022-03-23T06:12:03.233+0000][3059.519s]   class space    used 4377K, capacity 4804K, committed 4812K, reserved 1048576K
