[2022-03-17T09:15:23.381+0000][0.349s] Heap region size: 1M
[2022-03-17T09:15:26.821+0000][3.789s] Using G1
[2022-03-17T09:15:26.828+0000][3.796s] Heap address: 0x00000000e0000000, size: 512 MB, Compressed Oops mode: 32-bit
[2022-03-17T09:15:26.836+0000][3.804s] Mark closed archive regions in map: [0x00000000fff00000, 0x00000000fff63ff8]
[2022-03-17T09:15:26.847+0000][3.815s] Mark open archive regions in map: [0x00000000ffe00000, 0x00000000ffe41ff8]
[2022-03-17T09:15:35.201+0000][12.168s] GC(0) Pause Young (Normal) (G1 Evacuation Pause)
[2022-03-17T09:15:35.218+0000][12.186s] GC(0) Using 4 workers of 4 for evacuation
[2022-03-17T09:15:35.336+0000][12.304s] GC(0)   Pre Evacuate Collection Set: 0.1ms
[2022-03-17T09:15:35.338+0000][12.306s] GC(0)   Evacuate Collection Set: 67.1ms
[2022-03-17T09:15:35.354+0000][12.322s] GC(0)   Post Evacuate Collection Set: 44.8ms
[2022-03-17T09:15:35.370+0000][12.338s] GC(0)   Other: 23.5ms
[2022-03-17T09:15:35.386+0000][12.354s] GC(0) Eden regions: 25->0(49)
[2022-03-17T09:15:35.389+0000][12.357s] GC(0) Survivor regions: 0->3(4)
[2022-03-17T09:15:35.402+0000][12.370s] GC(0) Old regions: 2->2
[2022-03-17T09:15:35.418+0000][12.386s] GC(0) Humongous regions: 0->0
[2022-03-17T09:15:35.450+0000][12.418s] GC(0) Metaspace: 6881K->6881K(1056768K)
[2022-03-17T09:15:35.466+0000][12.434s] GC(0) Pause Young (Normal) (G1 Evacuation Pause) 25M->3M(512M) 265.668ms
[2022-03-17T09:15:35.498+0000][12.466s] GC(0) User=0.17s Sys=0.00s Real=0.30s
[2022-03-17T09:15:41.625+0000][18.593s] GC(1) Pause Young (Normal) (G1 Evacuation Pause)
[2022-03-17T09:15:41.626+0000][18.594s] GC(1) Using 4 workers of 4 for evacuation
[2022-03-17T09:15:42.009+0000][18.977s] GC(1) MMU target violated: 251.0ms (250.0ms/251.0ms)
[2022-03-17T09:15:42.010+0000][18.978s] GC(1)   Pre Evacuate Collection Set: 0.0ms
[2022-03-17T09:15:42.011+0000][18.978s] GC(1)   Evacuate Collection Set: 345.6ms
[2022-03-17T09:15:42.011+0000][18.979s] GC(1)   Post Evacuate Collection Set: 35.8ms
[2022-03-17T09:15:42.011+0000][18.979s] GC(1)   Other: 10.3ms
[2022-03-17T09:15:42.011+0000][18.979s] GC(1) Eden regions: 22->0(21)
[2022-03-17T09:15:42.011+0000][18.979s] GC(1) Survivor regions: 3->4(4)
[2022-03-17T09:15:42.025+0000][18.993s] GC(1) Old regions: 2->10
[2022-03-17T09:15:42.056+0000][19.024s] GC(1) Humongous regions: 4->4
[2022-03-17T09:15:42.063+0000][19.031s] GC(1) Metaspace: 12991K->12991K(1060864K)
[2022-03-17T09:15:42.065+0000][19.033s] GC(1) Pause Young (Normal) (G1 Evacuation Pause) 29M->16M(512M) 440.329ms
[2022-03-17T09:15:42.065+0000][19.033s] GC(1) User=0.22s Sys=0.04s Real=0.44s
[2022-03-17T09:15:45.788+0000][22.756s] GC(2) Pause Young (Normal) (G1 Evacuation Pause)
[2022-03-17T09:15:45.788+0000][22.756s] GC(2) Using 4 workers of 4 for evacuation
[2022-03-17T09:15:45.930+0000][22.898s] GC(2)   Pre Evacuate Collection Set: 0.0ms
[2022-03-17T09:15:45.930+0000][22.898s] GC(2)   Evacuate Collection Set: 137.4ms
[2022-03-17T09:15:45.930+0000][22.898s] GC(2)   Post Evacuate Collection Set: 3.8ms
[2022-03-17T09:15:45.931+0000][22.899s] GC(2)   Other: 1.0ms
[2022-03-17T09:15:45.946+0000][22.914s] GC(2) Eden regions: 21->0(23)
[2022-03-17T09:15:45.947+0000][22.915s] GC(2) Survivor regions: 4->4(4)
[2022-03-17T09:15:45.947+0000][22.915s] GC(2) Old regions: 10->15
[2022-03-17T09:15:45.948+0000][22.916s] GC(2) Humongous regions: 4->4
[2022-03-17T09:15:45.948+0000][22.916s] GC(2) Metaspace: 15778K->15778K(1062912K)
[2022-03-17T09:15:45.966+0000][22.934s] GC(2) Pause Young (Normal) (G1 Evacuation Pause) 37M->21M(512M) 178.058ms
[2022-03-17T09:15:45.966+0000][22.934s] GC(2) User=0.12s Sys=0.04s Real=0.18s
[2022-03-17T09:15:48.218+0000][25.186s] GC(3) Pause Young (Normal) (G1 Evacuation Pause)
[2022-03-17T09:15:48.234+0000][25.202s] GC(3) Using 4 workers of 4 for evacuation
[2022-03-17T09:15:48.302+0000][25.270s] GC(3)   Pre Evacuate Collection Set: 0.0ms
[2022-03-17T09:15:48.302+0000][25.270s] GC(3)   Evacuate Collection Set: 51.5ms
[2022-03-17T09:15:48.302+0000][25.270s] GC(3)   Post Evacuate Collection Set: 16.0ms
[2022-03-17T09:15:48.303+0000][25.271s] GC(3)   Other: 16.6ms
[2022-03-17T09:15:48.303+0000][25.271s] GC(3) Eden regions: 23->0(37)
[2022-03-17T09:15:48.303+0000][25.271s] GC(3) Survivor regions: 4->4(4)
[2022-03-17T09:15:48.304+0000][25.271s] GC(3) Old regions: 15->19
[2022-03-17T09:15:48.304+0000][25.272s] GC(3) Humongous regions: 4->4
[2022-03-17T09:15:48.304+0000][25.272s] GC(3) Metaspace: 17644K->17644K(1064960K)
[2022-03-17T09:15:48.304+0000][25.272s] GC(3) Pause Young (Normal) (G1 Evacuation Pause) 44M->24M(512M) 86.597ms
[2022-03-17T09:15:48.304+0000][25.272s] GC(3) User=0.05s Sys=0.00s Real=0.08s
[2022-03-17T09:15:49.702+0000][26.670s] GC(4) Pause Young (Concurrent Start) (Metadata GC Threshold)
[2022-03-17T09:15:49.702+0000][26.670s] GC(4) Using 4 workers of 4 for evacuation
[2022-03-17T09:15:49.747+0000][26.715s] GC(4)   Pre Evacuate Collection Set: 0.1ms
[2022-03-17T09:15:49.748+0000][26.715s] GC(4)   Evacuate Collection Set: 44.2ms
[2022-03-17T09:15:49.748+0000][26.716s] GC(4)   Post Evacuate Collection Set: 0.3ms
[2022-03-17T09:15:49.748+0000][26.716s] GC(4)   Other: 0.9ms
[2022-03-17T09:15:49.749+0000][26.716s] GC(4) Eden regions: 25->0(54)
[2022-03-17T09:15:49.749+0000][26.717s] GC(4) Survivor regions: 4->1(6)
[2022-03-17T09:15:49.750+0000][26.718s] GC(4) Old regions: 19->22
[2022-03-17T09:15:49.750+0000][26.718s] GC(4) Humongous regions: 4->4
[2022-03-17T09:15:49.751+0000][26.719s] GC(4) Metaspace: 20434K->20434K(1067008K)
[2022-03-17T09:15:49.751+0000][26.719s] GC(4) Pause Young (Concurrent Start) (Metadata GC Threshold) 48M->24M(512M) 49.309ms
[2022-03-17T09:15:49.751+0000][26.719s] GC(4) User=0.04s Sys=0.00s Real=0.05s
[2022-03-17T09:15:49.755+0000][26.723s] GC(5) Concurrent Cycle
[2022-03-17T09:15:49.761+0000][26.729s] GC(5) Concurrent Clear Claimed Marks
[2022-03-17T09:15:49.761+0000][26.729s] GC(5) Concurrent Clear Claimed Marks 0.452ms
[2022-03-17T09:15:49.761+0000][26.729s] GC(5) Concurrent Scan Root Regions
[2022-03-17T09:15:49.764+0000][26.732s] GC(5) Concurrent Scan Root Regions 2.462ms
[2022-03-17T09:15:49.764+0000][26.732s] GC(5) Concurrent Mark (26.732s)
[2022-03-17T09:15:49.771+0000][26.739s] GC(5) Concurrent Mark From Roots
[2022-03-17T09:15:49.771+0000][26.739s] GC(5) Using 1 workers of 1 for marking
[2022-03-17T09:15:49.978+0000][26.946s] GC(5) Concurrent Mark From Roots 207.417ms
[2022-03-17T09:15:49.979+0000][26.947s] GC(5) Concurrent Preclean
[2022-03-17T09:15:49.980+0000][26.948s] GC(5) Concurrent Preclean 1.208ms
[2022-03-17T09:15:49.981+0000][26.948s] GC(5) Concurrent Mark (26.732s, 26.948s) 216.434ms
[2022-03-17T09:15:49.981+0000][26.949s] GC(5) Pause Remark
[2022-03-17T09:15:49.999+0000][26.967s] GC(5) Cleaned string and symbol table, strings: 9380 processed, 26 removed, symbols: 62134 processed, 31 removed
[2022-03-17T09:15:50.000+0000][26.968s] GC(5) Pause Remark 28M->28M(512M) 18.992ms
[2022-03-17T09:15:50.001+0000][26.968s] GC(5) User=0.02s Sys=0.00s Real=0.02s
[2022-03-17T09:15:50.003+0000][26.970s] GC(5) Concurrent Rebuild Remembered Sets
[2022-03-17T09:15:50.146+0000][27.114s] GC(5) Concurrent Rebuild Remembered Sets 143.001ms
[2022-03-17T09:15:50.146+0000][27.114s] GC(5) Pause Cleanup
[2022-03-17T09:15:50.152+0000][27.120s] GC(5) Pause Cleanup 30M->30M(512M) 5.876ms
[2022-03-17T09:15:50.154+0000][27.122s] GC(5) User=0.00s Sys=0.00s Real=0.00s
[2022-03-17T09:15:50.166+0000][27.134s] GC(5) Concurrent Cleanup for Next Mark
[2022-03-17T09:15:50.175+0000][27.143s] GC(5) Concurrent Cleanup for Next Mark 9.276ms
[2022-03-17T09:15:50.175+0000][27.143s] GC(5) Concurrent Cycle 419.865ms
[2022-03-17T09:15:55.766+0000][32.734s] GC(6) Pause Young (Concurrent Start) (G1 Evacuation Pause)
[2022-03-17T09:15:55.766+0000][32.734s] GC(6) Using 4 workers of 4 for evacuation
[2022-03-17T09:15:55.865+0000][32.833s] GC(6)   Pre Evacuate Collection Set: 0.1ms
[2022-03-17T09:15:55.866+0000][32.834s] GC(6)   Evacuate Collection Set: 89.0ms
[2022-03-17T09:15:55.866+0000][32.834s] GC(6)   Post Evacuate Collection Set: 9.5ms
[2022-03-17T09:15:55.866+0000][32.834s] GC(6)   Other: 0.8ms
[2022-03-17T09:15:55.866+0000][32.834s] GC(6) Eden regions: 54->0(72)
[2022-03-17T09:15:55.867+0000][32.834s] GC(6) Survivor regions: 1->4(7)
[2022-03-17T09:15:55.867+0000][32.835s] GC(6) Old regions: 22->22
[2022-03-17T09:15:55.867+0000][32.835s] GC(6) Humongous regions: 4->4
[2022-03-17T09:15:55.867+0000][32.835s] GC(6) Metaspace: 27955K->27955K(1075200K)
[2022-03-17T09:15:55.867+0000][32.835s] GC(6) Pause Young (Concurrent Start) (G1 Evacuation Pause) 78M->27M(512M) 101.533ms
[2022-03-17T09:15:55.868+0000][32.836s] GC(6) User=0.07s Sys=0.00s Real=0.10s
[2022-03-17T09:15:55.868+0000][32.836s] GC(7) Concurrent Cycle
[2022-03-17T09:15:55.868+0000][32.836s] GC(7) Concurrent Clear Claimed Marks
[2022-03-17T09:15:55.868+0000][32.836s] GC(7) Concurrent Clear Claimed Marks 0.291ms
[2022-03-17T09:15:55.869+0000][32.836s] GC(7) Concurrent Scan Root Regions
[2022-03-17T09:15:55.875+0000][32.842s] GC(7) Concurrent Scan Root Regions 5.993ms
[2022-03-17T09:15:55.875+0000][32.843s] GC(7) Concurrent Mark (32.843s)
[2022-03-17T09:15:55.875+0000][32.843s] GC(7) Concurrent Mark From Roots
[2022-03-17T09:15:55.875+0000][32.843s] GC(7) Using 1 workers of 1 for marking
[2022-03-17T09:15:56.202+0000][33.170s] GC(7) Concurrent Mark From Roots 326.402ms
[2022-03-17T09:15:56.202+0000][33.170s] GC(7) Concurrent Preclean
[2022-03-17T09:15:56.203+0000][33.170s] GC(7) Concurrent Preclean 0.440ms
[2022-03-17T09:15:56.203+0000][33.171s] GC(7) Concurrent Mark (32.843s, 33.171s) 327.883ms
[2022-03-17T09:15:56.227+0000][33.195s] GC(7) Pause Remark
[2022-03-17T09:15:56.272+0000][33.240s] GC(7) Cleaned string and symbol table, strings: 12778 processed, 0 removed, symbols: 82231 processed, 37 removed
[2022-03-17T09:15:56.279+0000][33.247s] GC(7) Pause Remark 30M->30M(512M) 52.000ms
[2022-03-17T09:15:56.280+0000][33.248s] GC(7) User=0.02s Sys=0.00s Real=0.05s
[2022-03-17T09:15:56.280+0000][33.248s] GC(7) Concurrent Rebuild Remembered Sets
[2022-03-17T09:15:56.516+0000][33.484s] GC(7) Concurrent Rebuild Remembered Sets 235.595ms
[2022-03-17T09:15:56.532+0000][33.499s] GC(7) Pause Cleanup
[2022-03-17T09:15:56.536+0000][33.504s] GC(7) Pause Cleanup 31M->31M(512M) 4.135ms
[2022-03-17T09:15:56.536+0000][33.504s] GC(7) User=0.01s Sys=0.00s Real=0.01s
[2022-03-17T09:15:56.546+0000][33.514s] GC(7) Concurrent Cleanup for Next Mark
[2022-03-17T09:15:56.550+0000][33.518s] GC(7) Concurrent Cleanup for Next Mark 4.225ms
[2022-03-17T09:15:56.558+0000][33.525s] GC(7) Concurrent Cycle 689.182ms
[2022-03-17T09:17:08.581+0000][105.549s] GC(8) Pause Young (Normal) (G1 Evacuation Pause)
[2022-03-17T09:17:08.581+0000][105.549s] GC(8) Using 4 workers of 4 for evacuation
[2022-03-17T09:17:08.616+0000][105.584s] GC(8)   Pre Evacuate Collection Set: 0.1ms
[2022-03-17T09:17:08.616+0000][105.584s] GC(8)   Evacuate Collection Set: 30.6ms
[2022-03-17T09:17:08.617+0000][105.584s] GC(8)   Post Evacuate Collection Set: 3.7ms
[2022-03-17T09:17:08.617+0000][105.585s] GC(8)   Other: 0.8ms
[2022-03-17T09:17:08.617+0000][105.585s] GC(8) Eden regions: 73->0(96)
[2022-03-17T09:17:08.617+0000][105.585s] GC(8) Survivor regions: 4->8(10)
[2022-03-17T09:17:08.618+0000][105.585s] GC(8) Old regions: 22->22
[2022-03-17T09:17:08.618+0000][105.586s] GC(8) Humongous regions: 4->4
[2022-03-17T09:17:08.618+0000][105.586s] GC(8) Metaspace: 35466K->35466K(1081344K)
[2022-03-17T09:17:08.618+0000][105.586s] GC(8) Pause Young (Normal) (G1 Evacuation Pause) 100M->31M(512M) 37.314ms
[2022-03-17T09:17:08.618+0000][105.586s] GC(8) User=0.11s Sys=0.00s Real=0.04s
[2022-03-17T11:05:52.139+0000][6629.108s] Heap
[2022-03-17T11:05:52.151+0000][6629.119s]  garbage-first heap   total 524288K, used 84636K [0x00000000e0000000, 0x0000000100000000)
[2022-03-17T11:05:52.152+0000][6629.120s]   region size 1024K, 60 young (61440K), 8 survivors (8192K)
[2022-03-17T11:05:52.152+0000][6629.120s]  Metaspace       used 37334K, capacity 38377K, committed 38600K, reserved 1083392K
[2022-03-17T11:05:52.153+0000][6629.121s]   class space    used 4369K, capacity 4802K, committed 4864K, reserved 1048576K
