[2022-03-22T13:07:52.575+0000][1.394s] Heap region size: 1M
[2022-03-22T13:07:55.561+0000][4.379s] Using G1
[2022-03-22T13:07:55.565+0000][4.383s] Heap address: 0x00000000e0000000, size: 512 MB, Compressed Oops mode: 32-bit
[2022-03-22T13:07:55.591+0000][4.409s] Mark closed archive regions in map: [0x00000000fff00000, 0x00000000fff63ff8]
[2022-03-22T13:07:55.596+0000][4.414s] Mark open archive regions in map: [0x00000000ffe00000, 0x00000000ffe41ff8]
[2022-03-22T13:08:05.462+0000][14.280s] GC(0) Pause Young (Normal) (G1 Evacuation Pause)
[2022-03-22T13:08:05.484+0000][14.302s] GC(0) Using 4 workers of 4 for evacuation
[2022-03-22T13:08:05.685+0000][14.503s] GC(0)   Pre Evacuate Collection Set: 0.1ms
[2022-03-22T13:08:05.685+0000][14.503s] GC(0)   Evacuate Collection Set: 155.6ms
[2022-03-22T13:08:05.686+0000][14.504s] GC(0)   Post Evacuate Collection Set: 43.5ms
[2022-03-22T13:08:05.687+0000][14.505s] GC(0)   Other: 23.7ms
[2022-03-22T13:08:05.692+0000][14.510s] GC(0) Eden regions: 25->0(22)
[2022-03-22T13:08:05.693+0000][14.511s] GC(0) Survivor regions: 0->3(4)
[2022-03-22T13:08:05.693+0000][14.511s] GC(0) Old regions: 2->2
[2022-03-22T13:08:05.693+0000][14.512s] GC(0) Humongous regions: 0->0
[2022-03-22T13:08:05.694+0000][14.512s] GC(0) Metaspace: 6853K->6853K(1056768K)
[2022-03-22T13:08:05.694+0000][14.513s] GC(0) Pause Young (Normal) (G1 Evacuation Pause) 25M->3M(512M) 232.625ms
[2022-03-22T13:08:05.696+0000][14.515s] GC(0) User=0.13s Sys=0.04s Real=0.24s
[2022-03-22T13:08:11.768+0000][20.586s] GC(1) Pause Young (Normal) (G1 Evacuation Pause)
[2022-03-22T13:08:11.798+0000][20.616s] GC(1) Using 4 workers of 4 for evacuation
[2022-03-22T13:08:12.249+0000][21.067s] GC(1) MMU target violated: 251.0ms (250.0ms/251.0ms)
[2022-03-22T13:08:12.265+0000][21.083s] GC(1)   Pre Evacuate Collection Set: 0.1ms
[2022-03-22T13:08:12.295+0000][21.113s] GC(1)   Evacuate Collection Set: 404.4ms
[2022-03-22T13:08:12.313+0000][21.131s] GC(1)   Post Evacuate Collection Set: 30.6ms
[2022-03-22T13:08:12.436+0000][21.255s] GC(1)   Other: 61.6ms
[2022-03-22T13:08:12.561+0000][21.379s] GC(1) Eden regions: 22->0(21)
[2022-03-22T13:08:12.585+0000][21.404s] GC(1) Survivor regions: 3->4(4)
[2022-03-22T13:08:12.607+0000][21.425s] GC(1) Old regions: 2->10
[2022-03-22T13:08:12.633+0000][21.451s] GC(1) Humongous regions: 4->4
[2022-03-22T13:08:12.655+0000][21.473s] GC(1) Metaspace: 12878K->12878K(1060864K)
[2022-03-22T13:08:12.681+0000][21.500s] GC(1) Pause Young (Normal) (G1 Evacuation Pause) 29M->15M(512M) 913.426ms
[2022-03-22T13:08:12.718+0000][21.537s] GC(1) User=0.39s Sys=0.06s Real=0.96s
[2022-03-22T13:08:18.687+0000][27.505s] GC(2) Pause Young (Normal) (G1 Evacuation Pause)
[2022-03-22T13:08:18.710+0000][27.528s] GC(2) Using 4 workers of 4 for evacuation
[2022-03-22T13:08:19.159+0000][27.977s] GC(2) MMU target violated: 251.0ms (250.0ms/251.0ms)
[2022-03-22T13:08:19.174+0000][27.992s] GC(2)   Pre Evacuate Collection Set: 0.1ms
[2022-03-22T13:08:19.176+0000][27.994s] GC(2)   Evacuate Collection Set: 188.7ms
[2022-03-22T13:08:19.190+0000][28.008s] GC(2)   Post Evacuate Collection Set: 219.5ms
[2022-03-22T13:08:19.206+0000][28.024s] GC(2)   Other: 78.7ms
[2022-03-22T13:08:19.222+0000][28.040s] GC(2) Eden regions: 21->0(21)
[2022-03-22T13:08:19.238+0000][28.056s] GC(2) Survivor regions: 4->4(4)
[2022-03-22T13:08:19.254+0000][28.073s] GC(2) Old regions: 10->14
[2022-03-22T13:08:19.271+0000][28.089s] GC(2) Humongous regions: 4->4
[2022-03-22T13:08:19.302+0000][28.120s] GC(2) Metaspace: 15684K->15684K(1062912K)
[2022-03-22T13:08:19.318+0000][28.137s] GC(2) Pause Young (Normal) (G1 Evacuation Pause) 36M->20M(512M) 631.172ms
[2022-03-22T13:08:19.334+0000][28.152s] GC(2) User=0.30s Sys=0.05s Real=0.65s
[2022-03-22T13:08:23.099+0000][31.918s] GC(3) Pause Young (Normal) (G1 Evacuation Pause)
[2022-03-22T13:08:23.106+0000][31.924s] GC(3) Using 4 workers of 4 for evacuation
[2022-03-22T13:08:23.200+0000][32.018s] GC(3)   Pre Evacuate Collection Set: 0.0ms
[2022-03-22T13:08:23.205+0000][32.023s] GC(3)   Evacuate Collection Set: 59.6ms
[2022-03-22T13:08:23.206+0000][32.025s] GC(3)   Post Evacuate Collection Set: 33.7ms
[2022-03-22T13:08:23.213+0000][32.031s] GC(3)   Other: 6.9ms
[2022-03-22T13:08:23.215+0000][32.033s] GC(3) Eden regions: 21->0(21)
[2022-03-22T13:08:23.216+0000][32.034s] GC(3) Survivor regions: 4->4(4)
[2022-03-22T13:08:23.216+0000][32.034s] GC(3) Old regions: 14->19
[2022-03-22T13:08:23.217+0000][32.035s] GC(3) Humongous regions: 4->4
[2022-03-22T13:08:23.219+0000][32.037s] GC(3) Metaspace: 17408K->17408K(1064960K)
[2022-03-22T13:08:23.222+0000][32.041s] GC(3) Pause Young (Normal) (G1 Evacuation Pause) 41M->24M(512M) 123.008ms
[2022-03-22T13:08:23.223+0000][32.041s] GC(3) User=0.08s Sys=0.01s Real=0.13s
[2022-03-22T13:08:26.163+0000][34.982s] GC(4) Pause Young (Normal) (G1 Evacuation Pause)
[2022-03-22T13:08:26.172+0000][34.990s] GC(4) Using 4 workers of 4 for evacuation
[2022-03-22T13:08:26.304+0000][35.122s] GC(4)   Pre Evacuate Collection Set: 0.1ms
[2022-03-22T13:08:26.305+0000][35.123s] GC(4)   Evacuate Collection Set: 123.9ms
[2022-03-22T13:08:26.305+0000][35.123s] GC(4)   Post Evacuate Collection Set: 0.5ms
[2022-03-22T13:08:26.305+0000][35.123s] GC(4)   Other: 16.1ms
[2022-03-22T13:08:26.305+0000][35.124s] GC(4) Eden regions: 21->0(27)
[2022-03-22T13:08:26.306+0000][35.124s] GC(4) Survivor regions: 4->1(4)
[2022-03-22T13:08:26.306+0000][35.124s] GC(4) Old regions: 19->22
[2022-03-22T13:08:26.306+0000][35.124s] GC(4) Humongous regions: 4->4
[2022-03-22T13:08:26.306+0000][35.125s] GC(4) Metaspace: 19679K->19679K(1067008K)
[2022-03-22T13:08:26.307+0000][35.125s] GC(4) Pause Young (Normal) (G1 Evacuation Pause) 45M->24M(512M) 143.157ms
[2022-03-22T13:08:26.307+0000][35.125s] GC(4) User=0.10s Sys=0.01s Real=0.14s
[2022-03-22T13:08:26.813+0000][35.631s] GC(5) Pause Young (Concurrent Start) (Metadata GC Threshold)
[2022-03-22T13:08:26.814+0000][35.632s] GC(5) Using 4 workers of 4 for evacuation
[2022-03-22T13:08:26.875+0000][35.694s] GC(5)   Pre Evacuate Collection Set: 0.3ms
[2022-03-22T13:08:26.877+0000][35.695s] GC(5)   Evacuate Collection Set: 47.7ms
[2022-03-22T13:08:26.877+0000][35.695s] GC(5)   Post Evacuate Collection Set: 13.0ms
[2022-03-22T13:08:26.877+0000][35.696s] GC(5)   Other: 1.5ms
[2022-03-22T13:08:26.878+0000][35.696s] GC(5) Eden regions: 6->0(34)
[2022-03-22T13:08:26.878+0000][35.696s] GC(5) Survivor regions: 1->1(4)
[2022-03-22T13:08:26.878+0000][35.696s] GC(5) Old regions: 22->22
[2022-03-22T13:08:26.878+0000][35.697s] GC(5) Humongous regions: 4->4
[2022-03-22T13:08:26.879+0000][35.697s] GC(5) Metaspace: 20502K->20502K(1067008K)
[2022-03-22T13:08:26.879+0000][35.697s] GC(5) Pause Young (Concurrent Start) (Metadata GC Threshold) 30M->24M(512M) 65.782ms
[2022-03-22T13:08:26.879+0000][35.697s] GC(5) User=0.02s Sys=0.00s Real=0.06s
[2022-03-22T13:08:26.880+0000][35.698s] GC(6) Concurrent Cycle
[2022-03-22T13:08:26.880+0000][35.698s] GC(6) Concurrent Clear Claimed Marks
[2022-03-22T13:08:26.880+0000][35.699s] GC(6) Concurrent Clear Claimed Marks 0.314ms
[2022-03-22T13:08:26.881+0000][35.699s] GC(6) Concurrent Scan Root Regions
[2022-03-22T13:08:26.884+0000][35.702s] GC(6) Concurrent Scan Root Regions 3.458ms
[2022-03-22T13:08:26.891+0000][35.709s] GC(6) Concurrent Mark (35.709s)
[2022-03-22T13:08:26.899+0000][35.717s] GC(6) Concurrent Mark From Roots
[2022-03-22T13:08:26.907+0000][35.725s] GC(6) Using 1 workers of 1 for marking
[2022-03-22T13:08:27.273+0000][36.092s] GC(6) Concurrent Mark From Roots 374.843ms
[2022-03-22T13:08:27.275+0000][36.093s] GC(6) Concurrent Preclean
[2022-03-22T13:08:27.275+0000][36.094s] GC(6) Concurrent Preclean 0.552ms
[2022-03-22T13:08:27.276+0000][36.094s] GC(6) Concurrent Mark (35.709s, 36.094s) 384.784ms
[2022-03-22T13:08:27.292+0000][36.111s] GC(6) Pause Remark
[2022-03-22T13:08:27.420+0000][36.239s] GC(6) Cleaned string and symbol table, strings: 9391 processed, 26 removed, symbols: 62596 processed, 40 removed
[2022-03-22T13:08:27.421+0000][36.239s] GC(6) Pause Remark 28M->28M(512M) 128.641ms
[2022-03-22T13:08:27.423+0000][36.241s] GC(6) User=0.09s Sys=0.01s Real=0.14s
[2022-03-22T13:08:27.423+0000][36.241s] GC(6) Concurrent Rebuild Remembered Sets
[2022-03-22T13:08:27.664+0000][36.482s] GC(6) Concurrent Rebuild Remembered Sets 240.756ms
[2022-03-22T13:08:27.681+0000][36.499s] GC(6) Pause Cleanup
[2022-03-22T13:08:27.696+0000][36.514s] GC(6) Pause Cleanup 30M->30M(512M) 14.924ms
[2022-03-22T13:08:27.707+0000][36.525s] GC(6) User=0.00s Sys=0.00s Real=0.03s
[2022-03-22T13:08:27.711+0000][36.529s] GC(6) Concurrent Cleanup for Next Mark
[2022-03-22T13:08:27.734+0000][36.552s] GC(6) Concurrent Cleanup for Next Mark 22.825ms
[2022-03-22T13:08:27.739+0000][36.557s] GC(6) Concurrent Cycle 859.241ms
[2022-03-22T13:08:37.434+0000][46.252s] GC(7) Pause Young (Concurrent Start) (G1 Evacuation Pause)
[2022-03-22T13:08:37.460+0000][46.278s] GC(7) Using 4 workers of 4 for evacuation
[2022-03-22T13:08:37.573+0000][46.392s] GC(7)   Pre Evacuate Collection Set: 0.1ms
[2022-03-22T13:08:37.574+0000][46.392s] GC(7)   Evacuate Collection Set: 100.8ms
[2022-03-22T13:08:37.574+0000][46.392s] GC(7)   Post Evacuate Collection Set: 10.5ms
[2022-03-22T13:08:37.574+0000][46.392s] GC(7)   Other: 27.8ms
[2022-03-22T13:08:37.574+0000][46.393s] GC(7) Eden regions: 34->0(34)
[2022-03-22T13:08:37.575+0000][46.393s] GC(7) Survivor regions: 1->1(5)
[2022-03-22T13:08:37.575+0000][46.393s] GC(7) Old regions: 22->22
[2022-03-22T13:08:37.575+0000][46.393s] GC(7) Humongous regions: 4->4
[2022-03-22T13:08:37.575+0000][46.393s] GC(7) Metaspace: 23581K->23581K(1071104K)
[2022-03-22T13:08:37.576+0000][46.394s] GC(7) Pause Young (Concurrent Start) (G1 Evacuation Pause) 58M->24M(512M) 141.429ms
[2022-03-22T13:08:37.576+0000][46.394s] GC(7) User=0.11s Sys=0.00s Real=0.14s
[2022-03-22T13:08:37.576+0000][46.394s] GC(8) Concurrent Cycle
[2022-03-22T13:08:37.576+0000][46.395s] GC(8) Concurrent Clear Claimed Marks
[2022-03-22T13:08:37.577+0000][46.395s] GC(8) Concurrent Clear Claimed Marks 0.237ms
[2022-03-22T13:08:37.577+0000][46.395s] GC(8) Concurrent Scan Root Regions
[2022-03-22T13:08:37.579+0000][46.397s] GC(8) Concurrent Scan Root Regions 1.755ms
[2022-03-22T13:08:37.579+0000][46.397s] GC(8) Concurrent Mark (46.397s)
[2022-03-22T13:08:37.579+0000][46.397s] GC(8) Concurrent Mark From Roots
[2022-03-22T13:08:37.579+0000][46.397s] GC(8) Using 1 workers of 1 for marking
[2022-03-22T13:08:37.935+0000][46.753s] GC(8) Concurrent Mark From Roots 355.643ms
[2022-03-22T13:08:37.953+0000][46.771s] GC(8) Concurrent Preclean
[2022-03-22T13:08:37.953+0000][46.772s] GC(8) Concurrent Preclean 0.548ms
[2022-03-22T13:08:37.954+0000][46.772s] GC(8) Concurrent Mark (46.397s, 46.772s) 374.842ms
[2022-03-22T13:08:37.963+0000][46.781s] GC(8) Pause Remark
[2022-03-22T13:08:38.002+0000][46.820s] GC(8) Cleaned string and symbol table, strings: 9967 processed, 0 removed, symbols: 68617 processed, 7 removed
[2022-03-22T13:08:38.003+0000][46.821s] GC(8) Pause Remark 27M->27M(512M) 39.375ms
[2022-03-22T13:08:38.003+0000][46.821s] GC(8) User=0.01s Sys=0.01s Real=0.03s
[2022-03-22T13:08:38.005+0000][46.823s] GC(8) Concurrent Rebuild Remembered Sets
[2022-03-22T13:08:38.292+0000][47.111s] GC(8) Concurrent Rebuild Remembered Sets 287.297ms
[2022-03-22T13:08:38.297+0000][47.115s] GC(8) Pause Cleanup
[2022-03-22T13:08:38.297+0000][47.115s] GC(8) Pause Cleanup 27M->27M(512M) 0.584ms
[2022-03-22T13:08:38.298+0000][47.116s] GC(8) User=0.00s Sys=0.00s Real=0.00s
[2022-03-22T13:08:38.298+0000][47.116s] GC(8) Concurrent Cleanup for Next Mark
[2022-03-22T13:08:38.333+0000][47.151s] GC(8) Concurrent Cleanup for Next Mark 35.430ms
[2022-03-22T13:08:38.334+0000][47.152s] GC(8) Concurrent Cycle 757.486ms
[2022-03-22T13:08:43.150+0000][51.968s] GC(9) Pause Young (Normal) (G1 Evacuation Pause)
[2022-03-22T13:08:43.150+0000][51.969s] GC(9) Using 4 workers of 4 for evacuation
[2022-03-22T13:08:43.224+0000][52.042s] GC(9)   Pre Evacuate Collection Set: 0.0ms
[2022-03-22T13:08:43.225+0000][52.044s] GC(9)   Evacuate Collection Set: 50.6ms
[2022-03-22T13:08:43.229+0000][52.047s] GC(9)   Post Evacuate Collection Set: 21.9ms
[2022-03-22T13:08:43.230+0000][52.048s] GC(9)   Other: 0.9ms
[2022-03-22T13:08:43.230+0000][52.048s] GC(9) Eden regions: 34->0(37)
[2022-03-22T13:08:43.233+0000][52.052s] GC(9) Survivor regions: 1->3(5)
[2022-03-22T13:08:43.239+0000][52.057s] GC(9) Old regions: 22->22
[2022-03-22T13:08:43.244+0000][52.062s] GC(9) Humongous regions: 4->4
[2022-03-22T13:08:43.251+0000][52.069s] GC(9) Metaspace: 27793K->27793K(1075200K)
[2022-03-22T13:08:43.266+0000][52.084s] GC(9) Pause Young (Normal) (G1 Evacuation Pause) 58M->26M(512M) 115.593ms
[2022-03-22T13:08:43.266+0000][52.085s] GC(9) User=0.05s Sys=0.01s Real=0.12s
[2022-03-22T13:08:50.067+0000][58.886s] GC(10) Pause Young (Normal) (G1 Evacuation Pause)
[2022-03-22T13:08:50.077+0000][58.895s] GC(10) Using 4 workers of 4 for evacuation
[2022-03-22T13:08:50.147+0000][58.965s] GC(10)   Pre Evacuate Collection Set: 0.0ms
[2022-03-22T13:08:50.147+0000][58.965s] GC(10)   Evacuate Collection Set: 57.9ms
[2022-03-22T13:08:50.148+0000][58.966s] GC(10)   Post Evacuate Collection Set: 11.3ms
[2022-03-22T13:08:50.148+0000][58.966s] GC(10)   Other: 10.1ms
[2022-03-22T13:08:50.148+0000][58.967s] GC(10) Eden regions: 37->0(47)
[2022-03-22T13:08:50.149+0000][58.967s] GC(10) Survivor regions: 3->5(5)
[2022-03-22T13:08:50.149+0000][58.967s] GC(10) Old regions: 22->22
[2022-03-22T13:08:50.149+0000][58.967s] GC(10) Humongous regions: 4->4
[2022-03-22T13:08:50.150+0000][58.968s] GC(10) Metaspace: 31938K->31938K(1079296K)
[2022-03-22T13:08:50.150+0000][58.968s] GC(10) Pause Young (Normal) (G1 Evacuation Pause) 63M->28M(512M) 82.546ms
[2022-03-22T13:08:50.150+0000][58.968s] GC(10) User=0.06s Sys=0.04s Real=0.08s
[2022-03-22T13:08:57.501+0000][66.319s] GC(11) Pause Young (Normal) (G1 Evacuation Pause)
[2022-03-22T13:08:57.533+0000][66.351s] GC(11) Using 4 workers of 4 for evacuation
[2022-03-22T13:08:58.033+0000][66.851s] GC(11) MMU target violated: 251.0ms (250.0ms/251.0ms)
[2022-03-22T13:08:58.049+0000][66.867s] GC(11)   Pre Evacuate Collection Set: 0.0ms
[2022-03-22T13:08:58.065+0000][66.883s] GC(11)   Evacuate Collection Set: 388.3ms
[2022-03-22T13:08:58.081+0000][66.899s] GC(11)   Post Evacuate Collection Set: 64.1ms
[2022-03-22T13:08:58.097+0000][66.915s] GC(11)   Other: 95.8ms
[2022-03-22T13:08:58.122+0000][66.940s] GC(11) Eden regions: 47->0(45)
[2022-03-22T13:08:58.130+0000][66.948s] GC(11) Survivor regions: 5->7(7)
[2022-03-22T13:08:58.149+0000][66.967s] GC(11) Old regions: 22->23
[2022-03-22T13:08:58.163+0000][66.981s] GC(11) Humongous regions: 4->4
[2022-03-22T13:08:58.192+0000][67.010s] GC(11) Metaspace: 35416K->35416K(1081344K)
[2022-03-22T13:08:58.194+0000][67.012s] GC(11) Pause Young (Normal) (G1 Evacuation Pause) 75M->31M(512M) 693.069ms
[2022-03-22T13:08:58.214+0000][67.032s] GC(11) User=0.48s Sys=0.13s Real=0.72s
[2022-03-22T13:32:56.632+0000][1505.450s] GC(12) Pause Young (Normal) (G1 Evacuation Pause)
[2022-03-22T13:32:56.633+0000][1505.451s] GC(12) Using 4 workers of 4 for evacuation
[2022-03-22T13:32:56.765+0000][1505.583s] GC(12)   Pre Evacuate Collection Set: 9.6ms
[2022-03-22T13:32:56.765+0000][1505.583s] GC(12)   Evacuate Collection Set: 111.0ms
[2022-03-22T13:32:56.765+0000][1505.583s] GC(12)   Post Evacuate Collection Set: 9.6ms
[2022-03-22T13:32:56.766+0000][1505.584s] GC(12)   Other: 2.9ms
[2022-03-22T13:32:56.766+0000][1505.585s] GC(12) Eden regions: 45->0(48)
[2022-03-22T13:32:56.767+0000][1505.585s] GC(12) Survivor regions: 7->5(7)
[2022-03-22T13:32:56.767+0000][1505.585s] GC(12) Old regions: 23->26
[2022-03-22T13:32:56.767+0000][1505.585s] GC(12) Humongous regions: 4->4
[2022-03-22T13:32:56.767+0000][1505.586s] GC(12) Metaspace: 39324K->39324K(1085440K)
[2022-03-22T13:32:56.768+0000][1505.586s] GC(12) Pause Young (Normal) (G1 Evacuation Pause) 76M->33M(512M) 135.938ms
[2022-03-22T13:32:56.768+0000][1505.586s] GC(12) User=0.47s Sys=0.00s Real=0.13s
[2022-03-22T14:12:58.287+0000][3907.106s] GC(13) Pause Young (Concurrent Start) (Metadata GC Threshold)
[2022-03-22T14:12:58.288+0000][3907.107s] GC(13) Using 4 workers of 4 for evacuation
[2022-03-22T14:12:58.385+0000][3907.203s] GC(13)   Pre Evacuate Collection Set: 5.1ms
[2022-03-22T14:12:58.385+0000][3907.203s] GC(13)   Evacuate Collection Set: 66.9ms
[2022-03-22T14:12:58.385+0000][3907.204s] GC(13)   Post Evacuate Collection Set: 7.1ms
[2022-03-22T14:12:58.386+0000][3907.204s] GC(13)   Other: 18.3ms
[2022-03-22T14:12:58.386+0000][3907.204s] GC(13) Eden regions: 38->0(53)
[2022-03-22T14:12:58.386+0000][3907.204s] GC(13) Survivor regions: 5->3(7)
[2022-03-22T14:12:58.386+0000][3907.204s] GC(13) Old regions: 26->29
[2022-03-22T14:12:58.386+0000][3907.205s] GC(13) Humongous regions: 4->4
[2022-03-22T14:12:58.387+0000][3907.205s] GC(13) Metaspace: 39553K->39553K(1085440K)
[2022-03-22T14:12:58.387+0000][3907.205s] GC(13) Pause Young (Concurrent Start) (Metadata GC Threshold) 71M->33M(512M) 99.577ms
[2022-03-22T14:12:58.387+0000][3907.205s] GC(13) User=0.28s Sys=0.00s Real=0.10s
[2022-03-22T14:12:58.388+0000][3907.206s] GC(14) Concurrent Cycle
[2022-03-22T14:12:58.388+0000][3907.207s] GC(14) Concurrent Clear Claimed Marks
[2022-03-22T14:12:58.389+0000][3907.207s] GC(14) Concurrent Clear Claimed Marks 0.385ms
[2022-03-22T14:12:58.389+0000][3907.207s] GC(14) Concurrent Scan Root Regions
[2022-03-22T14:12:58.401+0000][3907.220s] GC(14) Concurrent Scan Root Regions 12.341ms
[2022-03-22T14:12:58.402+0000][3907.220s] GC(14) Concurrent Mark (3907.220s)
[2022-03-22T14:12:58.402+0000][3907.220s] GC(14) Concurrent Mark From Roots
[2022-03-22T14:12:58.403+0000][3907.221s] GC(14) Using 1 workers of 1 for marking
[2022-03-22T14:12:58.612+0000][3907.431s] GC(14) Concurrent Mark From Roots 210.325ms
[2022-03-22T14:12:58.613+0000][3907.431s] GC(14) Concurrent Preclean
[2022-03-22T14:12:58.614+0000][3907.432s] GC(14) Concurrent Preclean 0.727ms
[2022-03-22T14:12:58.614+0000][3907.432s] GC(14) Concurrent Mark (3907.220s, 3907.432s) 212.175ms
[2022-03-22T14:12:58.615+0000][3907.433s] GC(14) Pause Remark
[2022-03-22T14:12:58.841+0000][3907.659s] GC(14) Cleaned string and symbol table, strings: 17367 processed, 1118 removed, symbols: 108153 processed, 159 removed
[2022-03-22T14:12:58.845+0000][3907.663s] GC(14) Pause Remark 34M->34M(512M) 230.446ms
[2022-03-22T14:12:58.845+0000][3907.664s] GC(14) User=0.77s Sys=0.00s Real=0.23s
[2022-03-22T14:12:58.846+0000][3907.664s] GC(14) Concurrent Rebuild Remembered Sets
[2022-03-22T14:12:58.877+0000][3907.695s] GC(14) Concurrent Rebuild Remembered Sets 31.556ms
[2022-03-22T14:12:58.878+0000][3907.696s] GC(14) Pause Cleanup
[2022-03-22T14:12:58.878+0000][3907.697s] GC(14) Pause Cleanup 34M->34M(512M) 0.592ms
[2022-03-22T14:12:58.879+0000][3907.697s] GC(14) User=0.00s Sys=0.00s Real=0.00s
[2022-03-22T14:12:58.879+0000][3907.697s] GC(14) Concurrent Cleanup for Next Mark
[2022-03-22T14:12:58.926+0000][3907.744s] GC(14) Concurrent Cleanup for Next Mark 46.746ms
[2022-03-22T14:12:58.926+0000][3907.744s] GC(14) Concurrent Cycle 538.334ms
[2022-03-23T04:16:00.611+0000][5477.019s] Heap
[2022-03-23T04:16:00.612+0000][5477.020s]  garbage-first heap   total 524288K, used 65494K [0x00000000e0000000, 0x0000000100000000)
[2022-03-23T04:16:00.612+0000][5477.020s]   region size 1024K, 34 young (34816K), 3 survivors (3072K)
[2022-03-23T04:16:00.618+0000][5477.026s]  Metaspace       used 39899K, capacity 40857K, committed 41380K, reserved 1085440K
[2022-03-23T04:16:00.619+0000][5477.026s]   class space    used 4572K, capacity 4964K, committed 5120K, reserved 1048576K
