[2022-03-23T09:45:51.189+0000][0.842s] Heap region size: 1M
[2022-03-23T09:45:57.189+0000][6.842s] Using G1
[2022-03-23T09:45:57.201+0000][6.854s] Heap address: 0x00000000e0000000, size: 512 MB, Compressed Oops mode: 32-bit
[2022-03-23T09:45:57.214+0000][6.867s] Mark closed archive regions in map: [0x00000000fff00000, 0x00000000fff63ff8]
[2022-03-23T09:45:57.221+0000][6.874s] Mark open archive regions in map: [0x00000000ffe00000, 0x00000000ffe41ff8]
[2022-03-23T09:46:09.033+0000][18.686s] GC(0) Pause Young (Normal) (G1 Evacuation Pause)
[2022-03-23T09:46:09.077+0000][18.730s] GC(0) Using 4 workers of 4 for evacuation
[2022-03-23T09:46:09.391+0000][19.043s] GC(0) MMU target violated: 251.0ms (250.0ms/251.0ms)
[2022-03-23T09:46:09.404+0000][19.057s] GC(0)   Pre Evacuate Collection Set: 0.0ms
[2022-03-23T09:46:09.420+0000][19.072s] GC(0)   Evacuate Collection Set: 297.9ms
[2022-03-23T09:46:09.436+0000][19.088s] GC(0)   Post Evacuate Collection Set: 2.4ms
[2022-03-23T09:46:09.452+0000][19.104s] GC(0)   Other: 70.4ms
[2022-03-23T09:46:09.468+0000][19.120s] GC(0) Eden regions: 25->0(22)
[2022-03-23T09:46:09.472+0000][19.124s] GC(0) Survivor regions: 0->3(4)
[2022-03-23T09:46:09.472+0000][19.125s] GC(0) Old regions: 2->2
[2022-03-23T09:46:09.472+0000][19.125s] GC(0) Humongous regions: 0->0
[2022-03-23T09:46:09.472+0000][19.125s] GC(0) Metaspace: 6878K->6878K(1056768K)
[2022-03-23T09:46:09.473+0000][19.125s] GC(0) Pause Young (Normal) (G1 Evacuation Pause) 25M->3M(512M) 439.490ms
[2022-03-23T09:46:09.473+0000][19.126s] GC(0) User=0.15s Sys=0.13s Real=0.44s
[2022-03-23T09:46:18.820+0000][28.473s] GC(1) Pause Young (Normal) (G1 Evacuation Pause)
[2022-03-23T09:46:18.852+0000][28.505s] GC(1) Using 4 workers of 4 for evacuation
[2022-03-23T09:46:19.542+0000][29.195s] GC(1) MMU target violated: 251.0ms (250.0ms/251.0ms)
[2022-03-23T09:46:19.567+0000][29.220s] GC(1)   Pre Evacuate Collection Set: 0.1ms
[2022-03-23T09:46:19.583+0000][29.236s] GC(1)   Evacuate Collection Set: 564.3ms
[2022-03-23T09:46:19.599+0000][29.252s] GC(1)   Post Evacuate Collection Set: 81.7ms
[2022-03-23T09:46:19.615+0000][29.268s] GC(1)   Other: 100.7ms
[2022-03-23T09:46:19.647+0000][29.300s] GC(1) Eden regions: 22->0(21)
[2022-03-23T09:46:19.663+0000][29.316s] GC(1) Survivor regions: 3->4(4)
[2022-03-23T09:46:19.664+0000][29.317s] GC(1) Old regions: 2->10
[2022-03-23T09:46:19.665+0000][29.317s] GC(1) Humongous regions: 4->4
[2022-03-23T09:46:19.665+0000][29.318s] GC(1) Metaspace: 12936K->12936K(1060864K)
[2022-03-23T09:46:19.665+0000][29.318s] GC(1) Pause Young (Normal) (G1 Evacuation Pause) 29M->15M(512M) 844.922ms
[2022-03-23T09:46:19.666+0000][29.318s] GC(1) User=0.52s Sys=0.09s Real=0.85s
[2022-03-23T09:46:25.516+0000][35.169s] GC(2) Pause Young (Normal) (G1 Evacuation Pause)
[2022-03-23T09:46:25.522+0000][35.175s] GC(2) Using 4 workers of 4 for evacuation
[2022-03-23T09:46:25.713+0000][35.366s] GC(2)   Pre Evacuate Collection Set: 0.0ms
[2022-03-23T09:46:25.715+0000][35.368s] GC(2)   Evacuate Collection Set: 160.5ms
[2022-03-23T09:46:25.719+0000][35.372s] GC(2)   Post Evacuate Collection Set: 9.6ms
[2022-03-23T09:46:25.722+0000][35.374s] GC(2)   Other: 26.6ms
[2022-03-23T09:46:25.732+0000][35.384s] GC(2) Eden regions: 21->0(21)
[2022-03-23T09:46:25.739+0000][35.392s] GC(2) Survivor regions: 4->4(4)
[2022-03-23T09:46:25.742+0000][35.394s] GC(2) Old regions: 10->15
[2022-03-23T09:46:25.751+0000][35.403s] GC(2) Humongous regions: 4->4
[2022-03-23T09:46:25.754+0000][35.406s] GC(2) Metaspace: 15718K->15718K(1062912K)
[2022-03-23T09:46:25.771+0000][35.423s] GC(2) Pause Young (Normal) (G1 Evacuation Pause) 36M->21M(512M) 254.295ms
[2022-03-23T09:46:25.789+0000][35.442s] GC(2) User=0.12s Sys=0.00s Real=0.26s
[2022-03-23T09:46:29.049+0000][38.701s] GC(3) Pause Young (Normal) (G1 Evacuation Pause)
[2022-03-23T09:46:29.062+0000][38.715s] GC(3) Using 4 workers of 4 for evacuation
[2022-03-23T09:46:29.165+0000][38.817s] GC(3)   Pre Evacuate Collection Set: 0.0ms
[2022-03-23T09:46:29.168+0000][38.820s] GC(3)   Evacuate Collection Set: 82.9ms
[2022-03-23T09:46:29.169+0000][38.821s] GC(3)   Post Evacuate Collection Set: 16.2ms
[2022-03-23T09:46:29.169+0000][38.822s] GC(3)   Other: 17.1ms
[2022-03-23T09:46:29.170+0000][38.822s] GC(3) Eden regions: 21->0(21)
[2022-03-23T09:46:29.170+0000][38.822s] GC(3) Survivor regions: 4->4(4)
[2022-03-23T09:46:29.170+0000][38.823s] GC(3) Old regions: 15->19
[2022-03-23T09:46:29.170+0000][38.823s] GC(3) Humongous regions: 4->4
[2022-03-23T09:46:29.171+0000][38.823s] GC(3) Metaspace: 17490K->17490K(1064960K)
[2022-03-23T09:46:29.171+0000][38.824s] GC(3) Pause Young (Normal) (G1 Evacuation Pause) 42M->24M(512M) 122.338ms
[2022-03-23T09:46:29.171+0000][38.824s] GC(3) User=0.08s Sys=0.00s Real=0.12s
[2022-03-23T09:46:31.773+0000][41.426s] GC(4) Pause Young (Normal) (G1 Evacuation Pause)
[2022-03-23T09:46:31.773+0000][41.426s] GC(4) Using 4 workers of 4 for evacuation
[2022-03-23T09:46:31.866+0000][41.519s] GC(4)   Pre Evacuate Collection Set: 0.0ms
[2022-03-23T09:46:31.869+0000][41.522s] GC(4)   Evacuate Collection Set: 78.5ms
[2022-03-23T09:46:31.869+0000][41.522s] GC(4)   Post Evacuate Collection Set: 0.4ms
[2022-03-23T09:46:31.870+0000][41.522s] GC(4)   Other: 14.5ms
[2022-03-23T09:46:31.870+0000][41.523s] GC(4) Eden regions: 21->0(30)
[2022-03-23T09:46:31.870+0000][41.523s] GC(4) Survivor regions: 4->1(4)
[2022-03-23T09:46:31.871+0000][41.523s] GC(4) Old regions: 19->22
[2022-03-23T09:46:31.871+0000][41.524s] GC(4) Humongous regions: 4->4
[2022-03-23T09:46:31.871+0000][41.524s] GC(4) Metaspace: 19762K->19762K(1067008K)
[2022-03-23T09:46:31.871+0000][41.524s] GC(4) Pause Young (Normal) (G1 Evacuation Pause) 45M->24M(512M) 98.517ms
[2022-03-23T09:46:31.872+0000][41.524s] GC(4) User=0.04s Sys=0.00s Real=0.10s
[2022-03-23T09:46:32.253+0000][41.906s] GC(5) Pause Young (Concurrent Start) (Metadata GC Threshold)
[2022-03-23T09:46:32.254+0000][41.907s] GC(5) Using 4 workers of 4 for evacuation
[2022-03-23T09:46:32.307+0000][41.959s] GC(5)   Pre Evacuate Collection Set: 0.4ms
[2022-03-23T09:46:32.322+0000][41.975s] GC(5)   Evacuate Collection Set: 49.5ms
[2022-03-23T09:46:32.326+0000][41.979s] GC(5)   Post Evacuate Collection Set: 0.4ms
[2022-03-23T09:46:32.327+0000][41.979s] GC(5)   Other: 2.8ms
[2022-03-23T09:46:32.327+0000][41.980s] GC(5) Eden regions: 6->0(37)
[2022-03-23T09:46:32.327+0000][41.980s] GC(5) Survivor regions: 1->1(4)
[2022-03-23T09:46:32.327+0000][41.980s] GC(5) Old regions: 22->22
[2022-03-23T09:46:32.328+0000][41.980s] GC(5) Humongous regions: 4->4
[2022-03-23T09:46:32.328+0000][41.981s] GC(5) Metaspace: 20454K->20454K(1067008K)
[2022-03-23T09:46:32.328+0000][41.981s] GC(5) Pause Young (Concurrent Start) (Metadata GC Threshold) 30M->24M(512M) 74.833ms
[2022-03-23T09:46:32.329+0000][41.981s] GC(5) User=0.06s Sys=0.00s Real=0.07s
[2022-03-23T09:46:32.329+0000][41.982s] GC(6) Concurrent Cycle
[2022-03-23T09:46:32.332+0000][41.984s] GC(6) Concurrent Clear Claimed Marks
[2022-03-23T09:46:32.332+0000][41.985s] GC(6) Concurrent Clear Claimed Marks 0.461ms
[2022-03-23T09:46:32.335+0000][41.987s] GC(6) Concurrent Scan Root Regions
[2022-03-23T09:46:32.373+0000][42.026s] GC(6) Concurrent Scan Root Regions 38.638ms
[2022-03-23T09:46:32.374+0000][42.026s] GC(6) Concurrent Mark (42.026s)
[2022-03-23T09:46:32.381+0000][42.034s] GC(6) Concurrent Mark From Roots
[2022-03-23T09:46:32.384+0000][42.036s] GC(6) Using 1 workers of 1 for marking
[2022-03-23T09:46:32.622+0000][42.275s] GC(6) Concurrent Mark From Roots 227.724ms
[2022-03-23T09:46:32.622+0000][42.275s] GC(6) Concurrent Preclean
[2022-03-23T09:46:32.623+0000][42.276s] GC(6) Concurrent Preclean 1.022ms
[2022-03-23T09:46:32.626+0000][42.278s] GC(6) Concurrent Mark (42.026s, 42.278s) 252.072ms
[2022-03-23T09:46:32.634+0000][42.286s] GC(6) Pause Remark
[2022-03-23T09:46:32.676+0000][42.329s] GC(6) Cleaned string and symbol table, strings: 9371 processed, 26 removed, symbols: 61922 processed, 30 removed
[2022-03-23T09:46:32.677+0000][42.329s] GC(6) Pause Remark 27M->27M(512M) 43.055ms
[2022-03-23T09:46:32.683+0000][42.335s] GC(6) User=0.02s Sys=0.00s Real=0.04s
[2022-03-23T09:46:32.688+0000][42.341s] GC(6) Concurrent Rebuild Remembered Sets
[2022-03-23T09:46:32.846+0000][42.499s] GC(6) Concurrent Rebuild Remembered Sets 158.233ms
[2022-03-23T09:46:32.862+0000][42.515s] GC(6) Pause Cleanup
[2022-03-23T09:46:32.867+0000][42.519s] GC(6) Pause Cleanup 30M->30M(512M) 4.859ms
[2022-03-23T09:46:32.867+0000][42.520s] GC(6) User=0.00s Sys=0.00s Real=0.01s
[2022-03-23T09:46:32.867+0000][42.520s] GC(6) Concurrent Cleanup for Next Mark
[2022-03-23T09:46:32.877+0000][42.529s] GC(6) Concurrent Cleanup for Next Mark 9.342ms
[2022-03-23T09:46:32.877+0000][42.530s] GC(6) Concurrent Cycle 548.244ms
[2022-03-23T09:46:39.331+0000][48.984s] GC(7) Pause Young (Concurrent Start) (G1 Evacuation Pause)
[2022-03-23T09:46:39.349+0000][49.002s] GC(7) Using 4 workers of 4 for evacuation
[2022-03-23T09:46:39.481+0000][49.133s] GC(7)   Pre Evacuate Collection Set: 0.1ms
[2022-03-23T09:46:39.487+0000][49.139s] GC(7)   Evacuate Collection Set: 98.7ms
[2022-03-23T09:46:39.487+0000][49.140s] GC(7)   Post Evacuate Collection Set: 16.3ms
[2022-03-23T09:46:39.490+0000][49.142s] GC(7)   Other: 34.3ms
[2022-03-23T09:46:39.496+0000][49.148s] GC(7) Eden regions: 37->0(37)
[2022-03-23T09:46:39.501+0000][49.154s] GC(7) Survivor regions: 1->1(5)
[2022-03-23T09:46:39.502+0000][49.155s] GC(7) Old regions: 22->22
[2022-03-23T09:46:39.502+0000][49.155s] GC(7) Humongous regions: 4->4
[2022-03-23T09:46:39.502+0000][49.155s] GC(7) Metaspace: 23664K->23664K(1071104K)
[2022-03-23T09:46:39.503+0000][49.155s] GC(7) Pause Young (Concurrent Start) (G1 Evacuation Pause) 61M->25M(512M) 171.490ms
[2022-03-23T09:46:39.503+0000][49.156s] GC(7) User=0.11s Sys=0.06s Real=0.18s
[2022-03-23T09:46:39.503+0000][49.156s] GC(8) Concurrent Cycle
[2022-03-23T09:46:39.504+0000][49.156s] GC(8) Concurrent Clear Claimed Marks
[2022-03-23T09:46:39.504+0000][49.157s] GC(8) Concurrent Clear Claimed Marks 0.253ms
[2022-03-23T09:46:39.504+0000][49.157s] GC(8) Concurrent Scan Root Regions
[2022-03-23T09:46:39.512+0000][49.164s] GC(8) Concurrent Scan Root Regions 7.569ms
[2022-03-23T09:46:39.521+0000][49.174s] GC(8) Concurrent Mark (49.174s)
[2022-03-23T09:46:39.545+0000][49.198s] GC(8) Concurrent Mark From Roots
[2022-03-23T09:46:39.580+0000][49.233s] GC(8) Using 1 workers of 1 for marking
[2022-03-23T09:46:39.985+0000][49.638s] GC(8) Concurrent Mark From Roots 439.910ms
[2022-03-23T09:46:39.987+0000][49.640s] GC(8) Concurrent Preclean
[2022-03-23T09:46:40.001+0000][49.654s] GC(8) Concurrent Preclean 14.348ms
[2022-03-23T09:46:40.025+0000][49.677s] GC(8) Concurrent Mark (49.174s, 49.677s) 503.177ms
[2022-03-23T09:46:40.051+0000][49.704s] GC(8) Pause Remark
[2022-03-23T09:46:40.189+0000][49.841s] GC(8) Cleaned string and symbol table, strings: 9979 processed, 0 removed, symbols: 69050 processed, 9 removed
[2022-03-23T09:46:40.220+0000][49.873s] GC(8) Pause Remark 28M->28M(512M) 169.494ms
[2022-03-23T09:46:40.236+0000][49.889s] GC(8) User=0.08s Sys=0.03s Real=0.19s
[2022-03-23T09:46:40.253+0000][49.905s] GC(8) Concurrent Rebuild Remembered Sets
[2022-03-23T09:46:40.482+0000][50.134s] GC(8) Concurrent Rebuild Remembered Sets 229.127ms
[2022-03-23T09:46:40.500+0000][50.152s] GC(8) Pause Cleanup
[2022-03-23T09:46:40.516+0000][50.169s] GC(8) Pause Cleanup 28M->28M(512M) 16.065ms
[2022-03-23T09:46:40.530+0000][50.182s] GC(8) User=0.00s Sys=0.00s Real=0.04s
[2022-03-23T09:46:40.546+0000][50.198s] GC(8) Concurrent Cleanup for Next Mark
[2022-03-23T09:46:40.565+0000][50.218s] GC(8) Concurrent Cleanup for Next Mark 19.564ms
[2022-03-23T09:46:40.578+0000][50.231s] GC(8) Concurrent Cycle 1074.501ms
[2022-03-23T09:46:47.175+0000][56.828s] GC(9) Pause Young (Normal) (G1 Evacuation Pause)
[2022-03-23T09:46:47.175+0000][56.828s] GC(9) Using 4 workers of 4 for evacuation
[2022-03-23T09:46:47.245+0000][56.898s] GC(9)   Pre Evacuate Collection Set: 0.1ms
[2022-03-23T09:46:47.246+0000][56.899s] GC(9)   Evacuate Collection Set: 56.5ms
[2022-03-23T09:46:47.246+0000][56.899s] GC(9)   Post Evacuate Collection Set: 13.0ms
[2022-03-23T09:46:47.247+0000][56.899s] GC(9)   Other: 1.6ms
[2022-03-23T09:46:47.247+0000][56.900s] GC(9) Eden regions: 37->0(41)
[2022-03-23T09:46:47.253+0000][56.906s] GC(9) Survivor regions: 1->4(5)
[2022-03-23T09:46:47.257+0000][56.909s] GC(9) Old regions: 22->22
[2022-03-23T09:46:47.260+0000][56.913s] GC(9) Humongous regions: 4->4
[2022-03-23T09:46:47.260+0000][56.913s] GC(9) Metaspace: 29247K->29247K(1075200K)
[2022-03-23T09:46:47.261+0000][56.913s] GC(9) Pause Young (Normal) (G1 Evacuation Pause) 62M->27M(512M) 85.776ms
[2022-03-23T09:46:47.274+0000][56.927s] GC(9) User=0.06s Sys=0.02s Real=0.10s
[2022-03-23T09:47:03.682+0000][73.335s] GC(10) Pause Young (Normal) (G1 Evacuation Pause)
[2022-03-23T09:47:03.683+0000][73.336s] GC(10) Using 4 workers of 4 for evacuation
[2022-03-23T09:47:03.762+0000][73.414s] GC(10)   Pre Evacuate Collection Set: 0.0ms
[2022-03-23T09:47:03.762+0000][73.415s] GC(10)   Evacuate Collection Set: 77.4ms
[2022-03-23T09:47:03.762+0000][73.415s] GC(10)   Post Evacuate Collection Set: 0.6ms
[2022-03-23T09:47:03.763+0000][73.416s] GC(10)   Other: 1.1ms
[2022-03-23T09:47:03.763+0000][73.416s] GC(10) Eden regions: 41->0(45)
[2022-03-23T09:47:03.764+0000][73.416s] GC(10) Survivor regions: 4->6(6)
[2022-03-23T09:47:03.764+0000][73.416s] GC(10) Old regions: 22->23
[2022-03-23T09:47:03.764+0000][73.417s] GC(10) Humongous regions: 4->4
[2022-03-23T09:47:03.765+0000][73.417s] GC(10) Metaspace: 32740K->32740K(1079296K)
[2022-03-23T09:47:03.769+0000][73.421s] GC(10) Pause Young (Normal) (G1 Evacuation Pause) 68M->30M(512M) 86.343ms
[2022-03-23T09:47:03.769+0000][73.422s] GC(10) User=0.06s Sys=0.00s Real=0.08s
[2022-03-23T10:21:03.613+0000][2113.266s] GC(11) Pause Young (Normal) (G1 Evacuation Pause)
[2022-03-23T10:21:03.614+0000][2113.267s] GC(11) Using 4 workers of 4 for evacuation
[2022-03-23T10:21:03.784+0000][2113.436s] GC(11)   Pre Evacuate Collection Set: 11.3ms
[2022-03-23T10:21:03.784+0000][2113.437s] GC(11)   Evacuate Collection Set: 142.7ms
[2022-03-23T10:21:03.784+0000][2113.437s] GC(11)   Post Evacuate Collection Set: 2.7ms
[2022-03-23T10:21:03.784+0000][2113.437s] GC(11)   Other: 13.9ms
[2022-03-23T10:21:03.785+0000][2113.437s] GC(11) Eden regions: 45->0(47)
[2022-03-23T10:21:03.785+0000][2113.437s] GC(11) Survivor regions: 6->5(7)
[2022-03-23T10:21:03.785+0000][2113.438s] GC(11) Old regions: 23->26
[2022-03-23T10:21:03.785+0000][2113.438s] GC(11) Humongous regions: 4->4
[2022-03-23T10:21:03.786+0000][2113.438s] GC(11) Metaspace: 36688K->36688K(1083392K)
[2022-03-23T10:21:03.786+0000][2113.439s] GC(11) Pause Young (Normal) (G1 Evacuation Pause) 75M->32M(512M) 172.737ms
[2022-03-23T10:21:03.786+0000][2113.439s] GC(11) User=0.60s Sys=0.00s Real=0.17s
[2022-03-23T12:45:14.504+0000][10764.157s] GC(12) Pause Young (Normal) (G1 Evacuation Pause)
[2022-03-23T12:45:14.505+0000][10764.158s] GC(12) Using 4 workers of 4 for evacuation
[2022-03-23T12:45:14.637+0000][10764.290s] GC(12)   Pre Evacuate Collection Set: 14.4ms
[2022-03-23T12:45:14.637+0000][10764.290s] GC(12)   Evacuate Collection Set: 106.1ms
[2022-03-23T12:45:14.638+0000][10764.291s] GC(12)   Post Evacuate Collection Set: 10.1ms
[2022-03-23T12:45:14.638+0000][10764.291s] GC(12)   Other: 2.4ms
[2022-03-23T12:45:14.638+0000][10764.291s] GC(12) Eden regions: 47->0(56)
[2022-03-23T12:45:14.639+0000][10764.291s] GC(12) Survivor regions: 5->3(7)
[2022-03-23T12:45:14.639+0000][10764.292s] GC(12) Old regions: 26->28
[2022-03-23T12:45:14.639+0000][10764.292s] GC(12) Humongous regions: 4->4
[2022-03-23T12:45:14.640+0000][10764.292s] GC(12) Metaspace: 37153K->37153K(1083392K)
[2022-03-23T12:45:14.641+0000][10764.293s] GC(12) Pause Young (Normal) (G1 Evacuation Pause) 79M->32M(512M) 136.402ms
[2022-03-23T12:45:14.641+0000][10764.294s] GC(12) User=0.46s Sys=0.00s Real=0.13s
[2022-03-23T13:15:06.923+0000][12556.576s] GC(13) Pause Young (Concurrent Start) (Metadata GC Threshold)
[2022-03-23T13:15:06.924+0000][12556.577s] GC(13) Using 4 workers of 4 for evacuation
[2022-03-23T13:15:07.203+0000][12556.856s] GC(13) MMU target violated: 251.0ms (250.0ms/251.0ms)
[2022-03-23T13:15:07.204+0000][12556.856s] GC(13)   Pre Evacuate Collection Set: 7.9ms
[2022-03-23T13:15:07.204+0000][12556.857s] GC(13)   Evacuate Collection Set: 214.9ms
[2022-03-23T13:15:07.205+0000][12556.858s] GC(13)   Post Evacuate Collection Set: 3.2ms
[2022-03-23T13:15:07.206+0000][12556.858s] GC(13)   Other: 57.0ms
[2022-03-23T13:15:07.206+0000][12556.859s] GC(13) Eden regions: 52->0(86)
[2022-03-23T13:15:07.207+0000][12556.860s] GC(13) Survivor regions: 3->5(8)
[2022-03-23T13:15:07.207+0000][12556.860s] GC(13) Old regions: 28->28
[2022-03-23T13:15:07.208+0000][12556.861s] GC(13) Humongous regions: 4->4
[2022-03-23T13:15:07.208+0000][12556.861s] GC(13) Metaspace: 40366K->40366K(1085440K)
[2022-03-23T13:15:07.210+0000][12556.863s] GC(13) Pause Young (Concurrent Start) (Metadata GC Threshold) 84M->34M(512M) 287.491ms
[2022-03-23T13:15:07.221+0000][12556.874s] GC(13) User=0.34s Sys=0.00s Real=0.29s
[2022-03-23T13:15:07.228+0000][12556.881s] GC(14) Concurrent Cycle
[2022-03-23T13:15:07.232+0000][12556.884s] GC(14) Concurrent Clear Claimed Marks
[2022-03-23T13:15:07.233+0000][12556.886s] GC(14) Concurrent Clear Claimed Marks 1.307ms
[2022-03-23T13:15:07.234+0000][12556.887s] GC(14) Concurrent Scan Root Regions
[2022-03-23T13:15:07.277+0000][12556.929s] GC(14) Concurrent Scan Root Regions 42.686ms
[2022-03-23T13:15:07.281+0000][12556.933s] GC(14) Concurrent Mark (12556.933s)
[2022-03-23T13:15:07.282+0000][12556.935s] GC(14) Concurrent Mark From Roots
[2022-03-23T13:15:07.283+0000][12556.935s] GC(14) Using 1 workers of 1 for marking
[2022-03-23T13:15:08.925+0000][12558.578s] GC(14) Concurrent Mark From Roots 1642.804ms
[2022-03-23T13:15:08.929+0000][12558.582s] GC(14) Concurrent Preclean
[2022-03-23T13:15:08.934+0000][12558.586s] GC(14) Concurrent Preclean 4.179ms
[2022-03-23T13:15:08.978+0000][12558.630s] GC(14) Concurrent Mark (12556.933s, 12558.610s) 1676.779ms
[2022-03-23T13:15:09.002+0000][12558.654s] GC(14) Pause Remark
[2022-03-23T13:15:10.147+0000][12559.800s] GC(14) Cleaned string and symbol table, strings: 18477 processed, 1111 removed, symbols: 113326 processed, 127 removed
[2022-03-23T13:15:10.170+0000][12559.823s] GC(14) MMU target violated: 251.0ms (250.0ms/251.0ms)
[2022-03-23T13:15:10.172+0000][12559.825s] GC(14) Pause Remark 45M->45M(512M) 1170.379ms
[2022-03-23T13:15:10.173+0000][12559.826s] GC(14) User=1.49s Sys=0.03s Real=1.18s
[2022-03-23T13:15:10.242+0000][12559.894s] GC(14) Concurrent Rebuild Remembered Sets
[2022-03-23T13:15:10.509+0000][12560.161s] GC(14) Concurrent Rebuild Remembered Sets 266.955ms
[2022-03-23T13:15:10.546+0000][12560.199s] GC(14) Pause Cleanup
[2022-03-23T13:15:10.563+0000][12560.216s] GC(14) Pause Cleanup 47M->47M(512M) 16.822ms
[2022-03-23T13:15:10.580+0000][12560.233s] GC(14) User=0.03s Sys=0.00s Real=0.03s
[2022-03-23T13:15:10.598+0000][12560.251s] GC(14) Concurrent Cleanup for Next Mark
[2022-03-23T13:15:10.933+0000][12560.586s] GC(14) Concurrent Cleanup for Next Mark 335.295ms
[2022-03-23T13:15:10.940+0000][12560.593s] GC(14) Concurrent Cycle 3712.563ms
[2022-03-23T13:15:20.778+0000][12570.431s] GC(15) Pause Young (Concurrent Start) (G1 Evacuation Pause)
[2022-03-23T13:15:20.788+0000][12570.440s] GC(15) Using 4 workers of 4 for evacuation
[2022-03-23T13:15:21.053+0000][12570.706s] GC(15) MMU target violated: 251.0ms (250.0ms/251.0ms)
[2022-03-23T13:15:21.054+0000][12570.707s] GC(15)   Pre Evacuate Collection Set: 0.2ms
[2022-03-23T13:15:21.059+0000][12570.712s] GC(15)   Evacuate Collection Set: 240.7ms
[2022-03-23T13:15:21.073+0000][12570.725s] GC(15)   Post Evacuate Collection Set: 20.6ms
[2022-03-23T13:15:21.083+0000][12570.736s] GC(15)   Other: 14.3ms
[2022-03-23T13:15:21.089+0000][12570.742s] GC(15) Eden regions: 75->0(60)
[2022-03-23T13:15:21.092+0000][12570.744s] GC(15) Survivor regions: 5->8(10)
[2022-03-23T13:15:21.094+0000][12570.747s] GC(15) Old regions: 28->28
[2022-03-23T13:15:21.105+0000][12570.758s] GC(15) Humongous regions: 5->4
[2022-03-23T13:15:21.121+0000][12570.774s] GC(15) Metaspace: 43722K->43722K(1089536K)
[2022-03-23T13:15:21.123+0000][12570.776s] GC(15) Pause Young (Concurrent Start) (G1 Evacuation Pause) 110M->37M(512M) 344.664ms
[2022-03-23T13:15:21.137+0000][12570.790s] GC(15) User=0.37s Sys=0.15s Real=0.36s
[2022-03-23T13:15:21.146+0000][12570.798s] GC(16) Concurrent Cycle
[2022-03-23T13:15:21.160+0000][12570.812s] GC(16) Concurrent Clear Claimed Marks
[2022-03-23T13:15:21.172+0000][12570.825s] GC(16) Concurrent Clear Claimed Marks 12.247ms
[2022-03-23T13:15:21.175+0000][12570.828s] GC(16) Concurrent Scan Root Regions
[2022-03-23T13:15:21.196+0000][12570.849s] GC(16) Concurrent Scan Root Regions 20.590ms
[2022-03-23T13:15:21.196+0000][12570.849s] GC(16) Concurrent Mark (12570.849s)
[2022-03-23T13:15:21.197+0000][12570.849s] GC(16) Concurrent Mark From Roots
[2022-03-23T13:15:21.197+0000][12570.850s] GC(16) Using 1 workers of 1 for marking
[2022-03-23T13:15:21.479+0000][12571.131s] GC(16) Concurrent Mark From Roots 282.064ms
[2022-03-23T13:15:21.482+0000][12571.135s] GC(16) Concurrent Preclean
[2022-03-23T13:15:21.494+0000][12571.147s] GC(16) Concurrent Preclean 12.100ms
[2022-03-23T13:15:21.496+0000][12571.149s] GC(16) Concurrent Mark (12570.849s, 12571.149s) 299.863ms
[2022-03-23T13:15:21.497+0000][12571.150s] GC(16) Pause Remark
[2022-03-23T13:15:21.536+0000][12571.189s] GC(16) Cleaned string and symbol table, strings: 20412 processed, 9 removed, symbols: 123395 processed, 57 removed
[2022-03-23T13:15:21.537+0000][12571.190s] GC(16) Pause Remark 40M->40M(512M) 39.583ms
[2022-03-23T13:15:21.554+0000][12571.207s] GC(16) User=0.05s Sys=0.02s Real=0.05s
[2022-03-23T13:15:21.556+0000][12571.209s] GC(16) Concurrent Rebuild Remembered Sets
[2022-03-23T13:15:21.711+0000][12571.364s] GC(16) Concurrent Rebuild Remembered Sets 154.817ms
[2022-03-23T13:15:21.726+0000][12571.379s] GC(16) Pause Cleanup
[2022-03-23T13:15:21.727+0000][12571.380s] GC(16) Pause Cleanup 40M->40M(512M) 0.969ms
[2022-03-23T13:15:21.728+0000][12571.381s] GC(16) User=0.00s Sys=0.00s Real=0.00s
[2022-03-23T13:15:21.732+0000][12571.384s] GC(16) Concurrent Cleanup for Next Mark
[2022-03-23T13:15:22.086+0000][12571.739s] GC(16) Concurrent Cleanup for Next Mark 354.494ms
[2022-03-23T13:15:22.088+0000][12571.741s] GC(16) Concurrent Cycle 942.301ms
[2022-03-23T13:15:27.353+0000][12577.005s] GC(17) Pause Young (Normal) (G1 Evacuation Pause)
[2022-03-23T13:15:27.370+0000][12577.023s] GC(17) Using 4 workers of 4 for evacuation
[2022-03-23T13:15:28.015+0000][12577.667s] GC(17) MMU target violated: 251.0ms (250.0ms/251.0ms)
[2022-03-23T13:15:28.036+0000][12577.689s] GC(17)   Pre Evacuate Collection Set: 0.0ms
[2022-03-23T13:15:28.053+0000][12577.705s] GC(17)   Evacuate Collection Set: 525.4ms
[2022-03-23T13:15:28.084+0000][12577.737s] GC(17)   Post Evacuate Collection Set: 108.1ms
[2022-03-23T13:15:28.116+0000][12577.769s] GC(17)   Other: 50.3ms
[2022-03-23T13:15:28.199+0000][12577.851s] GC(17) Eden regions: 57->0(18)
[2022-03-23T13:15:28.244+0000][12577.896s] GC(17) Survivor regions: 8->7(9)
[2022-03-23T13:15:28.261+0000][12577.914s] GC(17) Old regions: 28->32
[2022-03-23T13:15:28.277+0000][12577.930s] GC(17) Humongous regions: 4->4
[2022-03-23T13:15:28.293+0000][12577.946s] GC(17) Metaspace: 45873K->45873K(1091584K)
[2022-03-23T13:15:28.294+0000][12577.946s] GC(17) Pause Young (Normal) (G1 Evacuation Pause) 94M->40M(512M) 941.054ms
[2022-03-23T13:15:28.294+0000][12577.947s] GC(17) User=0.50s Sys=0.32s Real=0.95s
[2022-03-23T13:15:30.143+0000][12579.796s] GC(18) Pause Young (Normal) (G1 Evacuation Pause)
[2022-03-23T13:15:30.177+0000][12579.829s] GC(18) Using 4 workers of 4 for evacuation
[2022-03-23T13:15:30.558+0000][12580.211s] GC(18) MMU target violated: 251.0ms (250.0ms/251.0ms)
[2022-03-23T13:15:30.587+0000][12580.239s] GC(18)   Pre Evacuate Collection Set: 0.0ms
[2022-03-23T13:15:30.591+0000][12580.243s] GC(18)   Evacuate Collection Set: 350.5ms
[2022-03-23T13:15:30.597+0000][12580.250s] GC(18)   Post Evacuate Collection Set: 15.9ms
[2022-03-23T13:15:30.626+0000][12580.279s] GC(18)   Other: 77.3ms
[2022-03-23T13:15:30.643+0000][12580.295s] GC(18) Eden regions: 18->0(24)
[2022-03-23T13:15:30.644+0000][12580.297s] GC(18) Survivor regions: 7->2(4)
[2022-03-23T13:15:30.652+0000][12580.305s] GC(18) Old regions: 32->39
[2022-03-23T13:15:30.655+0000][12580.308s] GC(18) Humongous regions: 4->4
[2022-03-23T13:15:30.657+0000][12580.310s] GC(18) Metaspace: 46068K->46068K(1091584K)
[2022-03-23T13:15:30.658+0000][12580.310s] GC(18) Pause Young (Normal) (G1 Evacuation Pause) 58M->41M(512M) 514.763ms
[2022-03-23T13:15:30.658+0000][12580.311s] GC(18) User=0.51s Sys=0.06s Real=0.51s
[2022-03-23T13:15:31.755+0000][12581.407s] GC(19) Pause Young (Normal) (G1 Evacuation Pause)
[2022-03-23T13:15:31.770+0000][12581.422s] GC(19) Using 4 workers of 4 for evacuation
[2022-03-23T13:15:31.853+0000][12581.505s] GC(19)   Pre Evacuate Collection Set: 0.0ms
[2022-03-23T13:15:31.856+0000][12581.509s] GC(19)   Evacuate Collection Set: 79.6ms
[2022-03-23T13:15:31.857+0000][12581.510s] GC(19)   Post Evacuate Collection Set: 0.6ms
[2022-03-23T13:15:31.858+0000][12581.510s] GC(19)   Other: 17.8ms
[2022-03-23T13:15:31.870+0000][12581.523s] GC(19) Eden regions: 24->0(37)
[2022-03-23T13:15:31.877+0000][12581.529s] GC(19) Survivor regions: 2->2(4)
[2022-03-23T13:15:31.887+0000][12581.539s] GC(19) Old regions: 39->39
[2022-03-23T13:15:31.893+0000][12581.546s] GC(19) Humongous regions: 4->4
[2022-03-23T13:15:31.894+0000][12581.546s] GC(19) Metaspace: 46258K->46258K(1091584K)
[2022-03-23T13:15:31.894+0000][12581.547s] GC(19) Pause Young (Normal) (G1 Evacuation Pause) 65M->41M(512M) 139.308ms
[2022-03-23T13:15:31.894+0000][12581.547s] GC(19) User=0.06s Sys=0.00s Real=0.14s
[2022-03-23T13:15:33.973+0000][12583.625s] GC(20) Pause Young (Normal) (G1 Evacuation Pause)
[2022-03-23T13:15:33.981+0000][12583.633s] GC(20) Using 4 workers of 4 for evacuation
[2022-03-23T13:15:34.072+0000][12583.725s] GC(20)   Pre Evacuate Collection Set: 0.0ms
[2022-03-23T13:15:34.078+0000][12583.730s] GC(20)   Evacuate Collection Set: 70.5ms
[2022-03-23T13:15:34.078+0000][12583.731s] GC(20)   Post Evacuate Collection Set: 10.1ms
[2022-03-23T13:15:34.079+0000][12583.731s] GC(20)   Other: 18.9ms
[2022-03-23T13:15:34.079+0000][12583.731s] GC(20) Eden regions: 37->0(55)
[2022-03-23T13:15:34.079+0000][12583.732s] GC(20) Survivor regions: 2->2(5)
[2022-03-23T13:15:34.079+0000][12583.732s] GC(20) Old regions: 39->39
[2022-03-23T13:15:34.080+0000][12583.732s] GC(20) Humongous regions: 4->4
[2022-03-23T13:15:34.085+0000][12583.737s] GC(20) Metaspace: 47387K->47387K(1091584K)
[2022-03-23T13:15:34.086+0000][12583.738s] GC(20) Pause Young (Normal) (G1 Evacuation Pause) 78M->42M(512M) 113.129ms
[2022-03-23T13:15:34.094+0000][12583.746s] GC(20) User=0.06s Sys=0.03s Real=0.12s
[2022-03-23T13:15:47.533+0000][12597.186s] GC(21) Pause Young (Normal) (G1 Evacuation Pause)
[2022-03-23T13:15:47.542+0000][12597.195s] GC(21) Using 4 workers of 4 for evacuation
[2022-03-23T13:15:47.691+0000][12597.344s] GC(21)   Pre Evacuate Collection Set: 0.2ms
[2022-03-23T13:15:47.705+0000][12597.358s] GC(21)   Evacuate Collection Set: 146.5ms
[2022-03-23T13:15:47.721+0000][12597.374s] GC(21)   Post Evacuate Collection Set: 0.6ms
[2022-03-23T13:15:47.737+0000][12597.390s] GC(21)   Other: 10.8ms
[2022-03-23T13:15:47.754+0000][12597.407s] GC(21) Eden regions: 55->0(41)
[2022-03-23T13:15:47.768+0000][12597.420s] GC(21) Survivor regions: 2->8(8)
[2022-03-23T13:15:47.769+0000][12597.421s] GC(21) Old regions: 39->40
[2022-03-23T13:15:47.777+0000][12597.429s] GC(21) Humongous regions: 4->4
[2022-03-23T13:15:47.777+0000][12597.430s] GC(21) Metaspace: 49713K->49713K(1093632K)
[2022-03-23T13:15:47.778+0000][12597.430s] GC(21) Pause Young (Normal) (G1 Evacuation Pause) 97M->50M(512M) 244.324ms
[2022-03-23T13:15:47.778+0000][12597.431s] GC(21) User=0.13s Sys=0.09s Real=0.24s
[2022-03-23T13:15:52.485+0000][12602.138s] GC(22) Pause Young (Normal) (G1 Evacuation Pause)
[2022-03-23T13:15:52.495+0000][12602.148s] GC(22) Using 4 workers of 4 for evacuation
[2022-03-23T13:15:52.742+0000][12602.395s] GC(22)   Pre Evacuate Collection Set: 0.0ms
[2022-03-23T13:15:52.743+0000][12602.396s] GC(22)   Evacuate Collection Set: 245.1ms
[2022-03-23T13:15:52.755+0000][12602.408s] GC(22)   Post Evacuate Collection Set: 0.7ms
[2022-03-23T13:15:52.765+0000][12602.418s] GC(22)   Other: 11.2ms
[2022-03-23T13:15:52.766+0000][12602.419s] GC(22) Eden regions: 34->0(39)
[2022-03-23T13:15:52.783+0000][12602.436s] GC(22) Survivor regions: 8->3(6)
[2022-03-23T13:15:52.785+0000][12602.437s] GC(22) Old regions: 40->48
[2022-03-23T13:15:52.785+0000][12602.438s] GC(22) Humongous regions: 4->4
[2022-03-23T13:15:52.785+0000][12602.438s] GC(22) Metaspace: 49791K->49791K(1093632K)
[2022-03-23T13:15:52.790+0000][12602.442s] GC(22) Pause Young (Normal) (G1 Evacuation Pause) 84M->52M(512M) 304.444ms
[2022-03-23T13:15:52.790+0000][12602.443s] GC(22) User=0.24s Sys=0.16s Real=0.30s
[2022-03-23T13:15:58.777+0000][12608.430s] GC(23) Pause Young (Normal) (G1 Evacuation Pause)
[2022-03-23T13:15:58.778+0000][12608.431s] GC(23) Using 4 workers of 4 for evacuation
[2022-03-23T13:15:58.873+0000][12608.526s] GC(23)   Pre Evacuate Collection Set: 0.1ms
[2022-03-23T13:15:58.878+0000][12608.531s] GC(23)   Evacuate Collection Set: 80.5ms
[2022-03-23T13:15:58.880+0000][12608.532s] GC(23)   Post Evacuate Collection Set: 11.1ms
[2022-03-23T13:15:58.889+0000][12608.542s] GC(23)   Other: 4.1ms
[2022-03-23T13:15:58.898+0000][12608.550s] GC(23) Eden regions: 39->0(45)
[2022-03-23T13:15:58.899+0000][12608.551s] GC(23) Survivor regions: 3->5(6)
[2022-03-23T13:15:58.903+0000][12608.556s] GC(23) Old regions: 48->48
[2022-03-23T13:15:58.903+0000][12608.556s] GC(23) Humongous regions: 4->4
[2022-03-23T13:15:58.904+0000][12608.556s] GC(23) Metaspace: 50060K->50060K(1093632K)
[2022-03-23T13:15:58.904+0000][12608.556s] GC(23) Pause Young (Normal) (G1 Evacuation Pause) 91M->55M(512M) 126.393ms
[2022-03-23T13:15:58.909+0000][12608.561s] GC(23) User=0.05s Sys=0.01s Real=0.13s
[2022-03-23T13:16:01.237+0000][12610.890s] GC(24) Pause Young (Normal) (G1 Evacuation Pause)
[2022-03-23T13:16:01.255+0000][12610.907s] GC(24) Using 4 workers of 4 for evacuation
[2022-03-23T13:16:01.434+0000][12611.086s] GC(24)   Pre Evacuate Collection Set: 0.0ms
[2022-03-23T13:16:01.446+0000][12611.099s] GC(24)   Evacuate Collection Set: 151.1ms
[2022-03-23T13:16:01.447+0000][12611.100s] GC(24)   Post Evacuate Collection Set: 22.9ms
[2022-03-23T13:16:01.448+0000][12611.101s] GC(24)   Other: 22.7ms
[2022-03-23T13:16:01.456+0000][12611.108s] GC(24) Eden regions: 45->0(46)
[2022-03-23T13:16:01.457+0000][12611.110s] GC(24) Survivor regions: 5->7(7)
[2022-03-23T13:16:01.458+0000][12611.110s] GC(24) Old regions: 48->50
[2022-03-23T13:16:01.458+0000][12611.111s] GC(24) Humongous regions: 4->4
[2022-03-23T13:16:01.462+0000][12611.114s] GC(24) Metaspace: 50202K->50202K(1095680K)
[2022-03-23T13:16:01.463+0000][12611.115s] GC(24) Pause Young (Normal) (G1 Evacuation Pause) 100M->58M(512M) 225.390ms
[2022-03-23T13:16:01.463+0000][12611.116s] GC(24) User=0.15s Sys=0.06s Real=0.23s
[2022-03-23T13:16:05.855+0000][12615.507s] GC(25) Pause Young (Normal) (G1 Evacuation Pause)
[2022-03-23T13:16:05.966+0000][12615.619s] GC(25) Using 4 workers of 4 for evacuation
[2022-03-23T13:16:06.592+0000][12616.245s] GC(25) MMU target violated: 251.0ms (250.0ms/251.0ms)
[2022-03-23T13:16:06.626+0000][12616.279s] GC(25)   Pre Evacuate Collection Set: 0.0ms
[2022-03-23T13:16:06.673+0000][12616.326s] GC(25)   Evacuate Collection Set: 509.6ms
[2022-03-23T13:16:06.724+0000][12616.376s] GC(25)   Post Evacuate Collection Set: 20.2ms
[2022-03-23T13:16:06.754+0000][12616.407s] GC(25)   Other: 241.6ms
[2022-03-23T13:16:06.770+0000][12616.423s] GC(25) Eden regions: 46->0(32)
[2022-03-23T13:16:06.829+0000][12616.482s] GC(25) Survivor regions: 7->6(7)
[2022-03-23T13:16:06.863+0000][12616.516s] GC(25) Old regions: 50->55
[2022-03-23T13:16:06.877+0000][12616.530s] GC(25) Humongous regions: 4->4
[2022-03-23T13:16:06.926+0000][12616.578s] GC(25) Metaspace: 50648K->50648K(1095680K)
[2022-03-23T13:16:06.959+0000][12616.612s] GC(25) Pause Young (Normal) (G1 Evacuation Pause) 104M->62M(512M) 1104.684ms
[2022-03-23T13:16:06.991+0000][12616.643s] GC(25) User=0.48s Sys=0.28s Real=1.13s
[2022-03-23T13:16:09.758+0000][12619.411s] GC(26) Pause Young (Normal) (G1 Evacuation Pause)
[2022-03-23T13:16:09.758+0000][12619.411s] GC(26) Using 4 workers of 4 for evacuation
[2022-03-23T13:16:10.046+0000][12619.699s] GC(26) MMU target violated: 251.0ms (250.0ms/251.0ms)
[2022-03-23T13:16:10.047+0000][12619.699s] GC(26)   Pre Evacuate Collection Set: 0.0ms
[2022-03-23T13:16:10.047+0000][12619.700s] GC(26)   Evacuate Collection Set: 243.1ms
[2022-03-23T13:16:10.047+0000][12619.700s] GC(26)   Post Evacuate Collection Set: 44.2ms
[2022-03-23T13:16:10.047+0000][12619.700s] GC(26)   Other: 1.4ms
[2022-03-23T13:16:10.048+0000][12619.701s] GC(26) Eden regions: 32->0(36)
[2022-03-23T13:16:10.048+0000][12619.701s] GC(26) Survivor regions: 6->4(5)
[2022-03-23T13:16:10.049+0000][12619.701s] GC(26) Old regions: 55->60
[2022-03-23T13:16:10.049+0000][12619.701s] GC(26) Humongous regions: 4->4
[2022-03-23T13:16:10.049+0000][12619.702s] GC(26) Metaspace: 50691K->50691K(1095680K)
[2022-03-23T13:16:10.049+0000][12619.702s] GC(26) Pause Young (Normal) (G1 Evacuation Pause) 94M->66M(512M) 291.499ms
[2022-03-23T13:16:10.050+0000][12619.703s] GC(26) User=0.17s Sys=0.11s Real=0.29s
[2022-03-23T13:16:12.191+0000][12621.844s] GC(27) Pause Young (Normal) (G1 Evacuation Pause)
[2022-03-23T13:16:12.191+0000][12621.844s] GC(27) Using 4 workers of 4 for evacuation
[2022-03-23T13:16:12.266+0000][12621.919s] GC(27)   Pre Evacuate Collection Set: 0.0ms
[2022-03-23T13:16:12.273+0000][12621.926s] GC(27)   Evacuate Collection Set: 74.2ms
[2022-03-23T13:16:12.274+0000][12621.926s] GC(27)   Post Evacuate Collection Set: 0.4ms
[2022-03-23T13:16:12.274+0000][12621.927s] GC(27)   Other: 0.7ms
[2022-03-23T13:16:12.276+0000][12621.928s] GC(27) Eden regions: 36->0(47)
[2022-03-23T13:16:12.276+0000][12621.929s] GC(27) Survivor regions: 4->3(5)
[2022-03-23T13:16:12.276+0000][12621.929s] GC(27) Old regions: 60->63
[2022-03-23T13:16:12.278+0000][12621.930s] GC(27) Humongous regions: 4->4
[2022-03-23T13:16:12.278+0000][12621.931s] GC(27) Metaspace: 50704K->50704K(1095680K)
[2022-03-23T13:16:12.278+0000][12621.931s] GC(27) Pause Young (Normal) (G1 Evacuation Pause) 102M->67M(512M) 87.506ms
[2022-03-23T13:16:12.279+0000][12621.931s] GC(27) User=0.05s Sys=0.02s Real=0.09s
[2022-03-23T13:16:13.865+0000][12623.517s] GC(28) Pause Young (Normal) (G1 Evacuation Pause)
[2022-03-23T13:16:13.865+0000][12623.518s] GC(28) Using 4 workers of 4 for evacuation
[2022-03-23T13:16:13.926+0000][12623.579s] GC(28)   Pre Evacuate Collection Set: 0.0ms
[2022-03-23T13:16:13.927+0000][12623.579s] GC(28)   Evacuate Collection Set: 43.1ms
[2022-03-23T13:16:13.927+0000][12623.580s] GC(28)   Post Evacuate Collection Set: 14.2ms
[2022-03-23T13:16:13.928+0000][12623.580s] GC(28)   Other: 4.0ms
[2022-03-23T13:16:13.928+0000][12623.581s] GC(28) Eden regions: 47->0(52)
[2022-03-23T13:16:13.928+0000][12623.581s] GC(28) Survivor regions: 3->7(7)
[2022-03-23T13:16:13.928+0000][12623.581s] GC(28) Old regions: 63->63
[2022-03-23T13:16:13.929+0000][12623.581s] GC(28) Humongous regions: 4->4
[2022-03-23T13:16:13.929+0000][12623.581s] GC(28) Metaspace: 50782K->50782K(1095680K)
[2022-03-23T13:16:13.929+0000][12623.582s] GC(28) Pause Young (Normal) (G1 Evacuation Pause) 114M->71M(512M) 64.393ms
[2022-03-23T13:16:13.929+0000][12623.582s] GC(28) User=0.09s Sys=0.02s Real=0.06s
[2022-03-23T13:16:16.119+0000][12625.772s] GC(29) Pause Young (Normal) (G1 Evacuation Pause)
[2022-03-23T13:16:16.121+0000][12625.774s] GC(29) Using 4 workers of 4 for evacuation
[2022-03-23T13:16:16.248+0000][12625.900s] GC(29)   Pre Evacuate Collection Set: 0.0ms
[2022-03-23T13:16:16.248+0000][12625.901s] GC(29)   Evacuate Collection Set: 124.8ms
[2022-03-23T13:16:16.250+0000][12625.903s] GC(29)   Post Evacuate Collection Set: 0.9ms
[2022-03-23T13:16:16.251+0000][12625.903s] GC(29)   Other: 2.7ms
[2022-03-23T13:16:16.251+0000][12625.904s] GC(29) Eden regions: 52->0(57)
[2022-03-23T13:16:16.251+0000][12625.904s] GC(29) Survivor regions: 7->6(8)
[2022-03-23T13:16:16.252+0000][12625.904s] GC(29) Old regions: 63->69
[2022-03-23T13:16:16.254+0000][12625.906s] GC(29) Humongous regions: 4->4
[2022-03-23T13:16:16.254+0000][12625.907s] GC(29) Metaspace: 50895K->50895K(1095680K)
[2022-03-23T13:16:16.255+0000][12625.907s] GC(29) Pause Young (Normal) (G1 Evacuation Pause) 123M->76M(512M) 135.268ms
[2022-03-23T13:16:16.255+0000][12625.908s] GC(29) User=0.18s Sys=0.02s Real=0.14s
[2022-03-23T13:16:19.070+0000][12628.723s] GC(30) Pause Young (Normal) (G1 Evacuation Pause)
[2022-03-23T13:16:19.075+0000][12628.727s] GC(30) Using 4 workers of 4 for evacuation
[2022-03-23T13:16:19.182+0000][12628.835s] GC(30)   Pre Evacuate Collection Set: 0.1ms
[2022-03-23T13:16:19.184+0000][12628.836s] GC(30)   Evacuate Collection Set: 85.6ms
[2022-03-23T13:16:19.190+0000][12628.842s] GC(30)   Post Evacuate Collection Set: 18.5ms
[2022-03-23T13:16:19.193+0000][12628.846s] GC(30)   Other: 8.2ms
[2022-03-23T13:16:19.195+0000][12628.847s] GC(30) Eden regions: 57->0(66)
[2022-03-23T13:16:19.195+0000][12628.848s] GC(30) Survivor regions: 6->4(8)
[2022-03-23T13:16:19.196+0000][12628.849s] GC(30) Old regions: 69->73
[2022-03-23T13:16:19.198+0000][12628.850s] GC(30) Humongous regions: 4->4
[2022-03-23T13:16:19.204+0000][12628.857s] GC(30) Metaspace: 50971K->50971K(1095680K)
[2022-03-23T13:16:19.205+0000][12628.858s] GC(30) Pause Young (Normal) (G1 Evacuation Pause) 133M->78M(512M) 135.478ms
[2022-03-23T13:16:19.207+0000][12628.860s] GC(30) User=0.13s Sys=0.03s Real=0.14s
[2022-03-23T13:16:22.917+0000][12632.570s] GC(31) Pause Young (Normal) (G1 Evacuation Pause)
[2022-03-23T13:16:22.918+0000][12632.570s] GC(31) Using 4 workers of 4 for evacuation
[2022-03-23T13:16:23.022+0000][12632.675s] GC(31)   Pre Evacuate Collection Set: 0.1ms
[2022-03-23T13:16:23.022+0000][12632.675s] GC(31)   Evacuate Collection Set: 83.7ms
[2022-03-23T13:16:23.023+0000][12632.675s] GC(31)   Post Evacuate Collection Set: 20.2ms
[2022-03-23T13:16:23.023+0000][12632.676s] GC(31)   Other: 0.9ms
[2022-03-23T13:16:23.023+0000][12632.676s] GC(31) Eden regions: 66->0(74)
[2022-03-23T13:16:23.024+0000][12632.676s] GC(31) Survivor regions: 4->8(9)
[2022-03-23T13:16:23.024+0000][12632.676s] GC(31) Old regions: 73->73
[2022-03-23T13:16:23.024+0000][12632.677s] GC(31) Humongous regions: 4->4
[2022-03-23T13:16:23.024+0000][12632.677s] GC(31) Metaspace: 51019K->51019K(1095680K)
[2022-03-23T13:16:23.025+0000][12632.677s] GC(31) Pause Young (Normal) (G1 Evacuation Pause) 144M->82M(512M) 107.454ms
[2022-03-23T13:16:23.025+0000][12632.678s] GC(31) User=0.10s Sys=0.02s Real=0.11s
[2022-03-23T13:16:25.787+0000][12635.440s] GC(32) Pause Young (Normal) (G1 Evacuation Pause)
[2022-03-23T13:16:25.788+0000][12635.440s] GC(32) Using 4 workers of 4 for evacuation
[2022-03-23T13:16:26.032+0000][12635.685s] GC(32)   Pre Evacuate Collection Set: 0.0ms
[2022-03-23T13:16:26.042+0000][12635.695s] GC(32)   Evacuate Collection Set: 232.1ms
[2022-03-23T13:16:26.043+0000][12635.696s] GC(32)   Post Evacuate Collection Set: 11.3ms
[2022-03-23T13:16:26.044+0000][12635.696s] GC(32)   Other: 1.5ms
[2022-03-23T13:16:26.044+0000][12635.697s] GC(32) Eden regions: 74->0(73)
[2022-03-23T13:16:26.044+0000][12635.697s] GC(32) Survivor regions: 8->10(11)
[2022-03-23T13:16:26.044+0000][12635.697s] GC(32) Old regions: 73->76
[2022-03-23T13:16:26.045+0000][12635.697s] GC(32) Humongous regions: 4->4
[2022-03-23T13:16:26.045+0000][12635.698s] GC(32) Metaspace: 51102K->51102K(1095680K)
[2022-03-23T13:16:26.046+0000][12635.698s] GC(32) Pause Young (Normal) (G1 Evacuation Pause) 156M->88M(512M) 258.460ms
[2022-03-23T13:16:26.046+0000][12635.699s] GC(32) User=0.24s Sys=0.12s Real=0.26s
[2022-03-23T13:16:28.712+0000][12638.365s] GC(33) Pause Young (Normal) (G1 Evacuation Pause)
[2022-03-23T13:16:28.717+0000][12638.369s] GC(33) Using 4 workers of 4 for evacuation
[2022-03-23T13:16:28.807+0000][12638.459s] GC(33)   Pre Evacuate Collection Set: 0.2ms
[2022-03-23T13:16:28.807+0000][12638.460s] GC(33)   Evacuate Collection Set: 85.6ms
[2022-03-23T13:16:28.808+0000][12638.461s] GC(33)   Post Evacuate Collection Set: 2.5ms
[2022-03-23T13:16:28.809+0000][12638.462s] GC(33)   Other: 6.4ms
[2022-03-23T13:16:28.809+0000][12638.462s] GC(33) Eden regions: 73->0(79)
[2022-03-23T13:16:28.810+0000][12638.463s] GC(33) Survivor regions: 10->7(11)
[2022-03-23T13:16:28.810+0000][12638.463s] GC(33) Old regions: 76->84
[2022-03-23T13:16:28.811+0000][12638.463s] GC(33) Humongous regions: 4->4
[2022-03-23T13:16:28.822+0000][12638.474s] GC(33) Metaspace: 51198K->51198K(1095680K)
[2022-03-23T13:16:28.832+0000][12638.485s] GC(33) Pause Young (Normal) (G1 Evacuation Pause) 161M->93M(512M) 120.450ms
[2022-03-23T13:16:28.833+0000][12638.486s] GC(33) User=0.13s Sys=0.05s Real=0.12s
[2022-03-23T13:16:34.282+0000][12643.934s] GC(34) Pause Young (Normal) (G1 Evacuation Pause)
[2022-03-23T13:16:34.296+0000][12643.949s] GC(34) Using 4 workers of 4 for evacuation
[2022-03-23T13:16:34.580+0000][12644.233s] GC(34) MMU target violated: 251.0ms (250.0ms/251.0ms)
[2022-03-23T13:16:34.588+0000][12644.241s] GC(34)   Pre Evacuate Collection Set: 0.0ms
[2022-03-23T13:16:34.601+0000][12644.253s] GC(34)   Evacuate Collection Set: 236.1ms
[2022-03-23T13:16:34.605+0000][12644.257s] GC(34)   Post Evacuate Collection Set: 31.3ms
[2022-03-23T13:16:34.606+0000][12644.258s] GC(34)   Other: 39.6ms
[2022-03-23T13:16:34.606+0000][12644.259s] GC(34) Eden regions: 79->0(78)
[2022-03-23T13:16:34.606+0000][12644.259s] GC(34) Survivor regions: 7->7(11)
[2022-03-23T13:16:34.607+0000][12644.259s] GC(34) Old regions: 84->90
[2022-03-23T13:16:34.607+0000][12644.260s] GC(34) Humongous regions: 4->4
[2022-03-23T13:16:34.607+0000][12644.260s] GC(34) Metaspace: 51356K->51356K(1095680K)
[2022-03-23T13:16:34.617+0000][12644.269s] GC(34) Pause Young (Normal) (G1 Evacuation Pause) 172M->99M(512M) 335.127ms
[2022-03-23T13:16:34.633+0000][12644.285s] GC(34) User=0.23s Sys=0.22s Real=0.36s
[2022-03-23T13:16:37.764+0000][12647.417s] GC(35) Pause Young (Normal) (G1 Evacuation Pause)
[2022-03-23T13:16:37.771+0000][12647.424s] GC(35) Using 4 workers of 4 for evacuation
[2022-03-23T13:16:37.932+0000][12647.585s] GC(35)   Pre Evacuate Collection Set: 0.1ms
[2022-03-23T13:16:37.940+0000][12647.593s] GC(35)   Evacuate Collection Set: 144.5ms
[2022-03-23T13:16:37.941+0000][12647.594s] GC(35)   Post Evacuate Collection Set: 4.7ms
[2022-03-23T13:16:37.941+0000][12647.594s] GC(35)   Other: 19.0ms
[2022-03-23T13:16:37.943+0000][12647.595s] GC(35) Eden regions: 78->0(84)
[2022-03-23T13:16:37.944+0000][12647.596s] GC(35) Survivor regions: 7->7(11)
[2022-03-23T13:16:37.944+0000][12647.597s] GC(35) Old regions: 90->95
[2022-03-23T13:16:37.946+0000][12647.598s] GC(35) Humongous regions: 4->4
[2022-03-23T13:16:37.946+0000][12647.599s] GC(35) Metaspace: 51506K->51506K(1095680K)
[2022-03-23T13:16:37.947+0000][12647.600s] GC(35) Pause Young (Normal) (G1 Evacuation Pause) 177M->104M(512M) 183.048ms
[2022-03-23T13:16:37.948+0000][12647.601s] GC(35) User=0.15s Sys=0.12s Real=0.18s
[2022-03-23T13:16:42.445+0000][12652.097s] GC(36) Pause Young (Normal) (G1 Evacuation Pause)
[2022-03-23T13:16:42.461+0000][12652.114s] GC(36) Using 4 workers of 4 for evacuation
[2022-03-23T13:16:42.688+0000][12652.340s] GC(36)   Pre Evacuate Collection Set: 0.0ms
[2022-03-23T13:16:42.688+0000][12652.341s] GC(36)   Evacuate Collection Set: 191.1ms
[2022-03-23T13:16:42.689+0000][12652.341s] GC(36)   Post Evacuate Collection Set: 19.4ms
[2022-03-23T13:16:42.689+0000][12652.342s] GC(36)   Other: 32.6ms
[2022-03-23T13:16:42.689+0000][12652.342s] GC(36) Eden regions: 84->0(82)
[2022-03-23T13:16:42.689+0000][12652.342s] GC(36) Survivor regions: 7->12(12)
[2022-03-23T13:16:42.691+0000][12652.344s] GC(36) Old regions: 95->95
[2022-03-23T13:16:42.694+0000][12652.347s] GC(36) Humongous regions: 4->4
[2022-03-23T13:16:42.695+0000][12652.348s] GC(36) Metaspace: 51554K->51554K(1095680K)
[2022-03-23T13:16:42.696+0000][12652.348s] GC(36) Pause Young (Normal) (G1 Evacuation Pause) 188M->109M(512M) 250.976ms
[2022-03-23T13:16:42.706+0000][12652.358s] GC(36) User=0.27s Sys=0.06s Real=0.26s
[2022-03-23T13:16:46.653+0000][12656.306s] GC(37) Pause Young (Normal) (G1 Evacuation Pause)
[2022-03-23T13:16:46.665+0000][12656.318s] GC(37) Using 4 workers of 4 for evacuation
[2022-03-23T13:16:47.165+0000][12656.818s] GC(37) MMU target violated: 251.0ms (250.0ms/251.0ms)
[2022-03-23T13:16:47.199+0000][12656.852s] GC(37)   Pre Evacuate Collection Set: 0.0ms
[2022-03-23T13:16:47.215+0000][12656.868s] GC(37)   Evacuate Collection Set: 458.9ms
[2022-03-23T13:16:47.243+0000][12656.895s] GC(37)   Post Evacuate Collection Set: 24.5ms
[2022-03-23T13:16:47.246+0000][12656.899s] GC(37)   Other: 62.4ms
[2022-03-23T13:16:47.266+0000][12656.919s] GC(37) Eden regions: 82->0(62)
[2022-03-23T13:16:47.275+0000][12656.928s] GC(37) Survivor regions: 12->7(12)
[2022-03-23T13:16:47.276+0000][12656.928s] GC(37) Old regions: 95->105
[2022-03-23T13:16:47.276+0000][12656.929s] GC(37) Humongous regions: 4->4
[2022-03-23T13:16:47.278+0000][12656.931s] GC(37) Metaspace: 51591K->51591K(1095680K)
[2022-03-23T13:16:47.281+0000][12656.933s] GC(37) Pause Young (Normal) (G1 Evacuation Pause) 191M->114M(512M) 627.393ms
[2022-03-23T13:16:47.282+0000][12656.935s] GC(37) User=0.28s Sys=0.14s Real=0.63s
[2022-03-23T13:16:50.406+0000][12660.058s] GC(38) Pause Young (Normal) (G1 Evacuation Pause)
[2022-03-23T13:16:50.418+0000][12660.070s] GC(38) Using 4 workers of 4 for evacuation
[2022-03-23T13:16:50.627+0000][12660.280s] GC(38)   Pre Evacuate Collection Set: 0.0ms
[2022-03-23T13:16:50.639+0000][12660.291s] GC(38)   Evacuate Collection Set: 174.3ms
[2022-03-23T13:16:50.639+0000][12660.292s] GC(38)   Post Evacuate Collection Set: 33.2ms
[2022-03-23T13:16:50.640+0000][12660.293s] GC(38)   Other: 13.6ms
[2022-03-23T13:16:50.641+0000][12660.293s] GC(38) Eden regions: 62->0(73)
[2022-03-23T13:16:50.641+0000][12660.294s] GC(38) Survivor regions: 7->5(9)
[2022-03-23T13:16:50.641+0000][12660.294s] GC(38) Old regions: 105->111
[2022-03-23T13:16:50.641+0000][12660.294s] GC(38) Humongous regions: 4->4
[2022-03-23T13:16:50.641+0000][12660.294s] GC(38) Metaspace: 51639K->51639K(1095680K)
[2022-03-23T13:16:50.642+0000][12660.294s] GC(38) Pause Young (Normal) (G1 Evacuation Pause) 176M->118M(512M) 235.815ms
[2022-03-23T13:16:50.646+0000][12660.299s] GC(38) User=0.25s Sys=0.05s Real=0.26s
[2022-03-23T13:16:54.794+0000][12664.447s] GC(39) Pause Young (Normal) (G1 Evacuation Pause)
[2022-03-23T13:16:54.798+0000][12664.451s] GC(39) Using 4 workers of 4 for evacuation
[2022-03-23T13:16:54.902+0000][12664.555s] GC(39)   Pre Evacuate Collection Set: 0.0ms
[2022-03-23T13:16:54.903+0000][12664.555s] GC(39)   Evacuate Collection Set: 87.4ms
[2022-03-23T13:16:54.906+0000][12664.559s] GC(39)   Post Evacuate Collection Set: 13.5ms
[2022-03-23T13:16:54.911+0000][12664.563s] GC(39)   Other: 7.1ms
[2022-03-23T13:16:54.923+0000][12664.575s] GC(39) Eden regions: 73->0(75)
[2022-03-23T13:16:54.932+0000][12664.585s] GC(39) Survivor regions: 5->10(10)
[2022-03-23T13:16:54.946+0000][12664.599s] GC(39) Old regions: 111->111
[2022-03-23T13:16:54.962+0000][12664.615s] GC(39) Humongous regions: 4->4
[2022-03-23T13:16:54.964+0000][12664.616s] GC(39) Metaspace: 51667K->51667K(1095680K)
[2022-03-23T13:16:54.969+0000][12664.622s] GC(39) Pause Young (Normal) (G1 Evacuation Pause) 191M->123M(512M) 175.137ms
[2022-03-23T13:16:54.978+0000][12664.631s] GC(39) User=0.10s Sys=0.04s Real=0.18s
[2022-03-23T13:16:57.380+0000][12667.033s] GC(40) Pause Young (Normal) (G1 Evacuation Pause)
[2022-03-23T13:16:57.390+0000][12667.042s] GC(40) Using 4 workers of 4 for evacuation
[2022-03-23T13:16:57.529+0000][12667.182s] GC(40)   Pre Evacuate Collection Set: 0.0ms
[2022-03-23T13:16:57.530+0000][12667.182s] GC(40)   Evacuate Collection Set: 129.4ms
[2022-03-23T13:16:57.533+0000][12667.185s] GC(40)   Post Evacuate Collection Set: 6.2ms
[2022-03-23T13:16:57.533+0000][12667.186s] GC(40)   Other: 13.7ms
[2022-03-23T13:16:57.533+0000][12667.186s] GC(40) Eden regions: 75->0(82)
[2022-03-23T13:16:57.534+0000][12667.187s] GC(40) Survivor regions: 10->7(11)
[2022-03-23T13:16:57.535+0000][12667.187s] GC(40) Old regions: 111->120
[2022-03-23T13:16:57.535+0000][12667.188s] GC(40) Humongous regions: 4->4
[2022-03-23T13:16:57.536+0000][12667.189s] GC(40) Metaspace: 51698K->51698K(1095680K)
[2022-03-23T13:16:57.536+0000][12667.189s] GC(40) Pause Young (Normal) (G1 Evacuation Pause) 198M->128M(512M) 156.196ms
[2022-03-23T13:16:57.539+0000][12667.192s] GC(40) User=0.23s Sys=0.08s Real=0.16s
[2022-03-23T13:17:01.258+0000][12670.911s] GC(41) Pause Young (Normal) (G1 Evacuation Pause)
[2022-03-23T13:17:01.259+0000][12670.911s] GC(41) Using 4 workers of 4 for evacuation
[2022-03-23T13:17:01.362+0000][12671.015s] GC(41)   Pre Evacuate Collection Set: 0.0ms
[2022-03-23T13:17:01.364+0000][12671.016s] GC(41)   Evacuate Collection Set: 83.4ms
[2022-03-23T13:17:01.364+0000][12671.017s] GC(41)   Post Evacuate Collection Set: 17.3ms
[2022-03-23T13:17:01.364+0000][12671.017s] GC(41)   Other: 3.7ms
[2022-03-23T13:17:01.365+0000][12671.017s] GC(41) Eden regions: 82->0(90)
[2022-03-23T13:17:01.378+0000][12671.031s] GC(41) Survivor regions: 7->12(12)
[2022-03-23T13:17:01.379+0000][12671.032s] GC(41) Old regions: 120->120
[2022-03-23T13:17:01.380+0000][12671.032s] GC(41) Humongous regions: 4->4
[2022-03-23T13:17:01.380+0000][12671.033s] GC(41) Metaspace: 51754K->51754K(1095680K)
[2022-03-23T13:17:01.380+0000][12671.033s] GC(41) Pause Young (Normal) (G1 Evacuation Pause) 210M->133M(512M) 122.298ms
[2022-03-23T13:17:01.381+0000][12671.033s] GC(41) User=0.08s Sys=0.03s Real=0.12s
[2022-03-23T13:17:05.021+0000][12674.673s] GC(42) Pause Young (Normal) (G1 Evacuation Pause)
[2022-03-23T13:17:05.021+0000][12674.674s] GC(42) Using 4 workers of 4 for evacuation
[2022-03-23T13:17:05.189+0000][12674.842s] GC(42)   Pre Evacuate Collection Set: 0.0ms
[2022-03-23T13:17:05.196+0000][12674.849s] GC(42)   Evacuate Collection Set: 134.8ms
[2022-03-23T13:17:05.201+0000][12674.854s] GC(42)   Post Evacuate Collection Set: 32.0ms
[2022-03-23T13:17:05.201+0000][12674.854s] GC(42)   Other: 1.6ms
[2022-03-23T13:17:05.202+0000][12674.854s] GC(42) Eden regions: 90->0(97)
[2022-03-23T13:17:05.207+0000][12674.860s] GC(42) Survivor regions: 12->13(13)
[2022-03-23T13:17:05.208+0000][12674.861s] GC(42) Old regions: 120->124
[2022-03-23T13:17:05.208+0000][12674.861s] GC(42) Humongous regions: 4->4
[2022-03-23T13:17:05.213+0000][12674.866s] GC(42) Metaspace: 51789K->51789K(1095680K)
[2022-03-23T13:17:05.214+0000][12674.866s] GC(42) Pause Young (Normal) (G1 Evacuation Pause) 223M->138M(512M) 193.116ms
[2022-03-23T13:17:05.219+0000][12674.871s] GC(42) User=0.25s Sys=0.05s Real=0.20s
[2022-03-23T13:17:09.011+0000][12678.664s] GC(43) Pause Young (Normal) (G1 Evacuation Pause)
[2022-03-23T13:17:09.014+0000][12678.667s] GC(43) Using 4 workers of 4 for evacuation
[2022-03-23T13:17:09.204+0000][12678.857s] GC(43)   Pre Evacuate Collection Set: 3.6ms
[2022-03-23T13:17:09.209+0000][12678.862s] GC(43)   Evacuate Collection Set: 182.7ms
[2022-03-23T13:17:09.217+0000][12678.869s] GC(43)   Post Evacuate Collection Set: 2.1ms
[2022-03-23T13:17:09.217+0000][12678.870s] GC(43)   Other: 4.7ms
[2022-03-23T13:17:09.218+0000][12678.871s] GC(43) Eden regions: 97->0(103)
[2022-03-23T13:17:09.218+0000][12678.871s] GC(43) Survivor regions: 13->14(14)
[2022-03-23T13:17:09.226+0000][12678.879s] GC(43) Old regions: 124->129
[2022-03-23T13:17:09.227+0000][12678.880s] GC(43) Humongous regions: 4->4
[2022-03-23T13:17:09.231+0000][12678.885s] GC(43) Metaspace: 51808K->51808K(1095680K)
[2022-03-23T13:17:09.236+0000][12678.889s] GC(43) Pause Young (Normal) (G1 Evacuation Pause) 235M->145M(512M) 225.537ms
[2022-03-23T13:17:09.253+0000][12678.906s] GC(43) User=0.31s Sys=0.03s Real=0.25s
[2022-03-23T13:17:14.196+0000][12683.848s] GC(44) Pause Young (Normal) (G1 Evacuation Pause)
[2022-03-23T13:17:14.214+0000][12683.867s] GC(44) Using 4 workers of 4 for evacuation
[2022-03-23T13:17:14.742+0000][12684.395s] GC(44) MMU target violated: 251.0ms (250.0ms/251.0ms)
[2022-03-23T13:17:14.803+0000][12684.455s] GC(44)   Pre Evacuate Collection Set: 0.1ms
[2022-03-23T13:17:14.863+0000][12684.515s] GC(44)   Evacuate Collection Set: 451.2ms
[2022-03-23T13:17:14.895+0000][12684.547s] GC(44)   Post Evacuate Collection Set: 45.1ms
[2022-03-23T13:17:14.911+0000][12684.564s] GC(44)   Other: 111.0ms
[2022-03-23T13:17:14.927+0000][12684.579s] GC(44) Eden regions: 103->0(73)
[2022-03-23T13:17:14.959+0000][12684.611s] GC(44) Survivor regions: 14->9(15)
[2022-03-23T13:17:14.975+0000][12684.628s] GC(44) Old regions: 129->141
[2022-03-23T13:17:14.991+0000][12684.643s] GC(44) Humongous regions: 4->4
[2022-03-23T13:17:15.007+0000][12684.659s] GC(44) Metaspace: 51837K->51837K(1095680K)
[2022-03-23T13:17:15.039+0000][12684.691s] GC(44) Pause Young (Normal) (G1 Evacuation Pause) 248M->151M(512M) 843.245ms
[2022-03-23T13:17:15.055+0000][12684.708s] GC(44) User=0.61s Sys=0.54s Real=0.87s
[2022-03-23T13:17:21.384+0000][12691.036s] GC(45) Pause Young (Normal) (G1 Evacuation Pause)
[2022-03-23T13:17:21.384+0000][12691.037s] GC(45) Using 4 workers of 4 for evacuation
[2022-03-23T13:17:21.644+0000][12691.297s] GC(45) MMU target violated: 251.0ms (250.0ms/251.0ms)
[2022-03-23T13:17:21.646+0000][12691.298s] GC(45)   Pre Evacuate Collection Set: 0.1ms
[2022-03-23T13:17:21.647+0000][12691.300s] GC(45)   Evacuate Collection Set: 257.4ms
[2022-03-23T13:17:21.658+0000][12691.310s] GC(45)   Post Evacuate Collection Set: 1.6ms
[2022-03-23T13:17:21.664+0000][12691.317s] GC(45)   Other: 3.1ms
[2022-03-23T13:17:21.667+0000][12691.320s] GC(45) Eden regions: 73->0(82)
[2022-03-23T13:17:21.670+0000][12691.323s] GC(45) Survivor regions: 9->7(11)
[2022-03-23T13:17:21.671+0000][12691.324s] GC(45) Old regions: 141->148
[2022-03-23T13:17:21.672+0000][12691.325s] GC(45) Humongous regions: 4->4
[2022-03-23T13:17:21.673+0000][12691.326s] GC(45) Metaspace: 51864K->51864K(1095680K)
[2022-03-23T13:17:21.674+0000][12691.326s] GC(45) Pause Young (Normal) (G1 Evacuation Pause) 224M->156M(512M) 289.955ms
[2022-03-23T13:17:21.674+0000][12691.327s] GC(45) User=0.17s Sys=0.08s Real=0.29s
[2022-03-23T13:17:26.417+0000][12696.070s] GC(46) Pause Young (Normal) (G1 Evacuation Pause)
[2022-03-23T13:17:26.418+0000][12696.071s] GC(46) Using 4 workers of 4 for evacuation
[2022-03-23T13:17:26.567+0000][12696.220s] GC(46)   Pre Evacuate Collection Set: 0.1ms
[2022-03-23T13:17:26.591+0000][12696.244s] GC(46)   Evacuate Collection Set: 143.7ms
[2022-03-23T13:17:26.606+0000][12696.259s] GC(46)   Post Evacuate Collection Set: 4.0ms
[2022-03-23T13:17:26.622+0000][12696.275s] GC(46)   Other: 2.1ms
[2022-03-23T13:17:26.633+0000][12696.286s] GC(46) Eden regions: 82->0(93)
[2022-03-23T13:17:26.667+0000][12696.319s] GC(46) Survivor regions: 7->7(12)
[2022-03-23T13:17:26.668+0000][12696.321s] GC(46) Old regions: 148->153
[2022-03-23T13:17:26.670+0000][12696.323s] GC(46) Humongous regions: 4->4
[2022-03-23T13:17:26.682+0000][12696.335s] GC(46) Metaspace: 51913K->51913K(1095680K)
[2022-03-23T13:17:26.698+0000][12696.351s] GC(46) Pause Young (Normal) (G1 Evacuation Pause) 238M->161M(512M) 281.249ms
[2022-03-23T13:17:26.718+0000][12696.371s] GC(46) User=0.12s Sys=0.17s Real=0.30s
[2022-03-23T13:17:30.718+0000][12700.371s] GC(47) Pause Young (Normal) (G1 Evacuation Pause)
[2022-03-23T13:17:30.719+0000][12700.371s] GC(47) Using 4 workers of 4 for evacuation
[2022-03-23T13:17:30.797+0000][12700.450s] GC(47)   Pre Evacuate Collection Set: 0.0ms
[2022-03-23T13:17:30.803+0000][12700.456s] GC(47)   Evacuate Collection Set: 64.9ms
[2022-03-23T13:17:30.808+0000][12700.461s] GC(47)   Post Evacuate Collection Set: 11.9ms
[2022-03-23T13:17:30.809+0000][12700.461s] GC(47)   Other: 1.8ms
[2022-03-23T13:17:30.811+0000][12700.464s] GC(47) Eden regions: 93->0(103)
[2022-03-23T13:17:30.812+0000][12700.465s] GC(47) Survivor regions: 7->13(13)
[2022-03-23T13:17:30.813+0000][12700.466s] GC(47) Old regions: 153->153
[2022-03-23T13:17:30.816+0000][12700.468s] GC(47) Humongous regions: 4->4
[2022-03-23T13:17:30.816+0000][12700.469s] GC(47) Metaspace: 51956K->51956K(1095680K)
[2022-03-23T13:17:30.818+0000][12700.471s] GC(47) Pause Young (Normal) (G1 Evacuation Pause) 254M->167M(512M) 99.602ms
[2022-03-23T13:17:30.823+0000][12700.476s] GC(47) User=0.09s Sys=0.02s Real=0.10s
[2022-03-23T13:17:36.812+0000][12706.465s] GC(48) Pause Young (Normal) (G1 Evacuation Pause)
[2022-03-23T13:17:36.954+0000][12706.606s] GC(48) Using 4 workers of 4 for evacuation
[2022-03-23T13:17:37.296+0000][12706.949s] GC(48) MMU target violated: 251.0ms (250.0ms/251.0ms)
[2022-03-23T13:17:37.304+0000][12706.957s] GC(48)   Pre Evacuate Collection Set: 0.0ms
[2022-03-23T13:17:37.320+0000][12706.973s] GC(48)   Evacuate Collection Set: 325.4ms
[2022-03-23T13:17:37.352+0000][12707.005s] GC(48)   Post Evacuate Collection Set: 1.0ms
[2022-03-23T13:17:37.383+0000][12707.036s] GC(48)   Other: 165.8ms
[2022-03-23T13:17:37.417+0000][12707.070s] GC(48) Eden regions: 103->0(79)
[2022-03-23T13:17:37.451+0000][12707.104s] GC(48) Survivor regions: 13->14(15)
[2022-03-23T13:17:37.483+0000][12707.136s] GC(48) Old regions: 153->157
[2022-03-23T13:17:37.499+0000][12707.152s] GC(48) Humongous regions: 4->4
[2022-03-23T13:17:37.515+0000][12707.168s] GC(48) Metaspace: 51976K->51976K(1095680K)
[2022-03-23T13:17:37.547+0000][12707.200s] GC(48) Pause Young (Normal) (G1 Evacuation Pause) 270M->173M(512M) 735.258ms
[2022-03-23T13:17:37.564+0000][12707.216s] GC(48) User=0.56s Sys=0.25s Real=0.75s
[2022-03-23T13:17:42.438+0000][12712.091s] GC(49) Pause Young (Normal) (G1 Evacuation Pause)
[2022-03-23T13:17:42.452+0000][12712.104s] GC(49) Using 4 workers of 4 for evacuation
[2022-03-23T13:17:42.750+0000][12712.403s] GC(49) MMU target violated: 251.0ms (250.0ms/251.0ms)
[2022-03-23T13:17:42.782+0000][12712.434s] GC(49)   Pre Evacuate Collection Set: 0.0ms
[2022-03-23T13:17:42.798+0000][12712.450s] GC(49)   Evacuate Collection Set: 235.3ms
[2022-03-23T13:17:42.814+0000][12712.466s] GC(49)   Post Evacuate Collection Set: 46.7ms
[2022-03-23T13:17:42.846+0000][12712.498s] GC(49)   Other: 61.7ms
[2022-03-23T13:17:42.851+0000][12712.504s] GC(49) Eden regions: 79->0(90)
[2022-03-23T13:17:42.877+0000][12712.530s] GC(49) Survivor regions: 14->6(12)
[2022-03-23T13:17:42.899+0000][12712.551s] GC(49) Old regions: 157->169
[2022-03-23T13:17:42.941+0000][12712.594s] GC(49) Humongous regions: 4->4
[2022-03-23T13:17:42.973+0000][12712.625s] GC(49) Metaspace: 51984K->51984K(1095680K)
[2022-03-23T13:17:42.989+0000][12712.642s] GC(49) Pause Young (Normal) (G1 Evacuation Pause) 252M->177M(512M) 550.835ms
[2022-03-23T13:17:43.005+0000][12712.658s] GC(49) User=0.43s Sys=0.52s Real=0.57s
[2022-03-23T13:17:48.951+0000][12718.603s] GC(50) Pause Young (Normal) (G1 Evacuation Pause)
[2022-03-23T13:17:48.977+0000][12718.630s] GC(50) Using 4 workers of 4 for evacuation
[2022-03-23T13:17:49.161+0000][12718.814s] GC(50)   Pre Evacuate Collection Set: 0.0ms
[2022-03-23T13:17:49.170+0000][12718.823s] GC(50)   Evacuate Collection Set: 118.1ms
[2022-03-23T13:17:49.171+0000][12718.824s] GC(50)   Post Evacuate Collection Set: 17.4ms
[2022-03-23T13:17:49.176+0000][12718.828s] GC(50)   Other: 74.9ms
[2022-03-23T13:17:49.177+0000][12718.829s] GC(50) Eden regions: 90->0(87)
[2022-03-23T13:17:49.251+0000][12718.903s] GC(50) Survivor regions: 6->12(12)
[2022-03-23T13:17:49.259+0000][12718.912s] GC(50) Old regions: 169->169
[2022-03-23T13:17:49.260+0000][12718.912s] GC(50) Humongous regions: 4->4
[2022-03-23T13:17:49.271+0000][12718.923s] GC(50) Metaspace: 52011K->52011K(1095680K)
[2022-03-23T13:17:49.278+0000][12718.931s] GC(50) Pause Young (Normal) (G1 Evacuation Pause) 267M->183M(512M) 327.489ms
[2022-03-23T13:17:49.287+0000][12718.940s] GC(50) User=0.12s Sys=0.16s Real=0.34s
[2022-03-24T06:13:04.190+0000][21797.900s] GC(51) Pause Young (Normal) (G1 Evacuation Pause)
[2022-03-24T06:13:04.196+0000][21797.904s] GC(51) Using 4 workers of 4 for evacuation
[2022-03-24T06:13:04.543+0000][21798.251s] GC(51) MMU target violated: 251.0ms (250.0ms/251.0ms)
[2022-03-24T06:13:04.544+0000][21798.252s] GC(51)   Pre Evacuate Collection Set: 18.5ms
[2022-03-24T06:13:04.545+0000][21798.252s] GC(51)   Evacuate Collection Set: 307.7ms
[2022-03-24T06:13:04.545+0000][21798.252s] GC(51)   Post Evacuate Collection Set: 8.9ms
[2022-03-24T06:13:04.545+0000][21798.253s] GC(51)   Other: 25.7ms
[2022-03-24T06:13:04.546+0000][21798.253s] GC(51) Eden regions: 87->0(83)
[2022-03-24T06:13:04.546+0000][21798.254s] GC(51) Survivor regions: 12->9(13)
[2022-03-24T06:13:04.546+0000][21798.254s] GC(51) Old regions: 169->174
[2022-03-24T06:13:04.547+0000][21798.254s] GC(51) Humongous regions: 4->4
[2022-03-24T06:13:04.547+0000][21798.255s] GC(51) Metaspace: 52679K->52679K(1097728K)
[2022-03-24T06:13:04.548+0000][21798.255s] GC(51) Pause Young (Normal) (G1 Evacuation Pause) 270M->185M(512M) 358.377ms
[2022-03-24T06:13:04.548+0000][21798.256s] GC(51) User=1.27s Sys=0.00s Real=0.36s
[2022-03-24T07:08:03.039+0000][25096.748s] GC(52) Pause Young (Normal) (G1 Evacuation Pause)
[2022-03-24T07:08:03.043+0000][25096.751s] GC(52) Using 4 workers of 4 for evacuation
[2022-03-24T07:08:03.343+0000][25097.050s] GC(52) MMU target violated: 251.0ms (250.0ms/251.0ms)
[2022-03-24T07:08:03.345+0000][25097.052s] GC(52)   Pre Evacuate Collection Set: 59.1ms
[2022-03-24T07:08:03.345+0000][25097.053s] GC(52)   Evacuate Collection Set: 224.9ms
[2022-03-24T07:08:03.345+0000][25097.053s] GC(52)   Post Evacuate Collection Set: 9.4ms
[2022-03-24T07:08:03.346+0000][25097.053s] GC(52)   Other: 17.2ms
[2022-03-24T07:08:03.346+0000][25097.054s] GC(52) Eden regions: 83->0(95)
[2022-03-24T07:08:03.346+0000][25097.054s] GC(52) Survivor regions: 9->4(12)
[2022-03-24T07:08:03.346+0000][25097.054s] GC(52) Old regions: 174->180
[2022-03-24T07:08:03.347+0000][25097.054s] GC(52) Humongous regions: 4->4
[2022-03-24T07:08:03.347+0000][25097.054s] GC(52) Metaspace: 55644K->55644K(1099776K)
[2022-03-24T07:08:03.348+0000][25097.055s] GC(52) Pause Young (Normal) (G1 Evacuation Pause) 268M->185M(512M) 309.439ms
[2022-03-24T07:08:03.348+0000][25097.056s] GC(52) User=0.97s Sys=0.00s Real=0.31s
[2022-03-24T09:49:52.966+0000][34806.674s] GC(53) Pause Young (Normal) (G1 Evacuation Pause)
[2022-03-24T09:49:52.967+0000][34806.675s] GC(53) Using 4 workers of 4 for evacuation
[2022-03-24T09:49:53.210+0000][34806.918s] GC(53)   Pre Evacuate Collection Set: 16.5ms
[2022-03-24T09:49:53.210+0000][34806.918s] GC(53)   Evacuate Collection Set: 215.8ms
[2022-03-24T09:49:53.211+0000][34806.918s] GC(53)   Post Evacuate Collection Set: 6.4ms
[2022-03-24T09:49:53.211+0000][34806.919s] GC(53)   Other: 6.1ms
[2022-03-24T09:49:53.212+0000][34806.920s] GC(53) Eden regions: 95->0(92)
[2022-03-24T09:49:53.213+0000][34806.920s] GC(53) Survivor regions: 4->4(13)
[2022-03-24T09:49:53.213+0000][34806.921s] GC(53) Old regions: 180->180
[2022-03-24T09:49:53.213+0000][34806.921s] GC(53) Humongous regions: 4->4
[2022-03-24T09:49:53.213+0000][34806.921s] GC(53) Metaspace: 56567K->56567K(1101824K)
[2022-03-24T09:49:53.214+0000][34806.922s] GC(53) Pause Young (Normal) (G1 Evacuation Pause) 280M->185M(512M) 248.230ms
[2022-03-24T09:49:53.214+0000][34806.922s] GC(53) User=0.91s Sys=0.00s Real=0.25s
[2022-03-24T10:18:33.061+0000][36526.769s] GC(54) Pause Young (Normal) (G1 Evacuation Pause)
[2022-03-24T10:18:33.062+0000][36526.770s] GC(54) Using 4 workers of 4 for evacuation
[2022-03-24T10:18:33.278+0000][36526.986s] GC(54)   Pre Evacuate Collection Set: 18.6ms
[2022-03-24T10:18:33.278+0000][36526.986s] GC(54)   Evacuate Collection Set: 185.6ms
[2022-03-24T10:18:33.279+0000][36526.986s] GC(54)   Post Evacuate Collection Set: 8.6ms
[2022-03-24T10:18:33.279+0000][36526.986s] GC(54)   Other: 12.5ms
[2022-03-24T10:18:33.279+0000][36526.987s] GC(54) Eden regions: 92->0(76)
[2022-03-24T10:18:33.279+0000][36526.987s] GC(54) Survivor regions: 4->7(12)
[2022-03-24T10:18:33.280+0000][36526.988s] GC(54) Old regions: 180->180
[2022-03-24T10:18:33.280+0000][36526.988s] GC(54) Humongous regions: 7->7
[2022-03-24T10:18:33.281+0000][36526.988s] GC(54) Metaspace: 56933K->56933K(1101824K)
[2022-03-24T10:18:33.282+0000][36526.989s] GC(54) Pause Young (Normal) (G1 Evacuation Pause) 280M->192M(512M) 220.572ms
[2022-03-24T10:18:33.282+0000][36526.990s] GC(54) User=0.77s Sys=0.00s Real=0.22s
[2022-03-24T12:21:55.933+0000][43929.641s] GC(55) Pause Young (Normal) (G1 Evacuation Pause)
[2022-03-24T12:21:55.935+0000][43929.643s] GC(55) Using 4 workers of 4 for evacuation
[2022-03-24T12:21:56.230+0000][43929.937s] GC(55) MMU target violated: 251.0ms (250.0ms/251.0ms)
[2022-03-24T12:21:56.230+0000][43929.938s] GC(55)   Pre Evacuate Collection Set: 25.9ms
[2022-03-24T12:21:56.231+0000][43929.938s] GC(55)   Evacuate Collection Set: 255.6ms
[2022-03-24T12:21:56.231+0000][43929.939s] GC(55)   Post Evacuate Collection Set: 6.0ms
[2022-03-24T12:21:56.232+0000][43929.939s] GC(55)   Other: 10.9ms
[2022-03-24T12:21:56.232+0000][43929.939s] GC(55) Eden regions: 76->0(79)
[2022-03-24T12:21:56.232+0000][43929.940s] GC(55) Survivor regions: 7->6(11)
[2022-03-24T12:21:56.232+0000][43929.940s] GC(55) Old regions: 180->181
[2022-03-24T12:21:56.233+0000][43929.940s] GC(55) Humongous regions: 7->7
[2022-03-24T12:21:56.233+0000][43929.941s] GC(55) Metaspace: 56942K->56942K(1101824K)
[2022-03-24T12:21:56.234+0000][43929.941s] GC(55) Pause Young (Normal) (G1 Evacuation Pause) 268M->192M(512M) 300.313ms
[2022-03-24T12:21:56.234+0000][43929.942s] GC(55) User=1.05s Sys=0.00s Real=0.30s
[2022-03-24T14:00:02.719+0000][49816.427s] GC(56) Pause Young (Normal) (G1 Evacuation Pause)
[2022-03-24T14:00:02.720+0000][49816.427s] GC(56) Using 4 workers of 4 for evacuation
[2022-03-24T14:00:03.083+0000][49816.791s] GC(56) MMU target violated: 251.0ms (250.0ms/251.0ms)
[2022-03-24T14:00:03.084+0000][49816.791s] GC(56)   Pre Evacuate Collection Set: 28.1ms
[2022-03-24T14:00:03.084+0000][49816.792s] GC(56)   Evacuate Collection Set: 303.0ms
[2022-03-24T14:00:03.084+0000][49816.792s] GC(56)   Post Evacuate Collection Set: 30.2ms
[2022-03-24T14:00:03.085+0000][49816.792s] GC(56)   Other: 4.1ms
[2022-03-24T14:00:03.085+0000][49816.793s] GC(56) Eden regions: 79->0(77)
[2022-03-24T14:00:03.085+0000][49816.793s] GC(56) Survivor regions: 6->7(11)
[2022-03-24T14:00:03.086+0000][49816.793s] GC(56) Old regions: 181->183
[2022-03-24T14:00:03.086+0000][49816.793s] GC(56) Humongous regions: 7->7
[2022-03-24T14:00:03.086+0000][49816.794s] GC(56) Metaspace: 56951K->56951K(1101824K)
[2022-03-24T14:00:03.087+0000][49816.794s] GC(56) Pause Young (Normal) (G1 Evacuation Pause) 271M->194M(512M) 367.904ms
[2022-03-24T14:00:03.087+0000][49816.795s] GC(56) User=1.23s Sys=0.01s Real=0.37s
[2022-03-24T14:00:07.044+0000][49820.752s] GC(57) Pause Young (Normal) (G1 Evacuation Pause)
[2022-03-24T14:00:07.045+0000][49820.752s] GC(57) Using 4 workers of 4 for evacuation
[2022-03-24T14:00:07.293+0000][49821.000s] GC(57)   Pre Evacuate Collection Set: 0.0ms
[2022-03-24T14:00:07.293+0000][49821.001s] GC(57)   Evacuate Collection Set: 228.3ms
[2022-03-24T14:00:07.294+0000][49821.001s] GC(57)   Post Evacuate Collection Set: 18.8ms
[2022-03-24T14:00:07.294+0000][49821.001s] GC(57)   Other: 1.7ms
[2022-03-24T14:00:07.294+0000][49821.002s] GC(57) Eden regions: 77->0(66)
[2022-03-24T14:00:07.294+0000][49821.002s] GC(57) Survivor regions: 7->9(11)
[2022-03-24T14:00:07.295+0000][49821.002s] GC(57) Old regions: 183->187
[2022-03-24T14:00:07.295+0000][49821.003s] GC(57) Humongous regions: 7->7
[2022-03-24T14:00:07.296+0000][49821.004s] GC(57) Metaspace: 56972K->56972K(1101824K)
[2022-03-24T14:00:07.297+0000][49821.004s] GC(57) Pause Young (Normal) (G1 Evacuation Pause) 271M->200M(512M) 252.792ms
[2022-03-24T14:00:07.297+0000][49821.005s] GC(57) User=0.58s Sys=0.03s Real=0.26s
[2022-03-24T14:00:09.183+0000][49822.890s] GC(58) Pause Young (Normal) (G1 Evacuation Pause)
[2022-03-24T14:00:09.183+0000][49822.891s] GC(58) Using 4 workers of 4 for evacuation
[2022-03-24T14:00:09.244+0000][49822.951s] GC(58)   Pre Evacuate Collection Set: 0.0ms
[2022-03-24T14:00:09.244+0000][49822.952s] GC(58)   Evacuate Collection Set: 58.0ms
[2022-03-24T14:00:09.244+0000][49822.952s] GC(58)   Post Evacuate Collection Set: 2.0ms
[2022-03-24T14:00:09.245+0000][49822.952s] GC(58)   Other: 0.8ms
[2022-03-24T14:00:09.245+0000][49822.953s] GC(58) Eden regions: 66->0(83)
[2022-03-24T14:00:09.245+0000][49822.953s] GC(58) Survivor regions: 9->5(10)
[2022-03-24T14:00:09.245+0000][49822.953s] GC(58) Old regions: 187->194
[2022-03-24T14:00:09.246+0000][49822.953s] GC(58) Humongous regions: 7->7
[2022-03-24T14:00:09.246+0000][49822.954s] GC(58) Metaspace: 56996K->56996K(1101824K)
[2022-03-24T14:00:09.246+0000][49822.954s] GC(58) Pause Young (Normal) (G1 Evacuation Pause) 266M->203M(512M) 63.537ms
[2022-03-24T14:00:09.247+0000][49822.954s] GC(58) User=0.17s Sys=0.00s Real=0.06s
[2022-03-24T14:00:11.221+0000][49824.929s] GC(59) Pause Young (Normal) (G1 Evacuation Pause)
[2022-03-24T14:00:11.222+0000][49824.929s] GC(59) Using 4 workers of 4 for evacuation
[2022-03-24T14:00:11.286+0000][49824.993s] GC(59)   Pre Evacuate Collection Set: 0.0ms
[2022-03-24T14:00:11.286+0000][49824.993s] GC(59)   Evacuate Collection Set: 39.1ms
[2022-03-24T14:00:11.286+0000][49824.994s] GC(59)   Post Evacuate Collection Set: 24.3ms
[2022-03-24T14:00:11.286+0000][49824.994s] GC(59)   Other: 0.7ms
[2022-03-24T14:00:11.286+0000][49824.994s] GC(59) Eden regions: 83->0(88)
[2022-03-24T14:00:11.287+0000][49824.994s] GC(59) Survivor regions: 5->10(11)
[2022-03-24T14:00:11.287+0000][49824.994s] GC(59) Old regions: 194->194
[2022-03-24T14:00:11.287+0000][49824.994s] GC(59) Humongous regions: 7->7
[2022-03-24T14:00:11.287+0000][49824.995s] GC(59) Metaspace: 57012K->57012K(1101824K)
[2022-03-24T14:00:11.287+0000][49824.995s] GC(59) Pause Young (Normal) (G1 Evacuation Pause) 286M->208M(512M) 65.801ms
[2022-03-24T14:00:11.287+0000][49824.995s] GC(59) User=0.23s Sys=0.01s Real=0.07s
[2022-03-24T14:00:12.601+0000][49826.309s] GC(60) Pause Young (Normal) (G1 Evacuation Pause)
[2022-03-24T14:00:12.601+0000][49826.309s] GC(60) Using 4 workers of 4 for evacuation
[2022-03-24T14:00:12.691+0000][49826.399s] GC(60)   Pre Evacuate Collection Set: 0.0ms
[2022-03-24T14:00:12.691+0000][49826.399s] GC(60)   Evacuate Collection Set: 87.2ms
[2022-03-24T14:00:12.692+0000][49826.399s] GC(60)   Post Evacuate Collection Set: 1.8ms
[2022-03-24T14:00:12.692+0000][49826.400s] GC(60)   Other: 1.0ms
[2022-03-24T14:00:12.693+0000][49826.400s] GC(60) Eden regions: 88->0(96)
[2022-03-24T14:00:12.693+0000][49826.401s] GC(60) Survivor regions: 10->10(13)
[2022-03-24T14:00:12.695+0000][49826.402s] GC(60) Old regions: 194->197
[2022-03-24T14:00:12.695+0000][49826.403s] GC(60) Humongous regions: 7->7
[2022-03-24T14:00:12.695+0000][49826.403s] GC(60) Metaspace: 57029K->57029K(1101824K)
[2022-03-24T14:00:12.696+0000][49826.403s] GC(60) Pause Young (Normal) (G1 Evacuation Pause) 296M->211M(512M) 94.794ms
[2022-03-24T14:00:12.696+0000][49826.404s] GC(60) User=0.31s Sys=0.00s Real=0.09s
[2022-03-24T14:00:14.534+0000][49828.242s] GC(61) Pause Young (Normal) (G1 Evacuation Pause)
[2022-03-24T14:00:14.535+0000][49828.242s] GC(61) Using 4 workers of 4 for evacuation
[2022-03-24T14:00:14.621+0000][49828.328s] GC(61)   Pre Evacuate Collection Set: 0.1ms
[2022-03-24T14:00:14.621+0000][49828.329s] GC(61)   Evacuate Collection Set: 57.7ms
[2022-03-24T14:00:14.621+0000][49828.329s] GC(61)   Post Evacuate Collection Set: 27.7ms
[2022-03-24T14:00:14.622+0000][49828.329s] GC(61)   Other: 1.0ms
[2022-03-24T14:00:14.622+0000][49828.330s] GC(61) Eden regions: 96->0(110)
[2022-03-24T14:00:14.622+0000][49828.330s] GC(61) Survivor regions: 10->12(14)
[2022-03-24T14:00:14.622+0000][49828.330s] GC(61) Old regions: 197->200
[2022-03-24T14:00:14.623+0000][49828.330s] GC(61) Humongous regions: 7->7
[2022-03-24T14:00:14.623+0000][49828.330s] GC(61) Metaspace: 57086K->57086K(1101824K)
[2022-03-24T14:00:14.623+0000][49828.331s] GC(61) Pause Young (Normal) (G1 Evacuation Pause) 307M->216M(512M) 88.834ms
[2022-03-24T14:00:14.624+0000][49828.332s] GC(61) User=0.30s Sys=0.00s Real=0.09s
[2022-03-24T14:00:16.978+0000][49830.686s] GC(62) Pause Young (Normal) (G1 Evacuation Pause)
[2022-03-24T14:00:16.979+0000][49830.686s] GC(62) Using 4 workers of 4 for evacuation
[2022-03-24T14:00:17.056+0000][49830.763s] GC(62)   Pre Evacuate Collection Set: 0.0ms
[2022-03-24T14:00:17.056+0000][49830.764s] GC(62)   Evacuate Collection Set: 72.4ms
[2022-03-24T14:00:17.056+0000][49830.764s] GC(62)   Post Evacuate Collection Set: 3.8ms
[2022-03-24T14:00:17.057+0000][49830.764s] GC(62)   Other: 1.2ms
[2022-03-24T14:00:17.057+0000][49830.764s] GC(62) Eden regions: 110->0(209)
[2022-03-24T14:00:17.057+0000][49830.765s] GC(62) Survivor regions: 12->11(16)
[2022-03-24T14:00:17.057+0000][49830.765s] GC(62) Old regions: 200->203
[2022-03-24T14:00:17.058+0000][49830.765s] GC(62) Humongous regions: 7->7
[2022-03-24T14:00:17.058+0000][49830.765s] GC(62) Metaspace: 57102K->57102K(1101824K)
[2022-03-24T14:00:17.058+0000][49830.766s] GC(62) Pause Young (Normal) (G1 Evacuation Pause) 326M->218M(512M) 79.834ms
[2022-03-24T14:00:17.058+0000][49830.766s] GC(62) User=0.29s Sys=0.00s Real=0.08s
[2022-03-24T14:04:48.932+0000][50102.640s] GC(63) Pause Young (Normal) (G1 Evacuation Pause)
[2022-03-24T14:04:48.933+0000][50102.640s] GC(63) Using 4 workers of 4 for evacuation
[2022-03-24T14:04:49.023+0000][50102.731s] GC(63)   Pre Evacuate Collection Set: 0.1ms
[2022-03-24T14:04:49.024+0000][50102.731s] GC(63)   Evacuate Collection Set: 23.0ms
[2022-03-24T14:04:49.024+0000][50102.732s] GC(63)   Post Evacuate Collection Set: 64.7ms
[2022-03-24T14:04:49.024+0000][50102.732s] GC(63)   Other: 3.3ms
[2022-03-24T14:04:49.025+0000][50102.732s] GC(63) Eden regions: 209->0(188)
[2022-03-24T14:04:49.025+0000][50102.732s] GC(63) Survivor regions: 11->19(28)
[2022-03-24T14:04:49.025+0000][50102.732s] GC(63) Old regions: 203->203
[2022-03-24T14:04:49.025+0000][50102.733s] GC(63) Humongous regions: 7->7
[2022-03-24T14:04:49.025+0000][50102.733s] GC(63) Metaspace: 57210K->57210K(1101824K)
[2022-03-24T14:04:49.025+0000][50102.733s] GC(63) Pause Young (Normal) (G1 Evacuation Pause) 427M->226M(512M) 93.066ms
[2022-03-24T14:04:49.026+0000][50102.733s] GC(63) User=0.34s Sys=0.00s Real=0.09s
[2022-03-24T14:07:48.879+0000][50282.586s] GC(64) Pause Young (Normal) (G1 Evacuation Pause)
[2022-03-24T14:07:48.879+0000][50282.587s] GC(64) Using 4 workers of 4 for evacuation
[2022-03-24T14:07:48.915+0000][50282.622s] GC(64)   Pre Evacuate Collection Set: 0.1ms
[2022-03-24T14:07:48.915+0000][50282.623s] GC(64)   Evacuate Collection Set: 25.4ms
[2022-03-24T14:07:48.916+0000][50282.624s] GC(64)   Post Evacuate Collection Set: 9.3ms
[2022-03-24T14:07:48.916+0000][50282.624s] GC(64)   Other: 1.2ms
[2022-03-24T14:07:48.917+0000][50282.624s] GC(64) Eden regions: 188->0(208)
[2022-03-24T14:07:48.917+0000][50282.624s] GC(64) Survivor regions: 19->6(26)
[2022-03-24T14:07:48.917+0000][50282.625s] GC(64) Old regions: 203->204
[2022-03-24T14:07:48.917+0000][50282.625s] GC(64) Humongous regions: 7->7
[2022-03-24T14:07:48.917+0000][50282.625s] GC(64) Metaspace: 58129K->58129K(1101824K)
[2022-03-24T14:07:48.918+0000][50282.625s] GC(64) Pause Young (Normal) (G1 Evacuation Pause) 414M->214M(512M) 38.996ms
[2022-03-24T14:07:48.918+0000][50282.625s] GC(64) User=0.12s Sys=0.00s Real=0.04s
[2022-03-24T14:11:04.338+0000][50478.046s] GC(65) Pause Young (Normal) (G1 Evacuation Pause)
[2022-03-24T14:11:04.339+0000][50478.047s] GC(65) Using 4 workers of 4 for evacuation
[2022-03-24T14:11:04.351+0000][50478.059s] GC(65)   Pre Evacuate Collection Set: 0.1ms
[2022-03-24T14:11:04.352+0000][50478.059s] GC(65)   Evacuate Collection Set: 9.4ms
[2022-03-24T14:11:04.352+0000][50478.059s] GC(65)   Post Evacuate Collection Set: 1.9ms
[2022-03-24T14:11:04.352+0000][50478.060s] GC(65)   Other: 1.7ms
[2022-03-24T14:11:04.352+0000][50478.060s] GC(65) Eden regions: 208->0(218)
[2022-03-24T14:11:04.352+0000][50478.060s] GC(65) Survivor regions: 6->4(27)
[2022-03-24T14:11:04.353+0000][50478.060s] GC(65) Old regions: 204->204
[2022-03-24T14:11:04.353+0000][50478.060s] GC(65) Humongous regions: 7->7
[2022-03-24T14:11:04.353+0000][50478.061s] GC(65) Metaspace: 58424K->58424K(1101824K)
[2022-03-24T14:11:04.353+0000][50478.061s] GC(65) Pause Young (Normal) (G1 Evacuation Pause) 422M->213M(512M) 15.115ms
[2022-03-24T14:11:04.353+0000][50478.061s] GC(65) User=0.04s Sys=0.00s Real=0.01s
[2022-03-24T14:14:28.898+0000][50682.605s] GC(66) Pause Young (Normal) (G1 Evacuation Pause)
[2022-03-24T14:14:28.898+0000][50682.606s] GC(66) Using 4 workers of 4 for evacuation
[2022-03-24T14:14:28.909+0000][50682.617s] GC(66)   Pre Evacuate Collection Set: 0.1ms
[2022-03-24T14:14:28.910+0000][50682.618s] GC(66)   Evacuate Collection Set: 9.0ms
[2022-03-24T14:14:28.910+0000][50682.618s] GC(66)   Post Evacuate Collection Set: 1.5ms
[2022-03-24T14:14:28.911+0000][50682.618s] GC(66)   Other: 0.9ms
[2022-03-24T14:14:28.911+0000][50682.618s] GC(66) Eden regions: 218->0(219)
[2022-03-24T14:14:28.911+0000][50682.619s] GC(66) Survivor regions: 4->5(28)
[2022-03-24T14:14:28.912+0000][50682.619s] GC(66) Old regions: 204->204
[2022-03-24T14:14:28.912+0000][50682.619s] GC(66) Humongous regions: 7->7
[2022-03-24T14:14:28.912+0000][50682.620s] GC(66) Metaspace: 58640K->58640K(1103872K)
[2022-03-24T14:14:28.912+0000][50682.620s] GC(66) Pause Young (Normal) (G1 Evacuation Pause) 430M->213M(512M) 14.525ms
[2022-03-24T14:14:28.913+0000][50682.620s] GC(66) User=0.03s Sys=0.00s Real=0.01s
[2022-03-24T14:17:33.993+0000][50867.700s] GC(67) Pause Young (Normal) (G1 Evacuation Pause)
[2022-03-24T14:17:33.993+0000][50867.701s] GC(67) Using 4 workers of 4 for evacuation
[2022-03-24T14:17:34.009+0000][50867.717s] GC(67)   Pre Evacuate Collection Set: 0.0ms
[2022-03-24T14:17:34.009+0000][50867.717s] GC(67)   Evacuate Collection Set: 13.5ms
[2022-03-24T14:17:34.010+0000][50867.717s] GC(67)   Post Evacuate Collection Set: 1.8ms
[2022-03-24T14:17:34.010+0000][50867.717s] GC(67)   Other: 0.9ms
[2022-03-24T14:17:34.010+0000][50867.718s] GC(67) Eden regions: 219->0(223)
[2022-03-24T14:17:34.010+0000][50867.718s] GC(67) Survivor regions: 5->6(28)
[2022-03-24T14:17:34.011+0000][50867.718s] GC(67) Old regions: 204->204
[2022-03-24T14:17:34.011+0000][50867.719s] GC(67) Humongous regions: 7->7
[2022-03-24T14:17:34.015+0000][50867.722s] GC(67) Metaspace: 58816K->58816K(1103872K)
[2022-03-24T14:17:34.015+0000][50867.723s] GC(67) Pause Young (Normal) (G1 Evacuation Pause) 432M->214M(512M) 22.213ms
[2022-03-24T14:17:34.015+0000][50867.723s] GC(67) User=0.06s Sys=0.00s Real=0.02s
[2022-03-24T14:20:48.876+0000][51062.584s] GC(68) Pause Young (Normal) (G1 Evacuation Pause)
[2022-03-24T14:20:48.876+0000][51062.584s] GC(68) Using 4 workers of 4 for evacuation
[2022-03-24T14:20:48.907+0000][51062.615s] GC(68)   Pre Evacuate Collection Set: 0.1ms
[2022-03-24T14:20:48.907+0000][51062.615s] GC(68)   Evacuate Collection Set: 28.9ms
[2022-03-24T14:20:48.908+0000][51062.615s] GC(68)   Post Evacuate Collection Set: 1.2ms
[2022-03-24T14:20:48.908+0000][51062.616s] GC(68)   Other: 0.8ms
[2022-03-24T14:20:48.908+0000][51062.616s] GC(68) Eden regions: 223->0(225)
[2022-03-24T14:20:48.908+0000][51062.616s] GC(68) Survivor regions: 6->6(29)
[2022-03-24T14:20:48.909+0000][51062.616s] GC(68) Old regions: 204->204
[2022-03-24T14:20:48.909+0000][51062.616s] GC(68) Humongous regions: 7->7
[2022-03-24T14:20:48.909+0000][51062.617s] GC(68) Metaspace: 58930K->58930K(1103872K)
[2022-03-24T14:20:48.909+0000][51062.617s] GC(68) Pause Young (Normal) (G1 Evacuation Pause) 437M->214M(512M) 33.132ms
[2022-03-24T14:20:48.910+0000][51062.617s] GC(68) User=0.11s Sys=0.01s Real=0.04s
[2022-03-25T06:53:25.148+0000][59055.799s] GC(69) Pause Young (Normal) (G1 Evacuation Pause)
[2022-03-25T06:53:25.154+0000][59055.804s] GC(69) Using 4 workers of 4 for evacuation
[2022-03-25T06:53:26.827+0000][59057.477s] GC(69) MMU target violated: 251.0ms (250.0ms/251.0ms)
[2022-03-25T06:53:26.830+0000][59057.480s] GC(69)   Pre Evacuate Collection Set: 124.2ms
[2022-03-25T06:53:26.831+0000][59057.481s] GC(69)   Evacuate Collection Set: 1322.6ms
[2022-03-25T06:53:26.832+0000][59057.482s] GC(69)   Post Evacuate Collection Set: 112.9ms
[2022-03-25T06:53:26.833+0000][59057.483s] GC(69)   Other: 152.2ms
[2022-03-25T06:53:26.834+0000][59057.484s] GC(69) Eden regions: 225->0(18)
[2022-03-25T06:53:26.844+0000][59057.494s] GC(69) Survivor regions: 6->7(29)
[2022-03-25T06:53:26.848+0000][59057.498s] GC(69) Old regions: 204->204
[2022-03-25T06:53:26.849+0000][59057.499s] GC(69) Humongous regions: 7->7
[2022-03-25T06:53:26.850+0000][59057.500s] GC(69) Metaspace: 59308K->59308K(1103872K)
[2022-03-25T06:53:26.862+0000][59057.512s] GC(69) Pause Young (Normal) (G1 Evacuation Pause) 439M->215M(512M) 1714.405ms
[2022-03-25T06:53:26.867+0000][59057.517s] GC(69) User=1.57s Sys=0.00s Real=1.72s
[2022-03-25T06:53:29.116+0000][59059.767s] GC(70) Pause Young (Normal) (G1 Evacuation Pause)
[2022-03-25T06:53:29.118+0000][59059.769s] GC(70) Using 4 workers of 4 for evacuation
[2022-03-25T06:53:29.724+0000][59060.374s] GC(70) MMU target violated: 251.0ms (250.0ms/251.0ms)
[2022-03-25T06:53:29.728+0000][59060.378s] GC(70)   Pre Evacuate Collection Set: 0.0ms
[2022-03-25T06:53:29.738+0000][59060.388s] GC(70)   Evacuate Collection Set: 596.7ms
[2022-03-25T06:53:29.745+0000][59060.396s] GC(70)   Post Evacuate Collection Set: 3.4ms
[2022-03-25T06:53:29.747+0000][59060.397s] GC(70)   Other: 11.8ms
[2022-03-25T06:53:29.754+0000][59060.404s] GC(70) Eden regions: 18->0(23)
[2022-03-25T06:53:29.755+0000][59060.405s] GC(70) Survivor regions: 7->2(4)
[2022-03-25T06:53:29.755+0000][59060.406s] GC(70) Old regions: 204->210
[2022-03-25T06:53:29.756+0000][59060.406s] GC(70) Humongous regions: 7->7
[2022-03-25T06:53:29.756+0000][59060.406s] GC(70) Metaspace: 59321K->59321K(1103872K)
[2022-03-25T06:53:29.759+0000][59060.410s] GC(70) Pause Young (Normal) (G1 Evacuation Pause) 233M->216M(512M) 642.862ms
[2022-03-25T06:53:29.760+0000][59060.410s] GC(70) User=0.18s Sys=0.13s Real=0.64s
[2022-03-25T06:53:31.983+0000][59062.633s] GC(71) Pause Young (Normal) (G1 Evacuation Pause)
[2022-03-25T06:53:31.984+0000][59062.634s] GC(71) Using 4 workers of 4 for evacuation
[2022-03-25T06:53:32.013+0000][59062.664s] GC(71)   Pre Evacuate Collection Set: 0.0ms
[2022-03-25T06:53:32.014+0000][59062.664s] GC(71)   Evacuate Collection Set: 26.1ms
[2022-03-25T06:53:32.015+0000][59062.665s] GC(71)   Post Evacuate Collection Set: 2.0ms
[2022-03-25T06:53:32.015+0000][59062.665s] GC(71)   Other: 2.3ms
[2022-03-25T06:53:32.015+0000][59062.666s] GC(71) Eden regions: 23->0(25)
[2022-03-25T06:53:32.016+0000][59062.666s] GC(71) Survivor regions: 2->1(4)
[2022-03-25T06:53:32.016+0000][59062.666s] GC(71) Old regions: 210->210
[2022-03-25T06:53:32.017+0000][59062.667s] GC(71) Humongous regions: 7->7
[2022-03-25T06:53:32.017+0000][59062.667s] GC(71) Metaspace: 59324K->59324K(1103872K)
[2022-03-25T06:53:32.017+0000][59062.667s] GC(71) Pause Young (Normal) (G1 Evacuation Pause) 239M->215M(512M) 34.182ms
[2022-03-25T06:53:32.018+0000][59062.668s] GC(71) User=0.04s Sys=0.01s Real=0.04s
[2022-03-25T06:53:35.026+0000][59065.676s] GC(72) Pause Young (Normal) (G1 Evacuation Pause)
[2022-03-25T06:53:35.027+0000][59065.677s] GC(72) Using 4 workers of 4 for evacuation
[2022-03-25T06:53:35.092+0000][59065.743s] GC(72)   Pre Evacuate Collection Set: 0.0ms
[2022-03-25T06:53:35.107+0000][59065.757s] GC(72)   Evacuate Collection Set: 63.5ms
[2022-03-25T06:53:35.112+0000][59065.763s] GC(72)   Post Evacuate Collection Set: 0.9ms
[2022-03-25T06:53:35.116+0000][59065.766s] GC(72)   Other: 2.0ms
[2022-03-25T06:53:35.117+0000][59065.767s] GC(72) Eden regions: 25->0(30)
[2022-03-25T06:53:35.119+0000][59065.769s] GC(72) Survivor regions: 1->1(4)
[2022-03-25T06:53:35.121+0000][59065.771s] GC(72) Old regions: 210->210
[2022-03-25T06:53:35.124+0000][59065.774s] GC(72) Humongous regions: 7->7
[2022-03-25T06:53:35.130+0000][59065.780s] GC(72) Metaspace: 59333K->59333K(1103872K)
[2022-03-25T06:53:35.131+0000][59065.781s] GC(72) Pause Young (Normal) (G1 Evacuation Pause) 240M->215M(512M) 104.581ms
[2022-03-25T06:53:35.135+0000][59065.785s] GC(72) User=0.02s Sys=0.01s Real=0.11s
[2022-03-25T06:53:36.821+0000][59067.471s] GC(73) Pause Young (Normal) (G1 Evacuation Pause)
[2022-03-25T06:53:36.821+0000][59067.472s] GC(73) Using 4 workers of 4 for evacuation
[2022-03-25T06:53:36.866+0000][59067.516s] GC(73)   Pre Evacuate Collection Set: 0.0ms
[2022-03-25T06:53:36.869+0000][59067.520s] GC(73)   Evacuate Collection Set: 42.7ms
[2022-03-25T06:53:36.873+0000][59067.523s] GC(73)   Post Evacuate Collection Set: 0.5ms
[2022-03-25T06:53:36.874+0000][59067.525s] GC(73)   Other: 1.5ms
[2022-03-25T06:53:36.875+0000][59067.526s] GC(73) Eden regions: 30->0(39)
[2022-03-25T06:53:36.877+0000][59067.527s] GC(73) Survivor regions: 1->1(4)
[2022-03-25T06:53:36.878+0000][59067.528s] GC(73) Old regions: 210->210
[2022-03-25T06:53:36.879+0000][59067.529s] GC(73) Humongous regions: 7->7
[2022-03-25T06:53:36.879+0000][59067.530s] GC(73) Metaspace: 59341K->59341K(1103872K)
[2022-03-25T06:53:36.880+0000][59067.530s] GC(73) Pause Young (Normal) (G1 Evacuation Pause) 245M->215M(512M) 58.833ms
[2022-03-25T06:53:36.880+0000][59067.530s] GC(73) User=0.04s Sys=0.01s Real=0.06s
[2022-03-25T06:53:40.173+0000][59070.823s] GC(74) Pause Young (Normal) (G1 Evacuation Pause)
[2022-03-25T06:53:40.175+0000][59070.825s] GC(74) Using 4 workers of 4 for evacuation
[2022-03-25T06:53:40.221+0000][59070.871s] GC(74)   Pre Evacuate Collection Set: 0.1ms
[2022-03-25T06:53:40.232+0000][59070.882s] GC(74)   Evacuate Collection Set: 45.2ms
[2022-03-25T06:53:40.232+0000][59070.883s] GC(74)   Post Evacuate Collection Set: 0.5ms
[2022-03-25T06:53:40.233+0000][59070.883s] GC(74)   Other: 2.2ms
[2022-03-25T06:53:40.233+0000][59070.883s] GC(74) Eden regions: 39->0(47)
[2022-03-25T06:53:40.233+0000][59070.883s] GC(74) Survivor regions: 1->1(5)
[2022-03-25T06:53:40.233+0000][59070.884s] GC(74) Old regions: 210->210
[2022-03-25T06:53:40.234+0000][59070.884s] GC(74) Humongous regions: 7->7
[2022-03-25T06:53:40.234+0000][59070.885s] GC(74) Metaspace: 59371K->59371K(1103872K)
[2022-03-25T06:53:40.235+0000][59070.885s] GC(74) Pause Young (Normal) (G1 Evacuation Pause) 254M->215M(512M) 61.789ms
[2022-03-25T06:53:40.235+0000][59070.885s] GC(74) User=0.08s Sys=0.02s Real=0.07s
[2022-03-25T06:53:49.307+0000][59079.957s] GC(75) Pause Young (Normal) (G1 Evacuation Pause)
[2022-03-25T06:53:49.330+0000][59079.981s] GC(75) Using 4 workers of 4 for evacuation
[2022-03-25T06:53:49.453+0000][59080.104s] GC(75)   Pre Evacuate Collection Set: 0.0ms
[2022-03-25T06:53:49.454+0000][59080.104s] GC(75)   Evacuate Collection Set: 106.1ms
[2022-03-25T06:53:49.456+0000][59080.106s] GC(75)   Post Evacuate Collection Set: 0.8ms
[2022-03-25T06:53:49.463+0000][59080.114s] GC(75)   Other: 39.3ms
[2022-03-25T06:53:49.465+0000][59080.115s] GC(75) Eden regions: 47->0(46)
[2022-03-25T06:53:49.466+0000][59080.116s] GC(75) Survivor regions: 1->1(6)
[2022-03-25T06:53:49.467+0000][59080.117s] GC(75) Old regions: 210->210
[2022-03-25T06:53:49.467+0000][59080.117s] GC(75) Humongous regions: 7->7
[2022-03-25T06:53:49.467+0000][59080.118s] GC(75) Metaspace: 59378K->59378K(1103872K)
[2022-03-25T06:53:49.472+0000][59080.122s] GC(75) Pause Young (Normal) (G1 Evacuation Pause) 262M->215M(512M) 164.827ms
[2022-03-25T06:53:49.474+0000][59080.125s] GC(75) User=0.06s Sys=0.00s Real=0.18s
[2022-03-25T07:00:30.780+0000][59481.430s] GC(76) Pause Young (Normal) (G1 Evacuation Pause)
[2022-03-25T07:00:30.780+0000][59481.430s] GC(76) Using 4 workers of 4 for evacuation
[2022-03-25T07:00:30.793+0000][59481.443s] GC(76)   Pre Evacuate Collection Set: 0.1ms
[2022-03-25T07:00:30.794+0000][59481.445s] GC(76)   Evacuate Collection Set: 10.4ms
[2022-03-25T07:00:30.795+0000][59481.445s] GC(76)   Post Evacuate Collection Set: 1.2ms
[2022-03-25T07:00:30.795+0000][59481.446s] GC(76)   Other: 2.0ms
[2022-03-25T07:00:30.796+0000][59481.446s] GC(76) Eden regions: 46->0(57)
[2022-03-25T07:00:30.796+0000][59481.446s] GC(76) Survivor regions: 1->1(6)
[2022-03-25T07:00:30.796+0000][59481.447s] GC(76) Old regions: 210->210
[2022-03-25T07:00:30.797+0000][59481.447s] GC(76) Humongous regions: 7->7
[2022-03-25T07:00:30.797+0000][59481.447s] GC(76) Metaspace: 59396K->59396K(1103872K)
[2022-03-25T07:00:30.798+0000][59481.448s] GC(76) Pause Young (Normal) (G1 Evacuation Pause) 261M->215M(512M) 18.019ms
[2022-03-25T07:00:30.798+0000][59481.448s] GC(76) User=0.01s Sys=0.01s Real=0.02s
[2022-03-25T07:04:24.218+0000][59714.868s] GC(77) Pause Young (Normal) (G1 Evacuation Pause)
[2022-03-25T07:04:24.218+0000][59714.869s] GC(77) Using 4 workers of 4 for evacuation
[2022-03-25T07:04:24.256+0000][59714.906s] GC(77)   Pre Evacuate Collection Set: 0.4ms
[2022-03-25T07:04:24.256+0000][59714.906s] GC(77)   Evacuate Collection Set: 35.8ms
[2022-03-25T07:04:24.256+0000][59714.907s] GC(77)   Post Evacuate Collection Set: 0.6ms
[2022-03-25T07:04:24.256+0000][59714.907s] GC(77)   Other: 1.2ms
[2022-03-25T07:04:24.257+0000][59714.907s] GC(77) Eden regions: 57->0(66)
[2022-03-25T07:04:24.257+0000][59714.907s] GC(77) Survivor regions: 1->1(8)
[2022-03-25T07:04:24.257+0000][59714.907s] GC(77) Old regions: 210->210
[2022-03-25T07:04:24.258+0000][59714.908s] GC(77) Humongous regions: 7->7
[2022-03-25T07:04:24.258+0000][59714.908s] GC(77) Metaspace: 59428K->59428K(1103872K)
[2022-03-25T07:04:24.258+0000][59714.909s] GC(77) Pause Young (Normal) (G1 Evacuation Pause) 272M->215M(512M) 40.422ms
[2022-03-25T07:04:24.258+0000][59714.909s] GC(77) User=0.08s Sys=0.00s Real=0.04s
[2022-03-25T07:07:29.531+0000][59900.181s] GC(78) Pause Young (Normal) (G1 Evacuation Pause)
[2022-03-25T07:07:29.536+0000][59900.186s] GC(78) Using 4 workers of 4 for evacuation
[2022-03-25T07:07:29.626+0000][59900.276s] GC(78)   Pre Evacuate Collection Set: 0.1ms
[2022-03-25T07:07:29.651+0000][59900.302s] GC(78)   Evacuate Collection Set: 86.7ms
[2022-03-25T07:07:29.677+0000][59900.327s] GC(78)   Post Evacuate Collection Set: 0.9ms
[2022-03-25T07:07:29.690+0000][59900.340s] GC(78)   Other: 6.7ms
[2022-03-25T07:07:29.696+0000][59900.346s] GC(78) Eden regions: 66->0(73)
[2022-03-25T07:07:29.698+0000][59900.349s] GC(78) Survivor regions: 1->2(9)
[2022-03-25T07:07:29.699+0000][59900.350s] GC(78) Old regions: 210->210
[2022-03-25T07:07:29.712+0000][59900.362s] GC(78) Humongous regions: 7->7
[2022-03-25T07:07:29.712+0000][59900.363s] GC(78) Metaspace: 59456K->59456K(1103872K)
[2022-03-25T07:07:29.714+0000][59900.365s] GC(78) Pause Young (Normal) (G1 Evacuation Pause) 281M->216M(512M) 183.323ms
[2022-03-25T07:07:29.715+0000][59900.366s] GC(78) User=0.05s Sys=0.01s Real=0.19s
[2022-03-25T07:07:35.553+0000][59906.204s] GC(79) Pause Young (Normal) (G1 Evacuation Pause)
[2022-03-25T07:07:35.554+0000][59906.204s] GC(79) Using 4 workers of 4 for evacuation
[2022-03-25T07:07:35.796+0000][59906.446s] GC(79)   Pre Evacuate Collection Set: 0.0ms
[2022-03-25T07:07:35.860+0000][59906.511s] GC(79)   Evacuate Collection Set: 103.0ms
[2022-03-25T07:07:35.873+0000][59906.524s] GC(79)   Post Evacuate Collection Set: 138.2ms
[2022-03-25T07:07:35.938+0000][59906.588s] GC(79)   Other: 1.3ms
[2022-03-25T07:07:35.959+0000][59906.610s] GC(79) Eden regions: 73->0(70)
[2022-03-25T07:07:35.981+0000][59906.631s] GC(79) Survivor regions: 2->2(10)
[2022-03-25T07:07:36.003+0000][59906.653s] GC(79) Old regions: 210->210
[2022-03-25T07:07:36.004+0000][59906.654s] GC(79) Humongous regions: 7->7
[2022-03-25T07:07:36.004+0000][59906.654s] GC(79) Metaspace: 59463K->59463K(1103872K)
[2022-03-25T07:07:36.004+0000][59906.655s] GC(79) Pause Young (Normal) (G1 Evacuation Pause) 289M->216M(512M) 451.134ms
[2022-03-25T07:07:36.005+0000][59906.655s] GC(79) User=0.12s Sys=0.03s Real=0.46s
[2022-03-25T07:07:39.249+0000][59909.899s] GC(80) Pause Young (Normal) (G1 Evacuation Pause)
[2022-03-25T07:07:39.250+0000][59909.900s] GC(80) Using 4 workers of 4 for evacuation
[2022-03-25T07:07:39.269+0000][59909.919s] GC(80)   Pre Evacuate Collection Set: 0.0ms
[2022-03-25T07:07:39.269+0000][59909.919s] GC(80)   Evacuate Collection Set: 17.7ms
[2022-03-25T07:07:39.270+0000][59909.920s] GC(80)   Post Evacuate Collection Set: 0.8ms
[2022-03-25T07:07:39.270+0000][59909.920s] GC(80)   Other: 1.6ms
[2022-03-25T07:07:39.270+0000][59909.921s] GC(80) Eden regions: 70->0(87)
[2022-03-25T07:07:39.272+0000][59909.922s] GC(80) Survivor regions: 2->2(9)
[2022-03-25T07:07:39.272+0000][59909.922s] GC(80) Old regions: 210->210
[2022-03-25T07:07:39.272+0000][59909.923s] GC(80) Humongous regions: 7->7
[2022-03-25T07:07:39.273+0000][59909.923s] GC(80) Metaspace: 59470K->59470K(1103872K)
[2022-03-25T07:07:39.273+0000][59909.923s] GC(80) Pause Young (Normal) (G1 Evacuation Pause) 286M->215M(512M) 24.512ms
[2022-03-25T07:07:39.275+0000][59909.925s] GC(80) User=0.02s Sys=0.01s Real=0.03s
[2022-03-25T07:08:21.132+0000][59951.782s] GC(81) Pause Young (Normal) (G1 Evacuation Pause)
[2022-03-25T07:08:21.151+0000][59951.801s] GC(81) Using 4 workers of 4 for evacuation
[2022-03-25T07:08:21.338+0000][59951.988s] GC(81)   Pre Evacuate Collection Set: 0.1ms
[2022-03-25T07:08:21.353+0000][59952.004s] GC(81)   Evacuate Collection Set: 182.0ms
[2022-03-25T07:08:21.356+0000][59952.006s] GC(81)   Post Evacuate Collection Set: 0.7ms
[2022-03-25T07:08:21.370+0000][59952.020s] GC(81)   Other: 23.3ms
[2022-03-25T07:08:21.383+0000][59952.033s] GC(81) Eden regions: 87->0(71)
[2022-03-25T07:08:21.384+0000][59952.034s] GC(81) Survivor regions: 2->2(12)
[2022-03-25T07:08:21.385+0000][59952.036s] GC(81) Old regions: 210->210
[2022-03-25T07:08:21.399+0000][59952.049s] GC(81) Humongous regions: 7->7
[2022-03-25T07:08:21.421+0000][59952.071s] GC(81) Metaspace: 59482K->59482K(1103872K)
[2022-03-25T07:08:21.437+0000][59952.087s] GC(81) Pause Young (Normal) (G1 Evacuation Pause) 302M->216M(512M) 304.724ms
[2022-03-25T07:08:21.453+0000][59952.104s] GC(81) User=0.03s Sys=0.04s Real=0.31s
[2022-03-25T07:08:33.975+0000][59964.625s] GC(82) Pause Young (Normal) (G1 Evacuation Pause)
[2022-03-25T07:08:33.976+0000][59964.626s] GC(82) Using 4 workers of 4 for evacuation
[2022-03-25T07:08:34.024+0000][59964.674s] GC(82)   Pre Evacuate Collection Set: 0.1ms
[2022-03-25T07:08:34.036+0000][59964.686s] GC(82)   Evacuate Collection Set: 46.0ms
[2022-03-25T07:08:34.067+0000][59964.717s] GC(82)   Post Evacuate Collection Set: 0.7ms
[2022-03-25T07:08:34.084+0000][59964.735s] GC(82)   Other: 1.9ms
[2022-03-25T07:08:34.085+0000][59964.735s] GC(82) Eden regions: 71->0(81)
[2022-03-25T07:08:34.085+0000][59964.735s] GC(82) Survivor regions: 2->2(10)
[2022-03-25T07:08:34.086+0000][59964.736s] GC(82) Old regions: 210->210
[2022-03-25T07:08:34.086+0000][59964.737s] GC(82) Humongous regions: 7->7
[2022-03-25T07:08:34.088+0000][59964.739s] GC(82) Metaspace: 59483K->59483K(1103872K)
[2022-03-25T07:08:34.089+0000][59964.739s] GC(82) Pause Young (Normal) (G1 Evacuation Pause) 287M->216M(512M) 113.714ms
[2022-03-25T07:08:34.089+0000][59964.739s] GC(82) User=0.01s Sys=0.04s Real=0.11s
[2022-03-25T07:09:04.062+0000][59994.713s] GC(83) Pause Young (Normal) (G1 Evacuation Pause)
[2022-03-25T07:09:04.063+0000][59994.714s] GC(83) Using 4 workers of 4 for evacuation
[2022-03-25T07:09:04.146+0000][59994.796s] GC(83)   Pre Evacuate Collection Set: 0.1ms
[2022-03-25T07:09:04.146+0000][59994.796s] GC(83)   Evacuate Collection Set: 76.1ms
[2022-03-25T07:09:04.165+0000][59994.816s] GC(83)   Post Evacuate Collection Set: 4.1ms
[2022-03-25T07:09:04.167+0000][59994.818s] GC(83)   Other: 3.1ms
[2022-03-25T07:09:04.169+0000][59994.820s] GC(83) Eden regions: 81->0(101)
[2022-03-25T07:09:04.186+0000][59994.836s] GC(83) Survivor regions: 2->2(11)
[2022-03-25T07:09:04.198+0000][59994.848s] GC(83) Old regions: 210->210
[2022-03-25T07:09:04.214+0000][59994.864s] GC(83) Humongous regions: 7->7
[2022-03-25T07:09:04.216+0000][59994.866s] GC(83) Metaspace: 59488K->59488K(1103872K)
[2022-03-25T07:09:04.217+0000][59994.867s] GC(83) Pause Young (Normal) (G1 Evacuation Pause) 297M->215M(512M) 154.887ms
[2022-03-25T07:09:04.218+0000][59994.869s] GC(83) User=0.00s Sys=0.04s Real=0.16s
[2022-03-25T07:09:11.367+0000][60002.018s] GC(84) Pause Young (Normal) (G1 Evacuation Pause)
[2022-03-25T07:09:11.384+0000][60002.034s] GC(84) Using 4 workers of 4 for evacuation
[2022-03-25T07:09:11.554+0000][60002.204s] GC(84)   Pre Evacuate Collection Set: 0.1ms
[2022-03-25T07:09:11.562+0000][60002.213s] GC(84)   Evacuate Collection Set: 157.1ms
[2022-03-25T07:09:11.584+0000][60002.235s] GC(84)   Post Evacuate Collection Set: 0.8ms
[2022-03-25T07:09:11.590+0000][60002.241s] GC(84)   Other: 28.4ms
[2022-03-25T07:09:11.594+0000][60002.245s] GC(84) Eden regions: 101->0(110)
[2022-03-25T07:09:11.605+0000][60002.255s] GC(84) Survivor regions: 2->2(13)
[2022-03-25T07:09:11.649+0000][60002.300s] GC(84) Old regions: 210->210
[2022-03-25T07:09:11.697+0000][60002.348s] GC(84) Humongous regions: 7->7
[2022-03-25T07:09:11.708+0000][60002.359s] GC(84) Metaspace: 59509K->59509K(1103872K)
[2022-03-25T07:09:11.722+0000][60002.372s] GC(84) Pause Young (Normal) (G1 Evacuation Pause) 316M->216M(512M) 354.760ms
[2022-03-25T07:09:11.732+0000][60002.383s] GC(84) User=0.22s Sys=0.01s Real=0.36s
[2022-03-25T07:09:26.382+0000][60017.033s] GC(85) Pause Young (Normal) (G1 Evacuation Pause)
[2022-03-25T07:09:26.387+0000][60017.037s] GC(85) Using 4 workers of 4 for evacuation
[2022-03-25T07:09:26.449+0000][60017.099s] GC(85)   Pre Evacuate Collection Set: 0.1ms
[2022-03-25T07:09:26.449+0000][60017.100s] GC(85)   Evacuate Collection Set: 55.7ms
[2022-03-25T07:09:26.450+0000][60017.100s] GC(85)   Post Evacuate Collection Set: 4.1ms
[2022-03-25T07:09:26.450+0000][60017.100s] GC(85)   Other: 6.7ms
[2022-03-25T07:09:26.450+0000][60017.100s] GC(85) Eden regions: 110->0(125)
[2022-03-25T07:09:26.450+0000][60017.101s] GC(85) Survivor regions: 2->2(14)
[2022-03-25T07:09:26.451+0000][60017.101s] GC(85) Old regions: 210->210
[2022-03-25T07:09:26.451+0000][60017.101s] GC(85) Humongous regions: 7->7
[2022-03-25T07:09:26.451+0000][60017.101s] GC(85) Metaspace: 59509K->59509K(1103872K)
[2022-03-25T07:09:26.452+0000][60017.102s] GC(85) Pause Young (Normal) (G1 Evacuation Pause) 326M->216M(512M) 69.080ms
[2022-03-25T07:09:26.452+0000][60017.102s] GC(85) User=0.06s Sys=0.00s Real=0.07s
[2022-03-25T07:09:39.980+0000][60030.630s] GC(86) Pause Young (Normal) (G1 Evacuation Pause)
[2022-03-25T07:09:39.980+0000][60030.631s] GC(86) Using 4 workers of 4 for evacuation
[2022-03-25T07:09:40.141+0000][60030.792s] GC(86)   Pre Evacuate Collection Set: 0.1ms
[2022-03-25T07:09:40.142+0000][60030.793s] GC(86)   Evacuate Collection Set: 122.6ms
[2022-03-25T07:09:40.143+0000][60030.793s] GC(86)   Post Evacuate Collection Set: 37.0ms
[2022-03-25T07:09:40.144+0000][60030.794s] GC(86)   Other: 1.7ms
[2022-03-25T07:09:40.153+0000][60030.803s] GC(86) Eden regions: 125->0(126)
[2022-03-25T07:09:40.159+0000][60030.810s] GC(86) Survivor regions: 2->2(16)
[2022-03-25T07:09:40.163+0000][60030.813s] GC(86) Old regions: 210->210
[2022-03-25T07:09:40.169+0000][60030.819s] GC(86) Humongous regions: 7->7
[2022-03-25T07:09:40.178+0000][60030.828s] GC(86) Metaspace: 59521K->59521K(1103872K)
[2022-03-25T07:09:40.181+0000][60030.831s] GC(86) Pause Young (Normal) (G1 Evacuation Pause) 341M->216M(512M) 200.598ms
[2022-03-25T07:09:40.182+0000][60030.833s] GC(86) User=0.07s Sys=0.02s Real=0.21s
[2022-03-25T07:09:48.690+0000][60039.340s] GC(87) Pause Young (Normal) (G1 Evacuation Pause)
[2022-03-25T07:09:48.694+0000][60039.344s] GC(87) Using 4 workers of 4 for evacuation
[2022-03-25T07:09:48.758+0000][60039.409s] GC(87)   Pre Evacuate Collection Set: 0.0ms
[2022-03-25T07:09:48.762+0000][60039.412s] GC(87)   Evacuate Collection Set: 52.2ms
[2022-03-25T07:09:48.767+0000][60039.417s] GC(87)   Post Evacuate Collection Set: 10.4ms
[2022-03-25T07:09:48.771+0000][60039.422s] GC(87)   Other: 6.3ms
[2022-03-25T07:09:48.777+0000][60039.427s] GC(87) Eden regions: 126->0(143)
[2022-03-25T07:09:48.780+0000][60039.430s] GC(87) Survivor regions: 2->2(16)
[2022-03-25T07:09:48.782+0000][60039.432s] GC(87) Old regions: 210->210
[2022-03-25T07:09:48.782+0000][60039.432s] GC(87) Humongous regions: 7->7
[2022-03-25T07:09:48.782+0000][60039.432s] GC(87) Metaspace: 59545K->59545K(1103872K)
[2022-03-25T07:09:48.782+0000][60039.433s] GC(87) Pause Young (Normal) (G1 Evacuation Pause) 342M->216M(512M) 92.839ms
[2022-03-25T07:09:48.783+0000][60039.433s] GC(87) User=0.08s Sys=0.01s Real=0.09s
[2022-03-25T07:09:57.680+0000][60048.330s] GC(88) Pause Young (Normal) (G1 Evacuation Pause)
[2022-03-25T07:09:57.680+0000][60048.330s] GC(88) Using 4 workers of 4 for evacuation
[2022-03-25T07:09:57.751+0000][60048.401s] GC(88)   Pre Evacuate Collection Set: 0.1ms
[2022-03-25T07:09:57.751+0000][60048.402s] GC(88)   Evacuate Collection Set: 68.5ms
[2022-03-25T07:09:57.752+0000][60048.403s] GC(88)   Post Evacuate Collection Set: 1.4ms
[2022-03-25T07:09:57.753+0000][60048.403s] GC(88)   Other: 1.1ms
[2022-03-25T07:09:57.756+0000][60048.406s] GC(88) Eden regions: 143->0(152)
[2022-03-25T07:09:57.756+0000][60048.406s] GC(88) Survivor regions: 2->2(19)
[2022-03-25T07:09:57.756+0000][60048.406s] GC(88) Old regions: 210->210
[2022-03-25T07:09:57.756+0000][60048.407s] GC(88) Humongous regions: 7->7
[2022-03-25T07:09:57.757+0000][60048.407s] GC(88) Metaspace: 59552K->59552K(1103872K)
[2022-03-25T07:09:57.758+0000][60048.408s] GC(88) Pause Young (Normal) (G1 Evacuation Pause) 359M->216M(512M) 78.028ms
[2022-03-25T07:09:57.758+0000][60048.408s] GC(88) User=0.04s Sys=0.01s Real=0.08s
[2022-03-25T07:14:28.239+0000][60318.890s] GC(89) Pause Young (Normal) (G1 Evacuation Pause)
[2022-03-25T07:14:28.358+0000][60319.008s] GC(89) Using 4 workers of 4 for evacuation
[2022-03-25T07:14:29.038+0000][60319.689s] GC(89) MMU target violated: 251.0ms (250.0ms/251.0ms)
[2022-03-25T07:14:29.040+0000][60319.690s] GC(89)   Pre Evacuate Collection Set: 231.3ms
[2022-03-25T07:14:29.041+0000][60319.691s] GC(89)   Evacuate Collection Set: 343.9ms
[2022-03-25T07:14:29.041+0000][60319.691s] GC(89)   Post Evacuate Collection Set: 4.0ms
[2022-03-25T07:14:29.041+0000][60319.692s] GC(89)   Other: 221.9ms
[2022-03-25T07:14:29.042+0000][60319.692s] GC(89) Eden regions: 152->0(109)
[2022-03-25T07:14:29.042+0000][60319.692s] GC(89) Survivor regions: 2->2(20)
[2022-03-25T07:14:29.042+0000][60319.693s] GC(89) Old regions: 210->210
[2022-03-25T07:14:29.043+0000][60319.693s] GC(89) Humongous regions: 7->7
[2022-03-25T07:14:29.043+0000][60319.693s] GC(89) Metaspace: 59563K->59563K(1103872K)
[2022-03-25T07:14:29.043+0000][60319.693s] GC(89) Pause Young (Normal) (G1 Evacuation Pause) 368M->216M(512M) 803.713ms
[2022-03-25T07:14:29.043+0000][60319.694s] GC(89) User=0.25s Sys=0.20s Real=0.80s
[2022-03-25T07:14:46.136+0000][60336.787s] GC(90) Pause Young (Normal) (G1 Evacuation Pause)
[2022-03-25T07:14:46.425+0000][60337.075s] GC(90) Using 4 workers of 4 for evacuation
[2022-03-25T07:14:46.793+0000][60337.443s] GC(90)   Pre Evacuate Collection Set: 0.1ms
[2022-03-25T07:14:46.804+0000][60337.455s] GC(90)   Evacuate Collection Set: 116.8ms
[2022-03-25T07:14:46.857+0000][60337.507s] GC(90)   Post Evacuate Collection Set: 62.7ms
[2022-03-25T07:14:46.940+0000][60337.590s] GC(90)   Other: 476.8ms
[2022-03-25T07:14:47.108+0000][60337.758s] GC(90) Eden regions: 109->0(113)
[2022-03-25T07:14:47.270+0000][60337.921s] GC(90) Survivor regions: 2->2(14)
[2022-03-25T07:14:47.379+0000][60338.029s] GC(90) Old regions: 210->210
[2022-03-25T07:14:47.443+0000][60338.094s] GC(90) Humongous regions: 7->7
[2022-03-25T07:14:47.645+0000][60338.295s] GC(90) Metaspace: 59711K->59711K(1103872K)
[2022-03-25T07:14:48.089+0000][60338.739s] GC(90) Pause Young (Normal) (G1 Evacuation Pause) 325M->216M(512M) 1952.393ms
[2022-03-25T07:14:48.114+0000][60338.765s] GC(90) User=0.04s Sys=0.07s Real=2.04s
[2022-03-25T07:15:07.259+0000][60357.909s] GC(91) Pause Young (Normal) (G1 Evacuation Pause)
[2022-03-25T07:15:07.712+0000][60358.362s] GC(91) Using 4 workers of 4 for evacuation
[2022-03-25T07:15:09.463+0000][60360.113s] GC(91) MMU target violated: 251.0ms (250.0ms/251.0ms)
[2022-03-25T07:15:10.062+0000][60360.713s] GC(91)   Pre Evacuate Collection Set: 11.4ms
[2022-03-25T07:15:10.304+0000][60360.954s] GC(91)   Evacuate Collection Set: 357.4ms
[2022-03-25T07:15:10.365+0000][60361.015s] GC(91)   Post Evacuate Collection Set: 346.2ms
[2022-03-25T07:15:10.386+0000][60361.037s] GC(91)   Other: 2088.5ms
[2022-03-25T07:15:10.407+0000][60361.057s] GC(91) Eden regions: 113->0(23)
[2022-03-25T07:15:10.454+0000][60361.104s] GC(91) Survivor regions: 2->2(15)
[2022-03-25T07:15:10.498+0000][60361.148s] GC(91) Old regions: 210->210
[2022-03-25T07:15:10.510+0000][60361.160s] GC(91) Humongous regions: 7->7
[2022-03-25T07:15:10.534+0000][60361.185s] GC(91) Metaspace: 59730K->59730K(1103872K)
[2022-03-25T07:15:10.563+0000][60361.213s] GC(91) Pause Young (Normal) (G1 Evacuation Pause) 329M->216M(512M) 3303.694ms
[2022-03-25T07:15:10.618+0000][60361.268s] GC(91) User=0.29s Sys=0.03s Real=3.37s
[2022-03-25T07:15:28.067+0000][60378.717s] GC(92) Pause Young (Normal) (G1 Evacuation Pause)
[2022-03-25T07:15:28.079+0000][60378.730s] GC(92) Using 4 workers of 4 for evacuation
[2022-03-25T07:15:28.289+0000][60378.939s] GC(92)   Pre Evacuate Collection Set: 0.0ms
[2022-03-25T07:15:28.327+0000][60378.977s] GC(92)   Evacuate Collection Set: 190.7ms
[2022-03-25T07:15:28.337+0000][60378.987s] GC(92)   Post Evacuate Collection Set: 16.4ms
[2022-03-25T07:15:28.339+0000][60378.990s] GC(92)   Other: 15.2ms
[2022-03-25T07:15:28.353+0000][60379.003s] GC(92) Eden regions: 23->0(23)
[2022-03-25T07:15:28.369+0000][60379.020s] GC(92) Survivor regions: 2->2(4)
[2022-03-25T07:15:28.373+0000][60379.023s] GC(92) Old regions: 210->210
[2022-03-25T07:15:28.385+0000][60379.035s] GC(92) Humongous regions: 7->7
[2022-03-25T07:15:28.407+0000][60379.057s] GC(92) Metaspace: 59732K->59732K(1103872K)
[2022-03-25T07:15:28.417+0000][60379.068s] GC(92) Pause Young (Normal) (G1 Evacuation Pause) 239M->216M(512M) 350.438ms
[2022-03-25T07:15:28.440+0000][60379.090s] GC(92) User=0.11s Sys=0.06s Real=0.38s
[2022-03-25T07:15:30.066+0000][60380.716s] GC(93) Pause Young (Normal) (G1 Evacuation Pause)
[2022-03-25T07:15:30.082+0000][60380.732s] GC(93) Using 4 workers of 4 for evacuation
[2022-03-25T07:15:30.152+0000][60380.802s] GC(93)   Pre Evacuate Collection Set: 0.1ms
[2022-03-25T07:15:30.155+0000][60380.805s] GC(93)   Evacuate Collection Set: 59.7ms
[2022-03-25T07:15:30.158+0000][60380.809s] GC(93)   Post Evacuate Collection Set: 0.4ms
[2022-03-25T07:15:30.159+0000][60380.809s] GC(93)   Other: 25.7ms
[2022-03-25T07:15:30.189+0000][60380.839s] GC(93) Eden regions: 23->0(27)
[2022-03-25T07:15:30.192+0000][60380.842s] GC(93) Survivor regions: 2->2(4)
[2022-03-25T07:15:30.194+0000][60380.845s] GC(93) Old regions: 210->210
[2022-03-25T07:15:30.195+0000][60380.845s] GC(93) Humongous regions: 7->7
[2022-03-25T07:15:30.195+0000][60380.846s] GC(93) Metaspace: 59732K->59732K(1103872K)
[2022-03-25T07:15:30.196+0000][60380.846s] GC(93) Pause Young (Normal) (G1 Evacuation Pause) 239M->216M(512M) 130.089ms
[2022-03-25T07:15:30.196+0000][60380.847s] GC(93) User=0.05s Sys=0.02s Real=0.12s
[2022-03-25T07:15:32.374+0000][60383.024s] GC(94) Pause Young (Normal) (G1 Evacuation Pause)
[2022-03-25T07:15:32.377+0000][60383.028s] GC(94) Using 4 workers of 4 for evacuation
[2022-03-25T07:15:32.473+0000][60383.123s] GC(94)   Pre Evacuate Collection Set: 0.0ms
[2022-03-25T07:15:32.483+0000][60383.134s] GC(94)   Evacuate Collection Set: 93.8ms
[2022-03-25T07:15:32.485+0000][60383.135s] GC(94)   Post Evacuate Collection Set: 0.5ms
[2022-03-25T07:15:32.488+0000][60383.139s] GC(94)   Other: 5.0ms
[2022-03-25T07:15:32.499+0000][60383.150s] GC(94) Eden regions: 27->0(32)
[2022-03-25T07:15:32.500+0000][60383.150s] GC(94) Survivor regions: 2->2(4)
[2022-03-25T07:15:32.503+0000][60383.153s] GC(94) Old regions: 210->210
[2022-03-25T07:15:32.503+0000][60383.154s] GC(94) Humongous regions: 7->7
[2022-03-25T07:15:32.515+0000][60383.165s] GC(94) Metaspace: 59732K->59732K(1103872K)
[2022-03-25T07:15:32.516+0000][60383.166s] GC(94) Pause Young (Normal) (G1 Evacuation Pause) 243M->216M(512M) 142.380ms
[2022-03-25T07:15:32.518+0000][60383.168s] GC(94) User=0.05s Sys=0.00s Real=0.14s
[2022-03-25T07:15:33.497+0000][60384.148s] GC(95) Pause Young (Normal) (G1 Evacuation Pause)
[2022-03-25T07:15:33.499+0000][60384.149s] GC(95) Using 4 workers of 4 for evacuation
[2022-03-25T07:15:33.627+0000][60384.277s] GC(95)   Pre Evacuate Collection Set: 0.1ms
[2022-03-25T07:15:33.632+0000][60384.282s] GC(95)   Evacuate Collection Set: 77.6ms
[2022-03-25T07:15:33.636+0000][60384.286s] GC(95)   Post Evacuate Collection Set: 45.3ms
[2022-03-25T07:15:33.637+0000][60384.287s] GC(95)   Other: 7.0ms
[2022-03-25T07:15:33.638+0000][60384.289s] GC(95) Eden regions: 32->0(37)
[2022-03-25T07:15:33.640+0000][60384.290s] GC(95) Survivor regions: 2->2(5)
[2022-03-25T07:15:33.641+0000][60384.291s] GC(95) Old regions: 210->210
[2022-03-25T07:15:33.642+0000][60384.292s] GC(95) Humongous regions: 7->7
[2022-03-25T07:15:33.643+0000][60384.293s] GC(95) Metaspace: 59732K->59732K(1103872K)
[2022-03-25T07:15:33.643+0000][60384.294s] GC(95) Pause Young (Normal) (G1 Evacuation Pause) 248M->216M(512M) 146.061ms
[2022-03-25T07:15:33.646+0000][60384.297s] GC(95) User=0.06s Sys=0.01s Real=0.16s
[2022-03-25T07:15:34.959+0000][60385.609s] GC(96) Pause Young (Normal) (G1 Evacuation Pause)
[2022-03-25T07:15:34.961+0000][60385.612s] GC(96) Using 4 workers of 4 for evacuation
[2022-03-25T07:15:35.035+0000][60385.685s] GC(96)   Pre Evacuate Collection Set: 0.0ms
[2022-03-25T07:15:35.047+0000][60385.698s] GC(96)   Evacuate Collection Set: 70.7ms
[2022-03-25T07:15:35.053+0000][60385.703s] GC(96)   Post Evacuate Collection Set: 0.7ms
[2022-03-25T07:15:35.062+0000][60385.712s] GC(96)   Other: 4.4ms
[2022-03-25T07:15:35.067+0000][60385.718s] GC(96) Eden regions: 37->0(43)
[2022-03-25T07:15:35.069+0000][60385.719s] GC(96) Survivor regions: 2->2(5)
[2022-03-25T07:15:35.079+0000][60385.730s] GC(96) Old regions: 210->210
[2022-03-25T07:15:35.084+0000][60385.734s] GC(96) Humongous regions: 7->7
[2022-03-25T07:15:35.101+0000][60385.751s] GC(96) Metaspace: 59732K->59732K(1103872K)
[2022-03-25T07:15:35.106+0000][60385.757s] GC(96) Pause Young (Normal) (G1 Evacuation Pause) 253M->216M(512M) 147.203ms
[2022-03-25T07:15:35.112+0000][60385.762s] GC(96) User=0.03s Sys=0.02s Real=0.15s
[2022-03-25T07:15:39.449+0000][60390.099s] GC(97) Pause Young (Normal) (G1 Evacuation Pause)
[2022-03-25T07:15:39.460+0000][60390.110s] GC(97) Using 4 workers of 4 for evacuation
[2022-03-25T07:15:40.118+0000][60390.769s] GC(97) MMU target violated: 251.0ms (250.0ms/251.0ms)
[2022-03-25T07:15:40.153+0000][60390.803s] GC(97)   Pre Evacuate Collection Set: 0.2ms
[2022-03-25T07:15:40.192+0000][60390.843s] GC(97)   Evacuate Collection Set: 626.2ms
[2022-03-25T07:15:40.224+0000][60390.875s] GC(97)   Post Evacuate Collection Set: 3.2ms
[2022-03-25T07:15:40.264+0000][60390.915s] GC(97)   Other: 74.6ms
[2022-03-25T07:15:40.304+0000][60390.954s] GC(97) Eden regions: 43->0(41)
[2022-03-25T07:15:40.323+0000][60390.974s] GC(97) Survivor regions: 2->2(6)
[2022-03-25T07:15:40.345+0000][60390.996s] GC(97) Old regions: 210->210
[2022-03-25T07:15:40.378+0000][60391.028s] GC(97) Humongous regions: 7->7
[2022-03-25T07:15:40.394+0000][60391.044s] GC(97) Metaspace: 59732K->59732K(1103872K)
[2022-03-25T07:15:40.399+0000][60391.050s] GC(97) Pause Young (Normal) (G1 Evacuation Pause) 259M->216M(512M) 950.901ms
[2022-03-25T07:15:40.415+0000][60391.065s] GC(97) User=0.16s Sys=0.09s Real=0.97s
[2022-03-25T07:15:42.081+0000][60392.731s] GC(98) Pause Young (Normal) (G1 Evacuation Pause)
[2022-03-25T07:15:42.082+0000][60392.733s] GC(98) Using 4 workers of 4 for evacuation
[2022-03-25T07:15:42.197+0000][60392.847s] GC(98)   Pre Evacuate Collection Set: 0.3ms
[2022-03-25T07:15:42.198+0000][60392.848s] GC(98)   Evacuate Collection Set: 109.9ms
[2022-03-25T07:15:42.202+0000][60392.852s] GC(98)   Post Evacuate Collection Set: 0.5ms
[2022-03-25T07:15:42.203+0000][60392.853s] GC(98)   Other: 5.1ms
[2022-03-25T07:15:42.203+0000][60392.854s] GC(98) Eden regions: 41->0(48)
[2022-03-25T07:15:42.204+0000][60392.854s] GC(98) Survivor regions: 2->2(6)
[2022-03-25T07:15:42.204+0000][60392.854s] GC(98) Old regions: 210->210
[2022-03-25T07:15:42.205+0000][60392.855s] GC(98) Humongous regions: 7->7
[2022-03-25T07:15:42.205+0000][60392.856s] GC(98) Metaspace: 59732K->59732K(1103872K)
[2022-03-25T07:15:42.206+0000][60392.856s] GC(98) Pause Young (Normal) (G1 Evacuation Pause) 257M->216M(512M) 125.263ms
[2022-03-25T07:15:42.208+0000][60392.858s] GC(98) User=0.00s Sys=0.07s Real=0.13s
[2022-03-25T07:15:43.636+0000][60394.286s] GC(99) Pause Young (Normal) (G1 Evacuation Pause)
[2022-03-25T07:15:43.637+0000][60394.287s] GC(99) Using 4 workers of 4 for evacuation
[2022-03-25T07:15:43.684+0000][60394.335s] GC(99)   Pre Evacuate Collection Set: 0.0ms
[2022-03-25T07:15:43.689+0000][60394.339s] GC(99)   Evacuate Collection Set: 26.3ms
[2022-03-25T07:15:43.697+0000][60394.347s] GC(99)   Post Evacuate Collection Set: 19.8ms
[2022-03-25T07:15:43.702+0000][60394.352s] GC(99)   Other: 2.2ms
[2022-03-25T07:15:43.703+0000][60394.353s] GC(99) Eden regions: 48->0(57)
[2022-03-25T07:15:43.705+0000][60394.355s] GC(99) Survivor regions: 2->2(7)
[2022-03-25T07:15:43.707+0000][60394.358s] GC(99) Old regions: 210->210
[2022-03-25T07:15:43.709+0000][60394.359s] GC(99) Humongous regions: 7->7
[2022-03-25T07:15:43.712+0000][60394.362s] GC(99) Metaspace: 59742K->59742K(1103872K)
[2022-03-25T07:15:43.713+0000][60394.363s] GC(99) Pause Young (Normal) (G1 Evacuation Pause) 264M->216M(512M) 77.089ms
[2022-03-25T07:15:43.714+0000][60394.364s] GC(99) User=0.02s Sys=0.00s Real=0.07s
[2022-03-25T07:15:47.146+0000][60397.796s] GC(100) Pause Young (Normal) (G1 Evacuation Pause)
[2022-03-25T07:15:47.155+0000][60397.806s] GC(100) Using 4 workers of 4 for evacuation
[2022-03-25T07:15:47.287+0000][60397.937s] GC(100)   Pre Evacuate Collection Set: 0.0ms
[2022-03-25T07:15:47.295+0000][60397.946s] GC(100)   Evacuate Collection Set: 128.4ms
[2022-03-25T07:15:47.298+0000][60397.948s] GC(100)   Post Evacuate Collection Set: 0.6ms
[2022-03-25T07:15:47.299+0000][60397.949s] GC(100)   Other: 12.2ms
[2022-03-25T07:15:47.300+0000][60397.950s] GC(100) Eden regions: 57->0(55)
[2022-03-25T07:15:47.300+0000][60397.950s] GC(100) Survivor regions: 2->2(8)
[2022-03-25T07:15:47.300+0000][60397.950s] GC(100) Old regions: 210->210
[2022-03-25T07:15:47.301+0000][60397.951s] GC(100) Humongous regions: 7->7
[2022-03-25T07:15:47.301+0000][60397.951s] GC(100) Metaspace: 59742K->59742K(1103872K)
[2022-03-25T07:15:47.302+0000][60397.952s] GC(100) Pause Young (Normal) (G1 Evacuation Pause) 273M->216M(512M) 155.786ms
[2022-03-25T07:15:47.305+0000][60397.955s] GC(100) User=0.02s Sys=0.02s Real=0.16s
[2022-03-25T07:15:54.523+0000][60405.174s] GC(101) Pause Young (Normal) (G1 Evacuation Pause)
[2022-03-25T07:15:54.530+0000][60405.181s] GC(101) Using 4 workers of 4 for evacuation
[2022-03-25T07:15:54.622+0000][60405.272s] GC(101)   Pre Evacuate Collection Set: 0.1ms
[2022-03-25T07:15:54.625+0000][60405.275s] GC(101)   Evacuate Collection Set: 89.4ms
[2022-03-25T07:15:54.628+0000][60405.278s] GC(101)   Post Evacuate Collection Set: 0.5ms
[2022-03-25T07:15:54.629+0000][60405.279s] GC(101)   Other: 8.9ms
[2022-03-25T07:15:54.629+0000][60405.279s] GC(101) Eden regions: 55->0(62)
[2022-03-25T07:15:54.629+0000][60405.280s] GC(101) Survivor regions: 2->2(8)
[2022-03-25T07:15:54.630+0000][60405.280s] GC(101) Old regions: 210->210
[2022-03-25T07:15:54.632+0000][60405.282s] GC(101) Humongous regions: 7->7
[2022-03-25T07:15:54.633+0000][60405.283s] GC(101) Metaspace: 59742K->59742K(1103872K)
[2022-03-25T07:15:54.634+0000][60405.285s] GC(101) Pause Young (Normal) (G1 Evacuation Pause) 271M->216M(512M) 111.186ms
[2022-03-25T07:15:54.635+0000][60405.285s] GC(101) User=0.02s Sys=0.03s Real=0.12s
[2022-03-25T07:15:58.968+0000][60409.618s] GC(102) Pause Young (Normal) (G1 Evacuation Pause)
[2022-03-25T07:15:58.972+0000][60409.623s] GC(102) Using 4 workers of 4 for evacuation
[2022-03-25T07:15:59.030+0000][60409.680s] GC(102)   Pre Evacuate Collection Set: 0.1ms
[2022-03-25T07:15:59.031+0000][60409.681s] GC(102)   Evacuate Collection Set: 43.5ms
[2022-03-25T07:15:59.031+0000][60409.681s] GC(102)   Post Evacuate Collection Set: 0.5ms
[2022-03-25T07:15:59.031+0000][60409.682s] GC(102)   Other: 18.0ms
[2022-03-25T07:15:59.032+0000][60409.682s] GC(102) Eden regions: 62->0(72)
[2022-03-25T07:15:59.033+0000][60409.683s] GC(102) Survivor regions: 2->2(8)
[2022-03-25T07:15:59.033+0000][60409.683s] GC(102) Old regions: 210->210
[2022-03-25T07:15:59.037+0000][60409.687s] GC(102) Humongous regions: 7->7
[2022-03-25T07:15:59.048+0000][60409.698s] GC(102) Metaspace: 59742K->59742K(1103872K)
[2022-03-25T07:15:59.054+0000][60409.704s] GC(102) Pause Young (Normal) (G1 Evacuation Pause) 278M->217M(512M) 85.989ms
[2022-03-25T07:15:59.056+0000][60409.706s] GC(102) User=0.02s Sys=0.01s Real=0.10s
[2022-03-25T07:16:01.397+0000][60412.048s] GC(103) Pause Young (Normal) (G1 Evacuation Pause)
[2022-03-25T07:16:01.406+0000][60412.056s] GC(103) Using 4 workers of 4 for evacuation
[2022-03-25T07:16:01.449+0000][60412.099s] GC(103)   Pre Evacuate Collection Set: 0.0ms
[2022-03-25T07:16:01.455+0000][60412.106s] GC(103)   Evacuate Collection Set: 40.7ms
[2022-03-25T07:16:01.461+0000][60412.111s] GC(103)   Post Evacuate Collection Set: 1.2ms
[2022-03-25T07:16:01.463+0000][60412.113s] GC(103)   Other: 9.8ms
[2022-03-25T07:16:01.464+0000][60412.114s] GC(103) Eden regions: 72->0(85)
[2022-03-25T07:16:01.464+0000][60412.114s] GC(103) Survivor regions: 2->2(10)
[2022-03-25T07:16:01.465+0000][60412.116s] GC(103) Old regions: 210->210
[2022-03-25T07:16:01.481+0000][60412.132s] GC(103) Humongous regions: 7->7
[2022-03-25T07:16:01.482+0000][60412.132s] GC(103) Metaspace: 59742K->59742K(1103872K)
[2022-03-25T07:16:01.482+0000][60412.133s] GC(103) Pause Young (Normal) (G1 Evacuation Pause) 289M->217M(512M) 85.267ms
[2022-03-25T07:16:01.483+0000][60412.133s] GC(103) User=0.04s Sys=0.00s Real=0.08s
[2022-03-25T07:16:08.480+0000][60419.131s] GC(104) Pause Young (Normal) (G1 Evacuation Pause)
[2022-03-25T07:16:08.483+0000][60419.134s] GC(104) Using 4 workers of 4 for evacuation
[2022-03-25T07:16:08.563+0000][60419.213s] GC(104)   Pre Evacuate Collection Set: 0.0ms
[2022-03-25T07:16:08.575+0000][60419.225s] GC(104)   Evacuate Collection Set: 77.9ms
[2022-03-25T07:16:08.575+0000][60419.225s] GC(104)   Post Evacuate Collection Set: 0.7ms
[2022-03-25T07:16:08.576+0000][60419.226s] GC(104)   Other: 4.4ms
[2022-03-25T07:16:08.576+0000][60419.226s] GC(104) Eden regions: 85->0(77)
[2022-03-25T07:16:08.577+0000][60419.227s] GC(104) Survivor regions: 2->2(11)
[2022-03-25T07:16:08.577+0000][60419.227s] GC(104) Old regions: 210->211
[2022-03-25T07:16:08.577+0000][60419.228s] GC(104) Humongous regions: 7->7
[2022-03-25T07:16:08.578+0000][60419.228s] GC(104) Metaspace: 59742K->59742K(1103872K)
[2022-03-25T07:16:08.578+0000][60419.228s] GC(104) Pause Young (Normal) (G1 Evacuation Pause) 302M->216M(512M) 97.778ms
[2022-03-25T07:16:08.578+0000][60419.229s] GC(104) User=0.04s Sys=0.01s Real=0.10s
[2022-03-25T07:16:10.167+0000][60420.817s] GC(105) Pause Young (Normal) (G1 Evacuation Pause)
[2022-03-25T07:16:10.170+0000][60420.821s] GC(105) Using 4 workers of 4 for evacuation
[2022-03-25T07:16:10.184+0000][60420.834s] GC(105)   Pre Evacuate Collection Set: 0.0ms
[2022-03-25T07:16:10.185+0000][60420.835s] GC(105)   Evacuate Collection Set: 10.5ms
[2022-03-25T07:16:10.185+0000][60420.836s] GC(105)   Post Evacuate Collection Set: 1.1ms
[2022-03-25T07:16:10.186+0000][60420.836s] GC(105)   Other: 5.1ms
[2022-03-25T07:16:10.186+0000][60420.837s] GC(105) Eden regions: 77->0(91)
[2022-03-25T07:16:10.187+0000][60420.837s] GC(105) Survivor regions: 2->1(10)
[2022-03-25T07:16:10.188+0000][60420.838s] GC(105) Old regions: 211->211
[2022-03-25T07:16:10.188+0000][60420.838s] GC(105) Humongous regions: 7->7
[2022-03-25T07:16:10.188+0000][60420.839s] GC(105) Metaspace: 59744K->59744K(1103872K)
[2022-03-25T07:16:10.191+0000][60420.841s] GC(105) Pause Young (Normal) (G1 Evacuation Pause) 293M->216M(512M) 23.463ms
[2022-03-25T07:16:10.191+0000][60420.841s] GC(105) User=0.04s Sys=0.01s Real=0.02s
[2022-03-25T07:16:14.723+0000][60425.373s] GC(106) Pause Young (Normal) (G1 Evacuation Pause)
[2022-03-25T07:16:14.724+0000][60425.374s] GC(106) Using 4 workers of 4 for evacuation
[2022-03-25T07:16:14.842+0000][60425.492s] GC(106)   Pre Evacuate Collection Set: 0.2ms
[2022-03-25T07:16:14.842+0000][60425.493s] GC(106)   Evacuate Collection Set: 117.2ms
[2022-03-25T07:16:14.843+0000][60425.493s] GC(106)   Post Evacuate Collection Set: 0.5ms
[2022-03-25T07:16:14.843+0000][60425.493s] GC(106)   Other: 1.2ms
[2022-03-25T07:16:14.854+0000][60425.504s] GC(106) Eden regions: 91->0(86)
[2022-03-25T07:16:14.857+0000][60425.507s] GC(106) Survivor regions: 1->1(12)
[2022-03-25T07:16:14.859+0000][60425.510s] GC(106) Old regions: 211->211
[2022-03-25T07:16:14.867+0000][60425.518s] GC(106) Humongous regions: 7->7
[2022-03-25T07:16:14.882+0000][60425.532s] GC(106) Metaspace: 59744K->59744K(1103872K)
[2022-03-25T07:16:14.889+0000][60425.539s] GC(106) Pause Young (Normal) (G1 Evacuation Pause) 307M->216M(512M) 165.799ms
[2022-03-25T07:16:14.898+0000][60425.548s] GC(106) User=0.06s Sys=0.04s Real=0.18s
[2022-03-25T07:16:23.444+0000][60434.095s] GC(107) Pause Young (Normal) (G1 Evacuation Pause)
[2022-03-25T07:16:23.454+0000][60434.104s] GC(107) Using 4 workers of 4 for evacuation
[2022-03-25T07:16:23.791+0000][60434.441s] GC(107) MMU target violated: 251.0ms (250.0ms/251.0ms)
[2022-03-25T07:16:23.806+0000][60434.457s] GC(107)   Pre Evacuate Collection Set: 0.1ms
[2022-03-25T07:16:23.822+0000][60434.473s] GC(107)   Evacuate Collection Set: 321.1ms
[2022-03-25T07:16:23.825+0000][60434.475s] GC(107)   Post Evacuate Collection Set: 0.4ms
[2022-03-25T07:16:23.826+0000][60434.476s] GC(107)   Other: 40.3ms
[2022-03-25T07:16:23.827+0000][60434.477s] GC(107) Eden regions: 86->0(99)
[2022-03-25T07:16:23.828+0000][60434.478s] GC(107) Survivor regions: 1->1(11)
[2022-03-25T07:16:23.829+0000][60434.479s] GC(107) Old regions: 211->211
[2022-03-25T07:16:23.832+0000][60434.483s] GC(107) Humongous regions: 7->7
[2022-03-25T07:16:23.834+0000][60434.484s] GC(107) Metaspace: 59744K->59744K(1103872K)
[2022-03-25T07:16:23.840+0000][60434.490s] GC(107) Pause Young (Normal) (G1 Evacuation Pause) 302M->216M(512M) 395.592ms
[2022-03-25T07:16:23.849+0000][60434.500s] GC(107) User=0.23s Sys=0.12s Real=0.41s
[2022-03-25T07:16:27.895+0000][60438.546s] GC(108) Pause Young (Normal) (G1 Evacuation Pause)
[2022-03-25T07:16:27.900+0000][60438.551s] GC(108) Using 4 workers of 4 for evacuation
[2022-03-25T07:16:27.940+0000][60438.590s] GC(108)   Pre Evacuate Collection Set: 0.0ms
[2022-03-25T07:16:27.940+0000][60438.590s] GC(108)   Evacuate Collection Set: 32.6ms
[2022-03-25T07:16:27.941+0000][60438.591s] GC(108)   Post Evacuate Collection Set: 0.5ms
[2022-03-25T07:16:27.941+0000][60438.591s] GC(108)   Other: 11.4ms
[2022-03-25T07:16:27.941+0000][60438.592s] GC(108) Eden regions: 99->0(114)
[2022-03-25T07:16:27.942+0000][60438.592s] GC(108) Survivor regions: 1->1(13)
[2022-03-25T07:16:27.942+0000][60438.592s] GC(108) Old regions: 211->211
[2022-03-25T07:16:27.943+0000][60438.593s] GC(108) Humongous regions: 7->7
[2022-03-25T07:16:27.943+0000][60438.593s] GC(108) Metaspace: 59744K->59744K(1103872K)
[2022-03-25T07:16:27.943+0000][60438.593s] GC(108) Pause Young (Normal) (G1 Evacuation Pause) 315M->216M(512M) 47.799ms
[2022-03-25T07:16:27.944+0000][60438.594s] GC(108) User=0.03s Sys=0.00s Real=0.05s
[2022-03-25T07:16:33.677+0000][60444.327s] GC(109) Pause Young (Normal) (G1 Evacuation Pause)
[2022-03-25T07:16:33.693+0000][60444.343s] GC(109) Using 4 workers of 4 for evacuation
[2022-03-25T07:16:33.837+0000][60444.487s] GC(109)   Pre Evacuate Collection Set: 0.2ms
[2022-03-25T07:16:33.838+0000][60444.489s] GC(109)   Evacuate Collection Set: 133.7ms
[2022-03-25T07:16:33.841+0000][60444.491s] GC(109)   Post Evacuate Collection Set: 0.6ms
[2022-03-25T07:16:33.860+0000][60444.510s] GC(109)   Other: 25.9ms
[2022-03-25T07:16:33.861+0000][60444.511s] GC(109) Eden regions: 114->0(104)
[2022-03-25T07:16:33.863+0000][60444.513s] GC(109) Survivor regions: 1->2(15)
[2022-03-25T07:16:33.865+0000][60444.515s] GC(109) Old regions: 211->211
[2022-03-25T07:16:33.865+0000][60444.516s] GC(109) Humongous regions: 7->7
[2022-03-25T07:16:33.866+0000][60444.516s] GC(109) Metaspace: 59744K->59744K(1103872K)
[2022-03-25T07:16:33.872+0000][60444.522s] GC(109) Pause Young (Normal) (G1 Evacuation Pause) 330M->217M(512M) 195.003ms
[2022-03-25T07:16:33.873+0000][60444.524s] GC(109) User=0.06s Sys=0.03s Real=0.19s
[2022-03-25T07:16:36.684+0000][60447.334s] GC(110) Pause Young (Normal) (G1 Evacuation Pause)
[2022-03-25T07:16:36.687+0000][60447.338s] GC(110) Using 4 workers of 4 for evacuation
[2022-03-25T07:16:36.817+0000][60447.467s] GC(110)   Pre Evacuate Collection Set: 0.0ms
[2022-03-25T07:16:36.832+0000][60447.482s] GC(110)   Evacuate Collection Set: 111.5ms
[2022-03-25T07:16:36.837+0000][60447.487s] GC(110)   Post Evacuate Collection Set: 0.5ms
[2022-03-25T07:16:36.838+0000][60447.488s] GC(110)   Other: 21.4ms
[2022-03-25T07:16:36.838+0000][60447.488s] GC(110) Eden regions: 104->0(119)
[2022-03-25T07:16:36.838+0000][60447.489s] GC(110) Survivor regions: 2->2(14)
[2022-03-25T07:16:36.839+0000][60447.489s] GC(110) Old regions: 211->211
[2022-03-25T07:16:36.839+0000][60447.489s] GC(110) Humongous regions: 7->7
[2022-03-25T07:16:36.841+0000][60447.491s] GC(110) Metaspace: 59752K->59752K(1103872K)
[2022-03-25T07:16:36.853+0000][60447.503s] GC(110) Pause Young (Normal) (G1 Evacuation Pause) 321M->217M(512M) 169.308ms
[2022-03-25T07:16:36.854+0000][60447.504s] GC(110) User=0.05s Sys=0.01s Real=0.17s
[2022-03-25T07:16:39.395+0000][60450.045s] GC(111) Pause Young (Normal) (G1 Evacuation Pause)
[2022-03-25T07:16:39.424+0000][60450.074s] GC(111) Using 4 workers of 4 for evacuation
[2022-03-25T07:16:39.810+0000][60450.460s] GC(111) MMU target violated: 251.0ms (250.0ms/251.0ms)
[2022-03-25T07:16:39.815+0000][60450.466s] GC(111)   Pre Evacuate Collection Set: 0.0ms
[2022-03-25T07:16:39.817+0000][60450.467s] GC(111)   Evacuate Collection Set: 365.4ms
[2022-03-25T07:16:39.822+0000][60450.472s] GC(111)   Post Evacuate Collection Set: 1.3ms
[2022-03-25T07:16:39.831+0000][60450.481s] GC(111)   Other: 54.1ms
[2022-03-25T07:16:39.832+0000][60450.482s] GC(111) Eden regions: 119->0(75)
[2022-03-25T07:16:39.833+0000][60450.483s] GC(111) Survivor regions: 2->2(16)
[2022-03-25T07:16:39.834+0000][60450.485s] GC(111) Old regions: 211->211
[2022-03-25T07:16:39.837+0000][60450.487s] GC(111) Humongous regions: 7->7
[2022-03-25T07:16:39.839+0000][60450.490s] GC(111) Metaspace: 59752K->59752K(1103872K)
[2022-03-25T07:16:39.840+0000][60450.490s] GC(111) Pause Young (Normal) (G1 Evacuation Pause) 336M->217M(512M) 444.963ms
[2022-03-25T07:16:39.845+0000][60450.495s] GC(111) User=0.43s Sys=0.10s Real=0.45s
[2022-03-25T07:21:22.388+0000][60733.038s] GC(112) Pause Young (Normal) (G1 Evacuation Pause)
[2022-03-25T07:21:22.405+0000][60733.055s] GC(112) Using 4 workers of 4 for evacuation
[2022-03-25T07:21:28.880+0000][60739.530s] GC(112) MMU target violated: 251.0ms (250.0ms/251.0ms)
[2022-03-25T07:21:29.133+0000][60739.783s] GC(112)   Pre Evacuate Collection Set: 523.2ms
[2022-03-25T07:21:29.322+0000][60739.972s] GC(112)   Evacuate Collection Set: 5677.1ms
[2022-03-25T07:21:29.432+0000][60740.082s] GC(112)   Post Evacuate Collection Set: 5.0ms
[2022-03-25T07:21:29.452+0000][60740.102s] GC(112)   Other: 542.6ms
[2022-03-25T07:21:29.473+0000][60740.124s] GC(112) Eden regions: 75->0(23)
[2022-03-25T07:21:29.537+0000][60740.188s] GC(112) Survivor regions: 2->2(10)
[2022-03-25T07:21:29.665+0000][60740.315s] GC(112) Old regions: 211->211
[2022-03-25T07:21:29.764+0000][60740.415s] GC(112) Humongous regions: 7->7
[2022-03-25T07:21:29.823+0000][60740.473s] GC(112) Metaspace: 59756K->59756K(1103872K)
[2022-03-25T07:21:30.065+0000][60740.716s] GC(112) Pause Young (Normal) (G1 Evacuation Pause) 292M->217M(512M) 7677.600ms
[2022-03-25T07:21:30.467+0000][60741.118s] GC(112) User=3.01s Sys=1.18s Real=7.91s
[2022-03-25T07:21:35.196+0000][60745.847s] GC(113) Pause Young (Normal) (G1 Evacuation Pause)
[2022-03-25T07:21:35.210+0000][60745.860s] GC(113) Using 4 workers of 4 for evacuation
[2022-03-25T07:21:35.290+0000][60745.940s] GC(113)   Pre Evacuate Collection Set: 0.1ms
[2022-03-25T07:21:35.297+0000][60745.947s] GC(113)   Evacuate Collection Set: 68.2ms
[2022-03-25T07:21:35.300+0000][60745.950s] GC(113)   Post Evacuate Collection Set: 2.2ms
[2022-03-25T07:21:35.314+0000][60745.964s] GC(113)   Other: 23.4ms
[2022-03-25T07:21:35.315+0000][60745.965s] GC(113) Eden regions: 23->0(23)
[2022-03-25T07:21:35.316+0000][60745.966s] GC(113) Survivor regions: 2->2(4)
[2022-03-25T07:21:35.317+0000][60745.967s] GC(113) Old regions: 211->211
[2022-03-25T07:21:35.330+0000][60745.980s] GC(113) Humongous regions: 7->7
[2022-03-25T07:21:35.334+0000][60745.984s] GC(113) Metaspace: 59756K->59756K(1103872K)
[2022-03-25T07:21:35.346+0000][60745.997s] GC(113) Pause Young (Normal) (G1 Evacuation Pause) 240M->217M(512M) 149.938ms
[2022-03-25T07:21:35.367+0000][60746.017s] GC(113) User=0.09s Sys=0.03s Real=0.17s
[2022-03-25T07:21:54.545+0000][60765.196s] GC(114) Pause Young (Normal) (G1 Evacuation Pause)
[2022-03-25T07:21:54.546+0000][60765.197s] GC(114) Using 4 workers of 4 for evacuation
[2022-03-25T07:21:54.909+0000][60765.559s] GC(114) MMU target violated: 251.0ms (250.0ms/251.0ms)
[2022-03-25T07:21:54.927+0000][60765.577s] GC(114)   Pre Evacuate Collection Set: 0.1ms
[2022-03-25T07:21:54.978+0000][60765.628s] GC(114)   Evacuate Collection Set: 198.8ms
[2022-03-25T07:21:55.046+0000][60765.697s] GC(114)   Post Evacuate Collection Set: 148.6ms
[2022-03-25T07:21:55.149+0000][60765.799s] GC(114)   Other: 34.0ms
[2022-03-25T07:21:55.224+0000][60765.874s] GC(114) Eden regions: 23->0(23)
[2022-03-25T07:21:55.278+0000][60765.928s] GC(114) Survivor regions: 2->2(4)
[2022-03-25T07:21:55.359+0000][60766.010s] GC(114) Old regions: 211->211
[2022-03-25T07:21:55.419+0000][60766.070s] GC(114) Humongous regions: 7->7
[2022-03-25T07:21:55.557+0000][60766.208s] GC(114) Metaspace: 59756K->59756K(1103872K)
[2022-03-25T07:21:55.560+0000][60766.210s] GC(114) Pause Young (Normal) (G1 Evacuation Pause) 240M->217M(512M) 1014.191ms
[2022-03-25T07:21:55.614+0000][60766.264s] GC(114) User=0.01s Sys=0.05s Real=1.04s
[2022-03-25T07:22:05.774+0000][60776.425s] GC(115) Pause Young (Normal) (G1 Evacuation Pause)
[2022-03-25T07:22:05.783+0000][60776.434s] GC(115) Using 4 workers of 4 for evacuation
[2022-03-25T07:22:05.926+0000][60776.576s] GC(115)   Pre Evacuate Collection Set: 0.1ms
[2022-03-25T07:22:05.928+0000][60776.578s] GC(115)   Evacuate Collection Set: 132.6ms
[2022-03-25T07:22:05.929+0000][60776.580s] GC(115)   Post Evacuate Collection Set: 1.1ms
[2022-03-25T07:22:05.930+0000][60776.580s] GC(115)   Other: 17.4ms
[2022-03-25T07:22:05.934+0000][60776.585s] GC(115) Eden regions: 23->0(23)
[2022-03-25T07:22:05.940+0000][60776.591s] GC(115) Survivor regions: 2->2(4)
[2022-03-25T07:22:05.942+0000][60776.593s] GC(115) Old regions: 211->211
[2022-03-25T07:22:05.943+0000][60776.593s] GC(115) Humongous regions: 7->7
[2022-03-25T07:22:05.954+0000][60776.604s] GC(115) Metaspace: 59756K->59756K(1103872K)
[2022-03-25T07:22:05.956+0000][60776.606s] GC(115) Pause Young (Normal) (G1 Evacuation Pause) 240M->217M(512M) 181.661ms
[2022-03-25T07:22:05.957+0000][60776.608s] GC(115) User=0.04s Sys=0.02s Real=0.18s
[2022-03-25T07:23:40.337+0000][60870.987s] GC(116) Pause Young (Normal) (G1 Evacuation Pause)
[2022-03-25T07:23:40.338+0000][60870.988s] GC(116) Using 4 workers of 4 for evacuation
[2022-03-25T07:23:40.922+0000][60871.572s] GC(116) MMU target violated: 251.0ms (250.0ms/251.0ms)
[2022-03-25T07:23:40.932+0000][60871.582s] GC(116)   Pre Evacuate Collection Set: 286.5ms
[2022-03-25T07:23:40.934+0000][60871.585s] GC(116)   Evacuate Collection Set: 284.8ms
[2022-03-25T07:23:40.948+0000][60871.599s] GC(116)   Post Evacuate Collection Set: 5.6ms
[2022-03-25T07:23:40.950+0000][60871.601s] GC(116)   Other: 18.5ms
[2022-03-25T07:23:40.972+0000][60871.622s] GC(116) Eden regions: 23->0(23)
[2022-03-25T07:23:40.974+0000][60871.624s] GC(116) Survivor regions: 2->2(4)
[2022-03-25T07:23:40.974+0000][60871.625s] GC(116) Old regions: 211->211
[2022-03-25T07:23:40.976+0000][60871.626s] GC(116) Humongous regions: 7->7
[2022-03-25T07:23:40.978+0000][60871.628s] GC(116) Metaspace: 59830K->59830K(1103872K)
[2022-03-25T07:23:40.980+0000][60871.630s] GC(116) Pause Young (Normal) (G1 Evacuation Pause) 240M->217M(512M) 643.163ms
[2022-03-25T07:23:40.984+0000][60871.634s] GC(116) User=0.28s Sys=0.14s Real=0.64s
[2022-03-25T07:23:42.162+0000][60872.812s] GC(117) Pause Young (Normal) (G1 Evacuation Pause)
[2022-03-25T07:23:42.184+0000][60872.834s] GC(117) Using 4 workers of 4 for evacuation
[2022-03-25T07:23:42.309+0000][60872.959s] GC(117)   Pre Evacuate Collection Set: 0.0ms
[2022-03-25T07:23:42.324+0000][60872.974s] GC(117)   Evacuate Collection Set: 80.2ms
[2022-03-25T07:23:42.340+0000][60872.990s] GC(117)   Post Evacuate Collection Set: 16.7ms
[2022-03-25T07:23:42.350+0000][60873.000s] GC(117)   Other: 49.9ms
[2022-03-25T07:23:42.356+0000][60873.006s] GC(117) Eden regions: 23->0(23)
[2022-03-25T07:23:42.388+0000][60873.038s] GC(117) Survivor regions: 2->2(4)
[2022-03-25T07:23:42.415+0000][60873.065s] GC(117) Old regions: 211->211
[2022-03-25T07:23:42.420+0000][60873.070s] GC(117) Humongous regions: 7->7
[2022-03-25T07:23:42.431+0000][60873.081s] GC(117) Metaspace: 59830K->59830K(1103872K)
[2022-03-25T07:23:42.446+0000][60873.097s] GC(117) Pause Young (Normal) (G1 Evacuation Pause) 240M->217M(512M) 284.448ms
[2022-03-25T07:23:42.463+0000][60873.113s] GC(117) User=0.04s Sys=0.03s Real=0.30s
[2022-03-25T07:23:45.988+0000][60876.638s] GC(118) Pause Young (Normal) (G1 Evacuation Pause)
[2022-03-25T07:23:45.992+0000][60876.642s] GC(118) Using 4 workers of 4 for evacuation
[2022-03-25T07:23:46.403+0000][60877.054s] GC(118) MMU target violated: 251.0ms (250.0ms/251.0ms)
[2022-03-25T07:23:46.424+0000][60877.075s] GC(118)   Pre Evacuate Collection Set: 0.0ms
[2022-03-25T07:23:46.434+0000][60877.085s] GC(118)   Evacuate Collection Set: 344.4ms
[2022-03-25T07:23:46.451+0000][60877.101s] GC(118)   Post Evacuate Collection Set: 55.4ms
[2022-03-25T07:23:46.452+0000][60877.102s] GC(118)   Other: 36.6ms
[2022-03-25T07:23:46.454+0000][60877.104s] GC(118) Eden regions: 23->0(23)
[2022-03-25T07:23:46.460+0000][60877.110s] GC(118) Survivor regions: 2->2(4)
[2022-03-25T07:23:46.474+0000][60877.124s] GC(118) Old regions: 211->211
[2022-03-25T07:23:46.488+0000][60877.139s] GC(118) Humongous regions: 7->7
[2022-03-25T07:23:46.493+0000][60877.143s] GC(118) Metaspace: 59832K->59832K(1103872K)
[2022-03-25T07:23:46.495+0000][60877.145s] GC(118) Pause Young (Normal) (G1 Evacuation Pause) 240M->217M(512M) 506.725ms
[2022-03-25T07:23:46.496+0000][60877.146s] GC(118) User=0.07s Sys=0.06s Real=0.50s
[2022-03-25T07:23:47.411+0000][60878.061s] GC(119) Pause Young (Normal) (G1 Evacuation Pause)
[2022-03-25T07:23:47.420+0000][60878.070s] GC(119) Using 4 workers of 4 for evacuation
[2022-03-25T07:23:47.915+0000][60878.565s] GC(119) MMU target violated: 251.0ms (250.0ms/251.0ms)
[2022-03-25T07:23:47.930+0000][60878.580s] GC(119)   Pre Evacuate Collection Set: 0.0ms
[2022-03-25T07:23:47.946+0000][60878.596s] GC(119)   Evacuate Collection Set: 490.5ms
[2022-03-25T07:23:47.962+0000][60878.612s] GC(119)   Post Evacuate Collection Set: 2.7ms
[2022-03-25T07:23:47.981+0000][60878.632s] GC(119)   Other: 25.5ms
[2022-03-25T07:23:47.994+0000][60878.644s] GC(119) Eden regions: 23->0(23)
[2022-03-25T07:23:48.010+0000][60878.660s] GC(119) Survivor regions: 2->2(4)
[2022-03-25T07:23:48.013+0000][60878.663s] GC(119) Old regions: 211->211
[2022-03-25T07:23:48.028+0000][60878.678s] GC(119) Humongous regions: 7->7
[2022-03-25T07:23:48.043+0000][60878.693s] GC(119) Metaspace: 59832K->59832K(1103872K)
[2022-03-25T07:23:48.046+0000][60878.696s] GC(119) Pause Young (Normal) (G1 Evacuation Pause) 240M->217M(512M) 634.539ms
[2022-03-25T07:23:48.067+0000][60878.717s] GC(119) User=0.45s Sys=0.14s Real=0.66s
[2022-03-25T07:23:48.721+0000][60879.371s] GC(120) Pause Young (Normal) (G1 Evacuation Pause)
[2022-03-25T07:23:48.735+0000][60879.385s] GC(120) Using 4 workers of 4 for evacuation
[2022-03-25T07:23:48.835+0000][60879.485s] GC(120)   Pre Evacuate Collection Set: 0.0ms
[2022-03-25T07:23:48.850+0000][60879.500s] GC(120)   Evacuate Collection Set: 79.5ms
[2022-03-25T07:23:48.866+0000][60879.516s] GC(120)   Post Evacuate Collection Set: 0.5ms
[2022-03-25T07:23:48.875+0000][60879.525s] GC(120)   Other: 34.0ms
[2022-03-25T07:23:48.891+0000][60879.541s] GC(120) Eden regions: 23->0(23)
[2022-03-25T07:23:48.891+0000][60879.542s] GC(120) Survivor regions: 2->2(4)
[2022-03-25T07:23:48.892+0000][60879.542s] GC(120) Old regions: 211->211
[2022-03-25T07:23:48.892+0000][60879.543s] GC(120) Humongous regions: 7->7
[2022-03-25T07:23:48.893+0000][60879.543s] GC(120) Metaspace: 59832K->59832K(1103872K)
[2022-03-25T07:23:48.894+0000][60879.544s] GC(120) Pause Young (Normal) (G1 Evacuation Pause) 240M->217M(512M) 173.408ms
[2022-03-25T07:23:48.895+0000][60879.545s] GC(120) User=0.06s Sys=0.04s Real=0.17s
[2022-03-25T07:23:50.018+0000][60880.669s] GC(121) Pause Young (Normal) (G1 Evacuation Pause)
[2022-03-25T07:23:50.029+0000][60880.679s] GC(121) Using 4 workers of 4 for evacuation
[2022-03-25T07:23:50.245+0000][60880.895s] GC(121)   Pre Evacuate Collection Set: 0.1ms
[2022-03-25T07:23:50.246+0000][60880.897s] GC(121)   Evacuate Collection Set: 195.2ms
[2022-03-25T07:23:50.247+0000][60880.898s] GC(121)   Post Evacuate Collection Set: 0.4ms
[2022-03-25T07:23:50.248+0000][60880.899s] GC(121)   Other: 30.7ms
[2022-03-25T07:23:50.249+0000][60880.899s] GC(121) Eden regions: 23->0(23)
[2022-03-25T07:23:50.250+0000][60880.900s] GC(121) Survivor regions: 2->3(4)
[2022-03-25T07:23:50.251+0000][60880.901s] GC(121) Old regions: 211->211
[2022-03-25T07:23:50.252+0000][60880.902s] GC(121) Humongous regions: 7->7
[2022-03-25T07:23:50.253+0000][60880.903s] GC(121) Metaspace: 59832K->59832K(1103872K)
[2022-03-25T07:23:50.261+0000][60880.911s] GC(121) Pause Young (Normal) (G1 Evacuation Pause) 240M->218M(512M) 242.535ms
[2022-03-25T07:23:50.277+0000][60880.928s] GC(121) User=0.06s Sys=0.05s Real=0.26s
[2022-03-25T07:23:51.313+0000][60881.964s] GC(122) Pause Young (Normal) (G1 Evacuation Pause)
[2022-03-25T07:23:51.321+0000][60881.971s] GC(122) Using 4 workers of 4 for evacuation
[2022-03-25T07:23:51.500+0000][60882.150s] GC(122)   Pre Evacuate Collection Set: 0.0ms
[2022-03-25T07:23:51.523+0000][60882.173s] GC(122)   Evacuate Collection Set: 140.3ms
[2022-03-25T07:23:51.530+0000][60882.181s] GC(122)   Post Evacuate Collection Set: 37.7ms
[2022-03-25T07:23:51.548+0000][60882.198s] GC(122)   Other: 8.9ms
[2022-03-25T07:23:51.567+0000][60882.217s] GC(122) Eden regions: 23->0(22)
[2022-03-25T07:23:51.587+0000][60882.238s] GC(122) Survivor regions: 3->3(4)
[2022-03-25T07:23:51.646+0000][60882.297s] GC(122) Old regions: 211->211
[2022-03-25T07:23:51.694+0000][60882.345s] GC(122) Humongous regions: 7->7
[2022-03-25T07:23:51.719+0000][60882.369s] GC(122) Metaspace: 59838K->59838K(1103872K)
[2022-03-25T07:23:51.795+0000][60882.445s] GC(122) Pause Young (Normal) (G1 Evacuation Pause) 241M->218M(512M) 481.933ms
[2022-03-25T07:23:51.918+0000][60882.568s] GC(122) User=0.13s Sys=0.04s Real=0.60s
[2022-03-25T07:23:52.696+0000][60883.346s] GC(123) Pause Young (Normal) (G1 Evacuation Pause)
[2022-03-25T07:23:52.702+0000][60883.352s] GC(123) Using 4 workers of 4 for evacuation
[2022-03-25T07:23:52.887+0000][60883.537s] GC(123)   Pre Evacuate Collection Set: 0.2ms
[2022-03-25T07:23:52.892+0000][60883.543s] GC(123)   Evacuate Collection Set: 180.0ms
[2022-03-25T07:23:52.906+0000][60883.556s] GC(123)   Post Evacuate Collection Set: 0.4ms
[2022-03-25T07:23:52.925+0000][60883.576s] GC(123)   Other: 10.6ms
[2022-03-25T07:23:52.928+0000][60883.578s] GC(123) Eden regions: 22->0(23)
[2022-03-25T07:23:52.928+0000][60883.578s] GC(123) Survivor regions: 3->2(4)
[2022-03-25T07:23:52.929+0000][60883.579s] GC(123) Old regions: 211->212
[2022-03-25T07:23:52.929+0000][60883.579s] GC(123) Humongous regions: 7->7
[2022-03-25T07:23:52.930+0000][60883.580s] GC(123) Metaspace: 59838K->59838K(1103872K)
[2022-03-25T07:23:52.930+0000][60883.580s] GC(123) Pause Young (Normal) (G1 Evacuation Pause) 240M->218M(512M) 234.046ms
[2022-03-25T07:23:52.931+0000][60883.581s] GC(123) User=0.04s Sys=0.06s Real=0.23s
[2022-03-25T07:23:53.684+0000][60884.335s] GC(124) Pause Young (Normal) (G1 Evacuation Pause)
[2022-03-25T07:23:53.693+0000][60884.343s] GC(124) Using 4 workers of 4 for evacuation
[2022-03-25T07:23:53.775+0000][60884.425s] GC(124)   Pre Evacuate Collection Set: 0.0ms
[2022-03-25T07:23:53.807+0000][60884.457s] GC(124)   Evacuate Collection Set: 74.2ms
[2022-03-25T07:23:53.823+0000][60884.473s] GC(124)   Post Evacuate Collection Set: 0.4ms
[2022-03-25T07:23:53.836+0000][60884.487s] GC(124)   Other: 16.1ms
[2022-03-25T07:23:53.856+0000][60884.507s] GC(124) Eden regions: 23->0(27)
[2022-03-25T07:23:53.865+0000][60884.515s] GC(124) Survivor regions: 2->2(4)
[2022-03-25T07:23:53.870+0000][60884.520s] GC(124) Old regions: 212->212
[2022-03-25T07:23:53.873+0000][60884.523s] GC(124) Humongous regions: 7->7
[2022-03-25T07:23:53.883+0000][60884.533s] GC(124) Metaspace: 59838K->59838K(1103872K)
[2022-03-25T07:23:53.884+0000][60884.534s] GC(124) Pause Young (Normal) (G1 Evacuation Pause) 241M->218M(512M) 199.292ms
[2022-03-25T07:23:53.885+0000][60884.536s] GC(124) User=0.04s Sys=0.01s Real=0.19s
[2022-03-25T07:23:54.868+0000][60885.518s] GC(125) Pause Young (Normal) (G1 Evacuation Pause)
[2022-03-25T07:23:54.869+0000][60885.519s] GC(125) Using 4 workers of 4 for evacuation
[2022-03-25T07:23:54.920+0000][60885.570s] GC(125)   Pre Evacuate Collection Set: 0.0ms
[2022-03-25T07:23:54.934+0000][60885.584s] GC(125)   Evacuate Collection Set: 47.2ms
[2022-03-25T07:23:54.935+0000][60885.585s] GC(125)   Post Evacuate Collection Set: 1.3ms
[2022-03-25T07:23:54.937+0000][60885.587s] GC(125)   Other: 3.8ms
[2022-03-25T07:23:54.938+0000][60885.588s] GC(125) Eden regions: 27->0(32)
[2022-03-25T07:23:54.939+0000][60885.589s] GC(125) Survivor regions: 2->2(4)
[2022-03-25T07:23:54.943+0000][60885.593s] GC(125) Old regions: 212->212
[2022-03-25T07:23:54.944+0000][60885.594s] GC(125) Humongous regions: 7->7
[2022-03-25T07:23:54.961+0000][60885.611s] GC(125) Metaspace: 59838K->59838K(1103872K)
[2022-03-25T07:23:54.962+0000][60885.612s] GC(125) Pause Young (Normal) (G1 Evacuation Pause) 245M->218M(512M) 94.097ms
[2022-03-25T07:23:54.963+0000][60885.613s] GC(125) User=0.05s Sys=0.00s Real=0.09s
[2022-03-25T07:23:56.126+0000][60886.776s] GC(126) Pause Young (Normal) (G1 Evacuation Pause)
[2022-03-25T07:23:56.155+0000][60886.805s] GC(126) Using 4 workers of 4 for evacuation
[2022-03-25T07:23:56.235+0000][60886.885s] GC(126)   Pre Evacuate Collection Set: 0.0ms
[2022-03-25T07:23:56.240+0000][60886.890s] GC(126)   Evacuate Collection Set: 43.8ms
[2022-03-25T07:23:56.244+0000][60886.895s] GC(126)   Post Evacuate Collection Set: 0.9ms
[2022-03-25T07:23:56.256+0000][60886.906s] GC(126)   Other: 64.6ms
[2022-03-25T07:23:56.260+0000][60886.910s] GC(126) Eden regions: 32->0(35)
[2022-03-25T07:23:56.271+0000][60886.922s] GC(126) Survivor regions: 2->2(5)
[2022-03-25T07:23:56.275+0000][60886.926s] GC(126) Old regions: 212->212
[2022-03-25T07:23:56.276+0000][60886.926s] GC(126) Humongous regions: 7->7
[2022-03-25T07:23:56.277+0000][60886.927s] GC(126) Metaspace: 59838K->59838K(1103872K)
[2022-03-25T07:23:56.277+0000][60886.927s] GC(126) Pause Young (Normal) (G1 Evacuation Pause) 250M->218M(512M) 151.106ms
[2022-03-25T07:23:56.277+0000][60886.928s] GC(126) User=0.09s Sys=0.02s Real=0.14s
[2022-03-25T07:23:57.384+0000][60888.034s] GC(127) Pause Young (Normal) (G1 Evacuation Pause)
[2022-03-25T07:23:57.384+0000][60888.035s] GC(127) Using 4 workers of 4 for evacuation
[2022-03-25T07:23:57.476+0000][60888.126s] GC(127)   Pre Evacuate Collection Set: 0.1ms
[2022-03-25T07:23:57.492+0000][60888.142s] GC(127)   Evacuate Collection Set: 88.8ms
[2022-03-25T07:23:57.499+0000][60888.150s] GC(127)   Post Evacuate Collection Set: 1.3ms
[2022-03-25T07:23:57.500+0000][60888.150s] GC(127)   Other: 1.8ms
[2022-03-25T07:23:57.500+0000][60888.150s] GC(127) Eden regions: 35->0(39)
[2022-03-25T07:23:57.500+0000][60888.151s] GC(127) Survivor regions: 2->2(5)
[2022-03-25T07:23:57.501+0000][60888.151s] GC(127) Old regions: 212->212
[2022-03-25T07:23:57.501+0000][60888.152s] GC(127) Humongous regions: 7->7
[2022-03-25T07:23:57.502+0000][60888.152s] GC(127) Metaspace: 59838K->59838K(1103872K)
[2022-03-25T07:23:57.502+0000][60888.152s] GC(127) Pause Young (Normal) (G1 Evacuation Pause) 253M->218M(512M) 118.193ms
[2022-03-25T07:23:57.502+0000][60888.153s] GC(127) User=0.04s Sys=0.01s Real=0.12s
[2022-03-25T07:24:00.550+0000][60891.201s] GC(128) Pause Young (Normal) (G1 Evacuation Pause)
[2022-03-25T07:24:00.553+0000][60891.203s] GC(128) Using 4 workers of 4 for evacuation
[2022-03-25T07:24:00.683+0000][60891.334s] GC(128)   Pre Evacuate Collection Set: 0.0ms
[2022-03-25T07:24:00.688+0000][60891.338s] GC(128)   Evacuate Collection Set: 93.7ms
[2022-03-25T07:24:00.691+0000][60891.341s] GC(128)   Post Evacuate Collection Set: 21.1ms
[2022-03-25T07:24:00.692+0000][60891.342s] GC(128)   Other: 18.1ms
[2022-03-25T07:24:00.694+0000][60891.344s] GC(128) Eden regions: 39->0(44)
[2022-03-25T07:24:00.696+0000][60891.346s] GC(128) Survivor regions: 2->2(6)
[2022-03-25T07:24:00.697+0000][60891.347s] GC(128) Old regions: 212->212
[2022-03-25T07:24:00.704+0000][60891.354s] GC(128) Humongous regions: 7->7
[2022-03-25T07:24:00.711+0000][60891.361s] GC(128) Metaspace: 59838K->59838K(1103872K)
[2022-03-25T07:24:00.713+0000][60891.363s] GC(128) Pause Young (Normal) (G1 Evacuation Pause) 257M->218M(512M) 162.398ms
[2022-03-25T07:24:00.713+0000][60891.364s] GC(128) User=0.06s Sys=0.01s Real=0.16s
[2022-03-25T07:24:02.499+0000][60893.150s] GC(129) Pause Young (Normal) (G1 Evacuation Pause)
[2022-03-25T07:24:02.503+0000][60893.154s] GC(129) Using 4 workers of 4 for evacuation
[2022-03-25T07:24:02.653+0000][60893.303s] GC(129)   Pre Evacuate Collection Set: 0.1ms
[2022-03-25T07:24:02.664+0000][60893.314s] GC(129)   Evacuate Collection Set: 109.1ms
[2022-03-25T07:24:02.665+0000][60893.316s] GC(129)   Post Evacuate Collection Set: 1.1ms
[2022-03-25T07:24:02.670+0000][60893.321s] GC(129)   Other: 43.0ms
[2022-03-25T07:24:02.710+0000][60893.360s] GC(129) Eden regions: 44->0(49)
[2022-03-25T07:24:02.720+0000][60893.370s] GC(129) Survivor regions: 2->2(6)
[2022-03-25T07:24:02.729+0000][60893.379s] GC(129) Old regions: 212->212
[2022-03-25T07:24:02.739+0000][60893.389s] GC(129) Humongous regions: 7->7
[2022-03-25T07:24:02.740+0000][60893.391s] GC(129) Metaspace: 59840K->59840K(1103872K)
[2022-03-25T07:24:02.741+0000][60893.391s] GC(129) Pause Young (Normal) (G1 Evacuation Pause) 262M->218M(512M) 241.400ms
[2022-03-25T07:24:02.742+0000][60893.392s] GC(129) User=0.05s Sys=0.03s Real=0.24s
[2022-03-25T07:24:09.246+0000][60899.896s] GC(130) Pause Young (Normal) (G1 Evacuation Pause)
[2022-03-25T07:24:09.264+0000][60899.914s] GC(130) Using 4 workers of 4 for evacuation
[2022-03-25T07:24:09.428+0000][60900.078s] GC(130)   Pre Evacuate Collection Set: 0.1ms
[2022-03-25T07:24:09.441+0000][60900.091s] GC(130)   Evacuate Collection Set: 153.7ms
[2022-03-25T07:24:09.484+0000][60900.134s] GC(130)   Post Evacuate Collection Set: 0.7ms
[2022-03-25T07:24:09.499+0000][60900.149s] GC(130)   Other: 27.3ms
[2022-03-25T07:24:09.530+0000][60900.180s] GC(130) Eden regions: 49->0(47)
[2022-03-25T07:24:09.559+0000][60900.210s] GC(130) Survivor regions: 2->2(7)
[2022-03-25T07:24:09.600+0000][60900.251s] GC(130) Old regions: 212->212
[2022-03-25T07:24:09.610+0000][60900.260s] GC(130) Humongous regions: 7->7
[2022-03-25T07:24:09.626+0000][60900.277s] GC(130) Metaspace: 59847K->59847K(1103872K)
[2022-03-25T07:24:09.635+0000][60900.285s] GC(130) Pause Young (Normal) (G1 Evacuation Pause) 267M->218M(512M) 388.505ms
[2022-03-25T07:24:09.638+0000][60900.288s] GC(130) User=0.04s Sys=0.05s Real=0.39s
[2022-03-25T07:24:16.955+0000][60907.605s] GC(131) Pause Young (Normal) (G1 Evacuation Pause)
[2022-03-25T07:24:16.987+0000][60907.637s] GC(131) Using 4 workers of 4 for evacuation
[2022-03-25T07:24:17.193+0000][60907.844s] GC(131)   Pre Evacuate Collection Set: 0.1ms
[2022-03-25T07:24:17.209+0000][60907.859s] GC(131)   Evacuate Collection Set: 188.4ms
[2022-03-25T07:24:17.222+0000][60907.872s] GC(131)   Post Evacuate Collection Set: 0.8ms
[2022-03-25T07:24:17.235+0000][60907.885s] GC(131)   Other: 49.5ms
[2022-03-25T07:24:17.238+0000][60907.888s] GC(131) Eden regions: 47->0(49)
[2022-03-25T07:24:17.239+0000][60907.889s] GC(131) Survivor regions: 2->2(7)
[2022-03-25T07:24:17.251+0000][60907.901s] GC(131) Old regions: 212->212
[2022-03-25T07:24:17.267+0000][60907.917s] GC(131) Humongous regions: 7->7
[2022-03-25T07:24:17.268+0000][60907.918s] GC(131) Metaspace: 59847K->59847K(1103872K)
[2022-03-25T07:24:17.269+0000][60907.919s] GC(131) Pause Young (Normal) (G1 Evacuation Pause) 265M->218M(512M) 314.567ms
[2022-03-25T07:24:17.283+0000][60907.933s] GC(131) User=0.08s Sys=0.05s Real=0.33s
[2022-03-25T07:24:20.860+0000][60911.510s] GC(132) Pause Young (Normal) (G1 Evacuation Pause)
[2022-03-25T07:24:20.909+0000][60911.559s] GC(132) Using 4 workers of 4 for evacuation
[2022-03-25T07:24:21.072+0000][60911.723s] GC(132)   Pre Evacuate Collection Set: 0.0ms
[2022-03-25T07:24:21.108+0000][60911.758s] GC(132)   Evacuate Collection Set: 131.7ms
[2022-03-25T07:24:21.125+0000][60911.775s] GC(132)   Post Evacuate Collection Set: 0.4ms
[2022-03-25T07:24:21.171+0000][60911.822s] GC(132)   Other: 80.1ms
[2022-03-25T07:24:21.218+0000][60911.868s] GC(132) Eden regions: 49->0(52)
[2022-03-25T07:24:21.269+0000][60911.919s] GC(132) Survivor regions: 2->2(7)
[2022-03-25T07:24:21.345+0000][60911.995s] GC(132) Old regions: 212->212
[2022-03-25T07:24:21.396+0000][60912.046s] GC(132) Humongous regions: 7->7
[2022-03-25T07:24:21.428+0000][60912.078s] GC(132) Metaspace: 59848K->59848K(1103872K)
[2022-03-25T07:24:21.460+0000][60912.111s] GC(132) Pause Young (Normal) (G1 Evacuation Pause) 267M->218M(512M) 600.235ms
[2022-03-25T07:24:21.524+0000][60912.175s] GC(132) User=0.01s Sys=0.06s Real=0.67s
[2022-03-25T07:24:24.103+0000][60914.753s] GC(133) Pause Young (Normal) (G1 Evacuation Pause)
[2022-03-25T07:24:24.139+0000][60914.790s] GC(133) Using 4 workers of 4 for evacuation
[2022-03-25T07:24:24.259+0000][60914.909s] GC(133)   Pre Evacuate Collection Set: 0.0ms
[2022-03-25T07:24:24.260+0000][60914.911s] GC(133)   Evacuate Collection Set: 98.9ms
[2022-03-25T07:24:24.274+0000][60914.925s] GC(133)   Post Evacuate Collection Set: 4.0ms
[2022-03-25T07:24:24.292+0000][60914.942s] GC(133)   Other: 53.2ms
[2022-03-25T07:24:24.297+0000][60914.947s] GC(133) Eden regions: 52->0(56)
[2022-03-25T07:24:24.305+0000][60914.955s] GC(133) Survivor regions: 2->2(7)
[2022-03-25T07:24:24.317+0000][60914.968s] GC(133) Old regions: 212->212
[2022-03-25T07:24:24.334+0000][60914.984s] GC(133) Humongous regions: 7->7
[2022-03-25T07:24:24.349+0000][60914.999s] GC(133) Metaspace: 59849K->59849K(1103872K)
[2022-03-25T07:24:24.365+0000][60915.015s] GC(133) Pause Young (Normal) (G1 Evacuation Pause) 270M->218M(512M) 262.386ms
[2022-03-25T07:24:24.381+0000][60915.031s] GC(133) User=0.05s Sys=0.03s Real=0.29s
[2022-03-25T07:24:26.240+0000][60916.890s] GC(134) Pause Young (Normal) (G1 Evacuation Pause)
[2022-03-25T07:24:26.244+0000][60916.894s] GC(134) Using 4 workers of 4 for evacuation
[2022-03-25T07:24:26.355+0000][60917.005s] GC(134)   Pre Evacuate Collection Set: 0.0ms
[2022-03-25T07:24:26.356+0000][60917.006s] GC(134)   Evacuate Collection Set: 98.5ms
[2022-03-25T07:24:26.356+0000][60917.007s] GC(134)   Post Evacuate Collection Set: 0.6ms
[2022-03-25T07:24:26.367+0000][60917.017s] GC(134)   Other: 16.7ms
[2022-03-25T07:24:26.379+0000][60917.029s] GC(134) Eden regions: 56->0(60)
[2022-03-25T07:24:26.383+0000][60917.033s] GC(134) Survivor regions: 2->2(8)
[2022-03-25T07:24:26.387+0000][60917.038s] GC(134) Old regions: 212->212
[2022-03-25T07:24:26.392+0000][60917.043s] GC(134) Humongous regions: 7->7
[2022-03-25T07:24:26.393+0000][60917.043s] GC(134) Metaspace: 59849K->59849K(1103872K)
[2022-03-25T07:24:26.395+0000][60917.045s] GC(134) Pause Young (Normal) (G1 Evacuation Pause) 274M->218M(512M) 155.090ms
[2022-03-25T07:24:26.395+0000][60917.046s] GC(134) User=0.06s Sys=0.02s Real=0.16s
[2022-03-25T07:24:36.442+0000][60927.092s] GC(135) Pause Young (Normal) (G1 Evacuation Pause)
[2022-03-25T07:24:36.462+0000][60927.112s] GC(135) Using 4 workers of 4 for evacuation
[2022-03-25T07:24:37.296+0000][60927.947s] GC(135) MMU target violated: 251.0ms (250.0ms/251.0ms)
[2022-03-25T07:24:37.304+0000][60927.955s] GC(135)   Pre Evacuate Collection Set: 0.1ms
[2022-03-25T07:24:37.305+0000][60927.955s] GC(135)   Evacuate Collection Set: 731.8ms
[2022-03-25T07:24:37.308+0000][60927.958s] GC(135)   Post Evacuate Collection Set: 56.0ms
[2022-03-25T07:24:37.309+0000][60927.959s] GC(135)   Other: 74.6ms
[2022-03-25T07:24:37.326+0000][60927.976s] GC(135) Eden regions: 60->0(45)
[2022-03-25T07:24:37.332+0000][60927.982s] GC(135) Survivor regions: 2->3(8)
[2022-03-25T07:24:37.352+0000][60928.002s] GC(135) Old regions: 212->212
[2022-03-25T07:24:37.383+0000][60928.034s] GC(135) Humongous regions: 7->7
[2022-03-25T07:24:37.387+0000][60928.037s] GC(135) Metaspace: 59853K->59853K(1103872K)
[2022-03-25T07:24:37.391+0000][60928.041s] GC(135) Pause Young (Normal) (G1 Evacuation Pause) 278M->218M(512M) 948.894ms
[2022-03-25T07:24:37.394+0000][60928.044s] GC(135) User=0.70s Sys=0.32s Real=0.95s
[2022-03-25T07:24:38.670+0000][60929.320s] GC(136) Pause Young (Normal) (G1 Evacuation Pause)
[2022-03-25T07:24:38.685+0000][60929.335s] GC(136) Using 4 workers of 4 for evacuation
[2022-03-25T07:24:38.800+0000][60929.450s] GC(136)   Pre Evacuate Collection Set: 0.0ms
[2022-03-25T07:24:38.811+0000][60929.462s] GC(136)   Evacuate Collection Set: 63.1ms
[2022-03-25T07:24:38.824+0000][60929.475s] GC(136)   Post Evacuate Collection Set: 20.7ms
[2022-03-25T07:24:38.826+0000][60929.476s] GC(136)   Other: 46.7ms
[2022-03-25T07:24:38.826+0000][60929.476s] GC(136) Eden regions: 45->0(45)
[2022-03-25T07:24:38.827+0000][60929.477s] GC(136) Survivor regions: 3->2(6)
[2022-03-25T07:24:38.827+0000][60929.477s] GC(136) Old regions: 212->212
[2022-03-25T07:24:38.828+0000][60929.478s] GC(136) Humongous regions: 7->7
[2022-03-25T07:24:38.829+0000][60929.479s] GC(136) Metaspace: 59854K->59854K(1103872K)
[2022-03-25T07:24:38.838+0000][60929.488s] GC(136) Pause Young (Normal) (G1 Evacuation Pause) 263M->218M(512M) 168.390ms
[2022-03-25T07:24:38.839+0000][60929.489s] GC(136) User=0.03s Sys=0.04s Real=0.17s
[2022-03-25T07:24:42.115+0000][60932.766s] GC(137) Pause Young (Normal) (G1 Evacuation Pause)
[2022-03-25T07:24:42.133+0000][60932.783s] GC(137) Using 4 workers of 4 for evacuation
[2022-03-25T07:24:42.584+0000][60933.235s] GC(137) MMU target violated: 251.0ms (250.0ms/251.0ms)
[2022-03-25T07:24:42.585+0000][60933.235s] GC(137)   Pre Evacuate Collection Set: 0.1ms
[2022-03-25T07:24:42.586+0000][60933.236s] GC(137)   Evacuate Collection Set: 436.8ms
[2022-03-25T07:24:42.586+0000][60933.236s] GC(137)   Post Evacuate Collection Set: 10.7ms
[2022-03-25T07:24:42.587+0000][60933.237s] GC(137)   Other: 22.2ms
[2022-03-25T07:24:42.587+0000][60933.237s] GC(137) Eden regions: 45->0(44)
[2022-03-25T07:24:42.599+0000][60933.249s] GC(137) Survivor regions: 2->2(6)
[2022-03-25T07:24:42.600+0000][60933.251s] GC(137) Old regions: 212->212
[2022-03-25T07:24:42.602+0000][60933.252s] GC(137) Humongous regions: 7->7
[2022-03-25T07:24:42.602+0000][60933.252s] GC(137) Metaspace: 59854K->59854K(1103872K)
[2022-03-25T07:24:42.603+0000][60933.253s] GC(137) Pause Young (Normal) (G1 Evacuation Pause) 263M->218M(512M) 487.776ms
[2022-03-25T07:24:42.603+0000][60933.254s] GC(137) User=0.07s Sys=0.10s Real=0.48s
[2022-03-25T07:24:44.187+0000][60934.837s] GC(138) Pause Young (Normal) (G1 Evacuation Pause)
[2022-03-25T07:24:44.191+0000][60934.841s] GC(138) Using 4 workers of 4 for evacuation
[2022-03-25T07:24:44.294+0000][60934.945s] GC(138)   Pre Evacuate Collection Set: 0.0ms
[2022-03-25T07:24:44.295+0000][60934.945s] GC(138)   Evacuate Collection Set: 73.6ms
[2022-03-25T07:24:44.295+0000][60934.945s] GC(138)   Post Evacuate Collection Set: 0.5ms
[2022-03-25T07:24:44.295+0000][60934.946s] GC(138)   Other: 33.0ms
[2022-03-25T07:24:44.296+0000][60934.946s] GC(138) Eden regions: 44->0(47)
[2022-03-25T07:24:44.296+0000][60934.946s] GC(138) Survivor regions: 2->2(6)
[2022-03-25T07:24:44.296+0000][60934.946s] GC(138) Old regions: 212->212
[2022-03-25T07:24:44.297+0000][60934.947s] GC(138) Humongous regions: 7->7
[2022-03-25T07:24:44.297+0000][60934.947s] GC(138) Metaspace: 59870K->59870K(1103872K)
[2022-03-25T07:24:44.297+0000][60934.948s] GC(138) Pause Young (Normal) (G1 Evacuation Pause) 262M->218M(512M) 110.156ms
[2022-03-25T07:24:44.305+0000][60934.955s] GC(138) User=0.04s Sys=0.01s Real=0.12s
[2022-03-25T07:24:45.870+0000][60936.520s] GC(139) Pause Young (Normal) (G1 Evacuation Pause)
[2022-03-25T07:24:45.897+0000][60936.548s] GC(139) Using 4 workers of 4 for evacuation
[2022-03-25T07:24:46.043+0000][60936.693s] GC(139)   Pre Evacuate Collection Set: 0.0ms
[2022-03-25T07:24:46.059+0000][60936.709s] GC(139)   Evacuate Collection Set: 112.8ms
[2022-03-25T07:24:46.074+0000][60936.724s] GC(139)   Post Evacuate Collection Set: 0.4ms
[2022-03-25T07:24:46.091+0000][60936.741s] GC(139)   Other: 59.6ms
[2022-03-25T07:24:46.106+0000][60936.756s] GC(139) Eden regions: 47->0(49)
[2022-03-25T07:24:46.122+0000][60936.772s] GC(139) Survivor regions: 2->2(7)
[2022-03-25T07:24:46.138+0000][60936.789s] GC(139) Old regions: 212->212
[2022-03-25T07:24:46.155+0000][60936.805s] GC(139) Humongous regions: 7->7
[2022-03-25T07:24:46.170+0000][60936.820s] GC(139) Metaspace: 59880K->59880K(1103872K)
[2022-03-25T07:24:46.196+0000][60936.846s] GC(139) Pause Young (Normal) (G1 Evacuation Pause) 265M->218M(512M) 325.960ms
[2022-03-25T07:24:46.203+0000][60936.853s] GC(139) User=0.13s Sys=0.04s Real=0.33s
[2022-03-25T07:24:49.192+0000][60939.843s] GC(140) Pause Young (Normal) (G1 Evacuation Pause)
[2022-03-25T07:24:49.199+0000][60939.849s] GC(140) Using 4 workers of 4 for evacuation
[2022-03-25T07:24:49.274+0000][60939.924s] GC(140)   Pre Evacuate Collection Set: 0.0ms
[2022-03-25T07:24:49.292+0000][60939.942s] GC(140)   Evacuate Collection Set: 73.7ms
[2022-03-25T07:24:49.292+0000][60939.943s] GC(140)   Post Evacuate Collection Set: 0.7ms
[2022-03-25T07:24:49.293+0000][60939.943s] GC(140)   Other: 7.0ms
[2022-03-25T07:24:49.293+0000][60939.943s] GC(140) Eden regions: 49->0(53)
[2022-03-25T07:24:49.293+0000][60939.943s] GC(140) Survivor regions: 2->1(7)
[2022-03-25T07:24:49.293+0000][60939.944s] GC(140) Old regions: 212->212
[2022-03-25T07:24:49.294+0000][60939.944s] GC(140) Humongous regions: 7->7
[2022-03-25T07:24:49.294+0000][60939.944s] GC(140) Metaspace: 59891K->59891K(1103872K)
[2022-03-25T07:24:49.300+0000][60939.950s] GC(140) Pause Young (Normal) (G1 Evacuation Pause) 267M->218M(512M) 107.646ms
[2022-03-25T07:24:49.301+0000][60939.951s] GC(140) User=0.03s Sys=0.06s Real=0.11s
[2022-03-25T07:24:58.817+0000][60949.468s] GC(141) Pause Young (Normal) (G1 Evacuation Pause)
[2022-03-25T07:24:58.827+0000][60949.477s] GC(141) Using 4 workers of 4 for evacuation
[2022-03-25T07:24:58.975+0000][60949.625s] GC(141)   Pre Evacuate Collection Set: 0.0ms
[2022-03-25T07:24:58.986+0000][60949.636s] GC(141)   Evacuate Collection Set: 117.0ms
[2022-03-25T07:24:59.002+0000][60949.653s] GC(141)   Post Evacuate Collection Set: 0.6ms
[2022-03-25T07:24:59.019+0000][60949.669s] GC(141)   Other: 39.7ms
[2022-03-25T07:24:59.036+0000][60949.686s] GC(141) Eden regions: 53->0(54)
[2022-03-25T07:24:59.062+0000][60949.712s] GC(141) Survivor regions: 1->1(7)
[2022-03-25T07:24:59.099+0000][60949.749s] GC(141) Old regions: 212->212
[2022-03-25T07:24:59.115+0000][60949.765s] GC(141) Humongous regions: 7->7
[2022-03-25T07:24:59.118+0000][60949.768s] GC(141) Metaspace: 59891K->59891K(1103872K)
[2022-03-25T07:24:59.131+0000][60949.782s] GC(141) Pause Young (Normal) (G1 Evacuation Pause) 271M->218M(512M) 313.961ms
[2022-03-25T07:24:59.142+0000][60949.792s] GC(141) User=0.03s Sys=0.03s Real=0.33s
[2022-03-25T07:25:02.835+0000][60953.485s] GC(142) Pause Young (Normal) (G1 Evacuation Pause)
[2022-03-25T07:25:02.835+0000][60953.486s] GC(142) Using 4 workers of 4 for evacuation
[2022-03-25T07:25:02.981+0000][60953.631s] GC(142)   Pre Evacuate Collection Set: 0.0ms
[2022-03-25T07:25:02.992+0000][60953.642s] GC(142)   Evacuate Collection Set: 84.7ms
[2022-03-25T07:25:03.010+0000][60953.660s] GC(142)   Post Evacuate Collection Set: 43.8ms
[2022-03-25T07:25:03.024+0000][60953.674s] GC(142)   Other: 17.7ms
[2022-03-25T07:25:03.040+0000][60953.690s] GC(142) Eden regions: 54->0(56)
[2022-03-25T07:25:03.056+0000][60953.706s] GC(142) Survivor regions: 1->1(7)
[2022-03-25T07:25:03.059+0000][60953.709s] GC(142) Old regions: 212->212
[2022-03-25T07:25:03.059+0000][60953.709s] GC(142) Humongous regions: 7->7
[2022-03-25T07:25:03.059+0000][60953.710s] GC(142) Metaspace: 59891K->59891K(1103872K)
[2022-03-25T07:25:03.060+0000][60953.710s] GC(142) Pause Young (Normal) (G1 Evacuation Pause) 272M->218M(512M) 225.067ms
[2022-03-25T07:25:03.060+0000][60953.710s] GC(142) User=0.06s Sys=0.07s Real=0.22s
[2022-03-25T07:25:05.369+0000][60956.024s] GC(143) Pause Young (Normal) (G1 Evacuation Pause)
[2022-03-25T07:25:05.385+0000][60956.036s] GC(143) Using 4 workers of 4 for evacuation
[2022-03-25T07:25:05.438+0000][60956.088s] GC(143)   Pre Evacuate Collection Set: 0.0ms
[2022-03-25T07:25:05.438+0000][60956.088s] GC(143)   Evacuate Collection Set: 51.1ms
[2022-03-25T07:25:05.439+0000][60956.089s] GC(143)   Post Evacuate Collection Set: 0.6ms
[2022-03-25T07:25:05.439+0000][60956.090s] GC(143)   Other: 17.3ms
[2022-03-25T07:25:05.449+0000][60956.099s] GC(143) Eden regions: 56->0(61)
[2022-03-25T07:25:05.449+0000][60956.099s] GC(143) Survivor regions: 1->2(8)
[2022-03-25T07:25:05.449+0000][60956.100s] GC(143) Old regions: 212->212
[2022-03-25T07:25:05.450+0000][60956.100s] GC(143) Humongous regions: 7->7
[2022-03-25T07:25:05.450+0000][60956.101s] GC(143) Metaspace: 59891K->59891K(1103872K)
[2022-03-25T07:25:05.459+0000][60956.109s] GC(143) Pause Young (Normal) (G1 Evacuation Pause) 274M->218M(512M) 90.661ms
[2022-03-25T07:25:05.460+0000][60956.110s] GC(143) User=0.03s Sys=0.02s Real=0.09s
[2022-03-25T07:25:08.909+0000][60959.560s] GC(144) Pause Young (Normal) (G1 Evacuation Pause)
[2022-03-25T07:25:08.910+0000][60959.560s] GC(144) Using 4 workers of 4 for evacuation
[2022-03-25T07:25:09.004+0000][60959.654s] GC(144)   Pre Evacuate Collection Set: 0.0ms
[2022-03-25T07:25:09.007+0000][60959.657s] GC(144)   Evacuate Collection Set: 91.0ms
[2022-03-25T07:25:09.008+0000][60959.658s] GC(144)   Post Evacuate Collection Set: 2.7ms
[2022-03-25T07:25:09.047+0000][60959.697s] GC(144)   Other: 1.1ms
[2022-03-25T07:25:09.047+0000][60959.697s] GC(144) Eden regions: 61->0(68)
[2022-03-25T07:25:09.047+0000][60959.698s] GC(144) Survivor regions: 2->1(8)
[2022-03-25T07:25:09.048+0000][60959.698s] GC(144) Old regions: 212->213
[2022-03-25T07:25:09.048+0000][60959.698s] GC(144) Humongous regions: 7->7
[2022-03-25T07:25:09.048+0000][60959.698s] GC(144) Metaspace: 59892K->59892K(1103872K)
[2022-03-25T07:25:09.048+0000][60959.699s] GC(144) Pause Young (Normal) (G1 Evacuation Pause) 279M->218M(512M) 139.063ms
[2022-03-25T07:25:09.049+0000][60959.699s] GC(144) User=0.02s Sys=0.01s Real=0.14s
[2022-03-25T07:25:13.267+0000][60963.917s] GC(145) Pause Young (Normal) (G1 Evacuation Pause)
[2022-03-25T07:25:13.274+0000][60963.925s] GC(145) Using 4 workers of 4 for evacuation
[2022-03-25T07:25:13.359+0000][60964.009s] GC(145)   Pre Evacuate Collection Set: 0.0ms
[2022-03-25T07:25:13.369+0000][60964.019s] GC(145)   Evacuate Collection Set: 69.1ms
[2022-03-25T07:25:13.374+0000][60964.024s] GC(145)   Post Evacuate Collection Set: 14.5ms
[2022-03-25T07:25:13.374+0000][60964.024s] GC(145)   Other: 8.4ms
[2022-03-25T07:25:13.375+0000][60964.025s] GC(145) Eden regions: 68->0(76)
[2022-03-25T07:25:13.375+0000][60964.025s] GC(145) Survivor regions: 1->1(9)
[2022-03-25T07:25:13.375+0000][60964.025s] GC(145) Old regions: 213->213
[2022-03-25T07:25:13.391+0000][60964.042s] GC(145) Humongous regions: 7->7
[2022-03-25T07:25:13.392+0000][60964.042s] GC(145) Metaspace: 59893K->59893K(1103872K)
[2022-03-25T07:25:13.392+0000][60964.042s] GC(145) Pause Young (Normal) (G1 Evacuation Pause) 286M->218M(512M) 125.215ms
[2022-03-25T07:25:13.392+0000][60964.043s] GC(145) User=0.04s Sys=0.04s Real=0.12s
[2022-03-25T07:25:18.909+0000][60969.559s] GC(146) Pause Young (Normal) (G1 Evacuation Pause)
[2022-03-25T07:25:18.915+0000][60969.565s] GC(146) Using 4 workers of 4 for evacuation
[2022-03-25T07:25:19.003+0000][60969.654s] GC(146)   Pre Evacuate Collection Set: 0.1ms
[2022-03-25T07:25:19.014+0000][60969.664s] GC(146)   Evacuate Collection Set: 87.7ms
[2022-03-25T07:25:19.020+0000][60969.670s] GC(146)   Post Evacuate Collection Set: 0.7ms
[2022-03-25T07:25:19.024+0000][60969.674s] GC(146)   Other: 6.3ms
[2022-03-25T07:25:19.024+0000][60969.674s] GC(146) Eden regions: 76->0(82)
[2022-03-25T07:25:19.024+0000][60969.674s] GC(146) Survivor regions: 1->2(10)
[2022-03-25T07:25:19.024+0000][60969.675s] GC(146) Old regions: 213->213
[2022-03-25T07:25:19.024+0000][60969.675s] GC(146) Humongous regions: 7->7
[2022-03-25T07:25:19.025+0000][60969.676s] GC(146) Metaspace: 59901K->59901K(1103872K)
[2022-03-25T07:25:19.026+0000][60969.676s] GC(146) Pause Young (Normal) (G1 Evacuation Pause) 294M->219M(512M) 116.993ms
[2022-03-25T07:25:19.026+0000][60969.676s] GC(146) User=0.08s Sys=0.01s Real=0.12s
[2022-03-25T07:25:34.336+0000][60984.986s] GC(147) Pause Young (Normal) (G1 Evacuation Pause)
[2022-03-25T07:25:34.359+0000][60985.009s] GC(147) Using 4 workers of 4 for evacuation
[2022-03-25T07:25:34.444+0000][60985.095s] GC(147)   Pre Evacuate Collection Set: 0.1ms
[2022-03-25T07:25:34.447+0000][60985.098s] GC(147)   Evacuate Collection Set: 65.6ms
[2022-03-25T07:25:34.463+0000][60985.114s] GC(147)   Post Evacuate Collection Set: 4.1ms
[2022-03-25T07:25:34.466+0000][60985.117s] GC(147)   Other: 38.8ms
[2022-03-25T07:25:34.472+0000][60985.122s] GC(147) Eden regions: 82->0(87)
[2022-03-25T07:25:34.480+0000][60985.130s] GC(147) Survivor regions: 2->2(11)
[2022-03-25T07:25:34.496+0000][60985.146s] GC(147) Old regions: 213->213
[2022-03-25T07:25:34.505+0000][60985.155s] GC(147) Humongous regions: 7->7
[2022-03-25T07:25:34.506+0000][60985.156s] GC(147) Metaspace: 59901K->59901K(1103872K)
[2022-03-25T07:25:34.507+0000][60985.157s] GC(147) Pause Young (Normal) (G1 Evacuation Pause) 301M->218M(512M) 170.796ms
[2022-03-25T07:25:34.512+0000][60985.162s] GC(147) User=0.05s Sys=0.00s Real=0.16s
[2022-03-25T07:25:48.306+0000][60998.956s] GC(148) Pause Young (Normal) (G1 Evacuation Pause)
[2022-03-25T07:25:48.320+0000][60998.970s] GC(148) Using 4 workers of 4 for evacuation
[2022-03-25T07:25:48.392+0000][60999.042s] GC(148)   Pre Evacuate Collection Set: 0.1ms
[2022-03-25T07:25:48.394+0000][60999.044s] GC(148)   Evacuate Collection Set: 68.2ms
[2022-03-25T07:25:48.424+0000][60999.074s] GC(148)   Post Evacuate Collection Set: 1.0ms
[2022-03-25T07:25:48.429+0000][60999.080s] GC(148)   Other: 16.6ms
[2022-03-25T07:25:48.437+0000][60999.087s] GC(148) Eden regions: 87->0(98)
[2022-03-25T07:25:48.439+0000][60999.090s] GC(148) Survivor regions: 2->2(12)
[2022-03-25T07:25:48.460+0000][60999.110s] GC(148) Old regions: 213->213
[2022-03-25T07:25:48.475+0000][60999.126s] GC(148) Humongous regions: 7->7
[2022-03-25T07:25:48.491+0000][60999.141s] GC(148) Metaspace: 59901K->59901K(1103872K)
[2022-03-25T07:25:48.523+0000][60999.173s] GC(148) Pause Young (Normal) (G1 Evacuation Pause) 305M->218M(512M) 217.281ms
[2022-03-25T07:25:48.524+0000][60999.175s] GC(148) User=0.05s Sys=0.03s Real=0.22s
[2022-03-25T07:26:00.462+0000][61011.112s] GC(149) Pause Young (Normal) (G1 Evacuation Pause)
[2022-03-25T07:26:00.477+0000][61011.127s] GC(149) Using 4 workers of 4 for evacuation
[2022-03-25T07:26:00.808+0000][61011.458s] GC(149) MMU target violated: 251.0ms (250.0ms/251.0ms)
[2022-03-25T07:26:00.810+0000][61011.460s] GC(149)   Pre Evacuate Collection Set: 0.1ms
[2022-03-25T07:26:00.823+0000][61011.474s] GC(149)   Evacuate Collection Set: 324.9ms
[2022-03-25T07:26:00.859+0000][61011.509s] GC(149)   Post Evacuate Collection Set: 0.7ms
[2022-03-25T07:26:00.860+0000][61011.510s] GC(149)   Other: 22.2ms
[2022-03-25T07:26:00.860+0000][61011.511s] GC(149) Eden regions: 98->0(93)
[2022-03-25T07:26:00.862+0000][61011.512s] GC(149) Survivor regions: 2->2(13)
[2022-03-25T07:26:00.867+0000][61011.517s] GC(149) Old regions: 213->213
[2022-03-25T07:26:00.867+0000][61011.518s] GC(149) Humongous regions: 7->7
[2022-03-25T07:26:00.868+0000][61011.518s] GC(149) Metaspace: 59901K->59901K(1103872K)
[2022-03-25T07:26:00.870+0000][61011.520s] GC(149) Pause Young (Normal) (G1 Evacuation Pause) 316M->219M(512M) 407.482ms
[2022-03-25T07:26:00.870+0000][61011.521s] GC(149) User=0.19s Sys=0.00s Real=0.41s
[2022-03-25T07:26:03.836+0000][61014.486s] GC(150) Pause Young (Normal) (G1 Evacuation Pause)
[2022-03-25T07:26:03.836+0000][61014.486s] GC(150) Using 4 workers of 4 for evacuation
[2022-03-25T07:26:03.867+0000][61014.517s] GC(150)   Pre Evacuate Collection Set: 0.0ms
[2022-03-25T07:26:03.867+0000][61014.518s] GC(150)   Evacuate Collection Set: 28.5ms
[2022-03-25T07:26:03.868+0000][61014.518s] GC(150)   Post Evacuate Collection Set: 1.8ms
[2022-03-25T07:26:03.868+0000][61014.518s] GC(150)   Other: 1.2ms
[2022-03-25T07:26:03.869+0000][61014.519s] GC(150) Eden regions: 93->0(110)
[2022-03-25T07:26:03.869+0000][61014.520s] GC(150) Survivor regions: 2->1(12)
[2022-03-25T07:26:03.870+0000][61014.520s] GC(150) Old regions: 213->213
[2022-03-25T07:26:03.870+0000][61014.520s] GC(150) Humongous regions: 7->7
[2022-03-25T07:26:03.871+0000][61014.521s] GC(150) Metaspace: 59916K->59916K(1103872K)
[2022-03-25T07:26:03.871+0000][61014.522s] GC(150) Pause Young (Normal) (G1 Evacuation Pause) 312M->218M(512M) 35.943ms
[2022-03-25T07:26:03.872+0000][61014.522s] GC(150) User=0.03s Sys=0.01s Real=0.03s
[2022-03-25T07:26:10.675+0000][61021.325s] GC(151) Pause Young (Normal) (G1 Evacuation Pause)
[2022-03-25T07:26:10.683+0000][61021.334s] GC(151) Using 4 workers of 4 for evacuation
[2022-03-25T07:26:10.796+0000][61021.446s] GC(151)   Pre Evacuate Collection Set: 0.1ms
[2022-03-25T07:26:10.802+0000][61021.453s] GC(151)   Evacuate Collection Set: 107.0ms
[2022-03-25T07:26:10.803+0000][61021.454s] GC(151)   Post Evacuate Collection Set: 2.7ms
[2022-03-25T07:26:10.806+0000][61021.457s] GC(151)   Other: 11.2ms
[2022-03-25T07:26:10.808+0000][61021.458s] GC(151) Eden regions: 110->0(114)
[2022-03-25T07:26:10.809+0000][61021.459s] GC(151) Survivor regions: 1->2(14)
[2022-03-25T07:26:10.809+0000][61021.459s] GC(151) Old regions: 213->213
[2022-03-25T07:26:10.824+0000][61021.474s] GC(151) Humongous regions: 7->7
[2022-03-25T07:26:10.841+0000][61021.492s] GC(151) Metaspace: 59916K->59916K(1103872K)
[2022-03-25T07:26:10.843+0000][61021.493s] GC(151) Pause Young (Normal) (G1 Evacuation Pause) 328M->219M(512M) 168.223ms
[2022-03-25T07:26:10.860+0000][61021.511s] GC(151) User=0.06s Sys=0.07s Real=0.19s
[2022-03-25T07:26:18.675+0000][61029.325s] GC(152) Pause Young (Normal) (G1 Evacuation Pause)
[2022-03-25T07:26:18.675+0000][61029.325s] GC(152) Using 4 workers of 4 for evacuation
[2022-03-25T07:26:18.732+0000][61029.382s] GC(152)   Pre Evacuate Collection Set: 0.1ms
[2022-03-25T07:26:18.732+0000][61029.383s] GC(152)   Evacuate Collection Set: 53.9ms
[2022-03-25T07:26:18.733+0000][61029.383s] GC(152)   Post Evacuate Collection Set: 0.6ms
[2022-03-25T07:26:18.733+0000][61029.383s] GC(152)   Other: 2.7ms
[2022-03-25T07:26:18.733+0000][61029.383s] GC(152) Eden regions: 114->0(125)
[2022-03-25T07:26:18.734+0000][61029.384s] GC(152) Survivor regions: 2->2(15)
[2022-03-25T07:26:18.734+0000][61029.384s] GC(152) Old regions: 213->213
[2022-03-25T07:26:18.734+0000][61029.384s] GC(152) Humongous regions: 7->7
[2022-03-25T07:26:18.734+0000][61029.385s] GC(152) Metaspace: 59916K->59916K(1103872K)
[2022-03-25T07:26:18.735+0000][61029.385s] GC(152) Pause Young (Normal) (G1 Evacuation Pause) 333M->218M(512M) 59.837ms
[2022-03-25T07:26:18.735+0000][61029.385s] GC(152) User=0.03s Sys=0.04s Real=0.06s
[2022-03-25T07:26:33.167+0000][61043.817s] GC(153) Pause Young (Normal) (G1 Evacuation Pause)
[2022-03-25T07:26:33.173+0000][61043.824s] GC(153) Using 4 workers of 4 for evacuation
[2022-03-25T07:26:33.369+0000][61044.019s] GC(153)   Pre Evacuate Collection Set: 0.1ms
[2022-03-25T07:26:33.386+0000][61044.036s] GC(153)   Evacuate Collection Set: 180.0ms
[2022-03-25T07:26:33.399+0000][61044.049s] GC(153)   Post Evacuate Collection Set: 0.9ms
[2022-03-25T07:26:33.416+0000][61044.066s] GC(153)   Other: 21.5ms
[2022-03-25T07:26:33.431+0000][61044.081s] GC(153) Eden regions: 125->0(105)
[2022-03-25T07:26:33.463+0000][61044.114s] GC(153) Survivor regions: 2->2(16)
[2022-03-25T07:26:33.467+0000][61044.117s] GC(153) Old regions: 213->213
[2022-03-25T07:26:33.467+0000][61044.117s] GC(153) Humongous regions: 7->7
[2022-03-25T07:26:33.467+0000][61044.118s] GC(153) Metaspace: 59919K->59919K(1103872K)
[2022-03-25T07:26:33.468+0000][61044.118s] GC(153) Pause Young (Normal) (G1 Evacuation Pause) 343M->219M(512M) 301.002ms
[2022-03-25T07:26:33.468+0000][61044.118s] GC(153) User=0.08s Sys=0.00s Real=0.30s
[2022-03-25T07:26:38.457+0000][61049.108s] GC(154) Pause Young (Normal) (G1 Evacuation Pause)
[2022-03-25T07:26:38.463+0000][61049.113s] GC(154) Using 4 workers of 4 for evacuation
[2022-03-25T07:26:38.604+0000][61049.254s] GC(154)   Pre Evacuate Collection Set: 0.0ms
[2022-03-25T07:26:38.617+0000][61049.267s] GC(154)   Evacuate Collection Set: 121.0ms
[2022-03-25T07:26:38.619+0000][61049.270s] GC(154)   Post Evacuate Collection Set: 0.6ms
[2022-03-25T07:26:38.639+0000][61049.290s] GC(154)   Other: 6.1ms
[2022-03-25T07:26:38.650+0000][61049.300s] GC(154) Eden regions: 105->0(115)
[2022-03-25T07:26:38.664+0000][61049.314s] GC(154) Survivor regions: 2->2(14)
[2022-03-25T07:26:38.667+0000][61049.317s] GC(154) Old regions: 213->213
[2022-03-25T07:26:38.672+0000][61049.322s] GC(154) Humongous regions: 7->7
[2022-03-25T07:26:38.680+0000][61049.331s] GC(154) Metaspace: 59919K->59919K(1103872K)
[2022-03-25T07:26:38.695+0000][61049.346s] GC(154) Pause Young (Normal) (G1 Evacuation Pause) 324M->218M(512M) 238.059ms
[2022-03-25T07:26:38.703+0000][61049.353s] GC(154) User=0.05s Sys=0.04s Real=0.24s
[2022-03-25T07:26:51.752+0000][61062.402s] GC(155) Pause Young (Normal) (G1 Evacuation Pause)
[2022-03-25T07:26:51.760+0000][61062.411s] GC(155) Using 4 workers of 4 for evacuation
[2022-03-25T07:26:51.913+0000][61062.563s] GC(155)   Pre Evacuate Collection Set: 0.2ms
[2022-03-25T07:26:51.917+0000][61062.567s] GC(155)   Evacuate Collection Set: 146.0ms
[2022-03-25T07:26:51.918+0000][61062.568s] GC(155)   Post Evacuate Collection Set: 5.6ms
[2022-03-25T07:26:51.918+0000][61062.569s] GC(155)   Other: 9.6ms
[2022-03-25T07:26:51.943+0000][61062.593s] GC(155) Eden regions: 115->0(119)
[2022-03-25T07:26:51.950+0000][61062.600s] GC(155) Survivor regions: 2->2(15)
[2022-03-25T07:26:51.950+0000][61062.600s] GC(155) Old regions: 213->213
[2022-03-25T07:26:51.950+0000][61062.600s] GC(155) Humongous regions: 7->7
[2022-03-25T07:26:51.950+0000][61062.601s] GC(155) Metaspace: 59921K->59921K(1103872K)
[2022-03-25T07:26:51.951+0000][61062.601s] GC(155) Pause Young (Normal) (G1 Evacuation Pause) 333M->219M(512M) 199.027ms
[2022-03-25T07:26:51.952+0000][61062.603s] GC(155) User=0.09s Sys=0.02s Real=0.20s
[2022-03-25T07:26:55.532+0000][61066.182s] GC(156) Pause Young (Normal) (G1 Evacuation Pause)
[2022-03-25T07:26:55.538+0000][61066.189s] GC(156) Using 4 workers of 4 for evacuation
[2022-03-25T07:26:55.652+0000][61066.303s] GC(156)   Pre Evacuate Collection Set: 0.1ms
[2022-03-25T07:26:55.662+0000][61066.312s] GC(156)   Evacuate Collection Set: 107.7ms
[2022-03-25T07:26:55.664+0000][61066.314s] GC(156)   Post Evacuate Collection Set: 0.8ms
[2022-03-25T07:26:55.666+0000][61066.316s] GC(156)   Other: 12.0ms
[2022-03-25T07:26:55.666+0000][61066.317s] GC(156) Eden regions: 119->0(128)
[2022-03-25T07:26:55.667+0000][61066.317s] GC(156) Survivor regions: 2->2(16)
[2022-03-25T07:26:55.667+0000][61066.317s] GC(156) Old regions: 213->213
[2022-03-25T07:26:55.667+0000][61066.318s] GC(156) Humongous regions: 7->7
[2022-03-25T07:26:55.668+0000][61066.318s] GC(156) Metaspace: 59921K->59921K(1103872K)
[2022-03-25T07:26:55.668+0000][61066.318s] GC(156) Pause Young (Normal) (G1 Evacuation Pause) 338M->219M(512M) 136.044ms
[2022-03-25T07:26:55.668+0000][61066.319s] GC(156) User=0.04s Sys=0.04s Real=0.13s
[2022-03-25T07:27:01.384+0000][61072.034s] GC(157) Pause Young (Normal) (G1 Evacuation Pause)
[2022-03-25T07:27:01.395+0000][61072.045s] GC(157) Using 4 workers of 4 for evacuation
[2022-03-25T07:27:01.494+0000][61072.144s] GC(157)   Pre Evacuate Collection Set: 0.1ms
[2022-03-25T07:27:01.513+0000][61072.164s] GC(157)   Evacuate Collection Set: 95.5ms
[2022-03-25T07:27:01.523+0000][61072.173s] GC(157)   Post Evacuate Collection Set: 0.6ms
[2022-03-25T07:27:01.526+0000][61072.176s] GC(157)   Other: 14.1ms
[2022-03-25T07:27:01.527+0000][61072.177s] GC(157) Eden regions: 128->0(138)
[2022-03-25T07:27:01.537+0000][61072.187s] GC(157) Survivor regions: 2->2(17)
[2022-03-25T07:27:01.539+0000][61072.189s] GC(157) Old regions: 213->213
[2022-03-25T07:27:01.540+0000][61072.190s] GC(157) Humongous regions: 7->7
[2022-03-25T07:27:01.552+0000][61072.203s] GC(157) Metaspace: 59923K->59923K(1103872K)
[2022-03-25T07:27:01.553+0000][61072.204s] GC(157) Pause Young (Normal) (G1 Evacuation Pause) 347M->219M(512M) 169.615ms
[2022-03-25T07:27:01.555+0000][61072.206s] GC(157) User=0.12s Sys=0.00s Real=0.18s
[2022-03-25T07:45:26.898+0000][62177.548s] GC(158) Pause Young (Normal) (G1 Evacuation Pause)
[2022-03-25T07:45:26.898+0000][62177.549s] GC(158) Using 4 workers of 4 for evacuation
[2022-03-25T07:45:27.002+0000][62177.652s] GC(158)   Pre Evacuate Collection Set: 19.6ms
[2022-03-25T07:45:27.002+0000][62177.652s] GC(158)   Evacuate Collection Set: 76.0ms
[2022-03-25T07:45:27.002+0000][62177.653s] GC(158)   Post Evacuate Collection Set: 6.0ms
[2022-03-25T07:45:27.003+0000][62177.653s] GC(158)   Other: 2.6ms
[2022-03-25T07:45:27.003+0000][62177.653s] GC(158) Eden regions: 138->0(141)
[2022-03-25T07:45:27.003+0000][62177.654s] GC(158) Survivor regions: 2->2(18)
[2022-03-25T07:45:27.004+0000][62177.654s] GC(158) Old regions: 213->213
[2022-03-25T07:45:27.004+0000][62177.654s] GC(158) Humongous regions: 7->7
[2022-03-25T07:45:27.004+0000][62177.654s] GC(158) Metaspace: 59928K->59928K(1103872K)
[2022-03-25T07:45:27.005+0000][62177.655s] GC(158) Pause Young (Normal) (G1 Evacuation Pause) 357M->219M(512M) 107.038ms
[2022-03-25T07:45:27.005+0000][62177.655s] GC(158) User=0.33s Sys=0.00s Real=0.11s
[2022-03-25T08:28:02.680+0000][64733.330s] GC(159) Pause Young (Normal) (G1 Evacuation Pause)
[2022-03-25T08:28:02.702+0000][64733.353s] GC(159) Using 4 workers of 4 for evacuation
[2022-03-25T08:28:06.145+0000][64736.795s] GC(159) MMU target violated: 251.0ms (250.0ms/251.0ms)
[2022-03-25T08:28:06.283+0000][64736.934s] GC(159)   Pre Evacuate Collection Set: 241.9ms
[2022-03-25T08:28:06.338+0000][64736.988s] GC(159)   Evacuate Collection Set: 2929.9ms
[2022-03-25T08:28:06.392+0000][64737.042s] GC(159)   Post Evacuate Collection Set: 15.2ms
[2022-03-25T08:28:06.651+0000][64737.301s] GC(159)   Other: 417.4ms
[2022-03-25T08:28:06.923+0000][64737.573s] GC(159) Eden regions: 141->0(21)
[2022-03-25T08:28:07.166+0000][64737.816s] GC(159) Survivor regions: 2->4(18)
[2022-03-25T08:28:07.239+0000][64737.889s] GC(159) Old regions: 213->213
[2022-03-25T08:28:07.316+0000][64737.966s] GC(159) Humongous regions: 7->7
[2022-03-25T08:28:07.401+0000][64738.051s] GC(159) Metaspace: 59931K->59931K(1103872K)
[2022-03-25T08:28:07.510+0000][64738.161s] GC(159) Pause Young (Normal) (G1 Evacuation Pause) 360M->221M(512M) 4830.457ms
[2022-03-25T08:28:07.653+0000][64738.304s] GC(159) User=1.44s Sys=1.17s Real=4.96s
[2022-03-25T08:28:11.529+0000][64742.179s] GC(160) Pause Young (Normal) (G1 Evacuation Pause)
[2022-03-25T08:28:11.565+0000][64742.216s] GC(160) Using 4 workers of 4 for evacuation
[2022-03-25T08:28:12.787+0000][64743.437s] GC(160) MMU target violated: 251.0ms (250.0ms/251.0ms)
[2022-03-25T08:28:12.818+0000][64743.468s] GC(160)   Pre Evacuate Collection Set: 0.0ms
[2022-03-25T08:28:12.834+0000][64743.484s] GC(160)   Evacuate Collection Set: 1182.1ms
[2022-03-25T08:28:12.904+0000][64743.555s] GC(160)   Post Evacuate Collection Set: 0.5ms
[2022-03-25T08:28:13.005+0000][64743.655s] GC(160)   Other: 106.4ms
[2022-03-25T08:28:13.058+0000][64743.708s] GC(160) Eden regions: 21->0(23)
[2022-03-25T08:28:13.104+0000][64743.754s] GC(160) Survivor regions: 4->2(4)
[2022-03-25T08:28:13.136+0000][64743.786s] GC(160) Old regions: 213->215
[2022-03-25T08:28:13.155+0000][64743.805s] GC(160) Humongous regions: 7->7
[2022-03-25T08:28:13.174+0000][64743.824s] GC(160) Metaspace: 59931K->59931K(1103872K)
[2022-03-25T08:28:13.185+0000][64743.835s] GC(160) Pause Young (Normal) (G1 Evacuation Pause) 242M->221M(512M) 1656.020ms
[2022-03-25T08:28:13.200+0000][64743.850s] GC(160) User=0.16s Sys=0.13s Real=1.67s
[2022-03-25T08:28:14.206+0000][64744.857s] GC(161) Pause Young (Normal) (G1 Evacuation Pause)
[2022-03-25T08:28:14.239+0000][64744.889s] GC(161) Using 4 workers of 4 for evacuation
[2022-03-25T08:28:14.346+0000][64744.996s] GC(161)   Pre Evacuate Collection Set: 0.0ms
[2022-03-25T08:28:14.375+0000][64745.025s] GC(161)   Evacuate Collection Set: 71.1ms
[2022-03-25T08:28:14.422+0000][64745.072s] GC(161)   Post Evacuate Collection Set: 0.6ms
[2022-03-25T08:28:14.443+0000][64745.093s] GC(161)   Other: 68.1ms
[2022-03-25T08:28:14.460+0000][64745.110s] GC(161) Eden regions: 23->0(24)
[2022-03-25T08:28:14.516+0000][64745.166s] GC(161) Survivor regions: 2->1(4)
[2022-03-25T08:28:14.532+0000][64745.183s] GC(161) Old regions: 215->215
[2022-03-25T08:28:14.535+0000][64745.185s] GC(161) Humongous regions: 7->7
[2022-03-25T08:28:14.547+0000][64745.197s] GC(161) Metaspace: 59931K->59931K(1103872K)
[2022-03-25T08:28:14.551+0000][64745.201s] GC(161) Pause Young (Normal) (G1 Evacuation Pause) 244M->220M(512M) 344.419ms
[2022-03-25T08:28:14.567+0000][64745.218s] GC(161) User=0.04s Sys=0.04s Real=0.37s
[2022-03-25T08:28:20.368+0000][64751.018s] GC(162) Pause Young (Normal) (G1 Evacuation Pause)
[2022-03-25T08:28:20.385+0000][64751.036s] GC(162) Using 4 workers of 4 for evacuation
[2022-03-25T08:28:20.473+0000][64751.124s] GC(162)   Pre Evacuate Collection Set: 0.0ms
[2022-03-25T08:28:20.556+0000][64751.206s] GC(162)   Evacuate Collection Set: 66.8ms
[2022-03-25T08:28:20.572+0000][64751.222s] GC(162)   Post Evacuate Collection Set: 0.6ms
[2022-03-25T08:28:20.645+0000][64751.296s] GC(162)   Other: 37.8ms
[2022-03-25T08:28:20.677+0000][64751.327s] GC(162) Eden regions: 24->0(24)
[2022-03-25T08:28:20.684+0000][64751.334s] GC(162) Survivor regions: 1->1(4)
[2022-03-25T08:28:20.693+0000][64751.344s] GC(162) Old regions: 215->215
[2022-03-25T08:28:20.694+0000][64751.344s] GC(162) Humongous regions: 7->7
[2022-03-25T08:28:20.726+0000][64751.376s] GC(162) Metaspace: 59935K->59935K(1103872K)
[2022-03-25T08:28:20.742+0000][64751.392s] GC(162) Pause Young (Normal) (G1 Evacuation Pause) 244M->220M(512M) 373.707ms
[2022-03-25T08:28:20.759+0000][64751.409s] GC(162) User=0.04s Sys=0.01s Real=0.39s
[2022-03-25T08:28:35.973+0000][64766.624s] GC(163) Pause Young (Normal) (G1 Evacuation Pause)
[2022-03-25T08:28:35.979+0000][64766.629s] GC(163) Using 4 workers of 4 for evacuation
[2022-03-25T08:28:36.059+0000][64766.710s] GC(163)   Pre Evacuate Collection Set: 0.1ms
[2022-03-25T08:28:36.068+0000][64766.718s] GC(163)   Evacuate Collection Set: 76.1ms
[2022-03-25T08:28:36.071+0000][64766.721s] GC(163)   Post Evacuate Collection Set: 0.4ms
[2022-03-25T08:28:36.076+0000][64766.726s] GC(163)   Other: 9.4ms
[2022-03-25T08:28:36.077+0000][64766.727s] GC(163) Eden regions: 24->0(24)
[2022-03-25T08:28:36.093+0000][64766.743s] GC(163) Survivor regions: 1->1(4)
[2022-03-25T08:28:36.098+0000][64766.748s] GC(163) Old regions: 215->215
[2022-03-25T08:28:36.105+0000][64766.756s] GC(163) Humongous regions: 7->7
[2022-03-25T08:28:36.107+0000][64766.757s] GC(163) Metaspace: 59935K->59935K(1103872K)
[2022-03-25T08:28:36.110+0000][64766.760s] GC(163) Pause Young (Normal) (G1 Evacuation Pause) 244M->220M(512M) 136.472ms
[2022-03-25T08:28:36.129+0000][64766.779s] GC(163) User=0.05s Sys=0.00s Real=0.15s
[2022-03-25T08:28:37.478+0000][64768.128s] GC(164) Pause Young (Normal) (G1 Evacuation Pause)
[2022-03-25T08:28:37.496+0000][64768.146s] GC(164) Using 4 workers of 4 for evacuation
[2022-03-25T08:28:37.557+0000][64768.207s] GC(164)   Pre Evacuate Collection Set: 0.0ms
[2022-03-25T08:28:37.563+0000][64768.213s] GC(164)   Evacuate Collection Set: 54.2ms
[2022-03-25T08:28:37.585+0000][64768.235s] GC(164)   Post Evacuate Collection Set: 1.7ms
[2022-03-25T08:28:37.585+0000][64768.235s] GC(164)   Other: 23.3ms
[2022-03-25T08:28:37.586+0000][64768.236s] GC(164) Eden regions: 24->0(26)
[2022-03-25T08:28:37.587+0000][64768.238s] GC(164) Survivor regions: 1->1(4)
[2022-03-25T08:28:37.588+0000][64768.238s] GC(164) Old regions: 215->215
[2022-03-25T08:28:37.592+0000][64768.242s] GC(164) Humongous regions: 7->7
[2022-03-25T08:28:37.622+0000][64768.273s] GC(164) Metaspace: 59935K->59935K(1103872K)
[2022-03-25T08:28:37.650+0000][64768.300s] GC(164) Pause Young (Normal) (G1 Evacuation Pause) 244M->220M(512M) 171.918ms
[2022-03-25T08:28:37.654+0000][64768.304s] GC(164) User=0.01s Sys=0.02s Real=0.18s
[2022-03-25T08:28:39.161+0000][64769.811s] GC(165) Pause Young (Normal) (G1 Evacuation Pause)
[2022-03-25T08:28:39.161+0000][64769.811s] GC(165) Using 4 workers of 4 for evacuation
[2022-03-25T08:28:39.270+0000][64769.920s] GC(165)   Pre Evacuate Collection Set: 0.1ms
[2022-03-25T08:28:39.272+0000][64769.922s] GC(165)   Evacuate Collection Set: 107.7ms
[2022-03-25T08:28:39.282+0000][64769.933s] GC(165)   Post Evacuate Collection Set: 0.4ms
[2022-03-25T08:28:39.284+0000][64769.935s] GC(165)   Other: 1.0ms
[2022-03-25T08:28:39.288+0000][64769.938s] GC(165) Eden regions: 26->0(27)
[2022-03-25T08:28:39.289+0000][64769.939s] GC(165) Survivor regions: 1->1(4)
[2022-03-25T08:28:39.290+0000][64769.941s] GC(165) Old regions: 215->215
[2022-03-25T08:28:39.292+0000][64769.942s] GC(165) Humongous regions: 7->7
[2022-03-25T08:28:39.294+0000][64769.944s] GC(165) Metaspace: 59935K->59935K(1103872K)
[2022-03-25T08:28:39.297+0000][64769.947s] GC(165) Pause Young (Normal) (G1 Evacuation Pause) 246M->221M(512M) 136.049ms
[2022-03-25T08:28:39.299+0000][64769.949s] GC(165) User=0.11s Sys=0.00s Real=0.14s
[2022-03-25T08:28:40.027+0000][64770.677s] GC(166) Pause Young (Normal) (G1 Evacuation Pause)
[2022-03-25T08:28:40.028+0000][64770.678s] GC(166) Using 4 workers of 4 for evacuation
[2022-03-25T08:28:40.075+0000][64770.726s] GC(166)   Pre Evacuate Collection Set: 0.0ms
[2022-03-25T08:28:40.076+0000][64770.726s] GC(166)   Evacuate Collection Set: 45.3ms
[2022-03-25T08:28:40.076+0000][64770.727s] GC(166)   Post Evacuate Collection Set: 1.0ms
[2022-03-25T08:28:40.077+0000][64770.727s] GC(166)   Other: 2.0ms
[2022-03-25T08:28:40.078+0000][64770.728s] GC(166) Eden regions: 27->0(29)
[2022-03-25T08:28:40.078+0000][64770.728s] GC(166) Survivor regions: 1->2(4)
[2022-03-25T08:28:40.079+0000][64770.729s] GC(166) Old regions: 215->215
[2022-03-25T08:28:40.079+0000][64770.729s] GC(166) Humongous regions: 7->7
[2022-03-25T08:28:40.079+0000][64770.730s] GC(166) Metaspace: 59935K->59935K(1103872K)
[2022-03-25T08:28:40.080+0000][64770.731s] GC(166) Pause Young (Normal) (G1 Evacuation Pause) 248M->221M(512M) 53.226ms
[2022-03-25T08:28:40.081+0000][64770.731s] GC(166) User=0.06s Sys=0.00s Real=0.05s
[2022-03-25T08:28:40.665+0000][64771.315s] GC(167) Pause Young (Normal) (G1 Evacuation Pause)
[2022-03-25T08:28:40.671+0000][64771.321s] GC(167) Using 4 workers of 4 for evacuation
[2022-03-25T08:28:40.735+0000][64771.385s] GC(167)   Pre Evacuate Collection Set: 0.1ms
[2022-03-25T08:28:40.751+0000][64771.402s] GC(167)   Evacuate Collection Set: 53.9ms
[2022-03-25T08:28:40.754+0000][64771.404s] GC(167)   Post Evacuate Collection Set: 7.0ms
[2022-03-25T08:28:40.769+0000][64771.419s] GC(167)   Other: 9.1ms
[2022-03-25T08:28:40.784+0000][64771.434s] GC(167) Eden regions: 29->0(32)
[2022-03-25T08:28:40.784+0000][64771.434s] GC(167) Survivor regions: 2->2(4)
[2022-03-25T08:28:40.784+0000][64771.435s] GC(167) Old regions: 215->215
[2022-03-25T08:28:40.785+0000][64771.435s] GC(167) Humongous regions: 7->7
[2022-03-25T08:28:40.785+0000][64771.435s] GC(167) Metaspace: 59935K->59935K(1103872K)
[2022-03-25T08:28:40.790+0000][64771.441s] GC(167) Pause Young (Normal) (G1 Evacuation Pause) 250M->221M(512M) 125.107ms
[2022-03-25T08:28:40.795+0000][64771.446s] GC(167) User=0.05s Sys=0.00s Real=0.14s
[2022-03-25T08:28:42.237+0000][64772.887s] GC(168) Pause Young (Normal) (G1 Evacuation Pause)
[2022-03-25T08:28:42.246+0000][64772.897s] GC(168) Using 4 workers of 4 for evacuation
[2022-03-25T08:28:42.316+0000][64772.966s] GC(168)   Pre Evacuate Collection Set: 0.0ms
[2022-03-25T08:28:42.318+0000][64772.968s] GC(168)   Evacuate Collection Set: 66.1ms
[2022-03-25T08:28:42.320+0000][64772.970s] GC(168)   Post Evacuate Collection Set: 0.4ms
[2022-03-25T08:28:42.322+0000][64772.972s] GC(168)   Other: 12.3ms
[2022-03-25T08:28:42.324+0000][64772.975s] GC(168) Eden regions: 32->0(36)
[2022-03-25T08:28:42.325+0000][64772.976s] GC(168) Survivor regions: 2->2(5)
[2022-03-25T08:28:42.327+0000][64772.978s] GC(168) Old regions: 215->215
[2022-03-25T08:28:42.329+0000][64772.979s] GC(168) Humongous regions: 7->7
[2022-03-25T08:28:42.330+0000][64772.980s] GC(168) Metaspace: 59935K->59935K(1103872K)
[2022-03-25T08:28:42.333+0000][64772.983s] GC(168) Pause Young (Normal) (G1 Evacuation Pause) 253M->221M(512M) 95.590ms
[2022-03-25T08:28:42.335+0000][64772.985s] GC(168) User=0.06s Sys=0.00s Real=0.10s
[2022-03-25T08:28:45.135+0000][64775.785s] GC(169) Pause Young (Normal) (G1 Evacuation Pause)
[2022-03-25T08:28:45.136+0000][64775.786s] GC(169) Using 4 workers of 4 for evacuation
[2022-03-25T08:28:45.175+0000][64775.826s] GC(169)   Pre Evacuate Collection Set: 0.1ms
[2022-03-25T08:28:45.184+0000][64775.835s] GC(169)   Evacuate Collection Set: 37.2ms
[2022-03-25T08:28:45.185+0000][64775.835s] GC(169)   Post Evacuate Collection Set: 0.5ms
[2022-03-25T08:28:45.189+0000][64775.839s] GC(169)   Other: 2.9ms
[2022-03-25T08:28:45.193+0000][64775.843s] GC(169) Eden regions: 36->0(42)
[2022-03-25T08:28:45.196+0000][64775.846s] GC(169) Survivor regions: 2->1(5)
[2022-03-25T08:28:45.196+0000][64775.847s] GC(169) Old regions: 215->215
[2022-03-25T08:28:45.197+0000][64775.848s] GC(169) Humongous regions: 7->7
[2022-03-25T08:28:45.199+0000][64775.849s] GC(169) Metaspace: 59935K->59935K(1103872K)
[2022-03-25T08:28:45.201+0000][64775.851s] GC(169) Pause Young (Normal) (G1 Evacuation Pause) 257M->221M(512M) 66.161ms
[2022-03-25T08:28:45.203+0000][64775.853s] GC(169) User=0.03s Sys=0.01s Real=0.06s
[2022-03-25T08:28:48.735+0000][64779.385s] GC(170) Pause Young (Normal) (G1 Evacuation Pause)
[2022-03-25T08:28:48.745+0000][64779.395s] GC(170) Using 4 workers of 4 for evacuation
[2022-03-25T08:28:48.883+0000][64779.533s] GC(170)   Pre Evacuate Collection Set: 0.1ms
[2022-03-25T08:28:48.899+0000][64779.549s] GC(170)   Evacuate Collection Set: 117.9ms
[2022-03-25T08:28:48.915+0000][64779.565s] GC(170)   Post Evacuate Collection Set: 0.4ms
[2022-03-25T08:28:48.928+0000][64779.578s] GC(170)   Other: 30.0ms
[2022-03-25T08:28:48.936+0000][64779.587s] GC(170) Eden regions: 42->0(45)
[2022-03-25T08:28:48.939+0000][64779.589s] GC(170) Survivor regions: 1->2(6)
[2022-03-25T08:28:48.941+0000][64779.591s] GC(170) Old regions: 215->215
[2022-03-25T08:28:48.953+0000][64779.604s] GC(170) Humongous regions: 7->7
[2022-03-25T08:28:48.956+0000][64779.606s] GC(170) Metaspace: 59935K->59935K(1103872K)
[2022-03-25T08:28:48.970+0000][64779.620s] GC(170) Pause Young (Normal) (G1 Evacuation Pause) 263M->221M(512M) 234.877ms
[2022-03-25T08:28:48.972+0000][64779.622s] GC(170) User=0.13s Sys=0.05s Real=0.23s
[2022-03-25T08:28:54.654+0000][64785.304s] GC(171) Pause Young (Normal) (G1 Evacuation Pause)
[2022-03-25T08:28:54.669+0000][64785.320s] GC(171) Using 4 workers of 4 for evacuation
[2022-03-25T08:28:54.803+0000][64785.453s] GC(171)   Pre Evacuate Collection Set: 0.0ms
[2022-03-25T08:28:54.814+0000][64785.465s] GC(171)   Evacuate Collection Set: 116.3ms
[2022-03-25T08:28:54.817+0000][64785.467s] GC(171)   Post Evacuate Collection Set: 0.5ms
[2022-03-25T08:28:54.839+0000][64785.490s] GC(171)   Other: 31.8ms
[2022-03-25T08:28:54.855+0000][64785.506s] GC(171) Eden regions: 45->0(45)
[2022-03-25T08:28:54.873+0000][64785.523s] GC(171) Survivor regions: 2->1(6)
[2022-03-25T08:28:54.892+0000][64785.542s] GC(171) Old regions: 215->215
[2022-03-25T08:28:54.905+0000][64785.555s] GC(171) Humongous regions: 7->7
[2022-03-25T08:28:54.910+0000][64785.561s] GC(171) Metaspace: 59935K->59935K(1103872K)
[2022-03-25T08:28:54.921+0000][64785.572s] GC(171) Pause Young (Normal) (G1 Evacuation Pause) 266M->221M(512M) 267.080ms
[2022-03-25T08:28:54.936+0000][64785.586s] GC(171) User=0.05s Sys=0.02s Real=0.28s
[2022-03-25T08:29:03.461+0000][64794.111s] GC(172) Pause Young (Normal) (G1 Evacuation Pause)
[2022-03-25T08:29:03.467+0000][64794.117s] GC(172) Using 4 workers of 4 for evacuation
[2022-03-25T08:29:03.573+0000][64794.223s] GC(172)   Pre Evacuate Collection Set: 0.1ms
[2022-03-25T08:29:03.577+0000][64794.228s] GC(172)   Evacuate Collection Set: 91.9ms
[2022-03-25T08:29:03.578+0000][64794.228s] GC(172)   Post Evacuate Collection Set: 0.4ms
[2022-03-25T08:29:03.578+0000][64794.228s] GC(172)   Other: 20.2ms
[2022-03-25T08:29:03.578+0000][64794.229s] GC(172) Eden regions: 45->0(50)
[2022-03-25T08:29:03.579+0000][64794.229s] GC(172) Survivor regions: 1->1(6)
[2022-03-25T08:29:03.579+0000][64794.229s] GC(172) Old regions: 215->215
[2022-03-25T08:29:03.579+0000][64794.229s] GC(172) Humongous regions: 7->7
[2022-03-25T08:29:03.580+0000][64794.230s] GC(172) Metaspace: 59935K->59935K(1103872K)
[2022-03-25T08:29:03.581+0000][64794.231s] GC(172) Pause Young (Normal) (G1 Evacuation Pause) 266M->221M(512M) 120.438ms
[2022-03-25T08:29:03.581+0000][64794.232s] GC(172) User=0.03s Sys=0.00s Real=0.12s
[2022-03-25T08:29:08.479+0000][64799.129s] GC(173) Pause Young (Normal) (G1 Evacuation Pause)
[2022-03-25T08:29:08.480+0000][64799.130s] GC(173) Using 4 workers of 4 for evacuation
[2022-03-25T08:29:08.530+0000][64799.180s] GC(173)   Pre Evacuate Collection Set: 0.0ms
[2022-03-25T08:29:08.535+0000][64799.185s] GC(173)   Evacuate Collection Set: 47.5ms
[2022-03-25T08:29:08.536+0000][64799.187s] GC(173)   Post Evacuate Collection Set: 0.4ms
[2022-03-25T08:29:08.539+0000][64799.189s] GC(173)   Other: 3.6ms
[2022-03-25T08:29:08.540+0000][64799.190s] GC(173) Eden regions: 50->0(55)
[2022-03-25T08:29:08.540+0000][64799.191s] GC(173) Survivor regions: 1->1(7)
[2022-03-25T08:29:08.541+0000][64799.192s] GC(173) Old regions: 215->215
[2022-03-25T08:29:08.542+0000][64799.192s] GC(173) Humongous regions: 7->7
[2022-03-25T08:29:08.542+0000][64799.192s] GC(173) Metaspace: 59938K->59938K(1103872K)
[2022-03-25T08:29:08.542+0000][64799.193s] GC(173) Pause Young (Normal) (G1 Evacuation Pause) 271M->221M(512M) 63.694ms
[2022-03-25T08:29:08.543+0000][64799.193s] GC(173) User=0.05s Sys=0.00s Real=0.06s
[2022-03-25T08:29:13.072+0000][64803.722s] GC(174) Pause Young (Normal) (G1 Evacuation Pause)
[2022-03-25T08:29:13.091+0000][64803.742s] GC(174) Using 4 workers of 4 for evacuation
[2022-03-25T08:29:13.186+0000][64803.837s] GC(174)   Pre Evacuate Collection Set: 0.1ms
[2022-03-25T08:29:13.187+0000][64803.837s] GC(174)   Evacuate Collection Set: 77.7ms
[2022-03-25T08:29:13.188+0000][64803.838s] GC(174)   Post Evacuate Collection Set: 1.1ms
[2022-03-25T08:29:13.189+0000][64803.839s] GC(174)   Other: 35.5ms
[2022-03-25T08:29:13.189+0000][64803.839s] GC(174) Eden regions: 55->0(59)
[2022-03-25T08:29:13.189+0000][64803.839s] GC(174) Survivor regions: 1->2(7)
[2022-03-25T08:29:13.189+0000][64803.840s] GC(174) Old regions: 215->215
[2022-03-25T08:29:13.190+0000][64803.840s] GC(174) Humongous regions: 7->7
[2022-03-25T08:29:13.190+0000][64803.840s] GC(174) Metaspace: 59938K->59938K(1103872K)
[2022-03-25T08:29:13.190+0000][64803.841s] GC(174) Pause Young (Normal) (G1 Evacuation Pause) 276M->221M(512M) 118.415ms
[2022-03-25T08:29:13.191+0000][64803.841s] GC(174) User=0.02s Sys=0.04s Real=0.12s
[2022-03-25T08:29:15.370+0000][64806.020s] GC(175) Pause Young (Normal) (G1 Evacuation Pause)
[2022-03-25T08:29:15.371+0000][64806.022s] GC(175) Using 4 workers of 4 for evacuation
[2022-03-25T08:29:15.594+0000][64806.244s] GC(175)   Pre Evacuate Collection Set: 0.2ms
[2022-03-25T08:29:15.601+0000][64806.259s] GC(175)   Evacuate Collection Set: 206.2ms
[2022-03-25T08:29:15.622+0000][64806.272s] GC(175)   Post Evacuate Collection Set: 2.0ms
[2022-03-25T08:29:15.622+0000][64806.273s] GC(175)   Other: 15.9ms
[2022-03-25T08:29:15.623+0000][64806.273s] GC(175) Eden regions: 59->0(52)
[2022-03-25T08:29:15.624+0000][64806.275s] GC(175) Survivor regions: 2->2(8)
[2022-03-25T08:29:15.625+0000][64806.275s] GC(175) Old regions: 215->215
[2022-03-25T08:29:15.625+0000][64806.275s] GC(175) Humongous regions: 7->7
[2022-03-25T08:29:15.625+0000][64806.275s] GC(175) Metaspace: 59938K->59938K(1103872K)
[2022-03-25T08:29:15.625+0000][64806.276s] GC(175) Pause Young (Normal) (G1 Evacuation Pause) 280M->221M(512M) 255.933ms
[2022-03-25T08:29:15.626+0000][64806.276s] GC(175) User=0.15s Sys=0.03s Real=0.26s
[2022-03-25T08:29:17.402+0000][64808.052s] GC(176) Pause Young (Normal) (G1 Evacuation Pause)
[2022-03-25T08:29:17.417+0000][64808.067s] GC(176) Using 4 workers of 4 for evacuation
[2022-03-25T08:29:17.503+0000][64808.154s] GC(176)   Pre Evacuate Collection Set: 0.0ms
[2022-03-25T08:29:17.525+0000][64808.175s] GC(176)   Evacuate Collection Set: 75.0ms
[2022-03-25T08:29:17.550+0000][64808.200s] GC(176)   Post Evacuate Collection Set: 0.8ms
[2022-03-25T08:29:17.570+0000][64808.220s] GC(176)   Other: 25.3ms
[2022-03-25T08:29:17.591+0000][64808.242s] GC(176) Eden regions: 52->0(56)
[2022-03-25T08:29:17.624+0000][64808.274s] GC(176) Survivor regions: 2->1(7)
[2022-03-25T08:29:17.640+0000][64808.290s] GC(176) Old regions: 215->215
[2022-03-25T08:29:17.661+0000][64808.311s] GC(176) Humongous regions: 7->7
[2022-03-25T08:29:17.690+0000][64808.340s] GC(176) Metaspace: 59938K->59938K(1103872K)
[2022-03-25T08:29:17.714+0000][64808.364s] GC(176) Pause Young (Normal) (G1 Evacuation Pause) 273M->221M(512M) 311.879ms
[2022-03-25T08:29:17.729+0000][64808.379s] GC(176) User=0.05s Sys=0.04s Real=0.34s
[2022-03-25T08:29:20.547+0000][64811.198s] GC(177) Pause Young (Normal) (G1 Evacuation Pause)
[2022-03-25T08:29:20.556+0000][64811.206s] GC(177) Using 4 workers of 4 for evacuation
[2022-03-25T08:29:20.711+0000][64811.361s] GC(177)   Pre Evacuate Collection Set: 0.0ms
[2022-03-25T08:29:20.718+0000][64811.368s] GC(177)   Evacuate Collection Set: 143.0ms
[2022-03-25T08:29:20.719+0000][64811.369s] GC(177)   Post Evacuate Collection Set: 0.5ms
[2022-03-25T08:29:20.719+0000][64811.369s] GC(177)   Other: 20.5ms
[2022-03-25T08:29:20.720+0000][64811.370s] GC(177) Eden regions: 56->0(56)
[2022-03-25T08:29:20.720+0000][64811.371s] GC(177) Survivor regions: 1->2(8)
[2022-03-25T08:29:20.734+0000][64811.385s] GC(177) Old regions: 215->215
[2022-03-25T08:29:20.738+0000][64811.388s] GC(177) Humongous regions: 7->7
[2022-03-25T08:29:20.750+0000][64811.401s] GC(177) Metaspace: 59938K->59938K(1103872K)
[2022-03-25T08:29:20.774+0000][64811.425s] GC(177) Pause Young (Normal) (G1 Evacuation Pause) 277M->221M(512M) 226.994ms
[2022-03-25T08:29:20.775+0000][64811.425s] GC(177) User=0.10s Sys=0.14s Real=0.22s
[2022-03-25T08:29:22.968+0000][64813.618s] GC(178) Pause Young (Normal) (G1 Evacuation Pause)
[2022-03-25T08:29:22.968+0000][64813.618s] GC(178) Using 4 workers of 4 for evacuation
[2022-03-25T08:29:22.996+0000][64813.646s] GC(178)   Pre Evacuate Collection Set: 0.0ms
[2022-03-25T08:29:22.997+0000][64813.647s] GC(178)   Evacuate Collection Set: 27.2ms
[2022-03-25T08:29:22.997+0000][64813.648s] GC(178)   Post Evacuate Collection Set: 0.5ms
[2022-03-25T08:29:22.998+0000][64813.648s] GC(178)   Other: 0.7ms
[2022-03-25T08:29:22.998+0000][64813.648s] GC(178) Eden regions: 56->0(62)
[2022-03-25T08:29:22.999+0000][64813.649s] GC(178) Survivor regions: 2->2(8)
[2022-03-25T08:29:22.999+0000][64813.649s] GC(178) Old regions: 215->215
[2022-03-25T08:29:22.999+0000][64813.649s] GC(178) Humongous regions: 7->7
[2022-03-25T08:29:22.999+0000][64813.650s] GC(178) Metaspace: 59938K->59938K(1103872K)
[2022-03-25T08:29:23.000+0000][64813.650s] GC(178) Pause Young (Normal) (G1 Evacuation Pause) 277M->221M(512M) 31.975ms
[2022-03-25T08:29:23.000+0000][64813.650s] GC(178) User=0.04s Sys=0.00s Real=0.03s
[2022-03-25T08:29:25.559+0000][64816.209s] GC(179) Pause Young (Normal) (G1 Evacuation Pause)
[2022-03-25T08:29:25.575+0000][64816.225s] GC(179) Using 4 workers of 4 for evacuation
[2022-03-25T08:29:25.649+0000][64816.300s] GC(179)   Pre Evacuate Collection Set: 0.1ms
[2022-03-25T08:29:25.677+0000][64816.327s] GC(179)   Evacuate Collection Set: 52.6ms
[2022-03-25T08:29:25.709+0000][64816.359s] GC(179)   Post Evacuate Collection Set: 0.5ms
[2022-03-25T08:29:25.724+0000][64816.375s] GC(179)   Other: 37.7ms
[2022-03-25T08:29:25.729+0000][64816.379s] GC(179) Eden regions: 62->0(69)
[2022-03-25T08:29:25.735+0000][64816.385s] GC(179) Survivor regions: 2->1(8)
[2022-03-25T08:29:25.738+0000][64816.388s] GC(179) Old regions: 215->215
[2022-03-25T08:29:25.762+0000][64816.412s] GC(179) Humongous regions: 7->7
[2022-03-25T08:29:25.763+0000][64816.413s] GC(179) Metaspace: 59938K->59938K(1103872K)
[2022-03-25T08:29:25.763+0000][64816.413s] GC(179) Pause Young (Normal) (G1 Evacuation Pause) 283M->221M(512M) 204.347ms
[2022-03-25T08:29:25.763+0000][64816.414s] GC(179) User=0.04s Sys=0.05s Real=0.20s
[2022-03-25T08:29:30.585+0000][64821.235s] GC(180) Pause Young (Normal) (G1 Evacuation Pause)
[2022-03-25T08:29:30.587+0000][64821.237s] GC(180) Using 4 workers of 4 for evacuation
[2022-03-25T08:29:30.838+0000][64821.488s] GC(180) MMU target violated: 250.4ms (250.0ms/251.0ms)
[2022-03-25T08:29:30.870+0000][64821.520s] GC(180)   Pre Evacuate Collection Set: 0.1ms
[2022-03-25T08:29:30.899+0000][64821.549s] GC(180)   Evacuate Collection Set: 213.1ms
[2022-03-25T08:29:30.915+0000][64821.565s] GC(180)   Post Evacuate Collection Set: 0.9ms
[2022-03-25T08:29:30.943+0000][64821.593s] GC(180)   Other: 70.5ms
[2022-03-25T08:29:31.032+0000][64821.682s] GC(180) Eden regions: 69->0(64)
[2022-03-25T08:29:31.047+0000][64821.697s] GC(180) Survivor regions: 1->1(9)
[2022-03-25T08:29:31.080+0000][64821.730s] GC(180) Old regions: 215->215
[2022-03-25T08:29:31.125+0000][64821.775s] GC(180) Humongous regions: 7->7
[2022-03-25T08:29:31.151+0000][64821.801s] GC(180) Metaspace: 59938K->59938K(1103872K)
[2022-03-25T08:29:31.187+0000][64821.837s] GC(180) Pause Young (Normal) (G1 Evacuation Pause) 290M->221M(512M) 601.539ms
[2022-03-25T08:29:31.240+0000][64821.890s] GC(180) User=0.06s Sys=0.19s Real=0.65s
[2022-03-25T08:29:34.813+0000][64825.463s] GC(181) Pause Young (Normal) (G1 Evacuation Pause)
[2022-03-25T08:29:34.825+0000][64825.476s] GC(181) Using 4 workers of 4 for evacuation
[2022-03-25T08:29:34.873+0000][64825.523s] GC(181)   Pre Evacuate Collection Set: 0.1ms
[2022-03-25T08:29:34.874+0000][64825.524s] GC(181)   Evacuate Collection Set: 33.8ms
[2022-03-25T08:29:34.874+0000][64825.524s] GC(181)   Post Evacuate Collection Set: 0.7ms
[2022-03-25T08:29:34.874+0000][64825.525s] GC(181)   Other: 26.1ms
[2022-03-25T08:29:34.875+0000][64825.525s] GC(181) Eden regions: 64->0(71)
[2022-03-25T08:29:34.875+0000][64825.525s] GC(181) Survivor regions: 1->1(9)
[2022-03-25T08:29:34.875+0000][64825.525s] GC(181) Old regions: 215->215
[2022-03-25T08:29:34.875+0000][64825.526s] GC(181) Humongous regions: 7->7
[2022-03-25T08:29:34.876+0000][64825.526s] GC(181) Metaspace: 59938K->59938K(1103872K)
[2022-03-25T08:29:34.876+0000][64825.526s] GC(181) Pause Young (Normal) (G1 Evacuation Pause) 285M->221M(512M) 63.272ms
[2022-03-25T08:29:34.876+0000][64825.526s] GC(181) User=0.02s Sys=0.01s Real=0.07s
[2022-03-25T08:29:38.031+0000][64828.681s] GC(182) Pause Young (Normal) (G1 Evacuation Pause)
[2022-03-25T08:29:38.033+0000][64828.683s] GC(182) Using 4 workers of 4 for evacuation
[2022-03-25T08:29:38.130+0000][64828.781s] GC(182)   Pre Evacuate Collection Set: 0.1ms
[2022-03-25T08:29:38.131+0000][64828.782s] GC(182)   Evacuate Collection Set: 90.4ms
[2022-03-25T08:29:38.134+0000][64828.784s] GC(182)   Post Evacuate Collection Set: 0.5ms
[2022-03-25T08:29:38.135+0000][64828.785s] GC(182)   Other: 8.3ms
[2022-03-25T08:29:38.140+0000][64828.790s] GC(182) Eden regions: 71->0(74)
[2022-03-25T08:29:38.143+0000][64828.793s] GC(182) Survivor regions: 1->1(9)
[2022-03-25T08:29:38.145+0000][64828.795s] GC(182) Old regions: 215->215
[2022-03-25T08:29:38.146+0000][64828.796s] GC(182) Humongous regions: 7->7
[2022-03-25T08:29:38.149+0000][64828.799s] GC(182) Metaspace: 59938K->59938K(1103872K)
[2022-03-25T08:29:38.154+0000][64828.804s] GC(182) Pause Young (Normal) (G1 Evacuation Pause) 292M->221M(512M) 122.727ms
[2022-03-25T08:29:38.159+0000][64828.810s] GC(182) User=0.07s Sys=0.00s Real=0.13s
[2022-03-25T08:29:46.207+0000][64836.857s] GC(183) Pause Young (Normal) (G1 Evacuation Pause)
[2022-03-25T08:29:46.209+0000][64836.859s] GC(183) Using 4 workers of 4 for evacuation
[2022-03-25T08:29:46.290+0000][64836.941s] GC(183)   Pre Evacuate Collection Set: 0.1ms
[2022-03-25T08:29:46.308+0000][64836.958s] GC(183)   Evacuate Collection Set: 75.8ms
[2022-03-25T08:29:46.313+0000][64836.964s] GC(183)   Post Evacuate Collection Set: 1.2ms
[2022-03-25T08:29:46.324+0000][64836.974s] GC(183)   Other: 6.5ms
[2022-03-25T08:29:46.340+0000][64836.990s] GC(183) Eden regions: 74->0(80)
[2022-03-25T08:29:46.343+0000][64836.993s] GC(183) Survivor regions: 1->1(10)
[2022-03-25T08:29:46.345+0000][64836.995s] GC(183) Old regions: 215->215
[2022-03-25T08:29:46.347+0000][64836.997s] GC(183) Humongous regions: 7->7
[2022-03-25T08:29:46.348+0000][64836.998s] GC(183) Metaspace: 59938K->59938K(1103872K)
[2022-03-25T08:29:46.348+0000][64836.998s] GC(183) Pause Young (Normal) (G1 Evacuation Pause) 295M->221M(512M) 141.164ms
[2022-03-25T08:29:46.349+0000][64836.999s] GC(183) User=0.03s Sys=0.02s Real=0.14s
[2022-03-25T08:29:49.582+0000][64840.232s] GC(184) Pause Young (Normal) (G1 Evacuation Pause)
[2022-03-25T08:29:49.584+0000][64840.235s] GC(184) Using 4 workers of 4 for evacuation
[2022-03-25T08:29:49.721+0000][64840.372s] GC(184)   Pre Evacuate Collection Set: 0.0ms
[2022-03-25T08:29:49.735+0000][64840.385s] GC(184)   Evacuate Collection Set: 128.8ms
[2022-03-25T08:29:49.738+0000][64840.388s] GC(184)   Post Evacuate Collection Set: 0.7ms
[2022-03-25T08:29:49.741+0000][64840.391s] GC(184)   Other: 10.2ms
[2022-03-25T08:29:49.757+0000][64840.407s] GC(184) Eden regions: 80->0(86)
[2022-03-25T08:29:49.829+0000][64840.480s] GC(184) Survivor regions: 1->2(11)
[2022-03-25T08:29:49.846+0000][64840.496s] GC(184) Old regions: 215->215
[2022-03-25T08:29:49.846+0000][64840.496s] GC(184) Humongous regions: 7->7
[2022-03-25T08:29:49.847+0000][64840.497s] GC(184) Metaspace: 59938K->59938K(1103872K)
[2022-03-25T08:29:49.939+0000][64840.589s] GC(184) Pause Young (Normal) (G1 Evacuation Pause) 301M->221M(512M) 357.635ms
[2022-03-25T08:29:49.956+0000][64840.606s] GC(184) User=0.07s Sys=0.02s Real=0.38s
[2022-03-25T08:29:52.925+0000][64843.576s] GC(185) Pause Young (Normal) (G1 Evacuation Pause)
[2022-03-25T08:29:52.927+0000][64843.578s] GC(185) Using 4 workers of 4 for evacuation
[2022-03-25T08:29:53.077+0000][64843.727s] GC(185)   Pre Evacuate Collection Set: 0.0ms
[2022-03-25T08:29:53.078+0000][64843.729s] GC(185)   Evacuate Collection Set: 125.4ms
[2022-03-25T08:29:53.109+0000][64843.759s] GC(185)   Post Evacuate Collection Set: 18.1ms
[2022-03-25T08:29:53.114+0000][64843.764s] GC(185)   Other: 8.1ms
[2022-03-25T08:29:53.117+0000][64843.767s] GC(185) Eden regions: 86->0(91)
[2022-03-25T08:29:53.118+0000][64843.769s] GC(185) Survivor regions: 2->2(11)
[2022-03-25T08:29:53.119+0000][64843.769s] GC(185) Old regions: 215->215
[2022-03-25T08:29:53.124+0000][64843.775s] GC(185) Humongous regions: 7->7
[2022-03-25T08:29:53.126+0000][64843.776s] GC(185) Metaspace: 59938K->59938K(1103872K)
[2022-03-25T08:29:53.127+0000][64843.777s] GC(185) Pause Young (Normal) (G1 Evacuation Pause) 307M->221M(512M) 201.722ms
[2022-03-25T08:29:53.129+0000][64843.780s] GC(185) User=0.07s Sys=0.02s Real=0.20s
[2022-03-25T08:29:57.463+0000][64848.114s] GC(186) Pause Young (Normal) (G1 Evacuation Pause)
[2022-03-25T08:29:57.474+0000][64848.124s] GC(186) Using 4 workers of 4 for evacuation
[2022-03-25T08:29:57.591+0000][64848.241s] GC(186)   Pre Evacuate Collection Set: 0.0ms
[2022-03-25T08:29:57.595+0000][64848.245s] GC(186)   Evacuate Collection Set: 65.3ms
[2022-03-25T08:29:57.596+0000][64848.246s] GC(186)   Post Evacuate Collection Set: 0.7ms
[2022-03-25T08:29:57.596+0000][64848.246s] GC(186)   Other: 62.0ms
[2022-03-25T08:29:57.596+0000][64848.247s] GC(186) Eden regions: 91->0(98)
[2022-03-25T08:29:57.597+0000][64848.247s] GC(186) Survivor regions: 2->1(12)
[2022-03-25T08:29:57.598+0000][64848.248s] GC(186) Old regions: 215->215
[2022-03-25T08:29:57.598+0000][64848.248s] GC(186) Humongous regions: 7->7
[2022-03-25T08:29:57.598+0000][64848.249s] GC(186) Metaspace: 59951K->59951K(1103872K)
[2022-03-25T08:29:57.599+0000][64848.249s] GC(186) Pause Young (Normal) (G1 Evacuation Pause) 312M->221M(512M) 135.622ms
[2022-03-25T08:29:57.600+0000][64848.250s] GC(186) User=0.05s Sys=0.04s Real=0.14s
[2022-03-25T08:30:03.268+0000][64853.919s] GC(187) Pause Young (Normal) (G1 Evacuation Pause)
[2022-03-25T08:30:03.269+0000][64853.919s] GC(187) Using 4 workers of 4 for evacuation
[2022-03-25T08:30:03.309+0000][64853.959s] GC(187)   Pre Evacuate Collection Set: 0.0ms
[2022-03-25T08:30:03.317+0000][64853.967s] GC(187)   Evacuate Collection Set: 38.7ms
[2022-03-25T08:30:03.318+0000][64853.968s] GC(187)   Post Evacuate Collection Set: 0.9ms
[2022-03-25T08:30:03.319+0000][64853.970s] GC(187)   Other: 1.2ms
[2022-03-25T08:30:03.320+0000][64853.970s] GC(187) Eden regions: 98->0(109)
[2022-03-25T08:30:03.324+0000][64853.974s] GC(187) Survivor regions: 1->1(13)
[2022-03-25T08:30:03.324+0000][64853.975s] GC(187) Old regions: 215->215
[2022-03-25T08:30:03.325+0000][64853.975s] GC(187) Humongous regions: 7->7
[2022-03-25T08:30:03.325+0000][64853.975s] GC(187) Metaspace: 59951K->59951K(1103872K)
[2022-03-25T08:30:03.325+0000][64853.976s] GC(187) Pause Young (Normal) (G1 Evacuation Pause) 319M->221M(512M) 57.018ms
[2022-03-25T08:30:03.326+0000][64853.976s] GC(187) User=0.04s Sys=0.00s Real=0.05s
[2022-03-25T08:30:07.406+0000][64858.057s] GC(188) Pause Young (Normal) (G1 Evacuation Pause)
[2022-03-25T08:30:07.410+0000][64858.061s] GC(188) Using 4 workers of 4 for evacuation
[2022-03-25T08:30:07.585+0000][64858.235s] GC(188)   Pre Evacuate Collection Set: 0.0ms
[2022-03-25T08:30:07.596+0000][64858.247s] GC(188)   Evacuate Collection Set: 172.9ms
[2022-03-25T08:30:07.597+0000][64858.247s] GC(188)   Post Evacuate Collection Set: 0.6ms
[2022-03-25T08:30:07.598+0000][64858.248s] GC(188)   Other: 5.0ms
[2022-03-25T08:30:07.598+0000][64858.249s] GC(188) Eden regions: 109->0(94)
[2022-03-25T08:30:07.599+0000][64858.249s] GC(188) Survivor regions: 1->1(14)
[2022-03-25T08:30:07.599+0000][64858.250s] GC(188) Old regions: 215->215
[2022-03-25T08:30:07.600+0000][64858.250s] GC(188) Humongous regions: 7->7
[2022-03-25T08:30:07.600+0000][64858.250s] GC(188) Metaspace: 59951K->59951K(1103872K)
[2022-03-25T08:30:07.602+0000][64858.253s] GC(188) Pause Young (Normal) (G1 Evacuation Pause) 330M->221M(512M) 195.997ms
[2022-03-25T08:30:07.603+0000][64858.254s] GC(188) User=0.08s Sys=0.04s Real=0.19s
[2022-03-25T08:30:17.430+0000][64868.081s] GC(189) Pause Young (Normal) (G1 Evacuation Pause)
[2022-03-25T08:30:17.494+0000][64868.144s] GC(189) Using 4 workers of 4 for evacuation
[2022-03-25T08:30:17.710+0000][64868.360s] GC(189)   Pre Evacuate Collection Set: 0.1ms
[2022-03-25T08:30:17.769+0000][64868.420s] GC(189)   Evacuate Collection Set: 86.1ms
[2022-03-25T08:30:17.772+0000][64868.422s] GC(189)   Post Evacuate Collection Set: 0.5ms
[2022-03-25T08:30:17.773+0000][64868.423s] GC(189)   Other: 193.1ms
[2022-03-25T08:30:17.773+0000][64868.424s] GC(189) Eden regions: 94->0(101)
[2022-03-25T08:30:17.775+0000][64868.425s] GC(189) Survivor regions: 1->1(12)
[2022-03-25T08:30:17.776+0000][64868.426s] GC(189) Old regions: 215->215
[2022-03-25T08:30:17.782+0000][64868.432s] GC(189) Humongous regions: 7->7
[2022-03-25T08:30:17.783+0000][64868.433s] GC(189) Metaspace: 59951K->59951K(1103872K)
[2022-03-25T08:30:17.795+0000][64868.445s] GC(189) Pause Young (Normal) (G1 Evacuation Pause) 315M->221M(512M) 364.492ms
[2022-03-25T08:30:17.802+0000][64868.452s] GC(189) User=0.09s Sys=0.03s Real=0.41s
[2022-03-25T08:30:31.355+0000][64882.005s] GC(190) Pause Young (Normal) (G1 Evacuation Pause)
[2022-03-25T08:30:31.363+0000][64882.014s] GC(190) Using 4 workers of 4 for evacuation
[2022-03-25T08:30:31.612+0000][64882.263s] GC(190)   Pre Evacuate Collection Set: 0.1ms
[2022-03-25T08:30:31.617+0000][64882.267s] GC(190)   Evacuate Collection Set: 229.9ms
[2022-03-25T08:30:31.643+0000][64882.293s] GC(190)   Post Evacuate Collection Set: 13.1ms
[2022-03-25T08:30:31.664+0000][64882.314s] GC(190)   Other: 14.4ms
[2022-03-25T08:30:31.683+0000][64882.333s] GC(190) Eden regions: 101->0(106)
[2022-03-25T08:30:31.689+0000][64882.339s] GC(190) Survivor regions: 1->1(13)
[2022-03-25T08:30:31.692+0000][64882.342s] GC(190) Old regions: 215->215
[2022-03-25T08:30:31.697+0000][64882.347s] GC(190) Humongous regions: 7->7
[2022-03-25T08:30:31.713+0000][64882.363s] GC(190) Metaspace: 59960K->59960K(1103872K)
[2022-03-25T08:30:31.733+0000][64882.383s] GC(190) Pause Young (Normal) (G1 Evacuation Pause) 322M->221M(512M) 377.542ms
[2022-03-25T08:30:31.739+0000][64882.389s] GC(190) User=0.04s Sys=0.12s Real=0.39s
[2022-03-25T09:33:45.402+0000][68676.053s] GC(191) Pause Young (Normal) (G1 Evacuation Pause)
[2022-03-25T09:33:45.404+0000][68676.054s] GC(191) Using 4 workers of 4 for evacuation
[2022-03-25T09:33:45.661+0000][68676.311s] GC(191) MMU target violated: 251.0ms (250.0ms/251.0ms)
[2022-03-25T09:33:45.664+0000][68676.315s] GC(191)   Pre Evacuate Collection Set: 47.3ms
[2022-03-25T09:33:45.667+0000][68676.317s] GC(191)   Evacuate Collection Set: 197.0ms
[2022-03-25T09:33:45.667+0000][68676.318s] GC(191)   Post Evacuate Collection Set: 10.9ms
[2022-03-25T09:33:45.668+0000][68676.318s] GC(191)   Other: 8.2ms
[2022-03-25T09:33:45.668+0000][68676.318s] GC(191) Eden regions: 106->0(102)
[2022-03-25T09:33:45.668+0000][68676.319s] GC(191) Survivor regions: 1->2(14)
[2022-03-25T09:33:45.669+0000][68676.319s] GC(191) Old regions: 215->215
[2022-03-25T09:33:45.669+0000][68676.319s] GC(191) Humongous regions: 7->7
[2022-03-25T09:33:45.669+0000][68676.319s] GC(191) Metaspace: 59971K->59971K(1103872K)
[2022-03-25T09:33:45.670+0000][68676.320s] GC(191) Pause Young (Normal) (G1 Evacuation Pause) 327M->222M(512M) 267.406ms
[2022-03-25T09:33:45.670+0000][68676.320s] GC(191) User=0.82s Sys=0.00s Real=0.27s
[2022-03-25T09:40:00.626+0000][69051.276s] GC(192) Pause Young (Normal) (G1 Evacuation Pause)
[2022-03-25T09:40:00.630+0000][69051.281s] GC(192) Using 4 workers of 4 for evacuation
[2022-03-25T09:40:01.028+0000][69051.679s] GC(192) MMU target violated: 251.0ms (250.0ms/251.0ms)
[2022-03-25T09:40:01.043+0000][69051.694s] GC(192)   Pre Evacuate Collection Set: 0.1ms
[2022-03-25T09:40:01.045+0000][69051.696s] GC(192)   Evacuate Collection Set: 363.2ms
[2022-03-25T09:40:01.047+0000][69051.698s] GC(192)   Post Evacuate Collection Set: 18.3ms
[2022-03-25T09:40:01.053+0000][69051.703s] GC(192)   Other: 35.9ms
[2022-03-25T09:40:01.086+0000][69051.736s] GC(192) Eden regions: 101->0(103)
[2022-03-25T09:40:01.088+0000][69051.738s] GC(192) Survivor regions: 2->2(13)
[2022-03-25T09:40:01.093+0000][69051.743s] GC(192) Old regions: 215->215
[2022-03-25T09:40:01.096+0000][69051.746s] GC(192) Humongous regions: 7->7
[2022-03-25T09:40:01.098+0000][69051.748s] GC(192) Metaspace: 59971K->59971K(1103872K)
[2022-03-25T09:40:01.124+0000][69051.774s] GC(192) Pause Young (Normal) (G1 Evacuation Pause) 323M->222M(512M) 497.860ms
[2022-03-25T09:40:01.139+0000][69051.790s] GC(192) User=0.10s Sys=0.08s Real=0.51s
[2022-03-25T09:40:05.474+0000][69056.124s] GC(193) Pause Young (Normal) (G1 Evacuation Pause)
[2022-03-25T09:40:05.475+0000][69056.125s] GC(193) Using 4 workers of 4 for evacuation
[2022-03-25T09:40:05.555+0000][69056.205s] GC(193)   Pre Evacuate Collection Set: 0.2ms
[2022-03-25T09:40:05.556+0000][69056.206s] GC(193)   Evacuate Collection Set: 63.9ms
[2022-03-25T09:40:05.557+0000][69056.207s] GC(193)   Post Evacuate Collection Set: 14.7ms
[2022-03-25T09:40:05.559+0000][69056.209s] GC(193)   Other: 2.3ms
[2022-03-25T09:40:05.561+0000][69056.211s] GC(193) Eden regions: 103->0(106)
[2022-03-25T09:40:05.565+0000][69056.215s] GC(193) Survivor regions: 2->2(14)
[2022-03-25T09:40:05.569+0000][69056.219s] GC(193) Old regions: 215->215
[2022-03-25T09:40:05.569+0000][69056.220s] GC(193) Humongous regions: 7->7
[2022-03-25T09:40:05.570+0000][69056.220s] GC(193) Metaspace: 59971K->59971K(1103872K)
[2022-03-25T09:40:05.571+0000][69056.221s] GC(193) Pause Young (Normal) (G1 Evacuation Pause) 325M->222M(512M) 97.123ms
[2022-03-25T09:40:05.573+0000][69056.224s] GC(193) User=0.07s Sys=0.02s Real=0.10s
[2022-03-25T09:45:03.150+0000][69353.801s] GC(194) Pause Young (Normal) (G1 Evacuation Pause)
[2022-03-25T09:45:03.222+0000][69353.872s] GC(194) Using 4 workers of 4 for evacuation
[2022-03-25T09:45:04.244+0000][69354.895s] GC(194) MMU target violated: 251.0ms (250.0ms/251.0ms)
[2022-03-25T09:45:04.575+0000][69355.225s] GC(194)   Pre Evacuate Collection Set: 0.1ms
[2022-03-25T09:45:04.726+0000][69355.376s] GC(194)   Evacuate Collection Set: 212.9ms
[2022-03-25T09:45:05.255+0000][69355.905s] GC(194)   Post Evacuate Collection Set: 386.6ms
[2022-03-25T09:45:05.440+0000][69356.090s] GC(194)   Other: 824.9ms
[2022-03-25T09:45:05.450+0000][69356.100s] GC(194) Eden regions: 106->0(92)
[2022-03-25T09:45:05.598+0000][69356.249s] GC(194) Survivor regions: 2->2(14)
[2022-03-25T09:45:05.788+0000][69356.439s] GC(194) Old regions: 215->215
[2022-03-25T09:45:06.095+0000][69356.745s] GC(194) Humongous regions: 7->7
[2022-03-25T09:45:06.156+0000][69356.806s] GC(194) Metaspace: 59973K->59973K(1103872K)
[2022-03-25T09:45:06.211+0000][69356.862s] GC(194) Pause Young (Normal) (G1 Evacuation Pause) 328M->222M(512M) 3061.043ms
[2022-03-25T09:45:06.319+0000][69356.969s] GC(194) User=0.34s Sys=0.16s Real=3.17s
[2022-03-25T09:45:12.297+0000][69362.948s] GC(195) Pause Young (Normal) (G1 Evacuation Pause)
[2022-03-25T09:45:12.439+0000][69363.089s] GC(195) Using 4 workers of 4 for evacuation
[2022-03-25T09:45:12.872+0000][69363.523s] GC(195)   Pre Evacuate Collection Set: 0.1ms
[2022-03-25T09:45:12.899+0000][69363.549s] GC(195)   Evacuate Collection Set: 95.4ms
[2022-03-25T09:45:12.912+0000][69363.562s] GC(195)   Post Evacuate Collection Set: 72.3ms
[2022-03-25T09:45:12.919+0000][69363.569s] GC(195)   Other: 407.2ms
[2022-03-25T09:45:12.919+0000][69363.570s] GC(195) Eden regions: 92->0(99)
[2022-03-25T09:45:12.923+0000][69363.573s] GC(195) Survivor regions: 2->3(12)
[2022-03-25T09:45:12.925+0000][69363.575s] GC(195) Old regions: 215->215
[2022-03-25T09:45:12.935+0000][69363.585s] GC(195) Humongous regions: 7->7
[2022-03-25T09:45:12.937+0000][69363.587s] GC(195) Metaspace: 59973K->59973K(1103872K)
[2022-03-25T09:45:12.940+0000][69363.590s] GC(195) Pause Young (Normal) (G1 Evacuation Pause) 314M->223M(512M) 642.250ms
[2022-03-25T09:45:12.945+0000][69363.595s] GC(195) User=0.05s Sys=0.06s Real=0.67s
[2022-03-25T09:45:26.238+0000][69376.888s] GC(196) Pause Young (Normal) (G1 Evacuation Pause)
[2022-03-25T09:45:26.238+0000][69376.889s] GC(196) Using 4 workers of 4 for evacuation
[2022-03-25T09:45:26.375+0000][69377.025s] GC(196)   Pre Evacuate Collection Set: 0.4ms
[2022-03-25T09:45:26.378+0000][69377.028s] GC(196)   Evacuate Collection Set: 134.6ms
[2022-03-25T09:45:26.378+0000][69377.029s] GC(196)   Post Evacuate Collection Set: 1.2ms
[2022-03-25T09:45:26.390+0000][69377.040s] GC(196)   Other: 1.4ms
[2022-03-25T09:45:26.391+0000][69377.041s] GC(196) Eden regions: 99->0(102)
[2022-03-25T09:45:26.391+0000][69377.042s] GC(196) Survivor regions: 3->3(13)
[2022-03-25T09:45:26.392+0000][69377.042s] GC(196) Old regions: 215->215
[2022-03-25T09:45:26.393+0000][69377.043s] GC(196) Humongous regions: 7->7
[2022-03-25T09:45:26.393+0000][69377.044s] GC(196) Metaspace: 59973K->59973K(1103872K)
[2022-03-25T09:45:26.394+0000][69377.045s] GC(196) Pause Young (Normal) (G1 Evacuation Pause) 322M->222M(512M) 156.662ms
[2022-03-25T09:45:26.396+0000][69377.046s] GC(196) User=0.04s Sys=0.03s Real=0.16s
[2022-03-25T09:45:29.710+0000][69380.361s] GC(197) Pause Young (Normal) (G1 Evacuation Pause)
[2022-03-25T09:45:29.716+0000][69380.367s] GC(197) Using 4 workers of 4 for evacuation
[2022-03-25T09:45:29.870+0000][69380.521s] GC(197)   Pre Evacuate Collection Set: 0.0ms
[2022-03-25T09:45:29.880+0000][69380.531s] GC(197)   Evacuate Collection Set: 148.0ms
[2022-03-25T09:45:29.886+0000][69380.536s] GC(197)   Post Evacuate Collection Set: 0.7ms
[2022-03-25T09:45:29.891+0000][69380.542s] GC(197)   Other: 11.4ms
[2022-03-25T09:45:29.894+0000][69380.544s] GC(197) Eden regions: 102->0(105)
[2022-03-25T09:45:29.909+0000][69380.560s] GC(197) Survivor regions: 3->3(14)
[2022-03-25T09:45:29.912+0000][69380.562s] GC(197) Old regions: 215->215
[2022-03-25T09:45:29.917+0000][69380.567s] GC(197) Humongous regions: 7->7
[2022-03-25T09:45:29.918+0000][69380.568s] GC(197) Metaspace: 59973K->59973K(1103872K)
[2022-03-25T09:45:29.926+0000][69380.576s] GC(197) Pause Young (Normal) (G1 Evacuation Pause) 324M->222M(512M) 215.199ms
[2022-03-25T09:45:29.929+0000][69380.579s] GC(197) User=0.13s Sys=0.04s Real=0.22s
[2022-03-25T09:45:33.191+0000][69383.841s] GC(198) Pause Young (Normal) (G1 Evacuation Pause)
[2022-03-25T09:45:33.198+0000][69383.848s] GC(198) Using 4 workers of 4 for evacuation
[2022-03-25T09:45:33.245+0000][69383.895s] GC(198)   Pre Evacuate Collection Set: 0.0ms
[2022-03-25T09:45:33.247+0000][69383.897s] GC(198)   Evacuate Collection Set: 30.4ms
[2022-03-25T09:45:33.247+0000][69383.897s] GC(198)   Post Evacuate Collection Set: 0.7ms
[2022-03-25T09:45:33.247+0000][69383.897s] GC(198)   Other: 22.9ms
[2022-03-25T09:45:33.247+0000][69383.898s] GC(198) Eden regions: 105->0(113)
[2022-03-25T09:45:33.247+0000][69383.898s] GC(198) Survivor regions: 3->3(14)
[2022-03-25T09:45:33.248+0000][69383.898s] GC(198) Old regions: 215->215
[2022-03-25T09:45:33.248+0000][69383.898s] GC(198) Humongous regions: 7->7
[2022-03-25T09:45:33.248+0000][69383.898s] GC(198) Metaspace: 59973K->59973K(1103872K)
[2022-03-25T09:45:33.248+0000][69383.899s] GC(198) Pause Young (Normal) (G1 Evacuation Pause) 327M->222M(512M) 57.454ms
[2022-03-25T09:45:33.249+0000][69383.899s] GC(198) User=0.04s Sys=0.00s Real=0.06s
[2022-03-25T09:45:41.609+0000][69392.259s] GC(199) Pause Young (Normal) (G1 Evacuation Pause)
[2022-03-25T09:45:41.615+0000][69392.265s] GC(199) Using 4 workers of 4 for evacuation
[2022-03-25T09:45:41.994+0000][69392.645s] GC(199) MMU target violated: 251.0ms (250.0ms/251.0ms)
[2022-03-25T09:45:42.002+0000][69392.652s] GC(199)   Pre Evacuate Collection Set: 0.0ms
[2022-03-25T09:45:42.003+0000][69392.654s] GC(199)   Evacuate Collection Set: 338.1ms
[2022-03-25T09:45:42.005+0000][69392.655s] GC(199)   Post Evacuate Collection Set: 40.7ms
[2022-03-25T09:45:42.009+0000][69392.660s] GC(199)   Other: 13.9ms
[2022-03-25T09:45:42.018+0000][69392.668s] GC(199) Eden regions: 113->0(103)
[2022-03-25T09:45:42.035+0000][69392.685s] GC(199) Survivor regions: 3->3(15)
[2022-03-25T09:45:42.044+0000][69392.695s] GC(199) Old regions: 215->215
[2022-03-25T09:45:42.045+0000][69392.696s] GC(199) Humongous regions: 7->7
[2022-03-25T09:45:42.046+0000][69392.696s] GC(199) Metaspace: 59973K->59973K(1103872K)
[2022-03-25T09:45:42.047+0000][69392.697s] GC(199) Pause Young (Normal) (G1 Evacuation Pause) 335M->222M(512M) 437.564ms
[2022-03-25T09:45:42.047+0000][69392.698s] GC(199) User=0.09s Sys=0.07s Real=0.44s
[2022-03-25T09:45:45.869+0000][69396.519s] GC(200) Pause Young (Normal) (G1 Evacuation Pause)
[2022-03-25T09:45:45.870+0000][69396.520s] GC(200) Using 4 workers of 4 for evacuation
[2022-03-25T09:45:45.919+0000][69396.570s] GC(200)   Pre Evacuate Collection Set: 0.1ms
[2022-03-25T09:45:45.920+0000][69396.570s] GC(200)   Evacuate Collection Set: 47.3ms
[2022-03-25T09:45:45.920+0000][69396.570s] GC(200)   Post Evacuate Collection Set: 1.3ms
[2022-03-25T09:45:45.920+0000][69396.571s] GC(200)   Other: 2.1ms
[2022-03-25T09:45:45.921+0000][69396.571s] GC(200) Eden regions: 103->0(109)
[2022-03-25T09:45:45.921+0000][69396.571s] GC(200) Survivor regions: 3->3(14)
[2022-03-25T09:45:45.921+0000][69396.571s] GC(200) Old regions: 215->215
[2022-03-25T09:45:45.921+0000][69396.572s] GC(200) Humongous regions: 7->7
[2022-03-25T09:45:45.922+0000][69396.572s] GC(200) Metaspace: 59973K->59973K(1103872K)
[2022-03-25T09:45:45.922+0000][69396.573s] GC(200) Pause Young (Normal) (G1 Evacuation Pause) 325M->222M(512M) 53.748ms
[2022-03-25T09:45:45.923+0000][69396.573s] GC(200) User=0.05s Sys=0.00s Real=0.05s
[2022-03-25T09:51:26.847+0000][69737.497s] GC(201) Pause Young (Normal) (G1 Evacuation Pause)
[2022-03-25T09:51:26.973+0000][69737.623s] GC(201) Using 4 workers of 4 for evacuation
[2022-03-25T09:51:28.899+0000][69739.549s] GC(201) MMU target violated: 251.0ms (250.0ms/251.0ms)
[2022-03-25T09:51:28.929+0000][69739.579s] GC(201)   Pre Evacuate Collection Set: 379.6ms
[2022-03-25T09:51:29.190+0000][69739.840s] GC(201)   Evacuate Collection Set: 1177.9ms
[2022-03-25T09:51:29.411+0000][69740.061s] GC(201)   Post Evacuate Collection Set: 274.1ms
[2022-03-25T09:51:29.512+0000][69740.162s] GC(201)   Other: 268.2ms
[2022-03-25T09:51:29.763+0000][69740.413s] GC(201) Eden regions: 109->0(23)
[2022-03-25T09:51:29.938+0000][69740.588s] GC(201) Survivor regions: 3->2(14)
[2022-03-25T09:51:30.025+0000][69740.675s] GC(201) Old regions: 215->215
[2022-03-25T09:51:30.155+0000][69740.805s] GC(201) Humongous regions: 7->7
[2022-03-25T09:51:30.257+0000][69740.907s] GC(201) Metaspace: 59974K->59974K(1103872K)
[2022-03-25T09:51:30.366+0000][69741.017s] GC(201) Pause Young (Normal) (G1 Evacuation Pause) 331M->222M(512M) 3519.694ms
[2022-03-25T09:51:30.397+0000][69741.047s] GC(201) User=0.70s Sys=0.51s Real=3.55s
[2022-03-25T09:51:40.895+0000][69751.546s] GC(202) Pause Young (Normal) (G1 Evacuation Pause)
[2022-03-25T09:51:41.082+0000][69751.732s] GC(202) Using 4 workers of 4 for evacuation
[2022-03-25T09:51:41.415+0000][69752.065s] GC(202) MMU target violated: 251.0ms (250.0ms/251.0ms)
[2022-03-25T09:51:41.431+0000][69752.082s] GC(202)   Pre Evacuate Collection Set: 0.1ms
[2022-03-25T09:51:41.435+0000][69752.085s] GC(202)   Evacuate Collection Set: 235.7ms
[2022-03-25T09:51:41.439+0000][69752.090s] GC(202)   Post Evacuate Collection Set: 40.6ms
[2022-03-25T09:51:41.440+0000][69752.090s] GC(202)   Other: 259.8ms
[2022-03-25T09:51:41.442+0000][69752.092s] GC(202) Eden regions: 23->0(22)
[2022-03-25T09:51:41.448+0000][69752.098s] GC(202) Survivor regions: 2->3(4)
[2022-03-25T09:51:41.459+0000][69752.109s] GC(202) Old regions: 215->215
[2022-03-25T09:51:41.464+0000][69752.114s] GC(202) Humongous regions: 7->7
[2022-03-25T09:51:41.468+0000][69752.119s] GC(202) Metaspace: 59974K->59974K(1103872K)
[2022-03-25T09:51:41.471+0000][69752.121s] GC(202) Pause Young (Normal) (G1 Evacuation Pause) 245M->222M(512M) 575.117ms
[2022-03-25T09:51:41.471+0000][69752.122s] GC(202) User=0.19s Sys=0.07s Real=0.58s
[2022-03-25T09:51:45.443+0000][69756.093s] GC(203) Pause Young (Normal) (G1 Evacuation Pause)
[2022-03-25T09:51:45.602+0000][69756.253s] GC(203) Using 4 workers of 4 for evacuation
[2022-03-25T09:51:46.240+0000][69756.890s] GC(203) MMU target violated: 251.0ms (250.0ms/251.0ms)
[2022-03-25T09:51:46.342+0000][69756.992s] GC(203)   Pre Evacuate Collection Set: 0.0ms
[2022-03-25T09:51:46.388+0000][69757.038s] GC(203)   Evacuate Collection Set: 402.7ms
[2022-03-25T09:51:46.409+0000][69757.060s] GC(203)   Post Evacuate Collection Set: 8.2ms
[2022-03-25T09:51:46.411+0000][69757.061s] GC(203)   Other: 487.8ms
[2022-03-25T09:51:46.421+0000][69757.071s] GC(203) Eden regions: 22->0(23)
[2022-03-25T09:51:46.436+0000][69757.086s] GC(203) Survivor regions: 3->2(4)
[2022-03-25T09:51:46.468+0000][69757.118s] GC(203) Old regions: 215->215
[2022-03-25T09:51:46.492+0000][69757.142s] GC(203) Humongous regions: 7->7
[2022-03-25T09:51:46.516+0000][69757.167s] GC(203) Metaspace: 59974K->59974K(1103872K)
[2022-03-25T09:51:46.554+0000][69757.205s] GC(203) Pause Young (Normal) (G1 Evacuation Pause) 244M->222M(512M) 1111.332ms
[2022-03-25T09:51:46.631+0000][69757.281s] GC(203) User=0.16s Sys=0.08s Real=1.19s
[2022-03-25T09:51:49.377+0000][69760.027s] GC(204) Pause Young (Normal) (G1 Evacuation Pause)
[2022-03-25T09:51:49.499+0000][69760.149s] GC(204) Using 4 workers of 4 for evacuation
[2022-03-25T09:51:49.885+0000][69760.535s] GC(204) MMU target violated: 251.0ms (250.0ms/251.0ms)
[2022-03-25T09:51:49.970+0000][69760.621s] GC(204)   Pre Evacuate Collection Set: 0.0ms
[2022-03-25T09:51:50.162+0000][69760.813s] GC(204)   Evacuate Collection Set: 262.1ms
[2022-03-25T09:51:50.479+0000][69761.129s] GC(204)   Post Evacuate Collection Set: 0.4ms
[2022-03-25T09:51:50.625+0000][69761.275s] GC(204)   Other: 330.8ms
[2022-03-25T09:51:50.717+0000][69761.367s] GC(204) Eden regions: 23->0(23)
[2022-03-25T09:51:50.822+0000][69761.472s] GC(204) Survivor regions: 2->2(4)
[2022-03-25T09:51:50.937+0000][69761.587s] GC(204) Old regions: 215->215
[2022-03-25T09:51:51.044+0000][69761.694s] GC(204) Humongous regions: 7->7
[2022-03-25T09:51:51.300+0000][69761.950s] GC(204) Metaspace: 59974K->59974K(1103872K)
[2022-03-25T09:51:51.368+0000][69762.018s] GC(204) Pause Young (Normal) (G1 Evacuation Pause) 245M->222M(512M) 1990.538ms
[2022-03-25T09:51:51.424+0000][69762.075s] GC(204) User=0.15s Sys=0.15s Real=2.05s
[2022-03-25T09:51:56.606+0000][69767.256s] GC(205) Pause Young (Normal) (G1 Evacuation Pause)
[2022-03-25T09:51:56.719+0000][69767.369s] GC(205) Using 4 workers of 4 for evacuation
[2022-03-25T09:51:57.540+0000][69768.190s] GC(205) MMU target violated: 251.0ms (250.0ms/251.0ms)
[2022-03-25T09:51:57.742+0000][69768.392s] GC(205)   Pre Evacuate Collection Set: 0.1ms
[2022-03-25T09:51:57.782+0000][69768.432s] GC(205)   Evacuate Collection Set: 641.4ms
[2022-03-25T09:51:57.957+0000][69768.607s] GC(205)   Post Evacuate Collection Set: 0.6ms
[2022-03-25T09:51:58.053+0000][69768.703s] GC(205)   Other: 494.1ms
[2022-03-25T09:51:58.169+0000][69768.820s] GC(205) Eden regions: 23->0(23)
[2022-03-25T09:51:58.218+0000][69768.869s] GC(205) Survivor regions: 2->2(4)
[2022-03-25T09:51:58.234+0000][69768.884s] GC(205) Old regions: 215->216
[2022-03-25T09:51:58.241+0000][69768.892s] GC(205) Humongous regions: 7->7
[2022-03-25T09:51:58.256+0000][69768.906s] GC(205) Metaspace: 59974K->59974K(1103872K)
[2022-03-25T09:51:58.257+0000][69768.907s] GC(205) Pause Young (Normal) (G1 Evacuation Pause) 245M->222M(512M) 1651.203ms
[2022-03-25T09:51:58.258+0000][69768.908s] GC(205) User=0.22s Sys=0.15s Real=1.65s
[2022-03-25T09:52:00.101+0000][69770.751s] GC(206) Pause Young (Normal) (G1 Evacuation Pause)
[2022-03-25T09:52:00.232+0000][69770.882s] GC(206) Using 4 workers of 4 for evacuation
[2022-03-25T09:52:00.738+0000][69771.388s] GC(206) MMU target violated: 251.0ms (250.0ms/251.0ms)
[2022-03-25T09:52:00.863+0000][69771.513s] GC(206)   Pre Evacuate Collection Set: 0.0ms
[2022-03-25T09:52:00.947+0000][69771.598s] GC(206)   Evacuate Collection Set: 351.8ms
[2022-03-25T09:52:01.173+0000][69771.823s] GC(206)   Post Evacuate Collection Set: 0.3ms
[2022-03-25T09:52:01.313+0000][69771.963s] GC(206)   Other: 410.4ms
[2022-03-25T09:52:01.318+0000][69771.968s] GC(206) Eden regions: 23->0(23)
[2022-03-25T09:52:01.329+0000][69771.979s] GC(206) Survivor regions: 2->2(4)
[2022-03-25T09:52:01.402+0000][69772.053s] GC(206) Old regions: 216->216
[2022-03-25T09:52:01.451+0000][69772.101s] GC(206) Humongous regions: 7->7
[2022-03-25T09:52:01.467+0000][69772.118s] GC(206) Metaspace: 59974K->59974K(1103872K)
[2022-03-25T09:52:01.518+0000][69772.168s] GC(206) Pause Young (Normal) (G1 Evacuation Pause) 245M->222M(512M) 1417.487ms
[2022-03-25T09:52:01.537+0000][69772.187s] GC(206) User=0.03s Sys=0.03s Real=1.44s
[2022-03-25T09:52:03.272+0000][69773.922s] GC(207) Pause Young (Normal) (G1 Evacuation Pause)
[2022-03-25T09:52:03.280+0000][69773.930s] GC(207) Using 4 workers of 4 for evacuation
[2022-03-25T09:52:03.387+0000][69774.037s] GC(207)   Pre Evacuate Collection Set: 0.0ms
[2022-03-25T09:52:03.417+0000][69774.068s] GC(207)   Evacuate Collection Set: 93.2ms
[2022-03-25T09:52:03.423+0000][69774.073s] GC(207)   Post Evacuate Collection Set: 0.6ms
[2022-03-25T09:52:03.437+0000][69774.087s] GC(207)   Other: 21.5ms
[2022-03-25T09:52:03.439+0000][69774.089s] GC(207) Eden regions: 23->0(23)
[2022-03-25T09:52:03.446+0000][69774.096s] GC(207) Survivor regions: 2->2(4)
[2022-03-25T09:52:03.460+0000][69774.110s] GC(207) Old regions: 216->216
[2022-03-25T09:52:03.493+0000][69774.143s] GC(207) Humongous regions: 7->7
[2022-03-25T09:52:03.512+0000][69774.162s] GC(207) Metaspace: 59974K->59974K(1103872K)
[2022-03-25T09:52:03.527+0000][69774.177s] GC(207) Pause Young (Normal) (G1 Evacuation Pause) 245M->222M(512M) 254.768ms
[2022-03-25T09:52:03.530+0000][69774.181s] GC(207) User=0.01s Sys=0.01s Real=0.26s
[2022-03-25T09:52:04.841+0000][69775.492s] GC(208) Pause Young (Normal) (G1 Evacuation Pause)
[2022-03-25T09:52:04.864+0000][69775.514s] GC(208) Using 4 workers of 4 for evacuation
[2022-03-25T09:52:05.274+0000][69775.925s] GC(208) MMU target violated: 251.0ms (250.0ms/251.0ms)
[2022-03-25T09:52:05.388+0000][69776.039s] GC(208)   Pre Evacuate Collection Set: 0.0ms
[2022-03-25T09:52:05.628+0000][69776.279s] GC(208)   Evacuate Collection Set: 273.1ms
[2022-03-25T09:52:05.709+0000][69776.360s] GC(208)   Post Evacuate Collection Set: 10.5ms
[2022-03-25T09:52:05.808+0000][69776.458s] GC(208)   Other: 263.5ms
[2022-03-25T09:52:05.924+0000][69776.575s] GC(208) Eden regions: 23->0(23)
[2022-03-25T09:52:05.959+0000][69776.610s] GC(208) Survivor regions: 2->2(4)
[2022-03-25T09:52:06.540+0000][69777.191s] GC(208) Old regions: 216->216
[2022-03-25T09:52:06.591+0000][69777.242s] GC(208) Humongous regions: 7->7
[2022-03-25T09:52:06.592+0000][69777.242s] GC(208) Metaspace: 59974K->59974K(1103872K)
[2022-03-25T09:52:06.592+0000][69777.243s] GC(208) Pause Young (Normal) (G1 Evacuation Pause) 245M->222M(512M) 1750.969ms
[2022-03-25T09:52:06.593+0000][69777.243s] GC(208) User=0.06s Sys=0.01s Real=1.75s
[2022-03-25T09:52:07.363+0000][69778.013s] GC(209) Pause Young (Normal) (G1 Evacuation Pause)
[2022-03-25T09:52:07.425+0000][69778.075s] GC(209) Using 4 workers of 4 for evacuation
[2022-03-25T09:52:07.731+0000][69778.381s] GC(209)   Pre Evacuate Collection Set: 0.0ms
[2022-03-25T09:52:07.849+0000][69778.499s] GC(209)   Evacuate Collection Set: 159.5ms
[2022-03-25T09:52:07.918+0000][69778.569s] GC(209)   Post Evacuate Collection Set: 17.0ms
[2022-03-25T09:52:07.964+0000][69778.615s] GC(209)   Other: 190.9ms
[2022-03-25T09:52:08.066+0000][69778.717s] GC(209) Eden regions: 23->0(24)
[2022-03-25T09:52:08.137+0000][69778.788s] GC(209) Survivor regions: 2->2(4)
[2022-03-25T09:52:08.199+0000][69778.849s] GC(209) Old regions: 216->216
[2022-03-25T09:52:08.343+0000][69778.994s] GC(209) Humongous regions: 7->7
[2022-03-25T09:52:08.390+0000][69779.040s] GC(209) Metaspace: 59974K->59974K(1103872K)
[2022-03-25T09:52:08.461+0000][69779.111s] GC(209) Pause Young (Normal) (G1 Evacuation Pause) 245M->223M(512M) 1097.876ms
[2022-03-25T09:52:08.487+0000][69779.138s] GC(209) User=0.13s Sys=0.01s Real=1.13s
[2022-03-25T09:52:09.959+0000][69780.610s] GC(210) Pause Young (Normal) (G1 Evacuation Pause)
[2022-03-25T09:52:10.023+0000][69780.674s] GC(210) Using 4 workers of 4 for evacuation
[2022-03-25T09:52:10.424+0000][69781.074s] GC(210) MMU target violated: 251.0ms (250.0ms/251.0ms)
[2022-03-25T09:52:10.439+0000][69781.089s] GC(210)   Pre Evacuate Collection Set: 0.0ms
[2022-03-25T09:52:10.471+0000][69781.121s] GC(210)   Evacuate Collection Set: 338.4ms
[2022-03-25T09:52:10.503+0000][69781.153s] GC(210)   Post Evacuate Collection Set: 0.5ms
[2022-03-25T09:52:10.519+0000][69781.169s] GC(210)   Other: 141.0ms
[2022-03-25T09:52:10.535+0000][69781.185s] GC(210) Eden regions: 24->0(25)
[2022-03-25T09:52:10.543+0000][69781.193s] GC(210) Survivor regions: 2->2(4)
[2022-03-25T09:52:10.551+0000][69781.201s] GC(210) Old regions: 216->216
[2022-03-25T09:52:10.582+0000][69781.232s] GC(210) Humongous regions: 7->7
[2022-03-25T09:52:10.611+0000][69781.261s] GC(210) Metaspace: 59976K->59976K(1103872K)
[2022-03-25T09:52:10.653+0000][69781.303s] GC(210) Pause Young (Normal) (G1 Evacuation Pause) 247M->223M(512M) 693.404ms
[2022-03-25T09:52:10.660+0000][69781.311s] GC(210) User=0.04s Sys=0.11s Real=0.70s
[2022-03-25T09:52:11.703+0000][69782.353s] GC(211) Pause Young (Normal) (G1 Evacuation Pause)
[2022-03-25T09:52:11.709+0000][69782.359s] GC(211) Using 4 workers of 4 for evacuation
[2022-03-25T09:52:11.812+0000][69782.462s] GC(211)   Pre Evacuate Collection Set: 0.0ms
[2022-03-25T09:52:11.819+0000][69782.470s] GC(211)   Evacuate Collection Set: 92.7ms
[2022-03-25T09:52:11.827+0000][69782.478s] GC(211)   Post Evacuate Collection Set: 0.4ms
[2022-03-25T09:52:11.831+0000][69782.481s] GC(211)   Other: 15.6ms
[2022-03-25T09:52:11.844+0000][69782.494s] GC(211) Eden regions: 25->0(28)
[2022-03-25T09:52:11.846+0000][69782.497s] GC(211) Survivor regions: 2->2(4)
[2022-03-25T09:52:11.847+0000][69782.497s] GC(211) Old regions: 216->217
[2022-03-25T09:52:11.856+0000][69782.506s] GC(211) Humongous regions: 7->7
[2022-03-25T09:52:11.861+0000][69782.511s] GC(211) Metaspace: 59976K->59976K(1103872K)
[2022-03-25T09:52:11.864+0000][69782.515s] GC(211) Pause Young (Normal) (G1 Evacuation Pause) 248M->223M(512M) 160.999ms
[2022-03-25T09:52:11.867+0000][69782.518s] GC(211) User=0.09s Sys=0.06s Real=0.17s
[2022-03-25T09:52:16.267+0000][69786.918s] GC(212) Pause Young (Normal) (G1 Evacuation Pause)
[2022-03-25T09:52:16.375+0000][69787.026s] GC(212) Using 4 workers of 4 for evacuation
[2022-03-25T09:52:16.892+0000][69787.542s] GC(212) MMU target violated: 251.0ms (250.0ms/251.0ms)
[2022-03-25T09:52:17.013+0000][69787.663s] GC(212)   Pre Evacuate Collection Set: 0.1ms
[2022-03-25T09:52:17.133+0000][69787.783s] GC(212)   Evacuate Collection Set: 364.6ms
[2022-03-25T09:52:17.227+0000][69787.877s] GC(212)   Post Evacuate Collection Set: 20.7ms
[2022-03-25T09:52:17.328+0000][69787.978s] GC(212)   Other: 360.5ms
[2022-03-25T09:52:17.329+0000][69787.979s] GC(212) Eden regions: 28->0(27)
[2022-03-25T09:52:17.329+0000][69787.979s] GC(212) Survivor regions: 2->2(4)
[2022-03-25T09:52:17.418+0000][69788.068s] GC(212) Old regions: 217->217
[2022-03-25T09:52:17.434+0000][69788.084s] GC(212) Humongous regions: 7->7
[2022-03-25T09:52:17.664+0000][69788.315s] GC(212) Metaspace: 59976K->59976K(1103872K)
[2022-03-25T09:52:17.878+0000][69788.528s] GC(212) Pause Young (Normal) (G1 Evacuation Pause) 251M->223M(512M) 1610.291ms
[2022-03-25T09:52:18.131+0000][69788.781s] GC(212) User=0.17s Sys=0.25s Real=1.78s
[2022-03-25T09:52:20.826+0000][69791.476s] GC(213) Pause Young (Normal) (G1 Evacuation Pause)
[2022-03-25T09:52:20.929+0000][69791.579s] GC(213) Using 4 workers of 4 for evacuation
[2022-03-25T09:52:21.146+0000][69791.797s] GC(213)   Pre Evacuate Collection Set: 0.0ms
[2022-03-25T09:52:21.265+0000][69791.915s] GC(213)   Evacuate Collection Set: 179.6ms
[2022-03-25T09:52:21.327+0000][69791.977s] GC(213)   Post Evacuate Collection Set: 0.4ms
[2022-03-25T09:52:21.385+0000][69792.035s] GC(213)   Other: 140.4ms
[2022-03-25T09:52:21.401+0000][69792.052s] GC(213) Eden regions: 27->0(28)
[2022-03-25T09:52:21.417+0000][69792.068s] GC(213) Survivor regions: 2->2(4)
[2022-03-25T09:52:21.432+0000][69792.082s] GC(213) Old regions: 217->217
[2022-03-25T09:52:21.441+0000][69792.091s] GC(213) Humongous regions: 7->7
[2022-03-25T09:52:21.475+0000][69792.126s] GC(213) Metaspace: 59976K->59976K(1103872K)
[2022-03-25T09:52:21.535+0000][69792.185s] GC(213) Pause Young (Normal) (G1 Evacuation Pause) 250M->223M(512M) 709.319ms
[2022-03-25T09:52:21.587+0000][69792.237s] GC(213) User=0.08s Sys=0.02s Real=0.76s
[2022-03-25T09:52:22.740+0000][69793.391s] GC(214) Pause Young (Normal) (G1 Evacuation Pause)
[2022-03-25T09:52:22.834+0000][69793.484s] GC(214) Using 4 workers of 4 for evacuation
[2022-03-25T09:52:23.362+0000][69794.012s] GC(214) MMU target violated: 251.0ms (250.0ms/251.0ms)
[2022-03-25T09:52:23.411+0000][69794.061s] GC(214)   Pre Evacuate Collection Set: 0.0ms
[2022-03-25T09:52:23.424+0000][69794.074s] GC(214)   Evacuate Collection Set: 449.8ms
[2022-03-25T09:52:23.480+0000][69794.130s] GC(214)   Post Evacuate Collection Set: 0.6ms
[2022-03-25T09:52:23.618+0000][69794.268s] GC(214)   Other: 220.1ms
[2022-03-25T09:52:23.699+0000][69794.349s] GC(214) Eden regions: 28->0(28)
[2022-03-25T09:52:23.873+0000][69794.523s] GC(214) Survivor regions: 2->2(4)
[2022-03-25T09:52:24.012+0000][69794.662s] GC(214) Old regions: 217->217
[2022-03-25T09:52:24.254+0000][69794.905s] GC(214) Humongous regions: 7->7
[2022-03-25T09:52:24.404+0000][69795.054s] GC(214) Metaspace: 59976K->59976K(1103872K)
[2022-03-25T09:52:24.627+0000][69795.278s] GC(214) Pause Young (Normal) (G1 Evacuation Pause) 251M->223M(512M) 1886.756ms
[2022-03-25T09:52:24.761+0000][69795.412s] GC(214) User=0.46s Sys=0.17s Real=2.03s
[2022-03-25T09:52:27.327+0000][69797.977s] GC(215) Pause Young (Normal) (G1 Evacuation Pause)
[2022-03-25T09:52:27.368+0000][69798.018s] GC(215) Using 4 workers of 4 for evacuation
[2022-03-25T09:52:27.474+0000][69798.124s] GC(215)   Pre Evacuate Collection Set: 0.1ms
[2022-03-25T09:52:27.741+0000][69798.391s] GC(215)   Evacuate Collection Set: 65.3ms
[2022-03-25T09:52:27.815+0000][69798.466s] GC(215)   Post Evacuate Collection Set: 0.4ms
[2022-03-25T09:52:27.885+0000][69798.535s] GC(215)   Other: 81.3ms
[2022-03-25T09:52:27.943+0000][69798.593s] GC(215) Eden regions: 28->0(33)
[2022-03-25T09:52:28.086+0000][69798.737s] GC(215) Survivor regions: 2->2(4)
[2022-03-25T09:52:28.295+0000][69798.946s] GC(215) Old regions: 217->217
[2022-03-25T09:52:28.427+0000][69799.077s] GC(215) Humongous regions: 7->7
[2022-03-25T09:52:28.520+0000][69799.170s] GC(215) Metaspace: 59976K->59976K(1103872K)
[2022-03-25T09:52:28.589+0000][69799.239s] GC(215) Pause Young (Normal) (G1 Evacuation Pause) 251M->223M(512M) 1262.042ms
[2022-03-25T09:52:28.669+0000][69799.319s] GC(215) User=0.11s Sys=0.09s Real=1.34s
[2022-03-25T09:52:33.919+0000][69804.569s] GC(216) Pause Young (Normal) (G1 Evacuation Pause)
[2022-03-25T09:52:34.060+0000][69804.710s] GC(216) Using 4 workers of 4 for evacuation
[2022-03-25T09:52:34.753+0000][69805.404s] GC(216) MMU target violated: 251.0ms (250.0ms/251.0ms)
[2022-03-25T09:52:34.803+0000][69805.453s] GC(216)   Pre Evacuate Collection Set: 0.0ms
[2022-03-25T09:52:34.837+0000][69805.487s] GC(216)   Evacuate Collection Set: 625.2ms
[2022-03-25T09:52:34.887+0000][69805.537s] GC(216)   Post Evacuate Collection Set: 1.1ms
[2022-03-25T09:52:34.922+0000][69805.572s] GC(216)   Other: 257.5ms
[2022-03-25T09:52:34.956+0000][69805.606s] GC(216) Eden regions: 33->0(23)
[2022-03-25T09:52:35.027+0000][69805.678s] GC(216) Survivor regions: 2->2(5)
[2022-03-25T09:52:35.114+0000][69805.764s] GC(216) Old regions: 217->217
[2022-03-25T09:52:35.195+0000][69805.846s] GC(216) Humongous regions: 7->7
[2022-03-25T09:52:35.264+0000][69805.915s] GC(216) Metaspace: 59976K->59976K(1103872K)
[2022-03-25T09:52:35.336+0000][69805.987s] GC(216) Pause Young (Normal) (G1 Evacuation Pause) 256M->223M(512M) 1417.692ms
[2022-03-25T09:52:35.380+0000][69806.030s] GC(216) User=0.48s Sys=0.29s Real=1.46s
[2022-03-25T09:52:36.559+0000][69807.210s] GC(217) Pause Young (Normal) (G1 Evacuation Pause)
[2022-03-25T09:52:36.705+0000][69807.355s] GC(217) Using 4 workers of 4 for evacuation
[2022-03-25T09:52:37.217+0000][69807.868s] GC(217) MMU target violated: 251.0ms (250.0ms/251.0ms)
[2022-03-25T09:52:37.319+0000][69807.970s] GC(217)   Pre Evacuate Collection Set: 0.1ms
[2022-03-25T09:52:37.389+0000][69808.039s] GC(217)   Evacuate Collection Set: 450.0ms
[2022-03-25T09:52:37.428+0000][69808.078s] GC(217)   Post Evacuate Collection Set: 0.4ms
[2022-03-25T09:52:37.467+0000][69808.118s] GC(217)   Other: 309.7ms
[2022-03-25T09:52:37.563+0000][69808.213s] GC(217) Eden regions: 23->0(24)
[2022-03-25T09:52:37.699+0000][69808.349s] GC(217) Survivor regions: 2->2(4)
[2022-03-25T09:52:37.801+0000][69808.452s] GC(217) Old regions: 217->217
[2022-03-25T09:52:37.857+0000][69808.508s] GC(217) Humongous regions: 7->7
[2022-03-25T09:52:37.930+0000][69808.580s] GC(217) Metaspace: 59976K->59976K(1103872K)
[2022-03-25T09:52:37.964+0000][69808.615s] GC(217) Pause Young (Normal) (G1 Evacuation Pause) 246M->223M(512M) 1405.065ms
[2022-03-25T09:52:38.013+0000][69808.664s] GC(217) User=0.06s Sys=0.08s Real=1.46s
[2022-03-25T09:52:39.051+0000][69809.701s] GC(218) Pause Young (Normal) (G1 Evacuation Pause)
[2022-03-25T09:52:39.112+0000][69809.762s] GC(218) Using 4 workers of 4 for evacuation
[2022-03-25T09:52:39.235+0000][69809.885s] GC(218)   Pre Evacuate Collection Set: 0.0ms
[2022-03-25T09:52:39.241+0000][69809.891s] GC(218)   Evacuate Collection Set: 73.4ms
[2022-03-25T09:52:39.257+0000][69809.907s] GC(218)   Post Evacuate Collection Set: 0.6ms
[2022-03-25T09:52:39.284+0000][69809.935s] GC(218)   Other: 110.1ms
[2022-03-25T09:52:39.472+0000][69810.122s] GC(218) Eden regions: 24->0(25)
[2022-03-25T09:52:39.519+0000][69810.169s] GC(218) Survivor regions: 2->2(4)
[2022-03-25T09:52:39.565+0000][69810.215s] GC(218) Old regions: 217->217
[2022-03-25T09:52:39.586+0000][69810.236s] GC(218) Humongous regions: 7->7
[2022-03-25T09:52:39.594+0000][69810.244s] GC(218) Metaspace: 59976K->59976K(1103872K)
[2022-03-25T09:52:39.618+0000][69810.268s] GC(218) Pause Young (Normal) (G1 Evacuation Pause) 247M->223M(512M) 566.774ms
[2022-03-25T09:52:39.652+0000][69810.302s] GC(218) User=0.05s Sys=0.09s Real=0.60s
[2022-03-25T09:52:40.825+0000][69811.475s] GC(219) Pause Young (Normal) (G1 Evacuation Pause)
[2022-03-25T09:52:40.888+0000][69811.539s] GC(219) Using 4 workers of 4 for evacuation
[2022-03-25T09:52:40.998+0000][69811.648s] GC(219)   Pre Evacuate Collection Set: 0.1ms
[2022-03-25T09:52:41.029+0000][69811.680s] GC(219)   Evacuate Collection Set: 63.6ms
[2022-03-25T09:52:41.045+0000][69811.695s] GC(219)   Post Evacuate Collection Set: 0.6ms
[2022-03-25T09:52:41.062+0000][69811.712s] GC(219)   Other: 108.7ms
[2022-03-25T09:52:41.077+0000][69811.727s] GC(219) Eden regions: 25->0(28)
[2022-03-25T09:52:41.080+0000][69811.730s] GC(219) Survivor regions: 2->2(4)
[2022-03-25T09:52:41.080+0000][69811.730s] GC(219) Old regions: 217->217
[2022-03-25T09:52:41.081+0000][69811.732s] GC(219) Humongous regions: 7->7
[2022-03-25T09:52:41.088+0000][69811.738s] GC(219) Metaspace: 59976K->59976K(1103872K)
[2022-03-25T09:52:41.100+0000][69811.750s] GC(219) Pause Young (Normal) (G1 Evacuation Pause) 248M->223M(512M) 274.535ms
[2022-03-25T09:52:41.109+0000][69811.759s] GC(219) User=0.01s Sys=0.02s Real=0.28s
[2022-03-25T09:52:46.212+0000][69816.863s] GC(220) Pause Young (Normal) (G1 Evacuation Pause)
[2022-03-25T09:52:46.228+0000][69816.878s] GC(220) Using 4 workers of 4 for evacuation
[2022-03-25T09:52:46.355+0000][69817.005s] GC(220)   Pre Evacuate Collection Set: 0.0ms
[2022-03-25T09:52:46.369+0000][69817.019s] GC(220)   Evacuate Collection Set: 113.6ms
[2022-03-25T09:52:46.390+0000][69817.040s] GC(220)   Post Evacuate Collection Set: 0.6ms
[2022-03-25T09:52:46.405+0000][69817.056s] GC(220)   Other: 28.4ms
[2022-03-25T09:52:46.413+0000][69817.063s] GC(220) Eden regions: 28->0(32)
[2022-03-25T09:52:46.426+0000][69817.076s] GC(220) Survivor regions: 2->2(4)
[2022-03-25T09:52:46.430+0000][69817.081s] GC(220) Old regions: 217->217
[2022-03-25T09:52:46.442+0000][69817.092s] GC(220) Humongous regions: 7->7
[2022-03-25T09:52:46.444+0000][69817.094s] GC(220) Metaspace: 59976K->59976K(1103872K)
[2022-03-25T09:52:46.450+0000][69817.100s] GC(220) Pause Young (Normal) (G1 Evacuation Pause) 251M->223M(512M) 237.784ms
[2022-03-25T09:52:46.478+0000][69817.128s] GC(220) User=0.03s Sys=0.02s Real=0.26s
[2022-03-25T09:52:51.661+0000][69822.311s] GC(221) Pause Young (Normal) (G1 Evacuation Pause)
[2022-03-25T09:52:51.662+0000][69822.312s] GC(221) Using 4 workers of 4 for evacuation
[2022-03-25T09:52:51.810+0000][69822.461s] GC(221)   Pre Evacuate Collection Set: 0.0ms
[2022-03-25T09:52:51.866+0000][69822.516s] GC(221)   Evacuate Collection Set: 147.3ms
[2022-03-25T09:52:52.077+0000][69822.728s] GC(221)   Post Evacuate Collection Set: 0.4ms
[2022-03-25T09:52:52.243+0000][69822.893s] GC(221)   Other: 1.6ms
[2022-03-25T09:52:52.326+0000][69822.976s] GC(221) Eden regions: 32->0(36)
[2022-03-25T09:52:52.357+0000][69823.008s] GC(221) Survivor regions: 2->2(5)
[2022-03-25T09:52:52.473+0000][69823.124s] GC(221) Old regions: 217->217
[2022-03-25T09:52:52.539+0000][69823.189s] GC(221) Humongous regions: 7->7
[2022-03-25T09:52:52.666+0000][69823.317s] GC(221) Metaspace: 59976K->59976K(1103872K)
[2022-03-25T09:52:52.876+0000][69823.527s] GC(221) Pause Young (Normal) (G1 Evacuation Pause) 255M->223M(512M) 1215.308ms
[2022-03-25T09:52:53.042+0000][69823.692s] GC(221) User=0.07s Sys=0.08s Real=1.38s
[2022-03-25T09:52:54.578+0000][69825.228s] GC(222) Pause Young (Normal) (G1 Evacuation Pause)
[2022-03-25T09:52:54.610+0000][69825.261s] GC(222) Using 4 workers of 4 for evacuation
[2022-03-25T09:52:55.344+0000][69825.994s] GC(222) MMU target violated: 251.0ms (250.0ms/251.0ms)
[2022-03-25T09:52:55.377+0000][69826.027s] GC(222)   Pre Evacuate Collection Set: 0.0ms
[2022-03-25T09:52:55.431+0000][69826.082s] GC(222)   Evacuate Collection Set: 612.8ms
[2022-03-25T09:52:55.455+0000][69826.106s] GC(222)   Post Evacuate Collection Set: 0.4ms
[2022-03-25T09:52:55.468+0000][69826.119s] GC(222)   Other: 185.6ms
[2022-03-25T09:52:55.491+0000][69826.141s] GC(222) Eden regions: 36->0(26)
[2022-03-25T09:52:55.497+0000][69826.147s] GC(222) Survivor regions: 2->2(5)
[2022-03-25T09:52:55.517+0000][69826.167s] GC(222) Old regions: 217->217
[2022-03-25T09:52:55.534+0000][69826.184s] GC(222) Humongous regions: 7->7
[2022-03-25T09:52:55.537+0000][69826.188s] GC(222) Metaspace: 59976K->59976K(1103872K)
[2022-03-25T09:52:55.549+0000][69826.199s] GC(222) Pause Young (Normal) (G1 Evacuation Pause) 259M->223M(512M) 970.649ms
[2022-03-25T09:52:55.552+0000][69826.202s] GC(222) User=0.33s Sys=0.14s Real=1.01s
[2022-03-25T09:52:56.809+0000][69827.459s] GC(223) Pause Young (Normal) (G1 Evacuation Pause)
[2022-03-25T09:52:56.823+0000][69827.474s] GC(223) Using 4 workers of 4 for evacuation
[2022-03-25T09:52:56.896+0000][69827.547s] GC(223)   Pre Evacuate Collection Set: 0.0ms
[2022-03-25T09:52:56.902+0000][69827.552s] GC(223)   Evacuate Collection Set: 51.5ms
[2022-03-25T09:52:56.924+0000][69827.574s] GC(223)   Post Evacuate Collection Set: 6.9ms
[2022-03-25T09:52:56.939+0000][69827.590s] GC(223)   Other: 28.8ms
[2022-03-25T09:52:56.940+0000][69827.590s] GC(223) Eden regions: 26->0(28)
[2022-03-25T09:52:56.951+0000][69827.601s] GC(223) Survivor regions: 2->2(4)
[2022-03-25T09:52:56.952+0000][69827.602s] GC(223) Old regions: 217->217
[2022-03-25T09:52:56.955+0000][69827.605s] GC(223) Humongous regions: 7->7
[2022-03-25T09:52:56.955+0000][69827.605s] GC(223) Metaspace: 59976K->59976K(1103872K)
[2022-03-25T09:52:56.956+0000][69827.606s] GC(223) Pause Young (Normal) (G1 Evacuation Pause) 249M->223M(512M) 146.627ms
[2022-03-25T09:52:56.957+0000][69827.607s] GC(223) User=0.08s Sys=0.00s Real=0.15s
[2022-03-25T09:53:05.898+0000][69836.548s] GC(224) Pause Young (Normal) (G1 Evacuation Pause)
[2022-03-25T09:53:05.912+0000][69836.563s] GC(224) Using 4 workers of 4 for evacuation
[2022-03-25T09:53:06.033+0000][69836.683s] GC(224)   Pre Evacuate Collection Set: 0.2ms
[2022-03-25T09:53:06.045+0000][69836.696s] GC(224)   Evacuate Collection Set: 117.2ms
[2022-03-25T09:53:06.061+0000][69836.711s] GC(224)   Post Evacuate Collection Set: 0.4ms
[2022-03-25T09:53:06.106+0000][69836.756s] GC(224)   Other: 17.4ms
[2022-03-25T09:53:06.114+0000][69836.764s] GC(224) Eden regions: 28->0(31)
[2022-03-25T09:53:06.118+0000][69836.768s] GC(224) Survivor regions: 2->2(4)
[2022-03-25T09:53:06.119+0000][69836.769s] GC(224) Old regions: 217->217
[2022-03-25T09:53:06.120+0000][69836.770s] GC(224) Humongous regions: 7->7
[2022-03-25T09:53:06.121+0000][69836.771s] GC(224) Metaspace: 59976K->59976K(1103872K)
[2022-03-25T09:53:06.122+0000][69836.772s] GC(224) Pause Young (Normal) (G1 Evacuation Pause) 251M->223M(512M) 224.150ms
[2022-03-25T09:53:06.130+0000][69836.780s] GC(224) User=0.02s Sys=0.03s Real=0.23s
[2022-03-25T09:53:08.264+0000][69838.915s] GC(225) Pause Young (Normal) (G1 Evacuation Pause)
[2022-03-25T09:53:08.278+0000][69838.929s] GC(225) Using 4 workers of 4 for evacuation
[2022-03-25T09:53:08.350+0000][69839.001s] GC(225)   Pre Evacuate Collection Set: 0.1ms
[2022-03-25T09:53:08.361+0000][69839.011s] GC(225)   Evacuate Collection Set: 61.7ms
[2022-03-25T09:53:08.370+0000][69839.020s] GC(225)   Post Evacuate Collection Set: 9.2ms
[2022-03-25T09:53:08.384+0000][69839.034s] GC(225)   Other: 15.1ms
[2022-03-25T09:53:08.386+0000][69839.036s] GC(225) Eden regions: 31->0(37)
[2022-03-25T09:53:08.387+0000][69839.037s] GC(225) Survivor regions: 2->2(5)
[2022-03-25T09:53:08.387+0000][69839.037s] GC(225) Old regions: 217->217
[2022-03-25T09:53:08.387+0000][69839.038s] GC(225) Humongous regions: 7->7
[2022-03-25T09:53:08.388+0000][69839.038s] GC(225) Metaspace: 59976K->59976K(1103872K)
[2022-03-25T09:53:08.388+0000][69839.038s] GC(225) Pause Young (Normal) (G1 Evacuation Pause) 254M->223M(512M) 123.692ms
[2022-03-25T09:53:08.388+0000][69839.038s] GC(225) User=0.04s Sys=0.02s Real=0.13s
[2022-03-25T09:53:09.500+0000][69840.150s] GC(226) Pause Young (Normal) (G1 Evacuation Pause)
[2022-03-25T09:53:09.501+0000][69840.152s] GC(226) Using 4 workers of 4 for evacuation
[2022-03-25T09:53:09.562+0000][69840.212s] GC(226)   Pre Evacuate Collection Set: 0.1ms
[2022-03-25T09:53:09.564+0000][69840.214s] GC(226)   Evacuate Collection Set: 55.1ms
[2022-03-25T09:53:09.565+0000][69840.215s] GC(226)   Post Evacuate Collection Set: 3.5ms
[2022-03-25T09:53:09.565+0000][69840.216s] GC(226)   Other: 3.9ms
[2022-03-25T09:53:09.566+0000][69840.216s] GC(226) Eden regions: 37->0(42)
[2022-03-25T09:53:09.566+0000][69840.216s] GC(226) Survivor regions: 2->2(5)
[2022-03-25T09:53:09.566+0000][69840.217s] GC(226) Old regions: 217->217
[2022-03-25T09:53:09.567+0000][69840.217s] GC(226) Humongous regions: 7->7
[2022-03-25T09:53:09.567+0000][69840.217s] GC(226) Metaspace: 59976K->59976K(1103872K)
[2022-03-25T09:53:09.567+0000][69840.218s] GC(226) Pause Young (Normal) (G1 Evacuation Pause) 260M->223M(512M) 67.863ms
[2022-03-25T09:53:09.568+0000][69840.218s] GC(226) User=0.06s Sys=0.00s Real=0.07s
[2022-03-25T09:53:11.482+0000][69842.132s] GC(227) Pause Young (Normal) (G1 Evacuation Pause)
[2022-03-25T09:53:11.487+0000][69842.138s] GC(227) Using 4 workers of 4 for evacuation
[2022-03-25T09:53:11.578+0000][69842.228s] GC(227)   Pre Evacuate Collection Set: 0.0ms
[2022-03-25T09:53:11.616+0000][69842.266s] GC(227)   Evacuate Collection Set: 84.3ms
[2022-03-25T09:53:11.619+0000][69842.269s] GC(227)   Post Evacuate Collection Set: 0.5ms
[2022-03-25T09:53:11.625+0000][69842.275s] GC(227)   Other: 11.2ms
[2022-03-25T09:53:11.626+0000][69842.276s] GC(227) Eden regions: 42->0(50)
[2022-03-25T09:53:11.626+0000][69842.276s] GC(227) Survivor regions: 2->2(6)
[2022-03-25T09:53:11.627+0000][69842.278s] GC(227) Old regions: 217->217
[2022-03-25T09:53:11.628+0000][69842.278s] GC(227) Humongous regions: 7->7
[2022-03-25T09:53:11.629+0000][69842.279s] GC(227) Metaspace: 59976K->59976K(1103872K)
[2022-03-25T09:53:11.636+0000][69842.287s] GC(227) Pause Young (Normal) (G1 Evacuation Pause) 265M->223M(512M) 154.141ms
[2022-03-25T09:53:11.649+0000][69842.299s] GC(227) User=0.08s Sys=0.05s Real=0.17s
[2022-03-25T09:53:12.564+0000][69843.215s] GC(228) Pause Young (Normal) (G1 Evacuation Pause)
[2022-03-25T09:53:12.578+0000][69843.228s] GC(228) Using 4 workers of 4 for evacuation
[2022-03-25T09:53:12.637+0000][69843.287s] GC(228)   Pre Evacuate Collection Set: 0.1ms
[2022-03-25T09:53:12.641+0000][69843.291s] GC(228)   Evacuate Collection Set: 39.8ms
[2022-03-25T09:53:12.649+0000][69843.300s] GC(228)   Post Evacuate Collection Set: 12.4ms
[2022-03-25T09:53:12.656+0000][69843.306s] GC(228)   Other: 20.2ms
[2022-03-25T09:53:12.663+0000][69843.313s] GC(228) Eden regions: 50->0(56)
[2022-03-25T09:53:12.671+0000][69843.321s] GC(228) Survivor regions: 2->1(7)
[2022-03-25T09:53:12.676+0000][69843.326s] GC(228) Old regions: 217->217
[2022-03-25T09:53:12.679+0000][69843.329s] GC(228) Humongous regions: 7->7
[2022-03-25T09:53:12.687+0000][69843.337s] GC(228) Metaspace: 59976K->59976K(1103872K)
[2022-03-25T09:53:12.694+0000][69843.344s] GC(228) Pause Young (Normal) (G1 Evacuation Pause) 273M->223M(512M) 129.333ms
[2022-03-25T09:53:12.703+0000][69843.353s] GC(228) User=0.04s Sys=0.01s Real=0.14s
[2022-03-25T09:53:15.065+0000][69845.715s] GC(229) Pause Young (Normal) (G1 Evacuation Pause)
[2022-03-25T09:53:15.067+0000][69845.717s] GC(229) Using 4 workers of 4 for evacuation
[2022-03-25T09:53:15.142+0000][69845.792s] GC(229)   Pre Evacuate Collection Set: 0.0ms
[2022-03-25T09:53:15.147+0000][69845.798s] GC(229)   Evacuate Collection Set: 73.1ms
[2022-03-25T09:53:15.148+0000][69845.799s] GC(229)   Post Evacuate Collection Set: 0.5ms
[2022-03-25T09:53:15.149+0000][69845.799s] GC(229)   Other: 3.7ms
[2022-03-25T09:53:15.149+0000][69845.800s] GC(229) Eden regions: 56->0(58)
[2022-03-25T09:53:15.150+0000][69845.800s] GC(229) Survivor regions: 1->1(8)
[2022-03-25T09:53:15.150+0000][69845.800s] GC(229) Old regions: 217->217
[2022-03-25T09:53:15.151+0000][69845.801s] GC(229) Humongous regions: 7->7
[2022-03-25T09:53:15.151+0000][69845.801s] GC(229) Metaspace: 59976K->59976K(1103872K)
[2022-03-25T09:53:15.152+0000][69845.802s] GC(229) Pause Young (Normal) (G1 Evacuation Pause) 279M->223M(512M) 86.846ms
[2022-03-25T09:53:15.153+0000][69845.803s] GC(229) User=0.03s Sys=0.02s Real=0.08s
[2022-03-25T09:53:17.660+0000][69848.310s] GC(230) Pause Young (Normal) (G1 Evacuation Pause)
[2022-03-25T09:53:17.663+0000][69848.313s] GC(230) Using 4 workers of 4 for evacuation
[2022-03-25T09:53:17.774+0000][69848.424s] GC(230)   Pre Evacuate Collection Set: 0.0ms
[2022-03-25T09:53:17.779+0000][69848.429s] GC(230)   Evacuate Collection Set: 108.1ms
[2022-03-25T09:53:17.780+0000][69848.430s] GC(230)   Post Evacuate Collection Set: 0.6ms
[2022-03-25T09:53:17.781+0000][69848.431s] GC(230)   Other: 5.3ms
[2022-03-25T09:53:17.781+0000][69848.431s] GC(230) Eden regions: 58->0(59)
[2022-03-25T09:53:17.781+0000][69848.431s] GC(230) Survivor regions: 1->1(8)
[2022-03-25T09:53:17.781+0000][69848.432s] GC(230) Old regions: 217->217
[2022-03-25T09:53:17.782+0000][69848.432s] GC(230) Humongous regions: 7->7
[2022-03-25T09:53:17.782+0000][69848.433s] GC(230) Metaspace: 59976K->59976K(1103872K)
[2022-03-25T09:53:17.783+0000][69848.433s] GC(230) Pause Young (Normal) (G1 Evacuation Pause) 281M->223M(512M) 122.801ms
[2022-03-25T09:53:17.784+0000][69848.434s] GC(230) User=0.05s Sys=0.04s Real=0.12s
[2022-03-25T09:53:19.537+0000][69850.187s] GC(231) Pause Young (Normal) (G1 Evacuation Pause)
[2022-03-25T09:53:19.537+0000][69850.188s] GC(231) Using 4 workers of 4 for evacuation
[2022-03-25T09:53:19.625+0000][69850.276s] GC(231)   Pre Evacuate Collection Set: 0.0ms
[2022-03-25T09:53:19.633+0000][69850.283s] GC(231)   Evacuate Collection Set: 73.2ms
[2022-03-25T09:53:19.634+0000][69850.284s] GC(231)   Post Evacuate Collection Set: 13.5ms
[2022-03-25T09:53:19.651+0000][69850.301s] GC(231)   Other: 3.1ms
[2022-03-25T09:53:19.653+0000][69850.304s] GC(231) Eden regions: 59->0(64)
[2022-03-25T09:53:19.657+0000][69850.307s] GC(231) Survivor regions: 1->1(8)
[2022-03-25T09:53:19.659+0000][69850.309s] GC(231) Old regions: 217->217
[2022-03-25T09:53:19.660+0000][69850.310s] GC(231) Humongous regions: 7->7
[2022-03-25T09:53:19.660+0000][69850.310s] GC(231) Metaspace: 59976K->59976K(1103872K)
[2022-03-25T09:53:19.660+0000][69850.311s] GC(231) Pause Young (Normal) (G1 Evacuation Pause) 282M->223M(512M) 123.478ms
[2022-03-25T09:53:19.661+0000][69850.311s] GC(231) User=0.10s Sys=0.04s Real=0.12s
[2022-03-25T09:53:24.077+0000][69854.728s] GC(232) Pause Young (Normal) (G1 Evacuation Pause)
[2022-03-25T09:53:24.084+0000][69854.734s] GC(232) Using 4 workers of 4 for evacuation
[2022-03-25T09:53:24.241+0000][69854.892s] GC(232)   Pre Evacuate Collection Set: 0.1ms
[2022-03-25T09:53:24.256+0000][69854.906s] GC(232)   Evacuate Collection Set: 144.7ms
[2022-03-25T09:53:24.273+0000][69854.923s] GC(232)   Post Evacuate Collection Set: 4.3ms
[2022-03-25T09:53:24.310+0000][69854.961s] GC(232)   Other: 14.7ms
[2022-03-25T09:53:24.326+0000][69854.976s] GC(232) Eden regions: 64->0(61)
[2022-03-25T09:53:24.327+0000][69854.977s] GC(232) Survivor regions: 1->1(9)
[2022-03-25T09:53:24.328+0000][69854.979s] GC(232) Old regions: 217->217
[2022-03-25T09:53:24.335+0000][69854.985s] GC(232) Humongous regions: 7->7
[2022-03-25T09:53:24.337+0000][69854.987s] GC(232) Metaspace: 59976K->59976K(1103872K)
[2022-03-25T09:53:24.352+0000][69855.002s] GC(232) Pause Young (Normal) (G1 Evacuation Pause) 287M->223M(512M) 274.673ms
[2022-03-25T09:53:24.355+0000][69855.006s] GC(232) User=0.23s Sys=0.06s Real=0.28s
[2022-03-25T09:53:28.412+0000][69859.063s] GC(233) Pause Young (Normal) (G1 Evacuation Pause)
[2022-03-25T09:53:28.432+0000][69859.082s] GC(233) Using 4 workers of 4 for evacuation
[2022-03-25T09:53:28.453+0000][69859.103s] GC(233)   Pre Evacuate Collection Set: 0.0ms
[2022-03-25T09:53:28.454+0000][69859.104s] GC(233)   Evacuate Collection Set: 18.1ms
[2022-03-25T09:53:28.456+0000][69859.106s] GC(233)   Post Evacuate Collection Set: 1.4ms
[2022-03-25T09:53:28.460+0000][69859.110s] GC(233)   Other: 20.9ms
[2022-03-25T09:53:28.468+0000][69859.118s] GC(233) Eden regions: 61->0(67)
[2022-03-25T09:53:28.471+0000][69859.121s] GC(233) Survivor regions: 1->1(8)
[2022-03-25T09:53:28.471+0000][69859.122s] GC(233) Old regions: 217->217
[2022-03-25T09:53:28.472+0000][69859.122s] GC(233) Humongous regions: 7->7
[2022-03-25T09:53:28.473+0000][69859.123s] GC(233) Metaspace: 59976K->59976K(1103872K)
[2022-03-25T09:53:28.474+0000][69859.125s] GC(233) Pause Young (Normal) (G1 Evacuation Pause) 284M->223M(512M) 62.050ms
[2022-03-25T09:53:28.476+0000][69859.126s] GC(233) User=0.02s Sys=0.01s Real=0.07s
[2022-03-25T09:53:32.518+0000][69863.168s] GC(234) Pause Young (Normal) (G1 Evacuation Pause)
[2022-03-25T09:53:32.520+0000][69863.170s] GC(234) Using 4 workers of 4 for evacuation
[2022-03-25T09:53:32.648+0000][69863.298s] GC(234)   Pre Evacuate Collection Set: 0.0ms
[2022-03-25T09:53:32.671+0000][69863.321s] GC(234)   Evacuate Collection Set: 125.6ms
[2022-03-25T09:53:32.671+0000][69863.322s] GC(234)   Post Evacuate Collection Set: 1.0ms
[2022-03-25T09:53:32.672+0000][69863.322s] GC(234)   Other: 3.6ms
[2022-03-25T09:53:32.672+0000][69863.322s] GC(234) Eden regions: 67->0(71)
[2022-03-25T09:53:32.673+0000][69863.323s] GC(234) Survivor regions: 1->1(9)
[2022-03-25T09:53:32.673+0000][69863.324s] GC(234) Old regions: 217->217
[2022-03-25T09:53:32.674+0000][69863.324s] GC(234) Humongous regions: 7->7
[2022-03-25T09:53:32.674+0000][69863.324s] GC(234) Metaspace: 59976K->59976K(1103872K)
[2022-03-25T09:53:32.675+0000][69863.325s] GC(234) Pause Young (Normal) (G1 Evacuation Pause) 290M->223M(512M) 156.950ms
[2022-03-25T09:53:32.675+0000][69863.325s] GC(234) User=0.05s Sys=0.02s Real=0.15s
[2022-03-25T09:53:34.670+0000][69865.320s] GC(235) Pause Young (Normal) (G1 Evacuation Pause)
[2022-03-25T09:53:34.685+0000][69865.336s] GC(235) Using 4 workers of 4 for evacuation
[2022-03-25T09:53:34.964+0000][69865.615s] GC(235) MMU target violated: 251.0ms (250.0ms/251.0ms)
[2022-03-25T09:53:34.967+0000][69865.617s] GC(235)   Pre Evacuate Collection Set: 0.0ms
[2022-03-25T09:53:34.968+0000][69865.618s] GC(235)   Evacuate Collection Set: 270.2ms
[2022-03-25T09:53:34.973+0000][69865.623s] GC(235)   Post Evacuate Collection Set: 0.7ms
[2022-03-25T09:53:34.985+0000][69865.635s] GC(235)   Other: 26.1ms
[2022-03-25T09:53:34.995+0000][69865.645s] GC(235) Eden regions: 71->0(71)
[2022-03-25T09:53:35.011+0000][69865.661s] GC(235) Survivor regions: 1->2(9)
[2022-03-25T09:53:35.026+0000][69865.677s] GC(235) Old regions: 217->217
[2022-03-25T09:53:35.034+0000][69865.685s] GC(235) Humongous regions: 7->7
[2022-03-25T09:53:35.067+0000][69865.717s] GC(235) Metaspace: 59978K->59978K(1103872K)
[2022-03-25T09:53:35.078+0000][69865.728s] GC(235) Pause Young (Normal) (G1 Evacuation Pause) 294M->223M(512M) 408.635ms
[2022-03-25T09:53:35.100+0000][69865.750s] GC(235) User=0.11s Sys=0.04s Real=0.42s
[2022-03-25T09:53:41.344+0000][69871.994s] GC(236) Pause Young (Normal) (G1 Evacuation Pause)
[2022-03-25T09:53:41.370+0000][69872.020s] GC(236) Using 4 workers of 4 for evacuation
[2022-03-25T09:53:41.445+0000][69872.096s] GC(236)   Pre Evacuate Collection Set: 0.0ms
[2022-03-25T09:53:41.465+0000][69872.115s] GC(236)   Evacuate Collection Set: 60.5ms
[2022-03-25T09:53:41.481+0000][69872.132s] GC(236)   Post Evacuate Collection Set: 3.8ms
[2022-03-25T09:53:41.511+0000][69872.161s] GC(236)   Other: 37.1ms
[2022-03-25T09:53:41.518+0000][69872.168s] GC(236) Eden regions: 71->0(76)
[2022-03-25T09:53:41.521+0000][69872.171s] GC(236) Survivor regions: 2->1(10)
[2022-03-25T09:53:41.524+0000][69872.174s] GC(236) Old regions: 217->217
[2022-03-25T09:53:41.527+0000][69872.177s] GC(236) Humongous regions: 7->7
[2022-03-25T09:53:41.530+0000][69872.180s] GC(236) Metaspace: 59978K->59978K(1103872K)
[2022-03-25T09:53:41.539+0000][69872.190s] GC(236) Pause Young (Normal) (G1 Evacuation Pause) 294M->223M(512M) 195.238ms
[2022-03-25T09:53:41.540+0000][69872.190s] GC(236) User=0.01s Sys=0.02s Real=0.20s
[2022-03-25T09:53:43.947+0000][69874.597s] GC(237) Pause Young (Normal) (G1 Evacuation Pause)
[2022-03-25T09:53:43.954+0000][69874.604s] GC(237) Using 4 workers of 4 for evacuation
[2022-03-25T09:53:44.092+0000][69874.743s] GC(237)   Pre Evacuate Collection Set: 0.1ms
[2022-03-25T09:53:44.098+0000][69874.748s] GC(237)   Evacuate Collection Set: 118.5ms
[2022-03-25T09:53:44.101+0000][69874.751s] GC(237)   Post Evacuate Collection Set: 16.7ms
[2022-03-25T09:53:44.102+0000][69874.752s] GC(237)   Other: 10.1ms
[2022-03-25T09:53:44.103+0000][69874.753s] GC(237) Eden regions: 76->0(78)
[2022-03-25T09:53:44.103+0000][69874.753s] GC(237) Survivor regions: 1->2(10)
[2022-03-25T09:53:44.103+0000][69874.754s] GC(237) Old regions: 217->217
[2022-03-25T09:53:44.104+0000][69874.754s] GC(237) Humongous regions: 7->7
[2022-03-25T09:53:44.105+0000][69874.755s] GC(237) Metaspace: 59978K->59978K(1103872K)
[2022-03-25T09:53:44.106+0000][69874.756s] GC(237) Pause Young (Normal) (G1 Evacuation Pause) 299M->223M(512M) 158.632ms
[2022-03-25T09:53:44.106+0000][69874.756s] GC(237) User=0.07s Sys=0.02s Real=0.16s
[2022-03-25T09:53:46.723+0000][69877.373s] GC(238) Pause Young (Normal) (G1 Evacuation Pause)
[2022-03-25T09:53:46.732+0000][69877.383s] GC(238) Using 4 workers of 4 for evacuation
[2022-03-25T09:53:47.037+0000][69877.687s] GC(238) MMU target violated: 251.0ms (250.0ms/251.0ms)
[2022-03-25T09:53:47.046+0000][69877.696s] GC(238)   Pre Evacuate Collection Set: 0.0ms
[2022-03-25T09:53:47.069+0000][69877.719s] GC(238)   Evacuate Collection Set: 287.5ms
[2022-03-25T09:53:47.071+0000][69877.721s] GC(238)   Post Evacuate Collection Set: 0.6ms
[2022-03-25T09:53:47.073+0000][69877.723s] GC(238)   Other: 34.4ms
[2022-03-25T09:53:47.082+0000][69877.732s] GC(238) Eden regions: 78->0(77)
[2022-03-25T09:53:47.088+0000][69877.738s] GC(238) Survivor regions: 2->2(10)
[2022-03-25T09:53:47.089+0000][69877.739s] GC(238) Old regions: 217->217
[2022-03-25T09:53:47.098+0000][69877.748s] GC(238) Humongous regions: 7->7
[2022-03-25T09:53:47.100+0000][69877.751s] GC(238) Metaspace: 59978K->59978K(1103872K)
[2022-03-25T09:53:47.102+0000][69877.752s] GC(238) Pause Young (Normal) (G1 Evacuation Pause) 301M->223M(512M) 378.514ms
[2022-03-25T09:53:47.104+0000][69877.754s] GC(238) User=0.16s Sys=0.07s Real=0.38s
[2022-03-25T09:53:51.210+0000][69881.860s] GC(239) Pause Young (Normal) (G1 Evacuation Pause)
[2022-03-25T09:53:51.220+0000][69881.870s] GC(239) Using 4 workers of 4 for evacuation
[2022-03-25T09:53:51.292+0000][69881.942s] GC(239)   Pre Evacuate Collection Set: 0.0ms
[2022-03-25T09:53:51.297+0000][69881.947s] GC(239)   Evacuate Collection Set: 54.5ms
[2022-03-25T09:53:51.304+0000][69881.954s] GC(239)   Post Evacuate Collection Set: 1.7ms
[2022-03-25T09:53:51.308+0000][69881.958s] GC(239)   Other: 25.0ms
[2022-03-25T09:53:51.309+0000][69881.960s] GC(239) Eden regions: 77->0(82)
[2022-03-25T09:53:51.310+0000][69881.960s] GC(239) Survivor regions: 2->1(10)
[2022-03-25T09:53:51.310+0000][69881.961s] GC(239) Old regions: 217->217
[2022-03-25T09:53:51.311+0000][69881.961s] GC(239) Humongous regions: 7->7
[2022-03-25T09:53:51.311+0000][69881.961s] GC(239) Metaspace: 59978K->59978K(1103872K)
[2022-03-25T09:53:51.311+0000][69881.961s] GC(239) Pause Young (Normal) (G1 Evacuation Pause) 300M->223M(512M) 100.996ms
[2022-03-25T09:53:51.312+0000][69881.962s] GC(239) User=0.01s Sys=0.03s Real=0.10s
[2022-03-25T09:53:59.151+0000][69889.801s] GC(240) Pause Young (Normal) (G1 Evacuation Pause)
[2022-03-25T09:53:59.156+0000][69889.806s] GC(240) Using 4 workers of 4 for evacuation
[2022-03-25T09:53:59.348+0000][69889.999s] GC(240)   Pre Evacuate Collection Set: 0.2ms
[2022-03-25T09:53:59.350+0000][69890.000s] GC(240)   Evacuate Collection Set: 180.2ms
[2022-03-25T09:53:59.351+0000][69890.001s] GC(240)   Post Evacuate Collection Set: 4.9ms
[2022-03-25T09:53:59.351+0000][69890.001s] GC(240)   Other: 12.5ms
[2022-03-25T09:53:59.351+0000][69890.002s] GC(240) Eden regions: 82->0(83)
[2022-03-25T09:53:59.352+0000][69890.002s] GC(240) Survivor regions: 1->2(11)
[2022-03-25T09:53:59.352+0000][69890.003s] GC(240) Old regions: 217->217
[2022-03-25T09:53:59.353+0000][69890.003s] GC(240) Humongous regions: 7->7
[2022-03-25T09:53:59.353+0000][69890.003s] GC(240) Metaspace: 59978K->59978K(1103872K)
[2022-03-25T09:53:59.364+0000][69890.014s] GC(240) Pause Young (Normal) (G1 Evacuation Pause) 305M->223M(512M) 213.404ms
[2022-03-25T09:53:59.377+0000][69890.027s] GC(240) User=0.04s Sys=0.01s Real=0.23s
[2022-03-25T09:54:04.087+0000][69894.738s] GC(241) Pause Young (Normal) (G1 Evacuation Pause)
[2022-03-25T09:54:04.123+0000][69894.773s] GC(241) Using 4 workers of 4 for evacuation
[2022-03-25T09:54:04.353+0000][69895.004s] GC(241)   Pre Evacuate Collection Set: 0.0ms
[2022-03-25T09:54:04.360+0000][69895.011s] GC(241)   Evacuate Collection Set: 185.4ms
[2022-03-25T09:54:04.376+0000][69895.027s] GC(241)   Post Evacuate Collection Set: 0.7ms
[2022-03-25T09:54:04.385+0000][69895.036s] GC(241)   Other: 80.0ms
[2022-03-25T09:54:04.394+0000][69895.044s] GC(241) Eden regions: 83->0(85)
[2022-03-25T09:54:04.409+0000][69895.059s] GC(241) Survivor regions: 2->1(11)
[2022-03-25T09:54:04.441+0000][69895.091s] GC(241) Old regions: 217->217
[2022-03-25T09:54:04.448+0000][69895.098s] GC(241) Humongous regions: 7->7
[2022-03-25T09:54:04.456+0000][69895.107s] GC(241) Metaspace: 59978K->59978K(1103872K)
[2022-03-25T09:54:04.472+0000][69895.122s] GC(241) Pause Young (Normal) (G1 Evacuation Pause) 306M->223M(512M) 384.489ms
[2022-03-25T09:54:04.476+0000][69895.126s] GC(241) User=0.21s Sys=0.09s Real=0.39s
[2022-03-25T09:54:09.728+0000][69900.378s] GC(242) Pause Young (Normal) (G1 Evacuation Pause)
[2022-03-25T09:54:09.735+0000][69900.385s] GC(242) Using 4 workers of 4 for evacuation
[2022-03-25T09:54:09.935+0000][69900.586s] GC(242)   Pre Evacuate Collection Set: 0.0ms
[2022-03-25T09:54:09.937+0000][69900.587s] GC(242)   Evacuate Collection Set: 190.5ms
[2022-03-25T09:54:09.939+0000][69900.589s] GC(242)   Post Evacuate Collection Set: 1.0ms
[2022-03-25T09:54:09.941+0000][69900.591s] GC(242)   Other: 15.9ms
[2022-03-25T09:54:09.944+0000][69900.594s] GC(242) Eden regions: 85->0(88)
[2022-03-25T09:54:09.945+0000][69900.595s] GC(242) Survivor regions: 1->2(11)
[2022-03-25T09:54:09.947+0000][69900.597s] GC(242) Old regions: 217->217
[2022-03-25T09:54:09.948+0000][69900.598s] GC(242) Humongous regions: 7->7
[2022-03-25T09:54:09.950+0000][69900.601s] GC(242) Metaspace: 59978K->59978K(1103872K)
[2022-03-25T09:54:09.952+0000][69900.603s] GC(242) Pause Young (Normal) (G1 Evacuation Pause) 308M->223M(512M) 224.422ms
[2022-03-25T09:54:09.956+0000][69900.606s] GC(242) User=0.03s Sys=0.04s Real=0.23s
[2022-03-25T09:54:12.665+0000][69903.315s] GC(243) Pause Young (Normal) (G1 Evacuation Pause)
[2022-03-25T09:54:12.677+0000][69903.327s] GC(243) Using 4 workers of 4 for evacuation
[2022-03-25T09:54:12.788+0000][69903.438s] GC(243)   Pre Evacuate Collection Set: 0.0ms
[2022-03-25T09:54:12.789+0000][69903.439s] GC(243)   Evacuate Collection Set: 89.7ms
[2022-03-25T09:54:12.789+0000][69903.440s] GC(243)   Post Evacuate Collection Set: 9.7ms
[2022-03-25T09:54:12.801+0000][69903.452s] GC(243)   Other: 23.6ms
[2022-03-25T09:54:12.805+0000][69903.455s] GC(243) Eden regions: 88->0(94)
[2022-03-25T09:54:12.805+0000][69903.456s] GC(243) Survivor regions: 2->2(12)
[2022-03-25T09:54:12.806+0000][69903.456s] GC(243) Old regions: 217->217
[2022-03-25T09:54:12.807+0000][69903.457s] GC(243) Humongous regions: 7->7
[2022-03-25T09:54:12.815+0000][69903.466s] GC(243) Metaspace: 59979K->59979K(1103872K)
[2022-03-25T09:54:12.821+0000][69903.471s] GC(243) Pause Young (Normal) (G1 Evacuation Pause) 311M->223M(512M) 155.873ms
[2022-03-25T09:54:12.826+0000][69903.477s] GC(243) User=0.03s Sys=0.05s Real=0.17s
[2022-03-25T09:57:46.176+0000][70116.826s] GC(244) Pause Young (Normal) (G1 Evacuation Pause)
[2022-03-25T09:57:46.176+0000][70116.827s] GC(244) Using 4 workers of 4 for evacuation
[2022-03-25T09:57:46.283+0000][70116.933s] GC(244)   Pre Evacuate Collection Set: 25.2ms
[2022-03-25T09:57:46.284+0000][70116.934s] GC(244)   Evacuate Collection Set: 74.5ms
[2022-03-25T09:57:46.284+0000][70116.934s] GC(244)   Post Evacuate Collection Set: 5.3ms
[2022-03-25T09:57:46.284+0000][70116.934s] GC(244)   Other: 3.2ms
[2022-03-25T09:57:46.284+0000][70116.935s] GC(244) Eden regions: 94->0(101)
[2022-03-25T09:57:46.285+0000][70116.935s] GC(244) Survivor regions: 2->1(12)
[2022-03-25T09:57:46.285+0000][70116.935s] GC(244) Old regions: 217->218
[2022-03-25T09:57:46.285+0000][70116.935s] GC(244) Humongous regions: 7->7
[2022-03-25T09:57:46.285+0000][70116.935s] GC(244) Metaspace: 59979K->59979K(1103872K)
[2022-03-25T09:57:46.286+0000][70116.936s] GC(244) Pause Young (Normal) (G1 Evacuation Pause) 317M->223M(512M) 109.953ms
[2022-03-25T09:57:46.286+0000][70116.936s] GC(244) User=0.32s Sys=0.00s Real=0.11s
[2022-03-25T10:12:14.487+0000][70985.137s] GC(245) Pause Young (Normal) (G1 Evacuation Pause)
[2022-03-25T10:12:14.648+0000][70985.298s] GC(245) Using 4 workers of 4 for evacuation
[2022-03-25T10:12:17.442+0000][70988.092s] GC(245) MMU target violated: 251.0ms (250.0ms/251.0ms)
[2022-03-25T10:12:17.461+0000][70988.112s] GC(245)   Pre Evacuate Collection Set: 190.7ms
[2022-03-25T10:12:17.470+0000][70988.120s] GC(245)   Evacuate Collection Set: 2300.7ms
[2022-03-25T10:12:17.501+0000][70988.151s] GC(245)   Post Evacuate Collection Set: 63.0ms
[2022-03-25T10:12:17.567+0000][70988.217s] GC(245)   Other: 421.4ms
[2022-03-25T10:12:17.678+0000][70988.328s] GC(245) Eden regions: 101->0(23)
[2022-03-25T10:12:17.722+0000][70988.372s] GC(245) Survivor regions: 1->2(13)
[2022-03-25T10:12:17.802+0000][70988.452s] GC(245) Old regions: 218->218
[2022-03-25T10:12:17.850+0000][70988.501s] GC(245) Humongous regions: 7->7
[2022-03-25T10:12:17.896+0000][70988.546s] GC(245) Metaspace: 59979K->59979K(1103872K)
[2022-03-25T10:12:17.956+0000][70988.606s] GC(245) Pause Young (Normal) (G1 Evacuation Pause) 324M->223M(512M) 3469.366ms
[2022-03-25T10:12:17.987+0000][70988.638s] GC(245) User=1.78s Sys=1.21s Real=3.51s
[2022-03-25T10:12:48.192+0000][71018.842s] GC(246) Pause Young (Normal) (G1 Evacuation Pause)
[2022-03-25T10:12:48.551+0000][71019.202s] GC(246) Using 4 workers of 4 for evacuation
[2022-03-25T10:12:49.597+0000][71020.247s] GC(246) MMU target violated: 251.0ms (250.0ms/251.0ms)
[2022-03-25T10:12:49.689+0000][71020.339s] GC(246)   Pre Evacuate Collection Set: 0.1ms
[2022-03-25T10:12:49.817+0000][71020.468s] GC(246)   Evacuate Collection Set: 788.8ms
[2022-03-25T10:12:49.961+0000][71020.611s] GC(246)   Post Evacuate Collection Set: 131.7ms
[2022-03-25T10:12:50.003+0000][71020.653s] GC(246)   Other: 576.3ms
[2022-03-25T10:12:50.035+0000][71020.685s] GC(246) Eden regions: 23->0(23)
[2022-03-25T10:12:50.149+0000][71020.799s] GC(246) Survivor regions: 2->2(4)
[2022-03-25T10:12:50.273+0000][71020.923s] GC(246) Old regions: 218->218
[2022-03-25T10:12:50.401+0000][71021.051s] GC(246) Humongous regions: 7->7
[2022-03-25T10:12:50.447+0000][71021.097s] GC(246) Metaspace: 59979K->59979K(1103872K)
[2022-03-25T10:12:50.453+0000][71021.103s] GC(246) Pause Young (Normal) (G1 Evacuation Pause) 246M->223M(512M) 2260.709ms
[2022-03-25T10:12:50.461+0000][71021.111s] GC(246) User=0.16s Sys=0.09s Real=2.37s
[2022-03-25T10:12:53.765+0000][71024.415s] GC(247) Pause Young (Normal) (G1 Evacuation Pause)
[2022-03-25T10:12:53.859+0000][71024.509s] GC(247) Using 4 workers of 4 for evacuation
[2022-03-25T10:12:54.375+0000][71025.025s] GC(247) MMU target violated: 251.0ms (250.0ms/251.0ms)
[2022-03-25T10:12:54.382+0000][71025.032s] GC(247)   Pre Evacuate Collection Set: 0.1ms
[2022-03-25T10:12:54.383+0000][71025.033s] GC(247)   Evacuate Collection Set: 344.6ms
[2022-03-25T10:12:54.383+0000][71025.033s] GC(247)   Post Evacuate Collection Set: 0.7ms
[2022-03-25T10:12:54.384+0000][71025.034s] GC(247)   Other: 271.6ms
[2022-03-25T10:12:54.384+0000][71025.034s] GC(247) Eden regions: 23->0(23)
[2022-03-25T10:12:54.384+0000][71025.035s] GC(247) Survivor regions: 2->2(4)
[2022-03-25T10:12:54.385+0000][71025.035s] GC(247) Old regions: 218->218
[2022-03-25T10:12:54.385+0000][71025.035s] GC(247) Humongous regions: 7->7
[2022-03-25T10:12:54.386+0000][71025.037s] GC(247) Metaspace: 59979K->59979K(1103872K)
[2022-03-25T10:12:54.387+0000][71025.037s] GC(247) Pause Young (Normal) (G1 Evacuation Pause) 246M->223M(512M) 622.206ms
[2022-03-25T10:12:54.387+0000][71025.038s] GC(247) User=0.43s Sys=0.19s Real=0.62s
[2022-03-25T10:12:59.911+0000][71030.561s] GC(248) Pause Young (Normal) (G1 Evacuation Pause)
[2022-03-25T10:12:59.957+0000][71030.607s] GC(248) Using 4 workers of 4 for evacuation
[2022-03-25T10:13:00.003+0000][71030.653s] GC(248)   Pre Evacuate Collection Set: 0.0ms
[2022-03-25T10:13:00.113+0000][71030.763s] GC(248)   Evacuate Collection Set: 26.1ms
[2022-03-25T10:13:00.286+0000][71030.937s] GC(248)   Post Evacuate Collection Set: 4.9ms
[2022-03-25T10:13:00.380+0000][71031.030s] GC(248)   Other: 61.1ms
[2022-03-25T10:13:00.390+0000][71031.040s] GC(248) Eden regions: 23->0(27)
[2022-03-25T10:13:00.396+0000][71031.047s] GC(248) Survivor regions: 2->2(4)
[2022-03-25T10:13:00.413+0000][71031.063s] GC(248) Old regions: 218->218
[2022-03-25T10:13:00.436+0000][71031.086s] GC(248) Humongous regions: 7->7
[2022-03-25T10:13:00.461+0000][71031.111s] GC(248) Metaspace: 59979K->59979K(1103872K)
[2022-03-25T10:13:00.487+0000][71031.137s] GC(248) Pause Young (Normal) (G1 Evacuation Pause) 246M->223M(512M) 575.564ms
[2022-03-25T10:13:00.562+0000][71031.213s] GC(248) User=0.02s Sys=0.01s Real=0.65s
[2022-03-25T10:13:08.775+0000][71039.425s] GC(249) Pause Young (Normal) (G1 Evacuation Pause)
[2022-03-25T10:13:08.798+0000][71039.448s] GC(249) Using 4 workers of 4 for evacuation
[2022-03-25T10:13:09.016+0000][71039.667s] GC(249)   Pre Evacuate Collection Set: 0.0ms
[2022-03-25T10:13:09.043+0000][71039.693s] GC(249)   Evacuate Collection Set: 177.9ms
[2022-03-25T10:13:09.095+0000][71039.745s] GC(249)   Post Evacuate Collection Set: 2.1ms
[2022-03-25T10:13:09.131+0000][71039.781s] GC(249)   Other: 61.9ms
[2022-03-25T10:13:09.180+0000][71039.830s] GC(249) Eden regions: 27->0(32)
[2022-03-25T10:13:09.227+0000][71039.877s] GC(249) Survivor regions: 2->2(4)
[2022-03-25T10:13:09.450+0000][71040.100s] GC(249) Old regions: 218->218
[2022-03-25T10:13:09.538+0000][71040.188s] GC(249) Humongous regions: 7->7
[2022-03-25T10:13:09.598+0000][71040.248s] GC(249) Metaspace: 59979K->59979K(1103872K)
[2022-03-25T10:13:09.631+0000][71040.281s] GC(249) Pause Young (Normal) (G1 Evacuation Pause) 250M->223M(512M) 856.112ms
[2022-03-25T10:13:09.646+0000][71040.296s] GC(249) User=0.10s Sys=0.12s Real=0.87s
[2022-03-25T10:13:11.820+0000][71042.470s] GC(250) Pause Young (Normal) (G1 Evacuation Pause)
[2022-03-25T10:13:11.852+0000][71042.502s] GC(250) Using 4 workers of 4 for evacuation
[2022-03-25T10:13:12.031+0000][71042.682s] GC(250)   Pre Evacuate Collection Set: 0.0ms
[2022-03-25T10:13:12.111+0000][71042.762s] GC(250)   Evacuate Collection Set: 135.7ms
[2022-03-25T10:13:12.204+0000][71042.855s] GC(250)   Post Evacuate Collection Set: 0.6ms
[2022-03-25T10:13:12.262+0000][71042.912s] GC(250)   Other: 75.2ms
[2022-03-25T10:13:12.298+0000][71042.949s] GC(250) Eden regions: 32->0(38)
[2022-03-25T10:13:12.330+0000][71042.980s] GC(250) Survivor regions: 2->2(5)
[2022-03-25T10:13:12.349+0000][71042.999s] GC(250) Old regions: 218->218
[2022-03-25T10:13:12.366+0000][71043.016s] GC(250) Humongous regions: 7->7
[2022-03-25T10:13:12.408+0000][71043.059s] GC(250) Metaspace: 59979K->59979K(1103872K)
[2022-03-25T10:13:12.435+0000][71043.086s] GC(250) Pause Young (Normal) (G1 Evacuation Pause) 255M->223M(512M) 615.595ms
[2022-03-25T10:13:12.505+0000][71043.155s] GC(250) User=0.04s Sys=0.04s Real=0.69s
[2022-03-25T10:13:18.594+0000][71049.244s] GC(251) Pause Young (Normal) (G1 Evacuation Pause)
[2022-03-25T10:13:18.694+0000][71049.344s] GC(251) Using 4 workers of 4 for evacuation
[2022-03-25T10:13:19.359+0000][71050.009s] GC(251) MMU target violated: 251.0ms (250.0ms/251.0ms)
[2022-03-25T10:13:19.361+0000][71050.011s] GC(251)   Pre Evacuate Collection Set: 0.0ms
[2022-03-25T10:13:19.369+0000][71050.019s] GC(251)   Evacuate Collection Set: 618.3ms
[2022-03-25T10:13:19.391+0000][71050.041s] GC(251)   Post Evacuate Collection Set: 1.6ms
[2022-03-25T10:13:19.403+0000][71050.053s] GC(251)   Other: 147.2ms
[2022-03-25T10:13:19.438+0000][71050.089s] GC(251) Eden regions: 38->0(35)
[2022-03-25T10:13:19.526+0000][71050.176s] GC(251) Survivor regions: 2->2(5)
[2022-03-25T10:13:19.626+0000][71050.276s] GC(251) Old regions: 218->218
[2022-03-25T10:13:19.864+0000][71050.514s] GC(251) Humongous regions: 7->7
[2022-03-25T10:13:20.051+0000][71050.702s] GC(251) Metaspace: 59992K->59992K(1103872K)
[2022-03-25T10:13:20.197+0000][71050.847s] GC(251) Pause Young (Normal) (G1 Evacuation Pause) 261M->224M(512M) 1602.795ms
[2022-03-25T10:13:20.267+0000][71050.918s] GC(251) User=0.37s Sys=0.20s Real=1.67s
[2022-03-25T10:13:27.866+0000][71058.516s] GC(252) Pause Young (Normal) (G1 Evacuation Pause)
[2022-03-25T10:13:27.882+0000][71058.532s] GC(252) Using 4 workers of 4 for evacuation
[2022-03-25T10:13:28.516+0000][71059.166s] GC(252) MMU target violated: 251.0ms (250.0ms/251.0ms)
[2022-03-25T10:13:28.644+0000][71059.295s] GC(252)   Pre Evacuate Collection Set: 0.1ms
[2022-03-25T10:13:28.742+0000][71059.392s] GC(252)   Evacuate Collection Set: 619.5ms
[2022-03-25T10:13:28.784+0000][71059.435s] GC(252)   Post Evacuate Collection Set: 0.7ms
[2022-03-25T10:13:28.830+0000][71059.480s] GC(252)   Other: 157.9ms
[2022-03-25T10:13:28.864+0000][71059.514s] GC(252) Eden regions: 35->0(31)
[2022-03-25T10:13:28.896+0000][71059.546s] GC(252) Survivor regions: 2->2(5)
[2022-03-25T10:13:28.910+0000][71059.561s] GC(252) Old regions: 218->218
[2022-03-25T10:13:28.926+0000][71059.576s] GC(252) Humongous regions: 7->7
[2022-03-25T10:13:28.959+0000][71059.609s] GC(252) Metaspace: 59992K->59992K(1103872K)
[2022-03-25T10:13:29.098+0000][71059.748s] GC(252) Pause Young (Normal) (G1 Evacuation Pause) 259M->223M(512M) 1231.548ms
[2022-03-25T10:13:29.328+0000][71059.978s] GC(252) User=0.37s Sys=0.21s Real=1.47s
[2022-03-25T10:13:34.058+0000][71064.708s] GC(253) Pause Young (Normal) (G1 Evacuation Pause)
[2022-03-25T10:13:34.276+0000][71064.926s] GC(253) Using 4 workers of 4 for evacuation
[2022-03-25T10:13:34.485+0000][71065.136s] GC(253)   Pre Evacuate Collection Set: 0.0ms
[2022-03-25T10:13:34.530+0000][71065.180s] GC(253)   Evacuate Collection Set: 55.4ms
[2022-03-25T10:13:34.582+0000][71065.232s] GC(253)   Post Evacuate Collection Set: 0.9ms
[2022-03-25T10:13:34.646+0000][71065.296s] GC(253)   Other: 371.0ms
[2022-03-25T10:13:34.666+0000][71065.316s] GC(253) Eden regions: 31->0(37)
[2022-03-25T10:13:34.752+0000][71065.403s] GC(253) Survivor regions: 2->2(5)
[2022-03-25T10:13:34.800+0000][71065.450s] GC(253) Old regions: 218->218
[2022-03-25T10:13:34.892+0000][71065.542s] GC(253) Humongous regions: 7->7
[2022-03-25T10:13:35.005+0000][71065.655s] GC(253) Metaspace: 59992K->59992K(1103872K)
[2022-03-25T10:13:35.094+0000][71065.744s] GC(253) Pause Young (Normal) (G1 Evacuation Pause) 254M->223M(512M) 1036.020ms
[2022-03-25T10:13:35.156+0000][71065.807s] GC(253) User=0.03s Sys=0.04s Real=1.10s
[2022-03-25T10:13:37.936+0000][71068.586s] GC(254) Pause Young (Normal) (G1 Evacuation Pause)
[2022-03-25T10:13:37.979+0000][71068.629s] GC(254) Using 4 workers of 4 for evacuation
[2022-03-25T10:13:38.490+0000][71069.140s] GC(254) MMU target violated: 251.0ms (250.0ms/251.0ms)
[2022-03-25T10:13:38.538+0000][71069.188s] GC(254)   Pre Evacuate Collection Set: 0.0ms
[2022-03-25T10:13:38.560+0000][71069.211s] GC(254)   Evacuate Collection Set: 494.2ms
[2022-03-25T10:13:38.569+0000][71069.220s] GC(254)   Post Evacuate Collection Set: 0.9ms
[2022-03-25T10:13:38.596+0000][71069.246s] GC(254)   Other: 106.8ms
[2022-03-25T10:13:38.608+0000][71069.259s] GC(254) Eden regions: 37->0(37)
[2022-03-25T10:13:38.616+0000][71069.266s] GC(254) Survivor regions: 2->2(5)
[2022-03-25T10:13:38.626+0000][71069.276s] GC(254) Old regions: 218->218
[2022-03-25T10:13:38.635+0000][71069.285s] GC(254) Humongous regions: 7->7
[2022-03-25T10:13:38.640+0000][71069.290s] GC(254) Metaspace: 59992K->59992K(1103872K)
[2022-03-25T10:13:38.647+0000][71069.297s] GC(254) Pause Young (Normal) (G1 Evacuation Pause) 260M->223M(512M) 710.758ms
[2022-03-25T10:13:38.652+0000][71069.302s] GC(254) User=0.29s Sys=0.10s Real=0.72s
[2022-03-25T10:13:41.094+0000][71071.744s] GC(255) Pause Young (Normal) (G1 Evacuation Pause)
[2022-03-25T10:13:41.237+0000][71071.888s] GC(255) Using 4 workers of 4 for evacuation
[2022-03-25T10:13:41.617+0000][71072.267s] GC(255) MMU target violated: 251.0ms (250.0ms/251.0ms)
[2022-03-25T10:13:41.789+0000][71072.439s] GC(255)   Pre Evacuate Collection Set: 0.1ms
[2022-03-25T10:13:41.930+0000][71072.580s] GC(255)   Evacuate Collection Set: 329.4ms
[2022-03-25T10:13:41.979+0000][71072.629s] GC(255)   Post Evacuate Collection Set: 0.6ms
[2022-03-25T10:13:42.019+0000][71072.669s] GC(255)   Other: 364.7ms
[2022-03-25T10:13:42.030+0000][71072.680s] GC(255) Eden regions: 37->0(28)
[2022-03-25T10:13:42.035+0000][71072.685s] GC(255) Survivor regions: 2->2(5)
[2022-03-25T10:13:42.045+0000][71072.695s] GC(255) Old regions: 218->218
[2022-03-25T10:13:42.064+0000][71072.714s] GC(255) Humongous regions: 7->7
[2022-03-25T10:13:42.109+0000][71072.759s] GC(255) Metaspace: 59992K->59992K(1103872K)
[2022-03-25T10:13:42.162+0000][71072.812s] GC(255) Pause Young (Normal) (G1 Evacuation Pause) 260M->224M(512M) 1067.728ms
[2022-03-25T10:13:42.212+0000][71072.863s] GC(255) User=0.14s Sys=0.07s Real=1.11s
[2022-03-25T10:13:43.828+0000][71074.478s] GC(256) Pause Young (Normal) (G1 Evacuation Pause)
[2022-03-25T10:13:43.829+0000][71074.479s] GC(256) Using 4 workers of 4 for evacuation
[2022-03-25T10:13:43.905+0000][71074.555s] GC(256)   Pre Evacuate Collection Set: 0.1ms
[2022-03-25T10:13:43.912+0000][71074.563s] GC(256)   Evacuate Collection Set: 74.1ms
[2022-03-25T10:13:43.918+0000][71074.568s] GC(256)   Post Evacuate Collection Set: 0.6ms
[2022-03-25T10:13:43.921+0000][71074.572s] GC(256)   Other: 1.8ms
[2022-03-25T10:13:43.926+0000][71074.577s] GC(256) Eden regions: 28->0(33)
[2022-03-25T10:13:43.935+0000][71074.586s] GC(256) Survivor regions: 2->3(4)
[2022-03-25T10:13:43.936+0000][71074.587s] GC(256) Old regions: 218->218
[2022-03-25T10:13:43.938+0000][71074.589s] GC(256) Humongous regions: 7->7
[2022-03-25T10:13:43.941+0000][71074.592s] GC(256) Metaspace: 59993K->59993K(1103872K)
[2022-03-25T10:13:43.948+0000][71074.598s] GC(256) Pause Young (Normal) (G1 Evacuation Pause) 252M->224M(512M) 119.471ms
[2022-03-25T10:13:43.949+0000][71074.599s] GC(256) User=0.04s Sys=0.06s Real=0.12s
[2022-03-25T10:13:51.789+0000][71082.439s] GC(257) Pause Young (Normal) (G1 Evacuation Pause)
[2022-03-25T10:13:51.815+0000][71082.465s] GC(257) Using 4 workers of 4 for evacuation
[2022-03-25T10:13:52.540+0000][71083.190s] GC(257)   Pre Evacuate Collection Set: 0.2ms
[2022-03-25T10:13:52.589+0000][71083.239s] GC(257)   Evacuate Collection Set: 189.0ms
[2022-03-25T10:13:52.640+0000][71083.291s] GC(257)   Post Evacuate Collection Set: 14.4ms
[2022-03-25T10:13:52.657+0000][71083.307s] GC(257)   Other: 547.3ms
[2022-03-25T10:13:52.714+0000][71083.364s] GC(257) Eden regions: 33->0(33)
[2022-03-25T10:13:52.740+0000][71083.390s] GC(257) Survivor regions: 3->3(5)
[2022-03-25T10:13:52.747+0000][71083.397s] GC(257) Old regions: 218->218
[2022-03-25T10:13:52.764+0000][71083.414s] GC(257) Humongous regions: 7->7
[2022-03-25T10:13:52.805+0000][71083.455s] GC(257) Metaspace: 59993K->59993K(1103872K)
[2022-03-25T10:13:52.877+0000][71083.527s] GC(257) Pause Young (Normal) (G1 Evacuation Pause) 257M->225M(512M) 1087.740ms
[2022-03-25T10:13:52.964+0000][71083.614s] GC(257) User=0.07s Sys=0.02s Real=1.25s
[2022-03-25T10:13:58.270+0000][71088.921s] GC(258) Pause Young (Normal) (G1 Evacuation Pause)
[2022-03-25T10:13:58.432+0000][71089.082s] GC(258) Using 4 workers of 4 for evacuation
[2022-03-25T10:13:59.621+0000][71090.271s] GC(258) MMU target violated: 251.0ms (250.0ms/251.0ms)
[2022-03-25T10:13:59.824+0000][71090.474s] GC(258)   Pre Evacuate Collection Set: 0.0ms
[2022-03-25T10:13:59.930+0000][71090.581s] GC(258)   Evacuate Collection Set: 1171.6ms
[2022-03-25T10:14:00.047+0000][71090.697s] GC(258)   Post Evacuate Collection Set: 0.4ms
[2022-03-25T10:14:00.316+0000][71090.967s] GC(258)   Other: 381.7ms
[2022-03-25T10:14:00.423+0000][71091.074s] GC(258) Eden regions: 33->0(23)
[2022-03-25T10:14:00.435+0000][71091.085s] GC(258) Survivor regions: 3->2(5)
[2022-03-25T10:14:00.824+0000][71091.474s] GC(258) Old regions: 218->218
[2022-03-25T10:14:01.200+0000][71091.851s] GC(258) Humongous regions: 7->7
[2022-03-25T10:14:01.343+0000][71091.994s] GC(258) Metaspace: 59993K->59993K(1103872K)
[2022-03-25T10:14:01.634+0000][71092.284s] GC(258) Pause Young (Normal) (G1 Evacuation Pause) 258M->224M(512M) 3363.654ms
[2022-03-25T10:14:02.017+0000][71092.667s] GC(258) User=0.28s Sys=0.15s Real=3.65s
[2022-03-25T10:14:03.741+0000][71094.391s] GC(259) Pause Young (Normal) (G1 Evacuation Pause)
[2022-03-25T10:14:04.252+0000][71094.903s] GC(259) Using 4 workers of 4 for evacuation
[2022-03-25T10:14:05.154+0000][71095.804s] GC(259) MMU target violated: 251.0ms (250.0ms/251.0ms)
[2022-03-25T10:14:05.386+0000][71096.036s] GC(259)   Pre Evacuate Collection Set: 0.0ms
[2022-03-25T10:14:05.458+0000][71096.108s] GC(259)   Evacuate Collection Set: 475.0ms
[2022-03-25T10:14:05.559+0000][71096.209s] GC(259)   Post Evacuate Collection Set: 0.5ms
[2022-03-25T10:14:05.642+0000][71096.293s] GC(259)   Other: 1170.0ms
[2022-03-25T10:14:05.810+0000][71096.460s] GC(259) Eden regions: 23->0(23)
[2022-03-25T10:14:05.978+0000][71096.629s] GC(259) Survivor regions: 2->2(4)
[2022-03-25T10:14:06.152+0000][71096.802s] GC(259) Old regions: 218->218
[2022-03-25T10:14:06.339+0000][71096.989s] GC(259) Humongous regions: 7->7
[2022-03-25T10:14:06.455+0000][71097.105s] GC(259) Metaspace: 59993K->59993K(1103872K)
[2022-03-25T10:14:06.535+0000][71097.185s] GC(259) Pause Young (Normal) (G1 Evacuation Pause) 247M->224M(512M) 2794.579ms
[2022-03-25T10:14:06.617+0000][71097.267s] GC(259) User=0.15s Sys=0.08s Real=2.93s
[2022-03-25T10:14:57.376+0000][71148.026s] GC(260) Pause Young (Normal) (G1 Evacuation Pause)
[2022-03-25T10:14:57.377+0000][71148.027s] GC(260) Using 4 workers of 4 for evacuation
[2022-03-25T10:14:57.663+0000][71148.313s] GC(260) MMU target violated: 251.0ms (250.0ms/251.0ms)
[2022-03-25T10:14:57.664+0000][71148.314s] GC(260)   Pre Evacuate Collection Set: 23.3ms
[2022-03-25T10:14:57.665+0000][71148.315s] GC(260)   Evacuate Collection Set: 239.4ms
[2022-03-25T10:14:57.667+0000][71148.317s] GC(260)   Post Evacuate Collection Set: 4.8ms
[2022-03-25T10:14:57.667+0000][71148.318s] GC(260)   Other: 21.9ms
[2022-03-25T10:14:57.668+0000][71148.318s] GC(260) Eden regions: 23->0(23)
[2022-03-25T10:14:57.668+0000][71148.318s] GC(260) Survivor regions: 2->2(4)
[2022-03-25T10:14:57.669+0000][71148.319s] GC(260) Old regions: 218->218
[2022-03-25T10:14:57.670+0000][71148.320s] GC(260) Humongous regions: 7->7
[2022-03-25T10:14:57.670+0000][71148.321s] GC(260) Metaspace: 59993K->59993K(1103872K)
[2022-03-25T10:14:57.671+0000][71148.321s] GC(260) Pause Young (Normal) (G1 Evacuation Pause) 247M->224M(512M) 295.509ms
[2022-03-25T10:14:57.680+0000][71148.330s] GC(260) User=0.26s Sys=0.00s Real=0.31s
[2022-03-25T10:15:00.376+0000][71151.026s] GC(261) Pause Young (Normal) (G1 Evacuation Pause)
[2022-03-25T10:15:00.377+0000][71151.027s] GC(261) Using 4 workers of 4 for evacuation
[2022-03-25T10:15:00.467+0000][71151.118s] GC(261)   Pre Evacuate Collection Set: 0.0ms
[2022-03-25T10:15:00.472+0000][71151.122s] GC(261)   Evacuate Collection Set: 66.0ms
[2022-03-25T10:15:00.474+0000][71151.125s] GC(261)   Post Evacuate Collection Set: 16.5ms
[2022-03-25T10:15:00.475+0000][71151.125s] GC(261)   Other: 9.0ms
[2022-03-25T10:15:00.505+0000][71151.155s] GC(261) Eden regions: 23->0(23)
[2022-03-25T10:15:00.506+0000][71151.156s] GC(261) Survivor regions: 2->2(4)
[2022-03-25T10:15:00.506+0000][71151.157s] GC(261) Old regions: 218->218
[2022-03-25T10:15:00.507+0000][71151.157s] GC(261) Humongous regions: 7->7
[2022-03-25T10:15:00.507+0000][71151.157s] GC(261) Metaspace: 59993K->59993K(1103872K)
[2022-03-25T10:15:00.507+0000][71151.158s] GC(261) Pause Young (Normal) (G1 Evacuation Pause) 247M->224M(512M) 131.392ms
[2022-03-25T10:15:00.515+0000][71151.166s] GC(261) User=0.06s Sys=0.02s Real=0.14s
[2022-03-25T10:15:02.276+0000][71152.926s] GC(262) Pause Young (Normal) (G1 Evacuation Pause)
[2022-03-25T10:15:02.285+0000][71152.936s] GC(262) Using 4 workers of 4 for evacuation
[2022-03-25T10:15:02.545+0000][71153.195s] GC(262)   Pre Evacuate Collection Set: 0.0ms
[2022-03-25T10:15:02.576+0000][71153.226s] GC(262)   Evacuate Collection Set: 236.9ms
[2022-03-25T10:15:02.598+0000][71153.248s] GC(262)   Post Evacuate Collection Set: 0.5ms
[2022-03-25T10:15:02.636+0000][71153.286s] GC(262)   Other: 31.9ms
[2022-03-25T10:15:02.665+0000][71153.315s] GC(262) Eden regions: 23->0(24)
[2022-03-25T10:15:02.679+0000][71153.329s] GC(262) Survivor regions: 2->2(4)
[2022-03-25T10:15:02.681+0000][71153.331s] GC(262) Old regions: 218->218
[2022-03-25T10:15:02.687+0000][71153.338s] GC(262) Humongous regions: 7->7
[2022-03-25T10:15:02.707+0000][71153.357s] GC(262) Metaspace: 59993K->59993K(1103872K)
[2022-03-25T10:15:02.718+0000][71153.368s] GC(262) Pause Young (Normal) (G1 Evacuation Pause) 247M->224M(512M) 442.061ms
[2022-03-25T10:15:02.719+0000][71153.369s] GC(262) User=0.08s Sys=0.06s Real=0.45s
[2022-03-25T10:15:06.171+0000][71156.821s] GC(263) Pause Young (Normal) (G1 Evacuation Pause)
[2022-03-25T10:15:06.176+0000][71156.826s] GC(263) Using 4 workers of 4 for evacuation
[2022-03-25T10:15:06.352+0000][71157.002s] GC(263)   Pre Evacuate Collection Set: 0.0ms
[2022-03-25T10:15:06.372+0000][71157.022s] GC(263)   Evacuate Collection Set: 165.8ms
[2022-03-25T10:15:06.390+0000][71157.040s] GC(263)   Post Evacuate Collection Set: 0.4ms
[2022-03-25T10:15:06.404+0000][71157.054s] GC(263)   Other: 14.7ms
[2022-03-25T10:15:06.409+0000][71157.059s] GC(263) Eden regions: 24->0(25)
[2022-03-25T10:15:06.469+0000][71157.119s] GC(263) Survivor regions: 2->2(4)
[2022-03-25T10:15:06.492+0000][71157.143s] GC(263) Old regions: 218->218
[2022-03-25T10:15:06.515+0000][71157.166s] GC(263) Humongous regions: 7->7
[2022-03-25T10:15:06.527+0000][71157.178s] GC(263) Metaspace: 59993K->59993K(1103872K)
[2022-03-25T10:15:06.534+0000][71157.184s] GC(263) Pause Young (Normal) (G1 Evacuation Pause) 248M->224M(512M) 362.834ms
[2022-03-25T10:15:06.541+0000][71157.192s] GC(263) User=0.06s Sys=0.00s Real=0.37s
[2022-03-25T10:15:09.749+0000][71160.399s] GC(264) Pause Young (Normal) (G1 Evacuation Pause)
[2022-03-25T10:15:09.776+0000][71160.427s] GC(264) Using 4 workers of 4 for evacuation
[2022-03-25T10:15:09.905+0000][71160.555s] GC(264)   Pre Evacuate Collection Set: 0.0ms
[2022-03-25T10:15:09.920+0000][71160.571s] GC(264)   Evacuate Collection Set: 79.0ms
[2022-03-25T10:15:09.937+0000][71160.587s] GC(264)   Post Evacuate Collection Set: 31.1ms
[2022-03-25T10:15:09.953+0000][71160.604s] GC(264)   Other: 45.9ms
[2022-03-25T10:15:09.970+0000][71160.620s] GC(264) Eden regions: 25->0(28)
[2022-03-25T10:15:09.988+0000][71160.638s] GC(264) Survivor regions: 2->2(4)
[2022-03-25T10:15:10.049+0000][71160.700s] GC(264) Old regions: 218->218
[2022-03-25T10:15:10.074+0000][71160.725s] GC(264) Humongous regions: 7->7
[2022-03-25T10:15:10.098+0000][71160.749s] GC(264) Metaspace: 59993K->59993K(1103872K)
[2022-03-25T10:15:10.107+0000][71160.757s] GC(264) Pause Young (Normal) (G1 Evacuation Pause) 249M->224M(512M) 358.508ms
[2022-03-25T10:15:10.139+0000][71160.789s] GC(264) User=0.03s Sys=0.05s Real=0.40s
[2022-03-25T10:15:11.915+0000][71162.565s] GC(265) Pause Young (Normal) (G1 Evacuation Pause)
[2022-03-25T10:15:11.934+0000][71162.584s] GC(265) Using 4 workers of 4 for evacuation
[2022-03-25T10:15:12.174+0000][71162.824s] GC(265)   Pre Evacuate Collection Set: 0.1ms
[2022-03-25T10:15:12.203+0000][71162.853s] GC(265)   Evacuate Collection Set: 225.1ms
[2022-03-25T10:15:12.218+0000][71162.868s] GC(265)   Post Evacuate Collection Set: 0.5ms
[2022-03-25T10:15:12.222+0000][71162.873s] GC(265)   Other: 33.0ms
[2022-03-25T10:15:12.233+0000][71162.884s] GC(265) Eden regions: 28->0(30)
[2022-03-25T10:15:12.241+0000][71162.891s] GC(265) Survivor regions: 2->2(4)
[2022-03-25T10:15:12.254+0000][71162.905s] GC(265) Old regions: 218->218
[2022-03-25T10:15:12.265+0000][71162.915s] GC(265) Humongous regions: 7->7
[2022-03-25T10:15:12.286+0000][71162.937s] GC(265) Metaspace: 59993K->59993K(1103872K)
[2022-03-25T10:15:12.294+0000][71162.944s] GC(265) Pause Young (Normal) (G1 Evacuation Pause) 252M->224M(512M) 378.726ms
[2022-03-25T10:15:12.300+0000][71162.951s] GC(265) User=0.05s Sys=0.07s Real=0.39s
[2022-03-25T10:15:14.763+0000][71165.414s] GC(266) Pause Young (Normal) (G1 Evacuation Pause)
[2022-03-25T10:15:14.780+0000][71165.430s] GC(266) Using 4 workers of 4 for evacuation
[2022-03-25T10:15:14.942+0000][71165.593s] GC(266)   Pre Evacuate Collection Set: 0.0ms
[2022-03-25T10:15:14.945+0000][71165.595s] GC(266)   Evacuate Collection Set: 107.8ms
[2022-03-25T10:15:14.957+0000][71165.607s] GC(266)   Post Evacuate Collection Set: 0.7ms
[2022-03-25T10:15:14.959+0000][71165.609s] GC(266)   Other: 70.4ms
[2022-03-25T10:15:14.964+0000][71165.615s] GC(266) Eden regions: 30->0(32)
[2022-03-25T10:15:14.968+0000][71165.618s] GC(266) Survivor regions: 2->2(4)
[2022-03-25T10:15:14.976+0000][71165.626s] GC(266) Old regions: 218->218
[2022-03-25T10:15:14.985+0000][71165.635s] GC(266) Humongous regions: 7->7
[2022-03-25T10:15:14.998+0000][71165.648s] GC(266) Metaspace: 59993K->59993K(1103872K)
[2022-03-25T10:15:15.031+0000][71165.681s] GC(266) Pause Young (Normal) (G1 Evacuation Pause) 254M->224M(512M) 267.166ms
[2022-03-25T10:15:15.053+0000][71165.703s] GC(266) User=0.05s Sys=0.05s Real=0.29s
[2022-03-25T10:15:19.431+0000][71170.081s] GC(267) Pause Young (Normal) (G1 Evacuation Pause)
[2022-03-25T10:15:19.448+0000][71170.098s] GC(267) Using 4 workers of 4 for evacuation
[2022-03-25T10:15:19.607+0000][71170.257s] GC(267)   Pre Evacuate Collection Set: 0.2ms
[2022-03-25T10:15:19.670+0000][71170.320s] GC(267)   Evacuate Collection Set: 124.5ms
[2022-03-25T10:15:19.685+0000][71170.335s] GC(267)   Post Evacuate Collection Set: 15.3ms
[2022-03-25T10:15:19.722+0000][71170.372s] GC(267)   Other: 36.6ms
[2022-03-25T10:15:19.735+0000][71170.386s] GC(267) Eden regions: 32->0(35)
[2022-03-25T10:15:19.754+0000][71170.404s] GC(267) Survivor regions: 2->2(5)
[2022-03-25T10:15:19.771+0000][71170.421s] GC(267) Old regions: 218->218
[2022-03-25T10:15:19.802+0000][71170.453s] GC(267) Humongous regions: 7->7
[2022-03-25T10:15:19.819+0000][71170.469s] GC(267) Metaspace: 59993K->59993K(1103872K)
[2022-03-25T10:15:19.834+0000][71170.485s] GC(267) Pause Young (Normal) (G1 Evacuation Pause) 256M->224M(512M) 403.812ms
[2022-03-25T10:15:19.837+0000][71170.487s] GC(267) User=0.06s Sys=0.03s Real=0.41s
[2022-03-25T10:15:24.397+0000][71175.048s] GC(268) Pause Young (Normal) (G1 Evacuation Pause)
[2022-03-25T10:15:24.404+0000][71175.054s] GC(268) Using 4 workers of 4 for evacuation
[2022-03-25T10:15:24.485+0000][71175.136s] GC(268)   Pre Evacuate Collection Set: 0.1ms
[2022-03-25T10:15:24.503+0000][71175.154s] GC(268)   Evacuate Collection Set: 66.5ms
[2022-03-25T10:15:24.518+0000][71175.169s] GC(268)   Post Evacuate Collection Set: 0.9ms
[2022-03-25T10:15:24.523+0000][71175.173s] GC(268)   Other: 20.6ms
[2022-03-25T10:15:24.534+0000][71175.184s] GC(268) Eden regions: 35->0(41)
[2022-03-25T10:15:24.536+0000][71175.186s] GC(268) Survivor regions: 2->2(5)
[2022-03-25T10:15:24.550+0000][71175.200s] GC(268) Old regions: 218->218
[2022-03-25T10:15:24.552+0000][71175.202s] GC(268) Humongous regions: 7->7
[2022-03-25T10:15:24.553+0000][71175.203s] GC(268) Metaspace: 59993K->59993K(1103872K)
[2022-03-25T10:15:24.555+0000][71175.205s] GC(268) Pause Young (Normal) (G1 Evacuation Pause) 259M->224M(512M) 157.222ms
[2022-03-25T10:15:24.565+0000][71175.215s] GC(268) User=0.05s Sys=0.03s Real=0.17s
[2022-03-25T10:15:26.431+0000][71177.082s] GC(269) Pause Young (Normal) (G1 Evacuation Pause)
[2022-03-25T10:15:26.433+0000][71177.084s] GC(269) Using 4 workers of 4 for evacuation
[2022-03-25T10:15:26.511+0000][71177.161s] GC(269)   Pre Evacuate Collection Set: 0.1ms
[2022-03-25T10:15:26.511+0000][71177.161s] GC(269)   Evacuate Collection Set: 75.1ms
[2022-03-25T10:15:26.512+0000][71177.162s] GC(269)   Post Evacuate Collection Set: 0.9ms
[2022-03-25T10:15:26.513+0000][71177.163s] GC(269)   Other: 3.4ms
[2022-03-25T10:15:26.526+0000][71177.176s] GC(269) Eden regions: 41->0(46)
[2022-03-25T10:15:26.542+0000][71177.192s] GC(269) Survivor regions: 2->2(6)
[2022-03-25T10:15:26.544+0000][71177.194s] GC(269) Old regions: 218->218
[2022-03-25T10:15:26.545+0000][71177.195s] GC(269) Humongous regions: 7->7
[2022-03-25T10:15:26.545+0000][71177.195s] GC(269) Metaspace: 59993K->59993K(1103872K)
[2022-03-25T10:15:26.545+0000][71177.196s] GC(269) Pause Young (Normal) (G1 Evacuation Pause) 265M->224M(512M) 114.136ms
[2022-03-25T10:15:26.546+0000][71177.197s] GC(269) User=0.06s Sys=0.04s Real=0.12s
[2022-03-25T10:15:28.465+0000][71179.116s] GC(270) Pause Young (Normal) (G1 Evacuation Pause)
[2022-03-25T10:15:28.478+0000][71179.129s] GC(270) Using 4 workers of 4 for evacuation
[2022-03-25T10:15:28.522+0000][71179.172s] GC(270)   Pre Evacuate Collection Set: 0.0ms
[2022-03-25T10:15:28.530+0000][71179.180s] GC(270)   Evacuate Collection Set: 36.1ms
[2022-03-25T10:15:28.533+0000][71179.183s] GC(270)   Post Evacuate Collection Set: 0.6ms
[2022-03-25T10:15:28.534+0000][71179.184s] GC(270)   Other: 20.3ms
[2022-03-25T10:15:28.539+0000][71179.189s] GC(270) Eden regions: 46->0(53)
[2022-03-25T10:15:28.545+0000][71179.195s] GC(270) Survivor regions: 2->2(6)
[2022-03-25T10:15:28.546+0000][71179.197s] GC(270) Old regions: 218->218
[2022-03-25T10:15:28.547+0000][71179.197s] GC(270) Humongous regions: 7->7
[2022-03-25T10:15:28.548+0000][71179.198s] GC(270) Metaspace: 59993K->59993K(1103872K)
[2022-03-25T10:15:28.549+0000][71179.199s] GC(270) Pause Young (Normal) (G1 Evacuation Pause) 270M->224M(512M) 83.315ms
[2022-03-25T10:15:28.549+0000][71179.199s] GC(270) User=0.04s Sys=0.00s Real=0.09s
[2022-03-25T10:15:36.728+0000][71187.379s] GC(271) Pause Young (Normal) (G1 Evacuation Pause)
[2022-03-25T10:15:36.743+0000][71187.393s] GC(271) Using 4 workers of 4 for evacuation
[2022-03-25T10:15:36.877+0000][71187.528s] GC(271)   Pre Evacuate Collection Set: 0.1ms
[2022-03-25T10:15:36.881+0000][71187.531s] GC(271)   Evacuate Collection Set: 111.4ms
[2022-03-25T10:15:36.883+0000][71187.534s] GC(271)   Post Evacuate Collection Set: 6.7ms
[2022-03-25T10:15:36.888+0000][71187.538s] GC(271)   Other: 30.9ms
[2022-03-25T10:15:36.889+0000][71187.540s] GC(271) Eden regions: 53->0(54)
[2022-03-25T10:15:36.897+0000][71187.547s] GC(271) Survivor regions: 2->2(7)
[2022-03-25T10:15:36.897+0000][71187.547s] GC(271) Old regions: 218->218
[2022-03-25T10:15:36.898+0000][71187.548s] GC(271) Humongous regions: 7->7
[2022-03-25T10:15:36.900+0000][71187.551s] GC(271) Metaspace: 59993K->59993K(1103872K)
[2022-03-25T10:15:36.906+0000][71187.556s] GC(271) Pause Young (Normal) (G1 Evacuation Pause) 277M->224M(512M) 177.696ms
[2022-03-25T10:15:36.913+0000][71187.563s] GC(271) User=0.06s Sys=0.02s Real=0.18s
[2022-03-25T10:15:38.796+0000][71189.446s] GC(272) Pause Young (Normal) (G1 Evacuation Pause)
[2022-03-25T10:15:38.827+0000][71189.478s] GC(272) Using 4 workers of 4 for evacuation
[2022-03-25T10:15:39.011+0000][71189.661s] GC(272)   Pre Evacuate Collection Set: 0.1ms
[2022-03-25T10:15:39.014+0000][71189.665s] GC(272)   Evacuate Collection Set: 151.7ms
[2022-03-25T10:15:39.020+0000][71189.670s] GC(272)   Post Evacuate Collection Set: 4.5ms
[2022-03-25T10:15:39.024+0000][71189.674s] GC(272)   Other: 58.5ms
[2022-03-25T10:15:39.026+0000][71189.676s] GC(272) Eden regions: 54->0(57)
[2022-03-25T10:15:39.031+0000][71189.681s] GC(272) Survivor regions: 2->2(7)
[2022-03-25T10:15:39.035+0000][71189.685s] GC(272) Old regions: 218->218
[2022-03-25T10:15:39.039+0000][71189.689s] GC(272) Humongous regions: 7->7
[2022-03-25T10:15:39.051+0000][71189.701s] GC(272) Metaspace: 59993K->59993K(1103872K)
[2022-03-25T10:15:39.052+0000][71189.702s] GC(272) Pause Young (Normal) (G1 Evacuation Pause) 278M->224M(512M) 255.796ms
[2022-03-25T10:15:39.064+0000][71189.714s] GC(272) User=0.09s Sys=0.01s Real=0.28s
[2022-03-25T10:15:42.269+0000][71192.920s] GC(273) Pause Young (Normal) (G1 Evacuation Pause)
[2022-03-25T10:15:42.271+0000][71192.921s] GC(273) Using 4 workers of 4 for evacuation
[2022-03-25T10:15:42.717+0000][71193.367s] GC(273) MMU target violated: 251.0ms (250.0ms/251.0ms)
[2022-03-25T10:15:42.733+0000][71193.383s] GC(273)   Pre Evacuate Collection Set: 0.0ms
[2022-03-25T10:15:42.775+0000][71193.425s] GC(273)   Evacuate Collection Set: 431.7ms
[2022-03-25T10:15:42.815+0000][71193.465s] GC(273)   Post Evacuate Collection Set: 8.9ms
[2022-03-25T10:15:42.837+0000][71193.487s] GC(273)   Other: 23.3ms
[2022-03-25T10:15:42.844+0000][71193.494s] GC(273) Eden regions: 57->0(43)
[2022-03-25T10:15:42.860+0000][71193.510s] GC(273) Survivor regions: 2->2(8)
[2022-03-25T10:15:42.885+0000][71193.536s] GC(273) Old regions: 218->218
[2022-03-25T10:15:42.950+0000][71193.600s] GC(273) Humongous regions: 7->7
[2022-03-25T10:15:42.966+0000][71193.616s] GC(273) Metaspace: 59993K->59993K(1103872K)
[2022-03-25T10:15:42.988+0000][71193.639s] GC(273) Pause Young (Normal) (G1 Evacuation Pause) 281M->224M(512M) 719.135ms
[2022-03-25T10:15:43.213+0000][71193.863s] GC(273) User=0.32s Sys=0.17s Real=0.91s
[2022-03-25T10:15:45.404+0000][71196.054s] GC(274) Pause Young (Normal) (G1 Evacuation Pause)
[2022-03-25T10:15:45.410+0000][71196.060s] GC(274) Using 4 workers of 4 for evacuation
[2022-03-25T10:15:45.537+0000][71196.187s] GC(274)   Pre Evacuate Collection Set: 0.2ms
[2022-03-25T10:15:45.548+0000][71196.198s] GC(274)   Evacuate Collection Set: 116.2ms
[2022-03-25T10:15:45.558+0000][71196.208s] GC(274)   Post Evacuate Collection Set: 0.5ms
[2022-03-25T10:15:45.564+0000][71196.214s] GC(274)   Other: 15.8ms
[2022-03-25T10:15:45.566+0000][71196.216s] GC(274) Eden regions: 43->0(49)
[2022-03-25T10:15:45.576+0000][71196.226s] GC(274) Survivor regions: 2->2(6)
[2022-03-25T10:15:45.580+0000][71196.230s] GC(274) Old regions: 218->218
[2022-03-25T10:15:45.582+0000][71196.232s] GC(274) Humongous regions: 7->7
[2022-03-25T10:15:45.584+0000][71196.235s] GC(274) Metaspace: 59993K->59993K(1103872K)
[2022-03-25T10:15:45.596+0000][71196.246s] GC(274) Pause Young (Normal) (G1 Evacuation Pause) 267M->224M(512M) 191.894ms
[2022-03-25T10:15:45.597+0000][71196.247s] GC(274) User=0.04s Sys=0.02s Real=0.20s
[2022-03-25T10:15:48.859+0000][71199.509s] GC(275) Pause Young (Normal) (G1 Evacuation Pause)
[2022-03-25T10:15:48.894+0000][71199.545s] GC(275) Using 4 workers of 4 for evacuation
[2022-03-25T10:15:49.029+0000][71199.679s] GC(275)   Pre Evacuate Collection Set: 0.1ms
[2022-03-25T10:15:49.045+0000][71199.696s] GC(275)   Evacuate Collection Set: 104.0ms
[2022-03-25T10:15:49.046+0000][71199.696s] GC(275)   Post Evacuate Collection Set: 0.4ms
[2022-03-25T10:15:49.047+0000][71199.697s] GC(275)   Other: 65.6ms
[2022-03-25T10:15:49.048+0000][71199.698s] GC(275) Eden regions: 49->0(56)
[2022-03-25T10:15:49.048+0000][71199.699s] GC(275) Survivor regions: 2->2(7)
[2022-03-25T10:15:49.049+0000][71199.699s] GC(275) Old regions: 218->219
[2022-03-25T10:15:49.050+0000][71199.700s] GC(275) Humongous regions: 7->7
[2022-03-25T10:15:49.051+0000][71199.701s] GC(275) Metaspace: 59993K->59993K(1103872K)
[2022-03-25T10:15:49.061+0000][71199.712s] GC(275) Pause Young (Normal) (G1 Evacuation Pause) 273M->224M(512M) 202.509ms
[2022-03-25T10:15:49.085+0000][71199.736s] GC(275) User=0.05s Sys=0.03s Real=0.22s
[2022-03-25T10:15:53.246+0000][71203.896s] GC(276) Pause Young (Normal) (G1 Evacuation Pause)
[2022-03-25T10:15:53.246+0000][71203.897s] GC(276) Using 4 workers of 4 for evacuation
[2022-03-25T10:15:53.314+0000][71203.964s] GC(276)   Pre Evacuate Collection Set: 0.1ms
[2022-03-25T10:15:53.318+0000][71203.968s] GC(276)   Evacuate Collection Set: 65.7ms
[2022-03-25T10:15:53.318+0000][71203.969s] GC(276)   Post Evacuate Collection Set: 0.9ms
[2022-03-25T10:15:53.319+0000][71203.970s] GC(276)   Other: 1.0ms
[2022-03-25T10:15:53.320+0000][71203.970s] GC(276) Eden regions: 56->0(67)
[2022-03-25T10:15:53.322+0000][71203.972s] GC(276) Survivor regions: 2->2(8)
[2022-03-25T10:15:53.323+0000][71203.974s] GC(276) Old regions: 219->219
[2022-03-25T10:15:53.324+0000][71203.975s] GC(276) Humongous regions: 7->7
[2022-03-25T10:15:53.325+0000][71203.975s] GC(276) Metaspace: 59993K->59993K(1103872K)
[2022-03-25T10:15:53.325+0000][71203.976s] GC(276) Pause Young (Normal) (G1 Evacuation Pause) 280M->224M(512M) 79.443ms
[2022-03-25T10:15:53.326+0000][71203.976s] GC(276) User=0.15s Sys=0.00s Real=0.08s
[2022-03-25T10:16:01.725+0000][71212.375s] GC(277) Pause Young (Normal) (G1 Evacuation Pause)
[2022-03-25T10:16:01.729+0000][71212.379s] GC(277) Using 4 workers of 4 for evacuation
[2022-03-25T10:16:01.808+0000][71212.458s] GC(277)   Pre Evacuate Collection Set: 0.0ms
[2022-03-25T10:16:01.810+0000][71212.460s] GC(277)   Evacuate Collection Set: 73.7ms
[2022-03-25T10:16:01.812+0000][71212.462s] GC(277)   Post Evacuate Collection Set: 0.7ms
[2022-03-25T10:16:01.813+0000][71212.463s] GC(277)   Other: 8.8ms
[2022-03-25T10:16:01.815+0000][71212.466s] GC(277) Eden regions: 67->0(72)
[2022-03-25T10:16:01.816+0000][71212.466s] GC(277) Survivor regions: 2->1(9)
[2022-03-25T10:16:01.816+0000][71212.467s] GC(277) Old regions: 219->219
[2022-03-25T10:16:01.834+0000][71212.484s] GC(277) Humongous regions: 7->7
[2022-03-25T10:16:01.834+0000][71212.485s] GC(277) Metaspace: 59993K->59993K(1103872K)
[2022-03-25T10:16:01.835+0000][71212.485s] GC(277) Pause Young (Normal) (G1 Evacuation Pause) 291M->224M(512M) 109.654ms
[2022-03-25T10:16:01.835+0000][71212.485s] GC(277) User=0.05s Sys=0.03s Real=0.11s
[2022-03-25T10:16:15.704+0000][71226.355s] GC(278) Pause Young (Normal) (G1 Evacuation Pause)
[2022-03-25T10:16:15.715+0000][71226.366s] GC(278) Using 4 workers of 4 for evacuation
[2022-03-25T10:16:15.849+0000][71226.500s] GC(278)   Pre Evacuate Collection Set: 0.1ms
[2022-03-25T10:16:15.850+0000][71226.500s] GC(278)   Evacuate Collection Set: 126.0ms
[2022-03-25T10:16:15.850+0000][71226.501s] GC(278)   Post Evacuate Collection Set: 0.7ms
[2022-03-25T10:16:15.851+0000][71226.501s] GC(278)   Other: 19.1ms
[2022-03-25T10:16:15.851+0000][71226.501s] GC(278) Eden regions: 72->0(73)
[2022-03-25T10:16:15.851+0000][71226.501s] GC(278) Survivor regions: 1->1(10)
[2022-03-25T10:16:15.851+0000][71226.502s] GC(278) Old regions: 219->219
[2022-03-25T10:16:15.852+0000][71226.502s] GC(278) Humongous regions: 7->7
[2022-03-25T10:16:15.853+0000][71226.503s] GC(278) Metaspace: 59993K->59993K(1103872K)
[2022-03-25T10:16:15.853+0000][71226.503s] GC(278) Pause Young (Normal) (G1 Evacuation Pause) 296M->224M(512M) 148.815ms
[2022-03-25T10:16:15.854+0000][71226.504s] GC(278) User=0.06s Sys=0.07s Real=0.15s
[2022-03-25T10:16:22.865+0000][71233.516s] GC(279) Pause Young (Normal) (G1 Evacuation Pause)
[2022-03-25T10:16:22.871+0000][71233.521s] GC(279) Using 4 workers of 4 for evacuation
[2022-03-25T10:16:23.025+0000][71233.675s] GC(279)   Pre Evacuate Collection Set: 0.0ms
[2022-03-25T10:16:23.045+0000][71233.696s] GC(279)   Evacuate Collection Set: 147.2ms
[2022-03-25T10:16:23.048+0000][71233.698s] GC(279)   Post Evacuate Collection Set: 0.5ms
[2022-03-25T10:16:23.048+0000][71233.698s] GC(279)   Other: 11.9ms
[2022-03-25T10:16:23.048+0000][71233.699s] GC(279) Eden regions: 73->0(77)
[2022-03-25T10:16:23.049+0000][71233.699s] GC(279) Survivor regions: 1->2(10)
[2022-03-25T10:16:23.049+0000][71233.699s] GC(279) Old regions: 219->219
[2022-03-25T10:16:23.061+0000][71233.712s] GC(279) Humongous regions: 7->7
[2022-03-25T10:16:23.062+0000][71233.712s] GC(279) Metaspace: 59993K->59993K(1103872K)
[2022-03-25T10:16:23.062+0000][71233.713s] GC(279) Pause Young (Normal) (G1 Evacuation Pause) 297M->225M(512M) 197.027ms
[2022-03-25T10:16:23.063+0000][71233.713s] GC(279) User=0.09s Sys=0.05s Real=0.19s
[2022-03-25T10:16:26.777+0000][71237.427s] GC(280) Pause Young (Normal) (G1 Evacuation Pause)
[2022-03-25T10:16:26.787+0000][71237.437s] GC(280) Using 4 workers of 4 for evacuation
[2022-03-25T10:16:27.221+0000][71237.871s] GC(280) MMU target violated: 251.0ms (250.0ms/251.0ms)
[2022-03-25T10:16:27.377+0000][71238.027s] GC(280)   Pre Evacuate Collection Set: 0.0ms
[2022-03-25T10:16:27.387+0000][71238.037s] GC(280)   Evacuate Collection Set: 410.1ms
[2022-03-25T10:16:27.404+0000][71238.054s] GC(280)   Post Evacuate Collection Set: 4.6ms
[2022-03-25T10:16:27.420+0000][71238.071s] GC(280)   Other: 185.4ms
[2022-03-25T10:16:27.425+0000][71238.075s] GC(280) Eden regions: 77->0(74)
[2022-03-25T10:16:27.428+0000][71238.079s] GC(280) Survivor regions: 2->3(10)
[2022-03-25T10:16:27.438+0000][71238.088s] GC(280) Old regions: 219->219
[2022-03-25T10:16:27.474+0000][71238.124s] GC(280) Humongous regions: 7->7
[2022-03-25T10:16:27.508+0000][71238.159s] GC(280) Metaspace: 59994K->59994K(1103872K)
[2022-03-25T10:16:27.522+0000][71238.172s] GC(280) Pause Young (Normal) (G1 Evacuation Pause) 302M->226M(512M) 744.840ms
[2022-03-25T10:16:27.543+0000][71238.193s] GC(280) User=0.17s Sys=0.00s Real=0.77s
[2022-03-25T10:16:31.221+0000][71241.871s] GC(281) Pause Young (Normal) (G1 Evacuation Pause)
[2022-03-25T10:16:31.227+0000][71241.878s] GC(281) Using 4 workers of 4 for evacuation
[2022-03-25T10:16:31.338+0000][71241.988s] GC(281)   Pre Evacuate Collection Set: 0.1ms
[2022-03-25T10:16:31.338+0000][71241.989s] GC(281)   Evacuate Collection Set: 107.1ms
[2022-03-25T10:16:31.339+0000][71241.989s] GC(281)   Post Evacuate Collection Set: 0.6ms
[2022-03-25T10:16:31.340+0000][71241.990s] GC(281)   Other: 9.2ms
[2022-03-25T10:16:31.340+0000][71241.990s] GC(281) Eden regions: 74->0(79)
[2022-03-25T10:16:31.340+0000][71241.991s] GC(281) Survivor regions: 3->2(10)
[2022-03-25T10:16:31.341+0000][71241.991s] GC(281) Old regions: 219->219
[2022-03-25T10:16:31.341+0000][71241.992s] GC(281) Humongous regions: 7->7
[2022-03-25T10:16:31.342+0000][71241.992s] GC(281) Metaspace: 59999K->59999K(1103872K)
[2022-03-25T10:16:31.342+0000][71241.993s] GC(281) Pause Young (Normal) (G1 Evacuation Pause) 300M->225M(512M) 121.442ms
[2022-03-25T10:16:31.343+0000][71241.993s] GC(281) User=0.03s Sys=0.04s Real=0.12s
[2022-03-25T10:16:45.753+0000][71256.403s] GC(282) Pause Young (Normal) (G1 Evacuation Pause)
[2022-03-25T10:16:45.754+0000][71256.405s] GC(282) Using 4 workers of 4 for evacuation
[2022-03-25T10:16:45.869+0000][71256.519s] GC(282)   Pre Evacuate Collection Set: 0.2ms
[2022-03-25T10:16:45.872+0000][71256.522s] GC(282)   Evacuate Collection Set: 77.1ms
[2022-03-25T10:16:45.883+0000][71256.533s] GC(282)   Post Evacuate Collection Set: 16.8ms
[2022-03-25T10:16:45.899+0000][71256.549s] GC(282)   Other: 21.4ms
[2022-03-25T10:16:45.915+0000][71256.566s] GC(282) Eden regions: 79->0(83)
[2022-03-25T10:16:45.929+0000][71256.580s] GC(282) Survivor regions: 2->2(11)
[2022-03-25T10:16:45.931+0000][71256.581s] GC(282) Old regions: 219->219
[2022-03-25T10:16:45.931+0000][71256.582s] GC(282) Humongous regions: 7->7
[2022-03-25T10:16:45.932+0000][71256.582s] GC(282) Metaspace: 59999K->59999K(1103872K)
[2022-03-25T10:16:45.932+0000][71256.582s] GC(282) Pause Young (Normal) (G1 Evacuation Pause) 304M->225M(512M) 178.804ms
[2022-03-25T10:16:45.933+0000][71256.583s] GC(282) User=0.03s Sys=0.06s Real=0.18s
[2022-03-25T10:16:55.185+0000][71265.835s] GC(283) Pause Young (Normal) (G1 Evacuation Pause)
[2022-03-25T10:16:55.190+0000][71265.841s] GC(283) Using 4 workers of 4 for evacuation
[2022-03-25T10:16:55.313+0000][71265.964s] GC(283)   Pre Evacuate Collection Set: 0.1ms
[2022-03-25T10:16:55.314+0000][71265.964s] GC(283)   Evacuate Collection Set: 88.8ms
[2022-03-25T10:16:55.319+0000][71265.969s] GC(283)   Post Evacuate Collection Set: 32.6ms
[2022-03-25T10:16:55.322+0000][71265.972s] GC(283)   Other: 7.2ms
[2022-03-25T10:16:55.323+0000][71265.973s] GC(283) Eden regions: 83->0(86)
[2022-03-25T10:16:55.324+0000][71265.974s] GC(283) Survivor regions: 2->2(11)
[2022-03-25T10:16:55.328+0000][71265.979s] GC(283) Old regions: 219->219
[2022-03-25T10:16:55.330+0000][71265.980s] GC(283) Humongous regions: 7->7
[2022-03-25T10:16:55.337+0000][71265.988s] GC(283) Metaspace: 59999K->59999K(1103872K)
[2022-03-25T10:16:55.341+0000][71265.992s] GC(283) Pause Young (Normal) (G1 Evacuation Pause) 308M->225M(512M) 156.539ms
[2022-03-25T10:16:55.346+0000][71265.996s] GC(283) User=0.10s Sys=0.00s Real=0.17s
[2022-03-25T10:17:01.164+0000][71271.814s] GC(284) Pause Young (Normal) (G1 Evacuation Pause)
[2022-03-25T10:17:01.190+0000][71271.840s] GC(284) Using 4 workers of 4 for evacuation
[2022-03-25T10:17:01.985+0000][71272.636s] GC(284) MMU target violated: 251.0ms (250.0ms/251.0ms)
[2022-03-25T10:17:01.999+0000][71272.650s] GC(284)   Pre Evacuate Collection Set: 0.1ms
[2022-03-25T10:17:02.015+0000][71272.665s] GC(284)   Evacuate Collection Set: 768.1ms
[2022-03-25T10:17:02.050+0000][71272.700s] GC(284)   Post Evacuate Collection Set: 18.3ms
[2022-03-25T10:17:02.056+0000][71272.706s] GC(284)   Other: 49.3ms
[2022-03-25T10:17:02.060+0000][71272.710s] GC(284) Eden regions: 86->0(56)
[2022-03-25T10:17:02.063+0000][71272.713s] GC(284) Survivor regions: 2->2(11)
[2022-03-25T10:17:02.063+0000][71272.714s] GC(284) Old regions: 219->219
[2022-03-25T10:17:02.064+0000][71272.714s] GC(284) Humongous regions: 7->7
[2022-03-25T10:17:02.065+0000][71272.715s] GC(284) Metaspace: 59999K->59999K(1103872K)
[2022-03-25T10:17:02.075+0000][71272.725s] GC(284) Pause Young (Normal) (G1 Evacuation Pause) 311M->225M(512M) 911.277ms
[2022-03-25T10:17:02.077+0000][71272.727s] GC(284) User=0.61s Sys=0.28s Real=0.93s
[2022-03-25T10:17:04.996+0000][71275.647s] GC(285) Pause Young (Normal) (G1 Evacuation Pause)
[2022-03-25T10:17:05.016+0000][71275.666s] GC(285) Using 4 workers of 4 for evacuation
[2022-03-25T10:17:05.056+0000][71275.706s] GC(285)   Pre Evacuate Collection Set: 0.1ms
[2022-03-25T10:17:05.063+0000][71275.713s] GC(285)   Evacuate Collection Set: 25.2ms
[2022-03-25T10:17:05.088+0000][71275.738s] GC(285)   Post Evacuate Collection Set: 8.8ms
[2022-03-25T10:17:05.102+0000][71275.752s] GC(285)   Other: 25.4ms
[2022-03-25T10:17:05.120+0000][71275.770s] GC(285) Eden regions: 56->0(58)
[2022-03-25T10:17:05.125+0000][71275.776s] GC(285) Survivor regions: 2->2(8)
[2022-03-25T10:17:05.136+0000][71275.786s] GC(285) Old regions: 219->219
[2022-03-25T10:17:05.140+0000][71275.790s] GC(285) Humongous regions: 7->7
[2022-03-25T10:17:05.152+0000][71275.803s] GC(285) Metaspace: 59999K->59999K(1103872K)
[2022-03-25T10:17:05.169+0000][71275.819s] GC(285) Pause Young (Normal) (G1 Evacuation Pause) 281M->225M(512M) 172.060ms
[2022-03-25T10:17:05.185+0000][71275.835s] GC(285) User=0.01s Sys=0.00s Real=0.17s
[2022-03-25T10:17:08.794+0000][71279.445s] GC(286) Pause Young (Normal) (G1 Evacuation Pause)
[2022-03-25T10:17:08.798+0000][71279.448s] GC(286) Using 4 workers of 4 for evacuation
[2022-03-25T10:17:08.919+0000][71279.569s] GC(286)   Pre Evacuate Collection Set: 0.0ms
[2022-03-25T10:17:08.920+0000][71279.570s] GC(286)   Evacuate Collection Set: 103.4ms
[2022-03-25T10:17:08.933+0000][71279.583s] GC(286)   Post Evacuate Collection Set: 16.8ms
[2022-03-25T10:17:08.938+0000][71279.589s] GC(286)   Other: 4.4ms
[2022-03-25T10:17:08.940+0000][71279.590s] GC(286) Eden regions: 58->0(60)
[2022-03-25T10:17:08.951+0000][71279.601s] GC(286) Survivor regions: 2->2(8)
[2022-03-25T10:17:08.951+0000][71279.602s] GC(286) Old regions: 219->219
[2022-03-25T10:17:08.953+0000][71279.603s] GC(286) Humongous regions: 7->7
[2022-03-25T10:17:08.953+0000][71279.603s] GC(286) Metaspace: 60000K->60000K(1103872K)
[2022-03-25T10:17:08.953+0000][71279.604s] GC(286) Pause Young (Normal) (G1 Evacuation Pause) 283M->225M(512M) 158.961ms
[2022-03-25T10:17:08.954+0000][71279.604s] GC(286) User=0.08s Sys=0.00s Real=0.15s
[2022-03-25T10:17:11.083+0000][71281.733s] GC(287) Pause Young (Normal) (G1 Evacuation Pause)
[2022-03-25T10:17:11.091+0000][71281.741s] GC(287) Using 4 workers of 4 for evacuation
[2022-03-25T10:17:11.129+0000][71281.779s] GC(287)   Pre Evacuate Collection Set: 0.0ms
[2022-03-25T10:17:11.138+0000][71281.788s] GC(287)   Evacuate Collection Set: 19.2ms
[2022-03-25T10:17:11.138+0000][71281.789s] GC(287)   Post Evacuate Collection Set: 0.7ms
[2022-03-25T10:17:11.144+0000][71281.794s] GC(287)   Other: 25.9ms
[2022-03-25T10:17:11.157+0000][71281.808s] GC(287) Eden regions: 60->0(62)
[2022-03-25T10:17:11.162+0000][71281.813s] GC(287) Survivor regions: 2->2(8)
[2022-03-25T10:17:11.178+0000][71281.828s] GC(287) Old regions: 219->219
[2022-03-25T10:17:11.194+0000][71281.844s] GC(287) Humongous regions: 7->7
[2022-03-25T10:17:11.215+0000][71281.865s] GC(287) Metaspace: 60000K->60000K(1103872K)
[2022-03-25T10:17:11.241+0000][71281.891s] GC(287) Pause Young (Normal) (G1 Evacuation Pause) 285M->225M(512M) 158.391ms
[2022-03-25T10:17:11.247+0000][71281.897s] GC(287) User=0.02s Sys=0.00s Real=0.17s
[2022-03-25T10:17:14.398+0000][71285.049s] GC(288) Pause Young (Normal) (G1 Evacuation Pause)
[2022-03-25T10:17:14.399+0000][71285.049s] GC(288) Using 4 workers of 4 for evacuation
[2022-03-25T10:17:14.521+0000][71285.171s] GC(288)   Pre Evacuate Collection Set: 0.1ms
[2022-03-25T10:17:14.521+0000][71285.171s] GC(288)   Evacuate Collection Set: 114.5ms
[2022-03-25T10:17:14.523+0000][71285.173s] GC(288)   Post Evacuate Collection Set: 2.0ms
[2022-03-25T10:17:14.523+0000][71285.174s] GC(288)   Other: 5.8ms
[2022-03-25T10:17:14.524+0000][71285.174s] GC(288) Eden regions: 62->0(65)
[2022-03-25T10:17:14.524+0000][71285.175s] GC(288) Survivor regions: 2->2(8)
[2022-03-25T10:17:14.525+0000][71285.175s] GC(288) Old regions: 219->219
[2022-03-25T10:17:14.525+0000][71285.176s] GC(288) Humongous regions: 7->7
[2022-03-25T10:17:14.526+0000][71285.176s] GC(288) Metaspace: 60000K->60000K(1103872K)
[2022-03-25T10:17:14.526+0000][71285.176s] GC(288) Pause Young (Normal) (G1 Evacuation Pause) 287M->225M(512M) 127.755ms
[2022-03-25T10:17:14.527+0000][71285.177s] GC(288) User=0.09s Sys=0.02s Real=0.13s
[2022-03-25T10:17:17.145+0000][71287.795s] GC(289) Pause Young (Normal) (G1 Evacuation Pause)
[2022-03-25T10:17:17.153+0000][71287.803s] GC(289) Using 4 workers of 4 for evacuation
[2022-03-25T10:17:17.378+0000][71288.029s] GC(289)   Pre Evacuate Collection Set: 0.0ms
[2022-03-25T10:17:17.393+0000][71288.043s] GC(289)   Evacuate Collection Set: 207.8ms
[2022-03-25T10:17:17.409+0000][71288.059s] GC(289)   Post Evacuate Collection Set: 1.7ms
[2022-03-25T10:17:17.425+0000][71288.075s] GC(289)   Other: 23.6ms
[2022-03-25T10:17:17.441+0000][71288.091s] GC(289) Eden regions: 65->0(67)
[2022-03-25T10:17:17.457+0000][71288.107s] GC(289) Survivor regions: 2->2(9)
[2022-03-25T10:17:17.473+0000][71288.123s] GC(289) Old regions: 219->219
[2022-03-25T10:17:17.473+0000][71288.123s] GC(289) Humongous regions: 7->7
[2022-03-25T10:17:17.473+0000][71288.124s] GC(289) Metaspace: 60000K->60000K(1103872K)
[2022-03-25T10:17:17.489+0000][71288.139s] GC(289) Pause Young (Normal) (G1 Evacuation Pause) 290M->225M(512M) 343.746ms
[2022-03-25T10:17:17.522+0000][71288.172s] GC(289) User=0.07s Sys=0.10s Real=0.37s
[2022-03-25T10:17:30.140+0000][71300.790s] GC(290) Pause Young (Normal) (G1 Evacuation Pause)
[2022-03-25T10:17:30.153+0000][71300.804s] GC(290) Using 4 workers of 4 for evacuation
[2022-03-25T10:17:30.436+0000][71301.086s] GC(290) MMU target violated: 251.0ms (250.0ms/251.0ms)
[2022-03-25T10:17:30.460+0000][71301.110s] GC(290)   Pre Evacuate Collection Set: 29.9ms
[2022-03-25T10:17:30.464+0000][71301.115s] GC(290)   Evacuate Collection Set: 224.6ms
[2022-03-25T10:17:30.465+0000][71301.116s] GC(290)   Post Evacuate Collection Set: 1.1ms
[2022-03-25T10:17:30.468+0000][71301.119s] GC(290)   Other: 64.5ms
[2022-03-25T10:17:30.471+0000][71301.122s] GC(290) Eden regions: 67->0(67)
[2022-03-25T10:17:30.498+0000][71301.149s] GC(290) Survivor regions: 2->2(9)
[2022-03-25T10:17:30.517+0000][71301.168s] GC(290) Old regions: 219->219
[2022-03-25T10:17:30.518+0000][71301.169s] GC(290) Humongous regions: 7->7
[2022-03-25T10:17:30.521+0000][71301.171s] GC(290) Metaspace: 60000K->60000K(1103872K)
[2022-03-25T10:17:30.534+0000][71301.184s] GC(290) Pause Young (Normal) (G1 Evacuation Pause) 292M->225M(512M) 393.260ms
[2022-03-25T10:17:30.534+0000][71301.184s] GC(290) User=0.16s Sys=0.12s Real=0.39s
[2022-03-25T10:17:36.228+0000][71306.879s] GC(291) Pause Young (Normal) (G1 Evacuation Pause)
[2022-03-25T10:17:36.238+0000][71306.888s] GC(291) Using 4 workers of 4 for evacuation
[2022-03-25T10:17:36.358+0000][71307.009s] GC(291)   Pre Evacuate Collection Set: 0.1ms
[2022-03-25T10:17:36.360+0000][71307.011s] GC(291)   Evacuate Collection Set: 92.6ms
[2022-03-25T10:17:36.362+0000][71307.012s] GC(291)   Post Evacuate Collection Set: 0.6ms
[2022-03-25T10:17:36.365+0000][71307.015s] GC(291)   Other: 36.8ms
[2022-03-25T10:17:36.366+0000][71307.016s] GC(291) Eden regions: 67->0(70)
[2022-03-25T10:17:36.369+0000][71307.020s] GC(291) Survivor regions: 2->2(9)
[2022-03-25T10:17:36.402+0000][71307.052s] GC(291) Old regions: 219->219
[2022-03-25T10:17:36.435+0000][71307.086s] GC(291) Humongous regions: 7->7
[2022-03-25T10:17:36.439+0000][71307.089s] GC(291) Metaspace: 60000K->60000K(1103872K)
[2022-03-25T10:17:36.452+0000][71307.102s] GC(291) Pause Young (Normal) (G1 Evacuation Pause) 292M->225M(512M) 223.726ms
[2022-03-25T10:17:36.456+0000][71307.106s] GC(291) User=0.07s Sys=0.02s Real=0.23s
[2022-03-25T10:17:40.776+0000][71311.426s] GC(292) Pause Young (Normal) (G1 Evacuation Pause)
[2022-03-25T10:17:40.778+0000][71311.429s] GC(292) Using 4 workers of 4 for evacuation
[2022-03-25T10:17:40.889+0000][71311.540s] GC(292)   Pre Evacuate Collection Set: 0.0ms
[2022-03-25T10:17:40.904+0000][71311.554s] GC(292)   Evacuate Collection Set: 107.9ms
[2022-03-25T10:17:40.920+0000][71311.570s] GC(292)   Post Evacuate Collection Set: 0.6ms
[2022-03-25T10:17:40.936+0000][71311.587s] GC(292)   Other: 5.3ms
[2022-03-25T10:17:40.943+0000][71311.594s] GC(292) Eden regions: 70->0(73)
[2022-03-25T10:17:40.960+0000][71311.610s] GC(292) Survivor regions: 2->2(9)
[2022-03-25T10:17:40.978+0000][71311.628s] GC(292) Old regions: 219->219
[2022-03-25T10:17:40.992+0000][71311.642s] GC(292) Humongous regions: 7->7
[2022-03-25T10:17:41.008+0000][71311.658s] GC(292) Metaspace: 60000K->60000K(1103872K)
[2022-03-25T10:17:41.024+0000][71311.674s] GC(292) Pause Young (Normal) (G1 Evacuation Pause) 295M->225M(512M) 247.775ms
[2022-03-25T10:17:41.033+0000][71311.684s] GC(292) User=0.08s Sys=0.00s Real=0.25s
[2022-03-25T10:17:43.000+0000][71313.650s] GC(293) Pause Young (Normal) (G1 Evacuation Pause)
[2022-03-25T10:17:43.000+0000][71313.650s] GC(293) Using 4 workers of 4 for evacuation
[2022-03-25T10:17:43.019+0000][71313.670s] GC(293)   Pre Evacuate Collection Set: 0.0ms
[2022-03-25T10:17:43.020+0000][71313.670s] GC(293)   Evacuate Collection Set: 18.1ms
[2022-03-25T10:17:43.020+0000][71313.671s] GC(293)   Post Evacuate Collection Set: 0.5ms
[2022-03-25T10:17:43.021+0000][71313.671s] GC(293)   Other: 1.0ms
[2022-03-25T10:17:43.021+0000][71313.671s] GC(293) Eden regions: 73->0(79)
[2022-03-25T10:17:43.021+0000][71313.672s] GC(293) Survivor regions: 2->2(10)
[2022-03-25T10:17:43.023+0000][71313.673s] GC(293) Old regions: 219->219
[2022-03-25T10:17:43.023+0000][71313.674s] GC(293) Humongous regions: 7->7
[2022-03-25T10:17:43.024+0000][71313.674s] GC(293) Metaspace: 60000K->60000K(1103872K)
[2022-03-25T10:17:43.024+0000][71313.674s] GC(293) Pause Young (Normal) (G1 Evacuation Pause) 298M->225M(512M) 24.102ms
[2022-03-25T10:17:43.025+0000][71313.676s] GC(293) User=0.02s Sys=0.00s Real=0.03s
[2022-03-25T10:17:47.228+0000][71317.878s] GC(294) Pause Young (Normal) (G1 Evacuation Pause)
[2022-03-25T10:17:47.244+0000][71317.895s] GC(294) Using 4 workers of 4 for evacuation
[2022-03-25T10:17:47.387+0000][71318.037s] GC(294)   Pre Evacuate Collection Set: 0.0ms
[2022-03-25T10:17:47.400+0000][71318.050s] GC(294)   Evacuate Collection Set: 112.3ms
[2022-03-25T10:17:47.406+0000][71318.056s] GC(294)   Post Evacuate Collection Set: 0.6ms
[2022-03-25T10:17:47.406+0000][71318.056s] GC(294)   Other: 45.9ms
[2022-03-25T10:17:47.406+0000][71318.056s] GC(294) Eden regions: 79->0(82)
[2022-03-25T10:17:47.406+0000][71318.057s] GC(294) Survivor regions: 2->2(11)
[2022-03-25T10:17:47.406+0000][71318.057s] GC(294) Old regions: 219->219
[2022-03-25T10:17:47.407+0000][71318.057s] GC(294) Humongous regions: 7->7
[2022-03-25T10:17:47.407+0000][71318.057s] GC(294) Metaspace: 60000K->60000K(1103872K)
[2022-03-25T10:17:47.407+0000][71318.057s] GC(294) Pause Young (Normal) (G1 Evacuation Pause) 304M->225M(512M) 178.828ms
[2022-03-25T10:17:47.407+0000][71318.057s] GC(294) User=0.03s Sys=0.06s Real=0.19s
[2022-03-25T10:17:54.406+0000][71325.056s] GC(295) Pause Young (Normal) (G1 Evacuation Pause)
[2022-03-25T10:17:54.408+0000][71325.058s] GC(295) Using 4 workers of 4 for evacuation
[2022-03-25T10:17:54.744+0000][71325.394s] GC(295) MMU target violated: 251.0ms (250.0ms/251.0ms)
[2022-03-25T10:17:54.807+0000][71325.457s] GC(295)   Pre Evacuate Collection Set: 0.0ms
[2022-03-25T10:17:54.844+0000][71325.494s] GC(295)   Evacuate Collection Set: 333.3ms
[2022-03-25T10:17:54.937+0000][71325.587s] GC(295)   Post Evacuate Collection Set: 0.8ms
[2022-03-25T10:17:54.969+0000][71325.619s] GC(295)   Other: 66.8ms
[2022-03-25T10:17:55.001+0000][71325.651s] GC(295) Eden regions: 82->0(71)
[2022-03-25T10:17:55.056+0000][71325.706s] GC(295) Survivor regions: 2->2(11)
[2022-03-25T10:17:55.127+0000][71325.777s] GC(295) Old regions: 219->219
[2022-03-25T10:17:55.129+0000][71325.779s] GC(295) Humongous regions: 7->7
[2022-03-25T10:17:55.159+0000][71325.809s] GC(295) Metaspace: 60000K->60000K(1103872K)
[2022-03-25T10:17:55.198+0000][71325.848s] GC(295) Pause Young (Normal) (G1 Evacuation Pause) 307M->226M(512M) 791.877ms
[2022-03-25T10:17:55.209+0000][71325.859s] GC(295) User=0.16s Sys=0.17s Real=0.80s
[2022-03-25T10:17:58.843+0000][71329.494s] GC(296) Pause Young (Normal) (G1 Evacuation Pause)
[2022-03-25T10:17:58.855+0000][71329.505s] GC(296) Using 4 workers of 4 for evacuation
[2022-03-25T10:17:58.929+0000][71329.579s] GC(296)   Pre Evacuate Collection Set: 0.1ms
[2022-03-25T10:17:58.930+0000][71329.581s] GC(296)   Evacuate Collection Set: 65.6ms
[2022-03-25T10:17:58.931+0000][71329.581s] GC(296)   Post Evacuate Collection Set: 0.9ms
[2022-03-25T10:17:58.931+0000][71329.581s] GC(296)   Other: 19.3ms
[2022-03-25T10:17:58.931+0000][71329.581s] GC(296) Eden regions: 71->0(74)
[2022-03-25T10:17:58.931+0000][71329.582s] GC(296) Survivor regions: 2->2(10)
[2022-03-25T10:17:58.932+0000][71329.582s] GC(296) Old regions: 219->220
[2022-03-25T10:17:58.932+0000][71329.582s] GC(296) Humongous regions: 7->7
[2022-03-25T10:17:58.932+0000][71329.582s] GC(296) Metaspace: 60000K->60000K(1103872K)
[2022-03-25T10:17:58.932+0000][71329.583s] GC(296) Pause Young (Normal) (G1 Evacuation Pause) 297M->226M(512M) 89.059ms
[2022-03-25T10:17:58.933+0000][71329.583s] GC(296) User=0.06s Sys=0.05s Real=0.09s
[2022-03-25T10:18:02.663+0000][71333.313s] GC(297) Pause Young (Normal) (G1 Evacuation Pause)
[2022-03-25T10:18:02.664+0000][71333.314s] GC(297) Using 4 workers of 4 for evacuation
[2022-03-25T10:18:02.762+0000][71333.412s] GC(297)   Pre Evacuate Collection Set: 0.0ms
[2022-03-25T10:18:02.777+0000][71333.427s] GC(297)   Evacuate Collection Set: 95.8ms
[2022-03-25T10:18:02.809+0000][71333.459s] GC(297)   Post Evacuate Collection Set: 0.6ms
[2022-03-25T10:18:02.815+0000][71333.465s] GC(297)   Other: 2.7ms
[2022-03-25T10:18:02.825+0000][71333.475s] GC(297) Eden regions: 74->0(76)
[2022-03-25T10:18:02.842+0000][71333.492s] GC(297) Survivor regions: 2->2(10)
[2022-03-25T10:18:02.845+0000][71333.495s] GC(297) Old regions: 220->220
[2022-03-25T10:18:02.848+0000][71333.498s] GC(297) Humongous regions: 7->7
[2022-03-25T10:18:02.857+0000][71333.507s] GC(297) Metaspace: 60013K->60013K(1103872K)
[2022-03-25T10:18:02.858+0000][71333.508s] GC(297) Pause Young (Normal) (G1 Evacuation Pause) 300M->226M(512M) 194.688ms
[2022-03-25T10:18:02.862+0000][71333.513s] GC(297) User=0.04s Sys=0.04s Real=0.20s
[2022-03-25T10:18:06.816+0000][71337.466s] GC(298) Pause Young (Normal) (G1 Evacuation Pause)
[2022-03-25T10:18:06.837+0000][71337.487s] GC(298) Using 4 workers of 4 for evacuation
[2022-03-25T10:18:07.144+0000][71337.795s] GC(298) MMU target violated: 251.0ms (250.0ms/251.0ms)
[2022-03-25T10:18:07.155+0000][71337.805s] GC(298)   Pre Evacuate Collection Set: 0.1ms
[2022-03-25T10:18:07.171+0000][71337.821s] GC(298)   Evacuate Collection Set: 181.1ms
[2022-03-25T10:18:07.187+0000][71337.837s] GC(298)   Post Evacuate Collection Set: 109.8ms
[2022-03-25T10:18:07.190+0000][71337.840s] GC(298)   Other: 48.6ms
[2022-03-25T10:18:07.220+0000][71337.870s] GC(298) Eden regions: 76->0(80)
[2022-03-25T10:18:07.221+0000][71337.871s] GC(298) Survivor regions: 2->2(10)
[2022-03-25T10:18:07.221+0000][71337.871s] GC(298) Old regions: 220->220
[2022-03-25T10:18:07.222+0000][71337.872s] GC(298) Humongous regions: 7->7
[2022-03-25T10:18:07.237+0000][71337.887s] GC(298) Metaspace: 60040K->60040K(1103872K)
[2022-03-25T10:18:07.252+0000][71337.902s] GC(298) Pause Young (Normal) (G1 Evacuation Pause) 302M->226M(512M) 436.481ms
[2022-03-25T10:18:07.268+0000][71337.918s] GC(298) User=0.06s Sys=0.10s Real=0.44s
[2022-03-25T10:18:13.349+0000][71343.999s] GC(299) Pause Young (Normal) (G1 Evacuation Pause)
[2022-03-25T10:18:13.350+0000][71344.000s] GC(299) Using 4 workers of 4 for evacuation
[2022-03-25T10:18:13.435+0000][71344.085s] GC(299)   Pre Evacuate Collection Set: 0.3ms
[2022-03-25T10:18:13.450+0000][71344.100s] GC(299)   Evacuate Collection Set: 55.2ms
[2022-03-25T10:18:13.451+0000][71344.101s] GC(299)   Post Evacuate Collection Set: 27.9ms
[2022-03-25T10:18:13.451+0000][71344.101s] GC(299)   Other: 2.8ms
[2022-03-25T10:18:13.451+0000][71344.102s] GC(299) Eden regions: 80->0(85)
[2022-03-25T10:18:13.452+0000][71344.102s] GC(299) Survivor regions: 2->2(11)
[2022-03-25T10:18:13.452+0000][71344.102s] GC(299) Old regions: 220->220
[2022-03-25T10:18:13.453+0000][71344.103s] GC(299) Humongous regions: 7->7
[2022-03-25T10:18:13.454+0000][71344.104s] GC(299) Metaspace: 60040K->60040K(1103872K)
[2022-03-25T10:18:13.454+0000][71344.105s] GC(299) Pause Young (Normal) (G1 Evacuation Pause) 306M->225M(512M) 105.174ms
[2022-03-25T10:18:13.455+0000][71344.105s] GC(299) User=0.05s Sys=0.00s Real=0.11s
[2022-03-25T10:18:17.890+0000][71348.541s] GC(300) Pause Young (Normal) (G1 Evacuation Pause)
[2022-03-25T10:18:17.892+0000][71348.543s] GC(300) Using 4 workers of 4 for evacuation
[2022-03-25T10:18:18.177+0000][71348.828s] GC(300) MMU target violated: 251.0ms (250.0ms/251.0ms)
[2022-03-25T10:18:18.212+0000][71348.862s] GC(300)   Pre Evacuate Collection Set: 0.1ms
[2022-03-25T10:18:18.222+0000][71348.872s] GC(300)   Evacuate Collection Set: 283.8ms
[2022-03-25T10:18:18.224+0000][71348.874s] GC(300)   Post Evacuate Collection Set: 0.6ms
[2022-03-25T10:18:18.264+0000][71348.915s] GC(300)   Other: 36.9ms
[2022-03-25T10:18:18.281+0000][71348.931s] GC(300) Eden regions: 85->0(73)
[2022-03-25T10:18:18.297+0000][71348.947s] GC(300) Survivor regions: 2->2(11)
[2022-03-25T10:18:18.307+0000][71348.957s] GC(300) Old regions: 220->220
[2022-03-25T10:18:18.330+0000][71348.980s] GC(300) Humongous regions: 7->7
[2022-03-25T10:18:18.356+0000][71349.006s] GC(300) Metaspace: 60040K->60040K(1103872K)
[2022-03-25T10:18:18.374+0000][71349.024s] GC(300) Pause Young (Normal) (G1 Evacuation Pause) 310M->225M(512M) 483.426ms
[2022-03-25T10:18:18.391+0000][71349.041s] GC(300) User=0.12s Sys=0.25s Real=0.50s
[2022-03-25T10:18:21.884+0000][71352.534s] GC(301) Pause Young (Normal) (G1 Evacuation Pause)
[2022-03-25T10:18:21.898+0000][71352.549s] GC(301) Using 4 workers of 4 for evacuation
[2022-03-25T10:18:21.990+0000][71352.640s] GC(301)   Pre Evacuate Collection Set: 0.1ms
[2022-03-25T10:18:22.010+0000][71352.660s] GC(301)   Evacuate Collection Set: 88.8ms
[2022-03-25T10:18:22.016+0000][71352.666s] GC(301)   Post Evacuate Collection Set: 0.6ms
[2022-03-25T10:18:22.018+0000][71352.669s] GC(301)   Other: 16.7ms
[2022-03-25T10:18:22.021+0000][71352.671s] GC(301) Eden regions: 73->0(77)
[2022-03-25T10:18:22.027+0000][71352.678s] GC(301) Survivor regions: 2->3(10)
[2022-03-25T10:18:22.029+0000][71352.679s] GC(301) Old regions: 220->220
[2022-03-25T10:18:22.029+0000][71352.680s] GC(301) Humongous regions: 7->7
[2022-03-25T10:18:22.031+0000][71352.681s] GC(301) Metaspace: 60040K->60040K(1103872K)
[2022-03-25T10:18:22.032+0000][71352.682s] GC(301) Pause Young (Normal) (G1 Evacuation Pause) 298M->226M(512M) 147.784ms
[2022-03-25T10:18:22.033+0000][71352.683s] GC(301) User=0.03s Sys=0.03s Real=0.18s
[2022-03-25T10:18:25.595+0000][71356.245s] GC(302) Pause Young (Normal) (G1 Evacuation Pause)
[2022-03-25T10:18:25.602+0000][71356.252s] GC(302) Using 4 workers of 4 for evacuation
[2022-03-25T10:18:25.667+0000][71356.317s] GC(302)   Pre Evacuate Collection Set: 0.0ms
[2022-03-25T10:18:25.670+0000][71356.320s] GC(302)   Evacuate Collection Set: 52.0ms
[2022-03-25T10:18:25.673+0000][71356.323s] GC(302)   Post Evacuate Collection Set: 1.2ms
[2022-03-25T10:18:25.680+0000][71356.331s] GC(302)   Other: 18.1ms
[2022-03-25T10:18:25.691+0000][71356.342s] GC(302) Eden regions: 77->0(83)
[2022-03-25T10:18:25.697+0000][71356.347s] GC(302) Survivor regions: 3->2(10)
[2022-03-25T10:18:25.709+0000][71356.359s] GC(302) Old regions: 220->220
[2022-03-25T10:18:25.710+0000][71356.360s] GC(302) Humongous regions: 7->7
[2022-03-25T10:18:25.711+0000][71356.361s] GC(302) Metaspace: 60041K->60041K(1103872K)
[2022-03-25T10:18:25.711+0000][71356.362s] GC(302) Pause Young (Normal) (G1 Evacuation Pause) 303M->226M(512M) 116.138ms
[2022-03-25T10:18:25.712+0000][71356.362s] GC(302) User=0.01s Sys=0.03s Real=0.11s
[2022-03-25T10:18:32.457+0000][71363.107s] GC(303) Pause Young (Normal) (G1 Evacuation Pause)
[2022-03-25T10:18:32.457+0000][71363.107s] GC(303) Using 4 workers of 4 for evacuation
[2022-03-25T10:18:32.518+0000][71363.168s] GC(303)   Pre Evacuate Collection Set: 0.0ms
[2022-03-25T10:18:32.518+0000][71363.169s] GC(303)   Evacuate Collection Set: 59.5ms
[2022-03-25T10:18:32.519+0000][71363.169s] GC(303)   Post Evacuate Collection Set: 0.6ms
[2022-03-25T10:18:32.519+0000][71363.169s] GC(303)   Other: 1.0ms
[2022-03-25T10:18:32.519+0000][71363.170s] GC(303) Eden regions: 83->0(92)
[2022-03-25T10:18:32.520+0000][71363.170s] GC(303) Survivor regions: 2->2(11)
[2022-03-25T10:18:32.521+0000][71363.171s] GC(303) Old regions: 220->220
[2022-03-25T10:18:32.521+0000][71363.171s] GC(303) Humongous regions: 7->7
[2022-03-25T10:18:32.521+0000][71363.171s] GC(303) Metaspace: 60041K->60041K(1103872K)
[2022-03-25T10:18:32.522+0000][71363.172s] GC(303) Pause Young (Normal) (G1 Evacuation Pause) 309M->226M(512M) 65.039ms
[2022-03-25T10:18:32.522+0000][71363.173s] GC(303) User=0.06s Sys=0.00s Real=0.06s
[2022-03-25T10:18:36.718+0000][71367.368s] GC(304) Pause Young (Normal) (G1 Evacuation Pause)
[2022-03-25T10:18:36.723+0000][71367.373s] GC(304) Using 4 workers of 4 for evacuation
[2022-03-25T10:18:36.809+0000][71367.459s] GC(304)   Pre Evacuate Collection Set: 0.0ms
[2022-03-25T10:18:36.813+0000][71367.464s] GC(304)   Evacuate Collection Set: 84.5ms
[2022-03-25T10:18:36.828+0000][71367.479s] GC(304)   Post Evacuate Collection Set: 0.8ms
[2022-03-25T10:18:36.844+0000][71367.495s] GC(304)   Other: 5.8ms
[2022-03-25T10:18:36.851+0000][71367.501s] GC(304) Eden regions: 92->0(100)
[2022-03-25T10:18:36.853+0000][71367.504s] GC(304) Survivor regions: 2->2(12)
[2022-03-25T10:18:36.857+0000][71367.508s] GC(304) Old regions: 220->220
[2022-03-25T10:18:36.863+0000][71367.513s] GC(304) Humongous regions: 7->7
[2022-03-25T10:18:36.866+0000][71367.516s] GC(304) Metaspace: 60041K->60041K(1103872K)
[2022-03-25T10:18:36.868+0000][71367.518s] GC(304) Pause Young (Normal) (G1 Evacuation Pause) 318M->226M(512M) 149.860ms
[2022-03-25T10:18:36.870+0000][71367.520s] GC(304) User=0.06s Sys=0.05s Real=0.15s
[2022-03-25T10:18:42.089+0000][71372.739s] GC(305) Pause Young (Normal) (G1 Evacuation Pause)
[2022-03-25T10:18:42.137+0000][71372.788s] GC(305) Using 4 workers of 4 for evacuation
[2022-03-25T10:18:42.425+0000][71373.075s] GC(305)   Pre Evacuate Collection Set: 0.0ms
[2022-03-25T10:18:42.440+0000][71373.091s] GC(305)   Evacuate Collection Set: 220.2ms
[2022-03-25T10:18:42.444+0000][71373.094s] GC(305)   Post Evacuate Collection Set: 1.6ms
[2022-03-25T10:18:42.455+0000][71373.106s] GC(305)   Other: 114.3ms
[2022-03-25T10:18:42.472+0000][71373.122s] GC(305) Eden regions: 100->0(88)
[2022-03-25T10:18:42.488+0000][71373.138s] GC(305) Survivor regions: 2->2(13)
[2022-03-25T10:18:42.490+0000][71373.141s] GC(305) Old regions: 220->220
[2022-03-25T10:18:42.494+0000][71373.145s] GC(305) Humongous regions: 7->7
[2022-03-25T10:18:42.516+0000][71373.167s] GC(305) Metaspace: 60041K->60041K(1103872K)
[2022-03-25T10:18:42.533+0000][71373.183s] GC(305) Pause Young (Normal) (G1 Evacuation Pause) 326M->226M(512M) 443.858ms
[2022-03-25T10:18:42.548+0000][71373.198s] GC(305) User=0.05s Sys=0.13s Real=0.45s
[2022-03-25T10:18:46.425+0000][71377.076s] GC(306) Pause Young (Normal) (G1 Evacuation Pause)
[2022-03-25T10:18:46.430+0000][71377.080s] GC(306) Using 4 workers of 4 for evacuation
[2022-03-25T10:18:46.521+0000][71377.171s] GC(306)   Pre Evacuate Collection Set: 0.0ms
[2022-03-25T10:18:46.568+0000][71377.218s] GC(306)   Evacuate Collection Set: 90.5ms
[2022-03-25T10:18:46.580+0000][71377.230s] GC(306)   Post Evacuate Collection Set: 0.5ms
[2022-03-25T10:18:46.606+0000][71377.257s] GC(306)   Other: 4.9ms
[2022-03-25T10:18:46.617+0000][71377.268s] GC(306) Eden regions: 88->0(95)
[2022-03-25T10:18:46.619+0000][71377.270s] GC(306) Survivor regions: 2->2(12)
[2022-03-25T10:18:46.622+0000][71377.272s] GC(306) Old regions: 220->220
[2022-03-25T10:18:46.622+0000][71377.273s] GC(306) Humongous regions: 7->7
[2022-03-25T10:18:46.622+0000][71377.273s] GC(306) Metaspace: 60041K->60041K(1103872K)
[2022-03-25T10:18:46.623+0000][71377.273s] GC(306) Pause Young (Normal) (G1 Evacuation Pause) 314M->226M(512M) 197.423ms
[2022-03-25T10:18:46.624+0000][71377.274s] GC(306) User=0.02s Sys=0.02s Real=0.20s
[2022-03-25T10:51:48.000+0000][73358.651s] GC(307) Pause Young (Normal) (G1 Evacuation Pause)
[2022-03-25T10:51:48.001+0000][73358.652s] GC(307) Using 4 workers of 4 for evacuation
[2022-03-25T10:51:48.134+0000][73358.784s] GC(307)   Pre Evacuate Collection Set: 31.9ms
[2022-03-25T10:51:48.134+0000][73358.784s] GC(307)   Evacuate Collection Set: 90.4ms
[2022-03-25T10:51:48.134+0000][73358.785s] GC(307)   Post Evacuate Collection Set: 8.0ms
[2022-03-25T10:51:48.135+0000][73358.786s] GC(307)   Other: 3.7ms
[2022-03-25T10:51:48.137+0000][73358.787s] GC(307) Eden regions: 95->0(99)
[2022-03-25T10:51:48.137+0000][73358.788s] GC(307) Survivor regions: 2->2(13)
[2022-03-25T10:51:48.138+0000][73358.788s] GC(307) Old regions: 220->220
[2022-03-25T10:51:48.138+0000][73358.788s] GC(307) Humongous regions: 7->7
[2022-03-25T10:51:48.139+0000][73358.789s] GC(307) Metaspace: 60046K->60046K(1103872K)
[2022-03-25T10:51:48.140+0000][73358.790s] GC(307) Pause Young (Normal) (G1 Evacuation Pause) 321M->226M(512M) 139.013ms
[2022-03-25T10:51:48.140+0000][73358.791s] GC(307) User=0.40s Sys=0.00s Real=0.14s
[2022-03-25T12:54:33.615+0000][80724.265s] GC(308) Pause Young (Normal) (G1 Evacuation Pause)
[2022-03-25T12:54:33.623+0000][80724.273s] GC(308) Using 4 workers of 4 for evacuation
[2022-03-25T12:54:33.889+0000][80724.539s] GC(308) MMU target violated: 251.0ms (250.0ms/251.0ms)
[2022-03-25T12:54:33.890+0000][80724.540s] GC(308)   Pre Evacuate Collection Set: 34.8ms
[2022-03-25T12:54:33.890+0000][80724.540s] GC(308)   Evacuate Collection Set: 176.2ms
[2022-03-25T12:54:33.907+0000][80724.557s] GC(308)   Post Evacuate Collection Set: 41.3ms
[2022-03-25T12:54:33.926+0000][80724.576s] GC(308)   Other: 23.2ms
[2022-03-25T12:54:33.927+0000][80724.577s] GC(308) Eden regions: 99->0(101)
[2022-03-25T12:54:33.928+0000][80724.578s] GC(308) Survivor regions: 2->2(13)
[2022-03-25T12:54:33.928+0000][80724.579s] GC(308) Old regions: 220->220
[2022-03-25T12:54:33.929+0000][80724.579s] GC(308) Humongous regions: 7->7
[2022-03-25T12:54:33.929+0000][80724.579s] GC(308) Metaspace: 60046K->60046K(1103872K)
[2022-03-25T12:54:33.930+0000][80724.580s] GC(308) Pause Young (Normal) (G1 Evacuation Pause) 325M->226M(512M) 315.248ms
[2022-03-25T12:54:33.934+0000][80724.584s] GC(308) User=0.77s Sys=0.00s Real=0.31s
