[2022-03-22T11:01:45.099+0000][0.279s] Heap region size: 1M
[2022-03-22T11:01:47.845+0000][3.026s] Using G1
[2022-03-22T11:01:47.855+0000][3.035s] Heap address: 0x00000000e0000000, size: 512 MB, Compressed Oops mode: 32-bit
[2022-03-22T11:01:47.891+0000][3.071s] Mark closed archive regions in map: [0x00000000fff00000, 0x00000000fff63ff8]
[2022-03-22T11:01:47.892+0000][3.073s] Mark open archive regions in map: [0x00000000ffe00000, 0x00000000ffe41ff8]
[2022-03-22T11:01:59.710+0000][14.891s] GC(0) Pause Young (Normal) (G1 Evacuation Pause)
[2022-03-22T11:01:59.735+0000][14.915s] GC(0) Using 4 workers of 4 for evacuation
[2022-03-22T11:02:00.005+0000][15.185s] GC(0)   Pre Evacuate Collection Set: 0.1ms
[2022-03-22T11:02:00.012+0000][15.192s] GC(0)   Evacuate Collection Set: 201.1ms
[2022-03-22T11:02:00.012+0000][15.193s] GC(0)   Post Evacuate Collection Set: 44.3ms
[2022-03-22T11:02:00.013+0000][15.193s] GC(0)   Other: 50.5ms
[2022-03-22T11:02:00.013+0000][15.193s] GC(0) Eden regions: 25->0(22)
[2022-03-22T11:02:00.013+0000][15.194s] GC(0) Survivor regions: 0->3(4)
[2022-03-22T11:02:00.014+0000][15.194s] GC(0) Old regions: 2->2
[2022-03-22T11:02:00.014+0000][15.194s] GC(0) Humongous regions: 0->0
[2022-03-22T11:02:00.014+0000][15.194s] GC(0) Metaspace: 6915K->6915K(1056768K)
[2022-03-22T11:02:00.014+0000][15.195s] GC(0) Pause Young (Normal) (G1 Evacuation Pause) 25M->3M(512M) 304.253ms
[2022-03-22T11:02:00.015+0000][15.195s] GC(0) User=0.16s Sys=0.04s Real=0.30s
[2022-03-22T11:02:07.374+0000][22.555s] GC(1) Pause Young (Normal) (G1 Evacuation Pause)
[2022-03-22T11:02:07.375+0000][22.555s] GC(1) Using 4 workers of 4 for evacuation
[2022-03-22T11:02:07.990+0000][23.171s] GC(1) MMU target violated: 251.0ms (250.0ms/251.0ms)
[2022-03-22T11:02:08.006+0000][23.186s] GC(1)   Pre Evacuate Collection Set: 0.1ms
[2022-03-22T11:02:08.024+0000][23.204s] GC(1)   Evacuate Collection Set: 561.7ms
[2022-03-22T11:02:08.061+0000][23.241s] GC(1)   Post Evacuate Collection Set: 40.8ms
[2022-03-22T11:02:08.078+0000][23.259s] GC(1)   Other: 29.1ms
[2022-03-22T11:02:08.127+0000][23.307s] GC(1) Eden regions: 22->0(21)
[2022-03-22T11:02:08.175+0000][23.355s] GC(1) Survivor regions: 3->4(4)
[2022-03-22T11:02:08.191+0000][23.371s] GC(1) Old regions: 2->10
[2022-03-22T11:02:08.203+0000][23.383s] GC(1) Humongous regions: 4->4
[2022-03-22T11:02:08.203+0000][23.384s] GC(1) Metaspace: 12925K->12925K(1060864K)
[2022-03-22T11:02:08.211+0000][23.391s] GC(1) Pause Young (Normal) (G1 Evacuation Pause) 29M->15M(512M) 836.261ms
[2022-03-22T11:02:08.227+0000][23.408s] GC(1) User=0.42s Sys=0.08s Real=0.86s
[2022-03-22T11:02:14.605+0000][29.785s] GC(2) Pause Young (Normal) (G1 Evacuation Pause)
[2022-03-22T11:02:14.621+0000][29.802s] GC(2) Using 4 workers of 4 for evacuation
[2022-03-22T11:02:15.045+0000][30.225s] GC(2) MMU target violated: 251.0ms (250.0ms/251.0ms)
[2022-03-22T11:02:15.076+0000][30.256s] GC(2)   Pre Evacuate Collection Set: 0.0ms
[2022-03-22T11:02:15.091+0000][30.271s] GC(2)   Evacuate Collection Set: 373.7ms
[2022-03-22T11:02:15.100+0000][30.280s] GC(2)   Post Evacuate Collection Set: 46.0ms
[2022-03-22T11:02:15.169+0000][30.349s] GC(2)   Other: 51.6ms
[2022-03-22T11:02:15.207+0000][30.388s] GC(2) Eden regions: 21->0(21)
[2022-03-22T11:02:15.268+0000][30.449s] GC(2) Survivor regions: 4->4(4)
[2022-03-22T11:02:15.318+0000][30.498s] GC(2) Old regions: 10->14
[2022-03-22T11:02:15.350+0000][30.531s] GC(2) Humongous regions: 4->4
[2022-03-22T11:02:15.366+0000][30.547s] GC(2) Metaspace: 15737K->15737K(1062912K)
[2022-03-22T11:02:15.389+0000][30.569s] GC(2) Pause Young (Normal) (G1 Evacuation Pause) 36M->20M(512M) 783.981ms
[2022-03-22T11:02:15.392+0000][30.572s] GC(2) User=0.37s Sys=0.05s Real=0.80s
[2022-03-22T11:02:19.332+0000][34.512s] GC(3) Pause Young (Normal) (G1 Evacuation Pause)
[2022-03-22T11:02:19.333+0000][34.513s] GC(3) Using 4 workers of 4 for evacuation
[2022-03-22T11:02:19.620+0000][34.800s] GC(3) MMU target violated: 251.0ms (250.0ms/251.0ms)
[2022-03-22T11:02:19.657+0000][34.837s] GC(3)   Pre Evacuate Collection Set: 0.1ms
[2022-03-22T11:02:19.673+0000][34.853s] GC(3)   Evacuate Collection Set: 248.6ms
[2022-03-22T11:02:19.687+0000][34.868s] GC(3)   Post Evacuate Collection Set: 36.7ms
[2022-03-22T11:02:19.688+0000][34.869s] GC(3)   Other: 39.7ms
[2022-03-22T11:02:19.692+0000][34.872s] GC(3) Eden regions: 21->0(21)
[2022-03-22T11:02:19.692+0000][34.872s] GC(3) Survivor regions: 4->4(4)
[2022-03-22T11:02:19.692+0000][34.873s] GC(3) Old regions: 14->19
[2022-03-22T11:02:19.692+0000][34.873s] GC(3) Humongous regions: 4->4
[2022-03-22T11:02:19.693+0000][34.873s] GC(3) Metaspace: 17495K->17495K(1064960K)
[2022-03-22T11:02:19.693+0000][34.874s] GC(3) Pause Young (Normal) (G1 Evacuation Pause) 41M->24M(512M) 361.738ms
[2022-03-22T11:02:19.694+0000][34.874s] GC(3) User=0.15s Sys=0.09s Real=0.37s
[2022-03-22T11:02:22.335+0000][37.515s] GC(4) Pause Young (Normal) (G1 Evacuation Pause)
[2022-03-22T11:02:22.340+0000][37.520s] GC(4) Using 4 workers of 4 for evacuation
[2022-03-22T11:02:22.409+0000][37.590s] GC(4)   Pre Evacuate Collection Set: 0.0ms
[2022-03-22T11:02:22.412+0000][37.592s] GC(4)   Evacuate Collection Set: 60.7ms
[2022-03-22T11:02:22.421+0000][37.601s] GC(4)   Post Evacuate Collection Set: 0.5ms
[2022-03-22T11:02:22.429+0000][37.609s] GC(4)   Other: 13.8ms
[2022-03-22T11:02:22.432+0000][37.613s] GC(4) Eden regions: 21->0(27)
[2022-03-22T11:02:22.437+0000][37.617s] GC(4) Survivor regions: 4->1(4)
[2022-03-22T11:02:22.446+0000][37.626s] GC(4) Old regions: 19->22
[2022-03-22T11:02:22.458+0000][37.638s] GC(4) Humongous regions: 4->4
[2022-03-22T11:02:22.461+0000][37.641s] GC(4) Metaspace: 19755K->19755K(1067008K)
[2022-03-22T11:02:22.464+0000][37.645s] GC(4) Pause Young (Normal) (G1 Evacuation Pause) 45M->24M(512M) 129.922ms
[2022-03-22T11:02:22.473+0000][37.654s] GC(4) User=0.05s Sys=0.00s Real=0.14s
[2022-03-22T11:02:22.923+0000][38.103s] GC(5) Pause Young (Concurrent Start) (Metadata GC Threshold)
[2022-03-22T11:02:22.923+0000][38.104s] GC(5) Using 4 workers of 4 for evacuation
[2022-03-22T11:02:23.001+0000][38.182s] GC(5)   Pre Evacuate Collection Set: 0.1ms
[2022-03-22T11:02:23.010+0000][38.190s] GC(5)   Evacuate Collection Set: 66.5ms
[2022-03-22T11:02:23.013+0000][38.193s] GC(5)   Post Evacuate Collection Set: 0.4ms
[2022-03-22T11:02:23.014+0000][38.195s] GC(5)   Other: 11.4ms
[2022-03-22T11:02:23.016+0000][38.197s] GC(5) Eden regions: 6->0(32)
[2022-03-22T11:02:23.018+0000][38.199s] GC(5) Survivor regions: 1->1(4)
[2022-03-22T11:02:23.019+0000][38.199s] GC(5) Old regions: 22->22
[2022-03-22T11:02:23.020+0000][38.200s] GC(5) Humongous regions: 4->4
[2022-03-22T11:02:23.020+0000][38.201s] GC(5) Metaspace: 20445K->20445K(1067008K)
[2022-03-22T11:02:23.021+0000][38.202s] GC(5) Pause Young (Concurrent Start) (Metadata GC Threshold) 29M->24M(512M) 98.337ms
[2022-03-22T11:02:23.026+0000][38.207s] GC(5) User=0.03s Sys=0.01s Real=0.10s
[2022-03-22T11:02:23.032+0000][38.212s] GC(6) Concurrent Cycle
[2022-03-22T11:02:23.033+0000][38.213s] GC(6) Concurrent Clear Claimed Marks
[2022-03-22T11:02:23.034+0000][38.215s] GC(6) Concurrent Clear Claimed Marks 1.383ms
[2022-03-22T11:02:23.042+0000][38.222s] GC(6) Concurrent Scan Root Regions
[2022-03-22T11:02:23.073+0000][38.253s] GC(6) Concurrent Scan Root Regions 31.473ms
[2022-03-22T11:02:23.077+0000][38.257s] GC(6) Concurrent Mark (38.257s)
[2022-03-22T11:02:23.078+0000][38.258s] GC(6) Concurrent Mark From Roots
[2022-03-22T11:02:23.078+0000][38.258s] GC(6) Using 1 workers of 1 for marking
[2022-03-22T11:02:23.394+0000][38.574s] GC(6) Concurrent Mark From Roots 316.061ms
[2022-03-22T11:02:23.394+0000][38.574s] GC(6) Concurrent Preclean
[2022-03-22T11:02:23.398+0000][38.578s] GC(6) Concurrent Preclean 3.683ms
[2022-03-22T11:02:23.417+0000][38.598s] GC(6) Concurrent Mark (38.257s, 38.598s) 340.113ms
[2022-03-22T11:02:23.430+0000][38.610s] GC(6) Pause Remark
[2022-03-22T11:02:23.524+0000][38.705s] GC(6) Cleaned string and symbol table, strings: 9369 processed, 26 removed, symbols: 62089 processed, 30 removed
[2022-03-22T11:02:23.532+0000][38.712s] GC(6) Pause Remark 27M->27M(512M) 101.731ms
[2022-03-22T11:02:23.532+0000][38.712s] GC(6) User=0.04s Sys=0.00s Real=0.11s
[2022-03-22T11:02:23.533+0000][38.714s] GC(6) Concurrent Rebuild Remembered Sets
[2022-03-22T11:02:23.853+0000][39.033s] GC(6) Concurrent Rebuild Remembered Sets 319.740ms
[2022-03-22T11:02:23.854+0000][39.034s] GC(6) Pause Cleanup
[2022-03-22T11:02:23.856+0000][39.036s] GC(6) Pause Cleanup 30M->30M(512M) 1.796ms
[2022-03-22T11:02:23.856+0000][39.036s] GC(6) User=0.00s Sys=0.00s Real=0.00s
[2022-03-22T11:02:23.856+0000][39.037s] GC(6) Concurrent Cleanup for Next Mark
[2022-03-22T11:02:23.859+0000][39.039s] GC(6) Concurrent Cleanup for Next Mark 2.153ms
[2022-03-22T11:02:23.859+0000][39.039s] GC(6) Concurrent Cycle 827.370ms
[2022-03-22T11:02:29.145+0000][44.325s] GC(7) Pause Young (Concurrent Start) (G1 Evacuation Pause)
[2022-03-22T11:02:29.158+0000][44.338s] GC(7) Using 4 workers of 4 for evacuation
[2022-03-22T11:02:29.227+0000][44.407s] GC(7)   Pre Evacuate Collection Set: 0.1ms
[2022-03-22T11:02:29.227+0000][44.407s] GC(7)   Evacuate Collection Set: 67.0ms
[2022-03-22T11:02:29.227+0000][44.408s] GC(7)   Post Evacuate Collection Set: 0.5ms
[2022-03-22T11:02:29.228+0000][44.408s] GC(7)   Other: 14.1ms
[2022-03-22T11:02:29.228+0000][44.409s] GC(7) Eden regions: 32->0(45)
[2022-03-22T11:02:29.229+0000][44.409s] GC(7) Survivor regions: 1->1(5)
[2022-03-22T11:02:29.229+0000][44.409s] GC(7) Old regions: 22->22
[2022-03-22T11:02:29.229+0000][44.410s] GC(7) Humongous regions: 4->4
[2022-03-22T11:02:29.230+0000][44.410s] GC(7) Metaspace: 24083K->24083K(1071104K)
[2022-03-22T11:02:29.230+0000][44.410s] GC(7) Pause Young (Concurrent Start) (G1 Evacuation Pause) 56M->24M(512M) 84.927ms
[2022-03-22T11:02:29.232+0000][44.413s] GC(7) User=0.07s Sys=0.00s Real=0.09s
[2022-03-22T11:02:29.233+0000][44.413s] GC(8) Concurrent Cycle
[2022-03-22T11:02:29.233+0000][44.413s] GC(8) Concurrent Clear Claimed Marks
[2022-03-22T11:02:29.233+0000][44.414s] GC(8) Concurrent Clear Claimed Marks 0.444ms
[2022-03-22T11:02:29.234+0000][44.414s] GC(8) Concurrent Scan Root Regions
[2022-03-22T11:02:29.237+0000][44.417s] GC(8) Concurrent Scan Root Regions 2.877ms
[2022-03-22T11:02:29.237+0000][44.417s] GC(8) Concurrent Mark (44.417s)
[2022-03-22T11:02:29.238+0000][44.418s] GC(8) Concurrent Mark From Roots
[2022-03-22T11:02:29.239+0000][44.419s] GC(8) Using 1 workers of 1 for marking
[2022-03-22T11:02:29.690+0000][44.870s] GC(8) Concurrent Mark From Roots 451.660ms
[2022-03-22T11:02:29.690+0000][44.870s] GC(8) Concurrent Preclean
[2022-03-22T11:02:29.691+0000][44.871s] GC(8) Concurrent Preclean 0.480ms
[2022-03-22T11:02:29.691+0000][44.871s] GC(8) Concurrent Mark (44.417s, 44.871s) 453.952ms
[2022-03-22T11:02:29.708+0000][44.888s] GC(8) Pause Remark
[2022-03-22T11:02:29.732+0000][44.913s] GC(8) Cleaned string and symbol table, strings: 10197 processed, 0 removed, symbols: 70545 processed, 25 removed
[2022-03-22T11:02:29.733+0000][44.914s] GC(8) Pause Remark 28M->28M(512M) 25.576ms
[2022-03-22T11:02:29.734+0000][44.914s] GC(8) User=0.00s Sys=0.01s Real=0.03s
[2022-03-22T11:02:29.742+0000][44.922s] GC(8) Concurrent Rebuild Remembered Sets
[2022-03-22T11:02:30.015+0000][45.195s] GC(8) Concurrent Rebuild Remembered Sets 273.065ms
[2022-03-22T11:02:30.033+0000][45.214s] GC(8) Pause Cleanup
[2022-03-22T11:02:30.034+0000][45.215s] GC(8) Pause Cleanup 30M->30M(512M) 1.127ms
[2022-03-22T11:02:30.035+0000][45.215s] GC(8) User=0.00s Sys=0.00s Real=0.01s
[2022-03-22T11:02:30.035+0000][45.215s] GC(8) Concurrent Cleanup for Next Mark
[2022-03-22T11:02:30.068+0000][45.248s] GC(8) Concurrent Cleanup for Next Mark 32.560ms
[2022-03-22T11:02:30.068+0000][45.249s] GC(8) Concurrent Cycle 835.428ms
[2022-03-22T11:02:40.232+0000][55.413s] GC(9) Pause Young (Normal) (G1 Evacuation Pause)
[2022-03-22T11:02:40.235+0000][55.415s] GC(9) Using 4 workers of 4 for evacuation
[2022-03-22T11:02:40.385+0000][55.565s] GC(9)   Pre Evacuate Collection Set: 0.1ms
[2022-03-22T11:02:40.385+0000][55.565s] GC(9)   Evacuate Collection Set: 95.7ms
[2022-03-22T11:02:40.385+0000][55.566s] GC(9)   Post Evacuate Collection Set: 43.6ms
[2022-03-22T11:02:40.387+0000][55.567s] GC(9)   Other: 12.9ms
[2022-03-22T11:02:40.390+0000][55.570s] GC(9) Eden regions: 45->0(50)
[2022-03-22T11:02:40.392+0000][55.572s] GC(9) Survivor regions: 1->4(6)
[2022-03-22T11:02:40.393+0000][55.573s] GC(9) Old regions: 22->22
[2022-03-22T11:02:40.393+0000][55.574s] GC(9) Humongous regions: 4->4
[2022-03-22T11:02:40.394+0000][55.574s] GC(9) Metaspace: 30755K->30755K(1077248K)
[2022-03-22T11:02:40.400+0000][55.580s] GC(9) Pause Young (Normal) (G1 Evacuation Pause) 69M->27M(512M) 167.223ms
[2022-03-22T11:02:40.400+0000][55.580s] GC(9) User=0.07s Sys=0.01s Real=0.17s
[2022-03-22T11:02:47.436+0000][62.616s] GC(10) Pause Young (Normal) (G1 Evacuation Pause)
[2022-03-22T11:02:47.444+0000][62.624s] GC(10) Using 4 workers of 4 for evacuation
[2022-03-22T11:02:47.594+0000][62.775s] GC(10)   Pre Evacuate Collection Set: 0.0ms
[2022-03-22T11:02:47.595+0000][62.776s] GC(10)   Evacuate Collection Set: 114.2ms
[2022-03-22T11:02:47.596+0000][62.776s] GC(10)   Post Evacuate Collection Set: 35.7ms
[2022-03-22T11:02:47.596+0000][62.776s] GC(10)   Other: 8.5ms
[2022-03-22T11:02:47.596+0000][62.777s] GC(10) Eden regions: 50->0(57)
[2022-03-22T11:02:47.596+0000][62.777s] GC(10) Survivor regions: 4->7(7)
[2022-03-22T11:02:47.598+0000][62.779s] GC(10) Old regions: 22->22
[2022-03-22T11:02:47.600+0000][62.780s] GC(10) Humongous regions: 4->4
[2022-03-22T11:02:47.601+0000][62.781s] GC(10) Metaspace: 34642K->34642K(1081344K)
[2022-03-22T11:02:47.602+0000][62.782s] GC(10) Pause Young (Normal) (G1 Evacuation Pause) 77M->30M(512M) 166.159ms
[2022-03-22T11:02:47.606+0000][62.787s] GC(10) User=0.11s Sys=0.03s Real=0.17s
[2022-03-22T11:31:59.824+0000][1815.005s] GC(11) Pause Young (Normal) (G1 Evacuation Pause)
[2022-03-22T11:31:59.825+0000][1815.006s] GC(11) Using 4 workers of 4 for evacuation
[2022-03-22T11:32:00.212+0000][1815.392s] GC(11) MMU target violated: 251.0ms (250.0ms/251.0ms)
[2022-03-22T11:32:00.212+0000][1815.393s] GC(11)   Pre Evacuate Collection Set: 31.9ms
[2022-03-22T11:32:00.213+0000][1815.393s] GC(11)   Evacuate Collection Set: 340.3ms
[2022-03-22T11:32:00.213+0000][1815.394s] GC(11)   Post Evacuate Collection Set: 11.4ms
[2022-03-22T11:32:00.214+0000][1815.394s] GC(11)   Other: 13.1ms
[2022-03-22T11:32:00.214+0000][1815.394s] GC(11) Eden regions: 57->0(49)
[2022-03-22T11:32:00.214+0000][1815.395s] GC(11) Survivor regions: 7->6(8)
[2022-03-22T11:32:00.215+0000][1815.396s] GC(11) Old regions: 22->25
[2022-03-22T11:32:00.217+0000][1815.398s] GC(11) Humongous regions: 4->4
[2022-03-22T11:32:00.218+0000][1815.398s] GC(11) Metaspace: 39453K->39453K(1085440K)
[2022-03-22T11:32:00.218+0000][1815.399s] GC(11) Pause Young (Normal) (G1 Evacuation Pause) 87M->32M(512M) 394.613ms
[2022-03-22T11:32:00.219+0000][1815.400s] GC(11) User=1.41s Sys=0.00s Real=0.39s
[2022-03-22T12:10:52.264+0000][4147.445s] Heap
[2022-03-22T12:10:52.270+0000][4147.451s]  garbage-first heap   total 524288K, used 73636K [0x00000000e0000000, 0x0000000100000000)
[2022-03-22T12:10:52.280+0000][4147.460s]   region size 1024K, 46 young (47104K), 6 survivors (6144K)
[2022-03-22T12:10:52.286+0000][4147.466s]  Metaspace       used 39919K, capacity 41056K, committed 41160K, reserved 1085440K
[2022-03-22T12:10:52.290+0000][4147.470s]   class space    used 4611K, capacity 5089K, committed 5120K, reserved 1048576K
