[2022-03-22T07:47:13.399+0000][0.378s] Heap region size: 1M
[2022-03-22T07:47:18.253+0000][5.232s] Using G1
[2022-03-22T07:47:18.263+0000][5.243s] Heap address: 0x00000000e0000000, size: 512 MB, Compressed Oops mode: 32-bit
[2022-03-22T07:47:18.314+0000][5.293s] Mark closed archive regions in map: [0x00000000fff00000, 0x00000000fff63ff8]
[2022-03-22T07:47:18.315+0000][5.294s] Mark open archive regions in map: [0x00000000ffe00000, 0x00000000ffe41ff8]
[2022-03-22T07:47:29.032+0000][16.011s] GC(0) Pause Young (Normal) (G1 Evacuation Pause)
[2022-03-22T07:47:29.047+0000][16.026s] GC(0) Using 4 workers of 4 for evacuation
[2022-03-22T07:47:29.175+0000][16.154s] GC(0)   Pre Evacuate Collection Set: 0.0ms
[2022-03-22T07:47:29.176+0000][16.155s] GC(0)   Evacuate Collection Set: 109.3ms
[2022-03-22T07:47:29.178+0000][16.157s] GC(0)   Post Evacuate Collection Set: 13.1ms
[2022-03-22T07:47:29.178+0000][16.157s] GC(0)   Other: 23.8ms
[2022-03-22T07:47:29.178+0000][16.158s] GC(0) Eden regions: 25->0(248)
[2022-03-22T07:47:29.179+0000][16.158s] GC(0) Survivor regions: 0->3(4)
[2022-03-22T07:47:29.179+0000][16.158s] GC(0) Old regions: 2->2
[2022-03-22T07:47:29.180+0000][16.159s] GC(0) Humongous regions: 0->0
[2022-03-22T07:47:29.180+0000][16.159s] GC(0) Metaspace: 6832K->6832K(1056768K)
[2022-03-22T07:47:29.180+0000][16.159s] GC(0) Pause Young (Normal) (G1 Evacuation Pause) 25M->3M(512M) 148.762ms
[2022-03-22T07:47:29.181+0000][16.160s] GC(0) User=0.08s Sys=0.02s Real=0.14s
[2022-03-22T07:47:35.565+0000][22.544s] GC(1) Pause Young (Normal) (G1 Evacuation Pause)
[2022-03-22T07:47:35.570+0000][22.550s] GC(1) Using 4 workers of 4 for evacuation
[2022-03-22T07:47:35.765+0000][22.744s] GC(1)   Pre Evacuate Collection Set: 0.1ms
[2022-03-22T07:47:35.766+0000][22.745s] GC(1)   Evacuate Collection Set: 193.6ms
[2022-03-22T07:47:35.766+0000][22.745s] GC(1)   Post Evacuate Collection Set: 0.5ms
[2022-03-22T07:47:35.766+0000][22.745s] GC(1)   Other: 6.3ms
[2022-03-22T07:47:35.766+0000][22.746s] GC(1) Eden regions: 22->0(23)
[2022-03-22T07:47:35.767+0000][22.746s] GC(1) Survivor regions: 3->4(4)
[2022-03-22T07:47:35.767+0000][22.746s] GC(1) Old regions: 2->10
[2022-03-22T07:47:35.767+0000][22.746s] GC(1) Humongous regions: 4->4
[2022-03-22T07:47:35.767+0000][22.747s] GC(1) Metaspace: 12770K->12770K(1060864K)
[2022-03-22T07:47:35.768+0000][22.747s] GC(1) Pause Young (Normal) (G1 Evacuation Pause) 29M->15M(512M) 202.786ms
[2022-03-22T07:47:35.768+0000][22.747s] GC(1) User=0.15s Sys=0.00s Real=0.20s
[2022-03-22T07:47:39.104+0000][26.083s] GC(2) Pause Young (Normal) (G1 Evacuation Pause)
[2022-03-22T07:47:39.104+0000][26.084s] GC(2) Using 4 workers of 4 for evacuation
[2022-03-22T07:47:39.281+0000][26.260s] GC(2)   Pre Evacuate Collection Set: 0.0ms
[2022-03-22T07:47:39.286+0000][26.265s] GC(2)   Evacuate Collection Set: 146.7ms
[2022-03-22T07:47:39.286+0000][26.266s] GC(2)   Post Evacuate Collection Set: 29.0ms
[2022-03-22T07:47:39.287+0000][26.266s] GC(2)   Other: 0.8ms
[2022-03-22T07:47:39.287+0000][26.266s] GC(2) Eden regions: 23->0(30)
[2022-03-22T07:47:39.287+0000][26.266s] GC(2) Survivor regions: 4->4(4)
[2022-03-22T07:47:39.287+0000][26.267s] GC(2) Old regions: 10->15
[2022-03-22T07:47:39.288+0000][26.267s] GC(2) Humongous regions: 4->4
[2022-03-22T07:47:39.288+0000][26.267s] GC(2) Metaspace: 15709K->15709K(1062912K)
[2022-03-22T07:47:39.288+0000][26.267s] GC(2) Pause Young (Normal) (G1 Evacuation Pause) 38M->21M(512M) 184.028ms
[2022-03-22T07:47:39.288+0000][26.267s] GC(2) User=0.12s Sys=0.00s Real=0.18s
[2022-03-22T07:47:42.288+0000][29.267s] GC(3) Pause Young (Normal) (G1 Evacuation Pause)
[2022-03-22T07:47:42.289+0000][29.268s] GC(3) Using 4 workers of 4 for evacuation
[2022-03-22T07:47:42.346+0000][29.325s] GC(3)   Pre Evacuate Collection Set: 0.0ms
[2022-03-22T07:47:42.346+0000][29.325s] GC(3)   Evacuate Collection Set: 49.3ms
[2022-03-22T07:47:42.347+0000][29.326s] GC(3)   Post Evacuate Collection Set: 7.2ms
[2022-03-22T07:47:42.362+0000][29.341s] GC(3)   Other: 1.0ms
[2022-03-22T07:47:42.362+0000][29.341s] GC(3) Eden regions: 30->0(38)
[2022-03-22T07:47:42.362+0000][29.341s] GC(3) Survivor regions: 4->4(5)
[2022-03-22T07:47:42.362+0000][29.342s] GC(3) Old regions: 15->19
[2022-03-22T07:47:42.363+0000][29.342s] GC(3) Humongous regions: 4->4
[2022-03-22T07:47:42.363+0000][29.342s] GC(3) Metaspace: 18796K->18796K(1067008K)
[2022-03-22T07:47:42.363+0000][29.342s] GC(3) Pause Young (Normal) (G1 Evacuation Pause) 51M->24M(512M) 75.148ms
[2022-03-22T07:47:42.364+0000][29.343s] GC(3) User=0.09s Sys=0.00s Real=0.07s
[2022-03-22T07:47:42.942+0000][29.921s] GC(4) Pause Young (Concurrent Start) (Metadata GC Threshold)
[2022-03-22T07:47:42.942+0000][29.922s] GC(4) Using 4 workers of 4 for evacuation
[2022-03-22T07:47:42.995+0000][29.974s] GC(4)   Pre Evacuate Collection Set: 0.1ms
[2022-03-22T07:47:42.995+0000][29.974s] GC(4)   Evacuate Collection Set: 41.6ms
[2022-03-22T07:47:42.996+0000][29.975s] GC(4)   Post Evacuate Collection Set: 9.5ms
[2022-03-22T07:47:42.996+0000][29.975s] GC(4)   Other: 1.3ms
[2022-03-22T07:47:42.996+0000][29.976s] GC(4) Eden regions: 16->0(43)
[2022-03-22T07:47:42.997+0000][29.976s] GC(4) Survivor regions: 4->4(6)
[2022-03-22T07:47:42.997+0000][29.976s] GC(4) Old regions: 19->19
[2022-03-22T07:47:42.997+0000][29.976s] GC(4) Humongous regions: 4->4
[2022-03-22T07:47:42.998+0000][29.977s] GC(4) Metaspace: 20405K->20405K(1067008K)
[2022-03-22T07:47:43.002+0000][29.981s] GC(4) Pause Young (Concurrent Start) (Metadata GC Threshold) 40M->24M(512M) 59.540ms
[2022-03-22T07:47:43.002+0000][29.981s] GC(4) User=0.02s Sys=0.01s Real=0.06s
[2022-03-22T07:47:43.008+0000][29.987s] GC(5) Concurrent Cycle
[2022-03-22T07:47:43.008+0000][29.988s] GC(5) Concurrent Clear Claimed Marks
[2022-03-22T07:47:43.009+0000][29.988s] GC(5) Concurrent Clear Claimed Marks 0.372ms
[2022-03-22T07:47:43.009+0000][29.988s] GC(5) Concurrent Scan Root Regions
[2022-03-22T07:47:43.012+0000][29.991s] GC(5) Concurrent Scan Root Regions 3.082ms
[2022-03-22T07:47:43.016+0000][29.995s] GC(5) Concurrent Mark (29.995s)
[2022-03-22T07:47:43.016+0000][29.996s] GC(5) Concurrent Mark From Roots
[2022-03-22T07:47:43.017+0000][29.996s] GC(5) Using 1 workers of 1 for marking
[2022-03-22T07:47:43.224+0000][30.204s] GC(5) Concurrent Mark From Roots 208.030ms
[2022-03-22T07:47:43.225+0000][30.204s] GC(5) Concurrent Preclean
[2022-03-22T07:47:43.227+0000][30.206s] GC(5) Concurrent Preclean 1.647ms
[2022-03-22T07:47:43.227+0000][30.206s] GC(5) Concurrent Mark (29.995s, 30.206s) 210.873ms
[2022-03-22T07:47:43.247+0000][30.226s] GC(5) Pause Remark
[2022-03-22T07:47:43.283+0000][30.262s] GC(5) Cleaned string and symbol table, strings: 9376 processed, 26 removed, symbols: 62167 processed, 30 removed
[2022-03-22T07:47:43.292+0000][30.271s] GC(5) Pause Remark 28M->28M(512M) 44.397ms
[2022-03-22T07:47:43.292+0000][30.271s] GC(5) User=0.03s Sys=0.00s Real=0.05s
[2022-03-22T07:47:43.293+0000][30.272s] GC(5) Concurrent Rebuild Remembered Sets
[2022-03-22T07:47:43.421+0000][30.400s] GC(5) Concurrent Rebuild Remembered Sets 128.805ms
[2022-03-22T07:47:43.456+0000][30.435s] GC(5) Pause Cleanup
[2022-03-22T07:47:43.457+0000][30.436s] GC(5) Pause Cleanup 30M->30M(512M) 0.527ms
[2022-03-22T07:47:43.457+0000][30.436s] GC(5) User=0.00s Sys=0.00s Real=0.00s
[2022-03-22T07:47:43.478+0000][30.457s] GC(5) Concurrent Cleanup for Next Mark
[2022-03-22T07:47:43.518+0000][30.497s] GC(5) Concurrent Cleanup for Next Mark 40.397ms
[2022-03-22T07:47:43.519+0000][30.498s] GC(5) Concurrent Cycle 510.557ms
[2022-03-22T07:47:46.778+0000][33.757s] GC(6) Pause Young (Concurrent Start) (G1 Evacuation Pause)
[2022-03-22T07:47:46.778+0000][33.757s] GC(6) Using 4 workers of 4 for evacuation
[2022-03-22T07:47:46.832+0000][33.811s] GC(6)   Pre Evacuate Collection Set: 0.1ms
[2022-03-22T07:47:46.833+0000][33.812s] GC(6)   Evacuate Collection Set: 52.2ms
[2022-03-22T07:47:46.833+0000][33.812s] GC(6)   Post Evacuate Collection Set: 0.5ms
[2022-03-22T07:47:46.833+0000][33.812s] GC(6)   Other: 1.9ms
[2022-03-22T07:47:46.833+0000][33.812s] GC(6) Eden regions: 43->0(110)
[2022-03-22T07:47:46.834+0000][33.813s] GC(6) Survivor regions: 4->4(6)
[2022-03-22T07:47:46.834+0000][33.813s] GC(6) Old regions: 19->19
[2022-03-22T07:47:46.834+0000][33.813s] GC(6) Humongous regions: 4->4
[2022-03-22T07:47:46.834+0000][33.813s] GC(6) Metaspace: 23630K->23630K(1071104K)
[2022-03-22T07:47:46.835+0000][33.814s] GC(6) Pause Young (Concurrent Start) (G1 Evacuation Pause) 67M->24M(512M) 57.050ms
[2022-03-22T07:47:46.835+0000][33.814s] GC(6) User=0.06s Sys=0.00s Real=0.06s
[2022-03-22T07:47:46.835+0000][33.814s] GC(7) Concurrent Cycle
[2022-03-22T07:47:46.835+0000][33.815s] GC(7) Concurrent Clear Claimed Marks
[2022-03-22T07:47:46.836+0000][33.815s] GC(7) Concurrent Clear Claimed Marks 0.284ms
[2022-03-22T07:47:46.836+0000][33.815s] GC(7) Concurrent Scan Root Regions
[2022-03-22T07:47:46.844+0000][33.823s] GC(7) Concurrent Scan Root Regions 8.323ms
[2022-03-22T07:47:46.845+0000][33.824s] GC(7) Concurrent Mark (33.824s)
[2022-03-22T07:47:46.845+0000][33.824s] GC(7) Concurrent Mark From Roots
[2022-03-22T07:47:46.845+0000][33.824s] GC(7) Using 1 workers of 1 for marking
[2022-03-22T07:47:47.057+0000][34.036s] GC(7) Concurrent Mark From Roots 211.655ms
[2022-03-22T07:47:47.057+0000][34.036s] GC(7) Concurrent Preclean
[2022-03-22T07:47:47.057+0000][34.037s] GC(7) Concurrent Preclean 0.395ms
[2022-03-22T07:47:47.058+0000][34.037s] GC(7) Concurrent Mark (33.824s, 34.037s) 212.966ms
[2022-03-22T07:47:47.068+0000][34.047s] GC(7) Pause Remark
[2022-03-22T07:47:47.102+0000][34.081s] GC(7) Cleaned string and symbol table, strings: 9972 processed, 0 removed, symbols: 68617 processed, 7 removed
[2022-03-22T07:47:47.105+0000][34.084s] GC(7) Pause Remark 33M->33M(512M) 37.371ms
[2022-03-22T07:47:47.105+0000][34.085s] GC(7) User=0.02s Sys=0.00s Real=0.04s
[2022-03-22T07:47:47.106+0000][34.085s] GC(7) Concurrent Rebuild Remembered Sets
[2022-03-22T07:47:47.216+0000][34.195s] GC(7) Concurrent Rebuild Remembered Sets 110.316ms
[2022-03-22T07:47:47.242+0000][34.221s] GC(7) Pause Cleanup
[2022-03-22T07:47:47.242+0000][34.222s] GC(7) Pause Cleanup 33M->33M(512M) 0.868ms
[2022-03-22T07:47:47.243+0000][34.223s] GC(7) User=0.00s Sys=0.00s Real=0.00s
[2022-03-22T07:47:47.244+0000][34.223s] GC(7) Concurrent Cleanup for Next Mark
[2022-03-22T07:47:47.248+0000][34.227s] GC(7) Concurrent Cleanup for Next Mark 3.968ms
[2022-03-22T07:47:47.249+0000][34.228s] GC(7) Concurrent Cycle 413.405ms
[2022-03-22T07:48:16.824+0000][63.803s] GC(8) Pause Young (Normal) (G1 Evacuation Pause)
[2022-03-22T07:48:16.840+0000][63.819s] GC(8) Using 4 workers of 4 for evacuation
[2022-03-22T07:48:16.978+0000][63.957s] GC(8)   Pre Evacuate Collection Set: 0.0ms
[2022-03-22T07:48:16.979+0000][63.958s] GC(8)   Evacuate Collection Set: 118.3ms
[2022-03-22T07:48:16.979+0000][63.958s] GC(8)   Post Evacuate Collection Set: 10.8ms
[2022-03-22T07:48:16.983+0000][63.962s] GC(8)   Other: 24.7ms
[2022-03-22T07:48:16.983+0000][63.962s] GC(8) Eden regions: 111->0(148)
[2022-03-22T07:48:16.988+0000][63.967s] GC(8) Survivor regions: 4->10(15)
[2022-03-22T07:48:16.989+0000][63.968s] GC(8) Old regions: 19->19
[2022-03-22T07:48:16.991+0000][63.970s] GC(8) Humongous regions: 4->4
[2022-03-22T07:48:16.991+0000][63.970s] GC(8) Metaspace: 35174K->35174K(1081344K)
[2022-03-22T07:48:16.991+0000][63.970s] GC(8) Pause Young (Normal) (G1 Evacuation Pause) 135M->31M(512M) 167.083ms
[2022-03-22T07:48:16.992+0000][63.971s] GC(8) User=0.10s Sys=0.00s Real=0.17s
[2022-03-22T07:48:17.580+0000][64.559s] Heap
[2022-03-22T07:48:17.585+0000][64.564s]  garbage-first heap   total 524288K, used 37904K [0x00000000e0000000, 0x0000000100000000)
[2022-03-22T07:48:17.587+0000][64.566s]   region size 1024K, 17 young (17408K), 10 survivors (10240K)
[2022-03-22T07:48:17.591+0000][64.570s]  Metaspace       used 35425K, capacity 36535K, committed 36680K, reserved 1081344K
[2022-03-22T07:48:17.601+0000][64.580s]   class space    used 4188K, capacity 4636K, committed 4736K, reserved 1048576K
