[2022-03-22T12:12:02.349+0000][1.917s] Heap region size: 1M
[2022-03-22T12:12:07.136+0000][6.704s] Using G1
[2022-03-22T12:12:07.487+0000][7.056s] Heap address: 0x00000000e0000000, size: 512 MB, Compressed Oops mode: 32-bit
[2022-03-22T12:12:07.815+0000][7.383s] Mark closed archive regions in map: [0x00000000fff00000, 0x00000000fff63ff8]
[2022-03-22T12:12:07.840+0000][7.408s] Mark open archive regions in map: [0x00000000ffe00000, 0x00000000ffe41ff8]
[2022-03-22T12:12:22.878+0000][22.446s] GC(0) Pause Young (Normal) (G1 Evacuation Pause)
[2022-03-22T12:12:22.899+0000][22.467s] GC(0) Using 4 workers of 4 for evacuation
[2022-03-22T12:12:23.410+0000][22.978s] GC(0) MMU target violated: 251.0ms (250.0ms/251.0ms)
[2022-03-22T12:12:23.415+0000][22.984s] GC(0)   Pre Evacuate Collection Set: 0.2ms
[2022-03-22T12:12:23.426+0000][22.995s] GC(0)   Evacuate Collection Set: 420.6ms
[2022-03-22T12:12:23.434+0000][23.002s] GC(0)   Post Evacuate Collection Set: 44.2ms
[2022-03-22T12:12:23.435+0000][23.003s] GC(0)   Other: 72.5ms
[2022-03-22T12:12:23.452+0000][23.020s] GC(0) Eden regions: 25->0(22)
[2022-03-22T12:12:23.464+0000][23.032s] GC(0) Survivor regions: 0->3(4)
[2022-03-22T12:12:23.480+0000][23.048s] GC(0) Old regions: 2->2
[2022-03-22T12:12:23.482+0000][23.051s] GC(0) Humongous regions: 0->0
[2022-03-22T12:12:23.496+0000][23.064s] GC(0) Metaspace: 6924K->6924K(1056768K)
[2022-03-22T12:12:23.496+0000][23.065s] GC(0) Pause Young (Normal) (G1 Evacuation Pause) 25M->3M(512M) 618.379ms
[2022-03-22T12:12:23.497+0000][23.066s] GC(0) User=0.40s Sys=0.09s Real=0.62s
[2022-03-22T12:12:35.027+0000][34.595s] GC(1) Pause Young (Normal) (G1 Evacuation Pause)
[2022-03-22T12:12:35.029+0000][34.597s] GC(1) Using 4 workers of 4 for evacuation
[2022-03-22T12:12:35.352+0000][34.921s] GC(1) MMU target violated: 251.0ms (250.0ms/251.0ms)
[2022-03-22T12:12:35.362+0000][34.930s] GC(1)   Pre Evacuate Collection Set: 0.2ms
[2022-03-22T12:12:35.367+0000][34.935s] GC(1)   Evacuate Collection Set: 321.3ms
[2022-03-22T12:12:35.367+0000][34.935s] GC(1)   Post Evacuate Collection Set: 0.7ms
[2022-03-22T12:12:35.368+0000][34.936s] GC(1)   Other: 13.6ms
[2022-03-22T12:12:35.371+0000][34.939s] GC(1) Eden regions: 22->0(21)
[2022-03-22T12:12:35.374+0000][34.942s] GC(1) Survivor regions: 3->4(4)
[2022-03-22T12:12:35.384+0000][34.952s] GC(1) Old regions: 2->10
[2022-03-22T12:12:35.391+0000][34.959s] GC(1) Humongous regions: 4->4
[2022-03-22T12:12:35.396+0000][34.965s] GC(1) Metaspace: 12989K->12989K(1060864K)
[2022-03-22T12:12:35.415+0000][34.983s] GC(1) Pause Young (Normal) (G1 Evacuation Pause) 29M->16M(512M) 388.336ms
[2022-03-22T12:12:35.417+0000][34.985s] GC(1) User=0.23s Sys=0.05s Real=0.39s
[2022-03-22T12:12:39.202+0000][38.771s] GC(2) Pause Young (Normal) (G1 Evacuation Pause)
[2022-03-22T12:12:39.215+0000][38.783s] GC(2) Using 4 workers of 4 for evacuation
[2022-03-22T12:12:39.417+0000][38.985s] GC(2)   Pre Evacuate Collection Set: 0.0ms
[2022-03-22T12:12:39.428+0000][38.997s] GC(2)   Evacuate Collection Set: 155.0ms
[2022-03-22T12:12:39.432+0000][39.000s] GC(2)   Post Evacuate Collection Set: 33.8ms
[2022-03-22T12:12:39.453+0000][39.021s] GC(2)   Other: 25.7ms
[2022-03-22T12:12:39.473+0000][39.041s] GC(2) Eden regions: 21->0(21)
[2022-03-22T12:12:39.489+0000][39.057s] GC(2) Survivor regions: 4->4(4)
[2022-03-22T12:12:39.506+0000][39.080s] GC(2) Old regions: 10->15
[2022-03-22T12:12:39.513+0000][39.081s] GC(2) Humongous regions: 4->4
[2022-03-22T12:12:39.523+0000][39.091s] GC(2) Metaspace: 15746K->15746K(1062912K)
[2022-03-22T12:12:39.530+0000][39.098s] GC(2) Pause Young (Normal) (G1 Evacuation Pause) 37M->21M(512M) 327.460ms
[2022-03-22T12:12:39.541+0000][39.109s] GC(2) User=0.16s Sys=0.03s Real=0.34s
[2022-03-22T12:12:44.932+0000][44.501s] GC(3) Pause Young (Normal) (G1 Evacuation Pause)
[2022-03-22T12:12:44.943+0000][44.511s] GC(3) Using 4 workers of 4 for evacuation
[2022-03-22T12:12:45.174+0000][44.742s] GC(3)   Pre Evacuate Collection Set: 0.1ms
[2022-03-22T12:12:45.174+0000][44.743s] GC(3)   Evacuate Collection Set: 154.1ms
[2022-03-22T12:12:45.192+0000][44.761s] GC(3)   Post Evacuate Collection Set: 74.9ms
[2022-03-22T12:12:45.212+0000][44.780s] GC(3)   Other: 12.2ms
[2022-03-22T12:12:45.240+0000][44.808s] GC(3) Eden regions: 21->0(21)
[2022-03-22T12:12:45.256+0000][44.824s] GC(3) Survivor regions: 4->4(4)
[2022-03-22T12:12:45.272+0000][44.840s] GC(3) Old regions: 15->19
[2022-03-22T12:12:45.288+0000][44.856s] GC(3) Humongous regions: 4->4
[2022-03-22T12:12:45.291+0000][44.859s] GC(3) Metaspace: 17487K->17487K(1064960K)
[2022-03-22T12:12:45.291+0000][44.859s] GC(3) Pause Young (Normal) (G1 Evacuation Pause) 42M->24M(512M) 358.831ms
[2022-03-22T12:12:45.304+0000][44.872s] GC(3) User=0.09s Sys=0.08s Real=0.39s
[2022-03-22T12:12:47.713+0000][47.282s] GC(4) Pause Young (Normal) (G1 Evacuation Pause)
[2022-03-22T12:12:47.714+0000][47.282s] GC(4) Using 4 workers of 4 for evacuation
[2022-03-22T12:12:47.805+0000][47.373s] GC(4)   Pre Evacuate Collection Set: 0.0ms
[2022-03-22T12:12:47.805+0000][47.373s] GC(4)   Evacuate Collection Set: 77.0ms
[2022-03-22T12:12:47.805+0000][47.374s] GC(4)   Post Evacuate Collection Set: 0.5ms
[2022-03-22T12:12:47.806+0000][47.374s] GC(4)   Other: 13.7ms
[2022-03-22T12:12:47.806+0000][47.374s] GC(4) Eden regions: 21->0(27)
[2022-03-22T12:12:47.807+0000][47.375s] GC(4) Survivor regions: 4->1(4)
[2022-03-22T12:12:47.807+0000][47.375s] GC(4) Old regions: 19->22
[2022-03-22T12:12:47.807+0000][47.376s] GC(4) Humongous regions: 4->4
[2022-03-22T12:12:47.808+0000][47.376s] GC(4) Metaspace: 19740K->19740K(1067008K)
[2022-03-22T12:12:47.808+0000][47.377s] GC(4) Pause Young (Normal) (G1 Evacuation Pause) 45M->24M(512M) 94.984ms
[2022-03-22T12:12:47.809+0000][47.377s] GC(4) User=0.07s Sys=0.02s Real=0.09s
[2022-03-22T12:12:48.033+0000][47.602s] GC(5) Pause Young (Concurrent Start) (Metadata GC Threshold)
[2022-03-22T12:12:48.034+0000][47.602s] GC(5) Using 4 workers of 4 for evacuation
[2022-03-22T12:12:48.068+0000][47.636s] GC(5)   Pre Evacuate Collection Set: 0.1ms
[2022-03-22T12:12:48.070+0000][47.638s] GC(5)   Evacuate Collection Set: 30.9ms
[2022-03-22T12:12:48.071+0000][47.639s] GC(5)   Post Evacuate Collection Set: 0.4ms
[2022-03-22T12:12:48.092+0000][47.661s] GC(5)   Other: 3.0ms
[2022-03-22T12:12:48.093+0000][47.661s] GC(5) Eden regions: 6->0(31)
[2022-03-22T12:12:48.093+0000][47.661s] GC(5) Survivor regions: 1->1(4)
[2022-03-22T12:12:48.093+0000][47.661s] GC(5) Old regions: 22->22
[2022-03-22T12:12:48.093+0000][47.662s] GC(5) Humongous regions: 4->4
[2022-03-22T12:12:48.094+0000][47.662s] GC(5) Metaspace: 20428K->20428K(1067008K)
[2022-03-22T12:12:48.094+0000][47.662s] GC(5) Pause Young (Concurrent Start) (Metadata GC Threshold) 30M->24M(512M) 60.494ms
[2022-03-22T12:12:48.094+0000][47.662s] GC(5) User=0.01s Sys=0.02s Real=0.06s
[2022-03-22T12:12:48.096+0000][47.664s] GC(6) Concurrent Cycle
[2022-03-22T12:12:48.096+0000][47.664s] GC(6) Concurrent Clear Claimed Marks
[2022-03-22T12:12:48.096+0000][47.665s] GC(6) Concurrent Clear Claimed Marks 0.298ms
[2022-03-22T12:12:48.097+0000][47.665s] GC(6) Concurrent Scan Root Regions
[2022-03-22T12:12:48.100+0000][47.668s] GC(6) Concurrent Scan Root Regions 2.949ms
[2022-03-22T12:12:48.100+0000][47.668s] GC(6) Concurrent Mark (47.668s)
[2022-03-22T12:12:48.100+0000][47.668s] GC(6) Concurrent Mark From Roots
[2022-03-22T12:12:48.101+0000][47.669s] GC(6) Using 1 workers of 1 for marking
[2022-03-22T12:12:48.533+0000][48.102s] GC(6) Concurrent Mark From Roots 433.236ms
[2022-03-22T12:12:48.536+0000][48.104s] GC(6) Concurrent Preclean
[2022-03-22T12:12:48.537+0000][48.105s] GC(6) Concurrent Preclean 0.714ms
[2022-03-22T12:12:48.537+0000][48.105s] GC(6) Concurrent Mark (47.668s, 48.105s) 437.158ms
[2022-03-22T12:12:48.538+0000][48.106s] GC(6) Pause Remark
[2022-03-22T12:12:48.594+0000][48.162s] GC(6) Cleaned string and symbol table, strings: 9410 processed, 26 removed, symbols: 62776 processed, 40 removed
[2022-03-22T12:12:48.621+0000][48.189s] GC(6) Pause Remark 29M->29M(512M) 82.989ms
[2022-03-22T12:12:48.622+0000][48.191s] GC(6) User=0.03s Sys=0.00s Real=0.09s
[2022-03-22T12:12:48.623+0000][48.191s] GC(6) Concurrent Rebuild Remembered Sets
[2022-03-22T12:12:48.881+0000][48.450s] GC(6) Concurrent Rebuild Remembered Sets 258.747ms
[2022-03-22T12:12:48.882+0000][48.451s] GC(6) Pause Cleanup
[2022-03-22T12:12:48.888+0000][48.457s] GC(6) Pause Cleanup 31M->31M(512M) 6.165ms
[2022-03-22T12:12:48.892+0000][48.460s] GC(6) User=0.00s Sys=0.00s Real=0.00s
[2022-03-22T12:12:48.895+0000][48.463s] GC(6) Concurrent Cleanup for Next Mark
[2022-03-22T12:12:49.057+0000][48.625s] GC(6) Concurrent Cleanup for Next Mark 161.590ms
[2022-03-22T12:12:49.062+0000][48.631s] GC(6) Concurrent Cycle 966.487ms
[2022-03-22T12:12:53.957+0000][53.526s] GC(7) Pause Young (Concurrent Start) (G1 Evacuation Pause)
[2022-03-22T12:12:53.977+0000][53.546s] GC(7) Using 4 workers of 4 for evacuation
[2022-03-22T12:12:54.063+0000][53.631s] GC(7)   Pre Evacuate Collection Set: 0.1ms
[2022-03-22T12:12:54.063+0000][53.632s] GC(7)   Evacuate Collection Set: 78.7ms
[2022-03-22T12:12:54.064+0000][53.632s] GC(7)   Post Evacuate Collection Set: 0.5ms
[2022-03-22T12:12:54.064+0000][53.634s] GC(7)   Other: 26.4ms
[2022-03-22T12:12:54.074+0000][53.643s] GC(7) Eden regions: 32->0(44)
[2022-03-22T12:12:54.075+0000][53.643s] GC(7) Survivor regions: 1->1(5)
[2022-03-22T12:12:54.075+0000][53.643s] GC(7) Old regions: 22->22
[2022-03-22T12:12:54.075+0000][53.644s] GC(7) Humongous regions: 4->4
[2022-03-22T12:12:54.075+0000][53.644s] GC(7) Metaspace: 24071K->24071K(1071104K)
[2022-03-22T12:12:54.076+0000][53.644s] GC(7) Pause Young (Concurrent Start) (G1 Evacuation Pause) 56M->24M(512M) 118.733ms
[2022-03-22T12:12:54.080+0000][53.648s] GC(7) User=0.07s Sys=0.01s Real=0.12s
[2022-03-22T12:12:54.080+0000][53.649s] GC(8) Concurrent Cycle
[2022-03-22T12:12:54.081+0000][53.649s] GC(8) Concurrent Clear Claimed Marks
[2022-03-22T12:12:54.081+0000][53.649s] GC(8) Concurrent Clear Claimed Marks 0.316ms
[2022-03-22T12:12:54.084+0000][53.653s] GC(8) Concurrent Scan Root Regions
[2022-03-22T12:12:54.115+0000][53.683s] GC(8) Concurrent Scan Root Regions 30.486ms
[2022-03-22T12:12:54.117+0000][53.685s] GC(8) Concurrent Mark (53.685s)
[2022-03-22T12:12:54.120+0000][53.689s] GC(8) Concurrent Mark From Roots
[2022-03-22T12:12:54.142+0000][53.710s] GC(8) Using 1 workers of 1 for marking
[2022-03-22T12:12:54.482+0000][54.050s] GC(8) Concurrent Mark From Roots 361.274ms
[2022-03-22T12:12:54.486+0000][54.054s] GC(8) Concurrent Preclean
[2022-03-22T12:12:54.495+0000][54.063s] GC(8) Concurrent Preclean 9.213ms
[2022-03-22T12:12:54.500+0000][54.069s] GC(8) Concurrent Mark (53.685s, 54.069s) 383.207ms
[2022-03-22T12:12:54.519+0000][54.087s] GC(8) Pause Remark
[2022-03-22T12:12:54.542+0000][54.110s] GC(8) Cleaned string and symbol table, strings: 10204 processed, 0 removed, symbols: 70720 processed, 25 removed
[2022-03-22T12:12:54.552+0000][54.121s] GC(8) Pause Remark 28M->28M(512M) 33.352ms
[2022-03-22T12:12:54.555+0000][54.123s] GC(8) User=0.03s Sys=0.00s Real=0.04s
[2022-03-22T12:12:54.555+0000][54.124s] GC(8) Concurrent Rebuild Remembered Sets
[2022-03-22T12:12:54.779+0000][54.347s] GC(8) Concurrent Rebuild Remembered Sets 223.596ms
[2022-03-22T12:12:54.781+0000][54.349s] GC(8) Pause Cleanup
[2022-03-22T12:12:54.786+0000][54.355s] GC(8) Pause Cleanup 31M->31M(512M) 5.725ms
[2022-03-22T12:12:54.787+0000][54.355s] GC(8) User=0.00s Sys=0.00s Real=0.01s
[2022-03-22T12:12:54.799+0000][54.367s] GC(8) Concurrent Cleanup for Next Mark
[2022-03-22T12:12:55.179+0000][54.748s] GC(8) Concurrent Cleanup for Next Mark 380.609ms
[2022-03-22T12:12:55.183+0000][54.751s] GC(8) Concurrent Cycle 1102.507ms
[2022-03-22T12:13:04.631+0000][64.199s] GC(9) Pause Young (Normal) (G1 Evacuation Pause)
[2022-03-22T12:13:04.648+0000][64.216s] GC(9) Using 4 workers of 4 for evacuation
[2022-03-22T12:13:04.851+0000][64.419s] GC(9)   Pre Evacuate Collection Set: 0.0ms
[2022-03-22T12:13:04.870+0000][64.439s] GC(9)   Evacuate Collection Set: 185.6ms
[2022-03-22T12:13:04.887+0000][64.455s] GC(9)   Post Evacuate Collection Set: 16.1ms
[2022-03-22T12:13:04.903+0000][64.471s] GC(9)   Other: 18.1ms
[2022-03-22T12:13:04.918+0000][64.487s] GC(9) Eden regions: 45->0(45)
[2022-03-22T12:13:04.942+0000][64.510s] GC(9) Survivor regions: 1->4(6)
[2022-03-22T12:13:04.950+0000][64.519s] GC(9) Old regions: 22->22
[2022-03-22T12:13:04.954+0000][64.523s] GC(9) Humongous regions: 4->4
[2022-03-22T12:13:04.977+0000][64.545s] GC(9) Metaspace: 30792K->30792K(1077248K)
[2022-03-22T12:13:04.984+0000][64.553s] GC(9) Pause Young (Normal) (G1 Evacuation Pause) 69M->28M(512M) 353.440ms
[2022-03-22T12:13:04.985+0000][64.553s] GC(9) User=0.17s Sys=0.11s Real=0.35s
[2022-03-22T12:13:14.717+0000][74.285s] GC(10) Pause Young (Normal) (G1 Evacuation Pause)
[2022-03-22T12:13:14.744+0000][74.312s] GC(10) Using 4 workers of 4 for evacuation
[2022-03-22T12:13:16.498+0000][76.066s] GC(10) MMU target violated: 251.0ms (250.0ms/251.0ms)
[2022-03-22T12:13:16.683+0000][76.252s] GC(10)   Pre Evacuate Collection Set: 0.1ms
[2022-03-22T12:13:16.789+0000][76.357s] GC(10)   Evacuate Collection Set: 1657.4ms
[2022-03-22T12:13:16.862+0000][76.430s] GC(10)   Post Evacuate Collection Set: 48.6ms
[2022-03-22T12:13:16.935+0000][76.504s] GC(10)   Other: 260.5ms
[2022-03-22T12:13:17.000+0000][76.568s] GC(10) Eden regions: 45->0(18)
[2022-03-22T12:13:17.021+0000][76.589s] GC(10) Survivor regions: 4->7(7)
[2022-03-22T12:13:17.101+0000][76.669s] GC(10) Old regions: 22->22
[2022-03-22T12:13:17.131+0000][76.699s] GC(10) Humongous regions: 4->4
[2022-03-22T12:13:17.199+0000][76.767s] GC(10) Metaspace: 34273K->34273K(1081344K)
[2022-03-22T12:13:17.263+0000][76.831s] GC(10) Pause Young (Normal) (G1 Evacuation Pause) 73M->30M(512M) 2546.073ms
[2022-03-22T12:13:17.327+0000][76.895s] GC(10) User=1.24s Sys=0.34s Real=2.61s
[2022-03-22T12:14:14.452+0000][134.020s] GC(11) Pause Young (Normal) (G1 Evacuation Pause)
[2022-03-22T12:14:14.452+0000][134.021s] GC(11) Using 4 workers of 4 for evacuation
[2022-03-22T12:14:14.505+0000][134.073s] GC(11)   Pre Evacuate Collection Set: 0.1ms
[2022-03-22T12:14:14.505+0000][134.074s] GC(11)   Evacuate Collection Set: 46.1ms
[2022-03-22T12:14:14.506+0000][134.074s] GC(11)   Post Evacuate Collection Set: 5.9ms
[2022-03-22T12:14:14.506+0000][134.074s] GC(11)   Other: 1.3ms
[2022-03-22T12:14:14.506+0000][134.075s] GC(11) Eden regions: 18->0(23)
[2022-03-22T12:14:14.507+0000][134.075s] GC(11) Survivor regions: 7->2(4)
[2022-03-22T12:14:14.507+0000][134.075s] GC(11) Old regions: 22->29
[2022-03-22T12:14:14.507+0000][134.076s] GC(11) Humongous regions: 4->4
[2022-03-22T12:14:14.508+0000][134.076s] GC(11) Metaspace: 36193K->36193K(1081344K)
[2022-03-22T12:14:14.508+0000][134.076s] GC(11) Pause Young (Normal) (G1 Evacuation Pause) 48M->31M(512M) 56.338ms
[2022-03-22T12:14:14.508+0000][134.077s] GC(11) User=0.15s Sys=0.00s Real=0.05s
[2022-03-22T12:18:06.337+0000][365.905s] GC(12) Pause Young (Normal) (G1 Evacuation Pause)
[2022-03-22T12:18:06.369+0000][365.938s] GC(12) Using 4 workers of 4 for evacuation
[2022-03-22T12:18:06.424+0000][365.993s] GC(12)   Pre Evacuate Collection Set: 0.1ms
[2022-03-22T12:18:06.438+0000][366.006s] GC(12)   Evacuate Collection Set: 38.4ms
[2022-03-22T12:18:06.438+0000][366.007s] GC(12)   Post Evacuate Collection Set: 1.1ms
[2022-03-22T12:18:06.439+0000][366.007s] GC(12)   Other: 48.2ms
[2022-03-22T12:18:06.439+0000][366.007s] GC(12) Eden regions: 23->0(22)
[2022-03-22T12:18:06.448+0000][366.016s] GC(12) Survivor regions: 2->3(4)
[2022-03-22T12:18:06.449+0000][366.017s] GC(12) Old regions: 29->29
[2022-03-22T12:18:06.449+0000][366.018s] GC(12) Humongous regions: 4->4
[2022-03-22T12:18:06.451+0000][366.019s] GC(12) Metaspace: 39251K->39251K(1085440K)
[2022-03-22T12:18:06.453+0000][366.021s] GC(12) Pause Young (Normal) (G1 Evacuation Pause) 54M->32M(512M) 116.384ms
[2022-03-22T12:18:06.465+0000][366.033s] GC(12) User=0.10s Sys=0.05s Real=0.13s
[2022-03-22T12:40:07.872+0000][1687.440s] GC(13) Pause Young (Normal) (G1 Evacuation Pause)
[2022-03-22T12:40:07.874+0000][1687.442s] GC(13) Using 4 workers of 4 for evacuation
[2022-03-22T12:40:07.968+0000][1687.536s] GC(13)   Pre Evacuate Collection Set: 23.6ms
[2022-03-22T12:40:07.972+0000][1687.540s] GC(13)   Evacuate Collection Set: 66.4ms
[2022-03-22T12:40:07.976+0000][1687.544s] GC(13)   Post Evacuate Collection Set: 2.2ms
[2022-03-22T12:40:07.979+0000][1687.548s] GC(13)   Other: 15.2ms
[2022-03-22T12:40:07.980+0000][1687.548s] GC(13) Eden regions: 22->0(22)
[2022-03-22T12:40:07.980+0000][1687.549s] GC(13) Survivor regions: 3->3(4)
[2022-03-22T12:40:07.981+0000][1687.549s] GC(13) Old regions: 29->29
[2022-03-22T12:40:07.985+0000][1687.553s] GC(13) Humongous regions: 4->4
[2022-03-22T12:40:07.988+0000][1687.556s] GC(13) Metaspace: 39593K->39593K(1085440K)
[2022-03-22T12:40:07.988+0000][1687.557s] GC(13) Pause Young (Normal) (G1 Evacuation Pause) 54M->32M(512M) 116.784ms
[2022-03-22T12:40:07.993+0000][1687.561s] GC(13) User=0.13s Sys=0.00s Real=0.12s
[2022-03-22T12:40:08.853+0000][1688.421s] Heap
[2022-03-22T12:40:08.853+0000][1688.421s]  garbage-first heap   total 524288K, used 35773K [0x00000000e0000000, 0x0000000100000000)
[2022-03-22T12:40:08.853+0000][1688.422s]   region size 1024K, 6 young (6144K), 3 survivors (3072K)
[2022-03-22T12:40:08.854+0000][1688.422s]  Metaspace       used 39776K, capacity 40896K, committed 41236K, reserved 1085440K
[2022-03-22T12:40:08.862+0000][1688.430s]   class space    used 4636K, capacity 5108K, committed 5196K, reserved 1048576K
