[2022-03-23T08:28:24.012+0000][0.501s] Heap region size: 1M
[2022-03-23T08:28:27.222+0000][3.711s] Using G1
[2022-03-23T08:28:27.226+0000][3.715s] Heap address: 0x00000000e0000000, size: 512 MB, Compressed Oops mode: 32-bit
[2022-03-23T08:28:27.240+0000][3.729s] Mark closed archive regions in map: [0x00000000fff00000, 0x00000000fff63ff8]
[2022-03-23T08:28:27.256+0000][3.745s] Mark open archive regions in map: [0x00000000ffe00000, 0x00000000ffe41ff8]
[2022-03-23T08:28:39.747+0000][16.236s] GC(0) Pause Young (Normal) (G1 Evacuation Pause)
[2022-03-23T08:28:39.809+0000][16.298s] GC(0) Using 4 workers of 4 for evacuation
[2022-03-23T08:28:40.032+0000][16.521s] GC(0)   Pre Evacuate Collection Set: 0.1ms
[2022-03-23T08:28:40.037+0000][16.526s] GC(0)   Evacuate Collection Set: 203.3ms
[2022-03-23T08:28:40.040+0000][16.529s] GC(0)   Post Evacuate Collection Set: 0.9ms
[2022-03-23T08:28:40.041+0000][16.530s] GC(0)   Other: 80.0ms
[2022-03-23T08:28:40.060+0000][16.549s] GC(0) Eden regions: 25->0(22)
[2022-03-23T08:28:40.074+0000][16.563s] GC(0) Survivor regions: 0->3(4)
[2022-03-23T08:28:40.085+0000][16.574s] GC(0) Old regions: 2->2
[2022-03-23T08:28:40.101+0000][16.590s] GC(0) Humongous regions: 0->0
[2022-03-23T08:28:40.102+0000][16.591s] GC(0) Metaspace: 6891K->6891K(1056768K)
[2022-03-23T08:28:40.117+0000][16.606s] GC(0) Pause Young (Normal) (G1 Evacuation Pause) 25M->3M(512M) 369.383ms
[2022-03-23T08:28:40.118+0000][16.607s] GC(0) User=0.19s Sys=0.07s Real=0.36s
[2022-03-23T08:28:48.800+0000][25.289s] GC(1) Pause Young (Normal) (G1 Evacuation Pause)
[2022-03-23T08:28:48.827+0000][25.316s] GC(1) Using 4 workers of 4 for evacuation
[2022-03-23T08:28:49.330+0000][25.819s] GC(1) MMU target violated: 251.0ms (250.0ms/251.0ms)
[2022-03-23T08:28:49.331+0000][25.820s] GC(1)   Pre Evacuate Collection Set: 0.1ms
[2022-03-23T08:28:49.331+0000][25.820s] GC(1)   Evacuate Collection Set: 462.9ms
[2022-03-23T08:28:49.331+0000][25.820s] GC(1)   Post Evacuate Collection Set: 24.4ms
[2022-03-23T08:28:49.331+0000][25.820s] GC(1)   Other: 43.7ms
[2022-03-23T08:28:49.332+0000][25.820s] GC(1) Eden regions: 22->0(21)
[2022-03-23T08:28:49.332+0000][25.821s] GC(1) Survivor regions: 3->4(4)
[2022-03-23T08:28:49.332+0000][25.821s] GC(1) Old regions: 2->10
[2022-03-23T08:28:49.332+0000][25.821s] GC(1) Humongous regions: 4->4
[2022-03-23T08:28:49.333+0000][25.821s] GC(1) Metaspace: 12936K->12936K(1060864K)
[2022-03-23T08:28:49.333+0000][25.822s] GC(1) Pause Young (Normal) (G1 Evacuation Pause) 29M->16M(512M) 533.125ms
[2022-03-23T08:28:49.333+0000][25.822s] GC(1) User=0.34s Sys=0.14s Real=0.54s
[2022-03-23T08:28:55.049+0000][31.538s] GC(2) Pause Young (Normal) (G1 Evacuation Pause)
[2022-03-23T08:28:55.064+0000][31.553s] GC(2) Using 4 workers of 4 for evacuation
[2022-03-23T08:28:55.396+0000][31.885s] GC(2) MMU target violated: 251.0ms (250.0ms/251.0ms)
[2022-03-23T08:28:55.402+0000][31.890s] GC(2)   Pre Evacuate Collection Set: 0.0ms
[2022-03-23T08:28:55.402+0000][31.891s] GC(2)   Evacuate Collection Set: 276.5ms
[2022-03-23T08:28:55.402+0000][31.891s] GC(2)   Post Evacuate Collection Set: 39.5ms
[2022-03-23T08:28:55.414+0000][31.903s] GC(2)   Other: 36.3ms
[2022-03-23T08:28:55.429+0000][31.918s] GC(2) Eden regions: 21->0(21)
[2022-03-23T08:28:55.442+0000][31.931s] GC(2) Survivor regions: 4->4(4)
[2022-03-23T08:28:55.453+0000][31.942s] GC(2) Old regions: 10->15
[2022-03-23T08:28:55.453+0000][31.942s] GC(2) Humongous regions: 4->4
[2022-03-23T08:28:55.453+0000][31.942s] GC(2) Metaspace: 15729K->15729K(1062912K)
[2022-03-23T08:28:55.454+0000][31.942s] GC(2) Pause Young (Normal) (G1 Evacuation Pause) 37M->20M(512M) 404.371ms
[2022-03-23T08:28:55.454+0000][31.943s] GC(2) User=0.21s Sys=0.00s Real=0.40s
[2022-03-23T08:28:58.672+0000][35.161s] GC(3) Pause Young (Normal) (G1 Evacuation Pause)
[2022-03-23T08:28:58.676+0000][35.165s] GC(3) Using 4 workers of 4 for evacuation
[2022-03-23T08:28:58.788+0000][35.277s] GC(3)   Pre Evacuate Collection Set: 0.0ms
[2022-03-23T08:28:58.788+0000][35.277s] GC(3)   Evacuate Collection Set: 105.5ms
[2022-03-23T08:28:58.788+0000][35.277s] GC(3)   Post Evacuate Collection Set: 5.3ms
[2022-03-23T08:28:58.789+0000][35.277s] GC(3)   Other: 4.5ms
[2022-03-23T08:28:58.789+0000][35.278s] GC(3) Eden regions: 21->0(21)
[2022-03-23T08:28:58.789+0000][35.278s] GC(3) Survivor regions: 4->4(4)
[2022-03-23T08:28:58.789+0000][35.278s] GC(3) Old regions: 15->19
[2022-03-23T08:28:58.790+0000][35.278s] GC(3) Humongous regions: 4->4
[2022-03-23T08:28:58.790+0000][35.279s] GC(3) Metaspace: 17439K->17439K(1064960K)
[2022-03-23T08:28:58.790+0000][35.279s] GC(3) Pause Young (Normal) (G1 Evacuation Pause) 41M->24M(512M) 117.504ms
[2022-03-23T08:28:58.790+0000][35.279s] GC(3) User=0.07s Sys=0.03s Real=0.11s
[2022-03-23T08:29:01.162+0000][37.651s] GC(4) Pause Young (Normal) (G1 Evacuation Pause)
[2022-03-23T08:29:01.177+0000][37.666s] GC(4) Using 4 workers of 4 for evacuation
[2022-03-23T08:29:01.285+0000][37.774s] GC(4)   Pre Evacuate Collection Set: 0.1ms
[2022-03-23T08:29:01.287+0000][37.776s] GC(4)   Evacuate Collection Set: 105.0ms
[2022-03-23T08:29:01.287+0000][37.776s] GC(4)   Post Evacuate Collection Set: 0.3ms
[2022-03-23T08:29:01.288+0000][37.777s] GC(4)   Other: 17.5ms
[2022-03-23T08:29:01.288+0000][37.777s] GC(4) Eden regions: 21->0(27)
[2022-03-23T08:29:01.292+0000][37.781s] GC(4) Survivor regions: 4->1(4)
[2022-03-23T08:29:01.292+0000][37.781s] GC(4) Old regions: 19->22
[2022-03-23T08:29:01.293+0000][37.781s] GC(4) Humongous regions: 4->4
[2022-03-23T08:29:01.293+0000][37.782s] GC(4) Metaspace: 19718K->19718K(1067008K)
[2022-03-23T08:29:01.293+0000][37.782s] GC(4) Pause Young (Normal) (G1 Evacuation Pause) 45M->24M(512M) 130.770ms
[2022-03-23T08:29:01.293+0000][37.782s] GC(4) User=0.06s Sys=0.00s Real=0.13s
[2022-03-23T08:29:01.613+0000][38.102s] GC(5) Pause Young (Concurrent Start) (Metadata GC Threshold)
[2022-03-23T08:29:01.614+0000][38.103s] GC(5) Using 4 workers of 4 for evacuation
[2022-03-23T08:29:01.654+0000][38.143s] GC(5)   Pre Evacuate Collection Set: 0.1ms
[2022-03-23T08:29:01.655+0000][38.144s] GC(5)   Evacuate Collection Set: 38.2ms
[2022-03-23T08:29:01.655+0000][38.144s] GC(5)   Post Evacuate Collection Set: 0.4ms
[2022-03-23T08:29:01.659+0000][38.147s] GC(5)   Other: 2.1ms
[2022-03-23T08:29:01.659+0000][38.148s] GC(5) Eden regions: 6->0(32)
[2022-03-23T08:29:01.659+0000][38.148s] GC(5) Survivor regions: 1->1(4)
[2022-03-23T08:29:01.659+0000][38.148s] GC(5) Old regions: 22->22
[2022-03-23T08:29:01.659+0000][38.148s] GC(5) Humongous regions: 4->4
[2022-03-23T08:29:01.660+0000][38.149s] GC(5) Metaspace: 20465K->20465K(1067008K)
[2022-03-23T08:29:01.660+0000][38.149s] GC(5) Pause Young (Concurrent Start) (Metadata GC Threshold) 30M->24M(512M) 46.435ms
[2022-03-23T08:29:01.660+0000][38.149s] GC(5) User=0.02s Sys=0.02s Real=0.04s
[2022-03-23T08:29:01.661+0000][38.150s] GC(6) Concurrent Cycle
[2022-03-23T08:29:01.663+0000][38.151s] GC(6) Concurrent Clear Claimed Marks
[2022-03-23T08:29:01.672+0000][38.160s] GC(6) Concurrent Clear Claimed Marks 8.968ms
[2022-03-23T08:29:01.676+0000][38.165s] GC(6) Concurrent Scan Root Regions
[2022-03-23T08:29:01.697+0000][38.186s] GC(6) Concurrent Scan Root Regions 20.967ms
[2022-03-23T08:29:01.697+0000][38.186s] GC(6) Concurrent Mark (38.186s)
[2022-03-23T08:29:01.697+0000][38.186s] GC(6) Concurrent Mark From Roots
[2022-03-23T08:29:01.705+0000][38.193s] GC(6) Using 1 workers of 1 for marking
[2022-03-23T08:29:01.965+0000][38.454s] GC(6) Concurrent Mark From Roots 267.671ms
[2022-03-23T08:29:02.013+0000][38.502s] GC(6) Concurrent Preclean
[2022-03-23T08:29:02.014+0000][38.502s] GC(6) Concurrent Preclean 0.685ms
[2022-03-23T08:29:02.014+0000][38.503s] GC(6) Concurrent Mark (38.186s, 38.503s) 316.819ms
[2022-03-23T08:29:02.014+0000][38.503s] GC(6) Pause Remark
[2022-03-23T08:29:02.104+0000][38.593s] GC(6) Cleaned string and symbol table, strings: 9377 processed, 26 removed, symbols: 62385 processed, 40 removed
[2022-03-23T08:29:02.125+0000][38.614s] GC(6) Pause Remark 28M->28M(512M) 110.816ms
[2022-03-23T08:29:02.127+0000][38.616s] GC(6) User=0.06s Sys=0.02s Real=0.11s
[2022-03-23T08:29:02.127+0000][38.616s] GC(6) Concurrent Rebuild Remembered Sets
[2022-03-23T08:29:02.226+0000][38.715s] GC(6) Concurrent Rebuild Remembered Sets 98.967ms
[2022-03-23T08:29:02.244+0000][38.733s] GC(6) Pause Cleanup
[2022-03-23T08:29:02.250+0000][38.739s] GC(6) Pause Cleanup 28M->28M(512M) 6.126ms
[2022-03-23T08:29:02.255+0000][38.743s] GC(6) User=0.00s Sys=0.00s Real=0.00s
[2022-03-23T08:29:02.255+0000][38.744s] GC(6) Concurrent Cleanup for Next Mark
[2022-03-23T08:29:02.259+0000][38.747s] GC(6) Concurrent Cleanup for Next Mark 3.595ms
[2022-03-23T08:29:02.263+0000][38.752s] GC(6) Concurrent Cycle 602.529ms
[2022-03-23T08:29:08.604+0000][45.092s] GC(7) Pause Young (Concurrent Start) (G1 Evacuation Pause)
[2022-03-23T08:29:08.609+0000][45.098s] GC(7) Using 4 workers of 4 for evacuation
[2022-03-23T08:29:08.661+0000][45.150s] GC(7)   Pre Evacuate Collection Set: 0.1ms
[2022-03-23T08:29:08.668+0000][45.157s] GC(7)   Evacuate Collection Set: 47.9ms
[2022-03-23T08:29:08.669+0000][45.158s] GC(7)   Post Evacuate Collection Set: 3.8ms
[2022-03-23T08:29:08.674+0000][45.162s] GC(7)   Other: 6.1ms
[2022-03-23T08:29:08.674+0000][45.163s] GC(7) Eden regions: 32->0(46)
[2022-03-23T08:29:08.682+0000][45.171s] GC(7) Survivor regions: 1->1(5)
[2022-03-23T08:29:08.682+0000][45.171s] GC(7) Old regions: 22->22
[2022-03-23T08:29:08.682+0000][45.171s] GC(7) Humongous regions: 4->4
[2022-03-23T08:29:08.683+0000][45.172s] GC(7) Metaspace: 24134K->24134K(1071104K)
[2022-03-23T08:29:08.683+0000][45.172s] GC(7) Pause Young (Concurrent Start) (G1 Evacuation Pause) 56M->25M(512M) 79.600ms
[2022-03-23T08:29:08.683+0000][45.172s] GC(7) User=0.04s Sys=0.00s Real=0.08s
[2022-03-23T08:29:08.684+0000][45.173s] GC(8) Concurrent Cycle
[2022-03-23T08:29:08.684+0000][45.173s] GC(8) Concurrent Clear Claimed Marks
[2022-03-23T08:29:08.684+0000][45.173s] GC(8) Concurrent Clear Claimed Marks 0.297ms
[2022-03-23T08:29:08.685+0000][45.173s] GC(8) Concurrent Scan Root Regions
[2022-03-23T08:29:08.689+0000][45.178s] GC(8) Concurrent Scan Root Regions 4.225ms
[2022-03-23T08:29:08.689+0000][45.178s] GC(8) Concurrent Mark (45.178s)
[2022-03-23T08:29:08.702+0000][45.191s] GC(8) Concurrent Mark From Roots
[2022-03-23T08:29:08.703+0000][45.191s] GC(8) Using 1 workers of 1 for marking
[2022-03-23T08:29:08.967+0000][45.456s] GC(8) Concurrent Mark From Roots 265.604ms
[2022-03-23T08:29:08.975+0000][45.464s] GC(8) Concurrent Preclean
[2022-03-23T08:29:08.982+0000][45.471s] GC(8) Concurrent Preclean 6.696ms
[2022-03-23T08:29:08.982+0000][45.471s] GC(8) Concurrent Mark (45.178s, 45.471s) 292.956ms
[2022-03-23T08:29:08.983+0000][45.472s] GC(8) Pause Remark
[2022-03-23T08:29:09.082+0000][45.571s] GC(8) Cleaned string and symbol table, strings: 10194 processed, 0 removed, symbols: 70642 processed, 25 removed
[2022-03-23T08:29:09.088+0000][45.577s] GC(8) Pause Remark 27M->27M(512M) 105.661ms
[2022-03-23T08:29:09.089+0000][45.578s] GC(8) User=0.06s Sys=0.01s Real=0.10s
[2022-03-23T08:29:09.089+0000][45.578s] GC(8) Concurrent Rebuild Remembered Sets
[2022-03-23T08:29:09.285+0000][45.774s] GC(8) Concurrent Rebuild Remembered Sets 195.972ms
[2022-03-23T08:29:09.384+0000][45.873s] GC(8) Pause Cleanup
[2022-03-23T08:29:09.386+0000][45.875s] GC(8) Pause Cleanup 28M->28M(512M) 1.274ms
[2022-03-23T08:29:09.386+0000][45.875s] GC(8) User=0.00s Sys=0.00s Real=0.00s
[2022-03-23T08:29:09.387+0000][45.875s] GC(8) Concurrent Cleanup for Next Mark
[2022-03-23T08:29:09.421+0000][45.909s] GC(8) Concurrent Cleanup for Next Mark 34.026ms
[2022-03-23T08:29:09.435+0000][45.924s] GC(8) Concurrent Cycle 751.683ms
[2022-03-23T08:29:30.181+0000][66.670s] GC(9) Pause Young (Normal) (G1 Evacuation Pause)
[2022-03-23T08:29:30.182+0000][66.670s] GC(9) Using 4 workers of 4 for evacuation
[2022-03-23T08:29:30.320+0000][66.809s] GC(9)   Pre Evacuate Collection Set: 0.1ms
[2022-03-23T08:29:30.323+0000][66.812s] GC(9)   Evacuate Collection Set: 105.6ms
[2022-03-23T08:29:30.324+0000][66.812s] GC(9)   Post Evacuate Collection Set: 28.7ms
[2022-03-23T08:29:30.324+0000][66.813s] GC(9)   Other: 5.1ms
[2022-03-23T08:29:30.324+0000][66.813s] GC(9) Eden regions: 46->0(50)
[2022-03-23T08:29:30.324+0000][66.813s] GC(9) Survivor regions: 1->4(6)
[2022-03-23T08:29:30.325+0000][66.813s] GC(9) Old regions: 22->22
[2022-03-23T08:29:30.325+0000][66.814s] GC(9) Humongous regions: 4->4
[2022-03-23T08:29:30.325+0000][66.814s] GC(9) Metaspace: 30997K->30997K(1077248K)
[2022-03-23T08:29:30.325+0000][66.814s] GC(9) Pause Young (Normal) (G1 Evacuation Pause) 71M->28M(512M) 144.393ms
[2022-03-23T08:29:30.326+0000][66.814s] GC(9) User=0.07s Sys=0.02s Real=0.15s
[2022-03-23T08:29:39.262+0000][75.751s] GC(10) Pause Young (Normal) (G1 Evacuation Pause)
[2022-03-23T08:29:39.344+0000][75.833s] GC(10) Using 4 workers of 4 for evacuation
[2022-03-23T08:29:39.605+0000][76.094s] GC(10)   Pre Evacuate Collection Set: 0.0ms
[2022-03-23T08:29:39.621+0000][76.109s] GC(10)   Evacuate Collection Set: 225.0ms
[2022-03-23T08:29:39.633+0000][76.121s] GC(10)   Post Evacuate Collection Set: 16.5ms
[2022-03-23T08:29:39.653+0000][76.142s] GC(10)   Other: 101.5ms
[2022-03-23T08:29:39.662+0000][76.151s] GC(10) Eden regions: 50->0(50)
[2022-03-23T08:29:39.665+0000][76.154s] GC(10) Survivor regions: 4->7(7)
[2022-03-23T08:29:39.676+0000][76.165s] GC(10) Old regions: 22->22
[2022-03-23T08:29:39.689+0000][76.178s] GC(10) Humongous regions: 4->4
[2022-03-23T08:29:39.705+0000][76.194s] GC(10) Metaspace: 34790K->34790K(1081344K)
[2022-03-23T08:29:39.721+0000][76.210s] GC(10) Pause Young (Normal) (G1 Evacuation Pause) 78M->31M(512M) 459.215ms
[2022-03-23T08:29:39.740+0000][76.229s] GC(10) User=0.22s Sys=0.04s Real=0.57s
[2022-03-23T08:52:16.935+0000][1433.424s] GC(11) Pause Young (Normal) (G1 Evacuation Pause)
[2022-03-23T08:52:16.938+0000][1433.427s] GC(11) Using 4 workers of 4 for evacuation
[2022-03-23T08:52:17.157+0000][1433.645s] GC(11)   Pre Evacuate Collection Set: 35.7ms
[2022-03-23T08:52:17.157+0000][1433.646s] GC(11)   Evacuate Collection Set: 172.8ms
[2022-03-23T08:52:17.157+0000][1433.646s] GC(11)   Post Evacuate Collection Set: 5.2ms
[2022-03-23T08:52:17.158+0000][1433.647s] GC(11)   Other: 11.6ms
[2022-03-23T08:52:17.158+0000][1433.647s] GC(11) Eden regions: 50->0(49)
[2022-03-23T08:52:17.159+0000][1433.648s] GC(11) Survivor regions: 7->6(8)
[2022-03-23T08:52:17.159+0000][1433.648s] GC(11) Old regions: 22->26
[2022-03-23T08:52:17.160+0000][1433.649s] GC(11) Humongous regions: 4->4
[2022-03-23T08:52:17.160+0000][1433.649s] GC(11) Metaspace: 39386K->39386K(1085440K)
[2022-03-23T08:52:17.162+0000][1433.651s] GC(11) Pause Young (Normal) (G1 Evacuation Pause) 81M->33M(512M) 226.921ms
[2022-03-23T08:52:17.164+0000][1433.652s] GC(11) User=0.74s Sys=0.00s Real=0.23s
[2022-03-23T09:07:15.803+0000][2332.292s] Heap
[2022-03-23T09:07:15.804+0000][2332.292s]  garbage-first heap   total 524288K, used 52544K [0x00000000e0000000, 0x0000000100000000)
[2022-03-23T09:07:15.816+0000][2332.305s]   region size 1024K, 25 young (25600K), 6 survivors (6144K)
[2022-03-23T09:07:15.816+0000][2332.305s]  Metaspace       used 39895K, capacity 41025K, committed 41160K, reserved 1085440K
[2022-03-23T09:07:15.817+0000][2332.305s]   class space    used 4636K, capacity 5110K, committed 5120K, reserved 1048576K
