[2022-03-17T11:07:02.529+0000][0.509s] Heap region size: 1M
[2022-03-17T11:07:06.026+0000][4.005s] Using G1
[2022-03-17T11:07:06.027+0000][4.006s] Heap address: 0x00000000e0000000, size: 512 MB, Compressed Oops mode: 32-bit
[2022-03-17T11:07:06.043+0000][4.022s] Mark closed archive regions in map: [0x00000000fff00000, 0x00000000fff63ff8]
[2022-03-17T11:07:06.055+0000][4.035s] Mark open archive regions in map: [0x00000000ffe00000, 0x00000000ffe41ff8]
[2022-03-17T11:07:14.346+0000][12.325s] GC(0) Pause Young (Normal) (G1 Evacuation Pause)
[2022-03-17T11:07:14.364+0000][12.343s] GC(0) Using 4 workers of 4 for evacuation
[2022-03-17T11:07:14.429+0000][12.408s] GC(0)   Pre Evacuate Collection Set: 0.2ms
[2022-03-17T11:07:14.429+0000][12.409s] GC(0)   Evacuate Collection Set: 59.7ms
[2022-03-17T11:07:14.430+0000][12.409s] GC(0)   Post Evacuate Collection Set: 4.1ms
[2022-03-17T11:07:14.430+0000][12.409s] GC(0)   Other: 19.2ms
[2022-03-17T11:07:14.431+0000][12.410s] GC(0) Eden regions: 25->0(206)
[2022-03-17T11:07:14.432+0000][12.411s] GC(0) Survivor regions: 0->3(4)
[2022-03-17T11:07:14.432+0000][12.411s] GC(0) Old regions: 2->2
[2022-03-17T11:07:14.433+0000][12.412s] GC(0) Humongous regions: 0->0
[2022-03-17T11:07:14.434+0000][12.413s] GC(0) Metaspace: 6901K->6901K(1056768K)
[2022-03-17T11:07:14.435+0000][12.414s] GC(0) Pause Young (Normal) (G1 Evacuation Pause) 25M->3M(512M) 88.713ms
[2022-03-17T11:07:14.435+0000][12.414s] GC(0) User=0.05s Sys=0.02s Real=0.08s
[2022-03-17T11:07:19.237+0000][17.216s] GC(1) Pause Young (Normal) (G1 Evacuation Pause)
[2022-03-17T11:07:19.239+0000][17.218s] GC(1) Using 4 workers of 4 for evacuation
[2022-03-17T11:07:19.387+0000][17.366s] GC(1)   Pre Evacuate Collection Set: 0.0ms
[2022-03-17T11:07:19.387+0000][17.367s] GC(1)   Evacuate Collection Set: 146.5ms
[2022-03-17T11:07:19.388+0000][17.367s] GC(1)   Post Evacuate Collection Set: 0.5ms
[2022-03-17T11:07:19.388+0000][17.367s] GC(1)   Other: 2.9ms
[2022-03-17T11:07:19.388+0000][17.367s] GC(1) Eden regions: 22->0(25)
[2022-03-17T11:07:19.388+0000][17.367s] GC(1) Survivor regions: 3->4(4)
[2022-03-17T11:07:19.388+0000][17.368s] GC(1) Old regions: 2->10
[2022-03-17T11:07:19.389+0000][17.368s] GC(1) Humongous regions: 4->4
[2022-03-17T11:07:19.389+0000][17.368s] GC(1) Metaspace: 12917K->12917K(1060864K)
[2022-03-17T11:07:19.390+0000][17.369s] GC(1) Pause Young (Normal) (G1 Evacuation Pause) 29M->16M(512M) 152.811ms
[2022-03-17T11:07:19.395+0000][17.374s] GC(1) User=0.16s Sys=0.00s Real=0.15s
[2022-03-17T11:07:23.933+0000][21.912s] GC(2) Pause Young (Normal) (G1 Evacuation Pause)
[2022-03-17T11:07:23.952+0000][21.931s] GC(2) Using 4 workers of 4 for evacuation
[2022-03-17T11:07:24.126+0000][22.105s] GC(2)   Pre Evacuate Collection Set: 0.0ms
[2022-03-17T11:07:24.145+0000][22.124s] GC(2)   Evacuate Collection Set: 164.7ms
[2022-03-17T11:07:24.161+0000][22.140s] GC(2)   Post Evacuate Collection Set: 7.8ms
[2022-03-17T11:07:24.177+0000][22.156s] GC(2)   Other: 21.1ms
[2022-03-17T11:07:24.206+0000][22.185s] GC(2) Eden regions: 25->0(34)
[2022-03-17T11:07:24.216+0000][22.196s] GC(2) Survivor regions: 4->4(4)
[2022-03-17T11:07:24.238+0000][22.217s] GC(2) Old regions: 10->16
[2022-03-17T11:07:24.248+0000][22.228s] GC(2) Humongous regions: 4->4
[2022-03-17T11:07:24.264+0000][22.243s] GC(2) Metaspace: 15804K->15804K(1062912K)
[2022-03-17T11:07:24.280+0000][22.260s] GC(2) Pause Young (Normal) (G1 Evacuation Pause) 41M->22M(512M) 347.689ms
[2022-03-17T11:07:24.296+0000][22.275s] GC(2) User=0.09s Sys=0.00s Real=0.37s
[2022-03-17T11:07:28.590+0000][26.569s] GC(3) Pause Young (Normal) (G1 Evacuation Pause)
[2022-03-17T11:07:28.591+0000][26.570s] GC(3) Using 4 workers of 4 for evacuation
[2022-03-17T11:07:28.640+0000][26.620s] GC(3)   Pre Evacuate Collection Set: 0.0ms
[2022-03-17T11:07:28.641+0000][26.620s] GC(3)   Evacuate Collection Set: 25.7ms
[2022-03-17T11:07:28.641+0000][26.620s] GC(3)   Post Evacuate Collection Set: 22.8ms
[2022-03-17T11:07:28.641+0000][26.620s] GC(3)   Other: 2.0ms
[2022-03-17T11:07:28.641+0000][26.621s] GC(3) Eden regions: 34->0(44)
[2022-03-17T11:07:28.643+0000][26.623s] GC(3) Survivor regions: 4->3(5)
[2022-03-17T11:07:28.654+0000][26.633s] GC(3) Old regions: 16->20
[2022-03-17T11:07:28.654+0000][26.633s] GC(3) Humongous regions: 4->4
[2022-03-17T11:07:28.654+0000][26.633s] GC(3) Metaspace: 19722K->19722K(1067008K)
[2022-03-17T11:07:28.654+0000][26.634s] GC(3) Pause Young (Normal) (G1 Evacuation Pause) 56M->25M(512M) 64.468ms
[2022-03-17T11:07:28.655+0000][26.634s] GC(3) User=0.05s Sys=0.01s Real=0.06s
[2022-03-17T11:07:29.158+0000][27.137s] GC(4) Pause Young (Concurrent Start) (Metadata GC Threshold)
[2022-03-17T11:07:29.159+0000][27.138s] GC(4) Using 4 workers of 4 for evacuation
[2022-03-17T11:07:29.198+0000][27.177s] GC(4)   Pre Evacuate Collection Set: 0.1ms
[2022-03-17T11:07:29.199+0000][27.178s] GC(4)   Evacuate Collection Set: 38.7ms
[2022-03-17T11:07:29.199+0000][27.178s] GC(4)   Post Evacuate Collection Set: 0.4ms
[2022-03-17T11:07:29.199+0000][27.178s] GC(4)   Other: 1.0ms
[2022-03-17T11:07:29.199+0000][27.179s] GC(4) Eden regions: 10->0(48)
[2022-03-17T11:07:29.200+0000][27.179s] GC(4) Survivor regions: 3->3(6)
[2022-03-17T11:07:29.200+0000][27.179s] GC(4) Old regions: 20->20
[2022-03-17T11:07:29.200+0000][27.179s] GC(4) Humongous regions: 4->4
[2022-03-17T11:07:29.201+0000][27.180s] GC(4) Metaspace: 20453K->20453K(1067008K)
[2022-03-17T11:07:29.201+0000][27.181s] GC(4) Pause Young (Concurrent Start) (Metadata GC Threshold) 34M->25M(512M) 43.367ms
[2022-03-17T11:07:29.202+0000][27.181s] GC(4) User=0.02s Sys=0.01s Real=0.04s
[2022-03-17T11:07:29.202+0000][27.181s] GC(5) Concurrent Cycle
[2022-03-17T11:07:29.202+0000][27.181s] GC(5) Concurrent Clear Claimed Marks
[2022-03-17T11:07:29.202+0000][27.182s] GC(5) Concurrent Clear Claimed Marks 0.250ms
[2022-03-17T11:07:29.203+0000][27.182s] GC(5) Concurrent Scan Root Regions
[2022-03-17T11:07:29.205+0000][27.184s] GC(5) Concurrent Scan Root Regions 2.338ms
[2022-03-17T11:07:29.205+0000][27.185s] GC(5) Concurrent Mark (27.184s)
[2022-03-17T11:07:29.206+0000][27.185s] GC(5) Concurrent Mark From Roots
[2022-03-17T11:07:29.206+0000][27.185s] GC(5) Using 1 workers of 1 for marking
[2022-03-17T11:07:29.397+0000][27.376s] GC(5) Concurrent Mark From Roots 191.033ms
[2022-03-17T11:07:29.397+0000][27.376s] GC(5) Concurrent Preclean
[2022-03-17T11:07:29.397+0000][27.377s] GC(5) Concurrent Preclean 0.420ms
[2022-03-17T11:07:29.398+0000][27.377s] GC(5) Concurrent Mark (27.184s, 27.377s) 192.245ms
[2022-03-17T11:07:29.403+0000][27.382s] GC(5) Pause Remark
[2022-03-17T11:07:29.411+0000][27.390s] GC(5) Cleaned string and symbol table, strings: 9377 processed, 26 removed, symbols: 62231 processed, 30 removed
[2022-03-17T11:07:29.411+0000][27.391s] GC(5) Pause Remark 28M->28M(512M) 8.533ms
[2022-03-17T11:07:29.412+0000][27.391s] GC(5) User=0.01s Sys=0.00s Real=0.01s
[2022-03-17T11:07:29.412+0000][27.391s] GC(5) Concurrent Rebuild Remembered Sets
[2022-03-17T11:07:29.483+0000][27.463s] GC(5) Concurrent Rebuild Remembered Sets 71.268ms
[2022-03-17T11:07:29.496+0000][27.475s] GC(5) Pause Cleanup
[2022-03-17T11:07:29.496+0000][27.476s] GC(5) Pause Cleanup 30M->30M(512M) 0.586ms
[2022-03-17T11:07:29.497+0000][27.476s] GC(5) User=0.00s Sys=0.00s Real=0.00s
[2022-03-17T11:07:29.497+0000][27.476s] GC(5) Concurrent Cleanup for Next Mark
[2022-03-17T11:07:29.500+0000][27.479s] GC(5) Concurrent Cleanup for Next Mark 2.488ms
[2022-03-17T11:07:29.504+0000][27.484s] GC(5) Concurrent Cycle 302.488ms
[2022-03-17T11:07:33.836+0000][31.815s] GC(6) Pause Young (Concurrent Start) (G1 Evacuation Pause)
[2022-03-17T11:07:33.837+0000][31.816s] GC(6) Using 4 workers of 4 for evacuation
[2022-03-17T11:07:33.906+0000][31.885s] GC(6)   Pre Evacuate Collection Set: 0.1ms
[2022-03-17T11:07:33.906+0000][31.885s] GC(6)   Evacuate Collection Set: 59.9ms
[2022-03-17T11:07:33.906+0000][31.886s] GC(6)   Post Evacuate Collection Set: 8.7ms
[2022-03-17T11:07:33.907+0000][31.886s] GC(6)   Other: 0.9ms
[2022-03-17T11:07:33.907+0000][31.886s] GC(6) Eden regions: 48->0(67)
[2022-03-17T11:07:33.907+0000][31.887s] GC(6) Survivor regions: 3->4(7)
[2022-03-17T11:07:33.908+0000][31.887s] GC(6) Old regions: 20->20
[2022-03-17T11:07:33.908+0000][31.887s] GC(6) Humongous regions: 4->4
[2022-03-17T11:07:33.908+0000][31.887s] GC(6) Metaspace: 27143K->27143K(1073152K)
[2022-03-17T11:07:33.908+0000][31.888s] GC(6) Pause Young (Concurrent Start) (G1 Evacuation Pause) 73M->25M(512M) 72.206ms
[2022-03-17T11:07:33.909+0000][31.889s] GC(6) User=0.04s Sys=0.01s Real=0.07s
[2022-03-17T11:07:33.912+0000][31.891s] GC(7) Concurrent Cycle
[2022-03-17T11:07:33.912+0000][31.891s] GC(7) Concurrent Clear Claimed Marks
[2022-03-17T11:07:33.913+0000][31.892s] GC(7) Concurrent Clear Claimed Marks 0.561ms
[2022-03-17T11:07:33.914+0000][31.893s] GC(7) Concurrent Scan Root Regions
[2022-03-17T11:07:33.925+0000][31.904s] GC(7) Concurrent Scan Root Regions 11.635ms
[2022-03-17T11:07:33.926+0000][31.905s] GC(7) Concurrent Mark (31.905s)
[2022-03-17T11:07:33.933+0000][31.913s] GC(7) Concurrent Mark From Roots
[2022-03-17T11:07:33.938+0000][31.917s] GC(7) Using 1 workers of 1 for marking
[2022-03-17T11:07:34.236+0000][32.215s] GC(7) Concurrent Mark From Roots 302.279ms
[2022-03-17T11:07:34.236+0000][32.215s] GC(7) Concurrent Preclean
[2022-03-17T11:07:34.236+0000][32.216s] GC(7) Concurrent Preclean 0.375ms
[2022-03-17T11:07:34.237+0000][32.216s] GC(7) Concurrent Mark (31.905s, 32.216s) 310.973ms
[2022-03-17T11:07:34.237+0000][32.216s] GC(7) Pause Remark
[2022-03-17T11:07:34.277+0000][32.256s] GC(7) Cleaned string and symbol table, strings: 12470 processed, 0 removed, symbols: 80465 processed, 38 removed
[2022-03-17T11:07:34.282+0000][32.261s] GC(7) Pause Remark 26M->26M(512M) 44.914ms
[2022-03-17T11:07:34.282+0000][32.262s] GC(7) User=0.03s Sys=0.00s Real=0.04s
[2022-03-17T11:07:34.286+0000][32.265s] GC(7) Concurrent Rebuild Remembered Sets
[2022-03-17T11:07:34.416+0000][32.395s] GC(7) Concurrent Rebuild Remembered Sets 130.613ms
[2022-03-17T11:07:34.456+0000][32.436s] GC(7) Pause Cleanup
[2022-03-17T11:07:34.467+0000][32.446s] GC(7) Pause Cleanup 28M->28M(512M) 10.880ms
[2022-03-17T11:07:34.469+0000][32.449s] GC(7) User=0.01s Sys=0.00s Real=0.01s
[2022-03-17T11:07:34.473+0000][32.452s] GC(7) Concurrent Cleanup for Next Mark
[2022-03-17T11:07:34.475+0000][32.454s] GC(7) Concurrent Cleanup for Next Mark 2.309ms
[2022-03-17T11:07:34.476+0000][32.455s] GC(7) Concurrent Cycle 564.013ms
[2022-03-17T11:07:48.323+0000][46.302s] GC(8) Pause Young (Normal) (G1 Evacuation Pause)
[2022-03-17T11:07:48.323+0000][46.302s] GC(8) Using 4 workers of 4 for evacuation
[2022-03-17T11:07:48.436+0000][46.415s] GC(8)   Pre Evacuate Collection Set: 0.0ms
[2022-03-17T11:07:48.437+0000][46.416s] GC(8)   Evacuate Collection Set: 103.1ms
[2022-03-17T11:07:48.444+0000][46.423s] GC(8)   Post Evacuate Collection Set: 9.4ms
[2022-03-17T11:07:48.444+0000][46.423s] GC(8)   Other: 1.0ms
[2022-03-17T11:07:48.444+0000][46.423s] GC(8) Eden regions: 68->0(97)
[2022-03-17T11:07:48.444+0000][46.424s] GC(8) Survivor regions: 4->9(9)
[2022-03-17T11:07:48.445+0000][46.424s] GC(8) Old regions: 20->20
[2022-03-17T11:07:48.445+0000][46.424s] GC(8) Humongous regions: 4->4
[2022-03-17T11:07:48.445+0000][46.424s] GC(8) Metaspace: 33824K->33824K(1079296K)
[2022-03-17T11:07:48.445+0000][46.425s] GC(8) Pause Young (Normal) (G1 Evacuation Pause) 93M->30M(512M) 122.711ms
[2022-03-17T11:07:48.446+0000][46.425s] GC(8) User=0.07s Sys=0.02s Real=0.13s
[2022-03-21T05:36:38.004+0000][13390.030s] GC(9) Pause Young (Normal) (G1 Evacuation Pause)
[2022-03-21T05:36:38.006+0000][13390.031s] GC(9) Using 4 workers of 4 for evacuation
[2022-03-21T05:36:38.234+0000][13390.259s] GC(9)   Pre Evacuate Collection Set: 16.5ms
[2022-03-21T05:36:38.235+0000][13390.260s] GC(9)   Evacuate Collection Set: 194.0ms
[2022-03-21T05:36:38.235+0000][13390.260s] GC(9)   Post Evacuate Collection Set: 6.8ms
[2022-03-21T05:36:38.235+0000][13390.261s] GC(9)   Other: 21.7ms
[2022-03-21T05:36:38.236+0000][13390.261s] GC(9) Eden regions: 97->0(112)
[2022-03-21T05:36:38.236+0000][13390.261s] GC(9) Survivor regions: 9->9(14)
[2022-03-21T05:36:38.236+0000][13390.261s] GC(9) Old regions: 20->22
[2022-03-21T05:36:38.237+0000][13390.262s] GC(9) Humongous regions: 4->4
[2022-03-21T05:36:38.237+0000][13390.262s] GC(9) Metaspace: 37371K->37371K(1083392K)
[2022-03-21T05:36:38.237+0000][13390.263s] GC(9) Pause Young (Normal) (G1 Evacuation Pause) 127M->32M(512M) 233.090ms
[2022-03-21T05:36:38.238+0000][13390.263s] GC(9) User=0.80s Sys=0.00s Real=0.23s
[2022-03-21T11:21:39.097+0000][34091.123s] GC(10) Pause Young (Normal) (G1 Evacuation Pause)
[2022-03-21T11:21:39.100+0000][34091.125s] GC(10) Using 4 workers of 4 for evacuation
[2022-03-21T11:21:39.401+0000][34091.426s] GC(10) MMU target violated: 251.0ms (250.0ms/251.0ms)
[2022-03-21T11:21:39.402+0000][34091.427s] GC(10)   Pre Evacuate Collection Set: 32.3ms
[2022-03-21T11:21:39.402+0000][34091.427s] GC(10)   Evacuate Collection Set: 227.1ms
[2022-03-21T11:21:39.403+0000][34091.428s] GC(10)   Post Evacuate Collection Set: 36.0ms
[2022-03-21T11:21:39.403+0000][34091.428s] GC(10)   Other: 13.9ms
[2022-03-21T11:21:39.403+0000][34091.428s] GC(10) Eden regions: 112->0(118)
[2022-03-21T11:21:39.404+0000][34091.429s] GC(10) Survivor regions: 9->8(16)
[2022-03-21T11:21:39.405+0000][34091.430s] GC(10) Old regions: 22->22
[2022-03-21T11:21:39.405+0000][34091.430s] GC(10) Humongous regions: 4->4
[2022-03-21T11:21:39.406+0000][34091.431s] GC(10) Metaspace: 38023K->38023K(1083392K)
[2022-03-21T11:21:39.406+0000][34091.431s] GC(10) Pause Young (Normal) (G1 Evacuation Pause) 144M->31M(512M) 308.884ms
[2022-03-21T11:21:39.406+0000][34091.432s] GC(10) User=1.04s Sys=0.00s Real=0.31s
[2022-03-21T11:38:23.357+0000][35095.382s] GC(11) Pause Young (Normal) (G1 Evacuation Pause)
[2022-03-21T11:38:23.358+0000][35095.383s] GC(11) Using 4 workers of 4 for evacuation
[2022-03-21T11:38:23.536+0000][35095.561s] GC(11)   Pre Evacuate Collection Set: 0.1ms
[2022-03-21T11:38:23.538+0000][35095.563s] GC(11)   Evacuate Collection Set: 164.5ms
[2022-03-21T11:38:23.539+0000][35095.564s] GC(11)   Post Evacuate Collection Set: 12.9ms
[2022-03-21T11:38:23.542+0000][35095.567s] GC(11)   Other: 1.3ms
[2022-03-21T11:38:23.543+0000][35095.568s] GC(11) Eden regions: 118->0(133)
[2022-03-21T11:38:23.544+0000][35095.570s] GC(11) Survivor regions: 8->12(16)
[2022-03-21T11:38:23.545+0000][35095.570s] GC(11) Old regions: 22->22
[2022-03-21T11:38:23.547+0000][35095.572s] GC(11) Humongous regions: 5->4
[2022-03-21T11:38:23.547+0000][35095.572s] GC(11) Metaspace: 46702K->46702K(1091584K)
[2022-03-21T11:38:23.548+0000][35095.573s] GC(11) Pause Young (Normal) (G1 Evacuation Pause) 150M->35M(512M) 190.367ms
[2022-03-21T11:38:23.548+0000][35095.573s] GC(11) User=0.20s Sys=0.06s Real=0.19s
[2022-03-21T11:38:24.613+0000][35096.638s] GC(12) Pause Young (Concurrent Start) (Metadata GC Threshold)
[2022-03-21T11:38:24.615+0000][35096.640s] GC(12) Using 4 workers of 4 for evacuation
[2022-03-21T11:38:24.782+0000][35096.807s] GC(12)   Pre Evacuate Collection Set: 3.1ms
[2022-03-21T11:38:24.783+0000][35096.809s] GC(12)   Evacuate Collection Set: 146.8ms
[2022-03-21T11:38:24.784+0000][35096.809s] GC(12)   Post Evacuate Collection Set: 4.1ms
[2022-03-21T11:38:24.784+0000][35096.809s] GC(12)   Other: 14.9ms
[2022-03-21T11:38:24.785+0000][35096.810s] GC(12) Eden regions: 16->0(90)
[2022-03-21T11:38:24.786+0000][35096.811s] GC(12) Survivor regions: 12->7(19)
[2022-03-21T11:38:24.786+0000][35096.811s] GC(12) Old regions: 22->27
[2022-03-21T11:38:24.786+0000][35096.811s] GC(12) Humongous regions: 4->4
[2022-03-21T11:38:24.787+0000][35096.813s] GC(12) Metaspace: 47010K->47010K(1091584K)
[2022-03-21T11:38:24.789+0000][35096.814s] GC(12) Pause Young (Concurrent Start) (Metadata GC Threshold) 51M->36M(512M) 175.752ms
[2022-03-21T11:38:24.789+0000][35096.814s] GC(12) User=0.22s Sys=0.08s Real=0.17s
[2022-03-21T11:38:24.796+0000][35096.821s] GC(13) Concurrent Cycle
[2022-03-21T11:38:24.799+0000][35096.824s] GC(13) Concurrent Clear Claimed Marks
[2022-03-21T11:38:24.800+0000][35096.825s] GC(13) Concurrent Clear Claimed Marks 0.944ms
[2022-03-21T11:38:24.801+0000][35096.826s] GC(13) Concurrent Scan Root Regions
[2022-03-21T11:38:24.836+0000][35096.861s] GC(13) Concurrent Scan Root Regions 35.252ms
[2022-03-21T11:38:24.840+0000][35096.865s] GC(13) Concurrent Mark (35096.865s)
[2022-03-21T11:38:24.840+0000][35096.865s] GC(13) Concurrent Mark From Roots
[2022-03-21T11:38:24.841+0000][35096.866s] GC(13) Using 1 workers of 1 for marking
[2022-03-21T11:38:25.177+0000][35097.202s] GC(13) Concurrent Mark From Roots 337.103ms
[2022-03-21T11:38:25.180+0000][35097.206s] GC(13) Concurrent Preclean
[2022-03-21T11:38:25.186+0000][35097.211s] GC(13) Concurrent Preclean 5.217ms
[2022-03-21T11:38:25.186+0000][35097.211s] GC(13) Concurrent Mark (35096.865s, 35097.211s) 346.626ms
[2022-03-21T11:38:25.187+0000][35097.212s] GC(13) Pause Remark
[2022-03-21T11:38:25.560+0000][35097.585s] GC(13) Cleaned string and symbol table, strings: 22708 processed, 1058 removed, symbols: 131364 processed, 522 removed
[2022-03-21T11:38:25.583+0000][35097.608s] GC(13) MMU target violated: 251.0ms (250.0ms/251.0ms)
[2022-03-21T11:38:25.584+0000][35097.609s] GC(13) Pause Remark 50M->50M(512M) 397.509ms
[2022-03-21T11:38:25.586+0000][35097.611s] GC(13) User=0.95s Sys=0.00s Real=0.40s
[2022-03-21T11:38:25.600+0000][35097.625s] GC(13) Concurrent Rebuild Remembered Sets
[2022-03-21T11:38:25.706+0000][35097.731s] GC(13) Concurrent Rebuild Remembered Sets 105.834ms
[2022-03-21T11:38:25.712+0000][35097.737s] GC(13) Pause Cleanup
[2022-03-21T11:38:25.713+0000][35097.738s] GC(13) Pause Cleanup 52M->52M(512M) 1.165ms
[2022-03-21T11:38:25.713+0000][35097.739s] GC(13) User=0.00s Sys=0.00s Real=0.00s
[2022-03-21T11:38:25.714+0000][35097.739s] GC(13) Concurrent Cleanup for Next Mark
[2022-03-21T11:38:25.785+0000][35097.810s] GC(13) Concurrent Cleanup for Next Mark 70.413ms
[2022-03-21T11:38:25.786+0000][35097.811s] GC(13) Concurrent Cycle 991.034ms
[2022-03-21T11:38:27.970+0000][35099.995s] GC(14) Pause Young (Normal) (G1 Evacuation Pause)
[2022-03-21T11:38:27.970+0000][35099.995s] GC(14) Using 4 workers of 4 for evacuation
[2022-03-21T11:38:28.000+0000][35100.025s] GC(14)   Pre Evacuate Collection Set: 0.0ms
[2022-03-21T11:38:28.001+0000][35100.026s] GC(14)   Evacuate Collection Set: 25.7ms
[2022-03-21T11:38:28.001+0000][35100.026s] GC(14)   Post Evacuate Collection Set: 2.7ms
[2022-03-21T11:38:28.001+0000][35100.027s] GC(14)   Other: 1.8ms
[2022-03-21T11:38:28.002+0000][35100.027s] GC(14) Eden regions: 84->0(112)
[2022-03-21T11:38:28.003+0000][35100.028s] GC(14) Survivor regions: 7->12(12)
[2022-03-21T11:38:28.003+0000][35100.028s] GC(14) Old regions: 27->27
[2022-03-21T11:38:28.003+0000][35100.028s] GC(14) Humongous regions: 4->4
[2022-03-21T11:38:28.003+0000][35100.028s] GC(14) Metaspace: 50383K->50383K(1095680K)
[2022-03-21T11:38:28.004+0000][35100.029s] GC(14) Pause Young (Normal) (G1 Evacuation Pause) 120M->41M(512M) 33.474ms
[2022-03-21T11:38:28.004+0000][35100.029s] GC(14) User=0.10s Sys=0.00s Real=0.03s
[2022-03-21T11:38:30.557+0000][35102.582s] GC(15) Pause Young (Normal) (G1 Evacuation Pause)
[2022-03-21T11:38:30.558+0000][35102.583s] GC(15) Using 4 workers of 4 for evacuation
[2022-03-21T11:38:30.593+0000][35102.618s] GC(15)   Pre Evacuate Collection Set: 0.0ms
[2022-03-21T11:38:30.593+0000][35102.619s] GC(15)   Evacuate Collection Set: 34.0ms
[2022-03-21T11:38:30.594+0000][35102.619s] GC(15)   Post Evacuate Collection Set: 1.0ms
[2022-03-21T11:38:30.594+0000][35102.619s] GC(15)   Other: 0.8ms
[2022-03-21T11:38:30.594+0000][35102.619s] GC(15) Eden regions: 112->0(146)
[2022-03-21T11:38:30.594+0000][35102.619s] GC(15) Survivor regions: 12->12(16)
[2022-03-21T11:38:30.595+0000][35102.620s] GC(15) Old regions: 27->33
[2022-03-21T11:38:30.595+0000][35102.620s] GC(15) Humongous regions: 4->4
[2022-03-21T11:38:30.595+0000][35102.620s] GC(15) Metaspace: 50885K->50885K(1095680K)
[2022-03-21T11:38:30.595+0000][35102.620s] GC(15) Pause Young (Normal) (G1 Evacuation Pause) 153M->46M(512M) 37.999ms
[2022-03-21T11:38:30.596+0000][35102.621s] GC(15) User=0.13s Sys=0.00s Real=0.04s
[2022-03-21T15:15:25.019+0000][48117.044s] GC(16) Pause Young (Normal) (G1 Evacuation Pause)
[2022-03-21T15:15:25.020+0000][48117.045s] GC(16) Using 4 workers of 4 for evacuation
[2022-03-21T15:15:25.315+0000][48117.340s] GC(16) MMU target violated: 251.0ms (250.0ms/251.0ms)
[2022-03-21T15:15:25.315+0000][48117.340s] GC(16)   Pre Evacuate Collection Set: 15.9ms
[2022-03-21T15:15:25.315+0000][48117.340s] GC(16)   Evacuate Collection Set: 177.3ms
[2022-03-21T15:15:25.315+0000][48117.340s] GC(16)   Post Evacuate Collection Set: 89.8ms
[2022-03-21T15:15:25.316+0000][48117.341s] GC(16)   Other: 22.1ms
[2022-03-21T15:15:25.316+0000][48117.341s] GC(16) Eden regions: 146->0(112)
[2022-03-21T15:15:25.316+0000][48117.341s] GC(16) Survivor regions: 12->12(20)
[2022-03-21T15:15:25.316+0000][48117.341s] GC(16) Old regions: 33->35
[2022-03-21T15:15:25.316+0000][48117.342s] GC(16) Humongous regions: 4->4
[2022-03-21T15:15:25.317+0000][48117.342s] GC(16) Metaspace: 51306K->51306K(1095680K)
[2022-03-21T15:15:25.317+0000][48117.342s] GC(16) Pause Young (Normal) (G1 Evacuation Pause) 192M->49M(512M) 298.470ms
[2022-03-21T15:15:25.317+0000][48117.342s] GC(16) User=1.07s Sys=0.00s Real=0.30s
[2022-03-22T04:00:16.844+0000][50705.318s] GC(17) Pause Young (Normal) (G1 Evacuation Pause)
[2022-03-22T04:00:16.845+0000][50705.319s] GC(17) Using 4 workers of 4 for evacuation
[2022-03-22T04:00:17.029+0000][50705.502s] GC(17)   Pre Evacuate Collection Set: 10.5ms
[2022-03-22T04:00:17.029+0000][50705.503s] GC(17)   Evacuate Collection Set: 156.7ms
[2022-03-22T04:00:17.029+0000][50705.503s] GC(17)   Post Evacuate Collection Set: 13.5ms
[2022-03-22T04:00:17.030+0000][50705.503s] GC(17)   Other: 4.5ms
[2022-03-22T04:00:17.030+0000][50705.503s] GC(17) Eden regions: 112->0(116)
[2022-03-22T04:00:17.030+0000][50705.503s] GC(17) Survivor regions: 12->10(16)
[2022-03-22T04:00:17.030+0000][50705.504s] GC(17) Old regions: 35->40
[2022-03-22T04:00:17.031+0000][50705.504s] GC(17) Humongous regions: 4->4
[2022-03-22T04:00:17.031+0000][50705.504s] GC(17) Metaspace: 52147K->52147K(1097728K)
[2022-03-22T04:00:17.031+0000][50705.505s] GC(17) Pause Young (Normal) (G1 Evacuation Pause) 161M->51M(512M) 186.957ms
[2022-03-22T04:00:17.032+0000][50705.505s] GC(17) User=0.68s Sys=0.00s Real=0.19s
[2022-03-22T04:00:19.580+0000][50708.053s] GC(18) Pause Young (Normal) (G1 Evacuation Pause)
[2022-03-22T04:00:19.580+0000][50708.053s] GC(18) Using 4 workers of 4 for evacuation
[2022-03-22T04:00:19.637+0000][50708.110s] GC(18)   Pre Evacuate Collection Set: 0.0ms
[2022-03-22T04:00:19.637+0000][50708.111s] GC(18)   Evacuate Collection Set: 55.0ms
[2022-03-22T04:00:19.637+0000][50708.111s] GC(18)   Post Evacuate Collection Set: 1.5ms
[2022-03-22T04:00:19.638+0000][50708.111s] GC(18)   Other: 0.7ms
[2022-03-22T04:00:19.638+0000][50708.111s] GC(18) Eden regions: 116->0(142)
[2022-03-22T04:00:19.638+0000][50708.111s] GC(18) Survivor regions: 10->14(16)
[2022-03-22T04:00:19.638+0000][50708.112s] GC(18) Old regions: 40->42
[2022-03-22T04:00:19.638+0000][50708.112s] GC(18) Humongous regions: 4->4
[2022-03-22T04:00:19.639+0000][50708.112s] GC(18) Metaspace: 52473K->52473K(1097728K)
[2022-03-22T04:00:19.639+0000][50708.112s] GC(18) Pause Young (Normal) (G1 Evacuation Pause) 167M->57M(512M) 59.086ms
[2022-03-22T04:00:19.639+0000][50708.112s] GC(18) User=0.22s Sys=0.00s Real=0.06s
[2022-03-22T04:00:22.432+0000][50710.906s] GC(19) Pause Young (Normal) (G1 Evacuation Pause)
[2022-03-22T04:00:22.433+0000][50710.906s] GC(19) Using 4 workers of 4 for evacuation
[2022-03-22T04:00:22.553+0000][50711.026s] GC(19)   Pre Evacuate Collection Set: 0.0ms
[2022-03-22T04:00:22.554+0000][50711.027s] GC(19)   Evacuate Collection Set: 73.7ms
[2022-03-22T04:00:22.554+0000][50711.028s] GC(19)   Post Evacuate Collection Set: 46.0ms
[2022-03-22T04:00:22.554+0000][50711.028s] GC(19)   Other: 0.9ms
[2022-03-22T04:00:22.555+0000][50711.028s] GC(19) Eden regions: 142->0(153)
[2022-03-22T04:00:22.555+0000][50711.028s] GC(19) Survivor regions: 14->15(20)
[2022-03-22T04:00:22.555+0000][50711.028s] GC(19) Old regions: 42->47
[2022-03-22T04:00:22.555+0000][50711.029s] GC(19) Humongous regions: 4->4
[2022-03-22T04:00:22.556+0000][50711.029s] GC(19) Metaspace: 52612K->52612K(1097728K)
[2022-03-22T04:00:22.556+0000][50711.029s] GC(19) Pause Young (Normal) (G1 Evacuation Pause) 199M->63M(512M) 123.774ms
[2022-03-22T04:00:22.556+0000][50711.030s] GC(19) User=0.45s Sys=0.00s Real=0.12s
[2022-03-22T04:00:24.967+0000][50713.441s] GC(20) Pause Young (Normal) (G1 Evacuation Pause)
[2022-03-22T04:00:24.968+0000][50713.441s] GC(20) Using 4 workers of 4 for evacuation
[2022-03-22T04:00:25.030+0000][50713.503s] GC(20)   Pre Evacuate Collection Set: 0.0ms
[2022-03-22T04:00:25.030+0000][50713.504s] GC(20)   Evacuate Collection Set: 23.6ms
[2022-03-22T04:00:25.031+0000][50713.504s] GC(20)   Post Evacuate Collection Set: 38.0ms
[2022-03-22T04:00:25.031+0000][50713.504s] GC(20)   Other: 0.8ms
[2022-03-22T04:00:25.031+0000][50713.504s] GC(20) Eden regions: 153->0(292)
[2022-03-22T04:00:25.031+0000][50713.505s] GC(20) Survivor regions: 15->15(21)
[2022-03-22T04:00:25.032+0000][50713.505s] GC(20) Old regions: 47->48
[2022-03-22T04:00:25.032+0000][50713.505s] GC(20) Humongous regions: 4->4
[2022-03-22T04:00:25.032+0000][50713.505s] GC(20) Metaspace: 52729K->52729K(1097728K)
[2022-03-22T04:00:25.033+0000][50713.507s] GC(20) Pause Young (Normal) (G1 Evacuation Pause) 216M->65M(512M) 65.699ms
[2022-03-22T04:00:25.034+0000][50713.507s] GC(20) User=0.25s Sys=0.00s Real=0.07s
[2022-03-22T04:19:58.956+0000][51887.430s] GC(21) Pause Young (Normal) (G1 Evacuation Pause)
[2022-03-22T04:19:58.957+0000][51887.430s] GC(21) Using 4 workers of 4 for evacuation
[2022-03-22T04:19:59.028+0000][51887.501s] GC(21)   Pre Evacuate Collection Set: 0.1ms
[2022-03-22T04:19:59.028+0000][51887.502s] GC(21)   Evacuate Collection Set: 17.5ms
[2022-03-22T04:19:59.029+0000][51887.502s] GC(21)   Post Evacuate Collection Set: 43.8ms
[2022-03-22T04:19:59.029+0000][51887.502s] GC(21)   Other: 10.2ms
[2022-03-22T04:19:59.029+0000][51887.503s] GC(21) Eden regions: 292->0(290)
[2022-03-22T04:19:59.030+0000][51887.503s] GC(21) Survivor regions: 15->17(39)
[2022-03-22T04:19:59.030+0000][51887.504s] GC(21) Old regions: 48->48
[2022-03-22T04:19:59.031+0000][51887.504s] GC(21) Humongous regions: 4->4
[2022-03-22T04:19:59.031+0000][51887.505s] GC(21) Metaspace: 54930K->54930K(1099776K)
[2022-03-22T04:19:59.032+0000][51887.505s] GC(21) Pause Young (Normal) (G1 Evacuation Pause) 357M->67M(512M) 75.538ms
[2022-03-22T04:19:59.032+0000][51887.506s] GC(21) User=0.24s Sys=0.00s Real=0.08s
[2022-03-22T04:34:10.228+0000][52738.702s] GC(22) Pause Young (Normal) (G1 Evacuation Pause)
[2022-03-22T04:34:10.229+0000][52738.702s] GC(22) Using 4 workers of 4 for evacuation
[2022-03-22T04:34:10.439+0000][52738.912s] GC(22)   Pre Evacuate Collection Set: 0.4ms
[2022-03-22T04:34:10.439+0000][52738.913s] GC(22)   Evacuate Collection Set: 105.2ms
[2022-03-22T04:34:10.440+0000][52738.913s] GC(22)   Post Evacuate Collection Set: 103.8ms
[2022-03-22T04:34:10.440+0000][52738.914s] GC(22)   Other: 1.2ms
[2022-03-22T04:34:10.441+0000][52738.914s] GC(22) Eden regions: 290->0(287)
[2022-03-22T04:34:10.441+0000][52738.914s] GC(22) Survivor regions: 17->20(39)
[2022-03-22T04:34:10.442+0000][52738.916s] GC(22) Old regions: 48->48
[2022-03-22T04:34:10.444+0000][52738.918s] GC(22) Humongous regions: 4->4
[2022-03-22T04:34:10.445+0000][52738.918s] GC(22) Metaspace: 55072K->55072K(1099776K)
[2022-03-22T04:34:10.447+0000][52738.920s] GC(22) Pause Young (Normal) (G1 Evacuation Pause) 357M->70M(512M) 218.335ms
[2022-03-22T04:34:10.452+0000][52738.925s] GC(22) User=0.28s Sys=0.01s Real=0.23s
[2022-03-22T04:34:19.262+0000][52747.736s] GC(23) Pause Young (Normal) (G1 Evacuation Pause)
[2022-03-22T04:34:19.268+0000][52747.741s] GC(23) Using 4 workers of 4 for evacuation
[2022-03-22T04:34:19.572+0000][52748.046s] GC(23) MMU target violated: 251.0ms (250.0ms/251.0ms)
[2022-03-22T04:34:19.573+0000][52748.046s] GC(23)   Pre Evacuate Collection Set: 0.0ms
[2022-03-22T04:34:19.573+0000][52748.046s] GC(23)   Evacuate Collection Set: 176.8ms
[2022-03-22T04:34:19.573+0000][52748.047s] GC(23)   Post Evacuate Collection Set: 125.2ms
[2022-03-22T04:34:19.574+0000][52748.047s] GC(23)   Other: 8.2ms
[2022-03-22T04:34:19.575+0000][52748.048s] GC(23) Eden regions: 287->0(212)
[2022-03-22T04:34:19.582+0000][52748.055s] GC(23) Survivor regions: 20->28(39)
[2022-03-22T04:34:19.583+0000][52748.056s] GC(23) Old regions: 48->48
[2022-03-22T04:34:19.583+0000][52748.057s] GC(23) Humongous regions: 4->4
[2022-03-22T04:34:19.584+0000][52748.057s] GC(23) Metaspace: 55154K->55154K(1099776K)
[2022-03-22T04:34:19.586+0000][52748.060s] GC(23) Pause Young (Normal) (G1 Evacuation Pause) 357M->78M(512M) 323.661ms
[2022-03-22T04:34:19.587+0000][52748.060s] GC(23) User=0.24s Sys=0.00s Real=0.32s
[2022-03-22T05:58:11.267+0000][57779.740s] GC(24) Pause Young (Normal) (G1 Evacuation Pause)
[2022-03-22T05:58:11.269+0000][57779.742s] GC(24) Using 4 workers of 4 for evacuation
[2022-03-22T05:58:12.763+0000][57781.236s] GC(24) MMU target violated: 251.0ms (250.0ms/251.0ms)
[2022-03-22T05:58:12.763+0000][57781.236s] GC(24)   Pre Evacuate Collection Set: 13.8ms
[2022-03-22T05:58:12.763+0000][57781.237s] GC(24)   Evacuate Collection Set: 1132.3ms
[2022-03-22T05:58:12.764+0000][57781.237s] GC(24)   Post Evacuate Collection Set: 341.4ms
[2022-03-22T05:58:12.764+0000][57781.237s] GC(24)   Other: 8.8ms
[2022-03-22T05:58:12.765+0000][57781.238s] GC(24) Eden regions: 212->0(14)
[2022-03-22T05:58:12.765+0000][57781.239s] GC(24) Survivor regions: 28->11(30)
[2022-03-22T05:58:12.766+0000][57781.239s] GC(24) Old regions: 48->61
[2022-03-22T05:58:12.766+0000][57781.239s] GC(24) Humongous regions: 4->4
[2022-03-22T05:58:12.766+0000][57781.240s] GC(24) Metaspace: 55399K->55399K(1099776K)
[2022-03-22T05:58:12.767+0000][57781.240s] GC(24) Pause Young (Normal) (G1 Evacuation Pause) 290M->73M(512M) 1499.895ms
[2022-03-22T05:58:12.767+0000][57781.240s] GC(24) User=1.68s Sys=0.34s Real=1.50s
[2022-03-22T05:58:13.798+0000][57782.272s] GC(25) Pause Young (Normal) (G1 Evacuation Pause)
[2022-03-22T05:58:13.802+0000][57782.276s] GC(25) Using 4 workers of 4 for evacuation
[2022-03-22T05:58:13.912+0000][57782.385s] GC(25)   Pre Evacuate Collection Set: 0.1ms
[2022-03-22T05:58:13.916+0000][57782.389s] GC(25)   Evacuate Collection Set: 98.0ms
[2022-03-22T05:58:13.916+0000][57782.389s] GC(25)   Post Evacuate Collection Set: 10.3ms
[2022-03-22T05:58:13.916+0000][57782.390s] GC(25)   Other: 5.3ms
[2022-03-22T05:58:13.917+0000][57782.390s] GC(25) Eden regions: 14->0(26)
[2022-03-22T05:58:13.917+0000][57782.390s] GC(25) Survivor regions: 11->3(4)
[2022-03-22T05:58:13.917+0000][57782.391s] GC(25) Old regions: 61->66
[2022-03-22T05:58:13.918+0000][57782.391s] GC(25) Humongous regions: 4->4
[2022-03-22T05:58:13.920+0000][57782.393s] GC(25) Metaspace: 55409K->55409K(1099776K)
[2022-03-22T05:58:13.926+0000][57782.399s] GC(25) Pause Young (Normal) (G1 Evacuation Pause) 87M->71M(512M) 127.649ms
[2022-03-22T05:58:13.937+0000][57782.411s] GC(25) User=0.15s Sys=0.04s Real=0.14s
[2022-03-22T05:58:15.679+0000][57784.152s] GC(26) Pause Young (Normal) (G1 Evacuation Pause)
[2022-03-22T05:58:15.680+0000][57784.154s] GC(26) Using 4 workers of 4 for evacuation
[2022-03-22T05:58:15.717+0000][57784.190s] GC(26)   Pre Evacuate Collection Set: 0.0ms
[2022-03-22T05:58:15.717+0000][57784.191s] GC(26)   Evacuate Collection Set: 20.5ms
[2022-03-22T05:58:15.718+0000][57784.191s] GC(26)   Post Evacuate Collection Set: 15.0ms
[2022-03-22T05:58:15.718+0000][57784.191s] GC(26)   Other: 2.9ms
[2022-03-22T05:58:15.718+0000][57784.191s] GC(26) Eden regions: 26->0(33)
[2022-03-22T05:58:15.719+0000][57784.192s] GC(26) Survivor regions: 3->4(4)
[2022-03-22T05:58:15.719+0000][57784.192s] GC(26) Old regions: 66->67
[2022-03-22T05:58:15.720+0000][57784.193s] GC(26) Humongous regions: 4->4
[2022-03-22T05:58:15.720+0000][57784.193s] GC(26) Metaspace: 55480K->55480K(1099776K)
[2022-03-22T05:58:15.721+0000][57784.194s] GC(26) Pause Young (Normal) (G1 Evacuation Pause) 97M->72M(512M) 41.976ms
[2022-03-22T05:58:15.722+0000][57784.195s] GC(26) User=0.07s Sys=0.01s Real=0.04s
[2022-03-22T05:58:17.114+0000][57785.587s] GC(27) Pause Young (Normal) (G1 Evacuation Pause)
[2022-03-22T05:58:17.114+0000][57785.588s] GC(27) Using 4 workers of 4 for evacuation
[2022-03-22T05:58:17.176+0000][57785.650s] GC(27)   Pre Evacuate Collection Set: 0.0ms
[2022-03-22T05:58:17.177+0000][57785.650s] GC(27)   Evacuate Collection Set: 60.7ms
[2022-03-22T05:58:17.178+0000][57785.651s] GC(27)   Post Evacuate Collection Set: 0.8ms
[2022-03-22T05:58:17.179+0000][57785.652s] GC(27)   Other: 1.0ms
[2022-03-22T05:58:17.179+0000][57785.653s] GC(27) Eden regions: 33->0(39)
[2022-03-22T05:58:17.180+0000][57785.653s] GC(27) Survivor regions: 4->5(5)
[2022-03-22T05:58:17.180+0000][57785.653s] GC(27) Old regions: 67->68
[2022-03-22T05:58:17.180+0000][57785.654s] GC(27) Humongous regions: 4->4
[2022-03-22T05:58:17.181+0000][57785.654s] GC(27) Metaspace: 55492K->55492K(1099776K)
[2022-03-22T05:58:17.182+0000][57785.655s] GC(27) Pause Young (Normal) (G1 Evacuation Pause) 105M->74M(512M) 67.787ms
[2022-03-22T05:58:17.182+0000][57785.656s] GC(27) User=0.08s Sys=0.03s Real=0.07s
[2022-03-22T05:58:18.856+0000][57787.330s] GC(28) Pause Young (Normal) (G1 Evacuation Pause)
[2022-03-22T05:58:18.857+0000][57787.330s] GC(28) Using 4 workers of 4 for evacuation
[2022-03-22T05:58:18.965+0000][57787.438s] GC(28)   Pre Evacuate Collection Set: 0.1ms
[2022-03-22T05:58:18.965+0000][57787.439s] GC(28)   Evacuate Collection Set: 104.5ms
[2022-03-22T05:58:18.965+0000][57787.439s] GC(28)   Post Evacuate Collection Set: 3.3ms
[2022-03-22T05:58:18.966+0000][57787.439s] GC(28)   Other: 0.8ms
[2022-03-22T05:58:18.966+0000][57787.439s] GC(28) Eden regions: 39->0(44)
[2022-03-22T05:58:18.966+0000][57787.440s] GC(28) Survivor regions: 5->5(6)
[2022-03-22T05:58:18.966+0000][57787.440s] GC(28) Old regions: 68->70
[2022-03-22T05:58:18.967+0000][57787.440s] GC(28) Humongous regions: 4->4
[2022-03-22T05:58:18.967+0000][57787.440s] GC(28) Metaspace: 55502K->55502K(1099776K)
[2022-03-22T05:58:18.967+0000][57787.440s] GC(28) Pause Young (Normal) (G1 Evacuation Pause) 113M->76M(512M) 110.795ms
[2022-03-22T05:58:18.967+0000][57787.441s] GC(28) User=0.12s Sys=0.00s Real=0.11s
[2022-03-22T05:58:20.238+0000][57788.711s] GC(29) Pause Young (Normal) (G1 Evacuation Pause)
[2022-03-22T05:58:20.238+0000][57788.712s] GC(29) Using 4 workers of 4 for evacuation
[2022-03-22T05:58:20.343+0000][57788.816s] GC(29)   Pre Evacuate Collection Set: 0.0ms
[2022-03-22T05:58:20.343+0000][57788.817s] GC(29)   Evacuate Collection Set: 93.0ms
[2022-03-22T05:58:20.344+0000][57788.817s] GC(29)   Post Evacuate Collection Set: 10.9ms
[2022-03-22T05:58:20.345+0000][57788.818s] GC(29)   Other: 0.9ms
[2022-03-22T05:58:20.346+0000][57788.819s] GC(29) Eden regions: 44->0(51)
[2022-03-22T05:58:20.346+0000][57788.820s] GC(29) Survivor regions: 5->6(7)
[2022-03-22T05:58:20.347+0000][57788.820s] GC(29) Old regions: 70->72
[2022-03-22T05:58:20.347+0000][57788.820s] GC(29) Humongous regions: 4->4
[2022-03-22T05:58:20.347+0000][57788.821s] GC(29) Metaspace: 55508K->55508K(1099776K)
[2022-03-22T05:58:20.348+0000][57788.821s] GC(29) Pause Young (Normal) (G1 Evacuation Pause) 120M->79M(512M) 109.903ms
[2022-03-22T05:58:20.349+0000][57788.822s] GC(29) User=0.10s Sys=0.01s Real=0.11s
[2022-03-22T06:00:19.043+0000][57907.516s] GC(30) Pause Young (Normal) (G1 Evacuation Pause)
[2022-03-22T06:00:19.043+0000][57907.516s] GC(30) Using 4 workers of 4 for evacuation
[2022-03-22T06:00:19.153+0000][57907.626s] GC(30)   Pre Evacuate Collection Set: 0.1ms
[2022-03-22T06:00:19.154+0000][57907.627s] GC(30)   Evacuate Collection Set: 100.4ms
[2022-03-22T06:00:19.154+0000][57907.627s] GC(30)   Post Evacuate Collection Set: 9.0ms
[2022-03-22T06:00:19.154+0000][57907.628s] GC(30)   Other: 1.1ms
[2022-03-22T06:00:19.154+0000][57907.628s] GC(30) Eden regions: 51->0(56)
[2022-03-22T06:00:19.155+0000][57907.628s] GC(30) Survivor regions: 6->7(8)
[2022-03-22T06:00:19.155+0000][57907.629s] GC(30) Old regions: 72->74
[2022-03-22T06:00:19.155+0000][57907.629s] GC(30) Humongous regions: 4->4
[2022-03-22T06:00:19.156+0000][57907.629s] GC(30) Metaspace: 55530K->55530K(1099776K)
[2022-03-22T06:00:19.156+0000][57907.629s] GC(30) Pause Young (Normal) (G1 Evacuation Pause) 130M->82M(512M) 113.471ms
[2022-03-22T06:00:19.157+0000][57907.630s] GC(30) User=0.12s Sys=0.00s Real=0.11s
[2022-03-22T06:00:20.966+0000][57909.439s] GC(31) Pause Young (Normal) (G1 Evacuation Pause)
[2022-03-22T06:00:20.966+0000][57909.440s] GC(31) Using 4 workers of 4 for evacuation
[2022-03-22T06:00:21.029+0000][57909.502s] GC(31)   Pre Evacuate Collection Set: 0.0ms
[2022-03-22T06:00:21.029+0000][57909.503s] GC(31)   Evacuate Collection Set: 58.6ms
[2022-03-22T06:00:21.030+0000][57909.503s] GC(31)   Post Evacuate Collection Set: 3.3ms
[2022-03-22T06:00:21.030+0000][57909.503s] GC(31)   Other: 0.9ms
[2022-03-22T06:00:21.030+0000][57909.503s] GC(31) Eden regions: 56->0(68)
[2022-03-22T06:00:21.030+0000][57909.504s] GC(31) Survivor regions: 7->7(8)
[2022-03-22T06:00:21.031+0000][57909.504s] GC(31) Old regions: 74->77
[2022-03-22T06:00:21.032+0000][57909.505s] GC(31) Humongous regions: 4->4
[2022-03-22T06:00:21.032+0000][57909.506s] GC(31) Metaspace: 55551K->55551K(1099776K)
[2022-03-22T06:00:21.033+0000][57909.506s] GC(31) Pause Young (Normal) (G1 Evacuation Pause) 138M->85M(512M) 66.728ms
[2022-03-22T06:00:21.033+0000][57909.506s] GC(31) User=0.09s Sys=0.04s Real=0.07s
[2022-03-22T06:00:23.880+0000][57912.354s] GC(32) Pause Young (Normal) (G1 Evacuation Pause)
[2022-03-22T06:00:23.881+0000][57912.354s] GC(32) Using 4 workers of 4 for evacuation
[2022-03-22T06:00:23.948+0000][57912.421s] GC(32)   Pre Evacuate Collection Set: 0.0ms
[2022-03-22T06:00:23.948+0000][57912.421s] GC(32)   Evacuate Collection Set: 61.8ms
[2022-03-22T06:00:23.948+0000][57912.422s] GC(32)   Post Evacuate Collection Set: 3.0ms
[2022-03-22T06:00:23.949+0000][57912.422s] GC(32)   Other: 2.6ms
[2022-03-22T06:00:23.949+0000][57912.423s] GC(32) Eden regions: 68->0(85)
[2022-03-22T06:00:23.950+0000][57912.423s] GC(32) Survivor regions: 7->9(10)
[2022-03-22T06:00:23.950+0000][57912.423s] GC(32) Old regions: 77->79
[2022-03-22T06:00:23.950+0000][57912.424s] GC(32) Humongous regions: 4->4
[2022-03-22T06:00:23.951+0000][57912.424s] GC(32) Metaspace: 55580K->55580K(1099776K)
[2022-03-22T06:00:23.951+0000][57912.424s] GC(32) Pause Young (Normal) (G1 Evacuation Pause) 153M->89M(512M) 70.755ms
[2022-03-22T06:00:23.952+0000][57912.425s] GC(32) User=0.14s Sys=0.01s Real=0.08s
[2022-03-22T06:01:13.645+0000][57962.118s] GC(33) Pause Young (Normal) (G1 Evacuation Pause)
[2022-03-22T06:01:13.646+0000][57962.119s] GC(33) Using 4 workers of 4 for evacuation
[2022-03-22T06:01:13.783+0000][57962.256s] GC(33)   Pre Evacuate Collection Set: 0.0ms
[2022-03-22T06:01:13.790+0000][57962.263s] GC(33)   Evacuate Collection Set: 127.3ms
[2022-03-22T06:01:13.791+0000][57962.265s] GC(33)   Post Evacuate Collection Set: 8.7ms
[2022-03-22T06:01:13.792+0000][57962.265s] GC(33)   Other: 1.6ms
[2022-03-22T06:01:13.792+0000][57962.265s] GC(33) Eden regions: 85->0(93)
[2022-03-22T06:01:13.792+0000][57962.266s] GC(33) Survivor regions: 9->10(12)
[2022-03-22T06:01:13.793+0000][57962.266s] GC(33) Old regions: 79->82
[2022-03-22T06:01:13.793+0000][57962.266s] GC(33) Humongous regions: 4->4
[2022-03-22T06:01:13.794+0000][57962.267s] GC(33) Metaspace: 55619K->55619K(1099776K)
[2022-03-22T06:01:13.794+0000][57962.267s] GC(33) Pause Young (Normal) (G1 Evacuation Pause) 174M->93M(512M) 148.835ms
[2022-03-22T06:01:13.794+0000][57962.267s] GC(33) User=0.28s Sys=0.11s Real=0.15s
[2022-03-22T06:01:19.635+0000][57968.109s] GC(34) Pause Young (Normal) (G1 Evacuation Pause)
[2022-03-22T06:01:19.636+0000][57968.109s] GC(34) Using 4 workers of 4 for evacuation
[2022-03-22T06:01:19.723+0000][57968.196s] GC(34)   Pre Evacuate Collection Set: 0.0ms
[2022-03-22T06:01:19.724+0000][57968.198s] GC(34)   Evacuate Collection Set: 85.4ms
[2022-03-22T06:01:19.725+0000][57968.198s] GC(34)   Post Evacuate Collection Set: 1.5ms
[2022-03-22T06:01:19.725+0000][57968.199s] GC(34)   Other: 0.9ms
[2022-03-22T06:01:19.726+0000][57968.199s] GC(34) Eden regions: 93->0(107)
[2022-03-22T06:01:19.726+0000][57968.200s] GC(34) Survivor regions: 10->11(13)
[2022-03-22T06:01:19.727+0000][57968.200s] GC(34) Old regions: 82->85
[2022-03-22T06:01:19.727+0000][57968.201s] GC(34) Humongous regions: 4->4
[2022-03-22T06:01:19.728+0000][57968.201s] GC(34) Metaspace: 55662K->55662K(1099776K)
[2022-03-22T06:01:19.729+0000][57968.202s] GC(34) Pause Young (Normal) (G1 Evacuation Pause) 186M->98M(512M) 93.341ms
[2022-03-22T06:01:19.729+0000][57968.203s] GC(34) User=0.17s Sys=0.00s Real=0.09s
[2022-03-22T06:01:57.317+0000][58005.791s] GC(35) Pause Young (Normal) (G1 Evacuation Pause)
[2022-03-22T06:01:57.318+0000][58005.791s] GC(35) Using 4 workers of 4 for evacuation
[2022-03-22T06:01:57.448+0000][58005.921s] GC(35)   Pre Evacuate Collection Set: 0.1ms
[2022-03-22T06:01:57.448+0000][58005.922s] GC(35)   Evacuate Collection Set: 115.5ms
[2022-03-22T06:01:57.449+0000][58005.922s] GC(35)   Post Evacuate Collection Set: 13.7ms
[2022-03-22T06:01:57.449+0000][58005.922s] GC(35)   Other: 1.3ms
[2022-03-22T06:01:57.449+0000][58005.922s] GC(35) Eden regions: 107->0(114)
[2022-03-22T06:01:57.449+0000][58005.923s] GC(35) Survivor regions: 11->12(15)
[2022-03-22T06:01:57.450+0000][58005.923s] GC(35) Old regions: 85->90
[2022-03-22T06:01:57.450+0000][58005.923s] GC(35) Humongous regions: 4->4
[2022-03-22T06:01:57.450+0000][58005.924s] GC(35) Metaspace: 55695K->55695K(1099776K)
[2022-03-22T06:01:57.451+0000][58005.924s] GC(35) Pause Young (Normal) (G1 Evacuation Pause) 205M->103M(512M) 133.362ms
[2022-03-22T06:01:57.452+0000][58005.925s] GC(35) User=0.19s Sys=0.12s Real=0.14s
[2022-03-22T06:02:01.497+0000][58009.971s] GC(36) Pause Young (Normal) (G1 Evacuation Pause)
[2022-03-22T06:02:01.497+0000][58009.971s] GC(36) Using 4 workers of 4 for evacuation
[2022-03-22T06:02:01.618+0000][58010.091s] GC(36)   Pre Evacuate Collection Set: 0.0ms
[2022-03-22T06:02:01.618+0000][58010.091s] GC(36)   Evacuate Collection Set: 117.2ms
[2022-03-22T06:02:01.619+0000][58010.092s] GC(36)   Post Evacuate Collection Set: 2.3ms
[2022-03-22T06:02:01.619+0000][58010.092s] GC(36)   Other: 0.9ms
[2022-03-22T06:02:01.619+0000][58010.093s] GC(36) Eden regions: 114->0(125)
[2022-03-22T06:02:01.620+0000][58010.093s] GC(36) Survivor regions: 12->13(16)
[2022-03-22T06:02:01.620+0000][58010.093s] GC(36) Old regions: 90->94
[2022-03-22T06:02:01.620+0000][58010.094s] GC(36) Humongous regions: 4->4
[2022-03-22T06:02:01.623+0000][58010.096s] GC(36) Metaspace: 55755K->55755K(1099776K)
[2022-03-22T06:02:01.623+0000][58010.097s] GC(36) Pause Young (Normal) (G1 Evacuation Pause) 217M->109M(512M) 126.074ms
[2022-03-22T06:02:01.625+0000][58010.099s] GC(36) User=0.16s Sys=0.05s Real=0.13s
[2022-03-22T07:39:10.066+0000][63838.540s] Heap
[2022-03-22T07:39:10.068+0000][63838.541s]  garbage-first heap   total 524288K, used 209560K [0x00000000e0000000, 0x0000000100000000)
[2022-03-22T07:39:10.068+0000][63838.542s]   region size 1024K, 110 young (112640K), 13 survivors (13312K)
[2022-03-22T07:39:10.069+0000][63838.542s]  Metaspace       used 55986K, capacity 57591K, committed 57808K, reserved 1099776K
[2022-03-22T07:39:10.069+0000][63838.542s]   class space    used 6363K, capacity 6934K, committed 7040K, reserved 1048576K
