[2022-03-17T11:07:02.615+0000][0.615s] Heap region size: 1M
[2022-03-17T11:07:05.638+0000][3.638s] Using G1
[2022-03-17T11:07:05.663+0000][3.663s] Heap address: 0x00000000e0000000, size: 512 MB, Compressed Oops mode: 32-bit
[2022-03-17T11:07:05.683+0000][3.683s] Mark closed archive regions in map: [0x00000000fff00000, 0x00000000fff63ff8]
[2022-03-17T11:07:05.724+0000][3.724s] Mark open archive regions in map: [0x00000000ffe00000, 0x00000000ffe41ff8]
[2022-03-17T11:07:14.035+0000][12.035s] GC(0) Pause Young (Normal) (G1 Evacuation Pause)
[2022-03-17T11:07:14.057+0000][12.057s] GC(0) Using 4 workers of 4 for evacuation
[2022-03-17T11:07:14.171+0000][12.171s] GC(0)   Pre Evacuate Collection Set: 0.2ms
[2022-03-17T11:07:14.176+0000][12.176s] GC(0)   Evacuate Collection Set: 101.5ms
[2022-03-17T11:07:14.180+0000][12.180s] GC(0)   Post Evacuate Collection Set: 6.5ms
[2022-03-17T11:07:14.180+0000][12.180s] GC(0)   Other: 27.5ms
[2022-03-17T11:07:14.181+0000][12.181s] GC(0) Eden regions: 25->0(220)
[2022-03-17T11:07:14.181+0000][12.181s] GC(0) Survivor regions: 0->3(4)
[2022-03-17T11:07:14.182+0000][12.182s] GC(0) Old regions: 2->2
[2022-03-17T11:07:14.182+0000][12.182s] GC(0) Humongous regions: 0->0
[2022-03-17T11:07:14.189+0000][12.189s] GC(0) Metaspace: 6848K->6848K(1056768K)
[2022-03-17T11:07:14.190+0000][12.190s] GC(0) Pause Young (Normal) (G1 Evacuation Pause) 25M->3M(512M) 154.292ms
[2022-03-17T11:07:14.190+0000][12.190s] GC(0) User=0.08s Sys=0.03s Real=0.16s
[2022-03-17T11:07:19.144+0000][17.144s] GC(1) Pause Young (Normal) (G1 Evacuation Pause)
[2022-03-17T11:07:19.144+0000][17.144s] GC(1) Using 4 workers of 4 for evacuation
[2022-03-17T11:07:19.370+0000][17.370s] GC(1)   Pre Evacuate Collection Set: 0.0ms
[2022-03-17T11:07:19.370+0000][17.370s] GC(1)   Evacuate Collection Set: 224.2ms
[2022-03-17T11:07:19.370+0000][17.370s] GC(1)   Post Evacuate Collection Set: 0.9ms
[2022-03-17T11:07:19.375+0000][17.375s] GC(1)   Other: 0.8ms
[2022-03-17T11:07:19.375+0000][17.375s] GC(1) Eden regions: 22->0(21)
[2022-03-17T11:07:19.380+0000][17.380s] GC(1) Survivor regions: 3->4(4)
[2022-03-17T11:07:19.380+0000][17.380s] GC(1) Old regions: 2->10
[2022-03-17T11:07:19.380+0000][17.380s] GC(1) Humongous regions: 4->4
[2022-03-17T11:07:19.380+0000][17.380s] GC(1) Metaspace: 12849K->12849K(1060864K)
[2022-03-17T11:07:19.380+0000][17.381s] GC(1) Pause Young (Normal) (G1 Evacuation Pause) 29M->15M(512M) 236.821ms
[2022-03-17T11:07:19.381+0000][17.381s] GC(1) User=0.20s Sys=0.02s Real=0.24s
[2022-03-17T11:07:23.064+0000][21.064s] GC(2) Pause Young (Normal) (G1 Evacuation Pause)
[2022-03-17T11:07:23.116+0000][21.116s] GC(2) Using 4 workers of 4 for evacuation
[2022-03-17T11:07:23.404+0000][21.404s] GC(2) MMU target violated: 251.0ms (250.0ms/251.0ms)
[2022-03-17T11:07:23.425+0000][21.425s] GC(2)   Pre Evacuate Collection Set: 0.0ms
[2022-03-17T11:07:23.426+0000][21.426s] GC(2)   Evacuate Collection Set: 227.9ms
[2022-03-17T11:07:23.437+0000][21.437s] GC(2)   Post Evacuate Collection Set: 32.9ms
[2022-03-17T11:07:23.452+0000][21.452s] GC(2)   Other: 99.7ms
[2022-03-17T11:07:23.474+0000][21.474s] GC(2) Eden regions: 21->0(22)
[2022-03-17T11:07:23.490+0000][21.490s] GC(2) Survivor regions: 4->4(4)
[2022-03-17T11:07:23.506+0000][21.506s] GC(2) Old regions: 10->14
[2022-03-17T11:07:23.522+0000][21.522s] GC(2) Humongous regions: 4->4
[2022-03-17T11:07:23.538+0000][21.538s] GC(2) Metaspace: 15774K->15774K(1062912K)
[2022-03-17T11:07:23.555+0000][21.555s] GC(2) Pause Young (Normal) (G1 Evacuation Pause) 36M->20M(512M) 490.887ms
[2022-03-17T11:07:23.570+0000][21.570s] GC(2) User=0.19s Sys=0.01s Real=0.51s
[2022-03-17T11:07:26.402+0000][24.402s] GC(3) Pause Young (Normal) (G1 Evacuation Pause)
[2022-03-17T11:07:26.406+0000][24.406s] GC(3) Using 4 workers of 4 for evacuation
[2022-03-17T11:07:26.518+0000][24.518s] GC(3)   Pre Evacuate Collection Set: 0.0ms
[2022-03-17T11:07:26.524+0000][24.524s] GC(3)   Evacuate Collection Set: 95.9ms
[2022-03-17T11:07:26.524+0000][24.524s] GC(3)   Post Evacuate Collection Set: 15.7ms
[2022-03-17T11:07:26.524+0000][24.524s] GC(3)   Other: 5.1ms
[2022-03-17T11:07:26.528+0000][24.528s] GC(3) Eden regions: 22->0(28)
[2022-03-17T11:07:26.531+0000][24.531s] GC(3) Survivor regions: 4->4(4)
[2022-03-17T11:07:26.534+0000][24.534s] GC(3) Old regions: 14->18
[2022-03-17T11:07:26.535+0000][24.535s] GC(3) Humongous regions: 4->4
[2022-03-17T11:07:26.535+0000][24.535s] GC(3) Metaspace: 17533K->17533K(1064960K)
[2022-03-17T11:07:26.535+0000][24.535s] GC(3) Pause Young (Normal) (G1 Evacuation Pause) 42M->23M(512M) 133.472ms
[2022-03-17T11:07:26.536+0000][24.536s] GC(3) User=0.10s Sys=0.00s Real=0.13s
[2022-03-17T11:07:28.839+0000][26.839s] GC(4) Pause Young (Concurrent Start) (Metadata GC Threshold)
[2022-03-17T11:07:28.839+0000][26.839s] GC(4) Using 4 workers of 4 for evacuation
[2022-03-17T11:07:28.886+0000][26.886s] GC(4)   Pre Evacuate Collection Set: 0.4ms
[2022-03-17T11:07:28.888+0000][26.888s] GC(4)   Evacuate Collection Set: 44.0ms
[2022-03-17T11:07:28.888+0000][26.888s] GC(4)   Post Evacuate Collection Set: 0.4ms
[2022-03-17T11:07:28.889+0000][26.889s] GC(4)   Other: 3.0ms
[2022-03-17T11:07:28.889+0000][26.889s] GC(4) Eden regions: 26->0(41)
[2022-03-17T11:07:28.890+0000][26.890s] GC(4) Survivor regions: 4->1(4)
[2022-03-17T11:07:28.895+0000][26.895s] GC(4) Old regions: 18->21
[2022-03-17T11:07:28.895+0000][26.895s] GC(4) Humongous regions: 4->4
[2022-03-17T11:07:28.896+0000][26.896s] GC(4) Metaspace: 20455K->20455K(1067008K)
[2022-03-17T11:07:28.896+0000][26.896s] GC(4) Pause Young (Concurrent Start) (Metadata GC Threshold) 49M->24M(512M) 57.382ms
[2022-03-17T11:07:28.901+0000][26.901s] GC(4) User=0.04s Sys=0.00s Real=0.06s
[2022-03-17T11:07:28.904+0000][26.904s] GC(5) Concurrent Cycle
[2022-03-17T11:07:28.904+0000][26.904s] GC(5) Concurrent Clear Claimed Marks
[2022-03-17T11:07:28.905+0000][26.905s] GC(5) Concurrent Clear Claimed Marks 0.305ms
[2022-03-17T11:07:28.905+0000][26.905s] GC(5) Concurrent Scan Root Regions
[2022-03-17T11:07:28.908+0000][26.908s] GC(5) Concurrent Scan Root Regions 2.554ms
[2022-03-17T11:07:28.908+0000][26.908s] GC(5) Concurrent Mark (26.908s)
[2022-03-17T11:07:28.908+0000][26.908s] GC(5) Concurrent Mark From Roots
[2022-03-17T11:07:28.909+0000][26.909s] GC(5) Using 1 workers of 1 for marking
[2022-03-17T11:07:29.141+0000][27.141s] GC(5) Concurrent Mark From Roots 232.796ms
[2022-03-17T11:07:29.141+0000][27.141s] GC(5) Concurrent Preclean
[2022-03-17T11:07:29.142+0000][27.142s] GC(5) Concurrent Preclean 0.361ms
[2022-03-17T11:07:29.142+0000][27.142s] GC(5) Concurrent Mark (26.908s, 27.142s) 234.059ms
[2022-03-17T11:07:29.143+0000][27.143s] GC(5) Pause Remark
[2022-03-17T11:07:29.183+0000][27.183s] GC(5) Cleaned string and symbol table, strings: 9363 processed, 26 removed, symbols: 61551 processed, 30 removed
[2022-03-17T11:07:29.185+0000][27.185s] GC(5) Pause Remark 26M->26M(512M) 41.593ms
[2022-03-17T11:07:29.185+0000][27.185s] GC(5) User=0.02s Sys=0.01s Real=0.04s
[2022-03-17T11:07:29.186+0000][27.186s] GC(5) Concurrent Rebuild Remembered Sets
[2022-03-17T11:07:29.326+0000][27.326s] GC(5) Concurrent Rebuild Remembered Sets 139.785ms
[2022-03-17T11:07:29.363+0000][27.363s] GC(5) Pause Cleanup
[2022-03-17T11:07:29.364+0000][27.364s] GC(5) Pause Cleanup 29M->29M(512M) 0.590ms
[2022-03-17T11:07:29.364+0000][27.364s] GC(5) User=0.00s Sys=0.00s Real=0.00s
[2022-03-17T11:07:29.365+0000][27.365s] GC(5) Concurrent Cleanup for Next Mark
[2022-03-17T11:07:29.367+0000][27.367s] GC(5) Concurrent Cleanup for Next Mark 2.714ms
[2022-03-17T11:07:29.368+0000][27.368s] GC(5) Concurrent Cycle 463.679ms
[2022-03-17T11:07:33.075+0000][31.075s] GC(6) Pause Young (Concurrent Start) (G1 Evacuation Pause)
[2022-03-17T11:07:33.075+0000][31.075s] GC(6) Using 4 workers of 4 for evacuation
[2022-03-17T11:07:33.166+0000][31.166s] GC(6)   Pre Evacuate Collection Set: 0.1ms
[2022-03-17T11:07:33.166+0000][31.166s] GC(6)   Evacuate Collection Set: 69.0ms
[2022-03-17T11:07:33.166+0000][31.166s] GC(6)   Post Evacuate Collection Set: 21.1ms
[2022-03-17T11:07:33.167+0000][31.167s] GC(6)   Other: 1.1ms
[2022-03-17T11:07:33.167+0000][31.167s] GC(6) Eden regions: 41->0(60)
[2022-03-17T11:07:33.167+0000][31.167s] GC(6) Survivor regions: 1->1(6)
[2022-03-17T11:07:33.168+0000][31.168s] GC(6) Old regions: 21->21
[2022-03-17T11:07:33.168+0000][31.168s] GC(6) Humongous regions: 4->4
[2022-03-17T11:07:33.168+0000][31.168s] GC(6) Metaspace: 23689K->23689K(1071104K)
[2022-03-17T11:07:33.168+0000][31.168s] GC(6) Pause Young (Concurrent Start) (G1 Evacuation Pause) 65M->24M(512M) 93.668ms
[2022-03-17T11:07:33.168+0000][31.169s] GC(6) User=0.05s Sys=0.00s Real=0.10s
[2022-03-17T11:07:33.169+0000][31.169s] GC(7) Concurrent Cycle
[2022-03-17T11:07:33.169+0000][31.169s] GC(7) Concurrent Clear Claimed Marks
[2022-03-17T11:07:33.170+0000][31.170s] GC(7) Concurrent Clear Claimed Marks 0.295ms
[2022-03-17T11:07:33.170+0000][31.170s] GC(7) Concurrent Scan Root Regions
[2022-03-17T11:07:33.172+0000][31.172s] GC(7) Concurrent Scan Root Regions 1.961ms
[2022-03-17T11:07:33.172+0000][31.172s] GC(7) Concurrent Mark (31.172s)
[2022-03-17T11:07:33.172+0000][31.172s] GC(7) Concurrent Mark From Roots
[2022-03-17T11:07:33.174+0000][31.174s] GC(7) Using 1 workers of 1 for marking
[2022-03-17T11:07:33.510+0000][31.510s] GC(7) Concurrent Mark From Roots 337.637ms
[2022-03-17T11:07:33.514+0000][31.514s] GC(7) Concurrent Preclean
[2022-03-17T11:07:33.515+0000][31.515s] GC(7) Concurrent Preclean 0.663ms
[2022-03-17T11:07:33.515+0000][31.515s] GC(7) Concurrent Mark (31.172s, 31.515s) 343.059ms
[2022-03-17T11:07:33.531+0000][31.531s] GC(7) Pause Remark
[2022-03-17T11:07:33.565+0000][31.565s] GC(7) Cleaned string and symbol table, strings: 9977 processed, 0 removed, symbols: 68712 processed, 7 removed
[2022-03-17T11:07:33.568+0000][31.568s] GC(7) Pause Remark 30M->30M(512M) 36.861ms
[2022-03-17T11:07:33.568+0000][31.568s] GC(7) User=0.02s Sys=0.00s Real=0.04s
[2022-03-17T11:07:33.570+0000][31.571s] GC(7) Concurrent Rebuild Remembered Sets
[2022-03-17T11:07:33.711+0000][31.711s] GC(7) Concurrent Rebuild Remembered Sets 140.722ms
[2022-03-17T11:07:33.712+0000][31.712s] GC(7) Pause Cleanup
[2022-03-17T11:07:33.713+0000][31.713s] GC(7) Pause Cleanup 30M->30M(512M) 0.695ms
[2022-03-17T11:07:33.721+0000][31.721s] GC(7) User=0.00s Sys=0.00s Real=0.01s
[2022-03-17T11:07:33.721+0000][31.721s] GC(7) Concurrent Cleanup for Next Mark
[2022-03-17T11:07:33.726+0000][31.726s] GC(7) Concurrent Cleanup for Next Mark 4.299ms
[2022-03-17T11:07:33.726+0000][31.726s] GC(7) Concurrent Cycle 557.006ms
[2022-03-17T11:07:40.265+0000][38.265s] GC(8) Pause Young (Normal) (G1 Evacuation Pause)
[2022-03-17T11:07:40.265+0000][38.265s] GC(8) Using 4 workers of 4 for evacuation
[2022-03-17T11:07:40.352+0000][38.352s] GC(8)   Pre Evacuate Collection Set: 0.0ms
[2022-03-17T11:07:40.352+0000][38.353s] GC(8)   Evacuate Collection Set: 80.2ms
[2022-03-17T11:07:40.353+0000][38.353s] GC(8)   Post Evacuate Collection Set: 5.5ms
[2022-03-17T11:07:40.354+0000][38.354s] GC(8)   Other: 1.3ms
[2022-03-17T11:07:40.355+0000][38.355s] GC(8) Eden regions: 60->0(71)
[2022-03-17T11:07:40.355+0000][38.355s] GC(8) Survivor regions: 1->4(8)
[2022-03-17T11:07:40.355+0000][38.355s] GC(8) Old regions: 21->21
[2022-03-17T11:07:40.366+0000][38.366s] GC(8) Humongous regions: 4->4
[2022-03-17T11:07:40.378+0000][38.378s] GC(8) Metaspace: 31578K->31578K(1077248K)
[2022-03-17T11:07:40.379+0000][38.379s] GC(8) Pause Young (Normal) (G1 Evacuation Pause) 84M->27M(512M) 114.044ms
[2022-03-17T11:07:40.379+0000][38.379s] GC(8) User=0.04s Sys=0.01s Real=0.12s
[2022-03-17T11:08:44.762+0000][102.762s] GC(9) Pause Young (Normal) (G1 Evacuation Pause)
[2022-03-17T11:08:44.762+0000][102.762s] GC(9) Using 4 workers of 4 for evacuation
[2022-03-17T11:08:44.782+0000][102.783s] GC(9)   Pre Evacuate Collection Set: 0.1ms
[2022-03-17T11:08:44.783+0000][102.783s] GC(9)   Evacuate Collection Set: 18.3ms
[2022-03-17T11:08:44.783+0000][102.783s] GC(9)   Post Evacuate Collection Set: 1.4ms
[2022-03-17T11:08:44.783+0000][102.783s] GC(9)   Other: 1.2ms
[2022-03-17T11:08:44.783+0000][102.783s] GC(9) Eden regions: 71->0(86)
[2022-03-17T11:08:44.784+0000][102.784s] GC(9) Survivor regions: 4->8(10)
[2022-03-17T11:08:44.784+0000][102.784s] GC(9) Old regions: 21->21
[2022-03-17T11:08:44.784+0000][102.784s] GC(9) Humongous regions: 4->4
[2022-03-17T11:08:44.784+0000][102.784s] GC(9) Metaspace: 38252K->38252K(1083392K)
[2022-03-17T11:08:44.784+0000][102.784s] GC(9) Pause Young (Normal) (G1 Evacuation Pause) 98M->31M(512M) 22.735ms
[2022-03-17T11:08:44.784+0000][102.785s] GC(9) User=0.07s Sys=0.00s Real=0.02s
[2022-03-17T12:38:05.610+0000][5463.611s] GC(10) Pause Young (Normal) (G1 Evacuation Pause)
[2022-03-17T12:38:05.612+0000][5463.612s] GC(10) Using 4 workers of 4 for evacuation
[2022-03-17T12:38:05.728+0000][5463.728s] GC(10)   Pre Evacuate Collection Set: 6.6ms
[2022-03-17T12:38:05.728+0000][5463.728s] GC(10)   Evacuate Collection Set: 105.6ms
[2022-03-17T12:38:05.729+0000][5463.729s] GC(10)   Post Evacuate Collection Set: 2.3ms
[2022-03-17T12:38:05.729+0000][5463.729s] GC(10)   Other: 3.7ms
[2022-03-17T12:38:05.729+0000][5463.729s] GC(10) Eden regions: 86->0(99)
[2022-03-17T12:38:05.730+0000][5463.730s] GC(10) Survivor regions: 8->6(12)
[2022-03-17T12:38:05.730+0000][5463.730s] GC(10) Old regions: 21->25
[2022-03-17T12:38:05.731+0000][5463.731s] GC(10) Humongous regions: 4->4
[2022-03-17T12:38:05.731+0000][5463.731s] GC(10) Metaspace: 39714K->39714K(1085440K)
[2022-03-17T12:38:05.732+0000][5463.732s] GC(10) Pause Young (Normal) (G1 Evacuation Pause) 117M->33M(512M) 121.138ms
[2022-03-17T12:38:05.732+0000][5463.732s] GC(10) User=0.42s Sys=0.01s Real=0.12s
[2022-03-21T05:14:01.176+0000][12033.223s] GC(11) Pause Young (Normal) (G1 Evacuation Pause)
[2022-03-21T05:14:01.180+0000][12033.225s] GC(11) Using 4 workers of 4 for evacuation
[2022-03-21T05:14:01.288+0000][12033.334s] GC(11)   Pre Evacuate Collection Set: 13.0ms
[2022-03-21T05:14:01.288+0000][12033.334s] GC(11)   Evacuate Collection Set: 84.6ms
[2022-03-21T05:14:01.288+0000][12033.334s] GC(11)   Post Evacuate Collection Set: 4.8ms
[2022-03-21T05:14:01.289+0000][12033.335s] GC(11)   Other: 13.8ms
[2022-03-21T05:14:01.289+0000][12033.335s] GC(11) Eden regions: 99->0(302)
[2022-03-21T05:14:01.289+0000][12033.335s] GC(11) Survivor regions: 6->5(14)
[2022-03-21T05:14:01.290+0000][12033.336s] GC(11) Old regions: 25->25
[2022-03-21T05:14:01.290+0000][12033.336s] GC(11) Humongous regions: 4->4
[2022-03-21T05:14:01.290+0000][12033.336s] GC(11) Metaspace: 40284K->40284K(1085440K)
[2022-03-21T05:14:01.291+0000][12033.337s] GC(11) Pause Young (Normal) (G1 Evacuation Pause) 132M->31M(512M) 115.050ms
[2022-03-21T05:14:01.291+0000][12033.337s] GC(11) User=0.36s Sys=0.00s Real=0.12s
[2022-03-21T05:45:19.975+0000][13912.021s] GC(12) Pause Young (Concurrent Start) (Metadata GC Threshold)
[2022-03-21T05:45:19.976+0000][13912.022s] GC(12) Using 4 workers of 4 for evacuation
[2022-03-21T05:45:20.055+0000][13912.101s] GC(12)   Pre Evacuate Collection Set: 5.1ms
[2022-03-21T05:45:20.055+0000][13912.101s] GC(12)   Evacuate Collection Set: 59.1ms
[2022-03-21T05:45:20.055+0000][13912.101s] GC(12)   Post Evacuate Collection Set: 1.7ms
[2022-03-21T05:45:20.056+0000][13912.102s] GC(12)   Other: 13.7ms
[2022-03-21T05:45:20.056+0000][13912.102s] GC(12) Eden regions: 33->0(234)
[2022-03-21T05:45:20.056+0000][13912.102s] GC(12) Survivor regions: 5->5(39)
[2022-03-21T05:45:20.056+0000][13912.102s] GC(12) Old regions: 25->25
[2022-03-21T05:45:20.057+0000][13912.103s] GC(12) Humongous regions: 4->4
[2022-03-21T05:45:20.057+0000][13912.103s] GC(12) Metaspace: 40350K->40350K(1085440K)
[2022-03-21T05:45:20.057+0000][13912.103s] GC(12) Pause Young (Concurrent Start) (Metadata GC Threshold) 64M->31M(512M) 81.901ms
[2022-03-21T05:45:20.057+0000][13912.103s] GC(12) User=0.20s Sys=0.00s Real=0.08s
[2022-03-21T05:45:20.059+0000][13912.105s] GC(13) Concurrent Cycle
[2022-03-21T05:45:20.059+0000][13912.105s] GC(13) Concurrent Clear Claimed Marks
[2022-03-21T05:45:20.060+0000][13912.106s] GC(13) Concurrent Clear Claimed Marks 0.899ms
[2022-03-21T05:45:20.061+0000][13912.107s] GC(13) Concurrent Scan Root Regions
[2022-03-21T05:45:20.112+0000][13912.158s] GC(13) Concurrent Scan Root Regions 50.805ms
[2022-03-21T05:45:20.112+0000][13912.158s] GC(13) Concurrent Mark (13912.158s)
[2022-03-21T05:45:20.113+0000][13912.159s] GC(13) Concurrent Mark From Roots
[2022-03-21T05:45:20.114+0000][13912.160s] GC(13) Using 1 workers of 1 for marking
[2022-03-21T05:45:20.318+0000][13912.363s] GC(13) Concurrent Mark From Roots 204.847ms
[2022-03-21T05:45:20.318+0000][13912.364s] GC(13) Concurrent Preclean
[2022-03-21T05:45:20.319+0000][13912.365s] GC(13) Concurrent Preclean 1.457ms
[2022-03-21T05:45:20.320+0000][13912.366s] GC(13) Concurrent Mark (13912.158s, 13912.366s) 207.589ms
[2022-03-21T05:45:20.320+0000][13912.366s] GC(13) Pause Remark
[2022-03-21T05:45:20.763+0000][13912.809s] GC(13) Cleaned string and symbol table, strings: 17613 processed, 1103 removed, symbols: 107772 processed, 161 removed
[2022-03-21T05:45:20.767+0000][13912.812s] GC(13) MMU target violated: 251.0ms (250.0ms/251.0ms)
[2022-03-21T05:45:20.767+0000][13912.813s] GC(13) Pause Remark 33M->33M(512M) 446.397ms
[2022-03-21T05:45:20.767+0000][13912.813s] GC(13) User=1.45s Sys=0.00s Real=0.44s
[2022-03-21T05:45:20.767+0000][13912.813s] GC(13) Concurrent Rebuild Remembered Sets
[2022-03-21T05:45:20.796+0000][13912.841s] GC(13) Concurrent Rebuild Remembered Sets 28.137ms
[2022-03-21T05:45:20.796+0000][13912.842s] GC(13) Pause Cleanup
[2022-03-21T05:45:20.797+0000][13912.843s] GC(13) Pause Cleanup 33M->33M(512M) 0.483ms
[2022-03-21T05:45:20.797+0000][13912.843s] GC(13) User=0.00s Sys=0.00s Real=0.00s
[2022-03-21T05:45:20.797+0000][13912.843s] GC(13) Concurrent Cleanup for Next Mark
[2022-03-21T05:45:20.843+0000][13912.889s] GC(13) Concurrent Cleanup for Next Mark 45.951ms
[2022-03-21T05:45:20.844+0000][13912.890s] GC(13) Concurrent Cycle 784.987ms
[2022-03-21T08:19:41.821+0000][23173.867s] GC(14) Pause Young (Normal) (G1 Evacuation Pause)
[2022-03-21T08:19:41.823+0000][23173.869s] GC(14) Using 4 workers of 4 for evacuation
[2022-03-21T08:19:41.935+0000][23173.981s] GC(14)   Pre Evacuate Collection Set: 7.4ms
[2022-03-21T08:19:41.935+0000][23173.981s] GC(14)   Evacuate Collection Set: 91.3ms
[2022-03-21T08:19:41.935+0000][23173.981s] GC(14)   Post Evacuate Collection Set: 11.3ms
[2022-03-21T08:19:41.936+0000][23173.981s] GC(14)   Other: 3.9ms
[2022-03-21T08:19:41.936+0000][23173.982s] GC(14) Eden regions: 227->0(281)
[2022-03-21T08:19:41.936+0000][23173.982s] GC(14) Survivor regions: 5->8(29)
[2022-03-21T08:19:41.936+0000][23173.982s] GC(14) Old regions: 25->25
[2022-03-21T08:19:41.936+0000][23173.982s] GC(14) Humongous regions: 5->4
[2022-03-21T08:19:41.937+0000][23173.983s] GC(14) Metaspace: 48100K->48100K(1093632K)
[2022-03-21T08:19:41.937+0000][23173.983s] GC(14) Pause Young (Normal) (G1 Evacuation Pause) 259M->35M(512M) 115.391ms
[2022-03-21T08:19:41.937+0000][23173.983s] GC(14) User=0.41s Sys=0.00s Real=0.11s
[2022-03-21T08:19:53.198+0000][23185.243s] GC(15) Pause Young (Normal) (G1 Evacuation Pause)
[2022-03-21T08:19:53.198+0000][23185.244s] GC(15) Using 4 workers of 4 for evacuation
[2022-03-21T08:19:53.371+0000][23185.417s] GC(15)   Pre Evacuate Collection Set: 0.0ms
[2022-03-21T08:19:53.371+0000][23185.417s] GC(15)   Evacuate Collection Set: 150.2ms
[2022-03-21T08:19:53.372+0000][23185.417s] GC(15)   Post Evacuate Collection Set: 21.9ms
[2022-03-21T08:19:53.372+0000][23185.418s] GC(15)   Other: 1.4ms
[2022-03-21T08:19:53.372+0000][23185.418s] GC(15) Eden regions: 281->0(285)
[2022-03-21T08:19:53.372+0000][23185.418s] GC(15) Survivor regions: 8->22(37)
[2022-03-21T08:19:53.372+0000][23185.418s] GC(15) Old regions: 25->25
[2022-03-21T08:19:53.372+0000][23185.418s] GC(15) Humongous regions: 4->4
[2022-03-21T08:19:53.373+0000][23185.418s] GC(15) Metaspace: 54149K->54149K(1097728K)
[2022-03-21T08:19:53.373+0000][23185.419s] GC(15) Pause Young (Normal) (G1 Evacuation Pause) 316M->48M(512M) 175.721ms
[2022-03-21T08:19:53.373+0000][23185.419s] GC(15) User=0.68s Sys=0.00s Real=0.18s
[2022-03-21T11:13:23.087+0000][33595.133s] GC(16) Pause Young (Normal) (G1 Evacuation Pause)
[2022-03-21T11:13:23.088+0000][33595.134s] GC(16) Using 4 workers of 4 for evacuation
[2022-03-21T11:13:23.424+0000][33595.470s] GC(16) MMU target violated: 251.0ms (250.0ms/251.0ms)
[2022-03-21T11:13:23.424+0000][33595.470s] GC(16)   Pre Evacuate Collection Set: 6.5ms
[2022-03-21T11:13:23.424+0000][33595.470s] GC(16)   Evacuate Collection Set: 249.1ms
[2022-03-21T11:13:23.425+0000][33595.471s] GC(16)   Post Evacuate Collection Set: 63.8ms
[2022-03-21T11:13:23.425+0000][33595.471s] GC(16)   Other: 21.6ms
[2022-03-21T11:13:23.425+0000][33595.471s] GC(16) Eden regions: 285->0(70)
[2022-03-21T11:13:23.426+0000][33595.471s] GC(16) Survivor regions: 22->24(39)
[2022-03-21T11:13:23.426+0000][33595.472s] GC(16) Old regions: 25->28
[2022-03-21T11:13:23.426+0000][33595.472s] GC(16) Humongous regions: 4->4
[2022-03-21T11:13:23.426+0000][33595.472s] GC(16) Metaspace: 54899K->54899K(1099776K)
[2022-03-21T11:13:23.427+0000][33595.473s] GC(16) Pause Young (Normal) (G1 Evacuation Pause) 333M->54M(512M) 340.373ms
[2022-03-21T11:13:23.427+0000][33595.473s] GC(16) User=1.28s Sys=0.00s Real=0.34s
[2022-03-21T11:13:25.861+0000][33597.907s] GC(17) Pause Young (Normal) (G1 Evacuation Pause)
[2022-03-21T11:13:25.862+0000][33597.908s] GC(17) Using 4 workers of 4 for evacuation
[2022-03-21T11:13:25.977+0000][33598.023s] GC(17)   Pre Evacuate Collection Set: 0.0ms
[2022-03-21T11:13:25.977+0000][33598.023s] GC(17)   Evacuate Collection Set: 112.7ms
[2022-03-21T11:13:25.977+0000][33598.023s] GC(17)   Post Evacuate Collection Set: 1.8ms
[2022-03-21T11:13:25.977+0000][33598.023s] GC(17)   Other: 0.8ms
[2022-03-21T11:13:25.978+0000][33598.024s] GC(17) Eden regions: 70->0(301)
[2022-03-21T11:13:25.978+0000][33598.024s] GC(17) Survivor regions: 24->6(12)
[2022-03-21T11:13:25.978+0000][33598.024s] GC(17) Old regions: 28->46
[2022-03-21T11:13:25.978+0000][33598.024s] GC(17) Humongous regions: 4->4
[2022-03-21T11:13:25.981+0000][33598.027s] GC(17) Metaspace: 55165K->55165K(1099776K)
[2022-03-21T11:13:25.982+0000][33598.028s] GC(17) Pause Young (Normal) (G1 Evacuation Pause) 124M->54M(512M) 120.452ms
[2022-03-21T11:13:25.982+0000][33598.028s] GC(17) User=0.44s Sys=0.00s Real=0.12s
[2022-03-21T11:37:10.767+0000][35022.813s] GC(18) Pause Young (Normal) (G1 Evacuation Pause)
[2022-03-21T11:37:10.768+0000][35022.814s] GC(18) Using 4 workers of 4 for evacuation
[2022-03-21T11:37:11.080+0000][35023.126s] GC(18) MMU target violated: 251.0ms (250.0ms/251.0ms)
[2022-03-21T11:37:11.080+0000][35023.126s] GC(18)   Pre Evacuate Collection Set: 3.4ms
[2022-03-21T11:37:11.080+0000][35023.126s] GC(18)   Evacuate Collection Set: 201.8ms
[2022-03-21T11:37:11.081+0000][35023.127s] GC(18)   Post Evacuate Collection Set: 104.8ms
[2022-03-21T11:37:11.081+0000][35023.127s] GC(18)   Other: 3.2ms
[2022-03-21T11:37:11.081+0000][35023.127s] GC(18) Eden regions: 301->0(49)
[2022-03-21T11:37:11.081+0000][35023.127s] GC(18) Survivor regions: 6->22(39)
[2022-03-21T11:37:11.081+0000][35023.127s] GC(18) Old regions: 46->46
[2022-03-21T11:37:11.082+0000][35023.128s] GC(18) Humongous regions: 4->4
[2022-03-21T11:37:11.082+0000][35023.128s] GC(18) Metaspace: 55459K->55459K(1099776K)
[2022-03-21T11:37:11.082+0000][35023.128s] GC(18) Pause Young (Normal) (G1 Evacuation Pause) 355M->70M(512M) 314.884ms
[2022-03-21T11:37:11.082+0000][35023.128s] GC(18) User=1.19s Sys=0.00s Real=0.32s
[2022-03-21T11:38:04.013+0000][35076.059s] GC(19) Pause Young (Normal) (G1 Evacuation Pause)
[2022-03-21T11:38:04.017+0000][35076.063s] GC(19) Using 4 workers of 4 for evacuation
[2022-03-21T11:38:04.238+0000][35076.284s] GC(19)   Pre Evacuate Collection Set: 0.0ms
[2022-03-21T11:38:04.239+0000][35076.284s] GC(19)   Evacuate Collection Set: 204.2ms
[2022-03-21T11:38:04.239+0000][35076.285s] GC(19)   Post Evacuate Collection Set: 14.3ms
[2022-03-21T11:38:04.239+0000][35076.285s] GC(19)   Other: 6.4ms
[2022-03-21T11:38:04.239+0000][35076.285s] GC(19) Eden regions: 49->0(302)
[2022-03-21T11:38:04.240+0000][35076.286s] GC(19) Survivor regions: 22->5(9)
[2022-03-21T11:38:04.244+0000][35076.290s] GC(19) Old regions: 46->59
[2022-03-21T11:38:04.259+0000][35076.305s] GC(19) Humongous regions: 4->4
[2022-03-21T11:38:04.267+0000][35076.313s] GC(19) Metaspace: 55508K->55508K(1099776K)
[2022-03-21T11:38:04.281+0000][35076.327s] GC(19) Pause Young (Normal) (G1 Evacuation Pause) 119M->65M(512M) 268.149ms
[2022-03-21T11:38:04.291+0000][35076.337s] GC(19) User=0.41s Sys=0.00s Real=0.28s
[2022-03-21T11:38:21.052+0000][35093.098s] GC(20) Pause Young (Normal) (G1 Evacuation Pause)
[2022-03-21T11:38:21.052+0000][35093.098s] GC(20) Using 4 workers of 4 for evacuation
[2022-03-21T11:38:21.205+0000][35093.251s] GC(20)   Pre Evacuate Collection Set: 0.1ms
[2022-03-21T11:38:21.205+0000][35093.251s] GC(20)   Evacuate Collection Set: 147.8ms
[2022-03-21T11:38:21.206+0000][35093.252s] GC(20)   Post Evacuate Collection Set: 4.0ms
[2022-03-21T11:38:21.207+0000][35093.253s] GC(20)   Other: 1.1ms
[2022-03-21T11:38:21.207+0000][35093.253s] GC(20) Eden regions: 302->0(159)
[2022-03-21T11:38:21.207+0000][35093.253s] GC(20) Survivor regions: 5->25(39)
[2022-03-21T11:38:21.208+0000][35093.253s] GC(20) Old regions: 59->59
[2022-03-21T11:38:21.208+0000][35093.254s] GC(20) Humongous regions: 4->4
[2022-03-21T11:38:21.208+0000][35093.254s] GC(20) Metaspace: 55877K->55877K(1099776K)
[2022-03-21T11:38:21.208+0000][35093.254s] GC(20) Pause Young (Normal) (G1 Evacuation Pause) 367M->86M(512M) 156.504ms
[2022-03-21T11:38:21.209+0000][35093.255s] GC(20) User=0.26s Sys=0.07s Real=0.15s
[2022-03-21T11:38:25.472+0000][35097.518s] GC(21) Pause Young (Normal) (G1 Evacuation Pause)
[2022-03-21T11:38:25.474+0000][35097.519s] GC(21) Using 4 workers of 4 for evacuation
[2022-03-21T11:38:25.681+0000][35097.727s] GC(21)   Pre Evacuate Collection Set: 0.0ms
[2022-03-21T11:38:25.683+0000][35097.729s] GC(21)   Evacuate Collection Set: 189.7ms
[2022-03-21T11:38:25.683+0000][35097.729s] GC(21)   Post Evacuate Collection Set: 16.6ms
[2022-03-21T11:38:25.685+0000][35097.731s] GC(21)   Other: 1.9ms
[2022-03-21T11:38:25.685+0000][35097.731s] GC(21) Eden regions: 159->0(296)
[2022-03-21T11:38:25.685+0000][35097.731s] GC(21) Survivor regions: 25->11(23)
[2022-03-21T11:38:25.686+0000][35097.732s] GC(21) Old regions: 59->80
[2022-03-21T11:38:25.689+0000][35097.735s] GC(21) Humongous regions: 4->4
[2022-03-21T11:38:25.692+0000][35097.738s] GC(21) Metaspace: 55933K->55933K(1099776K)
[2022-03-21T11:38:25.692+0000][35097.738s] GC(21) Pause Young (Normal) (G1 Evacuation Pause) 245M->93M(512M) 219.763ms
[2022-03-21T11:38:25.694+0000][35097.740s] GC(21) User=0.46s Sys=0.00s Real=0.22s
[2022-03-21T15:39:33.415+0000][49565.461s] GC(22) Pause Young (Normal) (G1 Evacuation Pause)
[2022-03-21T15:39:33.416+0000][49565.462s] GC(22) Using 4 workers of 4 for evacuation
[2022-03-21T15:39:33.807+0000][49565.853s] GC(22) MMU target violated: 251.0ms (250.0ms/251.0ms)
[2022-03-21T15:39:33.808+0000][49565.854s] GC(22)   Pre Evacuate Collection Set: 22.3ms
[2022-03-21T15:39:33.808+0000][49565.854s] GC(22)   Evacuate Collection Set: 311.8ms
[2022-03-21T15:39:33.808+0000][49565.854s] GC(22)   Post Evacuate Collection Set: 49.5ms
[2022-03-21T15:39:33.813+0000][49565.859s] GC(22)   Other: 10.8ms
[2022-03-21T15:39:33.814+0000][49565.860s] GC(22) Eden regions: 296->0(67)
[2022-03-21T15:39:33.814+0000][49565.860s] GC(22) Survivor regions: 11->12(39)
[2022-03-21T15:39:33.815+0000][49565.861s] GC(22) Old regions: 80->80
[2022-03-21T15:39:33.815+0000][49565.861s] GC(22) Humongous regions: 4->4
[2022-03-21T15:39:33.815+0000][49565.861s] GC(22) Metaspace: 56047K->56047K(1099776K)
[2022-03-21T15:39:33.816+0000][49565.862s] GC(22) Pause Young (Normal) (G1 Evacuation Pause) 389M->94M(512M) 401.595ms
[2022-03-21T15:39:33.817+0000][49565.863s] GC(22) User=1.40s Sys=0.00s Real=0.40s
[2022-03-22T04:08:39.089+0000][51207.583s] GC(23) Pause Young (Normal) (G1 Evacuation Pause)
[2022-03-22T04:08:39.089+0000][51207.584s] GC(23) Using 4 workers of 4 for evacuation
[2022-03-22T04:08:39.642+0000][51208.137s] GC(23) MMU target violated: 251.0ms (250.0ms/251.0ms)
[2022-03-22T04:08:39.643+0000][51208.138s] GC(23)   Pre Evacuate Collection Set: 16.2ms
[2022-03-22T04:08:39.645+0000][51208.139s] GC(23)   Evacuate Collection Set: 465.7ms
[2022-03-22T04:08:39.646+0000][51208.140s] GC(23)   Post Evacuate Collection Set: 69.9ms
[2022-03-22T04:08:39.647+0000][51208.141s] GC(23)   Other: 3.2ms
[2022-03-22T04:08:39.647+0000][51208.141s] GC(23) Eden regions: 67->0(71)
[2022-03-22T04:08:39.648+0000][51208.142s] GC(23) Survivor regions: 12->4(10)
[2022-03-22T04:08:39.648+0000][51208.143s] GC(23) Old regions: 80->88
[2022-03-22T04:08:39.649+0000][51208.143s] GC(23) Humongous regions: 4->4
[2022-03-22T04:08:39.650+0000][51208.144s] GC(23) Metaspace: 56111K->56111K(1099776K)
[2022-03-22T04:08:39.650+0000][51208.145s] GC(23) Pause Young (Normal) (G1 Evacuation Pause) 161M->94M(512M) 561.706ms
[2022-03-22T04:08:39.651+0000][51208.145s] GC(23) User=0.86s Sys=0.00s Real=0.56s
[2022-03-22T04:08:42.882+0000][51211.377s] GC(24) Pause Young (Normal) (G1 Evacuation Pause)
[2022-03-22T04:08:42.884+0000][51211.378s] GC(24) Using 4 workers of 4 for evacuation
[2022-03-22T04:08:43.064+0000][51211.558s] GC(24)   Pre Evacuate Collection Set: 0.0ms
[2022-03-22T04:08:43.064+0000][51211.559s] GC(24)   Evacuate Collection Set: 159.0ms
[2022-03-22T04:08:43.065+0000][51211.559s] GC(24)   Post Evacuate Collection Set: 19.7ms
[2022-03-22T04:08:43.065+0000][51211.559s] GC(24)   Other: 3.1ms
[2022-03-22T04:08:43.066+0000][51211.560s] GC(24) Eden regions: 71->0(17)
[2022-03-22T04:08:43.066+0000][51211.560s] GC(24) Survivor regions: 4->10(10)
[2022-03-22T04:08:43.066+0000][51211.561s] GC(24) Old regions: 88->91
[2022-03-22T04:08:43.067+0000][51211.561s] GC(24) Humongous regions: 4->4
[2022-03-22T04:08:43.067+0000][51211.561s] GC(24) Metaspace: 56165K->56165K(1099776K)
[2022-03-22T04:08:43.068+0000][51211.562s] GC(24) Pause Young (Normal) (G1 Evacuation Pause) 165M->103M(512M) 185.729ms
[2022-03-22T04:08:43.069+0000][51211.563s] GC(24) User=0.33s Sys=0.00s Real=0.18s
[2022-03-22T04:08:43.593+0000][51212.088s] GC(25) Pause Young (Normal) (G1 Evacuation Pause)
[2022-03-22T04:08:43.595+0000][51212.089s] GC(25) Using 4 workers of 4 for evacuation
[2022-03-22T04:08:43.732+0000][51212.226s] GC(25)   Pre Evacuate Collection Set: 0.0ms
[2022-03-22T04:08:43.733+0000][51212.227s] GC(25)   Evacuate Collection Set: 118.7ms
[2022-03-22T04:08:43.733+0000][51212.227s] GC(25)   Post Evacuate Collection Set: 17.1ms
[2022-03-22T04:08:43.734+0000][51212.228s] GC(25)   Other: 3.0ms
[2022-03-22T04:08:43.734+0000][51212.228s] GC(25) Eden regions: 17->0(29)
[2022-03-22T04:08:43.734+0000][51212.229s] GC(25) Survivor regions: 10->3(4)
[2022-03-22T04:08:43.735+0000][51212.229s] GC(25) Old regions: 91->101
[2022-03-22T04:08:43.735+0000][51212.229s] GC(25) Humongous regions: 4->4
[2022-03-22T04:08:43.735+0000][51212.229s] GC(25) Metaspace: 56168K->56168K(1099776K)
[2022-03-22T04:08:43.736+0000][51212.230s] GC(25) Pause Young (Normal) (G1 Evacuation Pause) 120M->106M(512M) 142.319ms
[2022-03-22T04:08:43.737+0000][51212.231s] GC(25) User=0.22s Sys=0.00s Real=0.14s
[2022-03-22T04:08:45.226+0000][51213.720s] GC(26) Pause Young (Normal) (G1 Evacuation Pause)
[2022-03-22T04:08:45.226+0000][51213.720s] GC(26) Using 4 workers of 4 for evacuation
[2022-03-22T04:08:45.276+0000][51213.770s] GC(26)   Pre Evacuate Collection Set: 0.0ms
[2022-03-22T04:08:45.278+0000][51213.772s] GC(26)   Evacuate Collection Set: 47.5ms
[2022-03-22T04:08:45.278+0000][51213.772s] GC(26)   Post Evacuate Collection Set: 1.5ms
[2022-03-22T04:08:45.278+0000][51213.772s] GC(26)   Other: 1.1ms
[2022-03-22T04:08:45.279+0000][51213.773s] GC(26) Eden regions: 29->0(39)
[2022-03-22T04:08:45.279+0000][51213.773s] GC(26) Survivor regions: 3->4(4)
[2022-03-22T04:08:45.279+0000][51213.773s] GC(26) Old regions: 101->104
[2022-03-22T04:08:45.279+0000][51213.773s] GC(26) Humongous regions: 4->4
[2022-03-22T04:08:45.279+0000][51213.774s] GC(26) Metaspace: 56184K->56184K(1099776K)
[2022-03-22T04:08:45.280+0000][51213.774s] GC(26) Pause Young (Normal) (G1 Evacuation Pause) 135M->110M(512M) 54.060ms
[2022-03-22T04:08:45.281+0000][51213.775s] GC(26) User=0.15s Sys=0.00s Real=0.05s
[2022-03-22T04:08:47.045+0000][51215.539s] GC(27) Pause Young (Normal) (G1 Evacuation Pause)
[2022-03-22T04:08:47.045+0000][51215.540s] GC(27) Using 4 workers of 4 for evacuation
[2022-03-22T04:08:47.175+0000][51215.670s] GC(27)   Pre Evacuate Collection Set: 0.0ms
[2022-03-22T04:08:47.176+0000][51215.670s] GC(27)   Evacuate Collection Set: 128.2ms
[2022-03-22T04:08:47.176+0000][51215.670s] GC(27)   Post Evacuate Collection Set: 0.9ms
[2022-03-22T04:08:47.176+0000][51215.670s] GC(27)   Other: 1.4ms
[2022-03-22T04:08:47.176+0000][51215.671s] GC(27) Eden regions: 39->0(42)
[2022-03-22T04:08:47.177+0000][51215.671s] GC(27) Survivor regions: 4->6(6)
[2022-03-22T04:08:47.178+0000][51215.672s] GC(27) Old regions: 104->108
[2022-03-22T04:08:47.178+0000][51215.672s] GC(27) Humongous regions: 4->4
[2022-03-22T04:08:47.179+0000][51215.673s] GC(27) Metaspace: 56200K->56200K(1099776K)
[2022-03-22T04:08:47.180+0000][51215.674s] GC(27) Pause Young (Normal) (G1 Evacuation Pause) 149M->115M(512M) 135.190ms
[2022-03-22T04:08:47.192+0000][51215.686s] GC(27) User=0.25s Sys=0.00s Real=0.14s
[2022-03-22T04:08:47.983+0000][51216.477s] GC(28) Pause Young (Normal) (G1 Evacuation Pause)
[2022-03-22T04:08:47.983+0000][51216.477s] GC(28) Using 4 workers of 4 for evacuation
[2022-03-22T04:08:48.004+0000][51216.499s] GC(28)   Pre Evacuate Collection Set: 0.0ms
[2022-03-22T04:08:48.005+0000][51216.499s] GC(28)   Evacuate Collection Set: 19.7ms
[2022-03-22T04:08:48.005+0000][51216.499s] GC(28)   Post Evacuate Collection Set: 0.8ms
[2022-03-22T04:08:48.005+0000][51216.499s] GC(28)   Other: 1.1ms
[2022-03-22T04:08:48.006+0000][51216.500s] GC(28) Eden regions: 42->0(56)
[2022-03-22T04:08:48.006+0000][51216.500s] GC(28) Survivor regions: 6->5(6)
[2022-03-22T04:08:48.006+0000][51216.500s] GC(28) Old regions: 108->112
[2022-03-22T04:08:48.006+0000][51216.500s] GC(28) Humongous regions: 4->4
[2022-03-22T04:08:48.007+0000][51216.501s] GC(28) Metaspace: 56208K->56208K(1099776K)
[2022-03-22T04:08:48.007+0000][51216.501s] GC(28) Pause Young (Normal) (G1 Evacuation Pause) 157M->118M(512M) 23.928ms
[2022-03-22T04:08:48.007+0000][51216.501s] GC(28) User=0.06s Sys=0.00s Real=0.02s
[2022-03-22T04:08:48.559+0000][51217.053s] GC(29) Pause Young (Normal) (GCLocker Initiated GC)
[2022-03-22T04:08:48.560+0000][51217.054s] GC(29) Using 4 workers of 4 for evacuation
[2022-03-22T04:08:48.585+0000][51217.079s] GC(29)   Pre Evacuate Collection Set: 0.0ms
[2022-03-22T04:08:48.585+0000][51217.080s] GC(29)   Evacuate Collection Set: 21.4ms
[2022-03-22T04:08:48.586+0000][51217.081s] GC(29)   Post Evacuate Collection Set: 3.4ms
[2022-03-22T04:08:48.587+0000][51217.081s] GC(29)   Other: 0.9ms
[2022-03-22T04:08:48.589+0000][51217.083s] GC(29) Eden regions: 57->0(75)
[2022-03-22T04:08:48.589+0000][51217.083s] GC(29) Survivor regions: 5->8(8)
[2022-03-22T04:08:48.589+0000][51217.084s] GC(29) Old regions: 112->112
[2022-03-22T04:08:48.590+0000][51217.084s] GC(29) Humongous regions: 4->4
[2022-03-22T04:08:48.590+0000][51217.084s] GC(29) Metaspace: 56221K->56221K(1099776K)
[2022-03-22T04:08:48.591+0000][51217.085s] GC(29) Pause Young (Normal) (GCLocker Initiated GC) 175M->122M(512M) 31.435ms
[2022-03-22T04:08:48.591+0000][51217.085s] GC(29) User=0.05s Sys=0.00s Real=0.03s
[2022-03-22T04:08:49.668+0000][51218.162s] GC(30) Pause Young (Normal) (G1 Evacuation Pause)
[2022-03-22T04:08:49.671+0000][51218.165s] GC(30) Using 4 workers of 4 for evacuation
[2022-03-22T04:08:50.007+0000][51218.501s] GC(30) MMU target violated: 251.0ms (250.0ms/251.0ms)
[2022-03-22T04:08:50.009+0000][51218.504s] GC(30)   Pre Evacuate Collection Set: 0.0ms
[2022-03-22T04:08:50.010+0000][51218.504s] GC(30)   Evacuate Collection Set: 330.2ms
[2022-03-22T04:08:50.011+0000][51218.505s] GC(30)   Post Evacuate Collection Set: 1.9ms
[2022-03-22T04:08:50.011+0000][51218.505s] GC(30)   Other: 9.7ms
[2022-03-22T04:08:50.016+0000][51218.511s] GC(30) Eden regions: 75->0(44)
[2022-03-22T04:08:50.018+0000][51218.513s] GC(30) Survivor regions: 8->11(11)
[2022-03-22T04:08:50.019+0000][51218.513s] GC(30) Old regions: 112->116
[2022-03-22T04:08:50.019+0000][51218.513s] GC(30) Humongous regions: 4->4
[2022-03-22T04:08:50.020+0000][51218.514s] GC(30) Metaspace: 56247K->56247K(1099776K)
[2022-03-22T04:08:50.021+0000][51218.515s] GC(30) Pause Young (Normal) (G1 Evacuation Pause) 197M->128M(512M) 353.261ms
[2022-03-22T04:08:50.024+0000][51218.518s] GC(30) User=0.50s Sys=0.39s Real=0.36s
[2022-03-22T04:08:51.660+0000][51220.154s] GC(31) Pause Young (Normal) (G1 Evacuation Pause)
[2022-03-22T04:08:51.685+0000][51220.179s] GC(31) Using 4 workers of 4 for evacuation
[2022-03-22T04:08:51.999+0000][51220.493s] GC(31) MMU target violated: 251.0ms (250.0ms/251.0ms)
[2022-03-22T04:08:52.016+0000][51220.511s] GC(31)   Pre Evacuate Collection Set: 0.0ms
[2022-03-22T04:08:52.020+0000][51220.514s] GC(31)   Evacuate Collection Set: 296.3ms
[2022-03-22T04:08:52.027+0000][51220.521s] GC(31)   Post Evacuate Collection Set: 3.5ms
[2022-03-22T04:08:52.029+0000][51220.523s] GC(31)   Other: 56.4ms
[2022-03-22T04:08:52.033+0000][51220.527s] GC(31) Eden regions: 44->0(46)
[2022-03-22T04:08:52.047+0000][51220.541s] GC(31) Survivor regions: 11->5(7)
[2022-03-22T04:08:52.052+0000][51220.546s] GC(31) Old regions: 116->127
[2022-03-22T04:08:52.059+0000][51220.553s] GC(31) Humongous regions: 4->4
[2022-03-22T04:08:52.059+0000][51220.553s] GC(31) Metaspace: 56250K->56250K(1099776K)
[2022-03-22T04:08:52.062+0000][51220.557s] GC(31) Pause Young (Normal) (G1 Evacuation Pause) 172M->133M(512M) 402.150ms
[2022-03-22T04:08:52.064+0000][51220.558s] GC(31) User=0.63s Sys=0.23s Real=0.41s
[2022-03-22T04:08:53.380+0000][51221.874s] GC(32) Pause Young (Normal) (G1 Evacuation Pause)
[2022-03-22T04:08:53.396+0000][51221.890s] GC(32) Using 4 workers of 4 for evacuation
[2022-03-22T04:08:53.537+0000][51222.031s] GC(32)   Pre Evacuate Collection Set: 0.1ms
[2022-03-22T04:08:53.539+0000][51222.033s] GC(32)   Evacuate Collection Set: 116.7ms
[2022-03-22T04:08:53.548+0000][51222.042s] GC(32)   Post Evacuate Collection Set: 8.2ms
[2022-03-22T04:08:53.557+0000][51222.052s] GC(32)   Other: 31.8ms
[2022-03-22T04:08:53.567+0000][51222.061s] GC(32) Eden regions: 46->0(52)
[2022-03-22T04:08:53.570+0000][51222.064s] GC(32) Survivor regions: 5->4(7)
[2022-03-22T04:08:53.571+0000][51222.065s] GC(32) Old regions: 127->130
[2022-03-22T04:08:53.576+0000][51222.070s] GC(32) Humongous regions: 4->4
[2022-03-22T04:08:53.577+0000][51222.072s] GC(32) Metaspace: 56250K->56250K(1099776K)
[2022-03-22T04:08:53.595+0000][51222.089s] GC(32) Pause Young (Normal) (G1 Evacuation Pause) 179M->136M(512M) 214.768ms
[2022-03-22T04:08:53.602+0000][51222.096s] GC(32) User=0.27s Sys=0.11s Real=0.23s
[2022-03-22T04:08:54.424+0000][51222.918s] GC(33) Pause Young (Normal) (G1 Evacuation Pause)
[2022-03-22T04:08:54.424+0000][51222.918s] GC(33) Using 4 workers of 4 for evacuation
[2022-03-22T04:08:54.541+0000][51223.035s] GC(33)   Pre Evacuate Collection Set: 0.0ms
[2022-03-22T04:08:54.573+0000][51223.067s] GC(33)   Evacuate Collection Set: 81.2ms
[2022-03-22T04:08:54.584+0000][51223.078s] GC(33)   Post Evacuate Collection Set: 34.3ms
[2022-03-22T04:08:54.598+0000][51223.092s] GC(33)   Other: 1.5ms
[2022-03-22T04:08:54.602+0000][51223.096s] GC(33) Eden regions: 52->0(58)
[2022-03-22T04:08:54.614+0000][51223.108s] GC(33) Survivor regions: 4->5(7)
[2022-03-22T04:08:54.620+0000][51223.115s] GC(33) Old regions: 130->133
[2022-03-22T04:08:54.625+0000][51223.119s] GC(33) Humongous regions: 4->4
[2022-03-22T04:08:54.627+0000][51223.121s] GC(33) Metaspace: 56258K->56258K(1099776K)
[2022-03-22T04:08:54.632+0000][51223.127s] GC(33) Pause Young (Normal) (G1 Evacuation Pause) 188M->139M(512M) 208.740ms
[2022-03-22T04:08:54.640+0000][51223.134s] GC(33) User=0.32s Sys=0.09s Real=0.21s
[2022-03-22T04:08:55.759+0000][51224.253s] GC(34) Pause Young (Normal) (G1 Evacuation Pause)
[2022-03-22T04:08:55.765+0000][51224.259s] GC(34) Using 4 workers of 4 for evacuation
[2022-03-22T04:08:55.814+0000][51224.308s] GC(34)   Pre Evacuate Collection Set: 0.0ms
[2022-03-22T04:08:55.815+0000][51224.309s] GC(34)   Evacuate Collection Set: 44.3ms
[2022-03-22T04:08:55.815+0000][51224.309s] GC(34)   Post Evacuate Collection Set: 2.1ms
[2022-03-22T04:08:55.816+0000][51224.310s] GC(34)   Other: 9.4ms
[2022-03-22T04:08:55.816+0000][51224.310s] GC(34) Eden regions: 58->0(67)
[2022-03-22T04:08:55.816+0000][51224.310s] GC(34) Survivor regions: 5->8(8)
[2022-03-22T04:08:55.817+0000][51224.311s] GC(34) Old regions: 133->135
[2022-03-22T04:08:55.817+0000][51224.312s] GC(34) Humongous regions: 4->4
[2022-03-22T04:08:55.818+0000][51224.312s] GC(34) Metaspace: 56279K->56279K(1099776K)
[2022-03-22T04:08:55.818+0000][51224.312s] GC(34) Pause Young (Normal) (G1 Evacuation Pause) 197M->145M(512M) 59.441ms
[2022-03-22T04:08:55.819+0000][51224.313s] GC(34) User=0.10s Sys=0.01s Real=0.06s
[2022-03-22T04:08:57.918+0000][51226.412s] GC(35) Pause Young (Normal) (G1 Evacuation Pause)
[2022-03-22T04:08:57.918+0000][51226.413s] GC(35) Using 4 workers of 4 for evacuation
[2022-03-22T04:08:58.143+0000][51226.637s] GC(35)   Pre Evacuate Collection Set: 0.3ms
[2022-03-22T04:08:58.154+0000][51226.648s] GC(35)   Evacuate Collection Set: 211.0ms
[2022-03-22T04:08:58.155+0000][51226.649s] GC(35)   Post Evacuate Collection Set: 11.1ms
[2022-03-22T04:08:58.156+0000][51226.650s] GC(35)   Other: 3.1ms
[2022-03-22T04:08:58.168+0000][51226.662s] GC(35) Eden regions: 67->0(68)
[2022-03-22T04:08:58.169+0000][51226.663s] GC(35) Survivor regions: 8->9(10)
[2022-03-22T04:08:58.169+0000][51226.663s] GC(35) Old regions: 135->139
[2022-03-22T04:08:58.170+0000][51226.664s] GC(35) Humongous regions: 4->4
[2022-03-22T04:08:58.170+0000][51226.664s] GC(35) Metaspace: 56280K->56280K(1099776K)
[2022-03-22T04:08:58.170+0000][51226.665s] GC(35) Pause Young (Normal) (G1 Evacuation Pause) 212M->149M(512M) 252.654ms
[2022-03-22T04:08:58.171+0000][51226.665s] GC(35) User=0.35s Sys=0.11s Real=0.25s
[2022-03-22T04:08:59.440+0000][51227.934s] GC(36) Pause Young (Normal) (G1 Evacuation Pause)
[2022-03-22T04:08:59.440+0000][51227.934s] GC(36) Using 4 workers of 4 for evacuation
[2022-03-22T04:08:59.502+0000][51227.997s] GC(36)   Pre Evacuate Collection Set: 0.0ms
[2022-03-22T04:08:59.503+0000][51227.997s] GC(36)   Evacuate Collection Set: 52.5ms
[2022-03-22T04:08:59.503+0000][51227.998s] GC(36)   Post Evacuate Collection Set: 9.1ms
[2022-03-22T04:08:59.504+0000][51227.998s] GC(36)   Other: 0.9ms
[2022-03-22T04:08:59.505+0000][51227.999s] GC(36) Eden regions: 68->0(76)
[2022-03-22T04:08:59.506+0000][51228.000s] GC(36) Survivor regions: 9->10(10)
[2022-03-22T04:08:59.506+0000][51228.000s] GC(36) Old regions: 139->143
[2022-03-22T04:08:59.506+0000][51228.001s] GC(36) Humongous regions: 4->4
[2022-03-22T04:08:59.507+0000][51228.001s] GC(36) Metaspace: 56288K->56288K(1099776K)
[2022-03-22T04:08:59.507+0000][51228.001s] GC(36) Pause Young (Normal) (G1 Evacuation Pause) 217M->155M(512M) 67.059ms
[2022-03-22T04:08:59.507+0000][51228.001s] GC(36) User=0.12s Sys=0.00s Real=0.07s
[2022-03-22T04:09:00.104+0000][51228.598s] GC(37) Pause Young (Normal) (G1 Evacuation Pause)
[2022-03-22T04:09:00.105+0000][51228.600s] GC(37) Using 4 workers of 4 for evacuation
[2022-03-22T04:09:00.166+0000][51228.660s] GC(37)   Pre Evacuate Collection Set: 0.0ms
[2022-03-22T04:09:00.166+0000][51228.660s] GC(37)   Evacuate Collection Set: 57.8ms
[2022-03-22T04:09:00.167+0000][51228.661s] GC(37)   Post Evacuate Collection Set: 1.1ms
[2022-03-22T04:09:00.167+0000][51228.661s] GC(37)   Other: 2.9ms
[2022-03-22T04:09:00.167+0000][51228.661s] GC(37) Eden regions: 76->0(89)
[2022-03-22T04:09:00.167+0000][51228.661s] GC(37) Survivor regions: 10->11(11)
[2022-03-22T04:09:00.167+0000][51228.661s] GC(37) Old regions: 143->147
[2022-03-22T04:09:00.168+0000][51228.662s] GC(37) Humongous regions: 4->4
[2022-03-22T04:09:00.168+0000][51228.662s] GC(37) Metaspace: 56324K->56324K(1099776K)
[2022-03-22T04:09:00.168+0000][51228.662s] GC(37) Pause Young (Normal) (G1 Evacuation Pause) 231M->159M(512M) 63.761ms
[2022-03-22T04:09:00.168+0000][51228.662s] GC(37) User=0.21s Sys=0.00s Real=0.06s
[2022-03-22T04:09:00.889+0000][51229.384s] GC(38) Pause Young (Normal) (G1 Evacuation Pause)
[2022-03-22T04:09:00.890+0000][51229.384s] GC(38) Using 4 workers of 4 for evacuation
[2022-03-22T04:09:00.965+0000][51229.459s] GC(38)   Pre Evacuate Collection Set: 0.0ms
[2022-03-22T04:09:00.965+0000][51229.459s] GC(38)   Evacuate Collection Set: 73.6ms
[2022-03-22T04:09:00.965+0000][51229.459s] GC(38)   Post Evacuate Collection Set: 1.0ms
[2022-03-22T04:09:00.966+0000][51229.460s] GC(38)   Other: 0.8ms
[2022-03-22T04:09:00.966+0000][51229.460s] GC(38) Eden regions: 89->0(103)
[2022-03-22T04:09:00.966+0000][51229.460s] GC(38) Survivor regions: 11->12(13)
[2022-03-22T04:09:00.966+0000][51229.460s] GC(38) Old regions: 147->151
[2022-03-22T04:09:00.966+0000][51229.461s] GC(38) Humongous regions: 4->4
[2022-03-22T04:09:00.967+0000][51229.461s] GC(38) Metaspace: 56349K->56349K(1099776K)
[2022-03-22T04:09:00.967+0000][51229.461s] GC(38) Pause Young (Normal) (G1 Evacuation Pause) 248M->165M(512M) 77.531ms
[2022-03-22T04:09:00.967+0000][51229.461s] GC(38) User=0.29s Sys=0.00s Real=0.08s
[2022-03-22T04:12:28.924+0000][51437.418s] GC(39) Pause Young (Normal) (G1 Evacuation Pause)
[2022-03-22T04:12:28.925+0000][51437.419s] GC(39) Using 4 workers of 4 for evacuation
[2022-03-22T04:12:29.012+0000][51437.506s] GC(39)   Pre Evacuate Collection Set: 0.0ms
[2022-03-22T04:12:29.012+0000][51437.506s] GC(39)   Evacuate Collection Set: 85.5ms
[2022-03-22T04:12:29.013+0000][51437.507s] GC(39)   Post Evacuate Collection Set: 1.2ms
[2022-03-22T04:12:29.013+0000][51437.507s] GC(39)   Other: 1.3ms
[2022-03-22T04:12:29.013+0000][51437.507s] GC(39) Eden regions: 103->0(120)
[2022-03-22T04:12:29.013+0000][51437.507s] GC(39) Survivor regions: 12->13(15)
[2022-03-22T04:12:29.014+0000][51437.508s] GC(39) Old regions: 151->156
[2022-03-22T04:12:29.014+0000][51437.508s] GC(39) Humongous regions: 4->4
[2022-03-22T04:12:29.014+0000][51437.508s] GC(39) Metaspace: 56609K->56609K(1101824K)
[2022-03-22T04:12:29.014+0000][51437.508s] GC(39) Pause Young (Normal) (G1 Evacuation Pause) 268M->171M(512M) 90.136ms
[2022-03-22T04:12:29.014+0000][51437.508s] GC(39) User=0.32s Sys=0.02s Real=0.09s
[2022-03-22T04:33:55.568+0000][52724.062s] GC(40) Pause Young (Normal) (G1 Evacuation Pause)
[2022-03-22T04:33:55.569+0000][52724.063s] GC(40) Using 4 workers of 4 for evacuation
[2022-03-22T04:33:55.810+0000][52724.305s] GC(40)   Pre Evacuate Collection Set: 0.1ms
[2022-03-22T04:33:55.817+0000][52724.312s] GC(40)   Evacuate Collection Set: 220.6ms
[2022-03-22T04:33:55.825+0000][52724.320s] GC(40)   Post Evacuate Collection Set: 20.2ms
[2022-03-22T04:33:55.827+0000][52724.321s] GC(40)   Other: 1.6ms
[2022-03-22T04:33:55.828+0000][52724.322s] GC(40) Eden regions: 120->0(102)
[2022-03-22T04:33:55.829+0000][52724.323s] GC(40) Survivor regions: 13->13(17)
[2022-03-22T04:33:55.839+0000][52724.333s] GC(40) Old regions: 156->162
[2022-03-22T04:33:55.840+0000][52724.334s] GC(40) Humongous regions: 4->4
[2022-03-22T04:33:55.840+0000][52724.334s] GC(40) Metaspace: 57110K->57110K(1101824K)
[2022-03-22T04:33:55.841+0000][52724.335s] GC(40) Pause Young (Normal) (G1 Evacuation Pause) 291M->177M(512M) 272.454ms
[2022-03-22T04:33:55.844+0000][52724.338s] GC(40) User=0.42s Sys=0.14s Real=0.28s
[2022-03-22T04:34:00.098+0000][52728.592s] GC(41) Pause Young (Normal) (G1 Evacuation Pause)
[2022-03-22T04:34:00.099+0000][52728.593s] GC(41) Using 4 workers of 4 for evacuation
[2022-03-22T04:34:00.296+0000][52728.790s] GC(41)   Pre Evacuate Collection Set: 0.1ms
[2022-03-22T04:34:00.297+0000][52728.791s] GC(41)   Evacuate Collection Set: 155.4ms
[2022-03-22T04:34:00.298+0000][52728.792s] GC(41)   Post Evacuate Collection Set: 29.3ms
[2022-03-22T04:34:00.298+0000][52728.793s] GC(41)   Other: 13.0ms
[2022-03-22T04:34:00.299+0000][52728.793s] GC(41) Eden regions: 102->0(104)
[2022-03-22T04:34:00.299+0000][52728.794s] GC(41) Survivor regions: 13->15(15)
[2022-03-22T04:34:00.300+0000][52728.794s] GC(41) Old regions: 162->168
[2022-03-22T04:34:00.300+0000][52728.794s] GC(41) Humongous regions: 4->4
[2022-03-22T04:34:00.301+0000][52728.795s] GC(41) Metaspace: 57143K->57143K(1101824K)
[2022-03-22T04:34:00.301+0000][52728.795s] GC(41) Pause Young (Normal) (G1 Evacuation Pause) 279M->185M(512M) 203.037ms
[2022-03-22T04:34:00.302+0000][52728.796s] GC(41) User=0.20s Sys=0.09s Real=0.20s
[2022-03-22T04:34:02.914+0000][52731.408s] GC(42) Pause Young (Normal) (G1 Evacuation Pause)
[2022-03-22T04:34:02.915+0000][52731.409s] GC(42) Using 4 workers of 4 for evacuation
[2022-03-22T04:34:03.049+0000][52731.543s] GC(42)   Pre Evacuate Collection Set: 0.0ms
[2022-03-22T04:34:03.049+0000][52731.544s] GC(42)   Evacuate Collection Set: 130.3ms
[2022-03-22T04:34:03.050+0000][52731.544s] GC(42)   Post Evacuate Collection Set: 1.3ms
[2022-03-22T04:34:03.051+0000][52731.545s] GC(42)   Other: 3.9ms
[2022-03-22T04:34:03.051+0000][52731.545s] GC(42) Eden regions: 104->0(120)
[2022-03-22T04:34:03.052+0000][52731.546s] GC(42) Survivor regions: 15->8(15)
[2022-03-22T04:34:03.052+0000][52731.546s] GC(42) Old regions: 168->181
[2022-03-22T04:34:03.052+0000][52731.546s] GC(42) Humongous regions: 4->4
[2022-03-22T04:34:03.053+0000][52731.547s] GC(42) Metaspace: 57174K->57174K(1101824K)
[2022-03-22T04:34:03.053+0000][52731.547s] GC(42) Pause Young (Normal) (G1 Evacuation Pause) 289M->191M(512M) 139.478ms
[2022-03-22T04:34:03.054+0000][52731.548s] GC(42) User=0.21s Sys=0.02s Real=0.14s
[2022-03-22T04:34:05.896+0000][52734.391s] GC(43) Pause Young (Normal) (G1 Evacuation Pause)
[2022-03-22T04:34:05.897+0000][52734.391s] GC(43) Using 4 workers of 4 for evacuation
[2022-03-22T04:34:05.941+0000][52734.435s] GC(43)   Pre Evacuate Collection Set: 0.0ms
[2022-03-22T04:34:05.942+0000][52734.436s] GC(43)   Evacuate Collection Set: 32.7ms
[2022-03-22T04:34:05.942+0000][52734.436s] GC(43)   Post Evacuate Collection Set: 11.0ms
[2022-03-22T04:34:05.942+0000][52734.436s] GC(43)   Other: 1.1ms
[2022-03-22T04:34:05.943+0000][52734.437s] GC(43) Eden regions: 120->0(133)
[2022-03-22T04:34:05.943+0000][52734.437s] GC(43) Survivor regions: 8->15(16)
[2022-03-22T04:34:05.943+0000][52734.437s] GC(43) Old regions: 181->181
[2022-03-22T04:34:05.944+0000][52734.438s] GC(43) Humongous regions: 4->4
[2022-03-22T04:34:05.944+0000][52734.438s] GC(43) Metaspace: 57220K->57220K(1101824K)
[2022-03-22T04:34:05.945+0000][52734.439s] GC(43) Pause Young (Normal) (G1 Evacuation Pause) 311M->198M(512M) 48.214ms
[2022-03-22T04:34:05.945+0000][52734.439s] GC(43) User=0.12s Sys=0.02s Real=0.05s
[2022-03-22T04:34:08.505+0000][52736.999s] GC(44) Pause Young (Normal) (G1 Evacuation Pause)
[2022-03-22T04:34:08.507+0000][52737.001s] GC(44) Using 4 workers of 4 for evacuation
[2022-03-22T04:34:08.762+0000][52737.256s] GC(44) MMU target violated: 251.0ms (250.0ms/251.0ms)
[2022-03-22T04:34:08.765+0000][52737.260s] GC(44)   Pre Evacuate Collection Set: 0.0ms
[2022-03-22T04:34:08.766+0000][52737.260s] GC(44)   Evacuate Collection Set: 241.8ms
[2022-03-22T04:34:08.766+0000][52737.261s] GC(44)   Post Evacuate Collection Set: 10.5ms
[2022-03-22T04:34:08.767+0000][52737.261s] GC(44)   Other: 8.5ms
[2022-03-22T04:34:08.768+0000][52737.262s] GC(44) Eden regions: 133->0(119)
[2022-03-22T04:34:08.768+0000][52737.262s] GC(44) Survivor regions: 15->17(19)
[2022-03-22T04:34:08.768+0000][52737.263s] GC(44) Old regions: 181->186
[2022-03-22T04:34:08.769+0000][52737.263s] GC(44) Humongous regions: 4->4
[2022-03-22T04:34:08.769+0000][52737.263s] GC(44) Metaspace: 57330K->57330K(1101824K)
[2022-03-22T04:34:08.769+0000][52737.263s] GC(44) Pause Young (Normal) (G1 Evacuation Pause) 331M->205M(512M) 264.679ms
[2022-03-22T04:34:08.770+0000][52737.264s] GC(44) User=0.36s Sys=0.06s Real=0.26s
[2022-03-22T04:34:10.440+0000][52738.934s] GC(45) Pause Young (Normal) (G1 Evacuation Pause)
[2022-03-22T04:34:10.441+0000][52738.935s] GC(45) Using 4 workers of 4 for evacuation
[2022-03-22T04:34:10.647+0000][52739.141s] GC(45)   Pre Evacuate Collection Set: 0.1ms
[2022-03-22T04:34:10.648+0000][52739.142s] GC(45)   Evacuate Collection Set: 196.8ms
[2022-03-22T04:34:10.648+0000][52739.143s] GC(45)   Post Evacuate Collection Set: 6.9ms
[2022-03-22T04:34:10.649+0000][52739.143s] GC(45)   Other: 0.9ms
[2022-03-22T04:34:10.649+0000][52739.143s] GC(45) Eden regions: 119->0(131)
[2022-03-22T04:34:10.650+0000][52739.144s] GC(45) Survivor regions: 17->9(17)
[2022-03-22T04:34:10.650+0000][52739.145s] GC(45) Old regions: 186->200
[2022-03-22T04:34:10.651+0000][52739.145s] GC(45) Humongous regions: 4->4
[2022-03-22T04:34:10.651+0000][52739.145s] GC(45) Metaspace: 57349K->57349K(1101824K)
[2022-03-22T04:34:10.651+0000][52739.145s] GC(45) Pause Young (Normal) (G1 Evacuation Pause) 324M->211M(512M) 210.881ms
[2022-03-22T04:34:10.654+0000][52739.148s] GC(45) User=0.27s Sys=0.00s Real=0.22s
[2022-03-22T04:34:12.906+0000][52741.401s] GC(46) Pause Young (Normal) (G1 Evacuation Pause)
[2022-03-22T04:34:12.908+0000][52741.402s] GC(46) Using 4 workers of 4 for evacuation
[2022-03-22T04:34:12.963+0000][52741.457s] GC(46)   Pre Evacuate Collection Set: 0.0ms
[2022-03-22T04:34:12.963+0000][52741.458s] GC(46)   Evacuate Collection Set: 53.7ms
[2022-03-22T04:34:12.964+0000][52741.458s] GC(46)   Post Evacuate Collection Set: 1.1ms
[2022-03-22T04:34:12.964+0000][52741.458s] GC(46)   Other: 1.9ms
[2022-03-22T04:34:12.965+0000][52741.459s] GC(46) Eden regions: 131->0(142)
[2022-03-22T04:34:12.965+0000][52741.459s] GC(46) Survivor regions: 9->16(18)
[2022-03-22T04:34:12.965+0000][52741.459s] GC(46) Old regions: 200->200
[2022-03-22T04:34:12.966+0000][52741.460s] GC(46) Humongous regions: 4->4
[2022-03-22T04:34:12.966+0000][52741.460s] GC(46) Metaspace: 57367K->57367K(1101824K)
[2022-03-22T04:34:12.967+0000][52741.461s] GC(46) Pause Young (Normal) (G1 Evacuation Pause) 342M->218M(512M) 60.377ms
[2022-03-22T04:34:12.967+0000][52741.461s] GC(46) User=0.08s Sys=0.01s Real=0.06s
[2022-03-22T04:34:14.453+0000][52742.948s] GC(47) Pause Young (Normal) (G1 Evacuation Pause)
[2022-03-22T04:34:14.454+0000][52742.948s] GC(47) Using 4 workers of 4 for evacuation
[2022-03-22T04:34:14.680+0000][52743.174s] GC(47)   Pre Evacuate Collection Set: 0.0ms
[2022-03-22T04:34:14.681+0000][52743.175s] GC(47)   Evacuate Collection Set: 221.9ms
[2022-03-22T04:34:14.682+0000][52743.176s] GC(47)   Post Evacuate Collection Set: 3.0ms
[2022-03-22T04:34:14.683+0000][52743.177s] GC(47)   Other: 1.9ms
[2022-03-22T04:34:14.684+0000][52743.178s] GC(47) Eden regions: 142->0(136)
[2022-03-22T04:34:14.686+0000][52743.180s] GC(47) Survivor regions: 16->18(20)
[2022-03-22T04:34:14.686+0000][52743.181s] GC(47) Old regions: 200->206
[2022-03-22T04:34:14.687+0000][52743.181s] GC(47) Humongous regions: 4->4
[2022-03-22T04:34:14.688+0000][52743.182s] GC(47) Metaspace: 57387K->57387K(1101824K)
[2022-03-22T04:34:14.688+0000][52743.182s] GC(47) Pause Young (Normal) (G1 Evacuation Pause) 360M->226M(512M) 234.425ms
[2022-03-22T04:34:14.690+0000][52743.184s] GC(47) User=0.31s Sys=0.05s Real=0.23s
[2022-03-22T04:34:16.847+0000][52745.341s] GC(48) Pause Young (Normal) (G1 Evacuation Pause)
[2022-03-22T04:34:16.848+0000][52745.342s] GC(48) Using 4 workers of 4 for evacuation
[2022-03-22T04:34:16.945+0000][52745.439s] GC(48)   Pre Evacuate Collection Set: 0.0ms
[2022-03-22T04:34:16.945+0000][52745.439s] GC(48)   Evacuate Collection Set: 90.0ms
[2022-03-22T04:34:16.945+0000][52745.439s] GC(48)   Post Evacuate Collection Set: 6.2ms
[2022-03-22T04:34:16.946+0000][52745.440s] GC(48)   Other: 1.1ms
[2022-03-22T04:34:16.947+0000][52745.441s] GC(48) Eden regions: 136->0(150)
[2022-03-22T04:34:16.947+0000][52745.441s] GC(48) Survivor regions: 18->16(20)
[2022-03-22T04:34:16.947+0000][52745.441s] GC(48) Old regions: 206->214
[2022-03-22T04:34:16.947+0000][52745.441s] GC(48) Humongous regions: 4->4
[2022-03-22T04:34:16.947+0000][52745.442s] GC(48) Metaspace: 57420K->57420K(1101824K)
[2022-03-22T04:34:16.948+0000][52745.442s] GC(48) Pause Young (Normal) (G1 Evacuation Pause) 362M->231M(512M) 100.540ms
[2022-03-22T04:34:16.950+0000][52745.444s] GC(48) User=0.18s Sys=0.02s Real=0.10s
[2022-03-22T04:34:19.025+0000][52747.519s] GC(49) Pause Young (Normal) (G1 Evacuation Pause)
[2022-03-22T04:34:19.029+0000][52747.524s] GC(49) Using 4 workers of 4 for evacuation
[2022-03-22T04:34:19.257+0000][52747.751s] GC(49)   Pre Evacuate Collection Set: 0.0ms
[2022-03-22T04:34:19.257+0000][52747.751s] GC(49)   Evacuate Collection Set: 223.9ms
[2022-03-22T04:34:19.257+0000][52747.752s] GC(49)   Post Evacuate Collection Set: 1.9ms
[2022-03-22T04:34:19.258+0000][52747.752s] GC(49)   Other: 6.2ms
[2022-03-22T04:34:19.258+0000][52747.752s] GC(49) Eden regions: 150->0(143)
[2022-03-22T04:34:19.258+0000][52747.752s] GC(49) Survivor regions: 16->17(21)
[2022-03-22T04:34:19.259+0000][52747.753s] GC(49) Old regions: 214->221
[2022-03-22T04:34:19.259+0000][52747.753s] GC(49) Humongous regions: 4->4
[2022-03-22T04:34:19.265+0000][52747.759s] GC(49) Metaspace: 57465K->57465K(1101824K)
[2022-03-22T04:34:19.265+0000][52747.759s] GC(49) Pause Young (Normal) (G1 Evacuation Pause) 381M->240M(512M) 240.701ms
[2022-03-22T04:34:19.266+0000][52747.760s] GC(49) User=0.32s Sys=0.01s Real=0.24s
[2022-03-22T04:34:21.213+0000][52749.707s] GC(50) Pause Young (Normal) (G1 Evacuation Pause)
[2022-03-22T04:34:21.213+0000][52749.707s] GC(50) Using 4 workers of 4 for evacuation
[2022-03-22T04:34:21.300+0000][52749.794s] GC(50)   Pre Evacuate Collection Set: 0.0ms
[2022-03-22T04:34:21.301+0000][52749.795s] GC(50)   Evacuate Collection Set: 82.5ms
[2022-03-22T04:34:21.302+0000][52749.796s] GC(50)   Post Evacuate Collection Set: 3.2ms
[2022-03-22T04:34:21.302+0000][52749.797s] GC(50)   Other: 1.8ms
[2022-03-22T04:34:21.303+0000][52749.797s] GC(50) Eden regions: 143->0(155)
[2022-03-22T04:34:21.304+0000][52749.798s] GC(50) Survivor regions: 17->19(20)
[2022-03-22T04:34:21.304+0000][52749.799s] GC(50) Old regions: 221->229
[2022-03-22T04:34:21.305+0000][52749.799s] GC(50) Humongous regions: 4->4
[2022-03-22T04:34:21.305+0000][52749.799s] GC(50) Metaspace: 57510K->57510K(1101824K)
[2022-03-22T04:34:21.305+0000][52749.800s] GC(50) Pause Young (Normal) (G1 Evacuation Pause) 383M->249M(512M) 92.637ms
[2022-03-22T04:34:21.306+0000][52749.800s] GC(50) User=0.17s Sys=0.01s Real=0.09s
[2022-03-22T04:37:22.020+0000][52930.514s] GC(51) Pause Young (Concurrent Start) (G1 Evacuation Pause)
[2022-03-22T04:37:22.021+0000][52930.515s] GC(51) Using 4 workers of 4 for evacuation
[2022-03-22T04:37:22.154+0000][52930.649s] GC(51)   Pre Evacuate Collection Set: 10.8ms
[2022-03-22T04:37:22.155+0000][52930.649s] GC(51)   Evacuate Collection Set: 104.1ms
[2022-03-22T04:37:22.155+0000][52930.649s] GC(51)   Post Evacuate Collection Set: 1.3ms
[2022-03-22T04:37:22.155+0000][52930.650s] GC(51)   Other: 18.2ms
[2022-03-22T04:37:22.156+0000][52930.650s] GC(51) Eden regions: 155->0(156)
[2022-03-22T04:37:22.156+0000][52930.650s] GC(51) Survivor regions: 19->17(22)
[2022-03-22T04:37:22.156+0000][52930.650s] GC(51) Old regions: 229->237
[2022-03-22T04:37:22.157+0000][52930.651s] GC(51) Humongous regions: 4->4
[2022-03-22T04:37:22.157+0000][52930.651s] GC(51) Metaspace: 57554K->57554K(1101824K)
[2022-03-22T04:37:22.158+0000][52930.652s] GC(51) Pause Young (Concurrent Start) (G1 Evacuation Pause) 404M->256M(512M) 137.915ms
[2022-03-22T04:37:22.158+0000][52930.653s] GC(51) User=0.39s Sys=0.00s Real=0.14s
[2022-03-22T04:37:22.160+0000][52930.654s] GC(52) Concurrent Cycle
[2022-03-22T04:37:22.160+0000][52930.655s] GC(52) Concurrent Clear Claimed Marks
[2022-03-22T04:37:22.161+0000][52930.655s] GC(52) Concurrent Clear Claimed Marks 0.364ms
[2022-03-22T04:37:22.161+0000][52930.655s] GC(52) Concurrent Scan Root Regions
[2022-03-22T04:37:22.207+0000][52930.702s] GC(52) Concurrent Scan Root Regions 46.126ms
[2022-03-22T04:37:22.208+0000][52930.702s] GC(52) Concurrent Mark (52930.702s)
[2022-03-22T04:37:22.208+0000][52930.702s] GC(52) Concurrent Mark From Roots
[2022-03-22T04:37:22.208+0000][52930.703s] GC(52) Using 1 workers of 1 for marking
[2022-03-22T04:37:23.077+0000][52931.571s] GC(52) Concurrent Mark From Roots 869.407ms
[2022-03-22T04:37:23.078+0000][52931.572s] GC(52) Concurrent Preclean
[2022-03-22T04:37:23.078+0000][52931.572s] GC(52) Concurrent Preclean 0.555ms
[2022-03-22T04:37:23.078+0000][52931.572s] GC(52) Concurrent Mark (52930.702s, 52931.572s) 870.655ms
[2022-03-22T04:37:23.079+0000][52931.573s] GC(52) Pause Remark
[2022-03-22T04:37:23.754+0000][52932.249s] GC(52) Cleaned string and symbol table, strings: 30411 processed, 442 removed, symbols: 145678 processed, 583 removed
[2022-03-22T04:37:23.758+0000][52932.252s] GC(52) MMU target violated: 251.0ms (250.0ms/251.0ms)
[2022-03-22T04:37:23.758+0000][52932.252s] GC(52) Pause Remark 256M->256M(512M) 679.294ms
[2022-03-22T04:37:23.758+0000][52932.253s] GC(52) User=2.56s Sys=0.00s Real=0.68s
[2022-03-22T04:37:23.759+0000][52932.253s] GC(52) Concurrent Rebuild Remembered Sets
[2022-03-22T04:37:24.577+0000][52933.071s] GC(52) Concurrent Rebuild Remembered Sets 818.336ms
[2022-03-22T04:37:24.578+0000][52933.072s] GC(52) Pause Cleanup
[2022-03-22T04:37:24.579+0000][52933.073s] GC(52) Pause Cleanup 256M->256M(512M) 0.785ms
[2022-03-22T04:37:24.579+0000][52933.073s] GC(52) User=0.00s Sys=0.00s Real=0.00s
[2022-03-22T04:37:24.579+0000][52933.073s] GC(52) Concurrent Cleanup for Next Mark
[2022-03-22T04:37:24.643+0000][52933.137s] GC(52) Concurrent Cleanup for Next Mark 63.593ms
[2022-03-22T04:37:24.643+0000][52933.138s] GC(52) Concurrent Cycle 2483.622ms
[2022-03-22T05:55:23.973+0000][57612.467s] GC(53) Pause Young (Prepare Mixed) (G1 Evacuation Pause)
[2022-03-22T05:55:23.975+0000][57612.469s] GC(53) Using 4 workers of 4 for evacuation
[2022-03-22T05:55:24.261+0000][57612.756s] GC(53) MMU target violated: 251.0ms (250.0ms/251.0ms)
[2022-03-22T05:55:24.262+0000][57612.756s] GC(53)   Pre Evacuate Collection Set: 6.0ms
[2022-03-22T05:55:24.262+0000][57612.756s] GC(53)   Evacuate Collection Set: 236.5ms
[2022-03-22T05:55:24.263+0000][57612.757s] GC(53)   Post Evacuate Collection Set: 35.2ms
[2022-03-22T05:55:24.263+0000][57612.757s] GC(53)   Other: 13.9ms
[2022-03-22T05:55:24.263+0000][57612.757s] GC(53) Eden regions: 156->0(14)
[2022-03-22T05:55:24.264+0000][57612.758s] GC(53) Survivor regions: 17->11(22)
[2022-03-22T05:55:24.264+0000][57612.758s] GC(53) Old regions: 237->245
[2022-03-22T05:55:24.264+0000][57612.758s] GC(53) Humongous regions: 4->4
[2022-03-22T05:55:24.264+0000][57612.759s] GC(53) Metaspace: 59277K->59277K(1103872K)
[2022-03-22T05:55:24.265+0000][57612.759s] GC(53) Pause Young (Prepare Mixed) (G1 Evacuation Pause) 412M->258M(512M) 293.029ms
[2022-03-22T05:55:24.266+0000][57612.760s] GC(53) User=1.08s Sys=0.00s Real=0.29s
[2022-03-22T05:58:10.684+0000][57779.178s] GC(54) Pause Young (Mixed) (G1 Evacuation Pause)
[2022-03-22T05:58:10.686+0000][57779.180s] GC(54) Using 4 workers of 4 for evacuation
[2022-03-22T05:58:11.112+0000][57779.606s] GC(54) MMU target violated: 251.0ms (250.0ms/251.0ms)
[2022-03-22T05:58:11.116+0000][57779.610s] GC(54)   Pre Evacuate Collection Set: 10.8ms
[2022-03-22T05:58:11.116+0000][57779.610s] GC(54)   Evacuate Collection Set: 408.8ms
[2022-03-22T05:58:11.117+0000][57779.611s] GC(54)   Post Evacuate Collection Set: 5.3ms
[2022-03-22T05:58:11.117+0000][57779.611s] GC(54)   Other: 7.4ms
[2022-03-22T05:58:11.117+0000][57779.611s] GC(54) Eden regions: 14->0(159)
[2022-03-22T05:58:11.118+0000][57779.612s] GC(54) Survivor regions: 11->3(4)
[2022-03-22T05:58:11.118+0000][57779.612s] GC(54) Old regions: 245->233
[2022-03-22T05:58:11.118+0000][57779.612s] GC(54) Humongous regions: 4->4
[2022-03-22T05:58:11.118+0000][57779.613s] GC(54) Metaspace: 59286K->59286K(1103872K)
[2022-03-22T05:58:11.119+0000][57779.613s] GC(54) Pause Young (Mixed) (G1 Evacuation Pause) 272M->238M(512M) 435.088ms
[2022-03-22T05:58:11.119+0000][57779.613s] GC(54) User=0.79s Sys=0.18s Real=0.43s
[2022-03-22T05:58:18.879+0000][57787.373s] GC(55) Pause Young (Concurrent Start) (G1 Evacuation Pause)
[2022-03-22T05:58:18.880+0000][57787.374s] GC(55) Using 4 workers of 4 for evacuation
[2022-03-22T05:58:19.133+0000][57787.627s] GC(55) MMU target violated: 251.0ms (250.0ms/251.0ms)
[2022-03-22T05:58:19.133+0000][57787.628s] GC(55)   Pre Evacuate Collection Set: 0.2ms
[2022-03-22T05:58:19.134+0000][57787.628s] GC(55)   Evacuate Collection Set: 231.1ms
[2022-03-22T05:58:19.135+0000][57787.629s] GC(55)   Post Evacuate Collection Set: 16.2ms
[2022-03-22T05:58:19.135+0000][57787.629s] GC(55)   Other: 7.1ms
[2022-03-22T05:58:19.135+0000][57787.629s] GC(55) Eden regions: 159->0(95)
[2022-03-22T05:58:19.135+0000][57787.630s] GC(55) Survivor regions: 3->11(21)
[2022-03-22T05:58:19.136+0000][57787.630s] GC(55) Old regions: 233->233
[2022-03-22T05:58:19.136+0000][57787.630s] GC(55) Humongous regions: 4->4
[2022-03-22T05:58:19.136+0000][57787.630s] GC(55) Metaspace: 59387K->59387K(1103872K)
[2022-03-22T05:58:19.136+0000][57787.631s] GC(55) Pause Young (Concurrent Start) (G1 Evacuation Pause) 397M->246M(512M) 257.549ms
[2022-03-22T05:58:19.137+0000][57787.631s] GC(55) User=0.34s Sys=0.00s Real=0.26s
[2022-03-22T05:58:19.139+0000][57787.633s] GC(56) Concurrent Cycle
[2022-03-22T05:58:19.140+0000][57787.635s] GC(56) Concurrent Clear Claimed Marks
[2022-03-22T05:58:19.142+0000][57787.636s] GC(56) Concurrent Clear Claimed Marks 1.247ms
[2022-03-22T05:58:19.143+0000][57787.637s] GC(56) Concurrent Scan Root Regions
[2022-03-22T05:58:19.271+0000][57787.765s] GC(56) Concurrent Scan Root Regions 128.462ms
[2022-03-22T05:58:19.272+0000][57787.766s] GC(56) Concurrent Mark (57787.766s)
[2022-03-22T05:58:19.273+0000][57787.767s] GC(56) Concurrent Mark From Roots
[2022-03-22T05:58:19.274+0000][57787.768s] GC(56) Using 1 workers of 1 for marking
[2022-03-22T05:58:21.014+0000][57789.508s] GC(56) Concurrent Mark From Roots 1741.552ms
[2022-03-22T05:58:21.015+0000][57789.509s] GC(56) Concurrent Preclean
[2022-03-22T05:58:21.016+0000][57789.510s] GC(56) Concurrent Preclean 0.725ms
[2022-03-22T05:58:21.016+0000][57789.511s] GC(56) Concurrent Mark (57787.766s, 57789.510s) 1744.582ms
[2022-03-22T05:58:21.017+0000][57789.511s] GC(56) Pause Remark
[2022-03-22T05:58:21.611+0000][57790.105s] GC(56) Cleaned string and symbol table, strings: 30606 processed, 0 removed, symbols: 148172 processed, 14 removed
[2022-03-22T05:58:21.623+0000][57790.117s] GC(56) MMU target violated: 251.0ms (250.0ms/251.0ms)
[2022-03-22T05:58:21.624+0000][57790.118s] GC(56) Pause Remark 279M->254M(512M) 606.411ms
[2022-03-22T05:58:21.624+0000][57790.118s] GC(56) User=1.29s Sys=0.01s Real=0.61s
[2022-03-22T05:58:21.625+0000][57790.119s] GC(56) Concurrent Rebuild Remembered Sets
[2022-03-22T05:58:21.968+0000][57790.462s] GC(56) Concurrent Rebuild Remembered Sets 343.643ms
[2022-03-22T05:58:21.969+0000][57790.463s] GC(56) Pause Cleanup
[2022-03-22T05:58:21.970+0000][57790.464s] GC(56) Pause Cleanup 254M->254M(512M) 0.862ms
[2022-03-22T05:58:21.970+0000][57790.464s] GC(56) User=0.00s Sys=0.00s Real=0.00s
[2022-03-22T05:58:21.971+0000][57790.465s] GC(56) Concurrent Cleanup for Next Mark
[2022-03-22T05:58:22.031+0000][57790.525s] GC(56) Concurrent Cleanup for Next Mark 60.566ms
[2022-03-22T05:58:22.032+0000][57790.526s] GC(56) Concurrent Cycle 2892.770ms
[2022-03-22T06:00:20.718+0000][57909.212s] GC(57) Pause Young (Prepare Mixed) (G1 Evacuation Pause)
[2022-03-22T06:00:20.718+0000][57909.212s] GC(57) Using 4 workers of 4 for evacuation
[2022-03-22T06:00:20.843+0000][57909.337s] GC(57)   Pre Evacuate Collection Set: 0.1ms
[2022-03-22T06:00:20.844+0000][57909.339s] GC(57)   Evacuate Collection Set: 107.0ms
[2022-03-22T06:00:20.845+0000][57909.339s] GC(57)   Post Evacuate Collection Set: 16.5ms
[2022-03-22T06:00:20.845+0000][57909.340s] GC(57)   Other: 1.6ms
[2022-03-22T06:00:20.846+0000][57909.340s] GC(57) Eden regions: 108->0(17)
[2022-03-22T06:00:20.846+0000][57909.340s] GC(57) Survivor regions: 11->8(15)
[2022-03-22T06:00:20.847+0000][57909.341s] GC(57) Old regions: 208->217
[2022-03-22T06:00:20.847+0000][57909.342s] GC(57) Humongous regions: 4->4
[2022-03-22T06:00:20.848+0000][57909.342s] GC(57) Metaspace: 59428K->59428K(1103872K)
[2022-03-22T06:00:20.848+0000][57909.343s] GC(57) Pause Young (Prepare Mixed) (G1 Evacuation Pause) 329M->227M(512M) 130.590ms
[2022-03-22T06:00:20.854+0000][57909.349s] GC(57) User=0.25s Sys=0.10s Real=0.14s
[2022-03-22T06:00:21.380+0000][57909.874s] GC(58) Pause Young (Mixed) (G1 Evacuation Pause)
[2022-03-22T06:00:21.381+0000][57909.875s] GC(58) Using 4 workers of 4 for evacuation
[2022-03-22T06:00:21.565+0000][57910.059s] GC(58)   Pre Evacuate Collection Set: 0.1ms
[2022-03-22T06:00:21.565+0000][57910.059s] GC(58)   Evacuate Collection Set: 182.0ms
[2022-03-22T06:00:21.566+0000][57910.060s] GC(58)   Post Evacuate Collection Set: 1.6ms
[2022-03-22T06:00:21.566+0000][57910.060s] GC(58)   Other: 0.9ms
[2022-03-22T06:00:21.566+0000][57910.061s] GC(58) Eden regions: 17->0(23)
[2022-03-22T06:00:21.567+0000][57910.061s] GC(58) Survivor regions: 8->2(4)
[2022-03-22T06:00:21.570+0000][57910.064s] GC(58) Old regions: 217->174
[2022-03-22T06:00:21.570+0000][57910.065s] GC(58) Humongous regions: 4->4
[2022-03-22T06:00:21.571+0000][57910.065s] GC(58) Metaspace: 59432K->59432K(1103872K)
[2022-03-22T06:00:21.571+0000][57910.065s] GC(58) Pause Young (Mixed) (G1 Evacuation Pause) 244M->178M(512M) 190.582ms
[2022-03-22T06:00:21.571+0000][57910.065s] GC(58) User=0.30s Sys=0.09s Real=0.19s
[2022-03-22T06:00:21.989+0000][57910.484s] GC(59) Pause Young (Mixed) (G1 Evacuation Pause)
[2022-03-22T06:00:21.990+0000][57910.484s] GC(59) Using 4 workers of 4 for evacuation
[2022-03-22T06:00:22.180+0000][57910.674s] GC(59)   Pre Evacuate Collection Set: 0.2ms
[2022-03-22T06:00:22.180+0000][57910.674s] GC(59)   Evacuate Collection Set: 185.5ms
[2022-03-22T06:00:22.185+0000][57910.679s] GC(59)   Post Evacuate Collection Set: 3.3ms
[2022-03-22T06:00:22.186+0000][57910.680s] GC(59)   Other: 1.3ms
[2022-03-22T06:00:22.187+0000][57910.681s] GC(59) Eden regions: 23->0(21)
[2022-03-22T06:00:22.188+0000][57910.682s] GC(59) Survivor regions: 2->4(4)
[2022-03-22T06:00:22.189+0000][57910.683s] GC(59) Old regions: 174->153
[2022-03-22T06:00:22.189+0000][57910.684s] GC(59) Humongous regions: 4->4
[2022-03-22T06:00:22.190+0000][57910.685s] GC(59) Metaspace: 59433K->59433K(1103872K)
[2022-03-22T06:00:22.191+0000][57910.685s] GC(59) Pause Young (Mixed) (G1 Evacuation Pause) 201M->159M(512M) 201.567ms
[2022-03-22T06:00:22.192+0000][57910.686s] GC(59) User=0.27s Sys=0.13s Real=0.21s
[2022-03-22T06:00:23.102+0000][57911.597s] GC(60) Pause Young (Mixed) (G1 Evacuation Pause)
[2022-03-22T06:00:23.103+0000][57911.597s] GC(60) Using 4 workers of 4 for evacuation
[2022-03-22T06:00:23.151+0000][57911.645s] GC(60)   Pre Evacuate Collection Set: 0.1ms
[2022-03-22T06:00:23.151+0000][57911.645s] GC(60)   Evacuate Collection Set: 45.3ms
[2022-03-22T06:00:23.152+0000][57911.646s] GC(60)   Post Evacuate Collection Set: 1.9ms
[2022-03-22T06:00:23.152+0000][57911.646s] GC(60)   Other: 1.4ms
[2022-03-22T06:00:23.153+0000][57911.647s] GC(60) Eden regions: 21->0(155)
[2022-03-22T06:00:23.153+0000][57911.647s] GC(60) Survivor regions: 4->2(4)
[2022-03-22T06:00:23.153+0000][57911.648s] GC(60) Old regions: 153->155
[2022-03-22T06:00:23.154+0000][57911.648s] GC(60) Humongous regions: 4->4
[2022-03-22T06:00:23.154+0000][57911.649s] GC(60) Metaspace: 59435K->59435K(1103872K)
[2022-03-22T06:00:23.155+0000][57911.649s] GC(60) Pause Young (Mixed) (G1 Evacuation Pause) 180M->159M(512M) 52.393ms
[2022-03-22T06:00:23.155+0000][57911.649s] GC(60) User=0.11s Sys=0.04s Real=0.05s
[2022-03-22T06:01:15.563+0000][57964.057s] GC(61) Pause Young (Normal) (G1 Evacuation Pause)
[2022-03-22T06:01:15.564+0000][57964.058s] GC(61) Using 4 workers of 4 for evacuation
[2022-03-22T06:01:15.679+0000][57964.174s] GC(61)   Pre Evacuate Collection Set: 0.0ms
[2022-03-22T06:01:15.680+0000][57964.174s] GC(61)   Evacuate Collection Set: 109.3ms
[2022-03-22T06:01:15.681+0000][57964.175s] GC(61)   Post Evacuate Collection Set: 4.6ms
[2022-03-22T06:01:15.681+0000][57964.175s] GC(61)   Other: 2.4ms
[2022-03-22T06:01:15.682+0000][57964.176s] GC(61) Eden regions: 155->0(145)
[2022-03-22T06:01:15.682+0000][57964.176s] GC(61) Survivor regions: 2->12(20)
[2022-03-22T06:01:15.682+0000][57964.176s] GC(61) Old regions: 155->155
[2022-03-22T06:01:15.683+0000][57964.177s] GC(61) Humongous regions: 4->4
[2022-03-22T06:01:15.683+0000][57964.178s] GC(61) Metaspace: 59480K->59480K(1103872K)
[2022-03-22T06:01:15.692+0000][57964.186s] GC(61) Pause Young (Normal) (G1 Evacuation Pause) 314M->168M(512M) 128.765ms
[2022-03-22T06:01:15.692+0000][57964.187s] GC(61) User=0.14s Sys=0.02s Real=0.13s
[2022-03-22T06:01:19.640+0000][57968.134s] GC(62) Pause Young (Normal) (G1 Evacuation Pause)
[2022-03-22T06:01:19.640+0000][57968.134s] GC(62) Using 4 workers of 4 for evacuation
[2022-03-22T06:01:19.750+0000][57968.244s] GC(62)   Pre Evacuate Collection Set: 0.0ms
[2022-03-22T06:01:19.750+0000][57968.245s] GC(62)   Evacuate Collection Set: 106.6ms
[2022-03-22T06:01:19.751+0000][57968.245s] GC(62)   Post Evacuate Collection Set: 2.2ms
[2022-03-22T06:01:19.752+0000][57968.246s] GC(62)   Other: 1.8ms
[2022-03-22T06:01:19.752+0000][57968.246s] GC(62) Eden regions: 145->0(156)
[2022-03-22T06:01:19.752+0000][57968.246s] GC(62) Survivor regions: 12->19(20)
[2022-03-22T06:01:19.753+0000][57968.247s] GC(62) Old regions: 155->157
[2022-03-22T06:01:19.753+0000][57968.247s] GC(62) Humongous regions: 4->4
[2022-03-22T06:01:19.753+0000][57968.247s] GC(62) Metaspace: 59519K->59519K(1103872K)
[2022-03-22T06:01:19.753+0000][57968.248s] GC(62) Pause Young (Normal) (G1 Evacuation Pause) 313M->177M(512M) 113.937ms
[2022-03-22T06:01:19.754+0000][57968.248s] GC(62) User=0.13s Sys=0.00s Real=0.12s
[2022-03-22T06:01:22.797+0000][57971.291s] GC(63) Pause Young (Normal) (G1 Evacuation Pause)
[2022-03-22T06:01:22.798+0000][57971.292s] GC(63) Using 4 workers of 4 for evacuation
[2022-03-22T06:01:22.884+0000][57971.378s] GC(63)   Pre Evacuate Collection Set: 0.0ms
[2022-03-22T06:01:22.884+0000][57971.378s] GC(63)   Evacuate Collection Set: 78.2ms
[2022-03-22T06:01:22.885+0000][57971.379s] GC(63)   Post Evacuate Collection Set: 7.1ms
[2022-03-22T06:01:22.885+0000][57971.379s] GC(63)   Other: 1.2ms
[2022-03-22T06:01:22.885+0000][57971.379s] GC(63) Eden regions: 156->0(170)
[2022-03-22T06:01:22.885+0000][57971.380s] GC(63) Survivor regions: 19->17(22)
[2022-03-22T06:01:22.886+0000][57971.380s] GC(63) Old regions: 157->164
[2022-03-22T06:01:22.886+0000][57971.380s] GC(63) Humongous regions: 4->4
[2022-03-22T06:01:22.886+0000][57971.380s] GC(63) Metaspace: 59557K->59557K(1103872K)
[2022-03-22T06:01:22.886+0000][57971.380s] GC(63) Pause Young (Normal) (G1 Evacuation Pause) 333M->182M(512M) 88.991ms
[2022-03-22T06:01:22.887+0000][57971.381s] GC(63) User=0.17s Sys=0.09s Real=0.09s
[2022-03-22T06:02:00.531+0000][58009.025s] GC(64) Pause Young (Normal) (G1 Evacuation Pause)
[2022-03-22T06:02:00.532+0000][58009.026s] GC(64) Using 4 workers of 4 for evacuation
[2022-03-22T06:02:00.795+0000][58009.289s] GC(64) MMU target violated: 251.0ms (250.0ms/251.0ms)
[2022-03-22T06:02:00.796+0000][58009.290s] GC(64)   Pre Evacuate Collection Set: 0.1ms
[2022-03-22T06:02:00.796+0000][58009.291s] GC(64)   Evacuate Collection Set: 254.0ms
[2022-03-22T06:02:00.797+0000][58009.291s] GC(64)   Post Evacuate Collection Set: 8.5ms
[2022-03-22T06:02:00.802+0000][58009.296s] GC(64)   Other: 2.8ms
[2022-03-22T06:02:00.803+0000][58009.297s] GC(64) Eden regions: 170->0(153)
[2022-03-22T06:02:00.803+0000][58009.297s] GC(64) Survivor regions: 17->19(24)
[2022-03-22T06:02:00.803+0000][58009.297s] GC(64) Old regions: 164->171
[2022-03-22T06:02:00.803+0000][58009.297s] GC(64) Humongous regions: 4->4
[2022-03-22T06:02:00.804+0000][58009.298s] GC(64) Metaspace: 59595K->59595K(1103872K)
[2022-03-22T06:02:00.804+0000][58009.298s] GC(64) Pause Young (Normal) (G1 Evacuation Pause) 352M->192M(512M) 272.869ms
[2022-03-22T06:02:00.805+0000][58009.299s] GC(64) User=0.45s Sys=0.05s Real=0.28s
[2022-03-22T06:02:03.588+0000][58012.082s] GC(65) Pause Young (Normal) (G1 Evacuation Pause)
[2022-03-22T06:02:03.589+0000][58012.083s] GC(65) Using 4 workers of 4 for evacuation
[2022-03-22T06:02:03.669+0000][58012.163s] GC(65)   Pre Evacuate Collection Set: 0.0ms
[2022-03-22T06:02:03.669+0000][58012.163s] GC(65)   Evacuate Collection Set: 77.7ms
[2022-03-22T06:02:03.670+0000][58012.164s] GC(65)   Post Evacuate Collection Set: 1.8ms
[2022-03-22T06:02:03.670+0000][58012.164s] GC(65)   Other: 1.1ms
[2022-03-22T06:02:03.670+0000][58012.164s] GC(65) Eden regions: 153->0(168)
[2022-03-22T06:02:03.670+0000][58012.165s] GC(65) Survivor regions: 19->19(22)
[2022-03-22T06:02:03.671+0000][58012.165s] GC(65) Old regions: 171->180
[2022-03-22T06:02:03.671+0000][58012.165s] GC(65) Humongous regions: 4->4
[2022-03-22T06:02:03.671+0000][58012.165s] GC(65) Metaspace: 59639K->59639K(1103872K)
[2022-03-22T06:02:03.671+0000][58012.166s] GC(65) Pause Young (Normal) (G1 Evacuation Pause) 345M->201M(512M) 83.220ms
[2022-03-22T06:02:03.672+0000][58012.166s] GC(65) User=0.24s Sys=0.02s Real=0.09s
[2022-03-22T06:51:10.911+0000][60959.405s] GC(66) Pause Young (Normal) (G1 Evacuation Pause)
[2022-03-22T06:51:10.912+0000][60959.406s] GC(66) Using 4 workers of 4 for evacuation
[2022-03-22T06:51:11.300+0000][60959.795s] GC(66) MMU target violated: 251.0ms (250.0ms/251.0ms)
[2022-03-22T06:51:11.301+0000][60959.795s] GC(66)   Pre Evacuate Collection Set: 7.1ms
[2022-03-22T06:51:11.301+0000][60959.795s] GC(66)   Evacuate Collection Set: 372.3ms
[2022-03-22T06:51:11.301+0000][60959.795s] GC(66)   Post Evacuate Collection Set: 5.8ms
[2022-03-22T06:51:11.301+0000][60959.796s] GC(66)   Other: 5.2ms
[2022-03-22T06:51:11.302+0000][60959.796s] GC(66) Eden regions: 168->0(117)
[2022-03-22T06:51:11.302+0000][60959.796s] GC(66) Survivor regions: 19->15(24)
[2022-03-22T06:51:11.302+0000][60959.796s] GC(66) Old regions: 180->189
[2022-03-22T06:51:11.302+0000][60959.796s] GC(66) Humongous regions: 4->4
[2022-03-22T06:51:11.302+0000][60959.796s] GC(66) Metaspace: 59680K->59680K(1103872K)
[2022-03-22T06:51:11.303+0000][60959.797s] GC(66) Pause Young (Normal) (G1 Evacuation Pause) 369M->205M(512M) 391.801ms
[2022-03-22T06:51:11.303+0000][60959.797s] GC(66) User=1.50s Sys=0.00s Real=0.40s
[2022-03-22T07:39:10.198+0000][63838.692s] Heap
[2022-03-22T07:39:10.206+0000][63838.700s]  garbage-first heap   total 524288K, used 311844K [0x00000000e0000000, 0x0000000100000000)
[2022-03-22T07:39:10.208+0000][63838.702s]   region size 1024K, 116 young (118784K), 15 survivors (15360K)
[2022-03-22T07:39:10.209+0000][63838.703s]  Metaspace       used 59893K, capacity 61617K, committed 61824K, reserved 1103872K
[2022-03-22T07:39:10.210+0000][63838.705s]   class space    used 6632K, capacity 7265K, committed 7296K, reserved 1048576K
