[2022-03-23T08:28:23.943+0000][0.452s] Heap region size: 1M
[2022-03-23T08:28:27.200+0000][3.709s] Using G1
[2022-03-23T08:28:27.217+0000][3.726s] Heap address: 0x00000000e0000000, size: 512 MB, Compressed Oops mode: 32-bit
[2022-03-23T08:28:27.220+0000][3.729s] Mark closed archive regions in map: [0x00000000fff00000, 0x00000000fff63ff8]
[2022-03-23T08:28:27.222+0000][3.731s] Mark open archive regions in map: [0x00000000ffe00000, 0x00000000ffe41ff8]
[2022-03-23T08:28:39.714+0000][16.223s] GC(0) Pause Young (Normal) (G1 Evacuation Pause)
[2022-03-23T08:28:39.737+0000][16.246s] GC(0) Using 4 workers of 4 for evacuation
[2022-03-23T08:28:40.026+0000][16.535s] GC(0) MMU target violated: 251.0ms (250.0ms/251.0ms)
[2022-03-23T08:28:40.037+0000][16.546s] GC(0)   Pre Evacuate Collection Set: 0.2ms
[2022-03-23T08:28:40.038+0000][16.548s] GC(0)   Evacuate Collection Set: 222.6ms
[2022-03-23T08:28:40.053+0000][16.562s] GC(0)   Post Evacuate Collection Set: 58.0ms
[2022-03-23T08:28:40.054+0000][16.563s] GC(0)   Other: 66.7ms
[2022-03-23T08:28:40.069+0000][16.578s] GC(0) Eden regions: 25->0(22)
[2022-03-23T08:28:40.085+0000][16.594s] GC(0) Survivor regions: 0->3(4)
[2022-03-23T08:28:40.101+0000][16.610s] GC(0) Old regions: 2->2
[2022-03-23T08:28:40.101+0000][16.611s] GC(0) Humongous regions: 0->0
[2022-03-23T08:28:40.102+0000][16.611s] GC(0) Metaspace: 6860K->6860K(1056768K)
[2022-03-23T08:28:40.102+0000][16.611s] GC(0) Pause Young (Normal) (G1 Evacuation Pause) 25M->3M(512M) 388.067ms
[2022-03-23T08:28:40.102+0000][16.612s] GC(0) User=0.18s Sys=0.04s Real=0.38s
[2022-03-23T08:28:48.692+0000][25.201s] GC(1) Pause Young (Normal) (G1 Evacuation Pause)
[2022-03-23T08:28:48.726+0000][25.235s] GC(1) Using 4 workers of 4 for evacuation
[2022-03-23T08:28:49.410+0000][25.919s] GC(1) MMU target violated: 251.0ms (250.0ms/251.0ms)
[2022-03-23T08:28:49.410+0000][25.919s] GC(1)   Pre Evacuate Collection Set: 0.1ms
[2022-03-23T08:28:49.424+0000][25.933s] GC(1)   Evacuate Collection Set: 629.7ms
[2022-03-23T08:28:49.424+0000][25.933s] GC(1)   Post Evacuate Collection Set: 24.0ms
[2022-03-23T08:28:49.425+0000][25.934s] GC(1)   Other: 64.5ms
[2022-03-23T08:28:49.425+0000][25.934s] GC(1) Eden regions: 22->0(21)
[2022-03-23T08:28:49.425+0000][25.934s] GC(1) Survivor regions: 3->4(4)
[2022-03-23T08:28:49.425+0000][25.934s] GC(1) Old regions: 2->10
[2022-03-23T08:28:49.425+0000][25.935s] GC(1) Humongous regions: 4->4
[2022-03-23T08:28:49.426+0000][25.935s] GC(1) Metaspace: 12951K->12951K(1060864K)
[2022-03-23T08:28:49.427+0000][25.936s] GC(1) Pause Young (Normal) (G1 Evacuation Pause) 29M->16M(512M) 734.779ms
[2022-03-23T08:28:49.432+0000][25.941s] GC(1) User=0.43s Sys=0.25s Real=0.73s
[2022-03-23T08:28:55.456+0000][31.966s] GC(2) Pause Young (Normal) (G1 Evacuation Pause)
[2022-03-23T08:28:55.465+0000][31.974s] GC(2) Using 4 workers of 4 for evacuation
[2022-03-23T08:28:55.669+0000][32.178s] GC(2)   Pre Evacuate Collection Set: 0.0ms
[2022-03-23T08:28:55.672+0000][32.181s] GC(2)   Evacuate Collection Set: 186.1ms
[2022-03-23T08:28:55.682+0000][32.191s] GC(2)   Post Evacuate Collection Set: 17.1ms
[2022-03-23T08:28:55.682+0000][32.191s] GC(2)   Other: 9.4ms
[2022-03-23T08:28:55.683+0000][32.192s] GC(2) Eden regions: 21->0(21)
[2022-03-23T08:28:55.684+0000][32.194s] GC(2) Survivor regions: 4->4(4)
[2022-03-23T08:28:55.694+0000][32.203s] GC(2) Old regions: 10->15
[2022-03-23T08:28:55.694+0000][32.204s] GC(2) Humongous regions: 4->4
[2022-03-23T08:28:55.696+0000][32.205s] GC(2) Metaspace: 15728K->15728K(1062912K)
[2022-03-23T08:28:55.697+0000][32.206s] GC(2) Pause Young (Normal) (G1 Evacuation Pause) 37M->21M(512M) 240.489ms
[2022-03-23T08:28:55.697+0000][32.206s] GC(2) User=0.11s Sys=0.03s Real=0.24s
[2022-03-23T08:28:59.064+0000][35.573s] GC(3) Pause Young (Normal) (G1 Evacuation Pause)
[2022-03-23T08:28:59.068+0000][35.577s] GC(3) Using 4 workers of 4 for evacuation
[2022-03-23T08:28:59.268+0000][35.777s] GC(3)   Pre Evacuate Collection Set: 0.0ms
[2022-03-23T08:28:59.268+0000][35.778s] GC(3)   Evacuate Collection Set: 194.2ms
[2022-03-23T08:28:59.269+0000][35.778s] GC(3)   Post Evacuate Collection Set: 2.4ms
[2022-03-23T08:28:59.270+0000][35.779s] GC(3)   Other: 7.1ms
[2022-03-23T08:28:59.270+0000][35.779s] GC(3) Eden regions: 21->0(21)
[2022-03-23T08:28:59.270+0000][35.780s] GC(3) Survivor regions: 4->4(4)
[2022-03-23T08:28:59.271+0000][35.780s] GC(3) Old regions: 15->19
[2022-03-23T08:28:59.271+0000][35.780s] GC(3) Humongous regions: 4->4
[2022-03-23T08:28:59.271+0000][35.780s] GC(3) Metaspace: 17462K->17462K(1064960K)
[2022-03-23T08:28:59.271+0000][35.781s] GC(3) Pause Young (Normal) (G1 Evacuation Pause) 42M->24M(512M) 207.471ms
[2022-03-23T08:28:59.272+0000][35.781s] GC(3) User=0.14s Sys=0.00s Real=0.20s
[2022-03-23T08:29:01.426+0000][37.935s] GC(4) Pause Young (Normal) (G1 Evacuation Pause)
[2022-03-23T08:29:01.446+0000][37.955s] GC(4) Using 4 workers of 4 for evacuation
[2022-03-23T08:29:01.512+0000][38.021s] GC(4)   Pre Evacuate Collection Set: 0.0ms
[2022-03-23T08:29:01.512+0000][38.022s] GC(4)   Evacuate Collection Set: 64.2ms
[2022-03-23T08:29:01.513+0000][38.022s] GC(4)   Post Evacuate Collection Set: 0.4ms
[2022-03-23T08:29:01.513+0000][38.022s] GC(4)   Other: 21.0ms
[2022-03-23T08:29:01.524+0000][38.033s] GC(4) Eden regions: 21->0(30)
[2022-03-23T08:29:01.538+0000][38.048s] GC(4) Survivor regions: 4->1(4)
[2022-03-23T08:29:01.543+0000][38.052s] GC(4) Old regions: 19->22
[2022-03-23T08:29:01.543+0000][38.052s] GC(4) Humongous regions: 4->4
[2022-03-23T08:29:01.543+0000][38.052s] GC(4) Metaspace: 19728K->19728K(1067008K)
[2022-03-23T08:29:01.544+0000][38.053s] GC(4) Pause Young (Normal) (G1 Evacuation Pause) 45M->25M(512M) 117.357ms
[2022-03-23T08:29:01.544+0000][38.053s] GC(4) User=0.06s Sys=0.00s Real=0.12s
[2022-03-23T08:29:01.882+0000][38.391s] GC(5) Pause Young (Concurrent Start) (Metadata GC Threshold)
[2022-03-23T08:29:01.884+0000][38.393s] GC(5) Using 4 workers of 4 for evacuation
[2022-03-23T08:29:01.945+0000][38.454s] GC(5)   Pre Evacuate Collection Set: 0.1ms
[2022-03-23T08:29:01.951+0000][38.460s] GC(5)   Evacuate Collection Set: 48.7ms
[2022-03-23T08:29:01.951+0000][38.460s] GC(5)   Post Evacuate Collection Set: 3.9ms
[2022-03-23T08:29:01.951+0000][38.461s] GC(5)   Other: 10.2ms
[2022-03-23T08:29:01.952+0000][38.461s] GC(5) Eden regions: 6->0(37)
[2022-03-23T08:29:01.952+0000][38.461s] GC(5) Survivor regions: 1->1(4)
[2022-03-23T08:29:01.952+0000][38.461s] GC(5) Old regions: 22->22
[2022-03-23T08:29:01.952+0000][38.462s] GC(5) Humongous regions: 4->4
[2022-03-23T08:29:01.953+0000][38.462s] GC(5) Metaspace: 20412K->20412K(1067008K)
[2022-03-23T08:29:01.960+0000][38.469s] GC(5) Pause Young (Concurrent Start) (Metadata GC Threshold) 30M->24M(512M) 77.923ms
[2022-03-23T08:29:01.965+0000][38.474s] GC(5) User=0.02s Sys=0.01s Real=0.07s
[2022-03-23T08:29:01.972+0000][38.481s] GC(6) Concurrent Cycle
[2022-03-23T08:29:01.974+0000][38.483s] GC(6) Concurrent Clear Claimed Marks
[2022-03-23T08:29:01.975+0000][38.484s] GC(6) Concurrent Clear Claimed Marks 0.527ms
[2022-03-23T08:29:01.975+0000][38.484s] GC(6) Concurrent Scan Root Regions
[2022-03-23T08:29:01.978+0000][38.487s] GC(6) Concurrent Scan Root Regions 2.878ms
[2022-03-23T08:29:01.979+0000][38.488s] GC(6) Concurrent Mark (38.488s)
[2022-03-23T08:29:01.980+0000][38.490s] GC(6) Concurrent Mark From Roots
[2022-03-23T08:29:01.981+0000][38.490s] GC(6) Using 1 workers of 1 for marking
[2022-03-23T08:29:02.392+0000][38.901s] GC(6) Concurrent Mark From Roots 411.327ms
[2022-03-23T08:29:02.392+0000][38.902s] GC(6) Concurrent Preclean
[2022-03-23T08:29:02.398+0000][38.908s] GC(6) Concurrent Preclean 5.983ms
[2022-03-23T08:29:02.399+0000][38.908s] GC(6) Concurrent Mark (38.488s, 38.908s) 419.903ms
[2022-03-23T08:29:02.414+0000][38.923s] GC(6) Pause Remark
[2022-03-23T08:29:02.456+0000][38.965s] GC(6) Cleaned string and symbol table, strings: 9371 processed, 26 removed, symbols: 62133 processed, 30 removed
[2022-03-23T08:29:02.460+0000][38.970s] GC(6) Pause Remark 28M->28M(512M) 46.905ms
[2022-03-23T08:29:02.461+0000][38.970s] GC(6) User=0.02s Sys=0.01s Real=0.04s
[2022-03-23T08:29:02.461+0000][38.971s] GC(6) Concurrent Rebuild Remembered Sets
[2022-03-23T08:29:02.641+0000][39.150s] GC(6) Concurrent Rebuild Remembered Sets 179.582ms
[2022-03-23T08:29:02.662+0000][39.171s] GC(6) Pause Cleanup
[2022-03-23T08:29:02.682+0000][39.191s] GC(6) Pause Cleanup 29M->29M(512M) 20.141ms
[2022-03-23T08:29:02.691+0000][39.200s] GC(6) User=0.00s Sys=0.00s Real=0.03s
[2022-03-23T08:29:02.717+0000][39.226s] GC(6) Concurrent Cleanup for Next Mark
[2022-03-23T08:29:02.766+0000][39.275s] GC(6) Concurrent Cleanup for Next Mark 49.210ms
[2022-03-23T08:29:02.780+0000][39.289s] GC(6) Concurrent Cycle 807.948ms
[2022-03-23T08:29:09.506+0000][46.015s] GC(7) Pause Young (Concurrent Start) (G1 Evacuation Pause)
[2022-03-23T08:29:09.512+0000][46.021s] GC(7) Using 4 workers of 4 for evacuation
[2022-03-23T08:29:09.632+0000][46.141s] GC(7)   Pre Evacuate Collection Set: 0.1ms
[2022-03-23T08:29:09.647+0000][46.156s] GC(7)   Evacuate Collection Set: 111.8ms
[2022-03-23T08:29:09.650+0000][46.159s] GC(7)   Post Evacuate Collection Set: 5.0ms
[2022-03-23T08:29:09.666+0000][46.175s] GC(7)   Other: 9.2ms
[2022-03-23T08:29:09.692+0000][46.201s] GC(7) Eden regions: 37->0(45)
[2022-03-23T08:29:09.714+0000][46.223s] GC(7) Survivor regions: 1->1(5)
[2022-03-23T08:29:09.714+0000][46.223s] GC(7) Old regions: 22->22
[2022-03-23T08:29:09.714+0000][46.224s] GC(7) Humongous regions: 4->4
[2022-03-23T08:29:09.715+0000][46.224s] GC(7) Metaspace: 24656K->24656K(1071104K)
[2022-03-23T08:29:09.715+0000][46.224s] GC(7) Pause Young (Concurrent Start) (G1 Evacuation Pause) 61M->25M(512M) 208.987ms
[2022-03-23T08:29:09.715+0000][46.224s] GC(7) User=0.09s Sys=0.03s Real=0.20s
[2022-03-23T08:29:09.715+0000][46.224s] GC(8) Concurrent Cycle
[2022-03-23T08:29:09.716+0000][46.225s] GC(8) Concurrent Clear Claimed Marks
[2022-03-23T08:29:09.716+0000][46.225s] GC(8) Concurrent Clear Claimed Marks 0.277ms
[2022-03-23T08:29:09.716+0000][46.225s] GC(8) Concurrent Scan Root Regions
[2022-03-23T08:29:09.718+0000][46.228s] GC(8) Concurrent Scan Root Regions 2.394ms
[2022-03-23T08:29:09.746+0000][46.255s] GC(8) Concurrent Mark (46.255s)
[2022-03-23T08:29:09.746+0000][46.256s] GC(8) Concurrent Mark From Roots
[2022-03-23T08:29:09.747+0000][46.256s] GC(8) Using 1 workers of 1 for marking
[2022-03-23T08:29:10.245+0000][46.754s] GC(8) Concurrent Mark From Roots 498.829ms
[2022-03-23T08:29:10.246+0000][46.755s] GC(8) Concurrent Preclean
[2022-03-23T08:29:10.247+0000][46.756s] GC(8) Concurrent Preclean 0.512ms
[2022-03-23T08:29:10.247+0000][46.756s] GC(8) Concurrent Mark (46.255s, 46.756s) 500.702ms
[2022-03-23T08:29:10.258+0000][46.767s] GC(8) Pause Remark
[2022-03-23T08:29:10.334+0000][46.843s] GC(8) Cleaned string and symbol table, strings: 10331 processed, 0 removed, symbols: 72000 processed, 29 removed
[2022-03-23T08:29:10.345+0000][46.854s] GC(8) Pause Remark 27M->27M(512M) 86.850ms
[2022-03-23T08:29:10.349+0000][46.858s] GC(8) User=0.07s Sys=0.00s Real=0.09s
[2022-03-23T08:29:10.352+0000][46.861s] GC(8) Concurrent Rebuild Remembered Sets
[2022-03-23T08:29:10.529+0000][47.038s] GC(8) Concurrent Rebuild Remembered Sets 176.821ms
[2022-03-23T08:29:10.552+0000][47.061s] GC(8) Pause Cleanup
[2022-03-23T08:29:10.562+0000][47.071s] GC(8) Pause Cleanup 27M->27M(512M) 9.597ms
[2022-03-23T08:29:10.563+0000][47.072s] GC(8) User=0.00s Sys=0.00s Real=0.01s
[2022-03-23T08:29:10.564+0000][47.073s] GC(8) Concurrent Cleanup for Next Mark
[2022-03-23T08:29:10.572+0000][47.081s] GC(8) Concurrent Cleanup for Next Mark 8.179ms
[2022-03-23T08:29:10.583+0000][47.092s] GC(8) Concurrent Cycle 867.553ms
[2022-03-23T08:29:33.812+0000][70.322s] GC(9) Pause Young (Normal) (G1 Evacuation Pause)
[2022-03-23T08:29:33.819+0000][70.328s] GC(9) Using 4 workers of 4 for evacuation
[2022-03-23T08:29:33.953+0000][70.463s] GC(9)   Pre Evacuate Collection Set: 0.1ms
[2022-03-23T08:29:33.960+0000][70.469s] GC(9)   Evacuate Collection Set: 132.3ms
[2022-03-23T08:29:33.962+0000][70.471s] GC(9)   Post Evacuate Collection Set: 1.5ms
[2022-03-23T08:29:33.962+0000][70.471s] GC(9)   Other: 6.9ms
[2022-03-23T08:29:33.962+0000][70.472s] GC(9) Eden regions: 45->0(47)
[2022-03-23T08:29:33.963+0000][70.472s] GC(9) Survivor regions: 1->4(6)
[2022-03-23T08:29:33.963+0000][70.472s] GC(9) Old regions: 22->22
[2022-03-23T08:29:33.963+0000][70.472s] GC(9) Humongous regions: 4->4
[2022-03-23T08:29:33.963+0000][70.473s] GC(9) Metaspace: 31248K->31248K(1077248K)
[2022-03-23T08:29:33.964+0000][70.473s] GC(9) Pause Young (Normal) (G1 Evacuation Pause) 70M->28M(512M) 151.126ms
[2022-03-23T08:29:33.964+0000][70.473s] GC(9) User=0.05s Sys=0.01s Real=0.15s
[2022-03-23T08:30:36.913+0000][133.422s] GC(10) Pause Young (Normal) (G1 Evacuation Pause)
[2022-03-23T08:30:36.913+0000][133.422s] GC(10) Using 4 workers of 4 for evacuation
[2022-03-23T08:30:36.979+0000][133.488s] GC(10)   Pre Evacuate Collection Set: 0.1ms
[2022-03-23T08:30:36.979+0000][133.488s] GC(10)   Evacuate Collection Set: 61.8ms
[2022-03-23T08:30:36.979+0000][133.488s] GC(10)   Post Evacuate Collection Set: 3.3ms
[2022-03-23T08:30:36.980+0000][133.489s] GC(10)   Other: 0.9ms
[2022-03-23T08:30:36.980+0000][133.489s] GC(10) Eden regions: 47->0(51)
[2022-03-23T08:30:36.980+0000][133.489s] GC(10) Survivor regions: 4->7(7)
[2022-03-23T08:30:36.981+0000][133.490s] GC(10) Old regions: 22->23
[2022-03-23T08:30:36.981+0000][133.490s] GC(10) Humongous regions: 4->4
[2022-03-23T08:30:36.981+0000][133.490s] GC(10) Metaspace: 35589K->35589K(1081344K)
[2022-03-23T08:30:36.982+0000][133.491s] GC(10) Pause Young (Normal) (G1 Evacuation Pause) 75M->31M(512M) 68.932ms
[2022-03-23T08:30:36.983+0000][133.492s] GC(10) User=0.19s Sys=0.00s Real=0.07s
[2022-03-23T09:07:15.750+0000][2332.259s] Heap
[2022-03-23T09:07:15.752+0000][2332.261s]  garbage-first heap   total 524288K, used 57339K [0x00000000e0000000, 0x0000000100000000)
[2022-03-23T09:07:15.753+0000][2332.262s]   region size 1024K, 33 young (33792K), 7 survivors (7168K)
[2022-03-23T09:07:15.754+0000][2332.263s]  Metaspace       used 36990K, capacity 38063K, committed 38344K, reserved 1083392K
[2022-03-23T09:07:15.755+0000][2332.264s]   class space    used 4371K, capacity 4803K, committed 4864K, reserved 1048576K
