[2022-03-22T07:47:12.743+0000][0.246s] Heap region size: 1M
[2022-03-22T07:47:17.735+0000][5.237s] Using G1
[2022-03-22T07:47:17.750+0000][5.253s] Heap address: 0x00000000e0000000, size: 512 MB, Compressed Oops mode: 32-bit
[2022-03-22T07:47:17.794+0000][5.297s] Mark closed archive regions in map: [0x00000000fff00000, 0x00000000fff63ff8]
[2022-03-22T07:47:17.809+0000][5.312s] Mark open archive regions in map: [0x00000000ffe00000, 0x00000000ffe41ff8]
[2022-03-22T07:47:28.742+0000][16.244s] GC(0) Pause Young (Normal) (G1 Evacuation Pause)
[2022-03-22T07:47:28.743+0000][16.246s] GC(0) Using 4 workers of 4 for evacuation
[2022-03-22T07:47:28.886+0000][16.388s] GC(0)   Pre Evacuate Collection Set: 0.0ms
[2022-03-22T07:47:28.886+0000][16.389s] GC(0)   Evacuate Collection Set: 76.4ms
[2022-03-22T07:47:28.894+0000][16.396s] GC(0)   Post Evacuate Collection Set: 65.0ms
[2022-03-22T07:47:28.894+0000][16.396s] GC(0)   Other: 2.5ms
[2022-03-22T07:47:28.895+0000][16.397s] GC(0) Eden regions: 25->0(59)
[2022-03-22T07:47:28.895+0000][16.398s] GC(0) Survivor regions: 0->3(4)
[2022-03-22T07:47:28.896+0000][16.398s] GC(0) Old regions: 2->2
[2022-03-22T07:47:28.896+0000][16.399s] GC(0) Humongous regions: 0->0
[2022-03-22T07:47:28.896+0000][16.399s] GC(0) Metaspace: 6780K->6780K(1056768K)
[2022-03-22T07:47:28.897+0000][16.399s] GC(0) Pause Young (Normal) (G1 Evacuation Pause) 25M->3M(512M) 154.979ms
[2022-03-22T07:47:28.897+0000][16.399s] GC(0) User=0.10s Sys=0.00s Real=0.15s
[2022-03-22T07:47:35.619+0000][23.121s] GC(1) Pause Young (Normal) (G1 Evacuation Pause)
[2022-03-22T07:47:35.632+0000][23.134s] GC(1) Using 4 workers of 4 for evacuation
[2022-03-22T07:47:35.812+0000][23.315s] GC(1)   Pre Evacuate Collection Set: 0.0ms
[2022-03-22T07:47:35.813+0000][23.315s] GC(1)   Evacuate Collection Set: 178.3ms
[2022-03-22T07:47:35.813+0000][23.316s] GC(1)   Post Evacuate Collection Set: 0.5ms
[2022-03-22T07:47:35.814+0000][23.316s] GC(1)   Other: 14.5ms
[2022-03-22T07:47:35.814+0000][23.316s] GC(1) Eden regions: 22->0(22)
[2022-03-22T07:47:35.814+0000][23.317s] GC(1) Survivor regions: 3->4(4)
[2022-03-22T07:47:35.815+0000][23.317s] GC(1) Old regions: 2->10
[2022-03-22T07:47:35.816+0000][23.318s] GC(1) Humongous regions: 4->4
[2022-03-22T07:47:35.817+0000][23.319s] GC(1) Metaspace: 12620K->12620K(1060864K)
[2022-03-22T07:47:35.817+0000][23.319s] GC(1) Pause Young (Normal) (G1 Evacuation Pause) 29M->15M(512M) 198.192ms
[2022-03-22T07:47:35.817+0000][23.320s] GC(1) User=0.13s Sys=0.04s Real=0.20s
[2022-03-22T07:47:39.321+0000][26.823s] GC(2) Pause Young (Normal) (G1 Evacuation Pause)
[2022-03-22T07:47:39.331+0000][26.834s] GC(2) Using 4 workers of 4 for evacuation
[2022-03-22T07:47:39.456+0000][26.958s] GC(2)   Pre Evacuate Collection Set: 0.0ms
[2022-03-22T07:47:39.462+0000][26.964s] GC(2)   Evacuate Collection Set: 89.8ms
[2022-03-22T07:47:39.466+0000][26.968s] GC(2)   Post Evacuate Collection Set: 24.5ms
[2022-03-22T07:47:39.471+0000][26.974s] GC(2)   Other: 21.0ms
[2022-03-22T07:47:39.473+0000][26.975s] GC(2) Eden regions: 21->0(36)
[2022-03-22T07:47:39.481+0000][26.984s] GC(2) Survivor regions: 4->4(4)
[2022-03-22T07:47:39.483+0000][26.985s] GC(2) Old regions: 10->14
[2022-03-22T07:47:39.484+0000][26.986s] GC(2) Humongous regions: 4->4
[2022-03-22T07:47:39.485+0000][26.988s] GC(2) Metaspace: 15752K->15752K(1062912K)
[2022-03-22T07:47:39.486+0000][26.988s] GC(2) Pause Young (Normal) (G1 Evacuation Pause) 36M->20M(512M) 164.892ms
[2022-03-22T07:47:39.492+0000][26.994s] GC(2) User=0.10s Sys=0.00s Real=0.18s
[2022-03-22T07:47:42.393+0000][29.895s] GC(3) Pause Young (Normal) (G1 Evacuation Pause)
[2022-03-22T07:47:42.395+0000][29.897s] GC(3) Using 4 workers of 4 for evacuation
[2022-03-22T07:47:42.454+0000][29.957s] GC(3)   Pre Evacuate Collection Set: 0.1ms
[2022-03-22T07:47:42.467+0000][29.969s] GC(3)   Evacuate Collection Set: 51.2ms
[2022-03-22T07:47:42.472+0000][29.974s] GC(3)   Post Evacuate Collection Set: 4.4ms
[2022-03-22T07:47:42.472+0000][29.974s] GC(3)   Other: 5.8ms
[2022-03-22T07:47:42.472+0000][29.975s] GC(3) Eden regions: 36->0(40)
[2022-03-22T07:47:42.473+0000][29.975s] GC(3) Survivor regions: 4->5(5)
[2022-03-22T07:47:42.473+0000][29.976s] GC(3) Old regions: 14->18
[2022-03-22T07:47:42.474+0000][29.976s] GC(3) Humongous regions: 4->4
[2022-03-22T07:47:42.474+0000][29.976s] GC(3) Metaspace: 19528K->19528K(1067008K)
[2022-03-22T07:47:42.474+0000][29.977s] GC(3) Pause Young (Normal) (G1 Evacuation Pause) 56M->24M(512M) 81.415ms
[2022-03-22T07:47:42.475+0000][29.977s] GC(3) User=0.06s Sys=0.01s Real=0.08s
[2022-03-22T07:47:43.093+0000][30.596s] GC(4) Pause Young (Concurrent Start) (Metadata GC Threshold)
[2022-03-22T07:47:43.094+0000][30.596s] GC(4) Using 4 workers of 4 for evacuation
[2022-03-22T07:47:43.182+0000][30.684s] GC(4)   Pre Evacuate Collection Set: 0.1ms
[2022-03-22T07:47:43.187+0000][30.689s] GC(4)   Evacuate Collection Set: 79.1ms
[2022-03-22T07:47:43.187+0000][30.690s] GC(4)   Post Evacuate Collection Set: 8.1ms
[2022-03-22T07:47:43.188+0000][30.690s] GC(4)   Other: 1.0ms
[2022-03-22T07:47:43.188+0000][30.690s] GC(4) Eden regions: 13->0(48)
[2022-03-22T07:47:43.188+0000][30.691s] GC(4) Survivor regions: 5->1(6)
[2022-03-22T07:47:43.188+0000][30.691s] GC(4) Old regions: 18->22
[2022-03-22T07:47:43.189+0000][30.691s] GC(4) Humongous regions: 4->4
[2022-03-22T07:47:43.189+0000][30.691s] GC(4) Metaspace: 20442K->20442K(1067008K)
[2022-03-22T07:47:43.189+0000][30.691s] GC(4) Pause Young (Concurrent Start) (Metadata GC Threshold) 37M->24M(512M) 95.629ms
[2022-03-22T07:47:43.190+0000][30.692s] GC(4) User=0.05s Sys=0.00s Real=0.09s
[2022-03-22T07:47:43.191+0000][30.694s] GC(5) Concurrent Cycle
[2022-03-22T07:47:43.192+0000][30.694s] GC(5) Concurrent Clear Claimed Marks
[2022-03-22T07:47:43.192+0000][30.694s] GC(5) Concurrent Clear Claimed Marks 0.323ms
[2022-03-22T07:47:43.193+0000][30.695s] GC(5) Concurrent Scan Root Regions
[2022-03-22T07:47:43.198+0000][30.701s] GC(5) Concurrent Scan Root Regions 5.910ms
[2022-03-22T07:47:43.199+0000][30.701s] GC(5) Concurrent Mark (30.701s)
[2022-03-22T07:47:43.199+0000][30.701s] GC(5) Concurrent Mark From Roots
[2022-03-22T07:47:43.199+0000][30.702s] GC(5) Using 1 workers of 1 for marking
[2022-03-22T07:47:43.502+0000][31.004s] GC(5) Concurrent Mark From Roots 302.863ms
[2022-03-22T07:47:43.502+0000][31.005s] GC(5) Concurrent Preclean
[2022-03-22T07:47:43.503+0000][31.005s] GC(5) Concurrent Preclean 0.486ms
[2022-03-22T07:47:43.503+0000][31.005s] GC(5) Concurrent Mark (30.701s, 31.005s) 304.216ms
[2022-03-22T07:47:43.522+0000][31.024s] GC(5) Pause Remark
[2022-03-22T07:47:43.569+0000][31.071s] GC(5) Cleaned string and symbol table, strings: 9452 processed, 26 removed, symbols: 63165 processed, 40 removed
[2022-03-22T07:47:43.582+0000][31.084s] GC(5) Pause Remark 30M->30M(512M) 60.165ms
[2022-03-22T07:47:43.583+0000][31.085s] GC(5) User=0.03s Sys=0.00s Real=0.06s
[2022-03-22T07:47:43.589+0000][31.092s] GC(5) Concurrent Rebuild Remembered Sets
[2022-03-22T07:47:43.689+0000][31.191s] GC(5) Concurrent Rebuild Remembered Sets 99.172ms
[2022-03-22T07:47:43.692+0000][31.195s] GC(5) Pause Cleanup
[2022-03-22T07:47:43.697+0000][31.199s] GC(5) Pause Cleanup 32M->32M(512M) 4.071ms
[2022-03-22T07:47:43.697+0000][31.199s] GC(5) User=0.00s Sys=0.00s Real=0.00s
[2022-03-22T07:47:43.697+0000][31.200s] GC(5) Concurrent Cleanup for Next Mark
[2022-03-22T07:47:43.699+0000][31.202s] GC(5) Concurrent Cleanup for Next Mark 1.944ms
[2022-03-22T07:47:43.700+0000][31.202s] GC(5) Concurrent Cycle 508.386ms
[2022-03-22T07:47:47.484+0000][34.986s] GC(6) Pause Young (Concurrent Start) (G1 Evacuation Pause)
[2022-03-22T07:47:47.484+0000][34.986s] GC(6) Using 4 workers of 4 for evacuation
[2022-03-22T07:47:47.536+0000][35.038s] GC(6)   Pre Evacuate Collection Set: 0.1ms
[2022-03-22T07:47:47.536+0000][35.039s] GC(6)   Evacuate Collection Set: 34.8ms
[2022-03-22T07:47:47.536+0000][35.039s] GC(6)   Post Evacuate Collection Set: 16.5ms
[2022-03-22T07:47:47.537+0000][35.039s] GC(6)   Other: 0.8ms
[2022-03-22T07:47:47.537+0000][35.039s] GC(6) Eden regions: 48->0(154)
[2022-03-22T07:47:47.537+0000][35.040s] GC(6) Survivor regions: 1->2(7)
[2022-03-22T07:47:47.537+0000][35.040s] GC(6) Old regions: 22->22
[2022-03-22T07:47:47.537+0000][35.040s] GC(6) Humongous regions: 4->4
[2022-03-22T07:47:47.538+0000][35.040s] GC(6) Metaspace: 27666K->27666K(1075200K)
[2022-03-22T07:47:47.538+0000][35.040s] GC(6) Pause Young (Concurrent Start) (G1 Evacuation Pause) 72M->26M(512M) 54.318ms
[2022-03-22T07:47:47.538+0000][35.041s] GC(6) User=0.05s Sys=0.00s Real=0.05s
[2022-03-22T07:47:47.539+0000][35.041s] GC(7) Concurrent Cycle
[2022-03-22T07:47:47.539+0000][35.041s] GC(7) Concurrent Clear Claimed Marks
[2022-03-22T07:47:47.539+0000][35.042s] GC(7) Concurrent Clear Claimed Marks 0.285ms
[2022-03-22T07:47:47.539+0000][35.042s] GC(7) Concurrent Scan Root Regions
[2022-03-22T07:47:47.549+0000][35.051s] GC(7) Concurrent Scan Root Regions 9.171ms
[2022-03-22T07:47:47.552+0000][35.054s] GC(7) Concurrent Mark (35.054s)
[2022-03-22T07:47:47.552+0000][35.054s] GC(7) Concurrent Mark From Roots
[2022-03-22T07:47:47.552+0000][35.055s] GC(7) Using 1 workers of 1 for marking
[2022-03-22T07:47:47.813+0000][35.315s] GC(7) Concurrent Mark From Roots 260.729ms
[2022-03-22T07:47:47.813+0000][35.316s] GC(7) Concurrent Preclean
[2022-03-22T07:47:47.814+0000][35.316s] GC(7) Concurrent Preclean 0.539ms
[2022-03-22T07:47:47.814+0000][35.317s] GC(7) Concurrent Mark (35.054s, 35.317s) 262.571ms
[2022-03-22T07:47:47.815+0000][35.317s] GC(7) Pause Remark
[2022-03-22T07:47:47.862+0000][35.364s] GC(7) Cleaned string and symbol table, strings: 12450 processed, 1 removed, symbols: 80084 processed, 38 removed
[2022-03-22T07:47:47.862+0000][35.365s] GC(7) Pause Remark 30M->30M(512M) 47.675ms
[2022-03-22T07:47:47.863+0000][35.365s] GC(7) User=0.03s Sys=0.00s Real=0.05s
[2022-03-22T07:47:47.863+0000][35.365s] GC(7) Concurrent Rebuild Remembered Sets
[2022-03-22T07:47:48.003+0000][35.506s] GC(7) Concurrent Rebuild Remembered Sets 140.145ms
[2022-03-22T07:47:48.012+0000][35.515s] GC(7) Pause Cleanup
[2022-03-22T07:47:48.013+0000][35.515s] GC(7) Pause Cleanup 31M->31M(512M) 0.634ms
[2022-03-22T07:47:48.013+0000][35.516s] GC(7) User=0.00s Sys=0.00s Real=0.00s
[2022-03-22T07:47:48.014+0000][35.516s] GC(7) Concurrent Cleanup for Next Mark
[2022-03-22T07:47:48.036+0000][35.539s] GC(7) Concurrent Cleanup for Next Mark 22.724ms
[2022-03-22T07:47:48.037+0000][35.539s] GC(7) Concurrent Cycle 498.402ms
