[2022-03-22T11:01:45.240+0000][0.408s] Heap region size: 1M
[2022-03-22T11:01:47.957+0000][3.125s] Using G1
[2022-03-22T11:01:47.958+0000][3.127s] Heap address: 0x00000000e0000000, size: 512 MB, Compressed Oops mode: 32-bit
[2022-03-22T11:01:47.978+0000][3.146s] Mark closed archive regions in map: [0x00000000fff00000, 0x00000000fff63ff8]
[2022-03-22T11:01:47.985+0000][3.153s] Mark open archive regions in map: [0x00000000ffe00000, 0x00000000ffe41ff8]
[2022-03-22T11:02:00.195+0000][15.363s] GC(0) Pause Young (Normal) (G1 Evacuation Pause)
[2022-03-22T11:02:00.264+0000][15.432s] GC(0) Using 4 workers of 4 for evacuation
[2022-03-22T11:02:00.434+0000][15.602s] GC(0)   Pre Evacuate Collection Set: 0.0ms
[2022-03-22T11:02:00.435+0000][15.603s] GC(0)   Evacuate Collection Set: 109.9ms
[2022-03-22T11:02:00.436+0000][15.604s] GC(0)   Post Evacuate Collection Set: 54.4ms
[2022-03-22T11:02:00.436+0000][15.605s] GC(0)   Other: 75.2ms
[2022-03-22T11:02:00.437+0000][15.605s] GC(0) Eden regions: 25->0(103)
[2022-03-22T11:02:00.437+0000][15.605s] GC(0) Survivor regions: 0->3(4)
[2022-03-22T11:02:00.437+0000][15.606s] GC(0) Old regions: 2->2
[2022-03-22T11:02:00.439+0000][15.607s] GC(0) Humongous regions: 0->0
[2022-03-22T11:02:00.439+0000][15.607s] GC(0) Metaspace: 6783K->6783K(1056768K)
[2022-03-22T11:02:00.440+0000][15.608s] GC(0) Pause Young (Normal) (G1 Evacuation Pause) 25M->3M(512M) 244.857ms
[2022-03-22T11:02:00.440+0000][15.608s] GC(0) User=0.11s Sys=0.03s Real=0.24s
[2022-03-22T11:02:07.491+0000][22.659s] GC(1) Pause Young (Normal) (G1 Evacuation Pause)
[2022-03-22T11:02:07.503+0000][22.671s] GC(1) Using 4 workers of 4 for evacuation
[2022-03-22T11:02:07.975+0000][23.143s] GC(1) MMU target violated: 251.0ms (250.0ms/251.0ms)
[2022-03-22T11:02:08.006+0000][23.174s] GC(1)   Pre Evacuate Collection Set: 0.1ms
[2022-03-22T11:02:08.023+0000][23.192s] GC(1)   Evacuate Collection Set: 465.2ms
[2022-03-22T11:02:08.061+0000][23.229s] GC(1)   Post Evacuate Collection Set: 1.0ms
[2022-03-22T11:02:08.078+0000][23.246s] GC(1)   Other: 49.1ms
[2022-03-22T11:02:08.127+0000][23.295s] GC(1) Eden regions: 22->0(21)
[2022-03-22T11:02:08.175+0000][23.343s] GC(1) Survivor regions: 3->4(4)
[2022-03-22T11:02:08.191+0000][23.359s] GC(1) Old regions: 2->10
[2022-03-22T11:02:08.202+0000][23.370s] GC(1) Humongous regions: 4->4
[2022-03-22T11:02:08.203+0000][23.371s] GC(1) Metaspace: 12672K->12672K(1060864K)
[2022-03-22T11:02:08.203+0000][23.371s] GC(1) Pause Young (Normal) (G1 Evacuation Pause) 29M->15M(512M) 712.651ms
[2022-03-22T11:02:08.203+0000][23.372s] GC(1) User=0.31s Sys=0.02s Real=0.72s
[2022-03-22T11:02:14.463+0000][29.631s] GC(2) Pause Young (Normal) (G1 Evacuation Pause)
[2022-03-22T11:02:14.481+0000][29.649s] GC(2) Using 4 workers of 4 for evacuation
[2022-03-22T11:02:14.836+0000][30.004s] GC(2) MMU target violated: 251.0ms (250.0ms/251.0ms)
[2022-03-22T11:02:14.851+0000][30.019s] GC(2)   Pre Evacuate Collection Set: 0.1ms
[2022-03-22T11:02:14.890+0000][30.058s] GC(2)   Evacuate Collection Set: 297.6ms
[2022-03-22T11:02:14.922+0000][30.090s] GC(2)   Post Evacuate Collection Set: 24.9ms
[2022-03-22T11:02:14.954+0000][30.122s] GC(2)   Other: 65.8ms
[2022-03-22T11:02:15.003+0000][30.171s] GC(2) Eden regions: 21->0(21)
[2022-03-22T11:02:15.019+0000][30.187s] GC(2) Survivor regions: 4->4(4)
[2022-03-22T11:02:15.035+0000][30.203s] GC(2) Old regions: 10->14
[2022-03-22T11:02:15.051+0000][30.219s] GC(2) Humongous regions: 4->4
[2022-03-22T11:02:15.083+0000][30.251s] GC(2) Metaspace: 15701K->15701K(1062912K)
[2022-03-22T11:02:15.149+0000][30.317s] GC(2) Pause Young (Normal) (G1 Evacuation Pause) 36M->20M(512M) 686.031ms
[2022-03-22T11:02:15.169+0000][30.337s] GC(2) User=0.25s Sys=0.06s Real=0.70s
[2022-03-22T11:02:19.182+0000][34.350s] GC(3) Pause Young (Normal) (G1 Evacuation Pause)
[2022-03-22T11:02:19.191+0000][34.359s] GC(3) Using 4 workers of 4 for evacuation
[2022-03-22T11:02:19.419+0000][34.587s] GC(3)   Pre Evacuate Collection Set: 0.1ms
[2022-03-22T11:02:19.427+0000][34.595s] GC(3)   Evacuate Collection Set: 144.0ms
[2022-03-22T11:02:19.436+0000][34.604s] GC(3)   Post Evacuate Collection Set: 79.7ms
[2022-03-22T11:02:19.452+0000][34.620s] GC(3)   Other: 13.0ms
[2022-03-22T11:02:19.468+0000][34.636s] GC(3) Eden regions: 21->0(21)
[2022-03-22T11:02:19.479+0000][34.647s] GC(3) Survivor regions: 4->4(4)
[2022-03-22T11:02:19.479+0000][34.648s] GC(3) Old regions: 14->19
[2022-03-22T11:02:19.480+0000][34.648s] GC(3) Humongous regions: 4->4
[2022-03-22T11:02:19.480+0000][34.648s] GC(3) Metaspace: 17421K->17421K(1064960K)
[2022-03-22T11:02:19.482+0000][34.650s] GC(3) Pause Young (Normal) (G1 Evacuation Pause) 41M->24M(512M) 300.258ms
[2022-03-22T11:02:19.482+0000][34.650s] GC(3) User=0.13s Sys=0.06s Real=0.30s
[2022-03-22T11:02:22.403+0000][37.571s] GC(4) Pause Young (Normal) (G1 Evacuation Pause)
[2022-03-22T11:02:22.403+0000][37.571s] GC(4) Using 4 workers of 4 for evacuation
[2022-03-22T11:02:22.472+0000][37.640s] GC(4)   Pre Evacuate Collection Set: 0.0ms
[2022-03-22T11:02:22.474+0000][37.642s] GC(4)   Evacuate Collection Set: 61.0ms
[2022-03-22T11:02:22.475+0000][37.643s] GC(4)   Post Evacuate Collection Set: 5.8ms
[2022-03-22T11:02:22.478+0000][37.646s] GC(4)   Other: 2.2ms
[2022-03-22T11:02:22.481+0000][37.649s] GC(4) Eden regions: 21->0(28)
[2022-03-22T11:02:22.497+0000][37.665s] GC(4) Survivor regions: 4->1(4)
[2022-03-22T11:02:22.498+0000][37.667s] GC(4) Old regions: 19->22
[2022-03-22T11:02:22.499+0000][37.667s] GC(4) Humongous regions: 4->4
[2022-03-22T11:02:22.499+0000][37.667s] GC(4) Metaspace: 19698K->19698K(1067008K)
[2022-03-22T11:02:22.502+0000][37.670s] GC(4) Pause Young (Normal) (G1 Evacuation Pause) 45M->24M(512M) 98.833ms
[2022-03-22T11:02:22.502+0000][37.670s] GC(4) User=0.04s Sys=0.04s Real=0.09s
[2022-03-22T11:02:22.920+0000][38.088s] GC(5) Pause Young (Concurrent Start) (Metadata GC Threshold)
[2022-03-22T11:02:22.923+0000][38.091s] GC(5) Using 4 workers of 4 for evacuation
[2022-03-22T11:02:22.996+0000][38.164s] GC(5)   Pre Evacuate Collection Set: 0.1ms
[2022-03-22T11:02:22.999+0000][38.168s] GC(5)   Evacuate Collection Set: 61.7ms
[2022-03-22T11:02:23.008+0000][38.177s] GC(5)   Post Evacuate Collection Set: 0.3ms
[2022-03-22T11:02:23.013+0000][38.181s] GC(5)   Other: 14.2ms
[2022-03-22T11:02:23.014+0000][38.182s] GC(5) Eden regions: 6->0(33)
[2022-03-22T11:02:23.016+0000][38.184s] GC(5) Survivor regions: 1->1(4)
[2022-03-22T11:02:23.018+0000][38.187s] GC(5) Old regions: 22->22
[2022-03-22T11:02:23.021+0000][38.189s] GC(5) Humongous regions: 4->4
[2022-03-22T11:02:23.026+0000][38.194s] GC(5) Metaspace: 20411K->20411K(1067008K)
[2022-03-22T11:02:23.026+0000][38.194s] GC(5) Pause Young (Concurrent Start) (Metadata GC Threshold) 30M->24M(512M) 106.481ms
[2022-03-22T11:02:23.028+0000][38.196s] GC(5) User=0.06s Sys=0.00s Real=0.11s
[2022-03-22T11:02:23.034+0000][38.202s] GC(6) Concurrent Cycle
[2022-03-22T11:02:23.034+0000][38.203s] GC(6) Concurrent Clear Claimed Marks
[2022-03-22T11:02:23.035+0000][38.203s] GC(6) Concurrent Clear Claimed Marks 0.703ms
[2022-03-22T11:02:23.035+0000][38.204s] GC(6) Concurrent Scan Root Regions
[2022-03-22T11:02:23.054+0000][38.222s] GC(6) Concurrent Scan Root Regions 18.874ms
[2022-03-22T11:02:23.057+0000][38.225s] GC(6) Concurrent Mark (38.225s)
[2022-03-22T11:02:23.058+0000][38.227s] GC(6) Concurrent Mark From Roots
[2022-03-22T11:02:23.059+0000][38.227s] GC(6) Using 1 workers of 1 for marking
[2022-03-22T11:02:23.461+0000][38.630s] GC(6) Concurrent Mark From Roots 402.947ms
[2022-03-22T11:02:23.470+0000][38.638s] GC(6) Concurrent Preclean
[2022-03-22T11:02:23.472+0000][38.640s] GC(6) Concurrent Preclean 1.728ms
[2022-03-22T11:02:23.472+0000][38.640s] GC(6) Concurrent Mark (38.225s, 38.640s) 415.342ms
[2022-03-22T11:02:23.505+0000][38.674s] GC(6) Pause Remark
[2022-03-22T11:02:23.571+0000][38.740s] GC(6) Cleaned string and symbol table, strings: 9419 processed, 26 removed, symbols: 62780 processed, 40 removed
[2022-03-22T11:02:23.584+0000][38.752s] GC(6) Pause Remark 29M->29M(512M) 80.252ms
[2022-03-22T11:02:23.584+0000][38.752s] GC(6) User=0.05s Sys=0.02s Real=0.08s
[2022-03-22T11:02:23.584+0000][38.753s] GC(6) Concurrent Rebuild Remembered Sets
[2022-03-22T11:02:23.751+0000][38.919s] GC(6) Concurrent Rebuild Remembered Sets 166.506ms
[2022-03-22T11:02:23.769+0000][38.937s] GC(6) Pause Cleanup
[2022-03-22T11:02:23.773+0000][38.941s] GC(6) Pause Cleanup 30M->30M(512M) 4.427ms
[2022-03-22T11:02:23.774+0000][38.942s] GC(6) User=0.00s Sys=0.00s Real=0.01s
[2022-03-22T11:02:23.778+0000][38.946s] GC(6) Concurrent Cleanup for Next Mark
[2022-03-22T11:02:23.797+0000][38.965s] GC(6) Concurrent Cleanup for Next Mark 18.534ms
[2022-03-22T11:02:23.797+0000][38.965s] GC(6) Concurrent Cycle 762.937ms
[2022-03-22T11:02:31.041+0000][46.209s] GC(7) Pause Young (Concurrent Start) (G1 Evacuation Pause)
[2022-03-22T11:02:31.044+0000][46.212s] GC(7) Using 4 workers of 4 for evacuation
[2022-03-22T11:02:31.123+0000][46.291s] GC(7)   Pre Evacuate Collection Set: 0.1ms
[2022-03-22T11:02:31.132+0000][46.300s] GC(7)   Evacuate Collection Set: 57.2ms
[2022-03-22T11:02:31.146+0000][46.315s] GC(7)   Post Evacuate Collection Set: 8.2ms
[2022-03-22T11:02:31.160+0000][46.328s] GC(7)   Other: 16.2ms
[2022-03-22T11:02:31.162+0000][46.331s] GC(7) Eden regions: 34->0(49)
[2022-03-22T11:02:31.173+0000][46.342s] GC(7) Survivor regions: 1->1(5)
[2022-03-22T11:02:31.175+0000][46.343s] GC(7) Old regions: 22->22
[2022-03-22T11:02:31.177+0000][46.345s] GC(7) Humongous regions: 4->4
[2022-03-22T11:02:31.177+0000][46.345s] GC(7) Metaspace: 23644K->23644K(1071104K)
[2022-03-22T11:02:31.178+0000][46.346s] GC(7) Pause Young (Concurrent Start) (G1 Evacuation Pause) 58M->24M(512M) 136.967ms
[2022-03-22T11:02:31.178+0000][46.347s] GC(7) User=0.09s Sys=0.01s Real=0.14s
[2022-03-22T11:02:31.179+0000][46.347s] GC(8) Concurrent Cycle
[2022-03-22T11:02:31.182+0000][46.350s] GC(8) Concurrent Clear Claimed Marks
[2022-03-22T11:02:31.190+0000][46.358s] GC(8) Concurrent Clear Claimed Marks 8.031ms
[2022-03-22T11:02:31.212+0000][46.380s] GC(8) Concurrent Scan Root Regions
[2022-03-22T11:02:31.215+0000][46.384s] GC(8) Concurrent Scan Root Regions 3.523ms
[2022-03-22T11:02:31.217+0000][46.385s] GC(8) Concurrent Mark (46.385s)
[2022-03-22T11:02:31.218+0000][46.386s] GC(8) Concurrent Mark From Roots
[2022-03-22T11:02:31.218+0000][46.386s] GC(8) Using 1 workers of 1 for marking
[2022-03-22T11:02:31.717+0000][46.885s] GC(8) Concurrent Mark From Roots 499.020ms
[2022-03-22T11:02:31.726+0000][46.894s] GC(8) Concurrent Preclean
[2022-03-22T11:02:31.727+0000][46.895s] GC(8) Concurrent Preclean 0.658ms
[2022-03-22T11:02:31.728+0000][46.896s] GC(8) Concurrent Mark (46.385s, 46.896s) 510.457ms
[2022-03-22T11:02:31.728+0000][46.897s] GC(8) Pause Remark
[2022-03-22T11:02:31.823+0000][46.991s] GC(8) Cleaned string and symbol table, strings: 9984 processed, 0 removed, symbols: 69196 processed, 7 removed
[2022-03-22T11:02:31.840+0000][47.008s] GC(8) Pause Remark 29M->29M(512M) 111.746ms
[2022-03-22T11:02:31.859+0000][47.027s] GC(8) User=0.03s Sys=0.02s Real=0.13s
[2022-03-22T11:02:31.859+0000][47.028s] GC(8) Concurrent Rebuild Remembered Sets
[2022-03-22T11:02:32.131+0000][47.300s] GC(8) Concurrent Rebuild Remembered Sets 272.078ms
[2022-03-22T11:02:32.168+0000][47.336s] GC(8) Pause Cleanup
[2022-03-22T11:02:32.196+0000][47.364s] GC(8) Pause Cleanup 31M->31M(512M) 28.774ms
[2022-03-22T11:02:32.197+0000][47.365s] GC(8) User=0.00s Sys=0.01s Real=0.03s
[2022-03-22T11:02:32.197+0000][47.365s] GC(8) Concurrent Cleanup for Next Mark
[2022-03-22T11:02:32.204+0000][47.373s] GC(8) Concurrent Cleanup for Next Mark 7.311ms
[2022-03-22T11:02:32.237+0000][47.406s] GC(8) Concurrent Cycle 1058.571ms
[2022-03-22T11:02:43.748+0000][58.917s] GC(9) Pause Young (Normal) (G1 Evacuation Pause)
[2022-03-22T11:02:43.759+0000][58.927s] GC(9) Using 4 workers of 4 for evacuation
[2022-03-22T11:02:43.858+0000][59.026s] GC(9)   Pre Evacuate Collection Set: 0.1ms
[2022-03-22T11:02:43.858+0000][59.026s] GC(9)   Evacuate Collection Set: 91.9ms
[2022-03-22T11:02:43.858+0000][59.026s] GC(9)   Post Evacuate Collection Set: 6.0ms
[2022-03-22T11:02:43.858+0000][59.027s] GC(9)   Other: 11.1ms
[2022-03-22T11:02:43.859+0000][59.027s] GC(9) Eden regions: 51->0(62)
[2022-03-22T11:02:43.859+0000][59.027s] GC(9) Survivor regions: 1->4(7)
[2022-03-22T11:02:43.859+0000][59.027s] GC(9) Old regions: 22->22
[2022-03-22T11:02:43.859+0000][59.028s] GC(9) Humongous regions: 4->4
[2022-03-22T11:02:43.860+0000][59.028s] GC(9) Metaspace: 30851K->30851K(1077248K)
[2022-03-22T11:02:43.860+0000][59.028s] GC(9) Pause Young (Normal) (G1 Evacuation Pause) 75M->28M(512M) 111.455ms
[2022-03-22T11:02:43.860+0000][59.028s] GC(9) User=0.07s Sys=0.00s Real=0.11s
[2022-03-22T11:04:11.018+0000][146.186s] GC(10) Pause Young (Normal) (G1 Evacuation Pause)
[2022-03-22T11:04:11.018+0000][146.186s] GC(10) Using 4 workers of 4 for evacuation
[2022-03-22T11:04:11.043+0000][146.211s] GC(10)   Pre Evacuate Collection Set: 0.1ms
[2022-03-22T11:04:11.043+0000][146.211s] GC(10)   Evacuate Collection Set: 23.0ms
[2022-03-22T11:04:11.043+0000][146.212s] GC(10)   Post Evacuate Collection Set: 1.1ms
[2022-03-22T11:04:11.044+0000][146.212s] GC(10)   Other: 0.8ms
[2022-03-22T11:04:11.044+0000][146.213s] GC(10) Eden regions: 62->0(75)
[2022-03-22T11:04:11.045+0000][146.213s] GC(10) Survivor regions: 4->9(9)
[2022-03-22T11:04:11.045+0000][146.213s] GC(10) Old regions: 22->22
[2022-03-22T11:04:11.045+0000][146.213s] GC(10) Humongous regions: 4->4
[2022-03-22T11:04:11.045+0000][146.213s] GC(10) Metaspace: 36819K->36819K(1083392K)
[2022-03-22T11:04:11.046+0000][146.214s] GC(10) Pause Young (Normal) (G1 Evacuation Pause) 90M->32M(512M) 28.309ms
[2022-03-22T11:04:11.046+0000][146.215s] GC(10) User=0.10s Sys=0.00s Real=0.03s
[2022-03-22T12:10:52.353+0000][4147.521s] Heap
[2022-03-22T12:10:52.360+0000][4147.528s]  garbage-first heap   total 524288K, used 60792K [0x00000000e0000000, 0x0000000100000000)
[2022-03-22T12:10:52.360+0000][4147.528s]   region size 1024K, 38 young (38912K), 9 survivors (9216K)
[2022-03-22T12:10:52.378+0000][4147.546s]  Metaspace       used 37467K, capacity 38555K, committed 38804K, reserved 1083392K
[2022-03-22T12:10:52.380+0000][4147.548s]   class space    used 4406K, capacity 4812K, committed 4812K, reserved 1048576K
