[2022-03-17T08:16:45.372+0000][0.285s] Heap region size: 1M
[2022-03-17T08:16:45.734+0000][0.646s] Using G1
[2022-03-17T08:16:45.734+0000][0.647s] Heap address: 0x00000000e0000000, size: 512 MB, Compressed Oops mode: 32-bit
[2022-03-17T08:16:45.735+0000][0.648s] Mark closed archive regions in map: [0x00000000fff00000, 0x00000000fff63ff8]
[2022-03-17T08:16:45.735+0000][0.648s] Mark open archive regions in map: [0x00000000ffe00000, 0x00000000ffe41ff8]
[2022-03-17T08:16:55.603+0000][10.516s] GC(0) Pause Young (Normal) (G1 Evacuation Pause)
[2022-03-17T08:16:55.616+0000][10.528s] GC(0) Using 4 workers of 4 for evacuation
[2022-03-17T08:16:55.816+0000][10.728s] GC(0)   Pre Evacuate Collection Set: 0.1ms
[2022-03-17T08:16:55.821+0000][10.734s] GC(0)   Evacuate Collection Set: 142.1ms
[2022-03-17T08:16:55.835+0000][10.748s] GC(0)   Post Evacuate Collection Set: 42.0ms
[2022-03-17T08:16:55.845+0000][10.757s] GC(0)   Other: 28.2ms
[2022-03-17T08:16:55.851+0000][10.764s] GC(0) Eden regions: 25->0(22)
[2022-03-17T08:16:55.853+0000][10.766s] GC(0) Survivor regions: 0->3(4)
[2022-03-17T08:16:55.857+0000][10.770s] GC(0) Old regions: 2->2
[2022-03-17T08:16:55.859+0000][10.771s] GC(0) Humongous regions: 0->0
[2022-03-17T08:16:55.860+0000][10.772s] GC(0) Metaspace: 6928K->6928K(1056768K)
[2022-03-17T08:16:55.861+0000][10.773s] GC(0) Pause Young (Normal) (G1 Evacuation Pause) 25M->3M(512M) 257.378ms
[2022-03-17T08:16:55.870+0000][10.782s] GC(0) User=0.11s Sys=0.02s Real=0.27s
[2022-03-17T08:17:00.693+0000][15.606s] GC(1) Pause Young (Normal) (G1 Evacuation Pause)
[2022-03-17T08:17:00.706+0000][15.618s] GC(1) Using 4 workers of 4 for evacuation
[2022-03-17T08:17:00.933+0000][15.846s] GC(1)   Pre Evacuate Collection Set: 0.0ms
[2022-03-17T08:17:00.952+0000][15.865s] GC(1)   Evacuate Collection Set: 205.1ms
[2022-03-17T08:17:00.960+0000][15.872s] GC(1)   Post Evacuate Collection Set: 16.9ms
[2022-03-17T08:17:00.976+0000][15.889s] GC(1)   Other: 18.2ms
[2022-03-17T08:17:00.991+0000][15.904s] GC(1) Eden regions: 22->0(21)
[2022-03-17T08:17:00.997+0000][15.909s] GC(1) Survivor regions: 3->4(4)
[2022-03-17T08:17:01.007+0000][15.920s] GC(1) Old regions: 2->10
[2022-03-17T08:17:01.007+0000][15.920s] GC(1) Humongous regions: 4->4
[2022-03-17T08:17:01.008+0000][15.920s] GC(1) Metaspace: 12939K->12939K(1060864K)
[2022-03-17T08:17:01.008+0000][15.921s] GC(1) Pause Young (Normal) (G1 Evacuation Pause) 29M->15M(512M) 315.009ms
[2022-03-17T08:17:01.021+0000][15.933s] GC(1) User=0.20s Sys=0.00s Real=0.33s
[2022-03-17T08:17:03.585+0000][18.498s] GC(2) Pause Young (Normal) (G1 Evacuation Pause)
[2022-03-17T08:17:03.586+0000][18.499s] GC(2) Using 4 workers of 4 for evacuation
[2022-03-17T08:17:03.657+0000][18.569s] GC(2)   Pre Evacuate Collection Set: 0.0ms
[2022-03-17T08:17:03.657+0000][18.570s] GC(2)   Evacuate Collection Set: 68.3ms
[2022-03-17T08:17:03.657+0000][18.570s] GC(2)   Post Evacuate Collection Set: 0.9ms
[2022-03-17T08:17:03.657+0000][18.570s] GC(2)   Other: 2.0ms
[2022-03-17T08:17:03.658+0000][18.570s] GC(2) Eden regions: 21->0(26)
[2022-03-17T08:17:03.658+0000][18.571s] GC(2) Survivor regions: 4->4(4)
[2022-03-17T08:17:03.658+0000][18.571s] GC(2) Old regions: 10->15
[2022-03-17T08:17:03.659+0000][18.572s] GC(2) Humongous regions: 4->4
[2022-03-17T08:17:03.659+0000][18.572s] GC(2) Metaspace: 15769K->15769K(1062912K)
[2022-03-17T08:17:03.660+0000][18.572s] GC(2) Pause Young (Normal) (G1 Evacuation Pause) 36M->21M(512M) 74.328ms
[2022-03-17T08:17:03.660+0000][18.573s] GC(2) User=0.04s Sys=0.00s Real=0.08s
[2022-03-17T08:17:06.533+0000][21.445s] GC(3) Pause Young (Normal) (G1 Evacuation Pause)
[2022-03-17T08:17:06.536+0000][21.448s] GC(3) Using 4 workers of 4 for evacuation
[2022-03-17T08:17:06.606+0000][21.519s] GC(3)   Pre Evacuate Collection Set: 0.0ms
[2022-03-17T08:17:06.607+0000][21.519s] GC(3)   Evacuate Collection Set: 59.6ms
[2022-03-17T08:17:06.607+0000][21.519s] GC(3)   Post Evacuate Collection Set: 10.5ms
[2022-03-17T08:17:06.607+0000][21.520s] GC(3)   Other: 3.4ms
[2022-03-17T08:17:06.611+0000][21.523s] GC(3) Eden regions: 26->0(32)
[2022-03-17T08:17:06.616+0000][21.528s] GC(3) Survivor regions: 4->4(4)
[2022-03-17T08:17:06.617+0000][21.529s] GC(3) Old regions: 15->19
[2022-03-17T08:17:06.617+0000][21.530s] GC(3) Humongous regions: 4->4
[2022-03-17T08:17:06.617+0000][21.530s] GC(3) Metaspace: 17992K->17992K(1064960K)
[2022-03-17T08:17:06.617+0000][21.530s] GC(3) Pause Young (Normal) (G1 Evacuation Pause) 47M->24M(512M) 84.648ms
[2022-03-17T08:17:06.618+0000][21.530s] GC(3) User=0.07s Sys=0.00s Real=0.09s
[2022-03-17T08:17:08.024+0000][22.937s] GC(4) Pause Young (Concurrent Start) (Metadata GC Threshold)
[2022-03-17T08:17:08.036+0000][22.948s] GC(4) Using 4 workers of 4 for evacuation
[2022-03-17T08:17:08.080+0000][22.993s] GC(4)   Pre Evacuate Collection Set: 0.1ms
[2022-03-17T08:17:08.084+0000][22.997s] GC(4)   Evacuate Collection Set: 42.0ms
[2022-03-17T08:17:08.085+0000][22.997s] GC(4)   Post Evacuate Collection Set: 0.5ms
[2022-03-17T08:17:08.085+0000][22.997s] GC(4)   Other: 13.3ms
[2022-03-17T08:17:08.085+0000][22.998s] GC(4) Eden regions: 22->0(38)
[2022-03-17T08:17:08.085+0000][22.998s] GC(4) Survivor regions: 4->1(5)
[2022-03-17T08:17:08.085+0000][22.998s] GC(4) Old regions: 19->22
[2022-03-17T08:17:08.086+0000][22.998s] GC(4) Humongous regions: 4->4
[2022-03-17T08:17:08.086+0000][22.999s] GC(4) Metaspace: 20434K->20434K(1067008K)
[2022-03-17T08:17:08.086+0000][22.999s] GC(4) Pause Young (Concurrent Start) (Metadata GC Threshold) 46M->25M(512M) 61.755ms
[2022-03-17T08:17:08.086+0000][22.999s] GC(4) User=0.04s Sys=0.00s Real=0.07s
[2022-03-17T08:17:08.087+0000][22.999s] GC(5) Concurrent Cycle
[2022-03-17T08:17:08.087+0000][23.000s] GC(5) Concurrent Clear Claimed Marks
[2022-03-17T08:17:08.087+0000][23.000s] GC(5) Concurrent Clear Claimed Marks 0.257ms
[2022-03-17T08:17:08.087+0000][23.000s] GC(5) Concurrent Scan Root Regions
[2022-03-17T08:17:08.089+0000][23.002s] GC(5) Concurrent Scan Root Regions 1.372ms
[2022-03-17T08:17:08.089+0000][23.002s] GC(5) Concurrent Mark (23.002s)
[2022-03-17T08:17:08.089+0000][23.002s] GC(5) Concurrent Mark From Roots
[2022-03-17T08:17:08.090+0000][23.002s] GC(5) Using 1 workers of 1 for marking
[2022-03-17T08:17:08.339+0000][23.252s] GC(5) Concurrent Mark From Roots 249.509ms
[2022-03-17T08:17:08.339+0000][23.252s] GC(5) Concurrent Preclean
[2022-03-17T08:17:08.340+0000][23.253s] GC(5) Concurrent Preclean 0.439ms
[2022-03-17T08:17:08.340+0000][23.253s] GC(5) Concurrent Mark (23.002s, 23.253s) 250.842ms
[2022-03-17T08:17:08.340+0000][23.253s] GC(5) Pause Remark
[2022-03-17T08:17:08.367+0000][23.279s] GC(5) Cleaned string and symbol table, strings: 9382 processed, 26 removed, symbols: 62269 processed, 30 removed
[2022-03-17T08:17:08.367+0000][23.280s] GC(5) Pause Remark 28M->28M(512M) 26.743ms
[2022-03-17T08:17:08.367+0000][23.280s] GC(5) User=0.03s Sys=0.00s Real=0.03s
[2022-03-17T08:17:08.368+0000][23.280s] GC(5) Concurrent Rebuild Remembered Sets
[2022-03-17T08:17:08.506+0000][23.418s] GC(5) Concurrent Rebuild Remembered Sets 137.868ms
[2022-03-17T08:17:08.506+0000][23.419s] GC(5) Pause Cleanup
[2022-03-17T08:17:08.507+0000][23.419s] GC(5) Pause Cleanup 30M->30M(512M) 0.444ms
[2022-03-17T08:17:08.507+0000][23.420s] GC(5) User=0.00s Sys=0.00s Real=0.00s
[2022-03-17T08:17:08.507+0000][23.420s] GC(5) Concurrent Cleanup for Next Mark
[2022-03-17T08:17:08.656+0000][23.568s] GC(5) Concurrent Cleanup for Next Mark 148.590ms
[2022-03-17T08:17:08.656+0000][23.569s] GC(5) Concurrent Cycle 569.416ms
[2022-03-17T08:17:12.297+0000][27.209s] GC(6) Pause Young (Concurrent Start) (G1 Evacuation Pause)
[2022-03-17T08:17:12.305+0000][27.217s] GC(6) Using 4 workers of 4 for evacuation
[2022-03-17T08:17:12.343+0000][27.255s] GC(6)   Pre Evacuate Collection Set: 0.1ms
[2022-03-17T08:17:12.343+0000][27.256s] GC(6)   Evacuate Collection Set: 28.3ms
[2022-03-17T08:17:12.343+0000][27.256s] GC(6)   Post Evacuate Collection Set: 0.5ms
[2022-03-17T08:17:12.344+0000][27.257s] GC(6)   Other: 17.0ms
[2022-03-17T08:17:12.346+0000][27.259s] GC(6) Eden regions: 38->0(78)
[2022-03-17T08:17:12.348+0000][27.260s] GC(6) Survivor regions: 1->1(5)
[2022-03-17T08:17:12.348+0000][27.261s] GC(6) Old regions: 22->22
[2022-03-17T08:17:12.362+0000][27.274s] GC(6) Humongous regions: 4->4
[2022-03-17T08:17:12.366+0000][27.278s] GC(6) Metaspace: 24154K->24154K(1071104K)
[2022-03-17T08:17:12.381+0000][27.293s] GC(6) Pause Young (Concurrent Start) (G1 Evacuation Pause) 63M->25M(512M) 83.897ms
[2022-03-17T08:17:12.381+0000][27.294s] GC(6) User=0.04s Sys=0.00s Real=0.08s
[2022-03-17T08:17:12.381+0000][27.294s] GC(7) Concurrent Cycle
[2022-03-17T08:17:12.382+0000][27.294s] GC(7) Concurrent Clear Claimed Marks
[2022-03-17T08:17:12.382+0000][27.295s] GC(7) Concurrent Clear Claimed Marks 0.254ms
[2022-03-17T08:17:12.382+0000][27.295s] GC(7) Concurrent Scan Root Regions
[2022-03-17T08:17:12.406+0000][27.318s] GC(7) Concurrent Scan Root Regions 23.615ms
[2022-03-17T08:17:12.406+0000][27.319s] GC(7) Concurrent Mark (27.319s)
[2022-03-17T08:17:12.406+0000][27.319s] GC(7) Concurrent Mark From Roots
[2022-03-17T08:17:12.407+0000][27.319s] GC(7) Using 1 workers of 1 for marking
[2022-03-17T08:17:12.605+0000][27.518s] GC(7) Concurrent Mark From Roots 198.832ms
[2022-03-17T08:17:12.607+0000][27.519s] GC(7) Concurrent Preclean
[2022-03-17T08:17:12.607+0000][27.520s] GC(7) Concurrent Preclean 0.521ms
[2022-03-17T08:17:12.608+0000][27.520s] GC(7) Concurrent Mark (27.319s, 27.520s) 201.485ms
[2022-03-17T08:17:12.608+0000][27.521s] GC(7) Pause Remark
[2022-03-17T08:17:12.676+0000][27.589s] GC(7) Cleaned string and symbol table, strings: 10238 processed, 0 removed, symbols: 71143 processed, 24 removed
[2022-03-17T08:17:12.680+0000][27.593s] GC(7) Pause Remark 29M->29M(512M) 71.966ms
[2022-03-17T08:17:12.681+0000][27.593s] GC(7) User=0.03s Sys=0.00s Real=0.07s
[2022-03-17T08:17:12.681+0000][27.594s] GC(7) Concurrent Rebuild Remembered Sets
[2022-03-17T08:17:12.806+0000][27.718s] GC(7) Concurrent Rebuild Remembered Sets 124.608ms
[2022-03-17T08:17:12.807+0000][27.719s] GC(7) Pause Cleanup
[2022-03-17T08:17:12.807+0000][27.720s] GC(7) Pause Cleanup 30M->30M(512M) 0.530ms
[2022-03-17T08:17:12.808+0000][27.720s] GC(7) User=0.00s Sys=0.00s Real=0.00s
[2022-03-17T08:17:12.814+0000][27.727s] GC(7) Concurrent Cleanup for Next Mark
[2022-03-17T08:17:12.816+0000][27.729s] GC(7) Concurrent Cleanup for Next Mark 2.138ms
[2022-03-17T08:17:12.817+0000][27.729s] GC(7) Concurrent Cycle 435.301ms
[2022-03-17T08:17:26.724+0000][41.637s] GC(8) Pause Young (Normal) (G1 Evacuation Pause)
[2022-03-17T08:17:26.724+0000][41.637s] GC(8) Using 4 workers of 4 for evacuation
[2022-03-17T08:17:26.868+0000][41.781s] GC(8)   Pre Evacuate Collection Set: 0.1ms
[2022-03-17T08:17:26.869+0000][41.781s] GC(8)   Evacuate Collection Set: 139.6ms
[2022-03-17T08:17:26.869+0000][41.782s] GC(8)   Post Evacuate Collection Set: 3.7ms
[2022-03-17T08:17:26.869+0000][41.782s] GC(8)   Other: 1.1ms
[2022-03-17T08:17:26.870+0000][41.782s] GC(8) Eden regions: 78->0(87)
[2022-03-17T08:17:26.870+0000][41.783s] GC(8) Survivor regions: 1->7(10)
[2022-03-17T08:17:26.870+0000][41.783s] GC(8) Old regions: 22->22
[2022-03-17T08:17:26.870+0000][41.783s] GC(8) Humongous regions: 4->4
[2022-03-17T08:17:26.870+0000][41.783s] GC(8) Metaspace: 33463K->33463K(1079296K)
[2022-03-17T08:17:26.871+0000][41.783s] GC(8) Pause Young (Normal) (G1 Evacuation Pause) 103M->30M(512M) 146.719ms
[2022-03-17T08:17:26.871+0000][41.784s] GC(8) User=0.13s Sys=0.00s Real=0.15s
[2022-03-17T08:37:46.216+0000][1261.129s] Heap
[2022-03-17T08:37:46.219+0000][1261.131s]  garbage-first heap   total 524288K, used 75512K [0x00000000e0000000, 0x0000000100000000)
[2022-03-17T08:37:46.223+0000][1261.135s]   region size 1024K, 52 young (53248K), 7 survivors (7168K)
[2022-03-17T08:37:46.226+0000][1261.138s]  Metaspace       used 37241K, capacity 38255K, committed 38344K, reserved 1083392K
[2022-03-17T08:37:46.227+0000][1261.140s]   class space    used 4394K, capacity 4818K, committed 4864K, reserved 1048576K
