[2022-03-23T05:21:02.918+0000][0.687s] Heap region size: 1M
[2022-03-23T05:21:03.625+0000][1.393s] Using G1
[2022-03-23T05:21:03.629+0000][1.397s] Heap address: 0x00000000e0000000, size: 512 MB, Compressed Oops mode: 32-bit
[2022-03-23T05:21:03.631+0000][1.399s] Mark closed archive regions in map: [0x00000000fff00000, 0x00000000fff63ff8]
[2022-03-23T05:21:03.632+0000][1.400s] Mark open archive regions in map: [0x00000000ffe00000, 0x00000000ffe41ff8]
[2022-03-23T05:21:13.950+0000][11.718s] GC(0) Pause Young (Normal) (G1 Evacuation Pause)
[2022-03-23T05:21:13.972+0000][11.740s] GC(0) Using 4 workers of 4 for evacuation
[2022-03-23T05:21:14.072+0000][11.841s] GC(0)   Pre Evacuate Collection Set: 2.5ms
[2022-03-23T05:21:14.083+0000][11.852s] GC(0)   Evacuate Collection Set: 46.1ms
[2022-03-23T05:21:14.090+0000][11.858s] GC(0)   Post Evacuate Collection Set: 51.3ms
[2022-03-23T05:21:14.093+0000][11.862s] GC(0)   Other: 22.6ms
[2022-03-23T05:21:14.094+0000][11.862s] GC(0) Eden regions: 25->0(113)
[2022-03-23T05:21:14.094+0000][11.862s] GC(0) Survivor regions: 0->3(4)
[2022-03-23T05:21:14.095+0000][11.863s] GC(0) Old regions: 2->2
[2022-03-23T05:21:14.095+0000][11.863s] GC(0) Humongous regions: 0->0
[2022-03-23T05:21:14.098+0000][11.866s] GC(0) Metaspace: 6938K->6938K(1056768K)
[2022-03-23T05:21:14.098+0000][11.867s] GC(0) Pause Young (Normal) (G1 Evacuation Pause) 25M->3M(512M) 148.291ms
[2022-03-23T05:21:14.111+0000][11.879s] GC(0) User=0.12s Sys=0.04s Real=0.16s
[2022-03-23T05:21:21.478+0000][19.246s] GC(1) Pause Young (Normal) (G1 Evacuation Pause)
[2022-03-23T05:21:21.493+0000][19.261s] GC(1) Using 4 workers of 4 for evacuation
[2022-03-23T05:21:21.858+0000][19.627s] GC(1) MMU target violated: 251.0ms (250.0ms/251.0ms)
[2022-03-23T05:21:21.859+0000][19.627s] GC(1)   Pre Evacuate Collection Set: 0.1ms
[2022-03-23T05:21:21.859+0000][19.627s] GC(1)   Evacuate Collection Set: 315.9ms
[2022-03-23T05:21:21.860+0000][19.628s] GC(1)   Post Evacuate Collection Set: 32.9ms
[2022-03-23T05:21:21.860+0000][19.629s] GC(1)   Other: 31.8ms
[2022-03-23T05:21:21.862+0000][19.630s] GC(1) Eden regions: 22->0(21)
[2022-03-23T05:21:21.862+0000][19.631s] GC(1) Survivor regions: 3->4(4)
[2022-03-23T05:21:21.865+0000][19.633s] GC(1) Old regions: 2->10
[2022-03-23T05:21:21.865+0000][19.634s] GC(1) Humongous regions: 4->4
[2022-03-23T05:21:21.866+0000][19.634s] GC(1) Metaspace: 12912K->12912K(1060864K)
[2022-03-23T05:21:21.866+0000][19.634s] GC(1) Pause Young (Normal) (G1 Evacuation Pause) 29M->16M(512M) 387.889ms
[2022-03-23T05:21:21.867+0000][19.635s] GC(1) User=0.40s Sys=0.08s Real=0.39s
[2022-03-23T05:21:26.499+0000][24.268s] GC(2) Pause Young (Normal) (G1 Evacuation Pause)
[2022-03-23T05:21:26.510+0000][24.279s] GC(2) Using 4 workers of 4 for evacuation
[2022-03-23T05:21:26.633+0000][24.402s] GC(2)   Pre Evacuate Collection Set: 0.0ms
[2022-03-23T05:21:26.634+0000][24.402s] GC(2)   Evacuate Collection Set: 97.3ms
[2022-03-23T05:21:26.634+0000][24.403s] GC(2)   Post Evacuate Collection Set: 25.0ms
[2022-03-23T05:21:26.635+0000][24.403s] GC(2)   Other: 11.7ms
[2022-03-23T05:21:26.635+0000][24.404s] GC(2) Eden regions: 21->0(24)
[2022-03-23T05:21:26.635+0000][24.404s] GC(2) Survivor regions: 4->4(4)
[2022-03-23T05:21:26.636+0000][24.405s] GC(2) Old regions: 10->15
[2022-03-23T05:21:26.648+0000][24.417s] GC(2) Humongous regions: 4->4
[2022-03-23T05:21:26.651+0000][24.419s] GC(2) Metaspace: 15724K->15724K(1062912K)
[2022-03-23T05:21:26.669+0000][24.438s] GC(2) Pause Young (Normal) (G1 Evacuation Pause) 37M->20M(512M) 169.898ms
[2022-03-23T05:21:26.672+0000][24.441s] GC(2) User=0.16s Sys=0.04s Real=0.17s
[2022-03-23T05:21:31.222+0000][28.990s] GC(3) Pause Young (Normal) (G1 Evacuation Pause)
[2022-03-23T05:21:31.243+0000][29.012s] GC(3) Using 4 workers of 4 for evacuation
[2022-03-23T05:21:31.283+0000][29.051s] GC(3)   Pre Evacuate Collection Set: 0.1ms
[2022-03-23T05:21:31.296+0000][29.065s] GC(3)   Evacuate Collection Set: 35.1ms
[2022-03-23T05:21:31.313+0000][29.081s] GC(3)   Post Evacuate Collection Set: 3.6ms
[2022-03-23T05:21:31.329+0000][29.097s] GC(3)   Other: 22.1ms
[2022-03-23T05:21:31.377+0000][29.145s] GC(3) Eden regions: 24->0(33)
[2022-03-23T05:21:31.441+0000][29.209s] GC(3) Survivor regions: 4->4(4)
[2022-03-23T05:21:31.496+0000][29.264s] GC(3) Old regions: 15->19
[2022-03-23T05:21:31.512+0000][29.281s] GC(3) Humongous regions: 4->4
[2022-03-23T05:21:31.529+0000][29.297s] GC(3) Metaspace: 17697K->17697K(1064960K)
[2022-03-23T05:21:31.562+0000][29.330s] GC(3) Pause Young (Normal) (G1 Evacuation Pause) 44M->24M(512M) 339.848ms
[2022-03-23T05:21:31.596+0000][29.364s] GC(3) User=0.05s Sys=0.01s Real=0.38s
[2022-03-23T05:21:36.483+0000][34.251s] GC(4) Pause Young (Concurrent Start) (Metadata GC Threshold)
[2022-03-23T05:21:36.518+0000][34.287s] GC(4) Using 4 workers of 4 for evacuation
[2022-03-23T05:21:36.598+0000][34.366s] GC(4)   Pre Evacuate Collection Set: 0.1ms
[2022-03-23T05:21:36.660+0000][34.428s] GC(4)   Evacuate Collection Set: 29.2ms
[2022-03-23T05:21:36.702+0000][34.470s] GC(4)   Post Evacuate Collection Set: 0.6ms
[2022-03-23T05:21:36.703+0000][34.471s] GC(4)   Other: 85.5ms
[2022-03-23T05:21:36.851+0000][34.620s] GC(4) Eden regions: 24->0(44)
[2022-03-23T05:21:36.928+0000][34.696s] GC(4) Survivor regions: 4->1(5)
[2022-03-23T05:21:36.933+0000][34.701s] GC(4) Old regions: 19->22
[2022-03-23T05:21:36.972+0000][34.740s] GC(4) Humongous regions: 4->4
[2022-03-23T05:21:36.979+0000][34.748s] GC(4) Metaspace: 20398K->20398K(1067008K)
[2022-03-23T05:21:36.990+0000][34.758s] GC(4) Pause Young (Concurrent Start) (Metadata GC Threshold) 47M->24M(512M) 507.280ms
[2022-03-23T05:21:37.005+0000][34.773s] GC(4) User=0.10s Sys=0.04s Real=0.52s
[2022-03-23T05:21:37.024+0000][34.792s] GC(5) Concurrent Cycle
[2022-03-23T05:21:37.056+0000][34.824s] GC(5) Concurrent Clear Claimed Marks
[2022-03-23T05:21:37.070+0000][34.838s] GC(5) Concurrent Clear Claimed Marks 13.816ms
[2022-03-23T05:21:37.084+0000][34.852s] GC(5) Concurrent Scan Root Regions
[2022-03-23T05:21:37.099+0000][34.867s] GC(5) Concurrent Scan Root Regions 15.101ms
[2022-03-23T05:21:37.100+0000][34.868s] GC(5) Concurrent Mark (34.868s)
[2022-03-23T05:21:37.100+0000][34.869s] GC(5) Concurrent Mark From Roots
[2022-03-23T05:21:37.110+0000][34.879s] GC(5) Using 1 workers of 1 for marking
[2022-03-23T05:21:37.440+0000][35.208s] GC(5) Concurrent Mark From Roots 339.201ms
[2022-03-23T05:21:37.456+0000][35.224s] GC(5) Concurrent Preclean
[2022-03-23T05:21:37.575+0000][35.344s] GC(5) Concurrent Preclean 119.924ms
[2022-03-23T05:21:37.852+0000][35.620s] GC(5) Concurrent Mark (34.868s, 35.620s) 752.256ms
[2022-03-23T05:21:37.876+0000][35.644s] GC(5) Pause Remark
[2022-03-23T05:21:37.907+0000][35.676s] GC(5) Cleaned string and symbol table, strings: 9422 processed, 26 removed, symbols: 62830 processed, 40 removed
[2022-03-23T05:21:37.924+0000][35.693s] GC(5) Pause Remark 29M->29M(512M) 48.158ms
[2022-03-23T05:21:37.931+0000][35.699s] GC(5) User=0.04s Sys=0.02s Real=0.05s
[2022-03-23T05:21:37.934+0000][35.703s] GC(5) Concurrent Rebuild Remembered Sets
[2022-03-23T05:21:38.120+0000][35.889s] GC(5) Concurrent Rebuild Remembered Sets 186.107ms
[2022-03-23T05:21:38.121+0000][35.890s] GC(5) Pause Cleanup
[2022-03-23T05:21:38.122+0000][35.890s] GC(5) Pause Cleanup 30M->30M(512M) 0.614ms
[2022-03-23T05:21:38.122+0000][35.891s] GC(5) User=0.00s Sys=0.00s Real=0.01s
[2022-03-23T05:21:38.123+0000][35.891s] GC(5) Concurrent Cleanup for Next Mark
[2022-03-23T05:21:38.313+0000][36.081s] GC(5) Concurrent Cleanup for Next Mark 189.994ms
[2022-03-23T05:21:38.316+0000][36.085s] GC(5) Concurrent Cycle 1292.464ms
[2022-03-23T05:21:44.226+0000][41.995s] GC(6) Pause Young (Concurrent Start) (G1 Evacuation Pause)
[2022-03-23T05:21:44.227+0000][41.996s] GC(6) Using 4 workers of 4 for evacuation
[2022-03-23T05:21:44.292+0000][42.060s] GC(6)   Pre Evacuate Collection Set: 0.1ms
[2022-03-23T05:21:44.294+0000][42.062s] GC(6)   Evacuate Collection Set: 52.6ms
[2022-03-23T05:21:44.294+0000][42.063s] GC(6)   Post Evacuate Collection Set: 10.6ms
[2022-03-23T05:21:44.295+0000][42.063s] GC(6)   Other: 2.9ms
[2022-03-23T05:21:44.296+0000][42.064s] GC(6) Eden regions: 44->0(78)
[2022-03-23T05:21:44.302+0000][42.070s] GC(6) Survivor regions: 1->2(6)
[2022-03-23T05:21:44.302+0000][42.071s] GC(6) Old regions: 22->22
[2022-03-23T05:21:44.302+0000][42.071s] GC(6) Humongous regions: 4->4
[2022-03-23T05:21:44.303+0000][42.071s] GC(6) Metaspace: 25818K->25818K(1073152K)
[2022-03-23T05:21:44.303+0000][42.071s] GC(6) Pause Young (Concurrent Start) (G1 Evacuation Pause) 68M->25M(512M) 77.570ms
[2022-03-23T05:21:44.303+0000][42.072s] GC(6) User=0.08s Sys=0.00s Real=0.07s
[2022-03-23T05:21:44.305+0000][42.073s] GC(7) Concurrent Cycle
[2022-03-23T05:21:44.305+0000][42.074s] GC(7) Concurrent Clear Claimed Marks
[2022-03-23T05:21:44.306+0000][42.074s] GC(7) Concurrent Clear Claimed Marks 0.334ms
[2022-03-23T05:21:44.306+0000][42.074s] GC(7) Concurrent Scan Root Regions
[2022-03-23T05:21:44.353+0000][42.122s] GC(7) Concurrent Scan Root Regions 47.442ms
[2022-03-23T05:21:44.354+0000][42.122s] GC(7) Concurrent Mark (42.122s)
[2022-03-23T05:21:44.354+0000][42.122s] GC(7) Concurrent Mark From Roots
[2022-03-23T05:21:44.354+0000][42.123s] GC(7) Using 1 workers of 1 for marking
[2022-03-23T05:21:44.581+0000][42.349s] GC(7) Concurrent Mark From Roots 226.889ms
[2022-03-23T05:21:44.581+0000][42.350s] GC(7) Concurrent Preclean
[2022-03-23T05:21:44.582+0000][42.350s] GC(7) Concurrent Preclean 0.568ms
[2022-03-23T05:21:44.582+0000][42.351s] GC(7) Concurrent Mark (42.122s, 42.351s) 228.433ms
[2022-03-23T05:21:44.612+0000][42.380s] GC(7) Pause Remark
[2022-03-23T05:21:44.652+0000][42.420s] GC(7) Cleaned string and symbol table, strings: 12037 processed, 0 removed, symbols: 75500 processed, 31 removed
[2022-03-23T05:21:44.682+0000][42.450s] GC(7) Pause Remark 26M->26M(512M) 70.283ms
[2022-03-23T05:21:44.682+0000][42.451s] GC(7) User=0.07s Sys=0.01s Real=0.08s
[2022-03-23T05:21:44.683+0000][42.451s] GC(7) Concurrent Rebuild Remembered Sets
[2022-03-23T05:21:44.805+0000][42.574s] GC(7) Concurrent Rebuild Remembered Sets 122.430ms
[2022-03-23T05:21:44.832+0000][42.601s] GC(7) Pause Cleanup
[2022-03-23T05:21:44.833+0000][42.601s] GC(7) Pause Cleanup 27M->27M(512M) 0.565ms
[2022-03-23T05:21:44.833+0000][42.602s] GC(7) User=0.00s Sys=0.00s Real=0.00s
[2022-03-23T05:21:44.834+0000][42.602s] GC(7) Concurrent Cleanup for Next Mark
[2022-03-23T05:21:45.217+0000][42.985s] GC(7) Concurrent Cleanup for Next Mark 383.412ms
[2022-03-23T05:21:45.217+0000][42.986s] GC(7) Concurrent Cycle 912.435ms
[2022-03-23T05:22:06.252+0000][64.020s] GC(8) Pause Young (Normal) (G1 Evacuation Pause)
[2022-03-23T05:22:06.253+0000][64.021s] GC(8) Using 4 workers of 4 for evacuation
[2022-03-23T05:22:06.355+0000][64.123s] GC(8)   Pre Evacuate Collection Set: 0.1ms
[2022-03-23T05:22:06.356+0000][64.124s] GC(8)   Evacuate Collection Set: 97.6ms
[2022-03-23T05:22:06.357+0000][64.125s] GC(8)   Post Evacuate Collection Set: 4.1ms
[2022-03-23T05:22:06.357+0000][64.126s] GC(8)   Other: 1.2ms
[2022-03-23T05:22:06.360+0000][64.128s] GC(8) Eden regions: 78->0(94)
[2022-03-23T05:22:06.360+0000][64.129s] GC(8) Survivor regions: 2->7(10)
[2022-03-23T05:22:06.361+0000][64.129s] GC(8) Old regions: 22->22
[2022-03-23T05:22:06.363+0000][64.131s] GC(8) Humongous regions: 4->4
[2022-03-23T05:22:06.363+0000][64.131s] GC(8) Metaspace: 34101K->34101K(1081344K)
[2022-03-23T05:22:06.363+0000][64.132s] GC(8) Pause Young (Normal) (G1 Evacuation Pause) 103M->30M(512M) 111.457ms
[2022-03-23T05:22:06.364+0000][64.132s] GC(8) User=0.17s Sys=0.04s Real=0.12s
[2022-03-23T06:12:03.027+0000][3060.795s] Heap
[2022-03-23T06:12:03.032+0000][3060.800s]  garbage-first heap   total 524288K, used 122360K [0x00000000e0000000, 0x0000000100000000)
[2022-03-23T06:12:03.033+0000][3060.801s]   region size 1024K, 98 young (100352K), 7 survivors (7168K)
[2022-03-23T06:12:03.035+0000][3060.803s]  Metaspace       used 39920K, capacity 41048K, committed 41236K, reserved 1085440K
[2022-03-23T06:12:03.040+0000][3060.808s]   class space    used 4637K, capacity 5112K, committed 5196K, reserved 1048576K
