[2022-03-23T09:45:51.157+0000][0.769s] Heap region size: 1M
[2022-03-23T09:45:56.561+0000][6.173s] Using G1
[2022-03-23T09:45:56.602+0000][6.214s] Heap address: 0x00000000e0000000, size: 512 MB, Compressed Oops mode: 32-bit
[2022-03-23T09:45:56.687+0000][6.299s] Mark closed archive regions in map: [0x00000000fff00000, 0x00000000fff63ff8]
[2022-03-23T09:45:56.696+0000][6.308s] Mark open archive regions in map: [0x00000000ffe00000, 0x00000000ffe41ff8]
[2022-03-23T09:46:09.644+0000][19.255s] GC(0) Pause Young (Normal) (G1 Evacuation Pause)
[2022-03-23T09:46:09.672+0000][19.284s] GC(0) Using 4 workers of 4 for evacuation
[2022-03-23T09:46:09.916+0000][19.528s] GC(0)   Pre Evacuate Collection Set: 0.0ms
[2022-03-23T09:46:09.933+0000][19.545s] GC(0)   Evacuate Collection Set: 181.8ms
[2022-03-23T09:46:09.950+0000][19.562s] GC(0)   Post Evacuate Collection Set: 46.0ms
[2022-03-23T09:46:09.965+0000][19.577s] GC(0)   Other: 44.7ms
[2022-03-23T09:46:09.981+0000][19.593s] GC(0) Eden regions: 25->0(22)
[2022-03-23T09:46:09.993+0000][19.605s] GC(0) Survivor regions: 0->3(4)
[2022-03-23T09:46:09.994+0000][19.606s] GC(0) Old regions: 2->2
[2022-03-23T09:46:09.994+0000][19.606s] GC(0) Humongous regions: 0->0
[2022-03-23T09:46:09.995+0000][19.607s] GC(0) Metaspace: 6862K->6862K(1056768K)
[2022-03-23T09:46:09.997+0000][19.609s] GC(0) Pause Young (Normal) (G1 Evacuation Pause) 25M->3M(512M) 353.190ms
[2022-03-23T09:46:09.999+0000][19.611s] GC(0) User=0.10s Sys=0.01s Real=0.35s
[2022-03-23T09:46:19.547+0000][29.159s] GC(1) Pause Young (Normal) (G1 Evacuation Pause)
[2022-03-23T09:46:19.552+0000][29.164s] GC(1) Using 4 workers of 4 for evacuation
[2022-03-23T09:46:20.151+0000][29.762s] GC(1) MMU target violated: 251.0ms (250.0ms/251.0ms)
[2022-03-23T09:46:20.165+0000][29.777s] GC(1)   Pre Evacuate Collection Set: 0.3ms
[2022-03-23T09:46:20.181+0000][29.793s] GC(1)   Evacuate Collection Set: 518.6ms
[2022-03-23T09:46:20.197+0000][29.809s] GC(1)   Post Evacuate Collection Set: 48.5ms
[2022-03-23T09:46:20.217+0000][29.828s] GC(1)   Other: 50.9ms
[2022-03-23T09:46:20.227+0000][29.839s] GC(1) Eden regions: 22->0(21)
[2022-03-23T09:46:20.239+0000][29.851s] GC(1) Survivor regions: 3->4(4)
[2022-03-23T09:46:20.242+0000][29.854s] GC(1) Old regions: 2->10
[2022-03-23T09:46:20.242+0000][29.854s] GC(1) Humongous regions: 4->4
[2022-03-23T09:46:20.242+0000][29.854s] GC(1) Metaspace: 12901K->12901K(1060864K)
[2022-03-23T09:46:20.243+0000][29.854s] GC(1) Pause Young (Normal) (G1 Evacuation Pause) 29M->15M(512M) 695.870ms
[2022-03-23T09:46:20.243+0000][29.855s] GC(1) User=0.39s Sys=0.04s Real=0.69s
[2022-03-23T09:46:25.983+0000][35.595s] GC(2) Pause Young (Normal) (G1 Evacuation Pause)
[2022-03-23T09:46:25.983+0000][35.595s] GC(2) Using 4 workers of 4 for evacuation
[2022-03-23T09:46:26.105+0000][35.717s] GC(2)   Pre Evacuate Collection Set: 0.0ms
[2022-03-23T09:46:26.106+0000][35.717s] GC(2)   Evacuate Collection Set: 117.9ms
[2022-03-23T09:46:26.106+0000][35.718s] GC(2)   Post Evacuate Collection Set: 3.3ms
[2022-03-23T09:46:26.106+0000][35.718s] GC(2)   Other: 0.9ms
[2022-03-23T09:46:26.106+0000][35.718s] GC(2) Eden regions: 21->0(21)
[2022-03-23T09:46:26.107+0000][35.719s] GC(2) Survivor regions: 4->4(4)
[2022-03-23T09:46:26.107+0000][35.719s] GC(2) Old regions: 10->15
[2022-03-23T09:46:26.107+0000][35.719s] GC(2) Humongous regions: 4->4
[2022-03-23T09:46:26.107+0000][35.719s] GC(2) Metaspace: 15724K->15724K(1062912K)
[2022-03-23T09:46:26.108+0000][35.720s] GC(2) Pause Young (Normal) (G1 Evacuation Pause) 36M->20M(512M) 124.761ms
[2022-03-23T09:46:26.109+0000][35.720s] GC(2) User=0.11s Sys=0.00s Real=0.12s
[2022-03-23T09:46:29.593+0000][39.205s] GC(3) Pause Young (Normal) (G1 Evacuation Pause)
[2022-03-23T09:46:29.605+0000][39.217s] GC(3) Using 4 workers of 4 for evacuation
[2022-03-23T09:46:29.761+0000][39.373s] GC(3)   Pre Evacuate Collection Set: 0.0ms
[2022-03-23T09:46:29.762+0000][39.374s] GC(3)   Evacuate Collection Set: 127.8ms
[2022-03-23T09:46:29.763+0000][39.374s] GC(3)   Post Evacuate Collection Set: 20.9ms
[2022-03-23T09:46:29.763+0000][39.375s] GC(3)   Other: 18.5ms
[2022-03-23T09:46:29.763+0000][39.375s] GC(3) Eden regions: 21->0(23)
[2022-03-23T09:46:29.763+0000][39.375s] GC(3) Survivor regions: 4->4(4)
[2022-03-23T09:46:29.764+0000][39.376s] GC(3) Old regions: 15->19
[2022-03-23T09:46:29.764+0000][39.376s] GC(3) Humongous regions: 4->4
[2022-03-23T09:46:29.764+0000][39.376s] GC(3) Metaspace: 17458K->17458K(1064960K)
[2022-03-23T09:46:29.766+0000][39.378s] GC(3) Pause Young (Normal) (G1 Evacuation Pause) 41M->24M(512M) 172.314ms
[2022-03-23T09:46:29.768+0000][39.379s] GC(3) User=0.07s Sys=0.03s Real=0.17s
[2022-03-23T09:46:32.016+0000][41.628s] GC(4) Pause Young (Normal) (G1 Evacuation Pause)
[2022-03-23T09:46:32.018+0000][41.630s] GC(4) Using 4 workers of 4 for evacuation
[2022-03-23T09:46:32.130+0000][41.741s] GC(4)   Pre Evacuate Collection Set: 0.0ms
[2022-03-23T09:46:32.131+0000][41.743s] GC(4)   Evacuate Collection Set: 111.0ms
[2022-03-23T09:46:32.131+0000][41.743s] GC(4)   Post Evacuate Collection Set: 0.4ms
[2022-03-23T09:46:32.131+0000][41.743s] GC(4)   Other: 2.2ms
[2022-03-23T09:46:32.132+0000][41.743s] GC(4) Eden regions: 23->0(36)
[2022-03-23T09:46:32.132+0000][41.744s] GC(4) Survivor regions: 4->1(4)
[2022-03-23T09:46:32.132+0000][41.744s] GC(4) Old regions: 19->22
[2022-03-23T09:46:32.132+0000][41.744s] GC(4) Humongous regions: 4->4
[2022-03-23T09:46:32.133+0000][41.744s] GC(4) Metaspace: 19973K->19973K(1067008K)
[2022-03-23T09:46:32.143+0000][41.755s] GC(4) Pause Young (Normal) (G1 Evacuation Pause) 47M->24M(512M) 127.023ms
[2022-03-23T09:46:32.152+0000][41.764s] GC(4) User=0.10s Sys=0.00s Real=0.14s
[2022-03-23T09:46:32.489+0000][42.101s] GC(5) Pause Young (Concurrent Start) (Metadata GC Threshold)
[2022-03-23T09:46:32.490+0000][42.101s] GC(5) Using 4 workers of 4 for evacuation
[2022-03-23T09:46:32.523+0000][42.135s] GC(5)   Pre Evacuate Collection Set: 0.1ms
[2022-03-23T09:46:32.523+0000][42.135s] GC(5)   Evacuate Collection Set: 32.2ms
[2022-03-23T09:46:32.524+0000][42.135s] GC(5)   Post Evacuate Collection Set: 0.4ms
[2022-03-23T09:46:32.525+0000][42.137s] GC(5)   Other: 0.9ms
[2022-03-23T09:46:32.526+0000][42.137s] GC(5) Eden regions: 4->0(43)
[2022-03-23T09:46:32.526+0000][42.138s] GC(5) Survivor regions: 1->1(5)
[2022-03-23T09:46:32.526+0000][42.138s] GC(5) Old regions: 22->22
[2022-03-23T09:46:32.528+0000][42.140s] GC(5) Humongous regions: 4->4
[2022-03-23T09:46:32.529+0000][42.141s] GC(5) Metaspace: 20412K->20412K(1067008K)
[2022-03-23T09:46:32.531+0000][42.143s] GC(5) Pause Young (Concurrent Start) (Metadata GC Threshold) 28M->24M(512M) 41.681ms
[2022-03-23T09:46:32.531+0000][42.143s] GC(5) User=0.03s Sys=0.01s Real=0.04s
[2022-03-23T09:46:32.532+0000][42.144s] GC(6) Concurrent Cycle
[2022-03-23T09:46:32.532+0000][42.144s] GC(6) Concurrent Clear Claimed Marks
[2022-03-23T09:46:32.532+0000][42.144s] GC(6) Concurrent Clear Claimed Marks 0.295ms
[2022-03-23T09:46:32.533+0000][42.144s] GC(6) Concurrent Scan Root Regions
[2022-03-23T09:46:32.535+0000][42.147s] GC(6) Concurrent Scan Root Regions 2.185ms
[2022-03-23T09:46:32.535+0000][42.147s] GC(6) Concurrent Mark (42.147s)
[2022-03-23T09:46:32.535+0000][42.147s] GC(6) Concurrent Mark From Roots
[2022-03-23T09:46:32.536+0000][42.147s] GC(6) Using 1 workers of 1 for marking
[2022-03-23T09:46:32.918+0000][42.530s] GC(6) Concurrent Mark From Roots 382.572ms
[2022-03-23T09:46:32.919+0000][42.531s] GC(6) Concurrent Preclean
[2022-03-23T09:46:32.920+0000][42.531s] GC(6) Concurrent Preclean 0.472ms
[2022-03-23T09:46:32.920+0000][42.532s] GC(6) Concurrent Mark (42.147s, 42.532s) 384.734ms
[2022-03-23T09:46:32.920+0000][42.532s] GC(6) Pause Remark
[2022-03-23T09:46:32.953+0000][42.565s] GC(6) Cleaned string and symbol table, strings: 9378 processed, 26 removed, symbols: 62354 processed, 40 removed
[2022-03-23T09:46:32.954+0000][42.566s] GC(6) Pause Remark 28M->28M(512M) 33.998ms
[2022-03-23T09:46:32.955+0000][42.567s] GC(6) User=0.03s Sys=0.00s Real=0.04s
[2022-03-23T09:46:32.962+0000][42.574s] GC(6) Concurrent Rebuild Remembered Sets
[2022-03-23T09:46:33.152+0000][42.764s] GC(6) Concurrent Rebuild Remembered Sets 189.995ms
[2022-03-23T09:46:33.156+0000][42.768s] GC(6) Pause Cleanup
[2022-03-23T09:46:33.160+0000][42.771s] GC(6) Pause Cleanup 29M->29M(512M) 3.500ms
[2022-03-23T09:46:33.160+0000][42.772s] GC(6) User=0.00s Sys=0.00s Real=0.00s
[2022-03-23T09:46:33.161+0000][42.773s] GC(6) Concurrent Cleanup for Next Mark
[2022-03-23T09:46:33.192+0000][42.804s] GC(6) Concurrent Cleanup for Next Mark 30.755ms
[2022-03-23T09:46:33.197+0000][42.809s] GC(6) Concurrent Cycle 664.840ms
[2022-03-23T09:46:42.447+0000][52.059s] GC(7) Pause Young (Concurrent Start) (G1 Evacuation Pause)
[2022-03-23T09:46:42.472+0000][52.084s] GC(7) Using 4 workers of 4 for evacuation
[2022-03-23T09:46:42.660+0000][52.272s] GC(7)   Pre Evacuate Collection Set: 0.1ms
[2022-03-23T09:46:42.660+0000][52.272s] GC(7)   Evacuate Collection Set: 176.7ms
[2022-03-23T09:46:42.660+0000][52.272s] GC(7)   Post Evacuate Collection Set: 0.4ms
[2022-03-23T09:46:42.661+0000][52.272s] GC(7)   Other: 35.6ms
[2022-03-23T09:46:42.661+0000][52.273s] GC(7) Eden regions: 43->0(49)
[2022-03-23T09:46:42.661+0000][52.273s] GC(7) Survivor regions: 1->1(6)
[2022-03-23T09:46:42.661+0000][52.273s] GC(7) Old regions: 22->22
[2022-03-23T09:46:42.661+0000][52.273s] GC(7) Humongous regions: 4->4
[2022-03-23T09:46:42.661+0000][52.273s] GC(7) Metaspace: 24648K->24648K(1071104K)
[2022-03-23T09:46:42.662+0000][52.273s] GC(7) Pause Young (Concurrent Start) (G1 Evacuation Pause) 67M->25M(512M) 214.514ms
[2022-03-23T09:46:42.662+0000][52.274s] GC(7) User=0.12s Sys=0.04s Real=0.22s
[2022-03-23T09:46:42.662+0000][52.274s] GC(8) Concurrent Cycle
[2022-03-23T09:46:42.662+0000][52.274s] GC(8) Concurrent Clear Claimed Marks
[2022-03-23T09:46:42.663+0000][52.274s] GC(8) Concurrent Clear Claimed Marks 0.270ms
[2022-03-23T09:46:42.663+0000][52.275s] GC(8) Concurrent Scan Root Regions
[2022-03-23T09:46:42.692+0000][52.304s] GC(8) Concurrent Scan Root Regions 29.016ms
[2022-03-23T09:46:42.739+0000][52.351s] GC(8) Concurrent Mark (52.351s)
[2022-03-23T09:46:42.762+0000][52.374s] GC(8) Concurrent Mark From Roots
[2022-03-23T09:46:42.762+0000][52.374s] GC(8) Using 1 workers of 1 for marking
[2022-03-23T09:46:43.471+0000][53.082s] GC(8) Concurrent Mark From Roots 708.785ms
[2022-03-23T09:46:43.478+0000][53.090s] GC(8) Concurrent Preclean
[2022-03-23T09:46:43.478+0000][53.090s] GC(8) Concurrent Preclean 0.475ms
[2022-03-23T09:46:43.479+0000][53.091s] GC(8) Concurrent Mark (52.351s, 53.091s) 740.411ms
[2022-03-23T09:46:43.480+0000][53.092s] GC(8) Pause Remark
[2022-03-23T09:46:43.538+0000][53.150s] GC(8) Cleaned string and symbol table, strings: 10364 processed, 0 removed, symbols: 72212 processed, 28 removed
[2022-03-23T09:46:43.539+0000][53.151s] GC(8) Pause Remark 28M->28M(512M) 58.953ms
[2022-03-23T09:46:43.540+0000][53.151s] GC(8) User=0.03s Sys=0.01s Real=0.06s
[2022-03-23T09:46:43.570+0000][53.182s] GC(8) Concurrent Rebuild Remembered Sets
[2022-03-23T09:46:43.814+0000][53.426s] GC(8) Concurrent Rebuild Remembered Sets 244.062ms
[2022-03-23T09:46:43.823+0000][53.435s] GC(8) Pause Cleanup
[2022-03-23T09:46:43.823+0000][53.435s] GC(8) Pause Cleanup 29M->29M(512M) 0.679ms
[2022-03-23T09:46:43.824+0000][53.436s] GC(8) User=0.00s Sys=0.00s Real=0.00s
[2022-03-23T09:46:43.824+0000][53.436s] GC(8) Concurrent Cleanup for Next Mark
[2022-03-23T09:46:43.841+0000][53.453s] GC(8) Concurrent Cleanup for Next Mark 17.092ms
[2022-03-23T09:46:43.842+0000][53.453s] GC(8) Concurrent Cycle 1179.544ms
[2022-03-23T09:46:52.254+0000][61.866s] GC(9) Pause Young (Normal) (G1 Evacuation Pause)
[2022-03-23T09:46:52.255+0000][61.867s] GC(9) Using 4 workers of 4 for evacuation
[2022-03-23T09:46:52.442+0000][62.054s] GC(9)   Pre Evacuate Collection Set: 0.0ms
[2022-03-23T09:46:52.462+0000][62.074s] GC(9)   Evacuate Collection Set: 164.7ms
[2022-03-23T09:46:52.464+0000][62.076s] GC(9)   Post Evacuate Collection Set: 22.3ms
[2022-03-23T09:46:52.464+0000][62.076s] GC(9)   Other: 0.9ms
[2022-03-23T09:46:52.465+0000][62.077s] GC(9) Eden regions: 48->0(50)
[2022-03-23T09:46:52.466+0000][62.077s] GC(9) Survivor regions: 1->4(7)
[2022-03-23T09:46:52.472+0000][62.084s] GC(9) Old regions: 22->22
[2022-03-23T09:46:52.473+0000][62.085s] GC(9) Humongous regions: 4->4
[2022-03-23T09:46:52.475+0000][62.086s] GC(9) Metaspace: 31894K->31894K(1079296K)
[2022-03-23T09:46:52.475+0000][62.087s] GC(9) Pause Young (Normal) (G1 Evacuation Pause) 73M->28M(512M) 220.515ms
[2022-03-23T09:46:52.477+0000][62.089s] GC(9) User=0.15s Sys=0.10s Real=0.22s
[2022-03-23T09:47:00.044+0000][69.656s] GC(10) Pause Young (Normal) (G1 Evacuation Pause)
[2022-03-23T09:47:00.060+0000][69.672s] GC(10) Using 4 workers of 4 for evacuation
[2022-03-23T09:47:00.370+0000][69.982s] GC(10) MMU target violated: 251.0ms (250.0ms/251.0ms)
[2022-03-23T09:47:00.371+0000][69.983s] GC(10)   Pre Evacuate Collection Set: 0.0ms
[2022-03-23T09:47:00.371+0000][69.983s] GC(10)   Evacuate Collection Set: 285.6ms
[2022-03-23T09:47:00.372+0000][69.983s] GC(10)   Post Evacuate Collection Set: 14.3ms
[2022-03-23T09:47:00.372+0000][69.984s] GC(10)   Other: 27.2ms
[2022-03-23T09:47:00.372+0000][69.984s] GC(10) Eden regions: 50->0(50)
[2022-03-23T09:47:00.372+0000][69.984s] GC(10) Survivor regions: 4->7(7)
[2022-03-23T09:47:00.373+0000][69.984s] GC(10) Old regions: 22->23
[2022-03-23T09:47:00.373+0000][69.985s] GC(10) Humongous regions: 4->4
[2022-03-23T09:47:00.373+0000][69.985s] GC(10) Metaspace: 35755K->35755K(1081344K)
[2022-03-23T09:47:00.373+0000][69.985s] GC(10) Pause Young (Normal) (G1 Evacuation Pause) 78M->31M(512M) 329.648ms
[2022-03-23T09:47:00.374+0000][69.985s] GC(10) User=0.22s Sys=0.01s Real=0.33s
[2022-03-23T10:12:53.621+0000][1623.233s] GC(11) Pause Young (Normal) (G1 Evacuation Pause)
[2022-03-23T10:12:53.622+0000][1623.234s] GC(11) Using 4 workers of 4 for evacuation
[2022-03-23T10:12:53.754+0000][1623.365s] GC(11)   Pre Evacuate Collection Set: 11.6ms
[2022-03-23T10:12:53.754+0000][1623.366s] GC(11)   Evacuate Collection Set: 97.1ms
[2022-03-23T10:12:53.754+0000][1623.366s] GC(11)   Post Evacuate Collection Set: 12.5ms
[2022-03-23T10:12:53.754+0000][1623.366s] GC(11)   Other: 12.2ms
[2022-03-23T10:12:53.755+0000][1623.367s] GC(11) Eden regions: 49->0(51)
[2022-03-23T10:12:53.755+0000][1623.367s] GC(11) Survivor regions: 7->5(7)
[2022-03-23T10:12:53.755+0000][1623.367s] GC(11) Old regions: 23->26
[2022-03-23T10:12:53.755+0000][1623.367s] GC(11) Humongous regions: 4->4
[2022-03-23T10:12:53.756+0000][1623.367s] GC(11) Metaspace: 39720K->39720K(1085440K)
[2022-03-23T10:12:53.756+0000][1623.368s] GC(11) Pause Young (Normal) (G1 Evacuation Pause) 80M->33M(512M) 135.329ms
[2022-03-23T10:12:53.756+0000][1623.368s] GC(11) User=0.42s Sys=0.04s Real=0.14s
[2022-03-23T11:08:00.630+0000][4930.242s] GC(12) Pause Young (Normal) (G1 Evacuation Pause)
[2022-03-23T11:08:00.631+0000][4930.243s] GC(12) Using 4 workers of 4 for evacuation
[2022-03-23T11:08:00.722+0000][4930.333s] GC(12)   Pre Evacuate Collection Set: 10.7ms
[2022-03-23T11:08:00.723+0000][4930.335s] GC(12)   Evacuate Collection Set: 72.3ms
[2022-03-23T11:08:00.723+0000][4930.335s] GC(12)   Post Evacuate Collection Set: 5.9ms
[2022-03-23T11:08:00.724+0000][4930.336s] GC(12)   Other: 4.0ms
[2022-03-23T11:08:00.724+0000][4930.336s] GC(12) Eden regions: 51->0(56)
[2022-03-23T11:08:00.724+0000][4930.336s] GC(12) Survivor regions: 5->3(7)
[2022-03-23T11:08:00.726+0000][4930.338s] GC(12) Old regions: 26->29
[2022-03-23T11:08:00.728+0000][4930.340s] GC(12) Humongous regions: 4->4
[2022-03-23T11:08:00.729+0000][4930.340s] GC(12) Metaspace: 40096K->40096K(1085440K)
[2022-03-23T11:08:00.729+0000][4930.341s] GC(12) Pause Young (Normal) (G1 Evacuation Pause) 84M->33M(512M) 99.627ms
[2022-03-23T11:08:00.730+0000][4930.341s] GC(12) User=0.32s Sys=0.00s Real=0.10s
[2022-03-23T12:11:03.237+0000][8712.849s] GC(13) Pause Young (Normal) (G1 Evacuation Pause)
[2022-03-23T12:11:03.239+0000][8712.851s] GC(13) Using 4 workers of 4 for evacuation
[2022-03-23T12:11:03.311+0000][8712.923s] GC(13)   Pre Evacuate Collection Set: 11.2ms
[2022-03-23T12:11:03.312+0000][8712.924s] GC(13)   Evacuate Collection Set: 55.5ms
[2022-03-23T12:11:03.312+0000][8712.924s] GC(13)   Post Evacuate Collection Set: 2.8ms
[2022-03-23T12:11:03.312+0000][8712.924s] GC(13)   Other: 5.7ms
[2022-03-23T12:11:03.313+0000][8712.925s] GC(13) Eden regions: 56->0(80)
[2022-03-23T12:11:03.313+0000][8712.925s] GC(13) Survivor regions: 3->3(8)
[2022-03-23T12:11:03.313+0000][8712.925s] GC(13) Old regions: 29->29
[2022-03-23T12:11:03.314+0000][8712.926s] GC(13) Humongous regions: 4->4
[2022-03-23T12:11:03.314+0000][8712.926s] GC(13) Metaspace: 40347K->40347K(1085440K)
[2022-03-23T12:11:03.315+0000][8712.927s] GC(13) Pause Young (Normal) (G1 Evacuation Pause) 89M->33M(512M) 77.760ms
[2022-03-23T12:11:03.315+0000][8712.927s] GC(13) User=0.23s Sys=0.01s Real=0.08s
[2022-03-23T13:14:54.866+0000][12544.479s] GC(14) Pause Young (Normal) (G1 Evacuation Pause)
[2022-03-23T13:14:54.895+0000][12544.507s] GC(14) Using 4 workers of 4 for evacuation
[2022-03-23T13:14:55.149+0000][12544.761s] GC(14)   Pre Evacuate Collection Set: 56.3ms
[2022-03-23T13:14:55.154+0000][12544.766s] GC(14)   Evacuate Collection Set: 156.4ms
[2022-03-23T13:14:55.154+0000][12544.766s] GC(14)   Post Evacuate Collection Set: 10.7ms
[2022-03-23T13:14:55.183+0000][12544.795s] GC(14)   Other: 63.4ms
[2022-03-23T13:14:55.209+0000][12544.821s] GC(14) Eden regions: 80->0(304)
[2022-03-23T13:14:55.226+0000][12544.838s] GC(14) Survivor regions: 3->3(11)
[2022-03-23T13:14:55.251+0000][12544.863s] GC(14) Old regions: 29->29
[2022-03-23T13:14:55.270+0000][12544.882s] GC(14) Humongous regions: 4->4
[2022-03-23T13:14:55.304+0000][12544.916s] GC(14) Metaspace: 40844K->40844K(1087488K)
[2022-03-23T13:14:55.338+0000][12544.950s] GC(14) Pause Young (Normal) (G1 Evacuation Pause) 113M->33M(512M) 472.025ms
[2022-03-23T13:14:55.359+0000][12544.971s] GC(14) User=0.50s Sys=0.07s Real=0.50s
[2022-03-23T13:15:02.062+0000][12551.674s] GC(15) Pause Young (Concurrent Start) (Metadata GC Threshold)
[2022-03-23T13:15:02.070+0000][12551.681s] GC(15) Using 4 workers of 4 for evacuation
[2022-03-23T13:15:02.298+0000][12551.910s] GC(15)   Pre Evacuate Collection Set: 7.4ms
[2022-03-23T13:15:02.299+0000][12551.911s] GC(15)   Evacuate Collection Set: 172.6ms
[2022-03-23T13:15:02.300+0000][12551.911s] GC(15)   Post Evacuate Collection Set: 8.2ms
[2022-03-23T13:15:02.303+0000][12551.914s] GC(15)   Other: 47.4ms
[2022-03-23T13:15:02.303+0000][12551.915s] GC(15) Eden regions: 35->0(83)
[2022-03-23T13:15:02.303+0000][12551.915s] GC(15) Survivor regions: 3->4(39)
[2022-03-23T13:15:02.303+0000][12551.915s] GC(15) Old regions: 29->29
[2022-03-23T13:15:02.304+0000][12551.916s] GC(15) Humongous regions: 4->4
[2022-03-23T13:15:02.304+0000][12551.916s] GC(15) Metaspace: 42598K->42598K(1087488K)
[2022-03-23T13:15:02.304+0000][12551.916s] GC(15) Pause Young (Concurrent Start) (Metadata GC Threshold) 68M->35M(512M) 242.003ms
[2022-03-23T13:15:02.305+0000][12551.916s] GC(15) User=0.21s Sys=0.00s Real=0.24s
[2022-03-23T13:15:02.309+0000][12551.920s] GC(16) Concurrent Cycle
[2022-03-23T13:15:02.309+0000][12551.921s] GC(16) Concurrent Clear Claimed Marks
[2022-03-23T13:15:02.313+0000][12551.925s] GC(16) Concurrent Clear Claimed Marks 3.909ms
[2022-03-23T13:15:02.314+0000][12551.926s] GC(16) Concurrent Scan Root Regions
[2022-03-23T13:15:02.449+0000][12552.061s] GC(16) Concurrent Scan Root Regions 135.291ms
[2022-03-23T13:15:02.454+0000][12552.065s] GC(16) Concurrent Mark (12552.065s)
[2022-03-23T13:15:02.458+0000][12552.070s] GC(16) Concurrent Mark From Roots
[2022-03-23T13:15:02.461+0000][12552.072s] GC(16) Using 1 workers of 1 for marking
[2022-03-23T13:15:03.899+0000][12553.511s] GC(16) Concurrent Mark From Roots 1440.560ms
[2022-03-23T13:15:03.909+0000][12553.521s] GC(16) Concurrent Preclean
[2022-03-23T13:15:03.926+0000][12553.538s] GC(16) Concurrent Preclean 17.005ms
[2022-03-23T13:15:03.927+0000][12553.539s] GC(16) Concurrent Mark (12552.065s, 12553.539s) 1473.409ms
[2022-03-23T13:15:03.962+0000][12553.574s] GC(16) Pause Remark
[2022-03-23T13:15:06.402+0000][12556.014s] GC(16) Cleaned string and symbol table, strings: 18838 processed, 1137 removed, symbols: 114872 processed, 185 removed
[2022-03-23T13:15:06.420+0000][12556.031s] GC(16) MMU target violated: 251.0ms (250.0ms/251.0ms)
[2022-03-23T13:15:06.430+0000][12556.042s] GC(16) Pause Remark 46M->46M(512M) 2468.646ms
[2022-03-23T13:15:06.433+0000][12556.044s] GC(16) User=3.48s Sys=0.38s Real=2.48s
[2022-03-23T13:15:06.434+0000][12556.046s] GC(16) Concurrent Rebuild Remembered Sets
[2022-03-23T13:15:06.701+0000][12556.312s] GC(16) Concurrent Rebuild Remembered Sets 266.842ms
[2022-03-23T13:15:06.728+0000][12556.340s] GC(16) Pause Cleanup
[2022-03-23T13:15:06.730+0000][12556.342s] GC(16) Pause Cleanup 48M->48M(512M) 1.650ms
[2022-03-23T13:15:06.730+0000][12556.342s] GC(16) User=0.00s Sys=0.00s Real=0.00s
[2022-03-23T13:15:06.731+0000][12556.342s] GC(16) Concurrent Cleanup for Next Mark
[2022-03-23T13:15:06.913+0000][12556.525s] GC(16) Concurrent Cleanup for Next Mark 182.592ms
[2022-03-23T13:15:06.914+0000][12556.526s] GC(16) Concurrent Cycle 4605.727ms
[2022-03-23T13:15:10.892+0000][12560.504s] GC(17) Pause Young (Concurrent Start) (G1 Evacuation Pause)
[2022-03-23T13:15:10.912+0000][12560.524s] GC(17) Using 4 workers of 4 for evacuation
[2022-03-23T13:15:11.122+0000][12560.734s] GC(17)   Pre Evacuate Collection Set: 5.0ms
[2022-03-23T13:15:11.133+0000][12560.745s] GC(17)   Evacuate Collection Set: 188.0ms
[2022-03-23T13:15:11.149+0000][12560.761s] GC(17)   Post Evacuate Collection Set: 7.4ms
[2022-03-23T13:15:11.176+0000][12560.788s] GC(17)   Other: 30.1ms
[2022-03-23T13:15:11.214+0000][12560.826s] GC(17) Eden regions: 50->0(53)
[2022-03-23T13:15:11.262+0000][12560.874s] GC(17) Survivor regions: 4->7(7)
[2022-03-23T13:15:11.278+0000][12560.890s] GC(17) Old regions: 29->31
[2022-03-23T13:15:11.286+0000][12560.898s] GC(17) Humongous regions: 5->4
[2022-03-23T13:15:11.294+0000][12560.906s] GC(17) Metaspace: 45789K->45789K(1091584K)
[2022-03-23T13:15:11.325+0000][12560.937s] GC(17) Pause Young (Concurrent Start) (G1 Evacuation Pause) 86M->39M(512M) 433.322ms
[2022-03-23T13:15:11.342+0000][12560.954s] GC(17) User=0.15s Sys=0.05s Real=0.44s
[2022-03-23T13:15:11.406+0000][12561.018s] GC(18) Concurrent Cycle
[2022-03-23T13:15:11.438+0000][12561.050s] GC(18) Concurrent Clear Claimed Marks
[2022-03-23T13:15:11.493+0000][12561.105s] GC(18) Concurrent Clear Claimed Marks 54.701ms
[2022-03-23T13:15:11.547+0000][12561.159s] GC(18) Concurrent Scan Root Regions
[2022-03-23T13:15:11.648+0000][12561.260s] GC(18) Concurrent Scan Root Regions 101.343ms
[2022-03-23T13:15:11.664+0000][12561.276s] GC(18) Concurrent Mark (12561.276s)
[2022-03-23T13:15:11.666+0000][12561.278s] GC(18) Concurrent Mark From Roots
[2022-03-23T13:15:11.667+0000][12561.278s] GC(18) Using 1 workers of 1 for marking
[2022-03-23T13:15:12.132+0000][12561.744s] GC(18) Concurrent Mark From Roots 466.336ms
[2022-03-23T13:15:12.133+0000][12561.745s] GC(18) Concurrent Preclean
[2022-03-23T13:15:12.137+0000][12561.748s] GC(18) Concurrent Preclean 3.091ms
[2022-03-23T13:15:12.137+0000][12561.749s] GC(18) Concurrent Mark (12561.276s, 12561.749s) 472.584ms
[2022-03-23T13:15:12.141+0000][12561.752s] GC(18) Pause Remark
[2022-03-23T13:15:12.228+0000][12561.840s] GC(18) Cleaned string and symbol table, strings: 20037 processed, 0 removed, symbols: 123046 processed, 45 removed
[2022-03-23T13:15:12.229+0000][12561.841s] GC(18) Pause Remark 42M->42M(512M) 88.215ms
[2022-03-23T13:15:12.229+0000][12561.841s] GC(18) User=0.04s Sys=0.04s Real=0.09s
[2022-03-23T13:15:12.229+0000][12561.841s] GC(18) Concurrent Rebuild Remembered Sets
[2022-03-23T13:15:12.532+0000][12562.143s] GC(18) Concurrent Rebuild Remembered Sets 302.184ms
[2022-03-23T13:15:12.542+0000][12562.154s] GC(18) Pause Cleanup
[2022-03-23T13:15:12.545+0000][12562.157s] GC(18) Pause Cleanup 44M->44M(512M) 3.316ms
[2022-03-23T13:15:12.548+0000][12562.159s] GC(18) User=0.00s Sys=0.00s Real=0.00s
[2022-03-23T13:15:12.562+0000][12562.173s] GC(18) Concurrent Cleanup for Next Mark
[2022-03-23T13:15:12.868+0000][12562.480s] GC(18) Concurrent Cleanup for Next Mark 306.270ms
[2022-03-23T13:15:12.885+0000][12562.497s] GC(18) Concurrent Cycle 1478.333ms
[2022-03-23T13:15:21.020+0000][12570.632s] GC(19) Pause Young (Normal) (G1 Evacuation Pause)
[2022-03-23T13:15:21.031+0000][12570.643s] GC(19) Using 4 workers of 4 for evacuation
[2022-03-23T13:15:21.138+0000][12570.750s] GC(19)   Pre Evacuate Collection Set: 0.0ms
[2022-03-23T13:15:21.142+0000][12570.754s] GC(19)   Evacuate Collection Set: 99.8ms
[2022-03-23T13:15:21.160+0000][12570.771s] GC(19)   Post Evacuate Collection Set: 5.8ms
[2022-03-23T13:15:21.174+0000][12570.785s] GC(19)   Other: 12.2ms
[2022-03-23T13:15:21.175+0000][12570.787s] GC(19) Eden regions: 51->0(63)
[2022-03-23T13:15:21.176+0000][12570.788s] GC(19) Survivor regions: 7->3(8)
[2022-03-23T13:15:21.177+0000][12570.788s] GC(19) Old regions: 31->36
[2022-03-23T13:15:21.177+0000][12570.789s] GC(19) Humongous regions: 4->4
[2022-03-23T13:15:21.178+0000][12570.790s] GC(19) Metaspace: 48078K->48078K(1093632K)
[2022-03-23T13:15:21.179+0000][12570.791s] GC(19) Pause Young (Normal) (G1 Evacuation Pause) 90M->40M(512M) 158.711ms
[2022-03-23T13:15:21.196+0000][12570.808s] GC(19) User=0.17s Sys=0.01s Real=0.18s
[2022-03-23T13:15:28.656+0000][12578.268s] GC(20) Pause Young (Normal) (G1 Evacuation Pause)
[2022-03-23T13:15:28.709+0000][12578.320s] GC(20) Using 4 workers of 4 for evacuation
[2022-03-23T13:15:29.002+0000][12578.614s] GC(20)   Pre Evacuate Collection Set: 0.0ms
[2022-03-23T13:15:29.025+0000][12578.636s] GC(20)   Evacuate Collection Set: 185.1ms
[2022-03-23T13:15:29.051+0000][12578.663s] GC(20)   Post Evacuate Collection Set: 41.5ms
[2022-03-23T13:15:29.080+0000][12578.692s] GC(20)   Other: 119.4ms
[2022-03-23T13:15:29.102+0000][12578.714s] GC(20) Eden regions: 63->0(64)
[2022-03-23T13:15:29.131+0000][12578.743s] GC(20) Survivor regions: 3->6(9)
[2022-03-23T13:15:29.164+0000][12578.776s] GC(20) Old regions: 36->36
[2022-03-23T13:15:29.176+0000][12578.788s] GC(20) Humongous regions: 4->4
[2022-03-23T13:15:29.183+0000][12578.794s] GC(20) Metaspace: 49810K->49810K(1095680K)
[2022-03-23T13:15:29.197+0000][12578.809s] GC(20) Pause Young (Normal) (G1 Evacuation Pause) 103M->43M(512M) 540.913ms
[2022-03-23T13:15:29.207+0000][12578.819s] GC(20) User=0.49s Sys=0.09s Real=0.55s
[2022-03-23T13:15:32.368+0000][12581.980s] GC(21) Pause Young (Normal) (G1 Evacuation Pause)
[2022-03-23T13:15:32.371+0000][12581.983s] GC(21) Using 4 workers of 4 for evacuation
[2022-03-23T13:15:32.539+0000][12582.151s] GC(21)   Pre Evacuate Collection Set: 0.0ms
[2022-03-23T13:15:32.544+0000][12582.156s] GC(21)   Evacuate Collection Set: 143.0ms
[2022-03-23T13:15:32.572+0000][12582.184s] GC(21)   Post Evacuate Collection Set: 24.5ms
[2022-03-23T13:15:32.588+0000][12582.200s] GC(21)   Other: 3.9ms
[2022-03-23T13:15:32.600+0000][12582.212s] GC(21) Eden regions: 64->0(71)
[2022-03-23T13:15:32.604+0000][12582.216s] GC(21) Survivor regions: 6->5(9)
[2022-03-23T13:15:32.612+0000][12582.224s] GC(21) Old regions: 36->38
[2022-03-23T13:15:32.620+0000][12582.232s] GC(21) Humongous regions: 4->4
[2022-03-23T13:15:32.636+0000][12582.248s] GC(21) Metaspace: 50197K->50197K(1095680K)
[2022-03-23T13:15:32.638+0000][12582.250s] GC(21) Pause Young (Normal) (G1 Evacuation Pause) 107M->45M(512M) 270.155ms
[2022-03-23T13:15:32.638+0000][12582.250s] GC(21) User=0.19s Sys=0.02s Real=0.27s
[2022-03-23T13:15:46.953+0000][12596.564s] GC(22) Pause Young (Normal) (G1 Evacuation Pause)
[2022-03-23T13:15:46.955+0000][12596.567s] GC(22) Using 4 workers of 4 for evacuation
[2022-03-23T13:15:47.337+0000][12596.949s] GC(22) MMU target violated: 251.0ms (250.0ms/251.0ms)
[2022-03-23T13:15:47.338+0000][12596.950s] GC(22)   Pre Evacuate Collection Set: 0.2ms
[2022-03-23T13:15:47.338+0000][12596.950s] GC(22)   Evacuate Collection Set: 325.1ms
[2022-03-23T13:15:47.339+0000][12596.951s] GC(22)   Post Evacuate Collection Set: 50.3ms
[2022-03-23T13:15:47.339+0000][12596.951s] GC(22)   Other: 10.1ms
[2022-03-23T13:15:47.339+0000][12596.951s] GC(22) Eden regions: 64->0(52)
[2022-03-23T13:15:47.345+0000][12596.957s] GC(22) Survivor regions: 5->9(9)
[2022-03-23T13:15:47.346+0000][12596.957s] GC(22) Old regions: 38->41
[2022-03-23T13:15:47.346+0000][12596.958s] GC(22) Humongous regions: 4->4
[2022-03-23T13:15:47.346+0000][12596.958s] GC(22) Metaspace: 53479K->53479K(1097728K)
[2022-03-23T13:15:47.346+0000][12596.958s] GC(22) Pause Young (Normal) (G1 Evacuation Pause) 109M->52M(512M) 393.786ms
[2022-03-23T13:15:47.347+0000][12596.958s] GC(22) User=0.45s Sys=0.03s Real=0.39s
[2022-03-23T13:15:51.669+0000][12601.281s] GC(23) Pause Young (Normal) (G1 Evacuation Pause)
[2022-03-23T13:15:51.672+0000][12601.284s] GC(23) Using 4 workers of 4 for evacuation
[2022-03-23T13:15:51.875+0000][12601.487s] GC(23)   Pre Evacuate Collection Set: 0.0ms
[2022-03-23T13:15:51.876+0000][12601.488s] GC(23)   Evacuate Collection Set: 197.4ms
[2022-03-23T13:15:51.876+0000][12601.488s] GC(23)   Post Evacuate Collection Set: 0.8ms
[2022-03-23T13:15:51.876+0000][12601.488s] GC(23)   Other: 8.0ms
[2022-03-23T13:15:51.894+0000][12601.505s] GC(23) Eden regions: 29->0(37)
[2022-03-23T13:15:51.902+0000][12601.514s] GC(23) Survivor regions: 9->3(5)
[2022-03-23T13:15:51.902+0000][12601.514s] GC(23) Old regions: 41->50
[2022-03-23T13:15:51.903+0000][12601.514s] GC(23) Humongous regions: 4->4
[2022-03-23T13:15:51.903+0000][12601.515s] GC(23) Metaspace: 53576K->53576K(1097728K)
[2022-03-23T13:15:51.903+0000][12601.515s] GC(23) Pause Young (Normal) (G1 Evacuation Pause) 81M->55M(512M) 234.074ms
[2022-03-23T13:15:51.904+0000][12601.515s] GC(23) User=0.20s Sys=0.04s Real=0.24s
[2022-03-23T13:15:57.552+0000][12607.164s] GC(24) Pause Young (Normal) (G1 Evacuation Pause)
[2022-03-23T13:15:57.553+0000][12607.165s] GC(24) Using 4 workers of 4 for evacuation
[2022-03-23T13:15:57.674+0000][12607.286s] GC(24)   Pre Evacuate Collection Set: 0.1ms
[2022-03-23T13:15:57.679+0000][12607.291s] GC(24)   Evacuate Collection Set: 108.4ms
[2022-03-23T13:15:57.680+0000][12607.292s] GC(24)   Post Evacuate Collection Set: 12.0ms
[2022-03-23T13:15:57.681+0000][12607.293s] GC(24)   Other: 0.8ms
[2022-03-23T13:15:57.693+0000][12607.305s] GC(24) Eden regions: 37->0(42)
[2022-03-23T13:15:57.697+0000][12607.308s] GC(24) Survivor regions: 3->5(5)
[2022-03-23T13:15:57.697+0000][12607.309s] GC(24) Old regions: 50->50
[2022-03-23T13:15:57.709+0000][12607.320s] GC(24) Humongous regions: 4->4
[2022-03-23T13:15:57.719+0000][12607.331s] GC(24) Metaspace: 53813K->53813K(1097728K)
[2022-03-23T13:15:57.726+0000][12607.337s] GC(24) Pause Young (Normal) (G1 Evacuation Pause) 92M->57M(512M) 172.999ms
[2022-03-23T13:15:57.726+0000][12607.338s] GC(24) User=0.12s Sys=0.04s Real=0.16s
[2022-03-23T13:16:03.015+0000][12612.627s] GC(25) Pause Young (Normal) (G1 Evacuation Pause)
[2022-03-23T13:16:03.032+0000][12612.644s] GC(25) Using 4 workers of 4 for evacuation
[2022-03-23T13:16:03.270+0000][12612.882s] GC(25)   Pre Evacuate Collection Set: 0.0ms
[2022-03-23T13:16:03.271+0000][12612.883s] GC(25)   Evacuate Collection Set: 195.5ms
[2022-03-23T13:16:03.284+0000][12612.895s] GC(25)   Post Evacuate Collection Set: 26.2ms
[2022-03-23T13:16:03.302+0000][12612.914s] GC(25)   Other: 33.0ms
[2022-03-23T13:16:03.316+0000][12612.927s] GC(25) Eden regions: 42->0(42)
[2022-03-23T13:16:03.321+0000][12612.933s] GC(25) Survivor regions: 5->4(6)
[2022-03-23T13:16:03.332+0000][12612.944s] GC(25) Old regions: 50->54
[2022-03-23T13:16:03.348+0000][12612.960s] GC(25) Humongous regions: 4->4
[2022-03-23T13:16:03.364+0000][12612.975s] GC(25) Metaspace: 53967K->53967K(1097728K)
[2022-03-23T13:16:03.365+0000][12612.977s] GC(25) Pause Young (Normal) (G1 Evacuation Pause) 99M->60M(512M) 350.068ms
[2022-03-23T13:16:03.366+0000][12612.978s] GC(25) User=0.14s Sys=0.10s Real=0.35s
[2022-03-23T13:16:08.194+0000][12617.805s] GC(26) Pause Young (Normal) (G1 Evacuation Pause)
[2022-03-23T13:16:08.208+0000][12617.820s] GC(26) Using 4 workers of 4 for evacuation
[2022-03-23T13:16:08.412+0000][12618.024s] GC(26)   Pre Evacuate Collection Set: 0.0ms
[2022-03-23T13:16:08.415+0000][12618.027s] GC(26)   Evacuate Collection Set: 201.4ms
[2022-03-23T13:16:08.418+0000][12618.030s] GC(26)   Post Evacuate Collection Set: 1.2ms
[2022-03-23T13:16:08.425+0000][12618.037s] GC(26)   Other: 15.9ms
[2022-03-23T13:16:08.426+0000][12618.037s] GC(26) Eden regions: 42->0(44)
[2022-03-23T13:16:08.426+0000][12618.038s] GC(26) Survivor regions: 4->4(6)
[2022-03-23T13:16:08.426+0000][12618.038s] GC(26) Old regions: 54->58
[2022-03-23T13:16:08.427+0000][12618.038s] GC(26) Humongous regions: 4->4
[2022-03-23T13:16:08.427+0000][12618.039s] GC(26) Metaspace: 54170K->54170K(1097728K)
[2022-03-23T13:16:08.427+0000][12618.039s] GC(26) Pause Young (Normal) (G1 Evacuation Pause) 102M->63M(512M) 233.649ms
[2022-03-23T13:16:08.428+0000][12618.040s] GC(26) User=0.14s Sys=0.02s Real=0.24s
[2022-03-23T13:16:11.661+0000][12621.272s] GC(27) Pause Young (Normal) (G1 Evacuation Pause)
[2022-03-23T13:16:11.666+0000][12621.278s] GC(27) Using 4 workers of 4 for evacuation
[2022-03-23T13:16:11.816+0000][12621.427s] GC(27)   Pre Evacuate Collection Set: 0.0ms
[2022-03-23T13:16:11.819+0000][12621.431s] GC(27)   Evacuate Collection Set: 131.3ms
[2022-03-23T13:16:11.821+0000][12621.432s] GC(27)   Post Evacuate Collection Set: 1.5ms
[2022-03-23T13:16:11.831+0000][12621.443s] GC(27)   Other: 22.3ms
[2022-03-23T13:16:11.832+0000][12621.444s] GC(27) Eden regions: 44->0(48)
[2022-03-23T13:16:11.833+0000][12621.445s] GC(27) Survivor regions: 4->6(6)
[2022-03-23T13:16:11.850+0000][12621.462s] GC(27) Old regions: 58->61
[2022-03-23T13:16:11.851+0000][12621.462s] GC(27) Humongous regions: 4->4
[2022-03-23T13:16:11.851+0000][12621.463s] GC(27) Metaspace: 54419K->54419K(1099776K)
[2022-03-23T13:16:11.851+0000][12621.463s] GC(27) Pause Young (Normal) (G1 Evacuation Pause) 107M->68M(512M) 190.682ms
[2022-03-23T13:16:11.852+0000][12621.463s] GC(27) User=0.09s Sys=0.06s Real=0.19s
[2022-03-23T13:16:14.244+0000][12623.856s] GC(28) Pause Young (Normal) (G1 Evacuation Pause)
[2022-03-23T13:16:14.262+0000][12623.874s] GC(28) Using 4 workers of 4 for evacuation
[2022-03-23T13:16:14.385+0000][12623.997s] GC(28)   Pre Evacuate Collection Set: 0.0ms
[2022-03-23T13:16:14.385+0000][12623.997s] GC(28)   Evacuate Collection Set: 101.0ms
[2022-03-23T13:16:14.393+0000][12624.005s] GC(28)   Post Evacuate Collection Set: 1.4ms
[2022-03-23T13:16:14.400+0000][12624.012s] GC(28)   Other: 38.6ms
[2022-03-23T13:16:14.400+0000][12624.012s] GC(28) Eden regions: 48->0(57)
[2022-03-23T13:16:14.401+0000][12624.012s] GC(28) Survivor regions: 6->4(7)
[2022-03-23T13:16:14.401+0000][12624.013s] GC(28) Old regions: 61->65
[2022-03-23T13:16:14.401+0000][12624.013s] GC(28) Humongous regions: 4->4
[2022-03-23T13:16:14.401+0000][12624.013s] GC(28) Metaspace: 54433K->54433K(1099776K)
[2022-03-23T13:16:14.403+0000][12624.015s] GC(28) Pause Young (Normal) (G1 Evacuation Pause) 116M->70M(512M) 159.090ms
[2022-03-23T13:16:14.405+0000][12624.017s] GC(28) User=0.11s Sys=0.09s Real=0.16s
[2022-03-23T13:16:16.389+0000][12626.001s] GC(29) Pause Young (Normal) (G1 Evacuation Pause)
[2022-03-23T13:16:16.392+0000][12626.004s] GC(29) Using 4 workers of 4 for evacuation
[2022-03-23T13:16:16.453+0000][12626.065s] GC(29)   Pre Evacuate Collection Set: 0.0ms
[2022-03-23T13:16:16.454+0000][12626.065s] GC(29)   Evacuate Collection Set: 51.7ms
[2022-03-23T13:16:16.454+0000][12626.066s] GC(29)   Post Evacuate Collection Set: 3.4ms
[2022-03-23T13:16:16.454+0000][12626.066s] GC(29)   Other: 9.3ms
[2022-03-23T13:16:16.454+0000][12626.066s] GC(29) Eden regions: 57->0(66)
[2022-03-23T13:16:16.455+0000][12626.066s] GC(29) Survivor regions: 4->8(8)
[2022-03-23T13:16:16.455+0000][12626.067s] GC(29) Old regions: 65->65
[2022-03-23T13:16:16.455+0000][12626.067s] GC(29) Humongous regions: 4->4
[2022-03-23T13:16:16.455+0000][12626.067s] GC(29) Metaspace: 54539K->54539K(1099776K)
[2022-03-23T13:16:16.456+0000][12626.068s] GC(29) Pause Young (Normal) (G1 Evacuation Pause) 127M->75M(512M) 67.060ms
[2022-03-23T13:16:16.457+0000][12626.069s] GC(29) User=0.07s Sys=0.02s Real=0.07s
[2022-03-23T13:16:20.325+0000][12629.937s] GC(30) Pause Young (Normal) (G1 Evacuation Pause)
[2022-03-23T13:16:20.325+0000][12629.937s] GC(30) Using 4 workers of 4 for evacuation
[2022-03-23T13:16:20.485+0000][12630.096s] GC(30)   Pre Evacuate Collection Set: 0.1ms
[2022-03-23T13:16:20.487+0000][12630.099s] GC(30)   Evacuate Collection Set: 147.9ms
[2022-03-23T13:16:20.490+0000][12630.102s] GC(30)   Post Evacuate Collection Set: 10.6ms
[2022-03-23T13:16:20.491+0000][12630.102s] GC(30)   Other: 1.2ms
[2022-03-23T13:16:20.495+0000][12630.107s] GC(30) Eden regions: 66->0(68)
[2022-03-23T13:16:20.496+0000][12630.108s] GC(30) Survivor regions: 8->5(10)
[2022-03-23T13:16:20.497+0000][12630.109s] GC(30) Old regions: 65->72
[2022-03-23T13:16:20.497+0000][12630.109s] GC(30) Humongous regions: 4->4
[2022-03-23T13:16:20.500+0000][12630.112s] GC(30) Metaspace: 54634K->54634K(1099776K)
[2022-03-23T13:16:20.501+0000][12630.113s] GC(30) Pause Young (Normal) (G1 Evacuation Pause) 141M->79M(512M) 176.070ms
[2022-03-23T13:16:20.505+0000][12630.116s] GC(30) User=0.18s Sys=0.08s Real=0.18s
[2022-03-23T13:16:24.646+0000][12634.258s] GC(31) Pause Young (Normal) (G1 Evacuation Pause)
[2022-03-23T13:16:24.652+0000][12634.264s] GC(31) Using 4 workers of 4 for evacuation
[2022-03-23T13:16:24.789+0000][12634.401s] GC(31)   Pre Evacuate Collection Set: 0.0ms
[2022-03-23T13:16:24.791+0000][12634.403s] GC(31)   Evacuate Collection Set: 120.6ms
[2022-03-23T13:16:24.794+0000][12634.405s] GC(31)   Post Evacuate Collection Set: 11.2ms
[2022-03-23T13:16:24.794+0000][12634.406s] GC(31)   Other: 11.3ms
[2022-03-23T13:16:24.796+0000][12634.408s] GC(31) Eden regions: 68->0(74)
[2022-03-23T13:16:24.796+0000][12634.408s] GC(31) Survivor regions: 5->9(10)
[2022-03-23T13:16:24.797+0000][12634.409s] GC(31) Old regions: 72->72
[2022-03-23T13:16:24.797+0000][12634.409s] GC(31) Humongous regions: 4->4
[2022-03-23T13:16:24.798+0000][12634.410s] GC(31) Metaspace: 54704K->54704K(1099776K)
[2022-03-23T13:16:24.799+0000][12634.411s] GC(31) Pause Young (Normal) (G1 Evacuation Pause) 147M->82M(512M) 152.874ms
[2022-03-23T13:16:24.802+0000][12634.414s] GC(31) User=0.04s Sys=0.04s Real=0.16s
[2022-03-23T13:16:28.215+0000][12637.827s] GC(32) Pause Young (Normal) (G1 Evacuation Pause)
[2022-03-23T13:16:28.215+0000][12637.827s] GC(32) Using 4 workers of 4 for evacuation
[2022-03-23T13:16:28.461+0000][12638.073s] GC(32)   Pre Evacuate Collection Set: 0.0ms
[2022-03-23T13:16:28.461+0000][12638.073s] GC(32)   Evacuate Collection Set: 211.0ms
[2022-03-23T13:16:28.461+0000][12638.073s] GC(32)   Post Evacuate Collection Set: 33.8ms
[2022-03-23T13:16:28.462+0000][12638.074s] GC(32)   Other: 0.9ms
[2022-03-23T13:16:28.462+0000][12638.074s] GC(32) Eden regions: 74->0(69)
[2022-03-23T13:16:28.462+0000][12638.074s] GC(32) Survivor regions: 9->11(11)
[2022-03-23T13:16:28.462+0000][12638.074s] GC(32) Old regions: 72->76
[2022-03-23T13:16:28.463+0000][12638.075s] GC(32) Humongous regions: 4->4
[2022-03-23T13:16:28.463+0000][12638.075s] GC(32) Metaspace: 54748K->54748K(1099776K)
[2022-03-23T13:16:28.463+0000][12638.075s] GC(32) Pause Young (Normal) (G1 Evacuation Pause) 156M->88M(512M) 248.222ms
[2022-03-23T13:16:28.465+0000][12638.077s] GC(32) User=0.24s Sys=0.09s Real=0.25s
[2022-03-23T13:16:30.979+0000][12640.591s] GC(33) Pause Young (Normal) (G1 Evacuation Pause)
[2022-03-23T13:16:30.979+0000][12640.591s] GC(33) Using 4 workers of 4 for evacuation
[2022-03-23T13:16:31.281+0000][12640.893s] GC(33) MMU target violated: 251.0ms (250.0ms/251.0ms)
[2022-03-23T13:16:31.282+0000][12640.894s] GC(33)   Pre Evacuate Collection Set: 0.0ms
[2022-03-23T13:16:31.284+0000][12640.896s] GC(33)   Evacuate Collection Set: 275.4ms
[2022-03-23T13:16:31.285+0000][12640.897s] GC(33)   Post Evacuate Collection Set: 25.9ms
[2022-03-23T13:16:31.285+0000][12640.897s] GC(33)   Other: 1.7ms
[2022-03-23T13:16:31.285+0000][12640.897s] GC(33) Eden regions: 69->0(64)
[2022-03-23T13:16:31.291+0000][12640.903s] GC(33) Survivor regions: 11->7(10)
[2022-03-23T13:16:31.291+0000][12640.903s] GC(33) Old regions: 76->84
[2022-03-23T13:16:31.293+0000][12640.905s] GC(33) Humongous regions: 4->4
[2022-03-23T13:16:31.297+0000][12640.908s] GC(33) Metaspace: 54822K->54822K(1099776K)
[2022-03-23T13:16:31.298+0000][12640.910s] GC(33) Pause Young (Normal) (G1 Evacuation Pause) 157M->92M(512M) 319.154ms
[2022-03-23T13:16:31.298+0000][12640.910s] GC(33) User=0.19s Sys=0.06s Real=0.32s
[2022-03-23T13:16:36.170+0000][12645.781s] GC(34) Pause Young (Normal) (G1 Evacuation Pause)
[2022-03-23T13:16:36.170+0000][12645.782s] GC(34) Using 4 workers of 4 for evacuation
[2022-03-23T13:16:36.353+0000][12645.965s] GC(34)   Pre Evacuate Collection Set: 0.0ms
[2022-03-23T13:16:36.354+0000][12645.966s] GC(34)   Evacuate Collection Set: 177.9ms
[2022-03-23T13:16:36.361+0000][12645.973s] GC(34)   Post Evacuate Collection Set: 1.8ms
[2022-03-23T13:16:36.362+0000][12645.974s] GC(34)   Other: 3.4ms
[2022-03-23T13:16:36.362+0000][12645.974s] GC(34) Eden regions: 64->0(69)
[2022-03-23T13:16:36.362+0000][12645.974s] GC(34) Survivor regions: 7->6(9)
[2022-03-23T13:16:36.364+0000][12645.975s] GC(34) Old regions: 84->90
[2022-03-23T13:16:36.365+0000][12645.977s] GC(34) Humongous regions: 4->4
[2022-03-23T13:16:36.366+0000][12645.977s] GC(34) Metaspace: 54894K->54894K(1099776K)
[2022-03-23T13:16:36.366+0000][12645.978s] GC(34) Pause Young (Normal) (G1 Evacuation Pause) 156M->97M(512M) 196.358ms
[2022-03-23T13:16:36.368+0000][12645.980s] GC(34) User=0.16s Sys=0.07s Real=0.20s
[2022-03-23T13:16:43.503+0000][12653.115s] GC(35) Pause Young (Normal) (G1 Evacuation Pause)
[2022-03-23T13:16:43.504+0000][12653.116s] GC(35) Using 4 workers of 4 for evacuation
[2022-03-23T13:16:43.670+0000][12653.282s] GC(35)   Pre Evacuate Collection Set: 0.0ms
[2022-03-23T13:16:43.675+0000][12653.287s] GC(35)   Evacuate Collection Set: 149.2ms
[2022-03-23T13:16:43.675+0000][12653.287s] GC(35)   Post Evacuate Collection Set: 16.1ms
[2022-03-23T13:16:43.676+0000][12653.288s] GC(35)   Other: 1.4ms
[2022-03-23T13:16:43.677+0000][12653.288s] GC(35) Eden regions: 69->0(77)
[2022-03-23T13:16:43.677+0000][12653.289s] GC(35) Survivor regions: 6->9(10)
[2022-03-23T13:16:43.678+0000][12653.289s] GC(35) Old regions: 90->90
[2022-03-23T13:16:43.678+0000][12653.290s] GC(35) Humongous regions: 4->4
[2022-03-23T13:16:43.679+0000][12653.291s] GC(35) Metaspace: 54995K->54995K(1099776K)
[2022-03-23T13:16:43.701+0000][12653.313s] GC(35) Pause Young (Normal) (G1 Evacuation Pause) 166M->101M(512M) 197.919ms
[2022-03-23T13:16:43.719+0000][12653.331s] GC(35) User=0.16s Sys=0.13s Real=0.22s
[2022-03-23T13:16:46.653+0000][12656.264s] GC(36) Pause Young (Normal) (G1 Evacuation Pause)
[2022-03-23T13:16:46.665+0000][12656.277s] GC(36) Using 4 workers of 4 for evacuation
[2022-03-23T13:16:46.979+0000][12656.591s] GC(36) MMU target violated: 251.0ms (250.0ms/251.0ms)
[2022-03-23T13:16:46.979+0000][12656.591s] GC(36)   Pre Evacuate Collection Set: 0.0ms
[2022-03-23T13:16:46.979+0000][12656.591s] GC(36)   Evacuate Collection Set: 293.6ms
[2022-03-23T13:16:46.980+0000][12656.591s] GC(36)   Post Evacuate Collection Set: 3.9ms
[2022-03-23T13:16:46.981+0000][12656.592s] GC(36)   Other: 29.1ms
[2022-03-23T13:16:47.012+0000][12656.624s] GC(36) Eden regions: 77->0(72)
[2022-03-23T13:16:47.012+0000][12656.624s] GC(36) Survivor regions: 9->11(11)
[2022-03-23T13:16:47.013+0000][12656.625s] GC(36) Old regions: 90->93
[2022-03-23T13:16:47.013+0000][12656.625s] GC(36) Humongous regions: 4->4
[2022-03-23T13:16:47.015+0000][12656.626s] GC(36) Metaspace: 55181K->55181K(1099776K)
[2022-03-23T13:16:47.015+0000][12656.627s] GC(36) Pause Young (Normal) (G1 Evacuation Pause) 178M->106M(512M) 362.349ms
[2022-03-23T13:16:47.015+0000][12656.627s] GC(36) User=0.31s Sys=0.18s Real=0.36s
[2022-03-23T13:16:52.282+0000][12661.893s] GC(37) Pause Young (Normal) (G1 Evacuation Pause)
[2022-03-23T13:16:52.291+0000][12661.903s] GC(37) Using 4 workers of 4 for evacuation
[2022-03-23T13:16:52.538+0000][12662.150s] GC(37)   Pre Evacuate Collection Set: 0.0ms
[2022-03-23T13:16:52.540+0000][12662.152s] GC(37)   Evacuate Collection Set: 239.9ms
[2022-03-23T13:16:52.540+0000][12662.152s] GC(37)   Post Evacuate Collection Set: 6.1ms
[2022-03-23T13:16:52.552+0000][12662.164s] GC(37)   Other: 10.4ms
[2022-03-23T13:16:52.555+0000][12662.167s] GC(37) Eden regions: 72->0(77)
[2022-03-23T13:16:52.565+0000][12662.177s] GC(37) Survivor regions: 11->6(11)
[2022-03-23T13:16:52.567+0000][12662.179s] GC(37) Old regions: 93->103
[2022-03-23T13:16:52.581+0000][12662.193s] GC(37) Humongous regions: 4->4
[2022-03-23T13:16:52.582+0000][12662.194s] GC(37) Metaspace: 55201K->55201K(1099776K)
[2022-03-23T13:16:52.582+0000][12662.194s] GC(37) Pause Young (Normal) (G1 Evacuation Pause) 178M->110M(512M) 300.682ms
[2022-03-23T13:16:52.583+0000][12662.195s] GC(37) User=0.18s Sys=0.13s Real=0.31s
[2022-03-23T13:16:55.720+0000][12665.332s] GC(38) Pause Young (Normal) (G1 Evacuation Pause)
[2022-03-23T13:16:55.726+0000][12665.337s] GC(38) Using 4 workers of 4 for evacuation
[2022-03-23T13:16:55.807+0000][12665.419s] GC(38)   Pre Evacuate Collection Set: 0.0ms
[2022-03-23T13:16:55.808+0000][12665.420s] GC(38)   Evacuate Collection Set: 80.1ms
[2022-03-23T13:16:55.808+0000][12665.420s] GC(38)   Post Evacuate Collection Set: 0.9ms
[2022-03-23T13:16:55.808+0000][12665.420s] GC(38)   Other: 6.4ms
[2022-03-23T13:16:55.809+0000][12665.420s] GC(38) Eden regions: 77->0(80)
[2022-03-23T13:16:55.809+0000][12665.421s] GC(38) Survivor regions: 6->11(11)
[2022-03-23T13:16:55.809+0000][12665.421s] GC(38) Old regions: 103->103
[2022-03-23T13:16:55.809+0000][12665.421s] GC(38) Humongous regions: 4->4
[2022-03-23T13:16:55.810+0000][12665.421s] GC(38) Metaspace: 55283K->55283K(1099776K)
[2022-03-23T13:16:55.810+0000][12665.422s] GC(38) Pause Young (Normal) (G1 Evacuation Pause) 187M->115M(512M) 90.225ms
[2022-03-23T13:16:55.811+0000][12665.423s] GC(38) User=0.06s Sys=0.06s Real=0.09s
[2022-03-23T13:17:02.155+0000][12671.767s] GC(39) Pause Young (Normal) (G1 Evacuation Pause)
[2022-03-23T13:17:02.161+0000][12671.772s] GC(39) Using 4 workers of 4 for evacuation
[2022-03-23T13:17:02.581+0000][12672.193s] GC(39) MMU target violated: 251.0ms (250.0ms/251.0ms)
[2022-03-23T13:17:02.581+0000][12672.193s] GC(39)   Pre Evacuate Collection Set: 0.0ms
[2022-03-23T13:17:02.582+0000][12672.194s] GC(39)   Evacuate Collection Set: 416.1ms
[2022-03-23T13:17:02.582+0000][12672.194s] GC(39)   Post Evacuate Collection Set: 3.2ms
[2022-03-23T13:17:02.582+0000][12672.194s] GC(39)   Other: 6.8ms
[2022-03-23T13:17:02.583+0000][12672.194s] GC(39) Eden regions: 80->0(69)
[2022-03-23T13:17:02.583+0000][12672.195s] GC(39) Survivor regions: 11->7(12)
[2022-03-23T13:17:02.583+0000][12672.195s] GC(39) Old regions: 103->112
[2022-03-23T13:17:02.584+0000][12672.195s] GC(39) Humongous regions: 4->4
[2022-03-23T13:17:02.584+0000][12672.196s] GC(39) Metaspace: 55304K->55304K(1099776K)
[2022-03-23T13:17:02.584+0000][12672.196s] GC(39) Pause Young (Normal) (G1 Evacuation Pause) 195M->120M(512M) 428.918ms
[2022-03-23T13:17:02.585+0000][12672.196s] GC(39) User=0.24s Sys=0.11s Real=0.44s
[2022-03-23T13:17:04.853+0000][12674.465s] GC(40) Pause Young (Normal) (G1 Evacuation Pause)
[2022-03-23T13:17:04.861+0000][12674.473s] GC(40) Using 4 workers of 4 for evacuation
[2022-03-23T13:17:05.064+0000][12674.676s] GC(40)   Pre Evacuate Collection Set: 0.0ms
[2022-03-23T13:17:05.065+0000][12674.677s] GC(40)   Evacuate Collection Set: 185.6ms
[2022-03-23T13:17:05.066+0000][12674.678s] GC(40)   Post Evacuate Collection Set: 15.9ms
[2022-03-23T13:17:05.068+0000][12674.680s] GC(40)   Other: 9.7ms
[2022-03-23T13:17:05.069+0000][12674.681s] GC(40) Eden regions: 69->0(73)
[2022-03-23T13:17:05.072+0000][12674.684s] GC(40) Survivor regions: 7->7(10)
[2022-03-23T13:17:05.085+0000][12674.697s] GC(40) Old regions: 112->117
[2022-03-23T13:17:05.086+0000][12674.697s] GC(40) Humongous regions: 4->4
[2022-03-23T13:17:05.086+0000][12674.698s] GC(40) Metaspace: 55349K->55349K(1099776K)
[2022-03-23T13:17:05.088+0000][12674.699s] GC(40) Pause Young (Normal) (G1 Evacuation Pause) 189M->126M(512M) 234.575ms
[2022-03-23T13:17:05.093+0000][12674.705s] GC(40) User=0.10s Sys=0.19s Real=0.24s
[2022-03-23T13:17:08.076+0000][12677.688s] GC(41) Pause Young (Normal) (G1 Evacuation Pause)
[2022-03-23T13:17:08.083+0000][12677.695s] GC(41) Using 4 workers of 4 for evacuation
[2022-03-23T13:17:08.271+0000][12677.882s] GC(41)   Pre Evacuate Collection Set: 0.0ms
[2022-03-23T13:17:08.287+0000][12677.898s] GC(41)   Evacuate Collection Set: 157.7ms
[2022-03-23T13:17:08.293+0000][12677.905s] GC(41)   Post Evacuate Collection Set: 27.5ms
[2022-03-23T13:17:08.294+0000][12677.905s] GC(41)   Other: 9.0ms
[2022-03-23T13:17:08.294+0000][12677.906s] GC(41) Eden regions: 73->0(77)
[2022-03-23T13:17:08.294+0000][12677.906s] GC(41) Survivor regions: 7->7(10)
[2022-03-23T13:17:08.294+0000][12677.906s] GC(41) Old regions: 117->122
[2022-03-23T13:17:08.294+0000][12677.906s] GC(41) Humongous regions: 4->4
[2022-03-23T13:17:08.295+0000][12677.906s] GC(41) Metaspace: 55371K->55371K(1099776K)
[2022-03-23T13:17:08.297+0000][12677.909s] GC(41) Pause Young (Normal) (G1 Evacuation Pause) 199M->131M(512M) 221.038ms
[2022-03-23T13:17:08.299+0000][12677.911s] GC(41) User=0.09s Sys=0.06s Real=0.22s
[2022-03-23T13:17:11.127+0000][12680.738s] GC(42) Pause Young (Normal) (G1 Evacuation Pause)
[2022-03-23T13:17:11.201+0000][12680.813s] GC(42) Using 4 workers of 4 for evacuation
[2022-03-23T13:17:11.429+0000][12681.041s] GC(42)   Pre Evacuate Collection Set: 0.0ms
[2022-03-23T13:17:11.455+0000][12681.067s] GC(42)   Evacuate Collection Set: 166.4ms
[2022-03-23T13:17:11.471+0000][12681.082s] GC(42)   Post Evacuate Collection Set: 1.2ms
[2022-03-23T13:17:11.487+0000][12681.099s] GC(42)   Other: 135.3ms
[2022-03-23T13:17:11.503+0000][12681.115s] GC(42) Eden regions: 77->0(86)
[2022-03-23T13:17:11.519+0000][12681.131s] GC(42) Survivor regions: 7->7(11)
[2022-03-23T13:17:11.552+0000][12681.164s] GC(42) Old regions: 122->127
[2022-03-23T13:17:11.614+0000][12681.226s] GC(42) Humongous regions: 4->4
[2022-03-23T13:17:11.678+0000][12681.290s] GC(42) Metaspace: 55394K->55394K(1099776K)
[2022-03-23T13:17:11.736+0000][12681.348s] GC(42) Pause Young (Normal) (G1 Evacuation Pause) 208M->136M(512M) 609.821ms
[2022-03-23T13:17:11.828+0000][12681.439s] GC(42) User=0.23s Sys=0.22s Real=0.70s
[2022-03-23T13:17:22.465+0000][12692.077s] GC(43) Pause Young (Normal) (G1 Evacuation Pause)
[2022-03-23T13:17:22.466+0000][12692.078s] GC(43) Using 4 workers of 4 for evacuation
[2022-03-23T13:17:22.718+0000][12692.329s] GC(43) MMU target violated: 250.7ms (250.0ms/251.0ms)
[2022-03-23T13:17:22.738+0000][12692.349s] GC(43)   Pre Evacuate Collection Set: 0.0ms
[2022-03-23T13:17:22.751+0000][12692.363s] GC(43)   Evacuate Collection Set: 249.4ms
[2022-03-23T13:17:22.751+0000][12692.363s] GC(43)   Post Evacuate Collection Set: 0.8ms
[2022-03-23T13:17:22.752+0000][12692.364s] GC(43)   Other: 22.1ms
[2022-03-23T13:17:22.753+0000][12692.364s] GC(43) Eden regions: 86->0(86)
[2022-03-23T13:17:22.756+0000][12692.367s] GC(43) Survivor regions: 7->6(12)
[2022-03-23T13:17:22.759+0000][12692.371s] GC(43) Old regions: 127->133
[2022-03-23T13:17:22.762+0000][12692.374s] GC(43) Humongous regions: 4->4
[2022-03-23T13:17:22.763+0000][12692.375s] GC(43) Metaspace: 55410K->55410K(1099776K)
[2022-03-23T13:17:22.764+0000][12692.376s] GC(43) Pause Young (Normal) (G1 Evacuation Pause) 222M->141M(512M) 298.802ms
[2022-03-23T13:17:22.769+0000][12692.381s] GC(43) User=0.13s Sys=0.10s Real=0.30s
[2022-03-23T13:17:27.606+0000][12697.218s] GC(44) Pause Young (Normal) (G1 Evacuation Pause)
[2022-03-23T13:17:27.620+0000][12697.232s] GC(44) Using 4 workers of 4 for evacuation
[2022-03-23T13:17:27.836+0000][12697.448s] GC(44)   Pre Evacuate Collection Set: 0.0ms
[2022-03-23T13:17:27.836+0000][12697.448s] GC(44)   Evacuate Collection Set: 164.8ms
[2022-03-23T13:17:27.838+0000][12697.449s] GC(44)   Post Evacuate Collection Set: 48.5ms
[2022-03-23T13:17:27.839+0000][12697.451s] GC(44)   Other: 16.3ms
[2022-03-23T13:17:27.850+0000][12697.462s] GC(44) Eden regions: 86->0(84)
[2022-03-23T13:17:27.865+0000][12697.476s] GC(44) Survivor regions: 6->12(12)
[2022-03-23T13:17:27.870+0000][12697.482s] GC(44) Old regions: 133->135
[2022-03-23T13:17:27.871+0000][12697.482s] GC(44) Humongous regions: 4->4
[2022-03-23T13:17:27.872+0000][12697.484s] GC(44) Metaspace: 55448K->55448K(1099776K)
[2022-03-23T13:17:27.873+0000][12697.484s] GC(44) Pause Young (Normal) (G1 Evacuation Pause) 227M->148M(512M) 266.400ms
[2022-03-23T13:17:27.873+0000][12697.485s] GC(44) User=0.24s Sys=0.08s Real=0.27s
[2022-03-23T13:17:32.226+0000][12701.838s] GC(45) Pause Young (Normal) (G1 Evacuation Pause)
[2022-03-23T13:17:32.255+0000][12701.867s] GC(45) Using 4 workers of 4 for evacuation
[2022-03-23T13:17:32.539+0000][12702.151s] GC(45) MMU target violated: 251.0ms (250.0ms/251.0ms)
[2022-03-23T13:17:32.582+0000][12702.194s] GC(45)   Pre Evacuate Collection Set: 0.0ms
[2022-03-23T13:17:32.583+0000][12702.195s] GC(45)   Evacuate Collection Set: 204.1ms
[2022-03-23T13:17:32.584+0000][12702.196s] GC(45)   Post Evacuate Collection Set: 74.3ms
[2022-03-23T13:17:32.584+0000][12702.196s] GC(45)   Other: 78.0ms
[2022-03-23T13:17:32.584+0000][12702.196s] GC(45) Eden regions: 84->0(84)
[2022-03-23T13:17:32.585+0000][12702.197s] GC(45) Survivor regions: 12->7(12)
[2022-03-23T13:17:32.585+0000][12702.197s] GC(45) Old regions: 135->146
[2022-03-23T13:17:32.585+0000][12702.197s] GC(45) Humongous regions: 4->4
[2022-03-23T13:17:32.585+0000][12702.197s] GC(45) Metaspace: 55461K->55461K(1099776K)
[2022-03-23T13:17:32.589+0000][12702.201s] GC(45) Pause Young (Normal) (G1 Evacuation Pause) 232M->155M(512M) 363.391ms
[2022-03-23T13:17:32.602+0000][12702.214s] GC(45) User=0.19s Sys=0.40s Real=0.38s
[2022-03-23T13:17:36.926+0000][12706.538s] GC(46) Pause Young (Normal) (G1 Evacuation Pause)
[2022-03-23T13:17:36.970+0000][12706.581s] GC(46) Using 4 workers of 4 for evacuation
[2022-03-23T13:17:37.272+0000][12706.884s] GC(46)   Pre Evacuate Collection Set: 0.0ms
[2022-03-23T13:17:37.291+0000][12706.903s] GC(46)   Evacuate Collection Set: 137.5ms
[2022-03-23T13:17:37.304+0000][12706.916s] GC(46)   Post Evacuate Collection Set: 77.7ms
[2022-03-23T13:17:37.320+0000][12706.932s] GC(46)   Other: 130.7ms
[2022-03-23T13:17:37.352+0000][12706.964s] GC(46) Eden regions: 84->0(82)
[2022-03-23T13:17:37.384+0000][12706.995s] GC(46) Survivor regions: 7->12(12)
[2022-03-23T13:17:37.418+0000][12707.029s] GC(46) Old regions: 146->146
[2022-03-23T13:17:37.451+0000][12707.063s] GC(46) Humongous regions: 4->4
[2022-03-23T13:17:37.483+0000][12707.095s] GC(46) Metaspace: 55476K->55476K(1099776K)
[2022-03-23T13:17:37.499+0000][12707.111s] GC(46) Pause Young (Normal) (G1 Evacuation Pause) 239M->160M(512M) 573.389ms
[2022-03-23T13:17:37.515+0000][12707.127s] GC(46) User=0.49s Sys=0.11s Real=0.59s
[2022-03-23T13:17:44.847+0000][12714.459s] GC(47) Pause Young (Normal) (G1 Evacuation Pause)
[2022-03-23T13:17:44.860+0000][12714.472s] GC(47) Using 4 workers of 4 for evacuation
[2022-03-23T13:17:45.186+0000][12714.797s] GC(47) MMU target violated: 251.0ms (250.0ms/251.0ms)
[2022-03-23T13:17:45.191+0000][12714.803s] GC(47)   Pre Evacuate Collection Set: 0.0ms
[2022-03-23T13:17:45.193+0000][12714.804s] GC(47)   Evacuate Collection Set: 307.9ms
[2022-03-23T13:17:45.194+0000][12714.806s] GC(47)   Post Evacuate Collection Set: 1.5ms
[2022-03-23T13:17:45.208+0000][12714.819s] GC(47)   Other: 34.5ms
[2022-03-23T13:17:45.222+0000][12714.834s] GC(47) Eden regions: 81->0(80)
[2022-03-23T13:17:45.224+0000][12714.836s] GC(47) Survivor regions: 12->7(12)
[2022-03-23T13:17:45.224+0000][12714.836s] GC(47) Old regions: 146->156
[2022-03-23T13:17:45.225+0000][12714.836s] GC(47) Humongous regions: 4->4
[2022-03-23T13:17:45.226+0000][12714.838s] GC(47) Metaspace: 55508K->55508K(1099776K)
[2022-03-23T13:17:45.227+0000][12714.839s] GC(47) Pause Young (Normal) (G1 Evacuation Pause) 241M->165M(512M) 379.862ms
[2022-03-23T13:17:45.227+0000][12714.839s] GC(47) User=0.14s Sys=0.26s Real=0.38s
[2022-03-23T13:17:49.371+0000][12718.982s] GC(48) Pause Young (Normal) (G1 Evacuation Pause)
[2022-03-23T13:17:49.386+0000][12718.998s] GC(48) Using 4 workers of 4 for evacuation
[2022-03-23T13:17:49.628+0000][12719.239s] GC(48)   Pre Evacuate Collection Set: 0.0ms
[2022-03-23T13:17:49.658+0000][12719.270s] GC(48)   Evacuate Collection Set: 188.8ms
[2022-03-23T13:17:49.691+0000][12719.303s] GC(48)   Post Evacuate Collection Set: 20.9ms
[2022-03-23T13:17:49.697+0000][12719.309s] GC(48)   Other: 48.4ms
[2022-03-23T13:17:49.705+0000][12719.317s] GC(48) Eden regions: 80->0(64)
[2022-03-23T13:17:49.717+0000][12719.328s] GC(48) Survivor regions: 7->11(11)
[2022-03-23T13:17:49.726+0000][12719.338s] GC(48) Old regions: 156->158
[2022-03-23T13:17:49.728+0000][12719.339s] GC(48) Humongous regions: 4->4
[2022-03-23T13:17:49.732+0000][12719.344s] GC(48) Metaspace: 55564K->55564K(1099776K)
[2022-03-23T13:17:49.742+0000][12719.354s] GC(48) Pause Young (Normal) (G1 Evacuation Pause) 245M->171M(512M) 371.832ms
[2022-03-23T13:17:49.762+0000][12719.374s] GC(48) User=0.10s Sys=0.15s Real=0.40s
[2022-03-23T13:17:52.065+0000][12721.677s] GC(49) Pause Young (Normal) (G1 Evacuation Pause)
[2022-03-23T13:17:52.066+0000][12721.677s] GC(49) Using 4 workers of 4 for evacuation
[2022-03-23T13:17:52.198+0000][12721.810s] GC(49)   Pre Evacuate Collection Set: 0.1ms
[2022-03-23T13:17:52.198+0000][12721.810s] GC(49)   Evacuate Collection Set: 105.9ms
[2022-03-23T13:17:52.199+0000][12721.811s] GC(49)   Post Evacuate Collection Set: 24.0ms
[2022-03-23T13:17:52.199+0000][12721.811s] GC(49)   Other: 2.9ms
[2022-03-23T13:17:52.200+0000][12721.811s] GC(49) Eden regions: 64->0(73)
[2022-03-23T13:17:52.201+0000][12721.813s] GC(49) Survivor regions: 11->6(10)
[2022-03-23T13:17:52.202+0000][12721.814s] GC(49) Old regions: 158->167
[2022-03-23T13:17:52.203+0000][12721.815s] GC(49) Humongous regions: 4->4
[2022-03-23T13:17:52.203+0000][12721.815s] GC(49) Metaspace: 55577K->55577K(1099776K)
[2022-03-23T13:17:52.204+0000][12721.815s] GC(49) Pause Young (Normal) (G1 Evacuation Pause) 235M->175M(512M) 138.449ms
[2022-03-23T13:17:52.204+0000][12721.816s] GC(49) User=0.20s Sys=0.05s Real=0.14s
[2022-03-23T13:17:54.503+0000][12724.115s] GC(50) Pause Young (Normal) (G1 Evacuation Pause)
[2022-03-23T13:17:54.511+0000][12724.123s] GC(50) Using 4 workers of 4 for evacuation
[2022-03-23T13:17:54.600+0000][12724.211s] GC(50)   Pre Evacuate Collection Set: 0.1ms
[2022-03-23T13:17:54.601+0000][12724.213s] GC(50)   Evacuate Collection Set: 79.1ms
[2022-03-23T13:17:54.614+0000][12724.226s] GC(50)   Post Evacuate Collection Set: 7.7ms
[2022-03-23T13:17:54.616+0000][12724.228s] GC(50)   Other: 9.7ms
[2022-03-23T13:17:54.619+0000][12724.231s] GC(50) Eden regions: 73->0(78)
[2022-03-23T13:17:54.642+0000][12724.254s] GC(50) Survivor regions: 6->10(10)
[2022-03-23T13:17:54.648+0000][12724.260s] GC(50) Old regions: 167->168
[2022-03-23T13:17:54.648+0000][12724.260s] GC(50) Humongous regions: 4->4
[2022-03-23T13:17:54.649+0000][12724.261s] GC(50) Metaspace: 55613K->55613K(1099776K)
[2022-03-23T13:17:54.649+0000][12724.261s] GC(50) Pause Young (Normal) (G1 Evacuation Pause) 248M->180M(512M) 146.051ms
[2022-03-23T13:17:54.650+0000][12724.261s] GC(50) User=0.20s Sys=0.07s Real=0.14s
[2022-03-23T13:17:58.168+0000][12727.780s] GC(51) Pause Young (Normal) (G1 Evacuation Pause)
[2022-03-23T13:17:58.169+0000][12727.781s] GC(51) Using 4 workers of 4 for evacuation
[2022-03-23T13:17:58.247+0000][12727.859s] GC(51)   Pre Evacuate Collection Set: 0.0ms
[2022-03-23T13:17:58.248+0000][12727.860s] GC(51)   Evacuate Collection Set: 75.3ms
[2022-03-23T13:17:58.249+0000][12727.861s] GC(51)   Post Evacuate Collection Set: 1.7ms
[2022-03-23T13:17:58.249+0000][12727.861s] GC(51)   Other: 1.8ms
[2022-03-23T13:17:58.250+0000][12727.861s] GC(51) Eden regions: 78->0(88)
[2022-03-23T13:17:58.250+0000][12727.862s] GC(51) Survivor regions: 10->7(11)
[2022-03-23T13:17:58.251+0000][12727.862s] GC(51) Old regions: 168->176
[2022-03-23T13:17:58.252+0000][12727.863s] GC(51) Humongous regions: 4->4
[2022-03-23T13:17:58.253+0000][12727.864s] GC(51) Metaspace: 55627K->55627K(1099776K)
[2022-03-23T13:17:58.253+0000][12727.865s] GC(51) Pause Young (Normal) (G1 Evacuation Pause) 258M->185M(512M) 84.971ms
[2022-03-23T13:17:58.253+0000][12727.865s] GC(51) User=0.19s Sys=0.02s Real=0.09s
[2022-03-23T13:18:00.513+0000][12730.125s] GC(52) Pause Young (Normal) (G1 Evacuation Pause)
[2022-03-23T13:18:00.514+0000][12730.126s] GC(52) Using 4 workers of 4 for evacuation
[2022-03-23T13:18:00.602+0000][12730.214s] GC(52)   Pre Evacuate Collection Set: 0.0ms
[2022-03-23T13:18:00.619+0000][12730.231s] GC(52)   Evacuate Collection Set: 78.7ms
[2022-03-23T13:18:00.621+0000][12730.233s] GC(52)   Post Evacuate Collection Set: 1.8ms
[2022-03-23T13:18:00.623+0000][12730.235s] GC(52)   Other: 8.4ms
[2022-03-23T13:18:00.624+0000][12730.236s] GC(52) Eden regions: 88->0(95)
[2022-03-23T13:18:00.625+0000][12730.237s] GC(52) Survivor regions: 7->12(12)
[2022-03-23T13:18:00.626+0000][12730.238s] GC(52) Old regions: 176->177
[2022-03-23T13:18:00.632+0000][12730.244s] GC(52) Humongous regions: 4->4
[2022-03-23T13:18:00.633+0000][12730.245s] GC(52) Metaspace: 55645K->55645K(1099776K)
[2022-03-23T13:18:00.634+0000][12730.246s] GC(52) Pause Young (Normal) (G1 Evacuation Pause) 273M->191M(512M) 120.820ms
[2022-03-23T13:18:00.635+0000][12730.246s] GC(52) User=0.15s Sys=0.02s Real=0.12s
[2022-03-23T13:32:18.566+0000][13588.178s] GC(53) Pause Young (Normal) (G1 Evacuation Pause)
[2022-03-23T13:32:18.566+0000][13588.178s] GC(53) Using 4 workers of 4 for evacuation
[2022-03-23T13:32:18.893+0000][13588.504s] GC(53) MMU target violated: 251.0ms (250.0ms/251.0ms)
[2022-03-23T13:32:18.893+0000][13588.505s] GC(53)   Pre Evacuate Collection Set: 4.6ms
[2022-03-23T13:32:18.893+0000][13588.505s] GC(53)   Evacuate Collection Set: 316.4ms
[2022-03-23T13:32:18.894+0000][13588.505s] GC(53)   Post Evacuate Collection Set: 3.7ms
[2022-03-23T13:32:18.894+0000][13588.506s] GC(53)   Other: 2.6ms
[2022-03-23T13:32:18.894+0000][13588.506s] GC(53) Eden regions: 95->0(79)
[2022-03-23T13:32:18.894+0000][13588.506s] GC(53) Survivor regions: 12->12(14)
[2022-03-23T13:32:18.894+0000][13588.506s] GC(53) Old regions: 177->182
[2022-03-23T13:32:18.894+0000][13588.506s] GC(53) Humongous regions: 4->4
[2022-03-23T13:32:18.895+0000][13588.506s] GC(53) Metaspace: 55812K->55812K(1099776K)
[2022-03-23T13:32:18.895+0000][13588.507s] GC(53) Pause Young (Normal) (G1 Evacuation Pause) 286M->195M(512M) 328.972ms
[2022-03-23T13:32:18.895+0000][13588.507s] GC(53) User=1.24s Sys=0.00s Real=0.33s
[2022-03-24T04:51:20.940+0000][16894.608s] GC(54) Pause Young (Normal) (G1 Evacuation Pause)
[2022-03-24T04:51:20.944+0000][16894.611s] GC(54) Using 4 workers of 4 for evacuation
[2022-03-24T04:51:21.568+0000][16895.235s] GC(54) MMU target violated: 251.0ms (250.0ms/251.0ms)
[2022-03-24T04:51:21.569+0000][16895.236s] GC(54)   Pre Evacuate Collection Set: 55.6ms
[2022-03-24T04:51:21.570+0000][16895.236s] GC(54)   Evacuate Collection Set: 547.2ms
[2022-03-24T04:51:21.570+0000][16895.237s] GC(54)   Post Evacuate Collection Set: 15.5ms
[2022-03-24T04:51:21.571+0000][16895.237s] GC(54)   Other: 15.2ms
[2022-03-24T04:51:21.571+0000][16895.238s] GC(54) Eden regions: 79->0(45)
[2022-03-24T04:51:21.572+0000][16895.238s] GC(54) Survivor regions: 12->5(12)
[2022-03-24T04:51:21.572+0000][16895.239s] GC(54) Old regions: 182->188
[2022-03-24T04:51:21.572+0000][16895.239s] GC(54) Humongous regions: 4->4
[2022-03-24T04:51:21.572+0000][16895.239s] GC(54) Metaspace: 56161K->56161K(1099776K)
[2022-03-24T04:51:21.574+0000][16895.240s] GC(54) Pause Young (Normal) (G1 Evacuation Pause) 274M->194M(512M) 633.867ms
[2022-03-24T04:51:21.575+0000][16895.241s] GC(54) User=2.13s Sys=0.15s Real=0.63s
[2022-03-24T05:24:34.941+0000][18888.608s] GC(55) Pause Young (Normal) (G1 Evacuation Pause)
[2022-03-24T05:24:34.942+0000][18888.609s] GC(55) Using 4 workers of 4 for evacuation
[2022-03-24T05:24:35.003+0000][18888.670s] GC(55)   Pre Evacuate Collection Set: 5.9ms
[2022-03-24T05:24:35.004+0000][18888.671s] GC(55)   Evacuate Collection Set: 51.7ms
[2022-03-24T05:24:35.004+0000][18888.671s] GC(55)   Post Evacuate Collection Set: 2.4ms
[2022-03-24T05:24:35.005+0000][18888.672s] GC(55)   Other: 2.6ms
[2022-03-24T05:24:35.006+0000][18888.672s] GC(55) Eden regions: 45->0(78)
[2022-03-24T05:24:35.006+0000][18888.673s] GC(55) Survivor regions: 5->2(7)
[2022-03-24T05:24:35.006+0000][18888.673s] GC(55) Old regions: 188->191
[2022-03-24T05:24:35.007+0000][18888.674s] GC(55) Humongous regions: 4->4
[2022-03-24T05:24:35.007+0000][18888.674s] GC(55) Metaspace: 56227K->56227K(1099776K)
[2022-03-24T05:24:35.008+0000][18888.675s] GC(55) Pause Young (Normal) (G1 Evacuation Pause) 239M->194M(512M) 66.701ms
[2022-03-24T05:24:35.009+0000][18888.675s] GC(55) User=0.21s Sys=0.00s Real=0.07s
[2022-03-24T06:22:51.094+0000][22384.761s] GC(56) Pause Young (Normal) (G1 Evacuation Pause)
[2022-03-24T06:22:51.096+0000][22384.762s] GC(56) Using 4 workers of 4 for evacuation
[2022-03-24T06:22:51.232+0000][22384.899s] GC(56)   Pre Evacuate Collection Set: 34.4ms
[2022-03-24T06:22:51.232+0000][22384.899s] GC(56)   Evacuate Collection Set: 95.2ms
[2022-03-24T06:22:51.233+0000][22384.899s] GC(56)   Post Evacuate Collection Set: 2.6ms
[2022-03-24T06:22:51.233+0000][22384.900s] GC(56)   Other: 7.0ms
[2022-03-24T06:22:51.233+0000][22384.900s] GC(56) Eden regions: 78->0(95)
[2022-03-24T06:22:51.233+0000][22384.900s] GC(56) Survivor regions: 2->1(10)
[2022-03-24T06:22:51.234+0000][22384.900s] GC(56) Old regions: 191->191
[2022-03-24T06:22:51.234+0000][22384.901s] GC(56) Humongous regions: 4->4
[2022-03-24T06:22:51.234+0000][22384.901s] GC(56) Metaspace: 56489K->56489K(1101824K)
[2022-03-24T06:22:51.235+0000][22384.902s] GC(56) Pause Young (Normal) (G1 Evacuation Pause) 272M->194M(512M) 141.012ms
[2022-03-24T06:22:51.235+0000][22384.902s] GC(56) User=0.41s Sys=0.00s Real=0.14s
[2022-03-24T07:34:53.406+0000][26707.073s] GC(57) Pause Young (Normal) (G1 Evacuation Pause)
[2022-03-24T07:34:53.408+0000][26707.075s] GC(57) Using 4 workers of 4 for evacuation
[2022-03-24T07:34:53.528+0000][26707.195s] GC(57)   Pre Evacuate Collection Set: 17.2ms
[2022-03-24T07:34:53.529+0000][26707.195s] GC(57)   Evacuate Collection Set: 96.6ms
[2022-03-24T07:34:53.529+0000][26707.196s] GC(57)   Post Evacuate Collection Set: 2.8ms
[2022-03-24T07:34:53.529+0000][26707.196s] GC(57)   Other: 6.8ms
[2022-03-24T07:34:53.529+0000][26707.196s] GC(57) Eden regions: 95->0(98)
[2022-03-24T07:34:53.530+0000][26707.196s] GC(57) Survivor regions: 1->1(12)
[2022-03-24T07:34:53.530+0000][26707.197s] GC(57) Old regions: 191->191
[2022-03-24T07:34:53.531+0000][26707.197s] GC(57) Humongous regions: 4->4
[2022-03-24T07:34:53.531+0000][26707.198s] GC(57) Metaspace: 56543K->56543K(1101824K)
[2022-03-24T07:34:53.531+0000][26707.198s] GC(57) Pause Young (Normal) (G1 Evacuation Pause) 289M->194M(512M) 124.986ms
[2022-03-24T07:34:53.531+0000][26707.198s] GC(57) User=0.40s Sys=0.00s Real=0.13s
[2022-03-24T08:31:18.420+0000][30092.087s] GC(58) Pause Young (Normal) (G1 Evacuation Pause)
[2022-03-24T08:31:18.421+0000][30092.088s] GC(58) Using 4 workers of 4 for evacuation
[2022-03-24T08:31:18.504+0000][30092.170s] GC(58)   Pre Evacuate Collection Set: 11.7ms
[2022-03-24T08:31:18.504+0000][30092.171s] GC(58)   Evacuate Collection Set: 63.2ms
[2022-03-24T08:31:18.504+0000][30092.171s] GC(58)   Post Evacuate Collection Set: 4.9ms
[2022-03-24T08:31:18.505+0000][30092.171s] GC(58)   Other: 4.0ms
[2022-03-24T08:31:18.505+0000][30092.172s] GC(58) Eden regions: 98->0(105)
[2022-03-24T08:31:18.505+0000][30092.172s] GC(58) Survivor regions: 1->2(13)
[2022-03-24T08:31:18.506+0000][30092.172s] GC(58) Old regions: 191->191
[2022-03-24T08:31:18.506+0000][30092.172s] GC(58) Humongous regions: 4->4
[2022-03-24T08:31:18.506+0000][30092.173s] GC(58) Metaspace: 56749K->56749K(1101824K)
[2022-03-24T08:31:18.507+0000][30092.173s] GC(58) Pause Young (Normal) (G1 Evacuation Pause) 292M->194M(512M) 86.116ms
[2022-03-24T08:31:18.507+0000][30092.174s] GC(58) User=0.28s Sys=0.00s Real=0.09s
[2022-03-24T09:48:56.491+0000][34750.158s] GC(59) Pause Young (Normal) (G1 Evacuation Pause)
[2022-03-24T09:48:56.493+0000][34750.160s] GC(59) Using 4 workers of 4 for evacuation
[2022-03-24T09:48:56.627+0000][34750.294s] GC(59)   Pre Evacuate Collection Set: 16.8ms
[2022-03-24T09:48:56.627+0000][34750.294s] GC(59)   Evacuate Collection Set: 97.3ms
[2022-03-24T09:48:56.628+0000][34750.294s] GC(59)   Post Evacuate Collection Set: 15.7ms
[2022-03-24T09:48:56.628+0000][34750.295s] GC(59)   Other: 7.2ms
[2022-03-24T09:48:56.628+0000][34750.295s] GC(59) Eden regions: 105->0(239)
[2022-03-24T09:48:56.628+0000][34750.295s] GC(59) Survivor regions: 2->2(14)
[2022-03-24T09:48:56.629+0000][34750.295s] GC(59) Old regions: 191->191
[2022-03-24T09:48:56.629+0000][34750.296s] GC(59) Humongous regions: 4->4
[2022-03-24T09:48:56.629+0000][34750.296s] GC(59) Metaspace: 56765K->56765K(1101824K)
[2022-03-24T09:48:56.630+0000][34750.296s] GC(59) Pause Young (Normal) (G1 Evacuation Pause) 299M->194M(512M) 138.504ms
[2022-03-24T09:48:56.630+0000][34750.297s] GC(59) User=0.45s Sys=0.00s Real=0.14s
[2022-03-24T10:21:45.774+0000][36719.441s] GC(60) Pause Young (Normal) (G1 Evacuation Pause)
[2022-03-24T10:21:45.776+0000][36719.442s] GC(60) Using 4 workers of 4 for evacuation
[2022-03-24T10:21:45.907+0000][36719.574s] GC(60)   Pre Evacuate Collection Set: 11.2ms
[2022-03-24T10:21:45.908+0000][36719.574s] GC(60)   Evacuate Collection Set: 108.5ms
[2022-03-24T10:21:45.908+0000][36719.575s] GC(60)   Post Evacuate Collection Set: 6.6ms
[2022-03-24T10:21:45.908+0000][36719.575s] GC(60)   Other: 7.5ms
[2022-03-24T10:21:45.908+0000][36719.575s] GC(60) Eden regions: 238->0(128)
[2022-03-24T10:21:45.909+0000][36719.575s] GC(60) Survivor regions: 2->14(30)
[2022-03-24T10:21:45.909+0000][36719.576s] GC(60) Old regions: 191->191
[2022-03-24T10:21:45.909+0000][36719.576s] GC(60) Humongous regions: 4->4
[2022-03-24T10:21:45.909+0000][36719.576s] GC(60) Metaspace: 56873K->56873K(1101824K)
[2022-03-24T10:21:45.910+0000][36719.577s] GC(60) Pause Young (Normal) (G1 Evacuation Pause) 432M->207M(512M) 136.147ms
[2022-03-24T10:21:45.910+0000][36719.577s] GC(60) User=0.47s Sys=0.00s Real=0.14s
[2022-03-24T10:21:48.687+0000][36722.354s] GC(61) Pause Young (Normal) (G1 Evacuation Pause)
[2022-03-24T10:21:48.688+0000][36722.355s] GC(61) Using 4 workers of 4 for evacuation
[2022-03-24T10:21:48.800+0000][36722.466s] GC(61)   Pre Evacuate Collection Set: 0.0ms
[2022-03-24T10:21:48.801+0000][36722.468s] GC(61)   Evacuate Collection Set: 109.7ms
[2022-03-24T10:21:48.802+0000][36722.468s] GC(61)   Post Evacuate Collection Set: 1.5ms
[2022-03-24T10:21:48.802+0000][36722.469s] GC(61)   Other: 1.1ms
[2022-03-24T10:21:48.802+0000][36722.469s] GC(61) Eden regions: 127->0(132)
[2022-03-24T10:21:48.803+0000][36722.469s] GC(61) Survivor regions: 14->9(18)
[2022-03-24T10:21:48.803+0000][36722.470s] GC(61) Old regions: 191->203
[2022-03-24T10:21:48.803+0000][36722.470s] GC(61) Humongous regions: 4->4
[2022-03-24T10:21:48.804+0000][36722.470s] GC(61) Metaspace: 56921K->56921K(1101824K)
[2022-03-24T10:21:48.804+0000][36722.471s] GC(61) Pause Young (Normal) (G1 Evacuation Pause) 334M->213M(512M) 116.613ms
[2022-03-24T10:21:48.804+0000][36722.471s] GC(61) User=0.42s Sys=0.00s Real=0.11s
[2022-03-24T10:21:50.906+0000][36724.573s] GC(62) Pause Young (Normal) (G1 Evacuation Pause)
[2022-03-24T10:21:50.907+0000][36724.573s] GC(62) Using 4 workers of 4 for evacuation
[2022-03-24T10:21:50.934+0000][36724.601s] GC(62)   Pre Evacuate Collection Set: 0.0ms
[2022-03-24T10:21:50.934+0000][36724.601s] GC(62)   Evacuate Collection Set: 7.7ms
[2022-03-24T10:21:50.935+0000][36724.601s] GC(62)   Post Evacuate Collection Set: 19.3ms
[2022-03-24T10:21:50.935+0000][36724.602s] GC(62)   Other: 0.8ms
[2022-03-24T10:21:50.935+0000][36724.602s] GC(62) Eden regions: 132->0(145)
[2022-03-24T10:21:50.935+0000][36724.602s] GC(62) Survivor regions: 9->14(18)
[2022-03-24T10:21:50.936+0000][36724.602s] GC(62) Old regions: 203->203
[2022-03-24T10:21:50.936+0000][36724.603s] GC(62) Humongous regions: 4->4
[2022-03-24T10:21:50.936+0000][36724.603s] GC(62) Metaspace: 56992K->56992K(1101824K)
[2022-03-24T10:21:50.936+0000][36724.603s] GC(62) Pause Young (Normal) (G1 Evacuation Pause) 345M->219M(512M) 30.088ms
[2022-03-24T10:21:50.937+0000][36724.603s] GC(62) User=0.09s Sys=0.01s Real=0.03s
[2022-03-24T10:21:53.045+0000][36726.711s] GC(63) Pause Young (Normal) (G1 Evacuation Pause)
[2022-03-24T10:21:53.045+0000][36726.712s] GC(63) Using 4 workers of 4 for evacuation
[2022-03-24T10:21:53.087+0000][36726.753s] GC(63)   Pre Evacuate Collection Set: 0.0ms
[2022-03-24T10:21:53.087+0000][36726.754s] GC(63)   Evacuate Collection Set: 21.6ms
[2022-03-24T10:21:53.087+0000][36726.754s] GC(63)   Post Evacuate Collection Set: 19.6ms
[2022-03-24T10:21:53.088+0000][36726.754s] GC(63)   Other: 0.9ms
[2022-03-24T10:21:53.089+0000][36726.755s] GC(63) Eden regions: 145->0(193)
[2022-03-24T10:21:53.089+0000][36726.756s] GC(63) Survivor regions: 14->12(20)
[2022-03-24T10:21:53.089+0000][36726.756s] GC(63) Old regions: 203->204
[2022-03-24T10:21:53.090+0000][36726.756s] GC(63) Humongous regions: 4->4
[2022-03-24T10:21:53.090+0000][36726.757s] GC(63) Metaspace: 57014K->57014K(1101824K)
[2022-03-24T10:21:53.090+0000][36726.757s] GC(63) Pause Young (Normal) (G1 Evacuation Pause) 364M->218M(512M) 45.540ms
[2022-03-24T10:21:53.091+0000][36726.757s] GC(63) User=0.15s Sys=0.01s Real=0.05s
[2022-03-24T10:22:11.431+0000][36745.098s] GC(64) Pause Young (Normal) (G1 Evacuation Pause)
[2022-03-24T10:22:11.432+0000][36745.099s] GC(64) Using 4 workers of 4 for evacuation
[2022-03-24T10:22:11.463+0000][36745.129s] GC(64)   Pre Evacuate Collection Set: 0.0ms
[2022-03-24T10:22:11.463+0000][36745.130s] GC(64)   Evacuate Collection Set: 15.3ms
[2022-03-24T10:22:11.463+0000][36745.130s] GC(64)   Post Evacuate Collection Set: 14.0ms
[2022-03-24T10:22:11.464+0000][36745.131s] GC(64)   Other: 2.0ms
[2022-03-24T10:22:11.464+0000][36745.131s] GC(64) Eden regions: 193->0(189)
[2022-03-24T10:22:11.465+0000][36745.131s] GC(64) Survivor regions: 12->18(26)
[2022-03-24T10:22:11.465+0000][36745.132s] GC(64) Old regions: 204->204
[2022-03-24T10:22:11.465+0000][36745.132s] GC(64) Humongous regions: 4->4
[2022-03-24T10:22:11.466+0000][36745.132s] GC(64) Metaspace: 57033K->57033K(1101824K)
[2022-03-24T10:22:11.466+0000][36745.133s] GC(64) Pause Young (Normal) (G1 Evacuation Pause) 411M->224M(512M) 35.107ms
[2022-03-24T10:22:11.468+0000][36745.135s] GC(64) User=0.11s Sys=0.00s Real=0.04s
[2022-03-24T10:22:14.227+0000][36747.893s] GC(65) Pause Young (Normal) (G1 Evacuation Pause)
[2022-03-24T10:22:14.227+0000][36747.894s] GC(65) Using 4 workers of 4 for evacuation
[2022-03-24T10:22:14.286+0000][36747.953s] GC(65)   Pre Evacuate Collection Set: 0.1ms
[2022-03-24T10:22:14.286+0000][36747.953s] GC(65)   Evacuate Collection Set: 37.5ms
[2022-03-24T10:22:14.287+0000][36747.953s] GC(65)   Post Evacuate Collection Set: 20.8ms
[2022-03-24T10:22:14.287+0000][36747.954s] GC(65)   Other: 1.0ms
[2022-03-24T10:22:14.287+0000][36747.954s] GC(65) Eden regions: 189->0(190)
[2022-03-24T10:22:14.287+0000][36747.954s] GC(65) Survivor regions: 18->19(26)
[2022-03-24T10:22:14.288+0000][36747.954s] GC(65) Old regions: 204->204
[2022-03-24T10:22:14.288+0000][36747.955s] GC(65) Humongous regions: 4->4
[2022-03-24T10:22:14.288+0000][36747.955s] GC(65) Metaspace: 57097K->57097K(1101824K)
[2022-03-24T10:22:14.289+0000][36747.955s] GC(65) Pause Young (Normal) (G1 Evacuation Pause) 413M->225M(512M) 61.989ms
[2022-03-24T10:22:14.289+0000][36747.956s] GC(65) User=0.16s Sys=0.02s Real=0.07s
[2022-03-24T10:22:16.812+0000][36750.478s] GC(66) Pause Young (Normal) (G1 Evacuation Pause)
[2022-03-24T10:22:16.812+0000][36750.479s] GC(66) Using 4 workers of 4 for evacuation
[2022-03-24T10:22:16.872+0000][36750.539s] GC(66)   Pre Evacuate Collection Set: 0.0ms
[2022-03-24T10:22:16.872+0000][36750.539s] GC(66)   Evacuate Collection Set: 43.9ms
[2022-03-24T10:22:16.873+0000][36750.539s] GC(66)   Post Evacuate Collection Set: 15.5ms
[2022-03-24T10:22:16.873+0000][36750.540s] GC(66)   Other: 1.0ms
[2022-03-24T10:22:16.873+0000][36750.540s] GC(66) Eden regions: 190->0(191)
[2022-03-24T10:22:16.873+0000][36750.540s] GC(66) Survivor regions: 19->14(27)
[2022-03-24T10:22:16.874+0000][36750.540s] GC(66) Old regions: 204->211
[2022-03-24T10:22:16.874+0000][36750.540s] GC(66) Humongous regions: 4->4
[2022-03-24T10:22:16.874+0000][36750.541s] GC(66) Metaspace: 57169K->57169K(1101824K)
[2022-03-24T10:22:16.874+0000][36750.541s] GC(66) Pause Young (Normal) (G1 Evacuation Pause) 415M->226M(512M) 62.749ms
[2022-03-24T10:22:16.875+0000][36750.541s] GC(66) User=0.20s Sys=0.01s Real=0.06s
[2022-03-24T10:22:19.510+0000][36753.177s] GC(67) Pause Young (Normal) (G1 Evacuation Pause)
[2022-03-24T10:22:19.511+0000][36753.178s] GC(67) Using 4 workers of 4 for evacuation
[2022-03-24T10:22:19.564+0000][36753.231s] GC(67)   Pre Evacuate Collection Set: 0.0ms
[2022-03-24T10:22:19.565+0000][36753.231s] GC(67)   Evacuate Collection Set: 23.6ms
[2022-03-24T10:22:19.565+0000][36753.232s] GC(67)   Post Evacuate Collection Set: 29.2ms
[2022-03-24T10:22:19.565+0000][36753.232s] GC(67)   Other: 1.0ms
[2022-03-24T10:22:19.566+0000][36753.232s] GC(67) Eden regions: 191->0(191)
[2022-03-24T10:22:19.566+0000][36753.233s] GC(67) Survivor regions: 14->14(26)
[2022-03-24T10:22:19.566+0000][36753.233s] GC(67) Old regions: 211->212
[2022-03-24T10:22:19.567+0000][36753.233s] GC(67) Humongous regions: 4->4
[2022-03-24T10:22:19.567+0000][36753.234s] GC(67) Metaspace: 57223K->57223K(1101824K)
[2022-03-24T10:22:19.567+0000][36753.234s] GC(67) Pause Young (Normal) (G1 Evacuation Pause) 417M->227M(512M) 57.017ms
[2022-03-24T10:22:19.568+0000][36753.234s] GC(67) User=0.16s Sys=0.00s Real=0.06s
[2022-03-24T10:27:46.059+0000][37079.726s] GC(68) Pause Young (Normal) (G1 Evacuation Pause)
[2022-03-24T10:27:46.059+0000][37079.726s] GC(68) Using 4 workers of 4 for evacuation
[2022-03-24T10:27:46.098+0000][37079.765s] GC(68)   Pre Evacuate Collection Set: 0.1ms
[2022-03-24T10:27:46.099+0000][37079.766s] GC(68)   Evacuate Collection Set: 16.6ms
[2022-03-24T10:27:46.099+0000][37079.766s] GC(68)   Post Evacuate Collection Set: 21.6ms
[2022-03-24T10:27:46.100+0000][37079.767s] GC(68)   Other: 0.9ms
[2022-03-24T10:27:46.101+0000][37079.768s] GC(68) Eden regions: 191->0(193)
[2022-03-24T10:27:46.101+0000][37079.768s] GC(68) Survivor regions: 14->12(26)
[2022-03-24T10:27:46.101+0000][37079.768s] GC(68) Old regions: 212->212
[2022-03-24T10:27:46.102+0000][37079.768s] GC(68) Humongous regions: 7->7
[2022-03-24T10:27:46.103+0000][37079.770s] GC(68) Metaspace: 60154K->60154K(1103872K)
[2022-03-24T10:27:46.104+0000][37079.770s] GC(68) Pause Young (Normal) (G1 Evacuation Pause) 421M->229M(512M) 44.698ms
[2022-03-24T10:27:46.104+0000][37079.771s] GC(68) User=0.10s Sys=0.05s Real=0.04s
[2022-03-24T10:27:49.808+0000][37083.475s] GC(69) Pause Young (Normal) (G1 Evacuation Pause)
[2022-03-24T10:27:49.809+0000][37083.475s] GC(69) Using 4 workers of 4 for evacuation
[2022-03-24T10:27:49.849+0000][37083.516s] GC(69)   Pre Evacuate Collection Set: 0.0ms
[2022-03-24T10:27:49.850+0000][37083.517s] GC(69)   Evacuate Collection Set: 28.2ms
[2022-03-24T10:27:49.850+0000][37083.517s] GC(69)   Post Evacuate Collection Set: 11.9ms
[2022-03-24T10:27:49.851+0000][37083.517s] GC(69)   Other: 1.1ms
[2022-03-24T10:27:49.851+0000][37083.518s] GC(69) Eden regions: 193->0(185)
[2022-03-24T10:27:49.851+0000][37083.518s] GC(69) Survivor regions: 12->20(26)
[2022-03-24T10:27:49.851+0000][37083.518s] GC(69) Old regions: 212->212
[2022-03-24T10:27:49.852+0000][37083.518s] GC(69) Humongous regions: 7->7
[2022-03-24T10:27:49.852+0000][37083.519s] GC(69) Metaspace: 60194K->60194K(1103872K)
[2022-03-24T10:27:49.853+0000][37083.519s] GC(69) Pause Young (Normal) (G1 Evacuation Pause) 422M->237M(512M) 44.431ms
[2022-03-24T10:27:49.853+0000][37083.520s] GC(69) User=0.14s Sys=0.03s Real=0.04s
[2022-03-24T10:27:52.460+0000][37086.127s] GC(70) Pause Young (Normal) (G1 Evacuation Pause)
[2022-03-24T10:27:52.461+0000][37086.127s] GC(70) Using 4 workers of 4 for evacuation
[2022-03-24T10:27:52.529+0000][37086.196s] GC(70)   Pre Evacuate Collection Set: 0.0ms
[2022-03-24T10:27:52.529+0000][37086.196s] GC(70)   Evacuate Collection Set: 42.8ms
[2022-03-24T10:27:52.530+0000][37086.196s] GC(70)   Post Evacuate Collection Set: 22.9ms
[2022-03-24T10:27:52.530+0000][37086.197s] GC(70)   Other: 2.9ms
[2022-03-24T10:27:52.530+0000][37086.197s] GC(70) Eden regions: 185->0(180)
[2022-03-24T10:27:52.532+0000][37086.198s] GC(70) Survivor regions: 20->20(26)
[2022-03-24T10:27:52.533+0000][37086.200s] GC(70) Old regions: 212->218
[2022-03-24T10:27:52.533+0000][37086.200s] GC(70) Humongous regions: 7->7
[2022-03-24T10:27:52.534+0000][37086.200s] GC(70) Metaspace: 60199K->60199K(1103872K)
[2022-03-24T10:27:52.534+0000][37086.201s] GC(70) Pause Young (Normal) (G1 Evacuation Pause) 422M->242M(512M) 73.584ms
[2022-03-24T10:27:52.534+0000][37086.201s] GC(70) User=0.24s Sys=0.00s Real=0.07s
[2022-03-24T10:27:54.926+0000][37088.593s] GC(71) Pause Young (Normal) (G1 Evacuation Pause)
[2022-03-24T10:27:54.926+0000][37088.593s] GC(71) Using 4 workers of 4 for evacuation
[2022-03-24T10:27:54.968+0000][37088.635s] GC(71)   Pre Evacuate Collection Set: 0.0ms
[2022-03-24T10:27:54.969+0000][37088.636s] GC(71)   Evacuate Collection Set: 30.7ms
[2022-03-24T10:27:54.969+0000][37088.636s] GC(71)   Post Evacuate Collection Set: 10.5ms
[2022-03-24T10:27:54.969+0000][37088.636s] GC(71)   Other: 1.2ms
[2022-03-24T10:27:54.970+0000][37088.636s] GC(71) Eden regions: 180->0(180)
[2022-03-24T10:27:54.970+0000][37088.636s] GC(71) Survivor regions: 20->16(25)
[2022-03-24T10:27:54.970+0000][37088.637s] GC(71) Old regions: 218->222
[2022-03-24T10:27:54.970+0000][37088.637s] GC(71) Humongous regions: 7->7
[2022-03-24T10:27:54.970+0000][37088.637s] GC(71) Metaspace: 60259K->60259K(1103872K)
[2022-03-24T10:27:54.971+0000][37088.637s] GC(71) Pause Young (Normal) (G1 Evacuation Pause) 422M->242M(512M) 44.532ms
[2022-03-24T10:27:54.971+0000][37088.638s] GC(71) User=0.15s Sys=0.00s Real=0.05s
[2022-03-24T10:28:13.278+0000][37106.944s] GC(72) Pause Young (Normal) (G1 Evacuation Pause)
[2022-03-24T10:28:13.278+0000][37106.945s] GC(72) Using 4 workers of 4 for evacuation
[2022-03-24T10:28:13.325+0000][37106.992s] GC(72)   Pre Evacuate Collection Set: 0.1ms
[2022-03-24T10:28:13.327+0000][37106.993s] GC(72)   Evacuate Collection Set: 20.4ms
[2022-03-24T10:28:13.327+0000][37106.994s] GC(72)   Post Evacuate Collection Set: 26.6ms
[2022-03-24T10:28:13.327+0000][37106.994s] GC(72)   Other: 0.7ms
[2022-03-24T10:28:13.328+0000][37106.994s] GC(72) Eden regions: 180->0(175)
[2022-03-24T10:28:13.328+0000][37106.994s] GC(72) Survivor regions: 16->20(25)
[2022-03-24T10:28:13.328+0000][37106.995s] GC(72) Old regions: 222->223
[2022-03-24T10:28:13.329+0000][37106.995s] GC(72) Humongous regions: 7->7
[2022-03-24T10:28:13.329+0000][37106.996s] GC(72) Metaspace: 60299K->60299K(1103872K)
[2022-03-24T10:28:13.329+0000][37106.996s] GC(72) Pause Young (Normal) (G1 Evacuation Pause) 422M->247M(512M) 51.343ms
[2022-03-24T10:28:13.329+0000][37106.996s] GC(72) User=0.13s Sys=0.00s Real=0.05s
[2022-03-24T10:28:15.816+0000][37109.483s] GC(73) Pause Young (Normal) (G1 Evacuation Pause)
[2022-03-24T10:28:15.817+0000][37109.483s] GC(73) Using 4 workers of 4 for evacuation
[2022-03-24T10:28:15.852+0000][37109.519s] GC(73)   Pre Evacuate Collection Set: 0.0ms
[2022-03-24T10:28:15.852+0000][37109.519s] GC(73)   Evacuate Collection Set: 29.1ms
[2022-03-24T10:28:15.853+0000][37109.519s] GC(73)   Post Evacuate Collection Set: 5.5ms
[2022-03-24T10:28:15.853+0000][37109.520s] GC(73)   Other: 1.3ms
[2022-03-24T10:28:15.853+0000][37109.520s] GC(73) Eden regions: 175->0(177)
[2022-03-24T10:28:15.853+0000][37109.520s] GC(73) Survivor regions: 20->18(25)
[2022-03-24T10:28:15.853+0000][37109.520s] GC(73) Old regions: 223->223
[2022-03-24T10:28:15.854+0000][37109.520s] GC(73) Humongous regions: 7->7
[2022-03-24T10:28:15.854+0000][37109.521s] GC(73) Metaspace: 60339K->60339K(1103872K)
[2022-03-24T10:28:15.854+0000][37109.521s] GC(73) Pause Young (Normal) (G1 Evacuation Pause) 422M->245M(512M) 38.127ms
[2022-03-24T10:28:15.854+0000][37109.521s] GC(73) User=0.09s Sys=0.03s Real=0.04s
[2022-03-24T10:28:18.281+0000][37111.947s] GC(74) Pause Young (Normal) (G1 Evacuation Pause)
[2022-03-24T10:28:18.281+0000][37111.948s] GC(74) Using 4 workers of 4 for evacuation
[2022-03-24T10:28:18.344+0000][37112.011s] GC(74)   Pre Evacuate Collection Set: 0.0ms
[2022-03-24T10:28:18.344+0000][37112.011s] GC(74)   Evacuate Collection Set: 48.0ms
[2022-03-24T10:28:18.345+0000][37112.011s] GC(74)   Post Evacuate Collection Set: 13.4ms
[2022-03-24T10:28:18.345+0000][37112.012s] GC(74)   Other: 2.1ms
[2022-03-24T10:28:18.345+0000][37112.012s] GC(74) Eden regions: 177->0(174)
[2022-03-24T10:28:18.345+0000][37112.012s] GC(74) Survivor regions: 18->17(25)
[2022-03-24T10:28:18.346+0000][37112.012s] GC(74) Old regions: 223->229
[2022-03-24T10:28:18.346+0000][37112.013s] GC(74) Humongous regions: 7->7
[2022-03-24T10:28:18.346+0000][37112.013s] GC(74) Metaspace: 60370K->60370K(1103872K)
[2022-03-24T10:28:18.346+0000][37112.013s] GC(74) Pause Young (Normal) (G1 Evacuation Pause) 422M->251M(512M) 65.827ms
[2022-03-24T10:28:18.347+0000][37112.013s] GC(74) User=0.20s Sys=0.03s Real=0.06s
[2022-03-24T10:28:20.603+0000][37114.269s] GC(75) Pause Young (Concurrent Start) (G1 Evacuation Pause)
[2022-03-24T10:28:20.603+0000][37114.270s] GC(75) Using 4 workers of 4 for evacuation
[2022-03-24T10:28:20.655+0000][37114.321s] GC(75)   Pre Evacuate Collection Set: 7.1ms
[2022-03-24T10:28:20.656+0000][37114.322s] GC(75)   Evacuate Collection Set: 30.5ms
[2022-03-24T10:28:20.656+0000][37114.323s] GC(75)   Post Evacuate Collection Set: 8.9ms
[2022-03-24T10:28:20.656+0000][37114.323s] GC(75)   Other: 5.2ms
[2022-03-24T10:28:20.657+0000][37114.323s] GC(75) Eden regions: 174->0(174)
[2022-03-24T10:28:20.657+0000][37114.324s] GC(75) Survivor regions: 17->16(24)
[2022-03-24T10:28:20.657+0000][37114.324s] GC(75) Old regions: 229->230
[2022-03-24T10:28:20.658+0000][37114.324s] GC(75) Humongous regions: 7->7
[2022-03-24T10:28:20.658+0000][37114.325s] GC(75) Metaspace: 60396K->60396K(1103872K)
[2022-03-24T10:28:20.658+0000][37114.325s] GC(75) Pause Young (Concurrent Start) (G1 Evacuation Pause) 425M->251M(512M) 55.334ms
[2022-03-24T10:28:20.658+0000][37114.325s] GC(75) User=0.14s Sys=0.00s Real=0.06s
[2022-03-24T10:28:20.660+0000][37114.327s] GC(76) Concurrent Cycle
[2022-03-24T10:28:20.662+0000][37114.328s] GC(76) Concurrent Clear Claimed Marks
[2022-03-24T10:28:20.662+0000][37114.329s] GC(76) Concurrent Clear Claimed Marks 0.582ms
[2022-03-24T10:28:20.663+0000][37114.329s] GC(76) Concurrent Scan Root Regions
[2022-03-24T10:28:20.716+0000][37114.383s] GC(76) Concurrent Scan Root Regions 53.371ms
[2022-03-24T10:28:20.720+0000][37114.386s] GC(76) Concurrent Mark (37114.386s)
[2022-03-24T10:28:20.720+0000][37114.387s] GC(76) Concurrent Mark From Roots
[2022-03-24T10:28:20.721+0000][37114.387s] GC(76) Using 1 workers of 1 for marking
[2022-03-24T10:28:21.727+0000][37115.394s] GC(76) Concurrent Mark From Roots 1007.425ms
[2022-03-24T10:28:21.728+0000][37115.395s] GC(76) Concurrent Preclean
[2022-03-24T10:28:21.729+0000][37115.396s] GC(76) Concurrent Preclean 1.432ms
[2022-03-24T10:28:21.730+0000][37115.397s] GC(76) Concurrent Mark (37114.386s, 37115.396s) 1010.207ms
[2022-03-24T10:28:21.730+0000][37115.397s] GC(76) Pause Remark
[2022-03-24T10:28:22.587+0000][37116.254s] GC(76) Cleaned string and symbol table, strings: 29666 processed, 511 removed, symbols: 149512 processed, 505 removed
[2022-03-24T10:28:22.592+0000][37116.259s] GC(76) MMU target violated: 251.0ms (250.0ms/251.0ms)
[2022-03-24T10:28:22.592+0000][37116.259s] GC(76) Pause Remark 317M->317M(512M) 861.698ms
[2022-03-24T10:28:22.593+0000][37116.259s] GC(76) User=3.27s Sys=0.00s Real=0.86s
[2022-03-24T10:28:22.593+0000][37116.260s] GC(76) Concurrent Rebuild Remembered Sets
[2022-03-24T10:28:23.191+0000][37116.858s] GC(76) Concurrent Rebuild Remembered Sets 597.853ms
[2022-03-24T10:28:23.192+0000][37116.859s] GC(76) Pause Cleanup
[2022-03-24T10:28:23.194+0000][37116.860s] GC(76) Pause Cleanup 334M->334M(512M) 1.604ms
[2022-03-24T10:28:23.194+0000][37116.861s] GC(76) User=0.00s Sys=0.00s Real=0.00s
[2022-03-24T10:28:23.194+0000][37116.861s] GC(76) Concurrent Cleanup for Next Mark
[2022-03-24T10:28:23.257+0000][37116.924s] GC(76) Concurrent Cleanup for Next Mark 62.488ms
[2022-03-24T10:28:23.257+0000][37116.924s] GC(76) Concurrent Cycle 2597.038ms
[2022-03-24T10:31:12.284+0000][37285.951s] GC(77) Pause Young (Prepare Mixed) (G1 Evacuation Pause)
[2022-03-24T10:31:12.285+0000][37285.952s] GC(77) Using 4 workers of 4 for evacuation
[2022-03-24T10:31:12.328+0000][37285.995s] GC(77)   Pre Evacuate Collection Set: 0.0ms
[2022-03-24T10:31:12.329+0000][37285.995s] GC(77)   Evacuate Collection Set: 17.6ms
[2022-03-24T10:31:12.329+0000][37285.996s] GC(77)   Post Evacuate Collection Set: 24.9ms
[2022-03-24T10:31:12.329+0000][37285.996s] GC(77)   Other: 1.6ms
[2022-03-24T10:31:12.329+0000][37285.996s] GC(77) Eden regions: 174->0(10)
[2022-03-24T10:31:12.330+0000][37285.996s] GC(77) Survivor regions: 16->15(24)
[2022-03-24T10:31:12.330+0000][37285.997s] GC(77) Old regions: 230->231
[2022-03-24T10:31:12.330+0000][37285.997s] GC(77) Humongous regions: 7->7
[2022-03-24T10:31:12.330+0000][37285.997s] GC(77) Metaspace: 61339K->61339K(1105920K)
[2022-03-24T10:31:12.331+0000][37285.997s] GC(77) Pause Young (Prepare Mixed) (G1 Evacuation Pause) 425M->250M(512M) 46.728ms
[2022-03-24T10:31:12.331+0000][37285.998s] GC(77) User=0.16s Sys=0.00s Real=0.05s
[2022-03-24T10:31:12.556+0000][37286.223s] GC(78) Pause Young (Mixed) (G1 Evacuation Pause)
[2022-03-24T10:31:12.557+0000][37286.223s] GC(78) Using 4 workers of 4 for evacuation
[2022-03-24T10:31:12.756+0000][37286.423s] GC(78)   Pre Evacuate Collection Set: 0.2ms
[2022-03-24T10:31:12.757+0000][37286.423s] GC(78)   Evacuate Collection Set: 197.5ms
[2022-03-24T10:31:12.757+0000][37286.424s] GC(78)   Post Evacuate Collection Set: 1.6ms
[2022-03-24T10:31:12.757+0000][37286.424s] GC(78)   Other: 1.0ms
[2022-03-24T10:31:12.757+0000][37286.424s] GC(78) Eden regions: 10->0(22)
[2022-03-24T10:31:12.758+0000][37286.424s] GC(78) Survivor regions: 15->3(4)
[2022-03-24T10:31:12.758+0000][37286.425s] GC(78) Old regions: 231->206
[2022-03-24T10:31:12.758+0000][37286.425s] GC(78) Humongous regions: 7->7
[2022-03-24T10:31:12.758+0000][37286.425s] GC(78) Metaspace: 61339K->61339K(1105920K)
[2022-03-24T10:31:12.759+0000][37286.425s] GC(78) Pause Young (Mixed) (G1 Evacuation Pause) 260M->213M(512M) 202.551ms
[2022-03-24T10:31:12.759+0000][37286.426s] GC(78) User=0.78s Sys=0.00s Real=0.21s
[2022-03-24T10:31:13.558+0000][37287.225s] GC(79) Pause Young (Mixed) (G1 Evacuation Pause)
[2022-03-24T10:31:13.559+0000][37287.225s] GC(79) Using 4 workers of 4 for evacuation
[2022-03-24T10:31:13.596+0000][37287.263s] GC(79)   Pre Evacuate Collection Set: 0.0ms
[2022-03-24T10:31:13.596+0000][37287.263s] GC(79)   Evacuate Collection Set: 31.2ms
[2022-03-24T10:31:13.597+0000][37287.263s] GC(79)   Post Evacuate Collection Set: 5.3ms
[2022-03-24T10:31:13.597+0000][37287.264s] GC(79)   Other: 1.0ms
[2022-03-24T10:31:13.597+0000][37287.264s] GC(79) Eden regions: 22->0(207)
[2022-03-24T10:31:13.597+0000][37287.264s] GC(79) Survivor regions: 3->4(4)
[2022-03-24T10:31:13.598+0000][37287.264s] GC(79) Old regions: 206->207
[2022-03-24T10:31:13.598+0000][37287.264s] GC(79) Humongous regions: 7->7
[2022-03-24T10:31:13.598+0000][37287.265s] GC(79) Metaspace: 61343K->61343K(1105920K)
[2022-03-24T10:31:13.598+0000][37287.265s] GC(79) Pause Young (Mixed) (G1 Evacuation Pause) 235M->216M(512M) 39.734ms
[2022-03-24T10:31:13.598+0000][37287.265s] GC(79) User=0.10s Sys=0.03s Real=0.04s
[2022-03-24T10:31:16.625+0000][37290.291s] GC(80) Pause Young (Normal) (G1 Evacuation Pause)
[2022-03-24T10:31:16.625+0000][37290.292s] GC(80) Using 4 workers of 4 for evacuation
[2022-03-24T10:31:16.650+0000][37290.317s] GC(80)   Pre Evacuate Collection Set: 0.0ms
[2022-03-24T10:31:16.651+0000][37290.317s] GC(80)   Evacuate Collection Set: 13.8ms
[2022-03-24T10:31:16.651+0000][37290.318s] GC(80)   Post Evacuate Collection Set: 11.0ms
[2022-03-24T10:31:16.651+0000][37290.318s] GC(80)   Other: 0.9ms
[2022-03-24T10:31:16.652+0000][37290.318s] GC(80) Eden regions: 207->0(195)
[2022-03-24T10:31:16.652+0000][37290.318s] GC(80) Survivor regions: 4->16(27)
[2022-03-24T10:31:16.652+0000][37290.319s] GC(80) Old regions: 207->207
[2022-03-24T10:31:16.652+0000][37290.319s] GC(80) Humongous regions: 7->7
[2022-03-24T10:31:16.653+0000][37290.319s] GC(80) Metaspace: 61366K->61366K(1105920K)
[2022-03-24T10:31:16.653+0000][37290.320s] GC(80) Pause Young (Normal) (G1 Evacuation Pause) 423M->227M(512M) 28.147ms
[2022-03-24T10:31:16.653+0000][37290.320s] GC(80) User=0.08s Sys=0.00s Real=0.03s
[2022-03-24T10:31:20.080+0000][37293.747s] GC(81) Pause Young (Normal) (G1 Evacuation Pause)
[2022-03-24T10:31:20.080+0000][37293.747s] GC(81) Using 4 workers of 4 for evacuation
[2022-03-24T10:31:20.125+0000][37293.792s] GC(81)   Pre Evacuate Collection Set: 0.0ms
[2022-03-24T10:31:20.126+0000][37293.793s] GC(81)   Evacuate Collection Set: 25.9ms
[2022-03-24T10:31:20.126+0000][37293.793s] GC(81)   Post Evacuate Collection Set: 18.3ms
[2022-03-24T10:31:20.126+0000][37293.793s] GC(81)   Other: 1.4ms
[2022-03-24T10:31:20.127+0000][37293.793s] GC(81) Eden regions: 195->0(192)
[2022-03-24T10:31:20.127+0000][37293.794s] GC(81) Survivor regions: 16->15(27)
[2022-03-24T10:31:20.127+0000][37293.794s] GC(81) Old regions: 207->211
[2022-03-24T10:31:20.127+0000][37293.794s] GC(81) Humongous regions: 7->7
[2022-03-24T10:31:20.128+0000][37293.794s] GC(81) Metaspace: 61384K->61384K(1105920K)
[2022-03-24T10:31:20.128+0000][37293.795s] GC(81) Pause Young (Normal) (G1 Evacuation Pause) 422M->231M(512M) 48.086ms
[2022-03-24T10:31:20.128+0000][37293.795s] GC(81) User=0.15s Sys=0.02s Real=0.05s
[2022-03-24T10:31:22.498+0000][37296.165s] GC(82) Pause Young (Normal) (G1 Evacuation Pause)
[2022-03-24T10:31:22.498+0000][37296.165s] GC(82) Using 4 workers of 4 for evacuation
[2022-03-24T10:31:22.533+0000][37296.200s] GC(82)   Pre Evacuate Collection Set: 0.0ms
[2022-03-24T10:31:22.533+0000][37296.200s] GC(82)   Evacuate Collection Set: 14.8ms
[2022-03-24T10:31:22.534+0000][37296.200s] GC(82)   Post Evacuate Collection Set: 19.3ms
[2022-03-24T10:31:22.534+0000][37296.201s] GC(82)   Other: 1.1ms
[2022-03-24T10:31:22.534+0000][37296.201s] GC(82) Eden regions: 192->0(191)
[2022-03-24T10:31:22.535+0000][37296.201s] GC(82) Survivor regions: 15->14(26)
[2022-03-24T10:31:22.535+0000][37296.201s] GC(82) Old regions: 211->213
[2022-03-24T10:31:22.535+0000][37296.202s] GC(82) Humongous regions: 7->7
[2022-03-24T10:31:22.535+0000][37296.202s] GC(82) Metaspace: 61449K->61449K(1105920K)
[2022-03-24T10:31:22.535+0000][37296.202s] GC(82) Pause Young (Normal) (G1 Evacuation Pause) 423M->232M(512M) 37.645ms
[2022-03-24T10:31:22.536+0000][37296.202s] GC(82) User=0.12s Sys=0.01s Real=0.03s
[2022-03-24T10:35:10.947+0000][37524.614s] GC(83) Pause Young (Normal) (G1 Evacuation Pause)
[2022-03-24T10:35:10.948+0000][37524.615s] GC(83) Using 4 workers of 4 for evacuation
[2022-03-24T10:35:10.965+0000][37524.632s] GC(83)   Pre Evacuate Collection Set: 0.1ms
[2022-03-24T10:35:10.966+0000][37524.632s] GC(83)   Evacuate Collection Set: 7.8ms
[2022-03-24T10:35:10.966+0000][37524.633s] GC(83)   Post Evacuate Collection Set: 8.9ms
[2022-03-24T10:35:10.966+0000][37524.633s] GC(83)   Other: 1.4ms
[2022-03-24T10:35:10.966+0000][37524.633s] GC(83) Eden regions: 191->0(198)
[2022-03-24T10:35:10.967+0000][37524.633s] GC(83) Survivor regions: 14->10(26)
[2022-03-24T10:35:10.967+0000][37524.634s] GC(83) Old regions: 213->213
[2022-03-24T10:35:10.967+0000][37524.634s] GC(83) Humongous regions: 7->7
[2022-03-24T10:35:10.968+0000][37524.635s] GC(83) Metaspace: 62443K->62443K(1105920K)
[2022-03-24T10:35:10.969+0000][37524.635s] GC(83) Pause Young (Normal) (G1 Evacuation Pause) 423M->227M(512M) 21.341ms
[2022-03-24T10:35:10.969+0000][37524.636s] GC(83) User=0.03s Sys=0.02s Real=0.02s
[2022-03-24T10:40:28.919+0000][37842.586s] GC(84) Pause Young (Normal) (G1 Evacuation Pause)
[2022-03-24T10:40:28.920+0000][37842.587s] GC(84) Using 4 workers of 4 for evacuation
[2022-03-24T10:40:28.938+0000][37842.605s] GC(84)   Pre Evacuate Collection Set: 0.1ms
[2022-03-24T10:40:28.938+0000][37842.605s] GC(84)   Evacuate Collection Set: 14.8ms
[2022-03-24T10:40:28.939+0000][37842.605s] GC(84)   Post Evacuate Collection Set: 2.4ms
[2022-03-24T10:40:28.939+0000][37842.605s] GC(84)   Other: 1.1ms
[2022-03-24T10:40:28.939+0000][37842.606s] GC(84) Eden regions: 198->0(207)
[2022-03-24T10:40:28.939+0000][37842.606s] GC(84) Survivor regions: 10->6(26)
[2022-03-24T10:40:28.939+0000][37842.606s] GC(84) Old regions: 213->213
[2022-03-24T10:40:28.940+0000][37842.606s] GC(84) Humongous regions: 7->7
[2022-03-24T10:40:28.940+0000][37842.607s] GC(84) Metaspace: 62871K->62871K(1107968K)
[2022-03-24T10:40:28.940+0000][37842.607s] GC(84) Pause Young (Normal) (G1 Evacuation Pause) 425M->223M(512M) 20.626ms
[2022-03-24T10:40:28.940+0000][37842.607s] GC(84) User=0.07s Sys=0.00s Real=0.02s
[2022-03-24T10:46:28.524+0000][38202.190s] GC(85) Pause Young (Normal) (G1 Evacuation Pause)
[2022-03-24T10:46:28.524+0000][38202.191s] GC(85) Using 4 workers of 4 for evacuation
[2022-03-24T10:46:28.548+0000][38202.215s] GC(85)   Pre Evacuate Collection Set: 0.1ms
[2022-03-24T10:46:28.549+0000][38202.215s] GC(85)   Evacuate Collection Set: 21.8ms
[2022-03-24T10:46:28.549+0000][38202.216s] GC(85)   Post Evacuate Collection Set: 1.7ms
[2022-03-24T10:46:28.549+0000][38202.216s] GC(85)   Other: 0.9ms
[2022-03-24T10:46:28.549+0000][38202.216s] GC(85) Eden regions: 207->0(212)
[2022-03-24T10:46:28.550+0000][38202.216s] GC(85) Survivor regions: 6->5(27)
[2022-03-24T10:46:28.550+0000][38202.217s] GC(85) Old regions: 213->213
[2022-03-24T10:46:28.550+0000][38202.217s] GC(85) Humongous regions: 7->7
[2022-03-24T10:46:28.551+0000][38202.217s] GC(85) Metaspace: 62985K->62985K(1107968K)
[2022-03-24T10:46:28.551+0000][38202.218s] GC(85) Pause Young (Normal) (G1 Evacuation Pause) 430M->222M(512M) 27.159ms
[2022-03-24T10:46:28.551+0000][38202.218s] GC(85) User=0.06s Sys=0.00s Real=0.03s
[2022-03-24T11:50:06.302+0000][42019.969s] GC(86) Pause Young (Normal) (G1 Evacuation Pause)
[2022-03-24T11:50:06.305+0000][42019.972s] GC(86) Using 4 workers of 4 for evacuation
[2022-03-24T11:50:06.607+0000][42020.273s] GC(86) MMU target violated: 251.0ms (250.0ms/251.0ms)
[2022-03-24T11:50:06.608+0000][42020.274s] GC(86)   Pre Evacuate Collection Set: 10.5ms
[2022-03-24T11:50:06.609+0000][42020.275s] GC(86)   Evacuate Collection Set: 273.0ms
[2022-03-24T11:50:06.609+0000][42020.276s] GC(86)   Post Evacuate Collection Set: 10.2ms
[2022-03-24T11:50:06.610+0000][42020.276s] GC(86)   Other: 16.8ms
[2022-03-24T11:50:06.610+0000][42020.277s] GC(86) Eden regions: 212->0(213)
[2022-03-24T11:50:06.610+0000][42020.277s] GC(86) Survivor regions: 5->6(28)
[2022-03-24T11:50:06.611+0000][42020.277s] GC(86) Old regions: 213->213
[2022-03-24T11:50:06.611+0000][42020.278s] GC(86) Humongous regions: 7->7
[2022-03-24T11:50:06.611+0000][42020.278s] GC(86) Metaspace: 63353K->63353K(1107968K)
[2022-03-24T11:50:06.612+0000][42020.279s] GC(86) Pause Young (Normal) (G1 Evacuation Pause) 434M->223M(512M) 310.946ms
[2022-03-24T11:50:06.613+0000][42020.279s] GC(86) User=1.13s Sys=0.00s Real=0.31s
[2022-03-24T12:27:31.185+0000][44264.851s] GC(87) Pause Young (Normal) (G1 Evacuation Pause)
[2022-03-24T12:27:31.186+0000][44264.852s] GC(87) Using 4 workers of 4 for evacuation
[2022-03-24T12:27:31.448+0000][44265.115s] GC(87) MMU target violated: 251.0ms (250.0ms/251.0ms)
[2022-03-24T12:27:31.448+0000][44265.115s] GC(87)   Pre Evacuate Collection Set: 8.1ms
[2022-03-24T12:27:31.449+0000][44265.115s] GC(87)   Evacuate Collection Set: 231.2ms
[2022-03-24T12:27:31.449+0000][44265.116s] GC(87)   Post Evacuate Collection Set: 21.5ms
[2022-03-24T12:27:31.449+0000][44265.116s] GC(87)   Other: 3.1ms
[2022-03-24T12:27:31.449+0000][44265.116s] GC(87) Eden regions: 213->0(179)
[2022-03-24T12:27:31.450+0000][44265.116s] GC(87) Survivor regions: 6->15(28)
[2022-03-24T12:27:31.450+0000][44265.116s] GC(87) Old regions: 213->213
[2022-03-24T12:27:31.450+0000][44265.117s] GC(87) Humongous regions: 7->7
[2022-03-24T12:27:31.450+0000][44265.117s] GC(87) Metaspace: 63450K->63450K(1107968K)
[2022-03-24T12:27:31.451+0000][44265.118s] GC(87) Pause Young (Normal) (G1 Evacuation Pause) 436M->233M(512M) 266.254ms
[2022-03-24T12:27:31.451+0000][44265.118s] GC(87) User=1.00s Sys=0.00s Real=0.27s
[2022-03-24T12:27:36.104+0000][44269.771s] GC(88) Pause Young (Normal) (G1 Evacuation Pause)
[2022-03-24T12:27:36.105+0000][44269.771s] GC(88) Using 4 workers of 4 for evacuation
[2022-03-24T12:27:36.174+0000][44269.841s] GC(88)   Pre Evacuate Collection Set: 0.0ms
[2022-03-24T12:27:36.174+0000][44269.841s] GC(88)   Evacuate Collection Set: 47.5ms
[2022-03-24T12:27:36.174+0000][44269.841s] GC(88)   Post Evacuate Collection Set: 16.1ms
[2022-03-24T12:27:36.175+0000][44269.841s] GC(88)   Other: 6.1ms
[2022-03-24T12:27:36.175+0000][44269.841s] GC(88) Eden regions: 178->0(167)
[2022-03-24T12:27:36.175+0000][44269.842s] GC(88) Survivor regions: 15->22(25)
[2022-03-24T12:27:36.175+0000][44269.842s] GC(88) Old regions: 213->215
[2022-03-24T12:27:36.175+0000][44269.842s] GC(88) Humongous regions: 7->7
[2022-03-24T12:27:36.176+0000][44269.842s] GC(88) Metaspace: 63465K->63465K(1107968K)
[2022-03-24T12:27:36.176+0000][44269.843s] GC(88) Pause Young (Normal) (G1 Evacuation Pause) 411M->242M(512M) 71.652ms
[2022-03-24T12:27:36.176+0000][44269.843s] GC(88) User=0.23s Sys=0.00s Real=0.07s
[2022-03-24T12:27:39.922+0000][44273.589s] GC(89) Pause Young (Normal) (G1 Evacuation Pause)
[2022-03-24T12:27:39.922+0000][44273.589s] GC(89) Using 4 workers of 4 for evacuation
[2022-03-24T12:27:40.021+0000][44273.688s] GC(89)   Pre Evacuate Collection Set: 0.0ms
[2022-03-24T12:27:40.021+0000][44273.688s] GC(89)   Evacuate Collection Set: 71.9ms
[2022-03-24T12:27:40.022+0000][44273.688s] GC(89)   Post Evacuate Collection Set: 26.3ms
[2022-03-24T12:27:40.022+0000][44273.688s] GC(89)   Other: 0.8ms
[2022-03-24T12:27:40.022+0000][44273.689s] GC(89) Eden regions: 167->0(183)
[2022-03-24T12:27:40.022+0000][44273.689s] GC(89) Survivor regions: 22->16(24)
[2022-03-24T12:27:40.022+0000][44273.689s] GC(89) Old regions: 215->223
[2022-03-24T12:27:40.022+0000][44273.689s] GC(89) Humongous regions: 7->7
[2022-03-24T12:27:40.023+0000][44273.689s] GC(89) Metaspace: 63485K->63485K(1107968K)
[2022-03-24T12:27:40.023+0000][44273.690s] GC(89) Pause Young (Normal) (G1 Evacuation Pause) 409M->243M(512M) 101.243ms
[2022-03-24T12:27:40.024+0000][44273.690s] GC(89) User=0.34s Sys=0.03s Real=0.10s
[2022-03-24T12:27:42.607+0000][44276.274s] GC(90) Pause Young (Normal) (G1 Evacuation Pause)
[2022-03-24T12:27:42.608+0000][44276.274s] GC(90) Using 4 workers of 4 for evacuation
[2022-03-24T12:27:42.651+0000][44276.317s] GC(90)   Pre Evacuate Collection Set: 0.0ms
[2022-03-24T12:27:42.651+0000][44276.318s] GC(90)   Evacuate Collection Set: 26.1ms
[2022-03-24T12:27:42.651+0000][44276.318s] GC(90)   Post Evacuate Collection Set: 15.7ms
[2022-03-24T12:27:42.651+0000][44276.318s] GC(90)   Other: 1.5ms
[2022-03-24T12:27:42.652+0000][44276.318s] GC(90) Eden regions: 183->0(182)
[2022-03-24T12:27:42.652+0000][44276.319s] GC(90) Survivor regions: 16->15(25)
[2022-03-24T12:27:42.652+0000][44276.319s] GC(90) Old regions: 223->224
[2022-03-24T12:27:42.652+0000][44276.319s] GC(90) Humongous regions: 7->7
[2022-03-24T12:27:42.653+0000][44276.319s] GC(90) Metaspace: 63493K->63493K(1107968K)
[2022-03-24T12:27:42.653+0000][44276.319s] GC(90) Pause Young (Normal) (G1 Evacuation Pause) 426M->243M(512M) 45.584ms
[2022-03-24T12:27:42.653+0000][44276.320s] GC(90) User=0.15s Sys=0.00s Real=0.04s
[2022-03-24T13:40:30.036+0000][48643.703s] GC(91) Pause Young (Concurrent Start) (G1 Evacuation Pause)
[2022-03-24T13:40:30.037+0000][48643.704s] GC(91) Using 4 workers of 4 for evacuation
[2022-03-24T13:40:30.560+0000][48644.227s] GC(91) MMU target violated: 251.0ms (250.0ms/251.0ms)
[2022-03-24T13:40:30.561+0000][48644.227s] GC(91)   Pre Evacuate Collection Set: 94.1ms
[2022-03-24T13:40:30.561+0000][48644.227s] GC(91)   Evacuate Collection Set: 252.2ms
[2022-03-24T13:40:30.561+0000][48644.228s] GC(91)   Post Evacuate Collection Set: 154.5ms
[2022-03-24T13:40:30.561+0000][48644.228s] GC(91)   Other: 24.7ms
[2022-03-24T13:40:30.561+0000][48644.228s] GC(91) Eden regions: 182->0(49)
[2022-03-24T13:40:30.562+0000][48644.228s] GC(91) Survivor regions: 15->11(25)
[2022-03-24T13:40:30.562+0000][48644.229s] GC(91) Old regions: 224->224
[2022-03-24T13:40:30.562+0000][48644.229s] GC(91) Humongous regions: 7->7
[2022-03-24T13:40:30.562+0000][48644.229s] GC(91) Metaspace: 63504K->63504K(1107968K)
[2022-03-24T13:40:30.563+0000][48644.230s] GC(91) Pause Young (Concurrent Start) (G1 Evacuation Pause) 425M->240M(512M) 526.471ms
[2022-03-24T13:40:30.564+0000][48644.230s] GC(91) User=1.69s Sys=0.00s Real=0.53s
[2022-03-24T13:40:30.566+0000][48644.232s] GC(92) Concurrent Cycle
[2022-03-24T13:40:30.567+0000][48644.234s] GC(92) Concurrent Clear Claimed Marks
[2022-03-24T13:40:30.568+0000][48644.235s] GC(92) Concurrent Clear Claimed Marks 0.811ms
[2022-03-24T13:40:30.569+0000][48644.236s] GC(92) Concurrent Scan Root Regions
[2022-03-24T13:40:30.666+0000][48644.333s] GC(92) Concurrent Scan Root Regions 96.659ms
[2022-03-24T13:40:30.666+0000][48644.333s] GC(92) Concurrent Mark (48644.333s)
[2022-03-24T13:40:30.667+0000][48644.333s] GC(92) Concurrent Mark From Roots
[2022-03-24T13:40:30.667+0000][48644.334s] GC(92) Using 1 workers of 1 for marking
[2022-03-24T13:40:32.031+0000][48645.698s] GC(92) Concurrent Mark From Roots 1364.456ms
[2022-03-24T13:40:32.031+0000][48645.698s] GC(92) Concurrent Preclean
[2022-03-24T13:40:32.033+0000][48645.699s] GC(92) Concurrent Preclean 1.352ms
[2022-03-24T13:40:32.033+0000][48645.700s] GC(92) Concurrent Mark (48644.333s, 48645.700s) 1366.827ms
[2022-03-24T13:40:32.034+0000][48645.700s] GC(92) Pause Remark
[2022-03-24T13:40:33.414+0000][48647.081s] GC(92) Cleaned string and symbol table, strings: 31963 processed, 306 removed, symbols: 152375 processed, 149 removed
[2022-03-24T13:40:33.470+0000][48647.137s] GC(92) MMU target violated: 251.0ms (250.0ms/251.0ms)
[2022-03-24T13:40:33.478+0000][48647.145s] GC(92) Pause Remark 240M->199M(512M) 1444.329ms
[2022-03-24T13:40:33.479+0000][48647.146s] GC(92) User=4.96s Sys=0.00s Real=1.45s
[2022-03-24T13:40:33.481+0000][48647.148s] GC(92) Concurrent Rebuild Remembered Sets
[2022-03-24T13:40:33.905+0000][48647.572s] GC(92) Concurrent Rebuild Remembered Sets 424.563ms
[2022-03-24T13:40:33.906+0000][48647.573s] GC(92) Pause Cleanup
[2022-03-24T13:40:33.907+0000][48647.574s] GC(92) Pause Cleanup 199M->199M(512M) 0.875ms
[2022-03-24T13:40:33.907+0000][48647.574s] GC(92) User=0.00s Sys=0.00s Real=0.01s
[2022-03-24T13:40:33.908+0000][48647.575s] GC(92) Concurrent Cleanup for Next Mark
[2022-03-24T13:40:33.994+0000][48647.660s] GC(92) Concurrent Cleanup for Next Mark 85.457ms
[2022-03-24T13:40:33.994+0000][48647.661s] GC(92) Concurrent Cycle 3428.915ms
[2022-03-24T13:59:01.137+0000][49754.804s] GC(93) Pause Young (Prepare Mixed) (G1 Evacuation Pause)
[2022-03-24T13:59:01.137+0000][49754.804s] GC(93) Using 4 workers of 4 for evacuation
[2022-03-24T13:59:01.240+0000][49754.906s] GC(93)   Pre Evacuate Collection Set: 0.2ms
[2022-03-24T13:59:01.240+0000][49754.907s] GC(93)   Evacuate Collection Set: 78.4ms
[2022-03-24T13:59:01.240+0000][49754.907s] GC(93)   Post Evacuate Collection Set: 22.5ms
[2022-03-24T13:59:01.241+0000][49754.907s] GC(93)   Other: 1.6ms
[2022-03-24T13:59:01.241+0000][49754.907s] GC(93) Eden regions: 43->0(23)
[2022-03-24T13:59:01.241+0000][49754.908s] GC(93) Survivor regions: 11->2(7)
[2022-03-24T13:59:01.241+0000][49754.908s] GC(93) Old regions: 183->187
[2022-03-24T13:59:01.241+0000][49754.908s] GC(93) Humongous regions: 7->7
[2022-03-24T13:59:01.242+0000][49754.908s] GC(93) Metaspace: 62817K->62817K(1107968K)
[2022-03-24T13:59:01.242+0000][49754.909s] GC(93) Pause Young (Prepare Mixed) (G1 Evacuation Pause) 242M->193M(512M) 105.010ms
[2022-03-24T13:59:01.242+0000][49754.909s] GC(93) User=0.31s Sys=0.06s Real=0.10s
[2022-03-24T14:09:47.086+0000][50400.752s] GC(94) Pause Young (Mixed) (G1 Evacuation Pause)
[2022-03-24T14:09:47.086+0000][50400.753s] GC(94) Using 4 workers of 4 for evacuation
[2022-03-24T14:09:47.162+0000][50400.829s] GC(94)   Pre Evacuate Collection Set: 8.2ms
[2022-03-24T14:09:47.163+0000][50400.829s] GC(94)   Evacuate Collection Set: 62.6ms
[2022-03-24T14:09:47.163+0000][50400.830s] GC(94)   Post Evacuate Collection Set: 4.0ms
[2022-03-24T14:09:47.163+0000][50400.830s] GC(94)   Other: 1.7ms
[2022-03-24T14:09:47.164+0000][50400.831s] GC(94) Eden regions: 23->0(24)
[2022-03-24T14:09:47.164+0000][50400.831s] GC(94) Survivor regions: 2->1(4)
[2022-03-24T14:09:47.165+0000][50400.831s] GC(94) Old regions: 187->135
[2022-03-24T14:09:47.165+0000][50400.832s] GC(94) Humongous regions: 7->7
[2022-03-24T14:09:47.165+0000][50400.832s] GC(94) Metaspace: 62821K->62821K(1107968K)
[2022-03-24T14:09:47.165+0000][50400.832s] GC(94) Pause Young (Mixed) (G1 Evacuation Pause) 216M->141M(512M) 79.655ms
[2022-03-24T14:09:47.166+0000][50400.833s] GC(94) User=0.26s Sys=0.00s Real=0.08s
[2022-03-24T14:22:57.351+0000][51191.018s] GC(95) Pause Young (Mixed) (G1 Evacuation Pause)
[2022-03-24T14:22:57.352+0000][51191.018s] GC(95) Using 4 workers of 4 for evacuation
[2022-03-24T14:22:57.462+0000][51191.129s] GC(95)   Pre Evacuate Collection Set: 5.6ms
[2022-03-24T14:22:57.463+0000][51191.129s] GC(95)   Evacuate Collection Set: 100.6ms
[2022-03-24T14:22:57.463+0000][51191.130s] GC(95)   Post Evacuate Collection Set: 3.8ms
[2022-03-24T14:22:57.463+0000][51191.130s] GC(95)   Other: 1.2ms
[2022-03-24T14:22:57.463+0000][51191.130s] GC(95) Eden regions: 24->0(23)
[2022-03-24T14:22:57.463+0000][51191.130s] GC(95) Survivor regions: 1->2(4)
[2022-03-24T14:22:57.464+0000][51191.130s] GC(95) Old regions: 135->118
[2022-03-24T14:22:57.464+0000][51191.130s] GC(95) Humongous regions: 7->7
[2022-03-24T14:22:57.464+0000][51191.131s] GC(95) Metaspace: 62827K->62827K(1107968K)
[2022-03-24T14:22:57.464+0000][51191.131s] GC(95) Pause Young (Mixed) (G1 Evacuation Pause) 165M->124M(512M) 112.815ms
[2022-03-24T14:22:57.464+0000][51191.131s] GC(95) User=0.41s Sys=0.00s Real=0.11s
[2022-03-24T14:31:15.942+0000][51689.608s] GC(96) Pause Young (Mixed) (G1 Evacuation Pause)
[2022-03-24T14:31:15.942+0000][51689.609s] GC(96) Using 4 workers of 4 for evacuation
[2022-03-24T14:31:16.065+0000][51689.732s] GC(96)   Pre Evacuate Collection Set: 9.6ms
[2022-03-24T14:31:16.065+0000][51689.732s] GC(96)   Evacuate Collection Set: 105.6ms
[2022-03-24T14:31:16.066+0000][51689.732s] GC(96)   Post Evacuate Collection Set: 1.5ms
[2022-03-24T14:31:16.066+0000][51689.733s] GC(96)   Other: 6.4ms
[2022-03-24T14:31:16.066+0000][51689.733s] GC(96) Eden regions: 23->0(218)
[2022-03-24T14:31:16.066+0000][51689.733s] GC(96) Survivor regions: 2->2(4)
[2022-03-24T14:31:16.067+0000][51689.733s] GC(96) Old regions: 118->115
[2022-03-24T14:31:16.067+0000][51689.733s] GC(96) Humongous regions: 7->7
[2022-03-24T14:31:16.067+0000][51689.734s] GC(96) Metaspace: 62883K->62883K(1107968K)
[2022-03-24T14:31:16.067+0000][51689.734s] GC(96) Pause Young (Mixed) (G1 Evacuation Pause) 147M->122M(512M) 125.488ms
[2022-03-24T14:31:16.068+0000][51689.734s] GC(96) User=0.44s Sys=0.00s Real=0.13s
[2022-03-25T06:30:51.283+0000][57701.894s] GC(97) Pause Young (Normal) (G1 Evacuation Pause)
[2022-03-25T06:30:51.288+0000][57701.898s] GC(97) Using 4 workers of 4 for evacuation
[2022-03-25T06:30:51.539+0000][57702.148s] GC(97)   Pre Evacuate Collection Set: 17.5ms
[2022-03-25T06:30:51.539+0000][57702.149s] GC(97)   Evacuate Collection Set: 205.0ms
[2022-03-25T06:30:51.540+0000][57702.149s] GC(97)   Post Evacuate Collection Set: 17.0ms
[2022-03-25T06:30:51.540+0000][57702.149s] GC(97)   Other: 19.9ms
[2022-03-25T06:30:51.541+0000][57702.150s] GC(97) Eden regions: 218->0(122)
[2022-03-25T06:30:51.541+0000][57702.150s] GC(97) Survivor regions: 2->2(28)
[2022-03-25T06:30:51.541+0000][57702.151s] GC(97) Old regions: 115->115
[2022-03-25T06:30:51.541+0000][57702.151s] GC(97) Humongous regions: 7->7
[2022-03-25T06:30:51.542+0000][57702.151s] GC(97) Metaspace: 63126K->63126K(1107968K)
[2022-03-25T06:30:51.543+0000][57702.152s] GC(97) Pause Young (Normal) (G1 Evacuation Pause) 340M->122M(512M) 259.667ms
[2022-03-25T06:30:51.544+0000][57702.153s] GC(97) User=0.92s Sys=0.00s Real=0.26s
[2022-03-25T06:53:33.508+0000][59064.117s] GC(98) Pause Young (Normal) (G1 Evacuation Pause)
[2022-03-25T06:53:33.509+0000][59064.118s] GC(98) Using 4 workers of 4 for evacuation
[2022-03-25T06:53:34.141+0000][59064.750s] GC(98) MMU target violated: 251.0ms (250.0ms/251.0ms)
[2022-03-25T06:53:34.164+0000][59064.774s] GC(98)   Pre Evacuate Collection Set: 33.6ms
[2022-03-25T06:53:34.170+0000][59064.779s] GC(98)   Evacuate Collection Set: 514.1ms
[2022-03-25T06:53:34.189+0000][59064.798s] GC(98)   Post Evacuate Collection Set: 81.6ms
[2022-03-25T06:53:34.200+0000][59064.809s] GC(98)   Other: 27.9ms
[2022-03-25T06:53:34.208+0000][59064.817s] GC(98) Eden regions: 122->0(22)
[2022-03-25T06:53:34.212+0000][59064.821s] GC(98) Survivor regions: 2->3(16)
[2022-03-25T06:53:34.214+0000][59064.823s] GC(98) Old regions: 115->115
[2022-03-25T06:53:34.222+0000][59064.831s] GC(98) Humongous regions: 7->7
[2022-03-25T06:53:34.234+0000][59064.843s] GC(98) Metaspace: 63140K->63140K(1107968K)
[2022-03-25T06:53:34.238+0000][59064.847s] GC(98) Pause Young (Normal) (G1 Evacuation Pause) 244M->122M(512M) 730.050ms
[2022-03-25T06:53:34.250+0000][59064.859s] GC(98) User=0.73s Sys=0.09s Real=0.74s
[2022-03-25T06:53:35.779+0000][59066.389s] GC(99) Pause Young (Normal) (G1 Evacuation Pause)
[2022-03-25T06:53:35.783+0000][59066.392s] GC(99) Using 4 workers of 4 for evacuation
[2022-03-25T06:53:35.909+0000][59066.519s] GC(99)   Pre Evacuate Collection Set: 0.0ms
[2022-03-25T06:53:35.914+0000][59066.523s] GC(99)   Evacuate Collection Set: 121.2ms
[2022-03-25T06:53:35.915+0000][59066.524s] GC(99)   Post Evacuate Collection Set: 5.1ms
[2022-03-25T06:53:35.915+0000][59066.525s] GC(99)   Other: 3.8ms
[2022-03-25T06:53:35.927+0000][59066.536s] GC(99) Eden regions: 22->0(43)
[2022-03-25T06:53:35.933+0000][59066.542s] GC(99) Survivor regions: 3->3(4)
[2022-03-25T06:53:35.935+0000][59066.544s] GC(99) Old regions: 115->115
[2022-03-25T06:53:35.935+0000][59066.544s] GC(99) Humongous regions: 7->7
[2022-03-25T06:53:35.935+0000][59066.545s] GC(99) Metaspace: 63143K->63143K(1107968K)
[2022-03-25T06:53:35.936+0000][59066.546s] GC(99) Pause Young (Normal) (G1 Evacuation Pause) 144M->123M(512M) 156.939ms
[2022-03-25T06:53:35.937+0000][59066.546s] GC(99) User=0.13s Sys=0.01s Real=0.16s
[2022-03-25T06:53:38.488+0000][59069.098s] GC(100) Pause Young (Normal) (G1 Evacuation Pause)
[2022-03-25T06:53:38.508+0000][59069.118s] GC(100) Using 4 workers of 4 for evacuation
[2022-03-25T06:53:38.674+0000][59069.283s] GC(100)   Pre Evacuate Collection Set: 0.0ms
[2022-03-25T06:53:38.690+0000][59069.299s] GC(100)   Evacuate Collection Set: 150.3ms
[2022-03-25T06:53:38.706+0000][59069.315s] GC(100)   Post Evacuate Collection Set: 0.6ms
[2022-03-25T06:53:38.708+0000][59069.318s] GC(100)   Other: 34.7ms
[2022-03-25T06:53:38.710+0000][59069.319s] GC(100) Eden regions: 43->0(48)
[2022-03-25T06:53:38.738+0000][59069.347s] GC(100) Survivor regions: 3->3(6)
[2022-03-25T06:53:38.743+0000][59069.352s] GC(100) Old regions: 115->115
[2022-03-25T06:53:38.753+0000][59069.363s] GC(100) Humongous regions: 7->7
[2022-03-25T06:53:38.774+0000][59069.384s] GC(100) Metaspace: 63157K->63157K(1107968K)
[2022-03-25T06:53:38.786+0000][59069.396s] GC(100) Pause Young (Normal) (G1 Evacuation Pause) 166M->123M(512M) 297.864ms
[2022-03-25T06:53:38.804+0000][59069.414s] GC(100) User=0.11s Sys=0.05s Real=0.31s
[2022-03-25T06:53:45.460+0000][59076.069s] GC(101) Pause Young (Normal) (G1 Evacuation Pause)
[2022-03-25T06:53:45.468+0000][59076.077s] GC(101) Using 4 workers of 4 for evacuation
[2022-03-25T06:53:45.627+0000][59076.237s] GC(101)   Pre Evacuate Collection Set: 0.1ms
[2022-03-25T06:53:45.634+0000][59076.243s] GC(101)   Evacuate Collection Set: 120.4ms
[2022-03-25T06:53:45.645+0000][59076.254s] GC(101)   Post Evacuate Collection Set: 2.0ms
[2022-03-25T06:53:45.655+0000][59076.264s] GC(101)   Other: 44.9ms
[2022-03-25T06:53:45.664+0000][59076.274s] GC(101) Eden regions: 48->0(55)
[2022-03-25T06:53:45.674+0000][59076.283s] GC(101) Survivor regions: 3->3(7)
[2022-03-25T06:53:45.677+0000][59076.287s] GC(101) Old regions: 115->115
[2022-03-25T06:53:45.682+0000][59076.291s] GC(101) Humongous regions: 7->7
[2022-03-25T06:53:45.695+0000][59076.305s] GC(101) Metaspace: 63161K->63161K(1107968K)
[2022-03-25T06:53:45.700+0000][59076.310s] GC(101) Pause Young (Normal) (G1 Evacuation Pause) 171M->123M(512M) 240.483ms
[2022-03-25T06:53:45.702+0000][59076.312s] GC(101) User=0.13s Sys=0.02s Real=0.24s
[2022-03-25T06:53:49.805+0000][59080.415s] GC(102) Pause Young (Normal) (G1 Evacuation Pause)
[2022-03-25T06:53:49.807+0000][59080.417s] GC(102) Using 4 workers of 4 for evacuation
[2022-03-25T06:53:50.014+0000][59080.623s] GC(102)   Pre Evacuate Collection Set: 0.0ms
[2022-03-25T06:53:50.018+0000][59080.627s] GC(102)   Evacuate Collection Set: 198.8ms
[2022-03-25T06:53:50.018+0000][59080.628s] GC(102)   Post Evacuate Collection Set: 0.6ms
[2022-03-25T06:53:50.019+0000][59080.628s] GC(102)   Other: 9.2ms
[2022-03-25T06:53:50.019+0000][59080.629s] GC(102) Eden regions: 55->0(57)
[2022-03-25T06:53:50.019+0000][59080.629s] GC(102) Survivor regions: 3->3(8)
[2022-03-25T06:53:50.020+0000][59080.629s] GC(102) Old regions: 115->115
[2022-03-25T06:53:50.020+0000][59080.630s] GC(102) Humongous regions: 7->7
[2022-03-25T06:53:50.021+0000][59080.631s] GC(102) Metaspace: 63223K->63223K(1107968K)
[2022-03-25T06:53:50.022+0000][59080.631s] GC(102) Pause Young (Normal) (G1 Evacuation Pause) 178M->123M(512M) 216.758ms
[2022-03-25T06:53:50.023+0000][59080.633s] GC(102) User=0.15s Sys=0.02s Real=0.21s
[2022-03-25T07:00:30.241+0000][59480.850s] GC(103) Pause Young (Normal) (G1 Evacuation Pause)
[2022-03-25T07:00:30.242+0000][59480.852s] GC(103) Using 4 workers of 4 for evacuation
[2022-03-25T07:00:30.284+0000][59480.893s] GC(103)   Pre Evacuate Collection Set: 0.1ms
[2022-03-25T07:00:30.286+0000][59480.895s] GC(103)   Evacuate Collection Set: 39.7ms
[2022-03-25T07:00:30.288+0000][59480.898s] GC(103)   Post Evacuate Collection Set: 0.7ms
[2022-03-25T07:00:30.289+0000][59480.898s] GC(103)   Other: 2.6ms
[2022-03-25T07:00:30.290+0000][59480.899s] GC(103) Eden regions: 57->0(62)
[2022-03-25T07:00:30.290+0000][59480.900s] GC(103) Survivor regions: 3->3(8)
[2022-03-25T07:00:30.294+0000][59480.903s] GC(103) Old regions: 115->115
[2022-03-25T07:00:30.294+0000][59480.903s] GC(103) Humongous regions: 7->7
[2022-03-25T07:00:30.294+0000][59480.904s] GC(103) Metaspace: 63236K->63236K(1107968K)
[2022-03-25T07:00:30.295+0000][59480.904s] GC(103) Pause Young (Normal) (G1 Evacuation Pause) 180M->123M(512M) 54.007ms
[2022-03-25T07:00:30.295+0000][59480.904s] GC(103) User=0.08s Sys=0.00s Real=0.06s
[2022-03-25T07:05:08.709+0000][59759.319s] GC(104) Pause Young (Normal) (G1 Evacuation Pause)
[2022-03-25T07:05:08.710+0000][59759.319s] GC(104) Using 4 workers of 4 for evacuation
[2022-03-25T07:05:08.765+0000][59759.374s] GC(104)   Pre Evacuate Collection Set: 0.1ms
[2022-03-25T07:05:08.765+0000][59759.375s] GC(104)   Evacuate Collection Set: 36.8ms
[2022-03-25T07:05:08.766+0000][59759.375s] GC(104)   Post Evacuate Collection Set: 17.6ms
[2022-03-25T07:05:08.766+0000][59759.375s] GC(104)   Other: 1.0ms
[2022-03-25T07:05:08.766+0000][59759.375s] GC(104) Eden regions: 62->0(67)
[2022-03-25T07:05:08.766+0000][59759.376s] GC(104) Survivor regions: 3->3(9)
[2022-03-25T07:05:08.767+0000][59759.376s] GC(104) Old regions: 115->115
[2022-03-25T07:05:08.767+0000][59759.376s] GC(104) Humongous regions: 7->7
[2022-03-25T07:05:08.767+0000][59759.376s] GC(104) Metaspace: 63268K->63268K(1107968K)
[2022-03-25T07:05:08.767+0000][59759.377s] GC(104) Pause Young (Normal) (G1 Evacuation Pause) 185M->123M(512M) 57.938ms
[2022-03-25T07:05:08.768+0000][59759.377s] GC(104) User=0.16s Sys=0.03s Real=0.06s
[2022-03-25T07:07:28.688+0000][59899.297s] GC(105) Pause Young (Normal) (G1 Evacuation Pause)
[2022-03-25T07:07:28.691+0000][59899.301s] GC(105) Using 4 workers of 4 for evacuation
[2022-03-25T07:07:29.054+0000][59899.664s] GC(105) MMU target violated: 251.0ms (250.0ms/251.0ms)
[2022-03-25T07:07:29.058+0000][59899.667s] GC(105)   Pre Evacuate Collection Set: 0.0ms
[2022-03-25T07:07:29.059+0000][59899.669s] GC(105)   Evacuate Collection Set: 335.8ms
[2022-03-25T07:07:29.060+0000][59899.669s] GC(105)   Post Evacuate Collection Set: 25.6ms
[2022-03-25T07:07:29.061+0000][59899.670s] GC(105)   Other: 8.4ms
[2022-03-25T07:07:29.061+0000][59899.671s] GC(105) Eden regions: 67->0(57)
[2022-03-25T07:07:29.063+0000][59899.673s] GC(105) Survivor regions: 3->3(9)
[2022-03-25T07:07:29.073+0000][59899.683s] GC(105) Old regions: 115->115
[2022-03-25T07:07:29.077+0000][59899.687s] GC(105) Humongous regions: 7->7
[2022-03-25T07:07:29.078+0000][59899.687s] GC(105) Metaspace: 63281K->63281K(1107968K)
[2022-03-25T07:07:29.078+0000][59899.688s] GC(105) Pause Young (Normal) (G1 Evacuation Pause) 190M->123M(512M) 390.498ms
[2022-03-25T07:07:29.079+0000][59899.688s] GC(105) User=0.12s Sys=0.11s Real=0.39s
[2022-03-25T07:07:31.726+0000][59902.336s] GC(106) Pause Young (Normal) (G1 Evacuation Pause)
[2022-03-25T07:07:31.734+0000][59902.344s] GC(106) Using 4 workers of 4 for evacuation
[2022-03-25T07:07:31.823+0000][59902.432s] GC(106)   Pre Evacuate Collection Set: 0.0ms
[2022-03-25T07:07:31.827+0000][59902.437s] GC(106)   Evacuate Collection Set: 86.9ms
[2022-03-25T07:07:31.832+0000][59902.441s] GC(106)   Post Evacuate Collection Set: 0.7ms
[2022-03-25T07:07:31.833+0000][59902.442s] GC(106)   Other: 8.7ms
[2022-03-25T07:07:31.850+0000][59902.459s] GC(106) Eden regions: 57->0(60)
[2022-03-25T07:07:31.852+0000][59902.461s] GC(106) Survivor regions: 3->3(8)
[2022-03-25T07:07:31.852+0000][59902.462s] GC(106) Old regions: 115->115
[2022-03-25T07:07:31.862+0000][59902.472s] GC(106) Humongous regions: 7->7
[2022-03-25T07:07:31.869+0000][59902.479s] GC(106) Metaspace: 63281K->63281K(1107968K)
[2022-03-25T07:07:31.885+0000][59902.494s] GC(106) Pause Young (Normal) (G1 Evacuation Pause) 180M->123M(512M) 158.016ms
[2022-03-25T07:07:31.885+0000][59902.494s] GC(106) User=0.05s Sys=0.01s Real=0.16s
[2022-03-25T07:07:35.434+0000][59906.043s] GC(107) Pause Young (Normal) (G1 Evacuation Pause)
[2022-03-25T07:07:35.446+0000][59906.055s] GC(107) Using 4 workers of 4 for evacuation
[2022-03-25T07:07:35.514+0000][59906.124s] GC(107)   Pre Evacuate Collection Set: 0.0ms
[2022-03-25T07:07:35.515+0000][59906.124s] GC(107)   Evacuate Collection Set: 43.4ms
[2022-03-25T07:07:35.520+0000][59906.129s] GC(107)   Post Evacuate Collection Set: 12.5ms
[2022-03-25T07:07:35.525+0000][59906.135s] GC(107)   Other: 24.6ms
[2022-03-25T07:07:35.537+0000][59906.146s] GC(107) Eden regions: 60->0(63)
[2022-03-25T07:07:35.539+0000][59906.148s] GC(107) Survivor regions: 3->3(8)
[2022-03-25T07:07:35.549+0000][59906.158s] GC(107) Old regions: 115->115
[2022-03-25T07:07:35.552+0000][59906.161s] GC(107) Humongous regions: 7->7
[2022-03-25T07:07:35.554+0000][59906.163s] GC(107) Metaspace: 63285K->63285K(1107968K)
[2022-03-25T07:07:35.571+0000][59906.181s] GC(107) Pause Young (Normal) (G1 Evacuation Pause) 183M->123M(512M) 137.501ms
[2022-03-25T07:07:35.572+0000][59906.182s] GC(107) User=0.06s Sys=0.02s Real=0.14s
[2022-03-25T07:08:12.896+0000][59943.505s] GC(108) Pause Young (Normal) (G1 Evacuation Pause)
[2022-03-25T07:08:13.124+0000][59943.733s] GC(108) Using 4 workers of 4 for evacuation
[2022-03-25T07:08:13.867+0000][59944.477s] GC(108) MMU target violated: 251.0ms (250.0ms/251.0ms)
[2022-03-25T07:08:13.903+0000][59944.512s] GC(108)   Pre Evacuate Collection Set: 0.1ms
[2022-03-25T07:08:13.976+0000][59944.586s] GC(108)   Evacuate Collection Set: 400.9ms
[2022-03-25T07:08:14.022+0000][59944.631s] GC(108)   Post Evacuate Collection Set: 53.0ms
[2022-03-25T07:08:14.049+0000][59944.658s] GC(108)   Other: 552.9ms
[2022-03-25T07:08:14.162+0000][59944.772s] GC(108) Eden regions: 63->0(60)
[2022-03-25T07:08:14.223+0000][59944.832s] GC(108) Survivor regions: 3->3(9)
[2022-03-25T07:08:14.268+0000][59944.878s] GC(108) Old regions: 115->116
[2022-03-25T07:08:14.435+0000][59945.045s] GC(108) Humongous regions: 7->7
[2022-03-25T07:08:14.486+0000][59945.095s] GC(108) Metaspace: 63295K->63295K(1107968K)
[2022-03-25T07:08:14.521+0000][59945.130s] GC(108) Pause Young (Normal) (G1 Evacuation Pause) 186M->123M(512M) 1624.947ms
[2022-03-25T07:08:14.566+0000][59945.175s] GC(108) User=0.18s Sys=0.12s Real=1.70s
[2022-03-25T07:08:20.466+0000][59951.076s] GC(109) Pause Young (Normal) (G1 Evacuation Pause)
[2022-03-25T07:08:20.477+0000][59951.086s] GC(109) Using 4 workers of 4 for evacuation
[2022-03-25T07:08:20.835+0000][59951.444s] GC(109) MMU target violated: 251.0ms (250.0ms/251.0ms)
[2022-03-25T07:08:20.841+0000][59951.450s] GC(109)   Pre Evacuate Collection Set: 0.0ms
[2022-03-25T07:08:20.861+0000][59951.470s] GC(109)   Evacuate Collection Set: 348.2ms
[2022-03-25T07:08:20.897+0000][59951.506s] GC(109)   Post Evacuate Collection Set: 1.0ms
[2022-03-25T07:08:20.925+0000][59951.534s] GC(109)   Other: 25.3ms
[2022-03-25T07:08:20.949+0000][59951.559s] GC(109) Eden regions: 60->0(62)
[2022-03-25T07:08:20.959+0000][59951.569s] GC(109) Survivor regions: 3->3(8)
[2022-03-25T07:08:20.968+0000][59951.577s] GC(109) Old regions: 116->116
[2022-03-25T07:08:20.980+0000][59951.590s] GC(109) Humongous regions: 7->7
[2022-03-25T07:08:20.990+0000][59951.600s] GC(109) Metaspace: 63303K->63303K(1107968K)
[2022-03-25T07:08:21.007+0000][59951.616s] GC(109) Pause Young (Normal) (G1 Evacuation Pause) 183M->123M(512M) 540.568ms
[2022-03-25T07:08:21.029+0000][59951.639s] GC(109) User=0.17s Sys=0.16s Real=0.55s
[2022-03-25T07:08:29.777+0000][59960.386s] GC(110) Pause Young (Normal) (G1 Evacuation Pause)
[2022-03-25T07:08:29.825+0000][59960.434s] GC(110) Using 4 workers of 4 for evacuation
[2022-03-25T07:08:29.927+0000][59960.536s] GC(110)   Pre Evacuate Collection Set: 0.1ms
[2022-03-25T07:08:29.941+0000][59960.551s] GC(110)   Evacuate Collection Set: 85.4ms
[2022-03-25T07:08:29.957+0000][59960.566s] GC(110)   Post Evacuate Collection Set: 0.5ms
[2022-03-25T07:08:29.973+0000][59960.583s] GC(110)   Other: 64.1ms
[2022-03-25T07:08:29.989+0000][59960.598s] GC(110) Eden regions: 62->0(65)
[2022-03-25T07:08:30.022+0000][59960.631s] GC(110) Survivor regions: 3->3(9)
[2022-03-25T07:08:30.037+0000][59960.647s] GC(110) Old regions: 116->116
[2022-03-25T07:08:30.054+0000][59960.664s] GC(110) Humongous regions: 7->7
[2022-03-25T07:08:30.084+0000][59960.693s] GC(110) Metaspace: 63304K->63304K(1107968K)
[2022-03-25T07:08:30.159+0000][59960.768s] GC(110) Pause Young (Normal) (G1 Evacuation Pause) 185M->123M(512M) 382.029ms
[2022-03-25T07:08:30.173+0000][59960.782s] GC(110) User=0.09s Sys=0.03s Real=0.40s
[2022-03-25T07:08:43.448+0000][59974.058s] GC(111) Pause Young (Normal) (G1 Evacuation Pause)
[2022-03-25T07:08:43.522+0000][59974.131s] GC(111) Using 4 workers of 4 for evacuation
[2022-03-25T07:08:43.790+0000][59974.399s] GC(111)   Pre Evacuate Collection Set: 0.1ms
[2022-03-25T07:08:43.855+0000][59974.464s] GC(111)   Evacuate Collection Set: 77.1ms
[2022-03-25T07:08:43.942+0000][59974.552s] GC(111)   Post Evacuate Collection Set: 0.7ms
[2022-03-25T07:08:44.111+0000][59974.720s] GC(111)   Other: 263.9ms
[2022-03-25T07:08:44.145+0000][59974.754s] GC(111) Eden regions: 65->0(70)
[2022-03-25T07:08:44.185+0000][59974.794s] GC(111) Survivor regions: 3->3(9)
[2022-03-25T07:08:44.219+0000][59974.829s] GC(111) Old regions: 116->116
[2022-03-25T07:08:44.248+0000][59974.857s] GC(111) Humongous regions: 7->7
[2022-03-25T07:08:44.276+0000][59974.885s] GC(111) Metaspace: 63306K->63306K(1107968K)
[2022-03-25T07:08:44.312+0000][59974.921s] GC(111) Pause Young (Normal) (G1 Evacuation Pause) 188M->123M(512M) 863.559ms
[2022-03-25T07:08:44.329+0000][59974.939s] GC(111) User=0.03s Sys=0.06s Real=0.87s
[2022-03-25T07:09:06.601+0000][59997.211s] GC(112) Pause Young (Normal) (G1 Evacuation Pause)
[2022-03-25T07:09:06.604+0000][59997.214s] GC(112) Using 4 workers of 4 for evacuation
[2022-03-25T07:09:06.736+0000][59997.345s] GC(112)   Pre Evacuate Collection Set: 0.0ms
[2022-03-25T07:09:06.738+0000][59997.347s] GC(112)   Evacuate Collection Set: 119.5ms
[2022-03-25T07:09:06.741+0000][59997.350s] GC(112)   Post Evacuate Collection Set: 1.1ms
[2022-03-25T07:09:06.747+0000][59997.356s] GC(112)   Other: 14.3ms
[2022-03-25T07:09:06.747+0000][59997.357s] GC(112) Eden regions: 70->0(74)
[2022-03-25T07:09:06.749+0000][59997.358s] GC(112) Survivor regions: 3->3(10)
[2022-03-25T07:09:06.756+0000][59997.366s] GC(112) Old regions: 116->116
[2022-03-25T07:09:06.758+0000][59997.367s] GC(112) Humongous regions: 7->7
[2022-03-25T07:09:06.764+0000][59997.374s] GC(112) Metaspace: 63310K->63310K(1107968K)
[2022-03-25T07:09:06.773+0000][59997.382s] GC(112) Pause Young (Normal) (G1 Evacuation Pause) 193M->123M(512M) 171.461ms
[2022-03-25T07:09:06.793+0000][59997.402s] GC(112) User=0.10s Sys=0.01s Real=0.19s
[2022-03-25T07:09:09.897+0000][60000.507s] GC(113) Pause Young (Normal) (G1 Evacuation Pause)
[2022-03-25T07:09:09.899+0000][60000.509s] GC(113) Using 4 workers of 4 for evacuation
[2022-03-25T07:09:10.030+0000][60000.639s] GC(113)   Pre Evacuate Collection Set: 0.0ms
[2022-03-25T07:09:10.034+0000][60000.643s] GC(113)   Evacuate Collection Set: 127.0ms
[2022-03-25T07:09:10.037+0000][60000.646s] GC(113)   Post Evacuate Collection Set: 0.8ms
[2022-03-25T07:09:10.040+0000][60000.650s] GC(113)   Other: 4.5ms
[2022-03-25T07:09:10.055+0000][60000.665s] GC(113) Eden regions: 74->0(73)
[2022-03-25T07:09:10.074+0000][60000.683s] GC(113) Survivor regions: 3->2(10)
[2022-03-25T07:09:10.077+0000][60000.686s] GC(113) Old regions: 116->117
[2022-03-25T07:09:10.077+0000][60000.687s] GC(113) Humongous regions: 7->7
[2022-03-25T07:09:10.079+0000][60000.688s] GC(113) Metaspace: 63326K->63326K(1107968K)
[2022-03-25T07:09:10.080+0000][60000.689s] GC(113) Pause Young (Normal) (G1 Evacuation Pause) 197M->123M(512M) 182.357ms
[2022-03-25T07:09:10.081+0000][60000.690s] GC(113) User=0.11s Sys=0.01s Real=0.18s
[2022-03-25T07:09:16.815+0000][60007.425s] GC(114) Pause Young (Normal) (G1 Evacuation Pause)
[2022-03-25T07:09:16.817+0000][60007.426s] GC(114) Using 4 workers of 4 for evacuation
[2022-03-25T07:09:16.887+0000][60007.497s] GC(114)   Pre Evacuate Collection Set: 0.1ms
[2022-03-25T07:09:16.892+0000][60007.502s] GC(114)   Evacuate Collection Set: 61.8ms
[2022-03-25T07:09:16.897+0000][60007.507s] GC(114)   Post Evacuate Collection Set: 1.5ms
[2022-03-25T07:09:16.898+0000][60007.507s] GC(114)   Other: 9.3ms
[2022-03-25T07:09:16.898+0000][60007.508s] GC(114) Eden regions: 73->0(79)
[2022-03-25T07:09:16.899+0000][60007.508s] GC(114) Survivor regions: 2->2(10)
[2022-03-25T07:09:16.899+0000][60007.508s] GC(114) Old regions: 117->117
[2022-03-25T07:09:16.899+0000][60007.509s] GC(114) Humongous regions: 7->7
[2022-03-25T07:09:16.899+0000][60007.509s] GC(114) Metaspace: 63338K->63338K(1107968K)
[2022-03-25T07:09:16.900+0000][60007.509s] GC(114) Pause Young (Normal) (G1 Evacuation Pause) 196M->123M(512M) 84.534ms
[2022-03-25T07:09:16.901+0000][60007.511s] GC(114) User=0.05s Sys=0.01s Real=0.08s
[2022-03-25T07:09:28.048+0000][60018.657s] GC(115) Pause Young (Normal) (G1 Evacuation Pause)
[2022-03-25T07:09:28.053+0000][60018.663s] GC(115) Using 4 workers of 4 for evacuation
[2022-03-25T07:09:28.156+0000][60018.766s] GC(115)   Pre Evacuate Collection Set: 0.1ms
[2022-03-25T07:09:28.157+0000][60018.766s] GC(115)   Evacuate Collection Set: 91.7ms
[2022-03-25T07:09:28.158+0000][60018.767s] GC(115)   Post Evacuate Collection Set: 7.8ms
[2022-03-25T07:09:28.159+0000][60018.768s] GC(115)   Other: 8.6ms
[2022-03-25T07:09:28.160+0000][60018.769s] GC(115) Eden regions: 79->0(82)
[2022-03-25T07:09:28.160+0000][60018.770s] GC(115) Survivor regions: 2->2(11)
[2022-03-25T07:09:28.162+0000][60018.772s] GC(115) Old regions: 117->117
[2022-03-25T07:09:28.163+0000][60018.773s] GC(115) Humongous regions: 7->7
[2022-03-25T07:09:28.165+0000][60018.774s] GC(115) Metaspace: 63339K->63339K(1107968K)
[2022-03-25T07:09:28.168+0000][60018.777s] GC(115) Pause Young (Normal) (G1 Evacuation Pause) 202M->123M(512M) 120.380ms
[2022-03-25T07:09:28.170+0000][60018.780s] GC(115) User=0.08s Sys=0.00s Real=0.12s
[2022-03-25T07:09:30.167+0000][60020.777s] GC(116) Pause Young (Normal) (G1 Evacuation Pause)
[2022-03-25T07:09:30.170+0000][60020.780s] GC(116) Using 4 workers of 4 for evacuation
[2022-03-25T07:09:30.280+0000][60020.889s] GC(116)   Pre Evacuate Collection Set: 0.0ms
[2022-03-25T07:09:30.308+0000][60020.917s] GC(116)   Evacuate Collection Set: 89.5ms
[2022-03-25T07:09:30.324+0000][60020.933s] GC(116)   Post Evacuate Collection Set: 15.0ms
[2022-03-25T07:09:30.343+0000][60020.952s] GC(116)   Other: 7.6ms
[2022-03-25T07:09:30.344+0000][60020.953s] GC(116) Eden regions: 82->0(81)
[2022-03-25T07:09:30.345+0000][60020.954s] GC(116) Survivor regions: 2->2(11)
[2022-03-25T07:09:30.346+0000][60020.955s] GC(116) Old regions: 117->117
[2022-03-25T07:09:30.346+0000][60020.956s] GC(116) Humongous regions: 7->7
[2022-03-25T07:09:30.347+0000][60020.956s] GC(116) Metaspace: 63344K->63344K(1107968K)
[2022-03-25T07:09:30.348+0000][60020.958s] GC(116) Pause Young (Normal) (G1 Evacuation Pause) 205M->123M(512M) 180.646ms
[2022-03-25T07:09:30.355+0000][60020.964s] GC(116) User=0.07s Sys=0.02s Real=0.19s
[2022-03-25T07:09:39.725+0000][60030.334s] GC(117) Pause Young (Normal) (G1 Evacuation Pause)
[2022-03-25T07:09:39.746+0000][60030.355s] GC(117) Using 4 workers of 4 for evacuation
[2022-03-25T07:09:39.922+0000][60030.532s] GC(117)   Pre Evacuate Collection Set: 0.0ms
[2022-03-25T07:09:39.931+0000][60030.541s] GC(117)   Evacuate Collection Set: 160.0ms
[2022-03-25T07:09:39.939+0000][60030.548s] GC(117)   Post Evacuate Collection Set: 10.9ms
[2022-03-25T07:09:39.971+0000][60030.581s] GC(117)   Other: 26.9ms
[2022-03-25T07:09:39.987+0000][60030.596s] GC(117) Eden regions: 81->0(86)
[2022-03-25T07:09:39.996+0000][60030.606s] GC(117) Survivor regions: 2->2(11)
[2022-03-25T07:09:40.003+0000][60030.613s] GC(117) Old regions: 117->117
[2022-03-25T07:09:40.009+0000][60030.618s] GC(117) Humongous regions: 7->7
[2022-03-25T07:09:40.011+0000][60030.620s] GC(117) Metaspace: 63354K->63354K(1107968K)
[2022-03-25T07:09:40.013+0000][60030.622s] GC(117) Pause Young (Normal) (G1 Evacuation Pause) 204M->123M(512M) 288.310ms
[2022-03-25T07:09:40.015+0000][60030.624s] GC(117) User=0.04s Sys=0.05s Real=0.30s
[2022-03-25T07:09:43.377+0000][60033.986s] GC(118) Pause Young (Normal) (G1 Evacuation Pause)
[2022-03-25T07:09:43.383+0000][60033.992s] GC(118) Using 4 workers of 4 for evacuation
[2022-03-25T07:09:43.549+0000][60034.158s] GC(118)   Pre Evacuate Collection Set: 0.0ms
[2022-03-25T07:09:43.549+0000][60034.159s] GC(118)   Evacuate Collection Set: 163.5ms
[2022-03-25T07:09:43.550+0000][60034.160s] GC(118)   Post Evacuate Collection Set: 0.8ms
[2022-03-25T07:09:43.552+0000][60034.161s] GC(118)   Other: 7.9ms
[2022-03-25T07:09:43.553+0000][60034.162s] GC(118) Eden regions: 86->0(85)
[2022-03-25T07:09:43.553+0000][60034.163s] GC(118) Survivor regions: 2->2(11)
[2022-03-25T07:09:43.555+0000][60034.165s] GC(118) Old regions: 117->117
[2022-03-25T07:09:43.556+0000][60034.165s] GC(118) Humongous regions: 7->7
[2022-03-25T07:09:43.557+0000][60034.166s] GC(118) Metaspace: 63364K->63364K(1107968K)
[2022-03-25T07:09:43.557+0000][60034.167s] GC(118) Pause Young (Normal) (G1 Evacuation Pause) 209M->124M(512M) 180.737ms
[2022-03-25T07:09:43.558+0000][60034.167s] GC(118) User=0.13s Sys=0.00s Real=0.18s
[2022-03-25T07:09:48.784+0000][60039.393s] GC(119) Pause Young (Normal) (G1 Evacuation Pause)
[2022-03-25T07:09:48.788+0000][60039.397s] GC(119) Using 4 workers of 4 for evacuation
[2022-03-25T07:09:48.835+0000][60039.444s] GC(119)   Pre Evacuate Collection Set: 0.0ms
[2022-03-25T07:09:48.836+0000][60039.445s] GC(119)   Evacuate Collection Set: 35.8ms
[2022-03-25T07:09:48.843+0000][60039.452s] GC(119)   Post Evacuate Collection Set: 7.0ms
[2022-03-25T07:09:48.843+0000][60039.453s] GC(119)   Other: 8.5ms
[2022-03-25T07:09:48.845+0000][60039.454s] GC(119) Eden regions: 85->0(91)
[2022-03-25T07:09:48.848+0000][60039.457s] GC(119) Survivor regions: 2->2(11)
[2022-03-25T07:09:48.849+0000][60039.458s] GC(119) Old regions: 117->117
[2022-03-25T07:09:48.852+0000][60039.462s] GC(119) Humongous regions: 7->7
[2022-03-25T07:09:48.853+0000][60039.462s] GC(119) Metaspace: 63368K->63368K(1107968K)
[2022-03-25T07:09:48.853+0000][60039.462s] GC(119) Pause Young (Normal) (G1 Evacuation Pause) 209M->124M(512M) 69.287ms
[2022-03-25T07:09:48.853+0000][60039.463s] GC(119) User=0.03s Sys=0.00s Real=0.07s
[2022-03-25T07:09:53.333+0000][60043.943s] GC(120) Pause Young (Normal) (G1 Evacuation Pause)
[2022-03-25T07:09:53.335+0000][60043.944s] GC(120) Using 4 workers of 4 for evacuation
[2022-03-25T07:09:53.700+0000][60044.309s] GC(120) MMU target violated: 251.0ms (250.0ms/251.0ms)
[2022-03-25T07:09:53.713+0000][60044.322s] GC(120)   Pre Evacuate Collection Set: 0.2ms
[2022-03-25T07:09:53.725+0000][60044.335s] GC(120)   Evacuate Collection Set: 319.0ms
[2022-03-25T07:09:53.736+0000][60044.346s] GC(120)   Post Evacuate Collection Set: 41.1ms
[2022-03-25T07:09:53.740+0000][60044.350s] GC(120)   Other: 19.4ms
[2022-03-25T07:09:53.749+0000][60044.359s] GC(120) Eden regions: 91->0(80)
[2022-03-25T07:09:53.761+0000][60044.370s] GC(120) Survivor regions: 2->2(12)
[2022-03-25T07:09:53.785+0000][60044.394s] GC(120) Old regions: 117->117
[2022-03-25T07:09:53.802+0000][60044.412s] GC(120) Humongous regions: 7->7
[2022-03-25T07:09:53.805+0000][60044.415s] GC(120) Metaspace: 63376K->63376K(1107968K)
[2022-03-25T07:09:53.813+0000][60044.422s] GC(120) Pause Young (Normal) (G1 Evacuation Pause) 215M->124M(512M) 479.485ms
[2022-03-25T07:09:53.816+0000][60044.426s] GC(120) User=0.14s Sys=0.14s Real=0.49s
[2022-03-25T07:09:56.279+0000][60046.889s] GC(121) Pause Young (Normal) (G1 Evacuation Pause)
[2022-03-25T07:09:56.284+0000][60046.893s] GC(121) Using 4 workers of 4 for evacuation
[2022-03-25T07:09:56.354+0000][60046.964s] GC(121)   Pre Evacuate Collection Set: 0.0ms
[2022-03-25T07:09:56.354+0000][60046.964s] GC(121)   Evacuate Collection Set: 68.5ms
[2022-03-25T07:09:56.355+0000][60046.964s] GC(121)   Post Evacuate Collection Set: 0.8ms
[2022-03-25T07:09:56.355+0000][60046.965s] GC(121)   Other: 5.4ms
[2022-03-25T07:09:56.356+0000][60046.965s] GC(121) Eden regions: 80->0(83)
[2022-03-25T07:09:56.357+0000][60046.966s] GC(121) Survivor regions: 2->2(11)
[2022-03-25T07:09:56.357+0000][60046.966s] GC(121) Old regions: 117->117
[2022-03-25T07:09:56.370+0000][60046.980s] GC(121) Humongous regions: 7->7
[2022-03-25T07:09:56.374+0000][60046.983s] GC(121) Metaspace: 63378K->63378K(1107968K)
[2022-03-25T07:09:56.376+0000][60046.985s] GC(121) Pause Young (Normal) (G1 Evacuation Pause) 204M->124M(512M) 96.380ms
[2022-03-25T07:09:56.376+0000][60046.986s] GC(121) User=0.04s Sys=0.01s Real=0.10s
[2022-03-25T07:14:08.101+0000][60298.710s] GC(122) Pause Young (Normal) (G1 Evacuation Pause)
[2022-03-25T07:14:08.453+0000][60299.062s] GC(122) Using 4 workers of 4 for evacuation
[2022-03-25T07:14:09.431+0000][60300.040s] GC(122) MMU target violated: 251.0ms (250.0ms/251.0ms)
[2022-03-25T07:14:09.473+0000][60300.083s] GC(122)   Pre Evacuate Collection Set: 0.2ms
[2022-03-25T07:14:09.678+0000][60300.288s] GC(122)   Evacuate Collection Set: 651.6ms
[2022-03-25T07:14:09.740+0000][60300.349s] GC(122)   Post Evacuate Collection Set: 2.4ms
[2022-03-25T07:14:09.897+0000][60300.506s] GC(122)   Other: 718.1ms
[2022-03-25T07:14:09.932+0000][60300.541s] GC(122) Eden regions: 83->0(79)
[2022-03-25T07:14:09.979+0000][60300.589s] GC(122) Survivor regions: 2->2(11)
[2022-03-25T07:14:10.008+0000][60300.617s] GC(122) Old regions: 117->117
[2022-03-25T07:14:10.022+0000][60300.631s] GC(122) Humongous regions: 7->7
[2022-03-25T07:14:10.061+0000][60300.670s] GC(122) Metaspace: 63395K->63395K(1107968K)
[2022-03-25T07:14:10.083+0000][60300.692s] GC(122) Pause Young (Normal) (G1 Evacuation Pause) 207M->124M(512M) 1981.931ms
[2022-03-25T07:14:10.120+0000][60300.730s] GC(122) User=0.59s Sys=0.14s Real=2.02s
[2022-03-25T07:14:25.954+0000][60316.564s] GC(123) Pause Young (Normal) (G1 Evacuation Pause)
[2022-03-25T07:14:26.305+0000][60316.914s] GC(123) Using 4 workers of 4 for evacuation
[2022-03-25T07:14:26.700+0000][60317.309s] GC(123) MMU target violated: 251.0ms (250.0ms/251.0ms)
[2022-03-25T07:14:26.724+0000][60317.334s] GC(123)   Pre Evacuate Collection Set: 0.1ms
[2022-03-25T07:14:26.742+0000][60317.351s] GC(123)   Evacuate Collection Set: 338.5ms
[2022-03-25T07:14:26.783+0000][60317.393s] GC(123)   Post Evacuate Collection Set: 9.1ms
[2022-03-25T07:14:26.804+0000][60317.414s] GC(123)   Other: 436.7ms
[2022-03-25T07:14:26.817+0000][60317.426s] GC(123) Eden regions: 79->0(82)
[2022-03-25T07:14:26.845+0000][60317.454s] GC(123) Survivor regions: 2->2(11)
[2022-03-25T07:14:27.012+0000][60317.621s] GC(123) Old regions: 117->117
[2022-03-25T07:14:27.683+0000][60318.292s] GC(123) Humongous regions: 7->7
[2022-03-25T07:14:27.988+0000][60318.598s] GC(123) Metaspace: 63395K->63395K(1107968K)
[2022-03-25T07:14:28.114+0000][60318.724s] GC(123) Pause Young (Normal) (G1 Evacuation Pause) 203M->124M(512M) 2160.186ms
[2022-03-25T07:14:28.255+0000][60318.864s] GC(123) User=0.10s Sys=0.08s Real=2.30s
[2022-03-25T07:14:33.412+0000][60324.021s] GC(124) Pause Young (Normal) (G1 Evacuation Pause)
[2022-03-25T07:14:33.436+0000][60324.045s] GC(124) Using 4 workers of 4 for evacuation
[2022-03-25T07:14:33.972+0000][60324.582s] GC(124) MMU target violated: 251.0ms (250.0ms/251.0ms)
[2022-03-25T07:14:33.976+0000][60324.585s] GC(124)   Pre Evacuate Collection Set: 0.1ms
[2022-03-25T07:14:33.979+0000][60324.588s] GC(124)   Evacuate Collection Set: 490.4ms
[2022-03-25T07:14:33.981+0000][60324.590s] GC(124)   Post Evacuate Collection Set: 2.2ms
[2022-03-25T07:14:33.987+0000][60324.597s] GC(124)   Other: 71.3ms
[2022-03-25T07:14:33.999+0000][60324.608s] GC(124) Eden regions: 82->0(84)
[2022-03-25T07:14:34.001+0000][60324.611s] GC(124) Survivor regions: 2->2(11)
[2022-03-25T07:14:34.025+0000][60324.634s] GC(124) Old regions: 117->117
[2022-03-25T07:14:34.034+0000][60324.643s] GC(124) Humongous regions: 7->7
[2022-03-25T07:14:34.038+0000][60324.647s] GC(124) Metaspace: 63540K->63540K(1107968K)
[2022-03-25T07:14:34.042+0000][60324.651s] GC(124) Pause Young (Normal) (G1 Evacuation Pause) 206M->124M(512M) 630.072ms
[2022-03-25T07:14:34.047+0000][60324.656s] GC(124) User=0.25s Sys=0.05s Real=0.65s
[2022-03-25T07:14:46.260+0000][60336.869s] GC(125) Pause Young (Normal) (G1 Evacuation Pause)
[2022-03-25T07:14:46.544+0000][60337.154s] GC(125) Using 4 workers of 4 for evacuation
[2022-03-25T07:14:47.004+0000][60337.613s] GC(125) MMU target violated: 251.0ms (250.0ms/251.0ms)
[2022-03-25T07:14:47.197+0000][60337.806s] GC(125)   Pre Evacuate Collection Set: 0.0ms
[2022-03-25T07:14:47.331+0000][60337.940s] GC(125)   Evacuate Collection Set: 374.0ms
[2022-03-25T07:14:47.374+0000][60337.984s] GC(125)   Post Evacuate Collection Set: 0.6ms
[2022-03-25T07:14:47.424+0000][60338.033s] GC(125)   Other: 562.5ms
[2022-03-25T07:14:47.646+0000][60338.255s] GC(125) Eden regions: 84->0(82)
[2022-03-25T07:14:47.951+0000][60338.560s] GC(125) Survivor regions: 2->2(11)
[2022-03-25T07:14:48.102+0000][60338.712s] GC(125) Old regions: 117->117
[2022-03-25T07:14:48.114+0000][60338.723s] GC(125) Humongous regions: 7->7
[2022-03-25T07:14:48.118+0000][60338.727s] GC(125) Metaspace: 63556K->63556K(1107968K)
[2022-03-25T07:14:48.122+0000][60338.732s] GC(125) Pause Young (Normal) (G1 Evacuation Pause) 208M->124M(512M) 1862.305ms
[2022-03-25T07:14:48.239+0000][60338.849s] GC(125) User=0.17s Sys=0.13s Real=2.04s
[2022-03-25T07:15:03.312+0000][60353.921s] GC(126) Pause Young (Normal) (G1 Evacuation Pause)
[2022-03-25T07:15:03.373+0000][60353.983s] GC(126) Using 4 workers of 4 for evacuation
[2022-03-25T07:15:03.710+0000][60354.319s] GC(126) MMU target violated: 251.0ms (250.0ms/251.0ms)
[2022-03-25T07:15:03.726+0000][60354.335s] GC(126)   Pre Evacuate Collection Set: 0.1ms
[2022-03-25T07:15:03.728+0000][60354.337s] GC(126)   Evacuate Collection Set: 251.9ms
[2022-03-25T07:15:03.728+0000][60354.337s] GC(126)   Post Evacuate Collection Set: 2.4ms
[2022-03-25T07:15:03.729+0000][60354.338s] GC(126)   Other: 159.3ms
[2022-03-25T07:15:03.730+0000][60354.339s] GC(126) Eden regions: 82->0(84)
[2022-03-25T07:15:03.730+0000][60354.339s] GC(126) Survivor regions: 2->2(11)
[2022-03-25T07:15:03.730+0000][60354.340s] GC(126) Old regions: 117->117
[2022-03-25T07:15:03.731+0000][60354.340s] GC(126) Humongous regions: 7->7
[2022-03-25T07:15:03.731+0000][60354.340s] GC(126) Metaspace: 63569K->63569K(1107968K)
[2022-03-25T07:15:03.743+0000][60354.353s] GC(126) Pause Young (Normal) (G1 Evacuation Pause) 206M->124M(512M) 431.520ms
[2022-03-25T07:15:03.747+0000][60354.356s] GC(126) User=0.07s Sys=0.05s Real=0.44s
[2022-03-25T07:15:26.892+0000][60377.501s] GC(127) Pause Young (Normal) (G1 Evacuation Pause)
[2022-03-25T07:15:26.895+0000][60377.505s] GC(127) Using 4 workers of 4 for evacuation
[2022-03-25T07:15:27.012+0000][60377.622s] GC(127)   Pre Evacuate Collection Set: 0.0ms
[2022-03-25T07:15:27.028+0000][60377.637s] GC(127)   Evacuate Collection Set: 99.2ms
[2022-03-25T07:15:27.032+0000][60377.641s] GC(127)   Post Evacuate Collection Set: 0.5ms
[2022-03-25T07:15:27.046+0000][60377.656s] GC(127)   Other: 20.9ms
[2022-03-25T07:15:27.047+0000][60377.656s] GC(127) Eden regions: 84->0(86)
[2022-03-25T07:15:27.060+0000][60377.669s] GC(127) Survivor regions: 2->2(11)
[2022-03-25T07:15:27.092+0000][60377.701s] GC(127) Old regions: 117->117
[2022-03-25T07:15:27.095+0000][60377.704s] GC(127) Humongous regions: 7->7
[2022-03-25T07:15:27.096+0000][60377.705s] GC(127) Metaspace: 63569K->63569K(1107968K)
[2022-03-25T07:15:27.108+0000][60377.718s] GC(127) Pause Young (Normal) (G1 Evacuation Pause) 208M->124M(512M) 216.466ms
[2022-03-25T07:15:27.125+0000][60377.734s] GC(127) User=0.08s Sys=0.05s Real=0.24s
[2022-03-25T07:15:30.516+0000][60381.126s] GC(128) Pause Young (Normal) (G1 Evacuation Pause)
[2022-03-25T07:15:30.517+0000][60381.126s] GC(128) Using 4 workers of 4 for evacuation
[2022-03-25T07:15:30.542+0000][60381.151s] GC(128)   Pre Evacuate Collection Set: 0.0ms
[2022-03-25T07:15:30.542+0000][60381.152s] GC(128)   Evacuate Collection Set: 23.4ms
[2022-03-25T07:15:30.543+0000][60381.152s] GC(128)   Post Evacuate Collection Set: 1.1ms
[2022-03-25T07:15:30.543+0000][60381.152s] GC(128)   Other: 1.2ms
[2022-03-25T07:15:30.543+0000][60381.153s] GC(128) Eden regions: 86->0(89)
[2022-03-25T07:15:30.543+0000][60381.153s] GC(128) Survivor regions: 2->2(11)
[2022-03-25T07:15:30.544+0000][60381.153s] GC(128) Old regions: 117->118
[2022-03-25T07:15:30.544+0000][60381.153s] GC(128) Humongous regions: 7->7
[2022-03-25T07:15:30.545+0000][60381.154s] GC(128) Metaspace: 63569K->63569K(1107968K)
[2022-03-25T07:15:30.545+0000][60381.155s] GC(128) Pause Young (Normal) (G1 Evacuation Pause) 210M->124M(512M) 29.159ms
[2022-03-25T07:15:30.546+0000][60381.155s] GC(128) User=0.05s Sys=0.01s Real=0.03s
[2022-03-25T07:15:34.773+0000][60385.383s] GC(129) Pause Young (Normal) (G1 Evacuation Pause)
[2022-03-25T07:15:34.782+0000][60385.392s] GC(129) Using 4 workers of 4 for evacuation
[2022-03-25T07:15:34.965+0000][60385.575s] GC(129)   Pre Evacuate Collection Set: 0.0ms
[2022-03-25T07:15:34.971+0000][60385.580s] GC(129)   Evacuate Collection Set: 173.9ms
[2022-03-25T07:15:34.979+0000][60385.588s] GC(129)   Post Evacuate Collection Set: 0.8ms
[2022-03-25T07:15:34.986+0000][60385.595s] GC(129)   Other: 17.2ms
[2022-03-25T07:15:34.994+0000][60385.603s] GC(129) Eden regions: 89->0(91)
[2022-03-25T07:15:34.994+0000][60385.604s] GC(129) Survivor regions: 2->2(12)
[2022-03-25T07:15:34.996+0000][60385.606s] GC(129) Old regions: 118->118
[2022-03-25T07:15:35.002+0000][60385.612s] GC(129) Humongous regions: 7->7
[2022-03-25T07:15:35.008+0000][60385.617s] GC(129) Metaspace: 63571K->63571K(1107968K)
[2022-03-25T07:15:35.009+0000][60385.618s] GC(129) Pause Young (Normal) (G1 Evacuation Pause) 213M->124M(512M) 235.207ms
[2022-03-25T07:15:35.009+0000][60385.619s] GC(129) User=0.11s Sys=0.03s Real=0.24s
[2022-03-25T07:15:42.029+0000][60392.638s] GC(130) Pause Young (Normal) (G1 Evacuation Pause)
[2022-03-25T07:15:42.030+0000][60392.639s] GC(130) Using 4 workers of 4 for evacuation
[2022-03-25T07:15:42.166+0000][60392.775s] GC(130)   Pre Evacuate Collection Set: 0.1ms
[2022-03-25T07:15:42.170+0000][60392.779s] GC(130)   Evacuate Collection Set: 93.3ms
[2022-03-25T07:15:42.181+0000][60392.790s] GC(130)   Post Evacuate Collection Set: 21.1ms
[2022-03-25T07:15:42.182+0000][60392.791s] GC(130)   Other: 22.6ms
[2022-03-25T07:15:42.182+0000][60392.792s] GC(130) Eden regions: 91->0(93)
[2022-03-25T07:15:42.184+0000][60392.794s] GC(130) Survivor regions: 2->2(12)
[2022-03-25T07:15:42.185+0000][60392.795s] GC(130) Old regions: 118->118
[2022-03-25T07:15:42.196+0000][60392.805s] GC(130) Humongous regions: 7->7
[2022-03-25T07:15:42.198+0000][60392.807s] GC(130) Metaspace: 63573K->63573K(1107968K)
[2022-03-25T07:15:42.205+0000][60392.815s] GC(130) Pause Young (Normal) (G1 Evacuation Pause) 215M->124M(512M) 176.934ms
[2022-03-25T07:15:42.206+0000][60392.816s] GC(130) User=0.06s Sys=0.05s Real=0.18s
[2022-03-25T07:15:46.124+0000][60396.734s] GC(131) Pause Young (Normal) (G1 Evacuation Pause)
[2022-03-25T07:15:46.125+0000][60396.734s] GC(131) Using 4 workers of 4 for evacuation
[2022-03-25T07:15:46.186+0000][60396.796s] GC(131)   Pre Evacuate Collection Set: 0.0ms
[2022-03-25T07:15:46.187+0000][60396.796s] GC(131)   Evacuate Collection Set: 57.8ms
[2022-03-25T07:15:46.187+0000][60396.797s] GC(131)   Post Evacuate Collection Set: 0.8ms
[2022-03-25T07:15:46.188+0000][60396.798s] GC(131)   Other: 3.5ms
[2022-03-25T07:15:46.189+0000][60396.798s] GC(131) Eden regions: 93->0(97)
[2022-03-25T07:15:46.189+0000][60396.798s] GC(131) Survivor regions: 2->2(12)
[2022-03-25T07:15:46.189+0000][60396.799s] GC(131) Old regions: 118->118
[2022-03-25T07:15:46.190+0000][60396.800s] GC(131) Humongous regions: 7->7
[2022-03-25T07:15:46.191+0000][60396.800s] GC(131) Metaspace: 63579K->63579K(1107968K)
[2022-03-25T07:15:46.191+0000][60396.800s] GC(131) Pause Young (Normal) (G1 Evacuation Pause) 217M->124M(512M) 66.824ms
[2022-03-25T07:15:46.192+0000][60396.801s] GC(131) User=0.06s Sys=0.00s Real=0.06s
[2022-03-25T07:15:53.803+0000][60404.413s] GC(132) Pause Young (Normal) (G1 Evacuation Pause)
[2022-03-25T07:15:53.811+0000][60404.421s] GC(132) Using 4 workers of 4 for evacuation
[2022-03-25T07:15:54.030+0000][60404.639s] GC(132)   Pre Evacuate Collection Set: 0.1ms
[2022-03-25T07:15:54.032+0000][60404.642s] GC(132)   Evacuate Collection Set: 216.6ms
[2022-03-25T07:15:54.033+0000][60404.642s] GC(132)   Post Evacuate Collection Set: 0.8ms
[2022-03-25T07:15:54.045+0000][60404.655s] GC(132)   Other: 9.3ms
[2022-03-25T07:15:54.050+0000][60404.659s] GC(132) Eden regions: 97->0(96)
[2022-03-25T07:15:54.062+0000][60404.671s] GC(132) Survivor regions: 2->2(13)
[2022-03-25T07:15:54.062+0000][60404.671s] GC(132) Old regions: 118->118
[2022-03-25T07:15:54.063+0000][60404.672s] GC(132) Humongous regions: 7->7
[2022-03-25T07:15:54.064+0000][60404.673s] GC(132) Metaspace: 63579K->63579K(1107968K)
[2022-03-25T07:15:54.064+0000][60404.673s] GC(132) Pause Young (Normal) (G1 Evacuation Pause) 221M->124M(512M) 260.934ms
[2022-03-25T07:15:54.067+0000][60404.677s] GC(132) User=0.11s Sys=0.07s Real=0.27s
[2022-03-25T07:15:57.605+0000][60408.214s] GC(133) Pause Young (Normal) (G1 Evacuation Pause)
[2022-03-25T07:15:57.615+0000][60408.224s] GC(133) Using 4 workers of 4 for evacuation
[2022-03-25T07:15:57.730+0000][60408.339s] GC(133)   Pre Evacuate Collection Set: 0.0ms
[2022-03-25T07:15:57.734+0000][60408.343s] GC(133)   Evacuate Collection Set: 86.8ms
[2022-03-25T07:15:57.735+0000][60408.344s] GC(133)   Post Evacuate Collection Set: 24.8ms
[2022-03-25T07:15:57.736+0000][60408.346s] GC(133)   Other: 13.4ms
[2022-03-25T07:15:57.739+0000][60408.349s] GC(133) Eden regions: 96->0(101)
[2022-03-25T07:15:57.753+0000][60408.362s] GC(133) Survivor regions: 2->2(13)
[2022-03-25T07:15:57.754+0000][60408.364s] GC(133) Old regions: 118->118
[2022-03-25T07:15:57.756+0000][60408.366s] GC(133) Humongous regions: 7->7
[2022-03-25T07:15:57.757+0000][60408.366s] GC(133) Metaspace: 63579K->63579K(1107968K)
[2022-03-25T07:15:57.758+0000][60408.367s] GC(133) Pause Young (Normal) (G1 Evacuation Pause) 220M->124M(512M) 152.555ms
[2022-03-25T07:15:57.758+0000][60408.367s] GC(133) User=0.02s Sys=0.04s Real=0.16s
[2022-03-25T07:16:01.292+0000][60411.902s] GC(134) Pause Young (Normal) (G1 Evacuation Pause)
[2022-03-25T07:16:01.306+0000][60411.915s] GC(134) Using 4 workers of 4 for evacuation
[2022-03-25T07:16:01.417+0000][60412.026s] GC(134)   Pre Evacuate Collection Set: 0.0ms
[2022-03-25T07:16:01.417+0000][60412.027s] GC(134)   Evacuate Collection Set: 106.3ms
[2022-03-25T07:16:01.418+0000][60412.027s] GC(134)   Post Evacuate Collection Set: 2.1ms
[2022-03-25T07:16:01.418+0000][60412.028s] GC(134)   Other: 16.2ms
[2022-03-25T07:16:01.422+0000][60412.032s] GC(134) Eden regions: 101->0(105)
[2022-03-25T07:16:01.423+0000][60412.032s] GC(134) Survivor regions: 2->2(13)
[2022-03-25T07:16:01.423+0000][60412.032s] GC(134) Old regions: 118->118
[2022-03-25T07:16:01.423+0000][60412.033s] GC(134) Humongous regions: 7->7
[2022-03-25T07:16:01.423+0000][60412.033s] GC(134) Metaspace: 63579K->63579K(1107968K)
[2022-03-25T07:16:01.424+0000][60412.033s] GC(134) Pause Young (Normal) (G1 Evacuation Pause) 225M->124M(512M) 131.257ms
[2022-03-25T07:16:01.424+0000][60412.033s] GC(134) User=0.07s Sys=0.05s Real=0.13s
[2022-03-25T07:16:06.305+0000][60416.915s] GC(135) Pause Young (Normal) (G1 Evacuation Pause)
[2022-03-25T07:16:06.309+0000][60416.918s] GC(135) Using 4 workers of 4 for evacuation
[2022-03-25T07:16:06.427+0000][60417.036s] GC(135)   Pre Evacuate Collection Set: 0.2ms
[2022-03-25T07:16:06.436+0000][60417.045s] GC(135)   Evacuate Collection Set: 90.4ms
[2022-03-25T07:16:06.444+0000][60417.054s] GC(135)   Post Evacuate Collection Set: 0.6ms
[2022-03-25T07:16:06.446+0000][60417.056s] GC(135)   Other: 30.3ms
[2022-03-25T07:16:06.449+0000][60417.058s] GC(135) Eden regions: 105->0(108)
[2022-03-25T07:16:06.458+0000][60417.067s] GC(135) Survivor regions: 2->2(14)
[2022-03-25T07:16:06.474+0000][60417.084s] GC(135) Old regions: 118->118
[2022-03-25T07:16:06.484+0000][60417.094s] GC(135) Humongous regions: 7->7
[2022-03-25T07:16:06.489+0000][60417.098s] GC(135) Metaspace: 63591K->63591K(1107968K)
[2022-03-25T07:16:06.493+0000][60417.102s] GC(135) Pause Young (Normal) (G1 Evacuation Pause) 229M->124M(512M) 187.813ms
[2022-03-25T07:16:06.494+0000][60417.103s] GC(135) User=0.09s Sys=0.00s Real=0.18s
[2022-03-25T07:16:10.948+0000][60421.557s] GC(136) Pause Young (Normal) (G1 Evacuation Pause)
[2022-03-25T07:16:10.949+0000][60421.558s] GC(136) Using 4 workers of 4 for evacuation
[2022-03-25T07:16:11.044+0000][60421.653s] GC(136)   Pre Evacuate Collection Set: 0.0ms
[2022-03-25T07:16:11.045+0000][60421.654s] GC(136)   Evacuate Collection Set: 93.7ms
[2022-03-25T07:16:11.046+0000][60421.655s] GC(136)   Post Evacuate Collection Set: 0.6ms
[2022-03-25T07:16:11.047+0000][60421.656s] GC(136)   Other: 1.7ms
[2022-03-25T07:16:11.047+0000][60421.657s] GC(136) Eden regions: 108->0(110)
[2022-03-25T07:16:11.047+0000][60421.657s] GC(136) Survivor regions: 2->2(14)
[2022-03-25T07:16:11.048+0000][60421.657s] GC(136) Old regions: 118->118
[2022-03-25T07:16:11.048+0000][60421.657s] GC(136) Humongous regions: 7->7
[2022-03-25T07:16:11.048+0000][60421.658s] GC(136) Metaspace: 63591K->63591K(1107968K)
[2022-03-25T07:16:11.049+0000][60421.658s] GC(136) Pause Young (Normal) (G1 Evacuation Pause) 232M->124M(512M) 100.510ms
[2022-03-25T07:16:11.049+0000][60421.658s] GC(136) User=0.06s Sys=0.06s Real=0.10s
[2022-03-25T07:16:18.270+0000][60428.879s] GC(137) Pause Young (Normal) (G1 Evacuation Pause)
[2022-03-25T07:16:18.283+0000][60428.892s] GC(137) Using 4 workers of 4 for evacuation
[2022-03-25T07:16:18.475+0000][60429.084s] GC(137)   Pre Evacuate Collection Set: 0.1ms
[2022-03-25T07:16:18.493+0000][60429.102s] GC(137)   Evacuate Collection Set: 175.5ms
[2022-03-25T07:16:18.506+0000][60429.115s] GC(137)   Post Evacuate Collection Set: 0.6ms
[2022-03-25T07:16:18.518+0000][60429.127s] GC(137)   Other: 28.7ms
[2022-03-25T07:16:18.525+0000][60429.134s] GC(137) Eden regions: 110->0(109)
[2022-03-25T07:16:18.528+0000][60429.137s] GC(137) Survivor regions: 2->2(14)
[2022-03-25T07:16:18.544+0000][60429.154s] GC(137) Old regions: 118->118
[2022-03-25T07:16:18.559+0000][60429.169s] GC(137) Humongous regions: 7->7
[2022-03-25T07:16:18.575+0000][60429.184s] GC(137) Metaspace: 63591K->63591K(1107968K)
[2022-03-25T07:16:18.598+0000][60429.208s] GC(137) Pause Young (Normal) (G1 Evacuation Pause) 234M->124M(512M) 328.116ms
[2022-03-25T07:16:18.657+0000][60429.266s] GC(137) User=0.09s Sys=0.02s Real=0.39s
[2022-03-25T07:16:24.359+0000][60434.969s] GC(138) Pause Young (Normal) (G1 Evacuation Pause)
[2022-03-25T07:16:24.360+0000][60434.970s] GC(138) Using 4 workers of 4 for evacuation
[2022-03-25T07:16:24.479+0000][60435.089s] GC(138)   Pre Evacuate Collection Set: 0.0ms
[2022-03-25T07:16:24.483+0000][60435.092s] GC(138)   Evacuate Collection Set: 117.0ms
[2022-03-25T07:16:24.495+0000][60435.104s] GC(138)   Post Evacuate Collection Set: 0.7ms
[2022-03-25T07:16:24.497+0000][60435.107s] GC(138)   Other: 2.6ms
[2022-03-25T07:16:24.498+0000][60435.107s] GC(138) Eden regions: 109->0(116)
[2022-03-25T07:16:24.498+0000][60435.107s] GC(138) Survivor regions: 2->2(14)
[2022-03-25T07:16:24.498+0000][60435.107s] GC(138) Old regions: 118->118
[2022-03-25T07:16:24.498+0000][60435.108s] GC(138) Humongous regions: 7->7
[2022-03-25T07:16:24.498+0000][60435.108s] GC(138) Metaspace: 63591K->63591K(1107968K)
[2022-03-25T07:16:24.499+0000][60435.108s] GC(138) Pause Young (Normal) (G1 Evacuation Pause) 233M->124M(512M) 139.555ms
[2022-03-25T07:16:24.499+0000][60435.108s] GC(138) User=0.06s Sys=0.00s Real=0.14s
[2022-03-25T07:16:27.840+0000][60438.449s] GC(139) Pause Young (Normal) (G1 Evacuation Pause)
[2022-03-25T07:16:27.844+0000][60438.454s] GC(139) Using 4 workers of 4 for evacuation
[2022-03-25T07:16:27.914+0000][60438.523s] GC(139)   Pre Evacuate Collection Set: 0.0ms
[2022-03-25T07:16:27.914+0000][60438.524s] GC(139)   Evacuate Collection Set: 62.0ms
[2022-03-25T07:16:27.915+0000][60438.524s] GC(139)   Post Evacuate Collection Set: 0.9ms
[2022-03-25T07:16:27.915+0000][60438.524s] GC(139)   Other: 10.8ms
[2022-03-25T07:16:27.915+0000][60438.525s] GC(139) Eden regions: 116->0(121)
[2022-03-25T07:16:27.916+0000][60438.525s] GC(139) Survivor regions: 2->2(15)
[2022-03-25T07:16:27.916+0000][60438.526s] GC(139) Old regions: 118->118
[2022-03-25T07:16:27.917+0000][60438.527s] GC(139) Humongous regions: 7->7
[2022-03-25T07:16:27.920+0000][60438.529s] GC(139) Metaspace: 63594K->63594K(1107968K)
[2022-03-25T07:16:27.922+0000][60438.531s] GC(139) Pause Young (Normal) (G1 Evacuation Pause) 240M->124M(512M) 81.512ms
[2022-03-25T07:16:27.922+0000][60438.531s] GC(139) User=0.07s Sys=0.00s Real=0.08s
[2022-03-25T07:16:35.010+0000][60445.619s] GC(140) Pause Young (Normal) (G1 Evacuation Pause)
[2022-03-25T07:16:35.012+0000][60445.621s] GC(140) Using 4 workers of 4 for evacuation
[2022-03-25T07:16:35.195+0000][60445.804s] GC(140)   Pre Evacuate Collection Set: 0.0ms
[2022-03-25T07:16:35.195+0000][60445.804s] GC(140)   Evacuate Collection Set: 169.4ms
[2022-03-25T07:16:35.195+0000][60445.805s] GC(140)   Post Evacuate Collection Set: 1.3ms
[2022-03-25T07:16:35.196+0000][60445.805s] GC(140)   Other: 14.2ms
[2022-03-25T07:16:35.196+0000][60445.805s] GC(140) Eden regions: 121->0(122)
[2022-03-25T07:16:35.196+0000][60445.806s] GC(140) Survivor regions: 2->2(16)
[2022-03-25T07:16:35.196+0000][60445.806s] GC(140) Old regions: 118->118
[2022-03-25T07:16:35.197+0000][60445.806s] GC(140) Humongous regions: 7->7
[2022-03-25T07:16:35.197+0000][60445.806s] GC(140) Metaspace: 63594K->63594K(1107968K)
[2022-03-25T07:16:35.197+0000][60445.807s] GC(140) Pause Young (Normal) (G1 Evacuation Pause) 245M->125M(512M) 187.600ms
[2022-03-25T07:16:35.197+0000][60445.807s] GC(140) User=0.08s Sys=0.02s Real=0.19s
[2022-03-25T07:16:38.780+0000][60449.390s] GC(141) Pause Young (Normal) (G1 Evacuation Pause)
[2022-03-25T07:16:38.796+0000][60449.405s] GC(141) Using 4 workers of 4 for evacuation
[2022-03-25T07:16:38.903+0000][60449.512s] GC(141)   Pre Evacuate Collection Set: 0.0ms
[2022-03-25T07:16:38.910+0000][60449.519s] GC(141)   Evacuate Collection Set: 100.5ms
[2022-03-25T07:16:38.911+0000][60449.520s] GC(141)   Post Evacuate Collection Set: 1.1ms
[2022-03-25T07:16:38.912+0000][60449.521s] GC(141)   Other: 21.1ms
[2022-03-25T07:16:38.912+0000][60449.522s] GC(141) Eden regions: 122->0(127)
[2022-03-25T07:16:38.914+0000][60449.523s] GC(141) Survivor regions: 2->2(16)
[2022-03-25T07:16:38.915+0000][60449.524s] GC(141) Old regions: 118->118
[2022-03-25T07:16:38.915+0000][60449.525s] GC(141) Humongous regions: 7->7
[2022-03-25T07:16:38.916+0000][60449.525s] GC(141) Metaspace: 63594K->63594K(1107968K)
[2022-03-25T07:16:38.916+0000][60449.525s] GC(141) Pause Young (Normal) (G1 Evacuation Pause) 247M->124M(512M) 135.533ms
[2022-03-25T07:16:38.916+0000][60449.525s] GC(141) User=0.05s Sys=0.01s Real=0.14s
[2022-03-25T07:21:59.757+0000][60770.366s] GC(142) Pause Young (Normal) (G1 Evacuation Pause)
[2022-03-25T07:22:00.159+0000][60770.768s] GC(142) Using 4 workers of 4 for evacuation
[2022-03-25T07:22:04.976+0000][60775.586s] GC(142) MMU target violated: 251.0ms (250.0ms/251.0ms)
[2022-03-25T07:22:05.413+0000][60776.022s] GC(142)   Pre Evacuate Collection Set: 19.3ms
[2022-03-25T07:22:05.546+0000][60776.155s] GC(142)   Evacuate Collection Set: 4308.6ms
[2022-03-25T07:22:05.583+0000][60776.193s] GC(142)   Post Evacuate Collection Set: 145.5ms
[2022-03-25T07:22:05.603+0000][60776.213s] GC(142)   Other: 1182.7ms
[2022-03-25T07:22:05.623+0000][60776.232s] GC(142) Eden regions: 127->0(23)
[2022-03-25T07:22:05.647+0000][60776.256s] GC(142) Survivor regions: 2->2(17)
[2022-03-25T07:22:05.654+0000][60776.263s] GC(142) Old regions: 118->118
[2022-03-25T07:22:05.663+0000][60776.273s] GC(142) Humongous regions: 7->7
[2022-03-25T07:22:05.695+0000][60776.305s] GC(142) Metaspace: 63599K->63599K(1107968K)
[2022-03-25T07:22:05.729+0000][60776.339s] GC(142) Pause Young (Normal) (G1 Evacuation Pause) 251M->125M(512M) 5972.476ms
[2022-03-25T07:22:05.752+0000][60776.361s] GC(142) User=3.06s Sys=1.33s Real=5.99s
[2022-03-25T07:22:11.678+0000][60782.288s] GC(143) Pause Young (Normal) (G1 Evacuation Pause)
[2022-03-25T07:22:11.994+0000][60782.603s] GC(143) Using 4 workers of 4 for evacuation
[2022-03-25T07:22:15.822+0000][60786.431s] GC(143) MMU target violated: 251.0ms (250.0ms/251.0ms)
[2022-03-25T07:22:16.337+0000][60786.946s] GC(143)   Pre Evacuate Collection Set: 0.1ms
[2022-03-25T07:22:17.255+0000][60787.864s] GC(143)   Evacuate Collection Set: 3301.4ms
[2022-03-25T07:22:17.545+0000][60788.155s] GC(143)   Post Evacuate Collection Set: 0.8ms
[2022-03-25T07:22:17.555+0000][60788.164s] GC(143)   Other: 1356.5ms
[2022-03-25T07:22:17.556+0000][60788.165s] GC(143) Eden regions: 23->0(23)
[2022-03-25T07:22:17.567+0000][60788.176s] GC(143) Survivor regions: 2->2(4)
[2022-03-25T07:22:17.577+0000][60788.186s] GC(143) Old regions: 118->118
[2022-03-25T07:22:17.578+0000][60788.188s] GC(143) Humongous regions: 7->7
[2022-03-25T07:22:17.580+0000][60788.189s] GC(143) Metaspace: 63599K->63599K(1107968K)
[2022-03-25T07:22:17.585+0000][60788.195s] GC(143) Pause Young (Normal) (G1 Evacuation Pause) 148M->125M(512M) 5907.150ms
[2022-03-25T07:22:17.587+0000][60788.196s] GC(143) User=1.34s Sys=0.39s Real=5.91s
[2022-03-25T07:23:40.197+0000][60870.806s] GC(144) Pause Young (Normal) (G1 Evacuation Pause)
[2022-03-25T07:23:40.198+0000][60870.807s] GC(144) Using 4 workers of 4 for evacuation
[2022-03-25T07:23:40.823+0000][60871.432s] GC(144) MMU target violated: 251.0ms (250.0ms/251.0ms)
[2022-03-25T07:23:40.851+0000][60871.460s] GC(144)   Pre Evacuate Collection Set: 1.2ms
[2022-03-25T07:23:40.865+0000][60871.474s] GC(144)   Evacuate Collection Set: 544.4ms
[2022-03-25T07:23:40.867+0000][60871.476s] GC(144)   Post Evacuate Collection Set: 55.9ms
[2022-03-25T07:23:40.881+0000][60871.490s] GC(144)   Other: 52.7ms
[2022-03-25T07:23:40.883+0000][60871.493s] GC(144) Eden regions: 23->0(23)
[2022-03-25T07:23:40.899+0000][60871.509s] GC(144) Survivor regions: 2->2(4)
[2022-03-25T07:23:40.901+0000][60871.511s] GC(144) Old regions: 118->118
[2022-03-25T07:23:40.916+0000][60871.525s] GC(144) Humongous regions: 7->7
[2022-03-25T07:23:40.922+0000][60871.532s] GC(144) Metaspace: 63621K->63621K(1107968K)
[2022-03-25T07:23:40.932+0000][60871.541s] GC(144) Pause Young (Normal) (G1 Evacuation Pause) 148M->125M(512M) 735.266ms
[2022-03-25T07:23:40.935+0000][60871.544s] GC(144) User=0.29s Sys=0.18s Real=0.73s
[2022-03-25T07:23:41.959+0000][60872.569s] GC(145) Pause Young (Normal) (G1 Evacuation Pause)
[2022-03-25T07:23:41.962+0000][60872.571s] GC(145) Using 4 workers of 4 for evacuation
[2022-03-25T07:23:42.139+0000][60872.748s] GC(145)   Pre Evacuate Collection Set: 0.0ms
[2022-03-25T07:23:42.140+0000][60872.749s] GC(145)   Evacuate Collection Set: 158.6ms
[2022-03-25T07:23:42.142+0000][60872.751s] GC(145)   Post Evacuate Collection Set: 15.9ms
[2022-03-25T07:23:42.143+0000][60872.752s] GC(145)   Other: 5.3ms
[2022-03-25T07:23:42.145+0000][60872.755s] GC(145) Eden regions: 23->0(22)
[2022-03-25T07:23:42.174+0000][60872.783s] GC(145) Survivor regions: 2->3(4)
[2022-03-25T07:23:42.191+0000][60872.800s] GC(145) Old regions: 118->118
[2022-03-25T07:23:42.192+0000][60872.802s] GC(145) Humongous regions: 7->7
[2022-03-25T07:23:42.193+0000][60872.802s] GC(145) Metaspace: 63621K->63621K(1107968K)
[2022-03-25T07:23:42.193+0000][60872.803s] GC(145) Pause Young (Normal) (G1 Evacuation Pause) 148M->125M(512M) 233.939ms
[2022-03-25T07:23:42.196+0000][60872.805s] GC(145) User=0.14s Sys=0.03s Real=0.23s
[2022-03-25T07:23:43.230+0000][60873.839s] GC(146) Pause Young (Normal) (G1 Evacuation Pause)
[2022-03-25T07:23:43.235+0000][60873.844s] GC(146) Using 4 workers of 4 for evacuation
[2022-03-25T07:23:43.295+0000][60873.904s] GC(146)   Pre Evacuate Collection Set: 0.0ms
[2022-03-25T07:23:43.298+0000][60873.907s] GC(146)   Evacuate Collection Set: 49.5ms
[2022-03-25T07:23:43.299+0000][60873.909s] GC(146)   Post Evacuate Collection Set: 0.8ms
[2022-03-25T07:23:43.300+0000][60873.909s] GC(146)   Other: 14.9ms
[2022-03-25T07:23:43.301+0000][60873.910s] GC(146) Eden regions: 22->0(23)
[2022-03-25T07:23:43.301+0000][60873.910s] GC(146) Survivor regions: 3->2(4)
[2022-03-25T07:23:43.302+0000][60873.911s] GC(146) Old regions: 118->118
[2022-03-25T07:23:43.308+0000][60873.917s] GC(146) Humongous regions: 7->7
[2022-03-25T07:23:43.309+0000][60873.919s] GC(146) Metaspace: 63621K->63621K(1107968K)
[2022-03-25T07:23:43.311+0000][60873.920s] GC(146) Pause Young (Normal) (G1 Evacuation Pause) 147M->125M(512M) 81.079ms
[2022-03-25T07:23:43.314+0000][60873.923s] GC(146) User=0.03s Sys=0.00s Real=0.08s
[2022-03-25T07:23:45.965+0000][60876.574s] GC(147) Pause Young (Normal) (G1 Evacuation Pause)
[2022-03-25T07:23:45.970+0000][60876.579s] GC(147) Using 4 workers of 4 for evacuation
[2022-03-25T07:23:46.137+0000][60876.746s] GC(147)   Pre Evacuate Collection Set: 0.0ms
[2022-03-25T07:23:46.154+0000][60876.764s] GC(147)   Evacuate Collection Set: 115.9ms
[2022-03-25T07:23:46.155+0000][60876.765s] GC(147)   Post Evacuate Collection Set: 49.1ms
[2022-03-25T07:23:46.156+0000][60876.765s] GC(147)   Other: 6.8ms
[2022-03-25T07:23:46.156+0000][60876.766s] GC(147) Eden regions: 23->0(23)
[2022-03-25T07:23:46.157+0000][60876.766s] GC(147) Survivor regions: 2->2(4)
[2022-03-25T07:23:46.157+0000][60876.766s] GC(147) Old regions: 118->118
[2022-03-25T07:23:46.158+0000][60876.768s] GC(147) Humongous regions: 7->7
[2022-03-25T07:23:46.163+0000][60876.773s] GC(147) Metaspace: 63621K->63621K(1107968K)
[2022-03-25T07:23:46.167+0000][60876.777s] GC(147) Pause Young (Normal) (G1 Evacuation Pause) 148M->125M(512M) 202.428ms
[2022-03-25T07:23:46.168+0000][60876.777s] GC(147) User=0.04s Sys=0.10s Real=0.20s
[2022-03-25T07:23:47.195+0000][60877.804s] GC(148) Pause Young (Normal) (G1 Evacuation Pause)
[2022-03-25T07:23:47.195+0000][60877.805s] GC(148) Using 4 workers of 4 for evacuation
[2022-03-25T07:23:47.338+0000][60877.947s] GC(148)   Pre Evacuate Collection Set: 0.1ms
[2022-03-25T07:23:47.342+0000][60877.951s] GC(148)   Evacuate Collection Set: 141.3ms
[2022-03-25T07:23:47.344+0000][60877.953s] GC(148)   Post Evacuate Collection Set: 0.4ms
[2022-03-25T07:23:47.345+0000][60877.954s] GC(148)   Other: 1.6ms
[2022-03-25T07:23:47.372+0000][60877.982s] GC(148) Eden regions: 23->0(23)
[2022-03-25T07:23:47.377+0000][60877.986s] GC(148) Survivor regions: 2->2(4)
[2022-03-25T07:23:47.377+0000][60877.987s] GC(148) Old regions: 118->118
[2022-03-25T07:23:47.377+0000][60877.987s] GC(148) Humongous regions: 7->7
[2022-03-25T07:23:47.378+0000][60877.987s] GC(148) Metaspace: 63621K->63621K(1107968K)
[2022-03-25T07:23:47.388+0000][60877.998s] GC(148) Pause Young (Normal) (G1 Evacuation Pause) 148M->125M(512M) 193.569ms
[2022-03-25T07:23:47.393+0000][60878.002s] GC(148) User=0.18s Sys=0.06s Real=0.19s
[2022-03-25T07:23:48.499+0000][60879.108s] GC(149) Pause Young (Normal) (G1 Evacuation Pause)
[2022-03-25T07:23:48.515+0000][60879.124s] GC(149) Using 4 workers of 4 for evacuation
[2022-03-25T07:23:48.675+0000][60879.285s] GC(149)   Pre Evacuate Collection Set: 0.1ms
[2022-03-25T07:23:48.690+0000][60879.299s] GC(149)   Evacuate Collection Set: 145.2ms
[2022-03-25T07:23:48.706+0000][60879.315s] GC(149)   Post Evacuate Collection Set: 10.5ms
[2022-03-25T07:23:48.739+0000][60879.349s] GC(149)   Other: 20.4ms
[2022-03-25T07:23:48.744+0000][60879.353s] GC(149) Eden regions: 23->0(23)
[2022-03-25T07:23:48.745+0000][60879.354s] GC(149) Survivor regions: 2->2(4)
[2022-03-25T07:23:48.755+0000][60879.364s] GC(149) Old regions: 118->118
[2022-03-25T07:23:48.760+0000][60879.370s] GC(149) Humongous regions: 7->7
[2022-03-25T07:23:48.762+0000][60879.371s] GC(149) Metaspace: 63633K->63633K(1107968K)
[2022-03-25T07:23:48.762+0000][60879.372s] GC(149) Pause Young (Normal) (G1 Evacuation Pause) 148M->125M(512M) 263.349ms
[2022-03-25T07:23:48.764+0000][60879.374s] GC(149) User=0.05s Sys=0.08s Real=0.26s
[2022-03-25T07:23:49.671+0000][60880.280s] GC(150) Pause Young (Normal) (G1 Evacuation Pause)
[2022-03-25T07:23:49.672+0000][60880.281s] GC(150) Using 4 workers of 4 for evacuation
[2022-03-25T07:23:49.736+0000][60880.345s] GC(150)   Pre Evacuate Collection Set: 0.0ms
[2022-03-25T07:23:49.751+0000][60880.361s] GC(150)   Evacuate Collection Set: 60.6ms
[2022-03-25T07:23:49.773+0000][60880.383s] GC(150)   Post Evacuate Collection Set: 0.5ms
[2022-03-25T07:23:49.789+0000][60880.399s] GC(150)   Other: 3.9ms
[2022-03-25T07:23:49.794+0000][60880.403s] GC(150) Eden regions: 23->0(25)
[2022-03-25T07:23:49.797+0000][60880.406s] GC(150) Survivor regions: 2->3(4)
[2022-03-25T07:23:49.824+0000][60880.433s] GC(150) Old regions: 118->118
[2022-03-25T07:23:49.837+0000][60880.446s] GC(150) Humongous regions: 7->7
[2022-03-25T07:23:49.843+0000][60880.452s] GC(150) Metaspace: 63633K->63633K(1107968K)
[2022-03-25T07:23:49.843+0000][60880.453s] GC(150) Pause Young (Normal) (G1 Evacuation Pause) 148M->125M(512M) 172.506ms
[2022-03-25T07:23:49.845+0000][60880.454s] GC(150) User=0.05s Sys=0.04s Real=0.18s
[2022-03-25T07:23:50.534+0000][60881.144s] GC(151) Pause Young (Normal) (G1 Evacuation Pause)
[2022-03-25T07:23:50.537+0000][60881.146s] GC(151) Using 4 workers of 4 for evacuation
[2022-03-25T07:23:51.413+0000][60882.022s] GC(151) MMU target violated: 251.0ms (250.0ms/251.0ms)
[2022-03-25T07:23:51.430+0000][60882.039s] GC(151)   Pre Evacuate Collection Set: 0.0ms
[2022-03-25T07:23:51.433+0000][60882.042s] GC(151)   Evacuate Collection Set: 846.4ms
[2022-03-25T07:23:51.442+0000][60882.051s] GC(151)   Post Evacuate Collection Set: 24.4ms
[2022-03-25T07:23:51.446+0000][60882.056s] GC(151)   Other: 24.8ms
[2022-03-25T07:23:51.453+0000][60882.063s] GC(151) Eden regions: 25->0(22)
[2022-03-25T07:23:51.468+0000][60882.078s] GC(151) Survivor regions: 3->3(4)
[2022-03-25T07:23:51.500+0000][60882.110s] GC(151) Old regions: 118->119
[2022-03-25T07:23:51.532+0000][60882.141s] GC(151) Humongous regions: 7->7
[2022-03-25T07:23:51.542+0000][60882.151s] GC(151) Metaspace: 63639K->63639K(1107968K)
[2022-03-25T07:23:51.559+0000][60882.169s] GC(151) Pause Young (Normal) (G1 Evacuation Pause) 150M->126M(512M) 1025.150ms
[2022-03-25T07:23:51.591+0000][60882.201s] GC(151) User=0.13s Sys=0.09s Real=1.05s
[2022-03-25T07:23:52.689+0000][60883.298s] GC(152) Pause Young (Normal) (G1 Evacuation Pause)
[2022-03-25T07:23:52.706+0000][60883.316s] GC(152) Using 4 workers of 4 for evacuation
[2022-03-25T07:23:52.931+0000][60883.540s] GC(152)   Pre Evacuate Collection Set: 0.0ms
[2022-03-25T07:23:52.932+0000][60883.541s] GC(152)   Evacuate Collection Set: 206.2ms
[2022-03-25T07:23:52.945+0000][60883.555s] GC(152)   Post Evacuate Collection Set: 1.8ms
[2022-03-25T07:23:52.946+0000][60883.555s] GC(152)   Other: 33.6ms
[2022-03-25T07:23:52.946+0000][60883.555s] GC(152) Eden regions: 22->0(22)
[2022-03-25T07:23:52.947+0000][60883.556s] GC(152) Survivor regions: 3->3(4)
[2022-03-25T07:23:52.947+0000][60883.556s] GC(152) Old regions: 119->119
[2022-03-25T07:23:52.947+0000][60883.557s] GC(152) Humongous regions: 7->7
[2022-03-25T07:23:52.948+0000][60883.557s] GC(152) Metaspace: 63639K->63639K(1107968K)
[2022-03-25T07:23:52.948+0000][60883.557s] GC(152) Pause Young (Normal) (G1 Evacuation Pause) 148M->126M(512M) 258.873ms
[2022-03-25T07:23:52.948+0000][60883.558s] GC(152) User=0.03s Sys=0.08s Real=0.26s
[2022-03-25T07:23:53.479+0000][60884.088s] GC(153) Pause Young (Normal) (G1 Evacuation Pause)
[2022-03-25T07:23:53.480+0000][60884.089s] GC(153) Using 4 workers of 4 for evacuation
[2022-03-25T07:23:53.548+0000][60884.158s] GC(153)   Pre Evacuate Collection Set: 0.0ms
[2022-03-25T07:23:53.552+0000][60884.161s] GC(153)   Evacuate Collection Set: 65.0ms
[2022-03-25T07:23:53.552+0000][60884.162s] GC(153)   Post Evacuate Collection Set: 0.4ms
[2022-03-25T07:23:53.553+0000][60884.162s] GC(153)   Other: 4.0ms
[2022-03-25T07:23:53.553+0000][60884.163s] GC(153) Eden regions: 22->0(22)
[2022-03-25T07:23:53.554+0000][60884.163s] GC(153) Survivor regions: 3->3(4)
[2022-03-25T07:23:53.554+0000][60884.164s] GC(153) Old regions: 119->119
[2022-03-25T07:23:53.555+0000][60884.164s] GC(153) Humongous regions: 7->7
[2022-03-25T07:23:53.555+0000][60884.164s] GC(153) Metaspace: 63639K->63639K(1107968K)
[2022-03-25T07:23:53.555+0000][60884.165s] GC(153) Pause Young (Normal) (G1 Evacuation Pause) 148M->127M(512M) 76.640ms
[2022-03-25T07:23:53.556+0000][60884.165s] GC(153) User=0.04s Sys=0.03s Real=0.07s
[2022-03-25T07:23:54.115+0000][60884.724s] GC(154) Pause Young (Normal) (G1 Evacuation Pause)
[2022-03-25T07:23:54.117+0000][60884.726s] GC(154) Using 4 workers of 4 for evacuation
[2022-03-25T07:23:54.295+0000][60884.904s] GC(154)   Pre Evacuate Collection Set: 0.0ms
[2022-03-25T07:23:54.295+0000][60884.905s] GC(154)   Evacuate Collection Set: 156.1ms
[2022-03-25T07:23:54.296+0000][60884.906s] GC(154)   Post Evacuate Collection Set: 15.4ms
[2022-03-25T07:23:54.299+0000][60884.908s] GC(154)   Other: 8.3ms
[2022-03-25T07:23:54.300+0000][60884.909s] GC(154) Eden regions: 22->0(23)
[2022-03-25T07:23:54.303+0000][60884.912s] GC(154) Survivor regions: 3->2(4)
[2022-03-25T07:23:54.303+0000][60884.917s] GC(154) Old regions: 119->120
[2022-03-25T07:23:54.311+0000][60884.921s] GC(154) Humongous regions: 7->7
[2022-03-25T07:23:54.312+0000][60884.921s] GC(154) Metaspace: 63639K->63639K(1107968K)
[2022-03-25T07:23:54.312+0000][60884.922s] GC(154) Pause Young (Normal) (G1 Evacuation Pause) 149M->126M(512M) 197.697ms
[2022-03-25T07:23:54.313+0000][60884.922s] GC(154) User=0.07s Sys=0.05s Real=0.19s
[2022-03-25T07:23:54.882+0000][60885.492s] GC(155) Pause Young (Normal) (G1 Evacuation Pause)
[2022-03-25T07:23:54.885+0000][60885.494s] GC(155) Using 4 workers of 4 for evacuation
[2022-03-25T07:23:54.937+0000][60885.547s] GC(155)   Pre Evacuate Collection Set: 0.0ms
[2022-03-25T07:23:54.938+0000][60885.547s] GC(155)   Evacuate Collection Set: 45.0ms
[2022-03-25T07:23:54.939+0000][60885.549s] GC(155)   Post Evacuate Collection Set: 0.4ms
[2022-03-25T07:23:54.943+0000][60885.552s] GC(155)   Other: 9.3ms
[2022-03-25T07:23:54.961+0000][60885.570s] GC(155) Eden regions: 23->0(24)
[2022-03-25T07:23:54.962+0000][60885.571s] GC(155) Survivor regions: 2->2(4)
[2022-03-25T07:23:54.963+0000][60885.572s] GC(155) Old regions: 120->120
[2022-03-25T07:23:54.965+0000][60885.575s] GC(155) Humongous regions: 7->7
[2022-03-25T07:23:54.969+0000][60885.578s] GC(155) Metaspace: 63639K->63639K(1107968K)
[2022-03-25T07:23:54.972+0000][60885.581s] GC(155) Pause Young (Normal) (G1 Evacuation Pause) 149M->126M(512M) 89.281ms
[2022-03-25T07:23:54.973+0000][60885.582s] GC(155) User=0.02s Sys=0.01s Real=0.09s
[2022-03-25T07:23:56.046+0000][60886.655s] GC(156) Pause Young (Normal) (G1 Evacuation Pause)
[2022-03-25T07:23:56.064+0000][60886.674s] GC(156) Using 4 workers of 4 for evacuation
[2022-03-25T07:23:56.182+0000][60886.792s] GC(156)   Pre Evacuate Collection Set: 0.1ms
[2022-03-25T07:23:56.197+0000][60886.807s] GC(156)   Evacuate Collection Set: 108.8ms
[2022-03-25T07:23:56.199+0000][60886.809s] GC(156)   Post Evacuate Collection Set: 0.6ms
[2022-03-25T07:23:56.218+0000][60886.827s] GC(156)   Other: 27.2ms
[2022-03-25T07:23:56.228+0000][60886.837s] GC(156) Eden regions: 24->0(28)
[2022-03-25T07:23:56.240+0000][60886.849s] GC(156) Survivor regions: 2->2(4)
[2022-03-25T07:23:56.244+0000][60886.854s] GC(156) Old regions: 120->120
[2022-03-25T07:23:56.256+0000][60886.865s] GC(156) Humongous regions: 7->7
[2022-03-25T07:23:56.260+0000][60886.869s] GC(156) Metaspace: 63639K->63639K(1107968K)
[2022-03-25T07:23:56.264+0000][60886.874s] GC(156) Pause Young (Normal) (G1 Evacuation Pause) 150M->126M(512M) 218.612ms
[2022-03-25T07:23:56.271+0000][60886.881s] GC(156) User=0.02s Sys=0.07s Real=0.22s
[2022-03-25T07:23:57.686+0000][60888.296s] GC(157) Pause Young (Normal) (G1 Evacuation Pause)
[2022-03-25T07:23:57.691+0000][60888.300s] GC(157) Using 4 workers of 4 for evacuation
[2022-03-25T07:23:57.746+0000][60888.356s] GC(157)   Pre Evacuate Collection Set: 0.0ms
[2022-03-25T07:23:57.747+0000][60888.357s] GC(157)   Evacuate Collection Set: 41.6ms
[2022-03-25T07:23:57.748+0000][60888.357s] GC(157)   Post Evacuate Collection Set: 0.5ms
[2022-03-25T07:23:57.749+0000][60888.358s] GC(157)   Other: 18.2ms
[2022-03-25T07:23:57.749+0000][60888.358s] GC(157) Eden regions: 28->0(32)
[2022-03-25T07:23:57.749+0000][60888.359s] GC(157) Survivor regions: 2->2(4)
[2022-03-25T07:23:57.750+0000][60888.359s] GC(157) Old regions: 120->120
[2022-03-25T07:23:57.750+0000][60888.360s] GC(157) Humongous regions: 7->7
[2022-03-25T07:23:57.750+0000][60888.360s] GC(157) Metaspace: 63639K->63639K(1107968K)
[2022-03-25T07:23:57.751+0000][60888.360s] GC(157) Pause Young (Normal) (G1 Evacuation Pause) 154M->126M(512M) 64.538ms
[2022-03-25T07:23:57.753+0000][60888.362s] GC(157) User=0.02s Sys=0.01s Real=0.06s
[2022-03-25T07:23:58.545+0000][60889.155s] GC(158) Pause Young (Normal) (G1 Evacuation Pause)
[2022-03-25T07:23:58.554+0000][60889.164s] GC(158) Using 4 workers of 4 for evacuation
[2022-03-25T07:23:58.708+0000][60889.318s] GC(158)   Pre Evacuate Collection Set: 0.0ms
[2022-03-25T07:23:58.709+0000][60889.319s] GC(158)   Evacuate Collection Set: 149.5ms
[2022-03-25T07:23:58.710+0000][60889.320s] GC(158)   Post Evacuate Collection Set: 3.9ms
[2022-03-25T07:23:58.711+0000][60889.320s] GC(158)   Other: 9.9ms
[2022-03-25T07:23:58.711+0000][60889.321s] GC(158) Eden regions: 32->0(36)
[2022-03-25T07:23:58.712+0000][60889.321s] GC(158) Survivor regions: 2->2(5)
[2022-03-25T07:23:58.712+0000][60889.322s] GC(158) Old regions: 120->120
[2022-03-25T07:23:58.717+0000][60889.326s] GC(158) Humongous regions: 7->7
[2022-03-25T07:23:58.718+0000][60889.327s] GC(158) Metaspace: 63639K->63639K(1107968K)
[2022-03-25T07:23:58.719+0000][60889.329s] GC(158) Pause Young (Normal) (G1 Evacuation Pause) 158M->126M(512M) 174.227ms
[2022-03-25T07:23:58.724+0000][60889.334s] GC(158) User=0.09s Sys=0.03s Real=0.19s
[2022-03-25T07:24:00.405+0000][60891.014s] GC(159) Pause Young (Normal) (G1 Evacuation Pause)
[2022-03-25T07:24:00.408+0000][60891.018s] GC(159) Using 4 workers of 4 for evacuation
[2022-03-25T07:24:00.519+0000][60891.128s] GC(159)   Pre Evacuate Collection Set: 0.0ms
[2022-03-25T07:24:00.524+0000][60891.133s] GC(159)   Evacuate Collection Set: 107.8ms
[2022-03-25T07:24:00.546+0000][60891.155s] GC(159)   Post Evacuate Collection Set: 0.7ms
[2022-03-25T07:24:00.553+0000][60891.163s] GC(159)   Other: 5.4ms
[2022-03-25T07:24:00.556+0000][60891.165s] GC(159) Eden regions: 36->0(38)
[2022-03-25T07:24:00.561+0000][60891.170s] GC(159) Survivor regions: 2->2(5)
[2022-03-25T07:24:00.565+0000][60891.174s] GC(159) Old regions: 120->120
[2022-03-25T07:24:00.575+0000][60891.185s] GC(159) Humongous regions: 7->7
[2022-03-25T07:24:00.597+0000][60891.206s] GC(159) Metaspace: 63640K->63640K(1107968K)
[2022-03-25T07:24:00.616+0000][60891.225s] GC(159) Pause Young (Normal) (G1 Evacuation Pause) 162M->126M(512M) 211.123ms
[2022-03-25T07:24:00.620+0000][60891.229s] GC(159) User=0.08s Sys=0.05s Real=0.22s
[2022-03-25T07:24:01.851+0000][60892.460s] GC(160) Pause Young (Normal) (G1 Evacuation Pause)
[2022-03-25T07:24:01.852+0000][60892.461s] GC(160) Using 4 workers of 4 for evacuation
[2022-03-25T07:24:02.025+0000][60892.635s] GC(160)   Pre Evacuate Collection Set: 0.0ms
[2022-03-25T07:24:02.027+0000][60892.636s] GC(160)   Evacuate Collection Set: 169.5ms
[2022-03-25T07:24:02.037+0000][60892.647s] GC(160)   Post Evacuate Collection Set: 2.8ms
[2022-03-25T07:24:02.038+0000][60892.648s] GC(160)   Other: 2.1ms
[2022-03-25T07:24:02.038+0000][60892.648s] GC(160) Eden regions: 38->0(41)
[2022-03-25T07:24:02.039+0000][60892.648s] GC(160) Survivor regions: 2->2(5)
[2022-03-25T07:24:02.039+0000][60892.648s] GC(160) Old regions: 120->120
[2022-03-25T07:24:02.039+0000][60892.649s] GC(160) Humongous regions: 7->7
[2022-03-25T07:24:02.039+0000][60892.649s] GC(160) Metaspace: 63640K->63640K(1107968K)
[2022-03-25T07:24:02.040+0000][60892.649s] GC(160) Pause Young (Normal) (G1 Evacuation Pause) 164M->126M(512M) 188.842ms
[2022-03-25T07:24:02.040+0000][60892.649s] GC(160) User=0.15s Sys=0.02s Real=0.19s
[2022-03-25T07:24:05.135+0000][60895.744s] GC(161) Pause Young (Normal) (G1 Evacuation Pause)
[2022-03-25T07:24:05.143+0000][60895.753s] GC(161) Using 4 workers of 4 for evacuation
[2022-03-25T07:24:05.332+0000][60895.941s] GC(161)   Pre Evacuate Collection Set: 0.0ms
[2022-03-25T07:24:05.346+0000][60895.955s] GC(161)   Evacuate Collection Set: 187.1ms
[2022-03-25T07:24:05.347+0000][60895.956s] GC(161)   Post Evacuate Collection Set: 0.6ms
[2022-03-25T07:24:05.347+0000][60895.957s] GC(161)   Other: 9.7ms
[2022-03-25T07:24:05.349+0000][60895.958s] GC(161) Eden regions: 41->0(38)
[2022-03-25T07:24:05.349+0000][60895.959s] GC(161) Survivor regions: 2->2(6)
[2022-03-25T07:24:05.350+0000][60895.959s] GC(161) Old regions: 120->120
[2022-03-25T07:24:05.352+0000][60895.962s] GC(161) Humongous regions: 7->7
[2022-03-25T07:24:05.357+0000][60895.966s] GC(161) Metaspace: 63640K->63640K(1107968K)
[2022-03-25T07:24:05.363+0000][60895.972s] GC(161) Pause Young (Normal) (G1 Evacuation Pause) 167M->126M(512M) 227.822ms
[2022-03-25T07:24:05.371+0000][60895.980s] GC(161) User=0.10s Sys=0.01s Real=0.23s
[2022-03-25T07:24:08.767+0000][60899.377s] GC(162) Pause Young (Normal) (G1 Evacuation Pause)
[2022-03-25T07:24:08.787+0000][60899.396s] GC(162) Using 4 workers of 4 for evacuation
[2022-03-25T07:24:08.834+0000][60899.444s] GC(162)   Pre Evacuate Collection Set: 0.0ms
[2022-03-25T07:24:08.836+0000][60899.446s] GC(162)   Evacuate Collection Set: 43.3ms
[2022-03-25T07:24:08.838+0000][60899.447s] GC(162)   Post Evacuate Collection Set: 0.7ms
[2022-03-25T07:24:08.850+0000][60899.459s] GC(162)   Other: 23.0ms
[2022-03-25T07:24:08.880+0000][60899.489s] GC(162) Eden regions: 38->0(42)
[2022-03-25T07:24:08.888+0000][60899.497s] GC(162) Survivor regions: 2->2(5)
[2022-03-25T07:24:08.907+0000][60899.517s] GC(162) Old regions: 120->120
[2022-03-25T07:24:08.910+0000][60899.520s] GC(162) Humongous regions: 7->7
[2022-03-25T07:24:08.913+0000][60899.523s] GC(162) Metaspace: 63640K->63640K(1107968K)
[2022-03-25T07:24:08.924+0000][60899.533s] GC(162) Pause Young (Normal) (G1 Evacuation Pause) 164M->126M(512M) 156.156ms
[2022-03-25T07:24:08.927+0000][60899.536s] GC(162) User=0.02s Sys=0.03s Real=0.15s
[2022-03-25T07:24:14.895+0000][60905.504s] GC(163) Pause Young (Normal) (G1 Evacuation Pause)
[2022-03-25T07:24:14.897+0000][60905.506s] GC(163) Using 4 workers of 4 for evacuation
[2022-03-25T07:24:14.972+0000][60905.582s] GC(163)   Pre Evacuate Collection Set: 0.6ms
[2022-03-25T07:24:14.988+0000][60905.598s] GC(163)   Evacuate Collection Set: 49.2ms
[2022-03-25T07:24:14.989+0000][60905.598s] GC(163)   Post Evacuate Collection Set: 12.8ms
[2022-03-25T07:24:14.990+0000][60905.599s] GC(163)   Other: 14.9ms
[2022-03-25T07:24:15.002+0000][60905.611s] GC(163) Eden regions: 42->0(46)
[2022-03-25T07:24:15.010+0000][60905.619s] GC(163) Survivor regions: 2->2(6)
[2022-03-25T07:24:15.029+0000][60905.639s] GC(163) Old regions: 120->120
[2022-03-25T07:24:15.033+0000][60905.642s] GC(163) Humongous regions: 7->7
[2022-03-25T07:24:15.045+0000][60905.654s] GC(163) Metaspace: 63644K->63644K(1107968K)
[2022-03-25T07:24:15.049+0000][60905.659s] GC(163) Pause Young (Normal) (G1 Evacuation Pause) 168M->126M(512M) 154.311ms
[2022-03-25T07:24:15.067+0000][60905.677s] GC(163) User=0.04s Sys=0.02s Real=0.17s
[2022-03-25T07:24:18.113+0000][60908.722s] GC(164) Pause Young (Normal) (G1 Evacuation Pause)
[2022-03-25T07:24:18.145+0000][60908.754s] GC(164) Using 4 workers of 4 for evacuation
[2022-03-25T07:24:18.377+0000][60908.986s] GC(164)   Pre Evacuate Collection Set: 0.0ms
[2022-03-25T07:24:18.380+0000][60908.990s] GC(164)   Evacuate Collection Set: 211.6ms
[2022-03-25T07:24:18.381+0000][60908.991s] GC(164)   Post Evacuate Collection Set: 0.7ms
[2022-03-25T07:24:18.387+0000][60908.996s] GC(164)   Other: 51.7ms
[2022-03-25T07:24:18.387+0000][60908.997s] GC(164) Eden regions: 46->0(44)
[2022-03-25T07:24:18.388+0000][60908.997s] GC(164) Survivor regions: 2->2(6)
[2022-03-25T07:24:18.389+0000][60908.998s] GC(164) Old regions: 120->120
[2022-03-25T07:24:18.390+0000][60909.000s] GC(164) Humongous regions: 7->7
[2022-03-25T07:24:18.408+0000][60909.018s] GC(164) Metaspace: 63644K->63644K(1107968K)
[2022-03-25T07:24:18.435+0000][60909.044s] GC(164) Pause Young (Normal) (G1 Evacuation Pause) 172M->126M(512M) 321.828ms
[2022-03-25T07:24:18.436+0000][60909.045s] GC(164) User=0.10s Sys=0.10s Real=0.33s
[2022-03-25T07:24:20.106+0000][60910.715s] GC(165) Pause Young (Normal) (G1 Evacuation Pause)
[2022-03-25T07:24:20.142+0000][60910.751s] GC(165) Using 4 workers of 4 for evacuation
[2022-03-25T07:24:20.215+0000][60910.824s] GC(165)   Pre Evacuate Collection Set: 0.0ms
[2022-03-25T07:24:20.226+0000][60910.836s] GC(165)   Evacuate Collection Set: 59.9ms
[2022-03-25T07:24:20.245+0000][60910.855s] GC(165)   Post Evacuate Collection Set: 4.4ms
[2022-03-25T07:24:20.257+0000][60910.866s] GC(165)   Other: 45.0ms
[2022-03-25T07:24:20.259+0000][60910.868s] GC(165) Eden regions: 44->0(49)
[2022-03-25T07:24:20.259+0000][60910.869s] GC(165) Survivor regions: 2->2(6)
[2022-03-25T07:24:20.259+0000][60910.869s] GC(165) Old regions: 120->120
[2022-03-25T07:24:20.260+0000][60910.869s] GC(165) Humongous regions: 7->7
[2022-03-25T07:24:20.260+0000][60910.869s] GC(165) Metaspace: 63644K->63644K(1107968K)
[2022-03-25T07:24:20.260+0000][60910.870s] GC(165) Pause Young (Normal) (G1 Evacuation Pause) 170M->126M(512M) 154.900ms
[2022-03-25T07:24:20.261+0000][60910.871s] GC(165) User=0.05s Sys=0.00s Real=0.15s
[2022-03-25T07:24:23.346+0000][60913.955s] GC(166) Pause Young (Normal) (G1 Evacuation Pause)
[2022-03-25T07:24:23.351+0000][60913.960s] GC(166) Using 4 workers of 4 for evacuation
[2022-03-25T07:24:23.509+0000][60914.119s] GC(166)   Pre Evacuate Collection Set: 0.0ms
[2022-03-25T07:24:23.513+0000][60914.122s] GC(166)   Evacuate Collection Set: 139.8ms
[2022-03-25T07:24:23.520+0000][60914.130s] GC(166)   Post Evacuate Collection Set: 5.0ms
[2022-03-25T07:24:23.551+0000][60914.161s] GC(166)   Other: 18.7ms
[2022-03-25T07:24:23.586+0000][60914.196s] GC(166) Eden regions: 49->0(51)
[2022-03-25T07:24:23.602+0000][60914.211s] GC(166) Survivor regions: 2->2(7)
[2022-03-25T07:24:23.613+0000][60914.223s] GC(166) Old regions: 120->120
[2022-03-25T07:24:23.637+0000][60914.246s] GC(166) Humongous regions: 7->7
[2022-03-25T07:24:23.660+0000][60914.269s] GC(166) Metaspace: 63644K->63644K(1107968K)
[2022-03-25T07:24:23.680+0000][60914.289s] GC(166) Pause Young (Normal) (G1 Evacuation Pause) 175M->126M(512M) 333.905ms
[2022-03-25T07:24:23.696+0000][60914.305s] GC(166) User=0.12s Sys=0.04s Real=0.35s
[2022-03-25T07:24:25.724+0000][60916.334s] GC(167) Pause Young (Normal) (G1 Evacuation Pause)
[2022-03-25T07:24:25.734+0000][60916.344s] GC(167) Using 4 workers of 4 for evacuation
[2022-03-25T07:24:25.905+0000][60916.514s] GC(167)   Pre Evacuate Collection Set: 0.0ms
[2022-03-25T07:24:25.907+0000][60916.516s] GC(167)   Evacuate Collection Set: 169.1ms
[2022-03-25T07:24:25.909+0000][60916.518s] GC(167)   Post Evacuate Collection Set: 0.6ms
[2022-03-25T07:24:25.909+0000][60916.519s] GC(167)   Other: 11.0ms
[2022-03-25T07:24:25.913+0000][60916.522s] GC(167) Eden regions: 51->0(51)
[2022-03-25T07:24:25.914+0000][60916.524s] GC(167) Survivor regions: 2->2(7)
[2022-03-25T07:24:25.915+0000][60916.525s] GC(167) Old regions: 120->120
[2022-03-25T07:24:25.916+0000][60916.526s] GC(167) Humongous regions: 7->7
[2022-03-25T07:24:25.917+0000][60916.526s] GC(167) Metaspace: 63645K->63645K(1107968K)
[2022-03-25T07:24:25.918+0000][60916.527s] GC(167) Pause Young (Normal) (G1 Evacuation Pause) 177M->127M(512M) 193.700ms
[2022-03-25T07:24:25.919+0000][60916.528s] GC(167) User=0.06s Sys=0.01s Real=0.19s
[2022-03-25T07:24:27.687+0000][60918.297s] GC(168) Pause Young (Normal) (G1 Evacuation Pause)
[2022-03-25T07:24:27.689+0000][60918.298s] GC(168) Using 4 workers of 4 for evacuation
[2022-03-25T07:24:27.752+0000][60918.362s] GC(168)   Pre Evacuate Collection Set: 0.1ms
[2022-03-25T07:24:27.753+0000][60918.362s] GC(168)   Evacuate Collection Set: 60.7ms
[2022-03-25T07:24:27.753+0000][60918.363s] GC(168)   Post Evacuate Collection Set: 2.0ms
[2022-03-25T07:24:27.754+0000][60918.364s] GC(168)   Other: 2.3ms
[2022-03-25T07:24:27.755+0000][60918.365s] GC(168) Eden regions: 51->0(56)
[2022-03-25T07:24:27.756+0000][60918.365s] GC(168) Survivor regions: 2->2(7)
[2022-03-25T07:24:27.756+0000][60918.366s] GC(168) Old regions: 120->120
[2022-03-25T07:24:27.758+0000][60918.367s] GC(168) Humongous regions: 7->7
[2022-03-25T07:24:27.759+0000][60918.369s] GC(168) Metaspace: 63645K->63645K(1107968K)
[2022-03-25T07:24:27.762+0000][60918.371s] GC(168) Pause Young (Normal) (G1 Evacuation Pause) 178M->126M(512M) 74.310ms
[2022-03-25T07:24:27.763+0000][60918.372s] GC(168) User=0.03s Sys=0.00s Real=0.07s
[2022-03-25T07:24:34.330+0000][60924.939s] GC(169) Pause Young (Normal) (G1 Evacuation Pause)
[2022-03-25T07:24:34.342+0000][60924.952s] GC(169) Using 4 workers of 4 for evacuation
[2022-03-25T07:24:34.605+0000][60925.215s] GC(169) MMU target violated: 251.0ms (250.0ms/251.0ms)
[2022-03-25T07:24:34.607+0000][60925.216s] GC(169)   Pre Evacuate Collection Set: 0.1ms
[2022-03-25T07:24:34.625+0000][60925.234s] GC(169)   Evacuate Collection Set: 251.3ms
[2022-03-25T07:24:34.642+0000][60925.251s] GC(169)   Post Evacuate Collection Set: 0.7ms
[2022-03-25T07:24:34.643+0000][60925.252s] GC(169)   Other: 25.1ms
[2022-03-25T07:24:34.659+0000][60925.268s] GC(169) Eden regions: 56->0(48)
[2022-03-25T07:24:34.660+0000][60925.269s] GC(169) Survivor regions: 2->1(8)
[2022-03-25T07:24:34.661+0000][60925.270s] GC(169) Old regions: 120->121
[2022-03-25T07:24:34.662+0000][60925.271s] GC(169) Humongous regions: 7->7
[2022-03-25T07:24:34.662+0000][60925.271s] GC(169) Metaspace: 63645K->63645K(1107968K)
[2022-03-25T07:24:34.662+0000][60925.272s] GC(169) Pause Young (Normal) (G1 Evacuation Pause) 182M->126M(512M) 332.345ms
[2022-03-25T07:24:34.663+0000][60925.272s] GC(169) User=0.04s Sys=0.06s Real=0.33s
[2022-03-25T07:24:37.887+0000][60928.496s] GC(170) Pause Young (Normal) (G1 Evacuation Pause)
[2022-03-25T07:24:37.892+0000][60928.502s] GC(170) Using 4 workers of 4 for evacuation
[2022-03-25T07:24:38.015+0000][60928.624s] GC(170)   Pre Evacuate Collection Set: 0.0ms
[2022-03-25T07:24:38.030+0000][60928.639s] GC(170)   Evacuate Collection Set: 119.8ms
[2022-03-25T07:24:38.036+0000][60928.645s] GC(170)   Post Evacuate Collection Set: 0.8ms
[2022-03-25T07:24:38.037+0000][60928.646s] GC(170)   Other: 7.5ms
[2022-03-25T07:24:38.038+0000][60928.647s] GC(170) Eden regions: 48->0(52)
[2022-03-25T07:24:38.038+0000][60928.648s] GC(170) Survivor regions: 1->2(7)
[2022-03-25T07:24:38.039+0000][60928.648s] GC(170) Old regions: 121->121
[2022-03-25T07:24:38.039+0000][60928.648s] GC(170) Humongous regions: 7->7
[2022-03-25T07:24:38.064+0000][60928.674s] GC(170) Metaspace: 63645K->63645K(1107968K)
[2022-03-25T07:24:38.068+0000][60928.678s] GC(170) Pause Young (Normal) (G1 Evacuation Pause) 174M->126M(512M) 181.708ms
[2022-03-25T07:24:38.069+0000][60928.678s] GC(170) User=0.07s Sys=0.01s Real=0.18s
[2022-03-25T07:24:39.632+0000][60930.241s] GC(171) Pause Young (Normal) (G1 Evacuation Pause)
[2022-03-25T07:24:39.654+0000][60930.264s] GC(171) Using 4 workers of 4 for evacuation
[2022-03-25T07:24:39.743+0000][60930.352s] GC(171)   Pre Evacuate Collection Set: 0.1ms
[2022-03-25T07:24:39.758+0000][60930.367s] GC(171)   Evacuate Collection Set: 72.8ms
[2022-03-25T07:24:39.774+0000][60930.383s] GC(171)   Post Evacuate Collection Set: 0.8ms
[2022-03-25T07:24:39.806+0000][60930.416s] GC(171)   Other: 37.8ms
[2022-03-25T07:24:39.822+0000][60930.432s] GC(171) Eden regions: 52->0(57)
[2022-03-25T07:24:39.842+0000][60930.452s] GC(171) Survivor regions: 2->2(7)
[2022-03-25T07:24:39.859+0000][60930.468s] GC(171) Old regions: 121->121
[2022-03-25T07:24:39.877+0000][60930.487s] GC(171) Humongous regions: 7->7
[2022-03-25T07:24:39.886+0000][60930.495s] GC(171) Metaspace: 63645K->63645K(1107968K)
[2022-03-25T07:24:39.904+0000][60930.514s] GC(171) Pause Young (Normal) (G1 Evacuation Pause) 178M->126M(512M) 272.691ms
[2022-03-25T07:24:39.917+0000][60930.527s] GC(171) User=0.04s Sys=0.04s Real=0.28s
[2022-03-25T07:24:41.926+0000][60932.535s] GC(172) Pause Young (Normal) (G1 Evacuation Pause)
[2022-03-25T07:24:41.934+0000][60932.544s] GC(172) Using 4 workers of 4 for evacuation
[2022-03-25T07:24:42.068+0000][60932.677s] GC(172)   Pre Evacuate Collection Set: 0.1ms
[2022-03-25T07:24:42.082+0000][60932.691s] GC(172)   Evacuate Collection Set: 116.3ms
[2022-03-25T07:24:42.100+0000][60932.709s] GC(172)   Post Evacuate Collection Set: 0.4ms
[2022-03-25T07:24:42.116+0000][60932.725s] GC(172)   Other: 25.5ms
[2022-03-25T07:24:42.132+0000][60932.741s] GC(172) Eden regions: 57->0(62)
[2022-03-25T07:24:42.133+0000][60932.742s] GC(172) Survivor regions: 2->2(8)
[2022-03-25T07:24:42.140+0000][60932.749s] GC(172) Old regions: 121->121
[2022-03-25T07:24:42.148+0000][60932.757s] GC(172) Humongous regions: 7->7
[2022-03-25T07:24:42.152+0000][60932.761s] GC(172) Metaspace: 63645K->63645K(1107968K)
[2022-03-25T07:24:42.165+0000][60932.774s] GC(172) Pause Young (Normal) (G1 Evacuation Pause) 183M->127M(512M) 239.094ms
[2022-03-25T07:24:42.182+0000][60932.791s] GC(172) User=0.10s Sys=0.04s Real=0.25s
[2022-03-25T07:24:44.620+0000][60935.229s] GC(173) Pause Young (Normal) (G1 Evacuation Pause)
[2022-03-25T07:24:44.625+0000][60935.234s] GC(173) Using 4 workers of 4 for evacuation
[2022-03-25T07:24:44.722+0000][60935.331s] GC(173)   Pre Evacuate Collection Set: 0.1ms
[2022-03-25T07:24:44.737+0000][60935.347s] GC(173)   Evacuate Collection Set: 87.6ms
[2022-03-25T07:24:44.756+0000][60935.365s] GC(173)   Post Evacuate Collection Set: 6.9ms
[2022-03-25T07:24:44.769+0000][60935.378s] GC(173)   Other: 7.8ms
[2022-03-25T07:24:44.772+0000][60935.381s] GC(173) Eden regions: 62->0(64)
[2022-03-25T07:24:44.773+0000][60935.382s] GC(173) Survivor regions: 2->1(8)
[2022-03-25T07:24:44.773+0000][60935.382s] GC(173) Old regions: 121->121
[2022-03-25T07:24:44.773+0000][60935.383s] GC(173) Humongous regions: 7->7
[2022-03-25T07:24:44.774+0000][60935.383s] GC(173) Metaspace: 63653K->63653K(1107968K)
[2022-03-25T07:24:44.774+0000][60935.383s] GC(173) Pause Young (Normal) (G1 Evacuation Pause) 189M->126M(512M) 154.305ms
[2022-03-25T07:24:44.784+0000][60935.394s] GC(173) User=0.06s Sys=0.03s Real=0.17s
[2022-03-25T07:24:46.495+0000][60937.104s] GC(174) Pause Young (Normal) (G1 Evacuation Pause)
[2022-03-25T07:24:46.526+0000][60937.136s] GC(174) Using 4 workers of 4 for evacuation
[2022-03-25T07:24:47.290+0000][60937.900s] GC(174) MMU target violated: 251.0ms (250.0ms/251.0ms)
[2022-03-25T07:24:47.296+0000][60937.905s] GC(174)   Pre Evacuate Collection Set: 0.0ms
[2022-03-25T07:24:47.312+0000][60937.922s] GC(174)   Evacuate Collection Set: 675.1ms
[2022-03-25T07:24:47.321+0000][60937.930s] GC(174)   Post Evacuate Collection Set: 17.1ms
[2022-03-25T07:24:47.333+0000][60937.943s] GC(174)   Other: 109.3ms
[2022-03-25T07:24:47.336+0000][60937.946s] GC(174) Eden regions: 64->0(41)
[2022-03-25T07:24:47.339+0000][60937.949s] GC(174) Survivor regions: 1->2(9)
[2022-03-25T07:24:47.340+0000][60937.950s] GC(174) Old regions: 121->121
[2022-03-25T07:24:47.344+0000][60937.953s] GC(174) Humongous regions: 7->7
[2022-03-25T07:24:47.354+0000][60937.963s] GC(174) Metaspace: 63653K->63653K(1107968K)
[2022-03-25T07:24:47.356+0000][60937.965s] GC(174) Pause Young (Normal) (G1 Evacuation Pause) 190M->127M(512M) 861.445ms
[2022-03-25T07:24:47.358+0000][60937.968s] GC(174) User=0.45s Sys=0.30s Real=0.86s
[2022-03-25T07:24:49.272+0000][60939.881s] GC(175) Pause Young (Normal) (G1 Evacuation Pause)
[2022-03-25T07:24:49.288+0000][60939.898s] GC(175) Using 4 workers of 4 for evacuation
[2022-03-25T07:24:49.349+0000][60939.958s] GC(175)   Pre Evacuate Collection Set: 0.0ms
[2022-03-25T07:24:49.350+0000][60939.959s] GC(175)   Evacuate Collection Set: 47.8ms
[2022-03-25T07:24:49.351+0000][60939.961s] GC(175)   Post Evacuate Collection Set: 0.5ms
[2022-03-25T07:24:49.353+0000][60939.962s] GC(175)   Other: 28.5ms
[2022-03-25T07:24:49.380+0000][60939.989s] GC(175) Eden regions: 41->0(45)
[2022-03-25T07:24:49.381+0000][60939.991s] GC(175) Survivor regions: 2->1(6)
[2022-03-25T07:24:49.382+0000][60939.992s] GC(175) Old regions: 121->121
[2022-03-25T07:24:49.384+0000][60939.993s] GC(175) Humongous regions: 7->7
[2022-03-25T07:24:49.386+0000][60939.995s] GC(175) Metaspace: 63653K->63653K(1107968K)
[2022-03-25T07:24:49.389+0000][60939.999s] GC(175) Pause Young (Normal) (G1 Evacuation Pause) 168M->126M(512M) 117.356ms
[2022-03-25T07:24:49.391+0000][60940.001s] GC(175) User=0.01s Sys=0.02s Real=0.12s
[2022-03-25T07:24:57.562+0000][60948.171s] GC(176) Pause Young (Normal) (G1 Evacuation Pause)
[2022-03-25T07:24:57.576+0000][60948.185s] GC(176) Using 4 workers of 4 for evacuation
[2022-03-25T07:24:57.645+0000][60948.254s] GC(176)   Pre Evacuate Collection Set: 0.0ms
[2022-03-25T07:24:57.659+0000][60948.269s] GC(176)   Evacuate Collection Set: 66.9ms
[2022-03-25T07:24:57.660+0000][60948.269s] GC(176)   Post Evacuate Collection Set: 0.5ms
[2022-03-25T07:24:57.660+0000][60948.270s] GC(176)   Other: 15.9ms
[2022-03-25T07:24:57.661+0000][60948.270s] GC(176) Eden regions: 45->0(47)
[2022-03-25T07:24:57.661+0000][60948.270s] GC(176) Survivor regions: 1->1(6)
[2022-03-25T07:24:57.671+0000][60948.280s] GC(176) Old regions: 121->121
[2022-03-25T07:24:57.676+0000][60948.285s] GC(176) Humongous regions: 7->7
[2022-03-25T07:24:57.677+0000][60948.286s] GC(176) Metaspace: 63653K->63653K(1107968K)
[2022-03-25T07:24:57.693+0000][60948.302s] GC(176) Pause Young (Normal) (G1 Evacuation Pause) 171M->126M(512M) 130.793ms
[2022-03-25T07:24:57.694+0000][60948.303s] GC(176) User=0.03s Sys=0.01s Real=0.13s
[2022-03-25T07:24:59.991+0000][60950.600s] GC(177) Pause Young (Normal) (G1 Evacuation Pause)
[2022-03-25T07:25:00.014+0000][60950.623s] GC(177) Using 4 workers of 4 for evacuation
[2022-03-25T07:25:00.414+0000][60951.023s] GC(177) MMU target violated: 251.0ms (250.0ms/251.0ms)
[2022-03-25T07:25:00.472+0000][60951.081s] GC(177)   Pre Evacuate Collection Set: 0.0ms
[2022-03-25T07:25:00.538+0000][60951.147s] GC(177)   Evacuate Collection Set: 248.4ms
[2022-03-25T07:25:00.575+0000][60951.185s] GC(177)   Post Evacuate Collection Set: 41.0ms
[2022-03-25T07:25:00.586+0000][60951.195s] GC(177)   Other: 191.9ms
[2022-03-25T07:25:00.597+0000][60951.206s] GC(177) Eden regions: 47->0(46)
[2022-03-25T07:25:00.615+0000][60951.225s] GC(177) Survivor regions: 1->1(6)
[2022-03-25T07:25:00.630+0000][60951.239s] GC(177) Old regions: 121->121
[2022-03-25T07:25:00.650+0000][60951.259s] GC(177) Humongous regions: 7->7
[2022-03-25T07:25:00.682+0000][60951.292s] GC(177) Metaspace: 63653K->63653K(1107968K)
[2022-03-25T07:25:00.742+0000][60951.351s] GC(177) Pause Young (Normal) (G1 Evacuation Pause) 173M->126M(512M) 751.232ms
[2022-03-25T07:25:00.870+0000][60951.480s] GC(177) User=0.05s Sys=0.05s Real=0.82s
[2022-03-25T07:25:02.803+0000][60953.413s] GC(178) Pause Young (Normal) (G1 Evacuation Pause)
[2022-03-25T07:25:02.816+0000][60953.425s] GC(178) Using 4 workers of 4 for evacuation
[2022-03-25T07:25:02.869+0000][60953.478s] GC(178)   Pre Evacuate Collection Set: 0.0ms
[2022-03-25T07:25:02.879+0000][60953.489s] GC(178)   Evacuate Collection Set: 38.4ms
[2022-03-25T07:25:02.902+0000][60953.511s] GC(178)   Post Evacuate Collection Set: 12.1ms
[2022-03-25T07:25:02.927+0000][60953.536s] GC(178)   Other: 14.8ms
[2022-03-25T07:25:02.928+0000][60953.537s] GC(178) Eden regions: 46->0(48)
[2022-03-25T07:25:02.928+0000][60953.538s] GC(178) Survivor regions: 1->1(6)
[2022-03-25T07:25:02.929+0000][60953.538s] GC(178) Old regions: 121->121
[2022-03-25T07:25:02.929+0000][60953.539s] GC(178) Humongous regions: 7->7
[2022-03-25T07:25:02.930+0000][60953.539s] GC(178) Metaspace: 63653K->63653K(1107968K)
[2022-03-25T07:25:02.930+0000][60953.540s] GC(178) Pause Young (Normal) (G1 Evacuation Pause) 172M->126M(512M) 127.126ms
[2022-03-25T07:25:02.943+0000][60953.553s] GC(178) User=0.02s Sys=0.03s Real=0.14s
[2022-03-25T07:25:05.124+0000][60955.734s] GC(179) Pause Young (Normal) (G1 Evacuation Pause)
[2022-03-25T07:25:05.184+0000][60955.793s] GC(179) Using 4 workers of 4 for evacuation
[2022-03-25T07:25:05.345+0000][60955.954s] GC(179)   Pre Evacuate Collection Set: 0.0ms
[2022-03-25T07:25:05.366+0000][60955.976s] GC(179)   Evacuate Collection Set: 155.4ms
[2022-03-25T07:25:05.367+0000][60955.976s] GC(179)   Post Evacuate Collection Set: 0.6ms
[2022-03-25T07:25:05.367+0000][60955.977s] GC(179)   Other: 64.9ms
[2022-03-25T07:25:05.368+0000][60955.977s] GC(179) Eden regions: 48->0(50)
[2022-03-25T07:25:05.368+0000][60955.977s] GC(179) Survivor regions: 1->2(7)
[2022-03-25T07:25:05.368+0000][60955.978s] GC(179) Old regions: 121->121
[2022-03-25T07:25:05.369+0000][60955.978s] GC(179) Humongous regions: 7->7
[2022-03-25T07:25:05.369+0000][60955.978s] GC(179) Metaspace: 63653K->63653K(1107968K)
[2022-03-25T07:25:05.369+0000][60955.978s] GC(179) Pause Young (Normal) (G1 Evacuation Pause) 174M->127M(512M) 244.765ms
[2022-03-25T07:25:05.369+0000][60955.979s] GC(179) User=0.06s Sys=0.04s Real=0.24s
[2022-03-25T07:25:08.495+0000][60959.104s] GC(180) Pause Young (Normal) (G1 Evacuation Pause)
[2022-03-25T07:25:08.500+0000][60959.109s] GC(180) Using 4 workers of 4 for evacuation
[2022-03-25T07:25:08.536+0000][60959.145s] GC(180)   Pre Evacuate Collection Set: 0.0ms
[2022-03-25T07:25:08.555+0000][60959.165s] GC(180)   Evacuate Collection Set: 23.0ms
[2022-03-25T07:25:08.563+0000][60959.172s] GC(180)   Post Evacuate Collection Set: 0.9ms
[2022-03-25T07:25:08.571+0000][60959.181s] GC(180)   Other: 17.1ms
[2022-03-25T07:25:08.576+0000][60959.186s] GC(180) Eden regions: 50->0(54)
[2022-03-25T07:25:08.587+0000][60959.197s] GC(180) Survivor regions: 2->1(7)
[2022-03-25T07:25:08.590+0000][60959.199s] GC(180) Old regions: 121->121
[2022-03-25T07:25:08.594+0000][60959.204s] GC(180) Humongous regions: 7->7
[2022-03-25T07:25:08.610+0000][60959.220s] GC(180) Metaspace: 63653K->63653K(1107968K)
[2022-03-25T07:25:08.613+0000][60959.222s] GC(180) Pause Young (Normal) (G1 Evacuation Pause) 177M->126M(512M) 118.162ms
[2022-03-25T07:25:08.626+0000][60959.236s] GC(180) User=0.01s Sys=0.00s Real=0.13s
[2022-03-25T07:25:11.217+0000][60961.826s] GC(181) Pause Young (Normal) (G1 Evacuation Pause)
[2022-03-25T07:25:11.231+0000][60961.840s] GC(181) Using 4 workers of 4 for evacuation
[2022-03-25T07:25:11.304+0000][60961.914s] GC(181)   Pre Evacuate Collection Set: 0.0ms
[2022-03-25T07:25:11.308+0000][60961.917s] GC(181)   Evacuate Collection Set: 39.7ms
[2022-03-25T07:25:11.318+0000][60961.927s] GC(181)   Post Evacuate Collection Set: 17.8ms
[2022-03-25T07:25:11.319+0000][60961.929s] GC(181)   Other: 30.5ms
[2022-03-25T07:25:11.320+0000][60961.929s] GC(181) Eden regions: 54->0(59)
[2022-03-25T07:25:11.320+0000][60961.929s] GC(181) Survivor regions: 1->1(7)
[2022-03-25T07:25:11.320+0000][60961.930s] GC(181) Old regions: 121->121
[2022-03-25T07:25:11.321+0000][60961.930s] GC(181) Humongous regions: 7->7
[2022-03-25T07:25:11.321+0000][60961.930s] GC(181) Metaspace: 63653K->63653K(1107968K)
[2022-03-25T07:25:11.321+0000][60961.931s] GC(181) Pause Young (Normal) (G1 Evacuation Pause) 180M->126M(512M) 104.822ms
[2022-03-25T07:25:11.322+0000][60961.931s] GC(181) User=0.06s Sys=0.02s Real=0.12s
[2022-03-25T07:25:13.816+0000][60964.425s] GC(182) Pause Young (Normal) (G1 Evacuation Pause)
[2022-03-25T07:25:13.832+0000][60964.441s] GC(182) Using 4 workers of 4 for evacuation
[2022-03-25T07:25:13.914+0000][60964.524s] GC(182)   Pre Evacuate Collection Set: 0.0ms
[2022-03-25T07:25:13.929+0000][60964.539s] GC(182)   Evacuate Collection Set: 51.5ms
[2022-03-25T07:25:13.946+0000][60964.555s] GC(182)   Post Evacuate Collection Set: 0.5ms
[2022-03-25T07:25:13.974+0000][60964.584s] GC(182)   Other: 46.4ms
[2022-03-25T07:25:14.018+0000][60964.627s] GC(182) Eden regions: 59->0(65)
[2022-03-25T07:25:14.044+0000][60964.653s] GC(182) Survivor regions: 1->2(8)
[2022-03-25T07:25:14.057+0000][60964.666s] GC(182) Old regions: 121->121
[2022-03-25T07:25:14.058+0000][60964.668s] GC(182) Humongous regions: 7->7
[2022-03-25T07:25:14.059+0000][60964.668s] GC(182) Metaspace: 63656K->63656K(1107968K)
[2022-03-25T07:25:14.059+0000][60964.669s] GC(182) Pause Young (Normal) (G1 Evacuation Pause) 185M->127M(512M) 243.413ms
[2022-03-25T07:25:14.062+0000][60964.672s] GC(182) User=0.02s Sys=0.00s Real=0.24s
[2022-03-25T07:25:19.000+0000][60969.609s] GC(183) Pause Young (Normal) (G1 Evacuation Pause)
[2022-03-25T07:25:19.002+0000][60969.612s] GC(183) Using 4 workers of 4 for evacuation
[2022-03-25T07:25:19.097+0000][60969.707s] GC(183)   Pre Evacuate Collection Set: 0.1ms
[2022-03-25T07:25:19.101+0000][60969.711s] GC(183)   Evacuate Collection Set: 88.0ms
[2022-03-25T07:25:19.113+0000][60969.723s] GC(183)   Post Evacuate Collection Set: 6.1ms
[2022-03-25T07:25:19.114+0000][60969.723s] GC(183)   Other: 3.3ms
[2022-03-25T07:25:19.114+0000][60969.723s] GC(183) Eden regions: 65->0(69)
[2022-03-25T07:25:19.114+0000][60969.724s] GC(183) Survivor regions: 2->2(9)
[2022-03-25T07:25:19.115+0000][60969.724s] GC(183) Old regions: 121->121
[2022-03-25T07:25:19.115+0000][60969.724s] GC(183) Humongous regions: 7->7
[2022-03-25T07:25:19.115+0000][60969.725s] GC(183) Metaspace: 63656K->63656K(1107968K)
[2022-03-25T07:25:19.119+0000][60969.728s] GC(183) Pause Young (Normal) (G1 Evacuation Pause) 192M->127M(512M) 119.106ms
[2022-03-25T07:25:19.120+0000][60969.729s] GC(183) User=0.08s Sys=0.03s Real=0.12s
[2022-03-25T07:25:32.810+0000][60983.419s] GC(184) Pause Young (Normal) (G1 Evacuation Pause)
[2022-03-25T07:25:32.817+0000][60983.426s] GC(184) Using 4 workers of 4 for evacuation
[2022-03-25T07:25:32.968+0000][60983.578s] GC(184)   Pre Evacuate Collection Set: 0.1ms
[2022-03-25T07:25:32.978+0000][60983.587s] GC(184)   Evacuate Collection Set: 127.8ms
[2022-03-25T07:25:32.994+0000][60983.603s] GC(184)   Post Evacuate Collection Set: 6.1ms
[2022-03-25T07:25:33.010+0000][60983.619s] GC(184)   Other: 24.7ms
[2022-03-25T07:25:33.026+0000][60983.635s] GC(184) Eden regions: 69->0(73)
[2022-03-25T07:25:33.042+0000][60983.651s] GC(184) Survivor regions: 2->2(9)
[2022-03-25T07:25:33.074+0000][60983.684s] GC(184) Old regions: 121->121
[2022-03-25T07:25:33.090+0000][60983.700s] GC(184) Humongous regions: 7->7
[2022-03-25T07:25:33.107+0000][60983.716s] GC(184) Metaspace: 63656K->63656K(1107968K)
[2022-03-25T07:25:33.123+0000][60983.732s] GC(184) Pause Young (Normal) (G1 Evacuation Pause) 196M->127M(512M) 313.077ms
[2022-03-25T07:25:33.138+0000][60983.747s] GC(184) User=0.17s Sys=0.00s Real=0.33s
[2022-03-25T07:25:37.201+0000][60987.811s] GC(185) Pause Young (Normal) (G1 Evacuation Pause)
[2022-03-25T07:25:37.243+0000][60987.852s] GC(185) Using 4 workers of 4 for evacuation
[2022-03-25T07:25:37.354+0000][60987.964s] GC(185)   Pre Evacuate Collection Set: 0.1ms
[2022-03-25T07:25:37.374+0000][60987.984s] GC(185)   Evacuate Collection Set: 55.1ms
[2022-03-25T07:25:37.386+0000][60987.995s] GC(185)   Post Evacuate Collection Set: 24.4ms
[2022-03-25T07:25:37.393+0000][60988.002s] GC(185)   Other: 73.4ms
[2022-03-25T07:25:37.394+0000][60988.003s] GC(185) Eden regions: 73->0(80)
[2022-03-25T07:25:37.395+0000][60988.004s] GC(185) Survivor regions: 2->2(10)
[2022-03-25T07:25:37.395+0000][60988.005s] GC(185) Old regions: 121->121
[2022-03-25T07:25:37.396+0000][60988.005s] GC(185) Humongous regions: 7->7
[2022-03-25T07:25:37.397+0000][60988.006s] GC(185) Metaspace: 63656K->63656K(1107968K)
[2022-03-25T07:25:37.398+0000][60988.007s] GC(185) Pause Young (Normal) (G1 Evacuation Pause) 200M->127M(512M) 196.419ms
[2022-03-25T07:25:37.398+0000][60988.008s] GC(185) User=0.13s Sys=0.00s Real=0.20s
[2022-03-25T07:25:47.347+0000][60997.956s] GC(186) Pause Young (Normal) (G1 Evacuation Pause)
[2022-03-25T07:25:47.358+0000][60997.968s] GC(186) Using 4 workers of 4 for evacuation
[2022-03-25T07:25:47.779+0000][60998.389s] GC(186) MMU target violated: 251.0ms (250.0ms/251.0ms)
[2022-03-25T07:25:47.824+0000][60998.433s] GC(186)   Pre Evacuate Collection Set: 0.0ms
[2022-03-25T07:25:47.858+0000][60998.467s] GC(186)   Evacuate Collection Set: 416.8ms
[2022-03-25T07:25:47.868+0000][60998.477s] GC(186)   Post Evacuate Collection Set: 0.6ms
[2022-03-25T07:25:47.873+0000][60998.483s] GC(186)   Other: 59.2ms
[2022-03-25T07:25:47.884+0000][60998.493s] GC(186) Eden regions: 80->0(58)
[2022-03-25T07:25:47.900+0000][60998.510s] GC(186) Survivor regions: 2->2(11)
[2022-03-25T07:25:47.916+0000][60998.525s] GC(186) Old regions: 121->121
[2022-03-25T07:25:47.942+0000][60998.551s] GC(186) Humongous regions: 7->7
[2022-03-25T07:25:47.949+0000][60998.558s] GC(186) Metaspace: 63656K->63656K(1107968K)
[2022-03-25T07:25:47.984+0000][60998.593s] GC(186) Pause Young (Normal) (G1 Evacuation Pause) 207M->127M(512M) 636.501ms
[2022-03-25T07:25:47.990+0000][60998.599s] GC(186) User=0.11s Sys=0.13s Real=0.64s
[2022-03-25T07:25:51.578+0000][61002.187s] GC(187) Pause Young (Normal) (G1 Evacuation Pause)
[2022-03-25T07:25:51.594+0000][61002.204s] GC(187) Using 4 workers of 4 for evacuation
[2022-03-25T07:25:51.756+0000][61002.366s] GC(187)   Pre Evacuate Collection Set: 0.0ms
[2022-03-25T07:25:51.768+0000][61002.377s] GC(187)   Evacuate Collection Set: 145.2ms
[2022-03-25T07:25:51.782+0000][61002.391s] GC(187)   Post Evacuate Collection Set: 0.7ms
[2022-03-25T07:25:51.782+0000][61002.391s] GC(187)   Other: 32.6ms
[2022-03-25T07:25:51.782+0000][61002.392s] GC(187) Eden regions: 58->0(65)
[2022-03-25T07:25:51.782+0000][61002.392s] GC(187) Survivor regions: 2->2(8)
[2022-03-25T07:25:51.783+0000][61002.392s] GC(187) Old regions: 121->121
[2022-03-25T07:25:51.783+0000][61002.392s] GC(187) Humongous regions: 7->7
[2022-03-25T07:25:51.783+0000][61002.393s] GC(187) Metaspace: 63657K->63657K(1107968K)
[2022-03-25T07:25:51.784+0000][61002.393s] GC(187) Pause Young (Normal) (G1 Evacuation Pause) 185M->127M(512M) 205.917ms
[2022-03-25T07:25:51.784+0000][61002.394s] GC(187) User=0.12s Sys=0.06s Real=0.21s
[2022-03-25T07:25:55.832+0000][61006.441s] GC(188) Pause Young (Normal) (G1 Evacuation Pause)
[2022-03-25T07:25:55.837+0000][61006.446s] GC(188) Using 4 workers of 4 for evacuation
[2022-03-25T07:25:56.026+0000][61006.635s] GC(188)   Pre Evacuate Collection Set: 0.2ms
[2022-03-25T07:25:56.029+0000][61006.639s] GC(188)   Evacuate Collection Set: 158.7ms
[2022-03-25T07:25:56.035+0000][61006.644s] GC(188)   Post Evacuate Collection Set: 29.3ms
[2022-03-25T07:25:56.046+0000][61006.655s] GC(188)   Other: 6.5ms
[2022-03-25T07:25:56.053+0000][61006.663s] GC(188) Eden regions: 65->0(71)
[2022-03-25T07:25:56.083+0000][61006.692s] GC(188) Survivor regions: 2->2(9)
[2022-03-25T07:25:56.093+0000][61006.702s] GC(188) Old regions: 121->121
[2022-03-25T07:25:56.110+0000][61006.719s] GC(188) Humongous regions: 7->7
[2022-03-25T07:25:56.112+0000][61006.721s] GC(188) Metaspace: 63657K->63657K(1107968K)
[2022-03-25T07:25:56.115+0000][61006.724s] GC(188) Pause Young (Normal) (G1 Evacuation Pause) 192M->127M(512M) 283.004ms
[2022-03-25T07:25:56.115+0000][61006.725s] GC(188) User=0.02s Sys=0.04s Real=0.28s
[2022-03-25T07:25:59.957+0000][61010.566s] GC(189) Pause Young (Normal) (G1 Evacuation Pause)
[2022-03-25T07:25:59.959+0000][61010.568s] GC(189) Using 4 workers of 4 for evacuation
[2022-03-25T07:26:00.102+0000][61010.711s] GC(189)   Pre Evacuate Collection Set: 0.0ms
[2022-03-25T07:26:00.106+0000][61010.716s] GC(189)   Evacuate Collection Set: 137.7ms
[2022-03-25T07:26:00.117+0000][61010.726s] GC(189)   Post Evacuate Collection Set: 0.6ms
[2022-03-25T07:26:00.125+0000][61010.735s] GC(189)   Other: 6.3ms
[2022-03-25T07:26:00.133+0000][61010.742s] GC(189) Eden regions: 71->0(77)
[2022-03-25T07:26:00.154+0000][61010.764s] GC(189) Survivor regions: 2->2(10)
[2022-03-25T07:26:00.157+0000][61010.766s] GC(189) Old regions: 121->121
[2022-03-25T07:26:00.164+0000][61010.773s] GC(189) Humongous regions: 7->7
[2022-03-25T07:26:00.165+0000][61010.775s] GC(189) Metaspace: 63657K->63657K(1107968K)
[2022-03-25T07:26:00.170+0000][61010.779s] GC(189) Pause Young (Normal) (G1 Evacuation Pause) 198M->127M(512M) 212.864ms
[2022-03-25T07:26:00.186+0000][61010.795s] GC(189) User=0.08s Sys=0.04s Real=0.23s
[2022-03-25T07:26:02.845+0000][61013.455s] GC(190) Pause Young (Normal) (G1 Evacuation Pause)
[2022-03-25T07:26:02.850+0000][61013.459s] GC(190) Using 4 workers of 4 for evacuation
[2022-03-25T07:26:02.880+0000][61013.489s] GC(190)   Pre Evacuate Collection Set: 0.0ms
[2022-03-25T07:26:02.898+0000][61013.508s] GC(190)   Evacuate Collection Set: 28.8ms
[2022-03-25T07:26:02.910+0000][61013.520s] GC(190)   Post Evacuate Collection Set: 0.5ms
[2022-03-25T07:26:02.911+0000][61013.521s] GC(190)   Other: 5.0ms
[2022-03-25T07:26:02.912+0000][61013.521s] GC(190) Eden regions: 77->0(86)
[2022-03-25T07:26:02.912+0000][61013.522s] GC(190) Survivor regions: 2->1(10)
[2022-03-25T07:26:02.914+0000][61013.523s] GC(190) Old regions: 121->121
[2022-03-25T07:26:02.914+0000][61013.524s] GC(190) Humongous regions: 7->7
[2022-03-25T07:26:02.915+0000][61013.524s] GC(190) Metaspace: 63657K->63657K(1107968K)
[2022-03-25T07:26:02.929+0000][61013.539s] GC(190) Pause Young (Normal) (G1 Evacuation Pause) 204M->127M(512M) 83.875ms
[2022-03-25T07:26:02.930+0000][61013.539s] GC(190) User=0.03s Sys=0.00s Real=0.08s
[2022-03-25T07:26:08.788+0000][61019.397s] GC(191) Pause Young (Normal) (G1 Evacuation Pause)
[2022-03-25T07:26:08.793+0000][61019.403s] GC(191) Using 4 workers of 4 for evacuation
[2022-03-25T07:26:08.877+0000][61019.487s] GC(191)   Pre Evacuate Collection Set: 0.1ms
[2022-03-25T07:26:08.878+0000][61019.488s] GC(191)   Evacuate Collection Set: 70.7ms
[2022-03-25T07:26:08.894+0000][61019.504s] GC(191)   Post Evacuate Collection Set: 3.2ms
[2022-03-25T07:26:08.895+0000][61019.505s] GC(191)   Other: 15.5ms
[2022-03-25T07:26:08.896+0000][61019.505s] GC(191) Eden regions: 86->0(91)
[2022-03-25T07:26:08.896+0000][61019.505s] GC(191) Survivor regions: 1->2(11)
[2022-03-25T07:26:08.897+0000][61019.506s] GC(191) Old regions: 121->121
[2022-03-25T07:26:08.897+0000][61019.506s] GC(191) Humongous regions: 7->7
[2022-03-25T07:26:08.897+0000][61019.507s] GC(191) Metaspace: 63657K->63657K(1107968K)
[2022-03-25T07:26:08.898+0000][61019.507s] GC(191) Pause Young (Normal) (G1 Evacuation Pause) 213M->127M(512M) 110.123ms
[2022-03-25T07:26:08.899+0000][61019.508s] GC(191) User=0.06s Sys=0.02s Real=0.11s
[2022-03-25T07:26:10.955+0000][61021.564s] GC(192) Pause Young (Normal) (G1 Evacuation Pause)
[2022-03-25T07:26:10.960+0000][61021.570s] GC(192) Using 4 workers of 4 for evacuation
[2022-03-25T07:26:11.773+0000][61022.383s] GC(192) MMU target violated: 251.0ms (250.0ms/251.0ms)
[2022-03-25T07:26:11.841+0000][61022.450s] GC(192)   Pre Evacuate Collection Set: 0.0ms
[2022-03-25T07:26:11.914+0000][61022.524s] GC(192)   Evacuate Collection Set: 556.3ms
[2022-03-25T07:26:11.978+0000][61022.587s] GC(192)   Post Evacuate Collection Set: 68.8ms
[2022-03-25T07:26:12.024+0000][61022.633s] GC(192)   Other: 260.6ms
[2022-03-25T07:26:12.067+0000][61022.677s] GC(192) Eden regions: 91->0(67)
[2022-03-25T07:26:12.082+0000][61022.691s] GC(192) Survivor regions: 2->2(12)
[2022-03-25T07:26:12.085+0000][61022.694s] GC(192) Old regions: 121->121
[2022-03-25T07:26:12.095+0000][61022.704s] GC(192) Humongous regions: 7->7
[2022-03-25T07:26:12.103+0000][61022.713s] GC(192) Metaspace: 63657K->63657K(1107968K)
[2022-03-25T07:26:12.119+0000][61022.728s] GC(192) Pause Young (Normal) (G1 Evacuation Pause) 218M->127M(512M) 1164.121ms
[2022-03-25T07:26:12.158+0000][61022.768s] GC(192) User=0.36s Sys=0.15s Real=1.19s
[2022-03-25T07:26:17.127+0000][61027.736s] GC(193) Pause Young (Normal) (G1 Evacuation Pause)
[2022-03-25T07:26:17.141+0000][61027.751s] GC(193) Using 4 workers of 4 for evacuation
[2022-03-25T07:26:17.272+0000][61027.881s] GC(193)   Pre Evacuate Collection Set: 0.1ms
[2022-03-25T07:26:17.295+0000][61027.905s] GC(193)   Evacuate Collection Set: 97.6ms
[2022-03-25T07:26:17.324+0000][61027.933s] GC(193)   Post Evacuate Collection Set: 0.6ms
[2022-03-25T07:26:17.365+0000][61027.975s] GC(193)   Other: 46.5ms
[2022-03-25T07:26:17.397+0000][61028.006s] GC(193) Eden regions: 67->0(73)
[2022-03-25T07:26:17.413+0000][61028.022s] GC(193) Survivor regions: 2->2(9)
[2022-03-25T07:26:17.429+0000][61028.039s] GC(193) Old regions: 121->121
[2022-03-25T07:26:17.445+0000][61028.055s] GC(193) Humongous regions: 7->7
[2022-03-25T07:26:17.462+0000][61028.071s] GC(193) Metaspace: 63657K->63657K(1107968K)
[2022-03-25T07:26:17.496+0000][61028.105s] GC(193) Pause Young (Normal) (G1 Evacuation Pause) 194M->127M(512M) 369.088ms
[2022-03-25T07:26:17.534+0000][61028.143s] GC(193) User=0.02s Sys=0.06s Real=0.40s
[2022-03-25T07:26:19.457+0000][61030.066s] GC(194) Pause Young (Normal) (G1 Evacuation Pause)
[2022-03-25T07:26:19.468+0000][61030.078s] GC(194) Using 4 workers of 4 for evacuation
[2022-03-25T07:26:19.559+0000][61030.168s] GC(194)   Pre Evacuate Collection Set: 0.0ms
[2022-03-25T07:26:19.559+0000][61030.169s] GC(194)   Evacuate Collection Set: 55.4ms
[2022-03-25T07:26:19.560+0000][61030.169s] GC(194)   Post Evacuate Collection Set: 1.3ms
[2022-03-25T07:26:19.560+0000][61030.169s] GC(194)   Other: 45.4ms
[2022-03-25T07:26:19.560+0000][61030.170s] GC(194) Eden regions: 73->0(84)
[2022-03-25T07:26:19.561+0000][61030.170s] GC(194) Survivor regions: 2->2(10)
[2022-03-25T07:26:19.561+0000][61030.170s] GC(194) Old regions: 121->121
[2022-03-25T07:26:19.561+0000][61030.170s] GC(194) Humongous regions: 7->7
[2022-03-25T07:26:19.561+0000][61030.171s] GC(194) Metaspace: 63657K->63657K(1107968K)
[2022-03-25T07:26:19.562+0000][61030.171s] GC(194) Pause Young (Normal) (G1 Evacuation Pause) 200M->127M(512M) 104.643ms
[2022-03-25T07:26:19.562+0000][61030.171s] GC(194) User=0.11s Sys=0.04s Real=0.10s
[2022-03-25T07:26:24.040+0000][61034.649s] GC(195) Pause Young (Normal) (G1 Evacuation Pause)
[2022-03-25T07:26:24.048+0000][61034.658s] GC(195) Using 4 workers of 4 for evacuation
[2022-03-25T07:26:24.138+0000][61034.747s] GC(195)   Pre Evacuate Collection Set: 0.1ms
[2022-03-25T07:26:24.155+0000][61034.764s] GC(195)   Evacuate Collection Set: 59.7ms
[2022-03-25T07:26:24.171+0000][61034.780s] GC(195)   Post Evacuate Collection Set: 8.9ms
[2022-03-25T07:26:24.173+0000][61034.782s] GC(195)   Other: 29.6ms
[2022-03-25T07:26:24.173+0000][61034.783s] GC(195) Eden regions: 84->0(92)
[2022-03-25T07:26:24.174+0000][61034.783s] GC(195) Survivor regions: 2->1(11)
[2022-03-25T07:26:24.174+0000][61034.783s] GC(195) Old regions: 121->121
[2022-03-25T07:26:24.174+0000][61034.784s] GC(195) Humongous regions: 7->7
[2022-03-25T07:26:24.175+0000][61034.785s] GC(195) Metaspace: 63670K->63670K(1107968K)
[2022-03-25T07:26:24.187+0000][61034.796s] GC(195) Pause Young (Normal) (G1 Evacuation Pause) 211M->127M(512M) 147.386ms
[2022-03-25T07:26:24.209+0000][61034.819s] GC(195) User=0.04s Sys=0.01s Real=0.17s
[2022-03-25T07:26:33.055+0000][61043.665s] GC(196) Pause Young (Normal) (G1 Evacuation Pause)
[2022-03-25T07:26:33.156+0000][61043.766s] GC(196) Using 4 workers of 4 for evacuation
[2022-03-25T07:26:33.255+0000][61043.865s] GC(196)   Pre Evacuate Collection Set: 0.2ms
[2022-03-25T07:26:33.258+0000][61043.867s] GC(196)   Evacuate Collection Set: 76.4ms
[2022-03-25T07:26:33.261+0000][61043.870s] GC(196)   Post Evacuate Collection Set: 1.4ms
[2022-03-25T07:26:33.262+0000][61043.872s] GC(196)   Other: 122.1ms
[2022-03-25T07:26:33.269+0000][61043.879s] GC(196) Eden regions: 92->0(97)
[2022-03-25T07:26:33.270+0000][61043.880s] GC(196) Survivor regions: 1->2(12)
[2022-03-25T07:26:33.271+0000][61043.880s] GC(196) Old regions: 121->121
[2022-03-25T07:26:33.271+0000][61043.880s] GC(196) Humongous regions: 7->7
[2022-03-25T07:26:33.271+0000][61043.880s] GC(196) Metaspace: 63670K->63670K(1107968K)
[2022-03-25T07:26:33.272+0000][61043.881s] GC(196) Pause Young (Normal) (G1 Evacuation Pause) 219M->127M(512M) 216.950ms
[2022-03-25T07:26:33.272+0000][61043.882s] GC(196) User=0.01s Sys=0.05s Real=0.21s
[2022-03-25T07:26:37.104+0000][61047.714s] GC(197) Pause Young (Normal) (G1 Evacuation Pause)
[2022-03-25T07:26:37.106+0000][61047.716s] GC(197) Using 4 workers of 4 for evacuation
[2022-03-25T07:26:37.167+0000][61047.777s] GC(197)   Pre Evacuate Collection Set: 0.0ms
[2022-03-25T07:26:37.168+0000][61047.777s] GC(197)   Evacuate Collection Set: 57.8ms
[2022-03-25T07:26:37.168+0000][61047.778s] GC(197)   Post Evacuate Collection Set: 2.0ms
[2022-03-25T07:26:37.169+0000][61047.778s] GC(197)   Other: 2.7ms
[2022-03-25T07:26:37.169+0000][61047.778s] GC(197) Eden regions: 97->0(102)
[2022-03-25T07:26:37.169+0000][61047.779s] GC(197) Survivor regions: 2->2(13)
[2022-03-25T07:26:37.169+0000][61047.779s] GC(197) Old regions: 121->121
[2022-03-25T07:26:37.170+0000][61047.779s] GC(197) Humongous regions: 7->7
[2022-03-25T07:26:37.170+0000][61047.779s] GC(197) Metaspace: 63670K->63670K(1107968K)
[2022-03-25T07:26:37.170+0000][61047.780s] GC(197) Pause Young (Normal) (G1 Evacuation Pause) 224M->127M(512M) 65.879ms
[2022-03-25T07:26:37.172+0000][61047.781s] GC(197) User=0.05s Sys=0.01s Real=0.06s
[2022-03-25T07:26:50.027+0000][61060.637s] GC(198) Pause Young (Normal) (G1 Evacuation Pause)
[2022-03-25T07:26:50.038+0000][61060.648s] GC(198) Using 4 workers of 4 for evacuation
[2022-03-25T07:26:50.137+0000][61060.746s] GC(198)   Pre Evacuate Collection Set: 0.0ms
[2022-03-25T07:26:50.137+0000][61060.747s] GC(198)   Evacuate Collection Set: 93.1ms
[2022-03-25T07:26:50.138+0000][61060.747s] GC(198)   Post Evacuate Collection Set: 3.2ms
[2022-03-25T07:26:50.139+0000][61060.748s] GC(198)   Other: 12.9ms
[2022-03-25T07:26:50.151+0000][61060.760s] GC(198) Eden regions: 102->0(109)
[2022-03-25T07:26:50.158+0000][61060.767s] GC(198) Survivor regions: 2->2(13)
[2022-03-25T07:26:50.162+0000][61060.771s] GC(198) Old regions: 121->121
[2022-03-25T07:26:50.162+0000][61060.772s] GC(198) Humongous regions: 7->7
[2022-03-25T07:26:50.163+0000][61060.772s] GC(198) Metaspace: 63670K->63670K(1107968K)
[2022-03-25T07:26:50.163+0000][61060.772s] GC(198) Pause Young (Normal) (G1 Evacuation Pause) 229M->127M(512M) 135.583ms
[2022-03-25T07:26:50.163+0000][61060.773s] GC(198) User=0.06s Sys=0.01s Real=0.13s
[2022-03-25T07:26:54.586+0000][61065.195s] GC(199) Pause Young (Normal) (G1 Evacuation Pause)
[2022-03-25T07:26:54.587+0000][61065.196s] GC(199) Using 4 workers of 4 for evacuation
[2022-03-25T07:26:54.732+0000][61065.342s] GC(199)   Pre Evacuate Collection Set: 0.1ms
[2022-03-25T07:26:54.733+0000][61065.342s] GC(199)   Evacuate Collection Set: 140.0ms
[2022-03-25T07:26:54.733+0000][61065.342s] GC(199)   Post Evacuate Collection Set: 0.7ms
[2022-03-25T07:26:54.733+0000][61065.343s] GC(199)   Other: 5.7ms
[2022-03-25T07:26:54.733+0000][61065.343s] GC(199) Eden regions: 109->0(110)
[2022-03-25T07:26:54.736+0000][61065.345s] GC(199) Survivor regions: 2->2(14)
[2022-03-25T07:26:54.736+0000][61065.346s] GC(199) Old regions: 121->121
[2022-03-25T07:26:54.737+0000][61065.346s] GC(199) Humongous regions: 7->7
[2022-03-25T07:26:54.738+0000][61065.348s] GC(199) Metaspace: 63670K->63670K(1107968K)
[2022-03-25T07:26:54.739+0000][61065.349s] GC(199) Pause Young (Normal) (G1 Evacuation Pause) 236M->128M(512M) 153.304ms
[2022-03-25T07:26:54.743+0000][61065.353s] GC(199) User=0.07s Sys=0.00s Real=0.15s
[2022-03-25T07:26:57.697+0000][61068.307s] GC(200) Pause Young (Normal) (G1 Evacuation Pause)
[2022-03-25T07:26:57.701+0000][61068.310s] GC(200) Using 4 workers of 4 for evacuation
[2022-03-25T07:26:57.891+0000][61068.501s] GC(200)   Pre Evacuate Collection Set: 0.3ms
[2022-03-25T07:26:57.929+0000][61068.539s] GC(200)   Evacuate Collection Set: 125.2ms
[2022-03-25T07:26:57.957+0000][61068.566s] GC(200)   Post Evacuate Collection Set: 54.9ms
[2022-03-25T07:26:57.985+0000][61068.595s] GC(200)   Other: 13.4ms
[2022-03-25T07:26:58.002+0000][61068.611s] GC(200) Eden regions: 110->0(115)
[2022-03-25T07:26:58.018+0000][61068.627s] GC(200) Survivor regions: 2->2(14)
[2022-03-25T07:26:58.027+0000][61068.636s] GC(200) Old regions: 121->121
[2022-03-25T07:26:58.033+0000][61068.643s] GC(200) Humongous regions: 7->7
[2022-03-25T07:26:58.066+0000][61068.676s] GC(200) Metaspace: 63672K->63672K(1107968K)
[2022-03-25T07:26:58.099+0000][61068.709s] GC(200) Pause Young (Normal) (G1 Evacuation Pause) 238M->128M(512M) 401.894ms
[2022-03-25T07:26:58.115+0000][61068.725s] GC(200) User=0.04s Sys=0.15s Real=0.41s
[2022-03-25T07:27:03.635+0000][61074.245s] GC(201) Pause Young (Normal) (G1 Evacuation Pause)
[2022-03-25T07:27:03.646+0000][61074.255s] GC(201) Using 4 workers of 4 for evacuation
[2022-03-25T07:27:03.766+0000][61074.375s] GC(201)   Pre Evacuate Collection Set: 0.0ms
[2022-03-25T07:27:03.771+0000][61074.381s] GC(201)   Evacuate Collection Set: 117.2ms
[2022-03-25T07:27:03.778+0000][61074.387s] GC(201)   Post Evacuate Collection Set: 0.7ms
[2022-03-25T07:27:03.779+0000][61074.388s] GC(201)   Other: 13.0ms
[2022-03-25T07:27:03.779+0000][61074.388s] GC(201) Eden regions: 115->0(119)
[2022-03-25T07:27:03.792+0000][61074.401s] GC(201) Survivor regions: 2->2(15)
[2022-03-25T07:27:03.796+0000][61074.406s] GC(201) Old regions: 121->121
[2022-03-25T07:27:03.797+0000][61074.406s] GC(201) Humongous regions: 7->7
[2022-03-25T07:27:03.807+0000][61074.417s] GC(201) Metaspace: 63672K->63672K(1107968K)
[2022-03-25T07:27:03.815+0000][61074.424s] GC(201) Pause Young (Normal) (G1 Evacuation Pause) 243M->128M(512M) 179.643ms
[2022-03-25T07:27:03.826+0000][61074.435s] GC(201) User=0.09s Sys=0.00s Real=0.19s
[2022-03-25T07:35:52.367+0000][61602.977s] GC(202) Pause Young (Normal) (G1 Evacuation Pause)
[2022-03-25T07:35:52.368+0000][61602.978s] GC(202) Using 4 workers of 4 for evacuation
[2022-03-25T07:35:52.431+0000][61603.041s] GC(202)   Pre Evacuate Collection Set: 6.2ms
[2022-03-25T07:35:52.432+0000][61603.041s] GC(202)   Evacuate Collection Set: 47.4ms
[2022-03-25T07:35:52.432+0000][61603.042s] GC(202)   Post Evacuate Collection Set: 5.1ms
[2022-03-25T07:35:52.433+0000][61603.042s] GC(202)   Other: 5.9ms
[2022-03-25T07:35:52.433+0000][61603.042s] GC(202) Eden regions: 119->0(125)
[2022-03-25T07:35:52.433+0000][61603.043s] GC(202) Survivor regions: 2->2(16)
[2022-03-25T07:35:52.434+0000][61603.043s] GC(202) Old regions: 121->121
[2022-03-25T07:35:52.434+0000][61603.043s] GC(202) Humongous regions: 7->7
[2022-03-25T07:35:52.434+0000][61603.043s] GC(202) Metaspace: 63678K->63678K(1107968K)
[2022-03-25T07:35:52.435+0000][61603.044s] GC(202) Pause Young (Normal) (G1 Evacuation Pause) 247M->128M(512M) 67.494ms
[2022-03-25T07:35:52.435+0000][61603.044s] GC(202) User=0.21s Sys=0.00s Real=0.07s
[2022-03-25T08:27:42.288+0000][64712.897s] GC(203) Pause Young (Normal) (G1 Evacuation Pause)
[2022-03-25T08:27:42.300+0000][64712.910s] GC(203) Using 4 workers of 4 for evacuation
[2022-03-25T08:27:46.600+0000][64717.210s] GC(203) MMU target violated: 251.0ms (250.0ms/251.0ms)
[2022-03-25T08:27:46.603+0000][64717.212s] GC(203)   Pre Evacuate Collection Set: 534.7ms
[2022-03-25T08:27:46.613+0000][64717.223s] GC(203)   Evacuate Collection Set: 3720.9ms
[2022-03-25T08:27:46.619+0000][64717.228s] GC(203)   Post Evacuate Collection Set: 26.2ms
[2022-03-25T08:27:46.622+0000][64717.231s] GC(203)   Other: 35.0ms
[2022-03-25T08:27:46.632+0000][64717.241s] GC(203) Eden regions: 125->0(21)
[2022-03-25T08:27:46.654+0000][64717.263s] GC(203) Survivor regions: 2->4(16)
[2022-03-25T08:27:46.656+0000][64717.265s] GC(203) Old regions: 121->121
[2022-03-25T08:27:46.660+0000][64717.270s] GC(203) Humongous regions: 7->7
[2022-03-25T08:27:46.662+0000][64717.271s] GC(203) Metaspace: 63678K->63678K(1107968K)
[2022-03-25T08:27:46.670+0000][64717.280s] GC(203) Pause Young (Normal) (G1 Evacuation Pause) 253M->129M(512M) 4381.930ms
[2022-03-25T08:27:46.672+0000][64717.282s] GC(203) User=2.58s Sys=1.38s Real=4.39s
[2022-03-25T08:27:53.891+0000][64724.501s] GC(204) Pause Young (Normal) (G1 Evacuation Pause)
[2022-03-25T08:27:54.141+0000][64724.751s] GC(204) Using 4 workers of 4 for evacuation
[2022-03-25T08:27:56.740+0000][64727.350s] GC(204) MMU target violated: 251.0ms (250.0ms/251.0ms)
[2022-03-25T08:27:56.956+0000][64727.565s] GC(204)   Pre Evacuate Collection Set: 0.2ms
[2022-03-25T08:27:57.148+0000][64727.758s] GC(204)   Evacuate Collection Set: 1958.6ms
[2022-03-25T08:27:57.337+0000][64727.947s] GC(204)   Post Evacuate Collection Set: 376.0ms
[2022-03-25T08:27:57.380+0000][64727.989s] GC(204)   Other: 729.8ms
[2022-03-25T08:27:57.405+0000][64728.015s] GC(204) Eden regions: 21->0(23)
[2022-03-25T08:27:57.619+0000][64728.228s] GC(204) Survivor regions: 4->2(4)
[2022-03-25T08:27:57.756+0000][64728.365s] GC(204) Old regions: 121->123
[2022-03-25T08:27:57.810+0000][64728.419s] GC(204) Humongous regions: 7->7
[2022-03-25T08:27:57.848+0000][64728.457s] GC(204) Metaspace: 63678K->63678K(1107968K)
[2022-03-25T08:27:57.919+0000][64728.528s] GC(204) Pause Young (Normal) (G1 Evacuation Pause) 150M->129M(512M) 4027.665ms
[2022-03-25T08:27:57.965+0000][64728.575s] GC(204) User=0.26s Sys=0.19s Real=4.06s
[2022-03-25T08:27:59.753+0000][64730.362s] GC(205) Pause Young (Normal) (G1 Evacuation Pause)
[2022-03-25T08:27:59.923+0000][64730.532s] GC(205) Using 4 workers of 4 for evacuation
[2022-03-25T08:28:02.094+0000][64732.704s] GC(205) MMU target violated: 251.0ms (250.0ms/251.0ms)
[2022-03-25T08:28:02.234+0000][64732.844s] GC(205)   Pre Evacuate Collection Set: 0.0ms
[2022-03-25T08:28:02.354+0000][64732.963s] GC(205)   Evacuate Collection Set: 1986.6ms
[2022-03-25T08:28:02.384+0000][64732.994s] GC(205)   Post Evacuate Collection Set: 0.7ms
[2022-03-25T08:28:02.397+0000][64733.007s] GC(205)   Other: 494.4ms
[2022-03-25T08:28:02.417+0000][64733.026s] GC(205) Eden regions: 23->0(23)
[2022-03-25T08:28:02.460+0000][64733.070s] GC(205) Survivor regions: 2->2(4)
[2022-03-25T08:28:02.506+0000][64733.116s] GC(205) Old regions: 123->123
[2022-03-25T08:28:02.524+0000][64733.133s] GC(205) Humongous regions: 7->7
[2022-03-25T08:28:02.558+0000][64733.168s] GC(205) Metaspace: 63679K->63679K(1107968K)
[2022-03-25T08:28:02.600+0000][64733.209s] GC(205) Pause Young (Normal) (G1 Evacuation Pause) 152M->129M(512M) 2847.086ms
[2022-03-25T08:28:02.617+0000][64733.226s] GC(205) User=0.77s Sys=0.35s Real=2.91s
[2022-03-25T08:28:06.392+0000][64737.001s] GC(206) Pause Young (Normal) (G1 Evacuation Pause)
[2022-03-25T08:28:06.551+0000][64737.160s] GC(206) Using 4 workers of 4 for evacuation
[2022-03-25T08:28:07.125+0000][64737.734s] GC(206)   Pre Evacuate Collection Set: 0.0ms
[2022-03-25T08:28:07.229+0000][64737.838s] GC(206)   Evacuate Collection Set: 205.1ms
[2022-03-25T08:28:07.284+0000][64737.894s] GC(206)   Post Evacuate Collection Set: 0.6ms
[2022-03-25T08:28:07.333+0000][64737.942s] GC(206)   Other: 527.1ms
[2022-03-25T08:28:07.362+0000][64737.971s] GC(206) Eden regions: 23->0(23)
[2022-03-25T08:28:07.477+0000][64738.086s] GC(206) Survivor regions: 2->2(4)
[2022-03-25T08:28:07.585+0000][64738.194s] GC(206) Old regions: 123->123
[2022-03-25T08:28:07.741+0000][64738.351s] GC(206) Humongous regions: 7->7
[2022-03-25T08:28:07.851+0000][64738.460s] GC(206) Metaspace: 63683K->63683K(1107968K)
[2022-03-25T08:28:07.933+0000][64738.542s] GC(206) Pause Young (Normal) (G1 Evacuation Pause) 152M->129M(512M) 1540.610ms
[2022-03-25T08:28:07.985+0000][64738.594s] GC(206) User=0.11s Sys=0.07s Real=1.58s
[2022-03-25T08:28:10.489+0000][64741.099s] GC(207) Pause Young (Normal) (G1 Evacuation Pause)
[2022-03-25T08:28:10.553+0000][64741.162s] GC(207) Using 4 workers of 4 for evacuation
[2022-03-25T08:28:11.215+0000][64741.825s] GC(207) MMU target violated: 251.0ms (250.0ms/251.0ms)
[2022-03-25T08:28:11.281+0000][64741.891s] GC(207)   Pre Evacuate Collection Set: 0.1ms
[2022-03-25T08:28:11.356+0000][64741.966s] GC(207)   Evacuate Collection Set: 593.7ms
[2022-03-25T08:28:11.432+0000][64742.042s] GC(207)   Post Evacuate Collection Set: 0.4ms
[2022-03-25T08:28:11.471+0000][64742.080s] GC(207)   Other: 197.9ms
[2022-03-25T08:28:11.497+0000][64742.107s] GC(207) Eden regions: 23->0(23)
[2022-03-25T08:28:11.523+0000][64742.132s] GC(207) Survivor regions: 2->2(4)
[2022-03-25T08:28:11.565+0000][64742.174s] GC(207) Old regions: 123->123
[2022-03-25T08:28:11.604+0000][64742.213s] GC(207) Humongous regions: 7->7
[2022-03-25T08:28:11.642+0000][64742.252s] GC(207) Metaspace: 63689K->63689K(1107968K)
[2022-03-25T08:28:11.686+0000][64742.295s] GC(207) Pause Young (Normal) (G1 Evacuation Pause) 152M->130M(512M) 1196.536ms
[2022-03-25T08:28:11.762+0000][64742.372s] GC(207) User=0.24s Sys=0.23s Real=1.27s
[2022-03-25T08:28:12.940+0000][64743.549s] GC(208) Pause Young (Normal) (G1 Evacuation Pause)
[2022-03-25T08:28:13.010+0000][64743.619s] GC(208) Using 4 workers of 4 for evacuation
[2022-03-25T08:28:13.177+0000][64743.787s] GC(208)   Pre Evacuate Collection Set: 0.0ms
[2022-03-25T08:28:13.184+0000][64743.794s] GC(208)   Evacuate Collection Set: 104.8ms
[2022-03-25T08:28:13.200+0000][64743.809s] GC(208)   Post Evacuate Collection Set: 0.5ms
[2022-03-25T08:28:13.221+0000][64743.830s] GC(208)   Other: 132.1ms
[2022-03-25T08:28:13.229+0000][64743.839s] GC(208) Eden regions: 23->0(23)
[2022-03-25T08:28:13.237+0000][64743.846s] GC(208) Survivor regions: 2->2(4)
[2022-03-25T08:28:13.252+0000][64743.862s] GC(208) Old regions: 123->123
[2022-03-25T08:28:13.278+0000][64743.887s] GC(208) Humongous regions: 7->7
[2022-03-25T08:28:13.301+0000][64743.910s] GC(208) Metaspace: 63689K->63689K(1107968K)
[2022-03-25T08:28:13.334+0000][64743.944s] GC(208) Pause Young (Normal) (G1 Evacuation Pause) 153M->130M(512M) 394.407ms
[2022-03-25T08:28:13.350+0000][64743.960s] GC(208) User=0.07s Sys=0.05s Real=0.44s
[2022-03-25T08:28:14.105+0000][64744.715s] GC(209) Pause Young (Normal) (G1 Evacuation Pause)
[2022-03-25T08:28:14.155+0000][64744.765s] GC(209) Using 4 workers of 4 for evacuation
[2022-03-25T08:28:14.289+0000][64744.898s] GC(209)   Pre Evacuate Collection Set: 0.0ms
[2022-03-25T08:28:14.298+0000][64744.908s] GC(209)   Evacuate Collection Set: 65.2ms
[2022-03-25T08:28:14.300+0000][64744.909s] GC(209)   Post Evacuate Collection Set: 0.4ms
[2022-03-25T08:28:14.306+0000][64744.915s] GC(209)   Other: 118.2ms
[2022-03-25T08:28:14.310+0000][64744.919s] GC(209) Eden regions: 23->0(23)
[2022-03-25T08:28:14.322+0000][64744.932s] GC(209) Survivor regions: 2->2(4)
[2022-03-25T08:28:14.344+0000][64744.954s] GC(209) Old regions: 123->123
[2022-03-25T08:28:14.387+0000][64744.997s] GC(209) Humongous regions: 7->7
[2022-03-25T08:28:14.415+0000][64745.024s] GC(209) Metaspace: 63689K->63689K(1107968K)
[2022-03-25T08:28:14.442+0000][64745.052s] GC(209) Pause Young (Normal) (G1 Evacuation Pause) 153M->129M(512M) 337.241ms
[2022-03-25T08:28:14.460+0000][64745.069s] GC(209) User=0.04s Sys=0.02s Real=0.35s
[2022-03-25T08:28:35.898+0000][64766.507s] GC(210) Pause Young (Normal) (G1 Evacuation Pause)
[2022-03-25T08:28:35.910+0000][64766.520s] GC(210) Using 4 workers of 4 for evacuation
[2022-03-25T08:28:36.043+0000][64766.653s] GC(210)   Pre Evacuate Collection Set: 0.1ms
[2022-03-25T08:28:36.055+0000][64766.664s] GC(210)   Evacuate Collection Set: 126.8ms
[2022-03-25T08:28:36.059+0000][64766.668s] GC(210)   Post Evacuate Collection Set: 0.5ms
[2022-03-25T08:28:36.068+0000][64766.677s] GC(210)   Other: 18.1ms
[2022-03-25T08:28:36.071+0000][64766.680s] GC(210) Eden regions: 23->0(23)
[2022-03-25T08:28:36.076+0000][64766.685s] GC(210) Survivor regions: 2->2(4)
[2022-03-25T08:28:36.077+0000][64766.686s] GC(210) Old regions: 123->123
[2022-03-25T08:28:36.093+0000][64766.702s] GC(210) Humongous regions: 7->7
[2022-03-25T08:28:36.098+0000][64766.707s] GC(210) Metaspace: 63689K->63689K(1107968K)
[2022-03-25T08:28:36.108+0000][64766.718s] GC(210) Pause Young (Normal) (G1 Evacuation Pause) 152M->129M(512M) 210.620ms
[2022-03-25T08:28:36.125+0000][64766.734s] GC(210) User=0.07s Sys=0.01s Real=0.23s
[2022-03-25T08:28:37.241+0000][64767.850s] GC(211) Pause Young (Normal) (G1 Evacuation Pause)
[2022-03-25T08:28:37.256+0000][64767.866s] GC(211) Using 4 workers of 4 for evacuation
[2022-03-25T08:28:37.334+0000][64767.944s] GC(211)   Pre Evacuate Collection Set: 0.0ms
[2022-03-25T08:28:37.346+0000][64767.955s] GC(211)   Evacuate Collection Set: 52.0ms
[2022-03-25T08:28:37.362+0000][64767.971s] GC(211)   Post Evacuate Collection Set: 18.4ms
[2022-03-25T08:28:37.384+0000][64767.994s] GC(211)   Other: 23.3ms
[2022-03-25T08:28:37.388+0000][64767.997s] GC(211) Eden regions: 23->0(26)
[2022-03-25T08:28:37.390+0000][64767.999s] GC(211) Survivor regions: 2->2(4)
[2022-03-25T08:28:37.392+0000][64768.002s] GC(211) Old regions: 123->123
[2022-03-25T08:28:37.397+0000][64768.006s] GC(211) Humongous regions: 7->7
[2022-03-25T08:28:37.400+0000][64768.010s] GC(211) Metaspace: 63689K->63689K(1107968K)
[2022-03-25T08:28:37.411+0000][64768.020s] GC(211) Pause Young (Normal) (G1 Evacuation Pause) 152M->129M(512M) 170.044ms
[2022-03-25T08:28:37.413+0000][64768.022s] GC(211) User=0.02s Sys=0.00s Real=0.17s
[2022-03-25T08:28:38.839+0000][64769.449s] GC(212) Pause Young (Normal) (G1 Evacuation Pause)
[2022-03-25T08:28:38.849+0000][64769.458s] GC(212) Using 4 workers of 4 for evacuation
[2022-03-25T08:28:38.907+0000][64769.516s] GC(212)   Pre Evacuate Collection Set: 0.1ms
[2022-03-25T08:28:38.925+0000][64769.535s] GC(212)   Evacuate Collection Set: 41.4ms
[2022-03-25T08:28:38.926+0000][64769.535s] GC(212)   Post Evacuate Collection Set: 0.4ms
[2022-03-25T08:28:38.926+0000][64769.535s] GC(212)   Other: 25.6ms
[2022-03-25T08:28:38.941+0000][64769.550s] GC(212) Eden regions: 26->0(30)
[2022-03-25T08:28:38.944+0000][64769.553s] GC(212) Survivor regions: 2->2(4)
[2022-03-25T08:28:38.965+0000][64769.574s] GC(212) Old regions: 123->123
[2022-03-25T08:28:38.974+0000][64769.584s] GC(212) Humongous regions: 7->7
[2022-03-25T08:28:38.986+0000][64769.595s] GC(212) Metaspace: 63689K->63689K(1107968K)
[2022-03-25T08:28:38.990+0000][64769.599s] GC(212) Pause Young (Normal) (G1 Evacuation Pause) 155M->129M(512M) 150.306ms
[2022-03-25T08:28:39.000+0000][64769.610s] GC(212) User=0.04s Sys=0.03s Real=0.16s
[2022-03-25T08:28:39.783+0000][64770.392s] GC(213) Pause Young (Normal) (G1 Evacuation Pause)
[2022-03-25T08:28:39.791+0000][64770.401s] GC(213) Using 4 workers of 4 for evacuation
[2022-03-25T08:28:39.886+0000][64770.496s] GC(213)   Pre Evacuate Collection Set: 0.1ms
[2022-03-25T08:28:39.887+0000][64770.496s] GC(213)   Evacuate Collection Set: 84.3ms
[2022-03-25T08:28:39.888+0000][64770.497s] GC(213)   Post Evacuate Collection Set: 9.5ms
[2022-03-25T08:28:39.888+0000][64770.498s] GC(213)   Other: 9.8ms
[2022-03-25T08:28:39.889+0000][64770.498s] GC(213) Eden regions: 30->0(34)
[2022-03-25T08:28:39.889+0000][64770.499s] GC(213) Survivor regions: 2->2(4)
[2022-03-25T08:28:39.890+0000][64770.499s] GC(213) Old regions: 123->123
[2022-03-25T08:28:39.890+0000][64770.500s] GC(213) Humongous regions: 7->7
[2022-03-25T08:28:39.891+0000][64770.500s] GC(213) Metaspace: 63689K->63689K(1107968K)
[2022-03-25T08:28:39.892+0000][64770.501s] GC(213) Pause Young (Normal) (G1 Evacuation Pause) 159M->129M(512M) 109.201ms
[2022-03-25T08:28:39.892+0000][64770.502s] GC(213) User=0.08s Sys=0.00s Real=0.11s
[2022-03-25T08:28:41.255+0000][64771.864s] GC(214) Pause Young (Normal) (G1 Evacuation Pause)
[2022-03-25T08:28:41.268+0000][64771.877s] GC(214) Using 4 workers of 4 for evacuation
[2022-03-25T08:28:41.372+0000][64771.981s] GC(214)   Pre Evacuate Collection Set: 0.0ms
[2022-03-25T08:28:41.372+0000][64771.982s] GC(214)   Evacuate Collection Set: 71.9ms
[2022-03-25T08:28:41.373+0000][64771.983s] GC(214)   Post Evacuate Collection Set: 14.9ms
[2022-03-25T08:28:41.374+0000][64771.984s] GC(214)   Other: 30.4ms
[2022-03-25T08:28:41.375+0000][64771.984s] GC(214) Eden regions: 34->0(39)
[2022-03-25T08:28:41.376+0000][64771.986s] GC(214) Survivor regions: 2->2(5)
[2022-03-25T08:28:41.377+0000][64771.986s] GC(214) Old regions: 123->123
[2022-03-25T08:28:41.377+0000][64771.986s] GC(214) Humongous regions: 7->7
[2022-03-25T08:28:41.377+0000][64771.987s] GC(214) Metaspace: 63689K->63689K(1107968K)
[2022-03-25T08:28:41.378+0000][64771.987s] GC(214) Pause Young (Normal) (G1 Evacuation Pause) 163M->129M(512M) 123.013ms
[2022-03-25T08:28:41.378+0000][64771.987s] GC(214) User=0.08s Sys=0.00s Real=0.12s
[2022-03-25T08:28:44.273+0000][64774.882s] GC(215) Pause Young (Normal) (G1 Evacuation Pause)
[2022-03-25T08:28:44.289+0000][64774.899s] GC(215) Using 4 workers of 4 for evacuation
[2022-03-25T08:28:44.370+0000][64774.980s] GC(215)   Pre Evacuate Collection Set: 0.0ms
[2022-03-25T08:28:44.375+0000][64774.984s] GC(215)   Evacuate Collection Set: 75.6ms
[2022-03-25T08:28:44.376+0000][64774.985s] GC(215)   Post Evacuate Collection Set: 1.1ms
[2022-03-25T08:28:44.384+0000][64774.993s] GC(215)   Other: 21.2ms
[2022-03-25T08:28:44.393+0000][64775.003s] GC(215) Eden regions: 39->0(44)
[2022-03-25T08:28:44.400+0000][64775.010s] GC(215) Survivor regions: 2->2(6)
[2022-03-25T08:28:44.410+0000][64775.019s] GC(215) Old regions: 123->123
[2022-03-25T08:28:44.420+0000][64775.030s] GC(215) Humongous regions: 7->7
[2022-03-25T08:28:44.432+0000][64775.042s] GC(215) Metaspace: 63689K->63689K(1107968K)
[2022-03-25T08:28:44.442+0000][64775.051s] GC(215) Pause Young (Normal) (G1 Evacuation Pause) 168M->129M(512M) 169.276ms
[2022-03-25T08:28:44.466+0000][64775.076s] GC(215) User=0.06s Sys=0.03s Real=0.20s
[2022-03-25T08:28:48.538+0000][64779.147s] GC(216) Pause Young (Normal) (G1 Evacuation Pause)
[2022-03-25T08:28:48.539+0000][64779.148s] GC(216) Using 4 workers of 4 for evacuation
[2022-03-25T08:28:48.611+0000][64779.220s] GC(216)   Pre Evacuate Collection Set: 0.1ms
[2022-03-25T08:28:48.614+0000][64779.223s] GC(216)   Evacuate Collection Set: 52.3ms
[2022-03-25T08:28:48.623+0000][64779.233s] GC(216)   Post Evacuate Collection Set: 12.2ms
[2022-03-25T08:28:48.626+0000][64779.236s] GC(216)   Other: 8.1ms
[2022-03-25T08:28:48.639+0000][64779.249s] GC(216) Eden regions: 44->0(50)
[2022-03-25T08:28:48.642+0000][64779.252s] GC(216) Survivor regions: 2->2(6)
[2022-03-25T08:28:48.657+0000][64779.267s] GC(216) Old regions: 123->123
[2022-03-25T08:28:48.685+0000][64779.294s] GC(216) Humongous regions: 7->7
[2022-03-25T08:28:48.696+0000][64779.306s] GC(216) Metaspace: 63689K->63689K(1107968K)
[2022-03-25T08:28:48.727+0000][64779.336s] GC(216) Pause Young (Normal) (G1 Evacuation Pause) 173M->129M(512M) 188.494ms
[2022-03-25T08:28:48.739+0000][64779.348s] GC(216) User=0.04s Sys=0.04s Real=0.22s
[2022-03-25T08:28:52.158+0000][64782.767s] GC(217) Pause Young (Normal) (G1 Evacuation Pause)
[2022-03-25T08:28:52.169+0000][64782.779s] GC(217) Using 4 workers of 4 for evacuation
[2022-03-25T08:28:52.299+0000][64782.908s] GC(217)   Pre Evacuate Collection Set: 0.1ms
[2022-03-25T08:28:52.305+0000][64782.914s] GC(217)   Evacuate Collection Set: 117.3ms
[2022-03-25T08:28:52.308+0000][64782.917s] GC(217)   Post Evacuate Collection Set: 0.6ms
[2022-03-25T08:28:52.315+0000][64782.924s] GC(217)   Other: 23.1ms
[2022-03-25T08:28:52.321+0000][64782.930s] GC(217) Eden regions: 50->0(51)
[2022-03-25T08:28:52.330+0000][64782.939s] GC(217) Survivor regions: 2->2(7)
[2022-03-25T08:28:52.336+0000][64782.945s] GC(217) Old regions: 123->123
[2022-03-25T08:28:52.341+0000][64782.951s] GC(217) Humongous regions: 7->7
[2022-03-25T08:28:52.353+0000][64782.963s] GC(217) Metaspace: 63689K->63689K(1107968K)
[2022-03-25T08:28:52.363+0000][64782.972s] GC(217) Pause Young (Normal) (G1 Evacuation Pause) 179M->129M(512M) 204.677ms
[2022-03-25T08:28:52.378+0000][64782.987s] GC(217) User=0.05s Sys=0.06s Real=0.22s
[2022-03-25T08:28:55.131+0000][64785.740s] GC(218) Pause Young (Normal) (G1 Evacuation Pause)
[2022-03-25T08:28:55.134+0000][64785.744s] GC(218) Using 4 workers of 4 for evacuation
[2022-03-25T08:28:55.198+0000][64785.808s] GC(218)   Pre Evacuate Collection Set: 0.0ms
[2022-03-25T08:28:55.201+0000][64785.810s] GC(218)   Evacuate Collection Set: 52.2ms
[2022-03-25T08:28:55.209+0000][64785.819s] GC(218)   Post Evacuate Collection Set: 0.8ms
[2022-03-25T08:28:55.233+0000][64785.843s] GC(218)   Other: 14.7ms
[2022-03-25T08:28:55.251+0000][64785.860s] GC(218) Eden regions: 51->0(58)
[2022-03-25T08:28:55.253+0000][64785.863s] GC(218) Survivor regions: 2->2(7)
[2022-03-25T08:28:55.254+0000][64785.864s] GC(218) Old regions: 123->123
[2022-03-25T08:28:55.258+0000][64785.868s] GC(218) Humongous regions: 7->7
[2022-03-25T08:28:55.267+0000][64785.876s] GC(218) Metaspace: 63689K->63689K(1107968K)
[2022-03-25T08:28:55.267+0000][64785.877s] GC(218) Pause Young (Normal) (G1 Evacuation Pause) 180M->130M(512M) 136.860ms
[2022-03-25T08:28:55.269+0000][64785.879s] GC(218) User=0.04s Sys=0.01s Real=0.13s
[2022-03-25T08:29:02.769+0000][64793.378s] GC(219) Pause Young (Normal) (G1 Evacuation Pause)
[2022-03-25T08:29:02.774+0000][64793.383s] GC(219) Using 4 workers of 4 for evacuation
[2022-03-25T08:29:02.849+0000][64793.459s] GC(219)   Pre Evacuate Collection Set: 0.1ms
[2022-03-25T08:29:02.850+0000][64793.459s] GC(219)   Evacuate Collection Set: 55.2ms
[2022-03-25T08:29:02.859+0000][64793.468s] GC(219)   Post Evacuate Collection Set: 0.8ms
[2022-03-25T08:29:02.863+0000][64793.472s] GC(219)   Other: 24.2ms
[2022-03-25T08:29:02.866+0000][64793.475s] GC(219) Eden regions: 58->0(63)
[2022-03-25T08:29:02.867+0000][64793.476s] GC(219) Survivor regions: 2->2(8)
[2022-03-25T08:29:02.868+0000][64793.477s] GC(219) Old regions: 123->124
[2022-03-25T08:29:02.875+0000][64793.484s] GC(219) Humongous regions: 7->7
[2022-03-25T08:29:02.877+0000][64793.487s] GC(219) Metaspace: 63689K->63689K(1107968K)
[2022-03-25T08:29:02.880+0000][64793.490s] GC(219) Pause Young (Normal) (G1 Evacuation Pause) 188M->129M(512M) 111.637ms
[2022-03-25T08:29:02.882+0000][64793.492s] GC(219) User=0.05s Sys=0.01s Real=0.11s
[2022-03-25T08:29:06.953+0000][64797.563s] GC(220) Pause Young (Normal) (G1 Evacuation Pause)
[2022-03-25T08:29:06.959+0000][64797.569s] GC(220) Using 4 workers of 4 for evacuation
[2022-03-25T08:29:07.010+0000][64797.619s] GC(220)   Pre Evacuate Collection Set: 0.0ms
[2022-03-25T08:29:07.011+0000][64797.620s] GC(220)   Evacuate Collection Set: 48.9ms
[2022-03-25T08:29:07.011+0000][64797.620s] GC(220)   Post Evacuate Collection Set: 1.0ms
[2022-03-25T08:29:07.011+0000][64797.620s] GC(220)   Other: 6.8ms
[2022-03-25T08:29:07.012+0000][64797.621s] GC(220) Eden regions: 63->0(72)
[2022-03-25T08:29:07.013+0000][64797.622s] GC(220) Survivor regions: 2->2(9)
[2022-03-25T08:29:07.013+0000][64797.623s] GC(220) Old regions: 124->124
[2022-03-25T08:29:07.014+0000][64797.623s] GC(220) Humongous regions: 7->7
[2022-03-25T08:29:07.014+0000][64797.623s] GC(220) Metaspace: 63698K->63698K(1107968K)
[2022-03-25T08:29:07.014+0000][64797.624s] GC(220) Pause Young (Normal) (G1 Evacuation Pause) 192M->130M(512M) 60.844ms
[2022-03-25T08:29:07.015+0000][64797.624s] GC(220) User=0.05s Sys=0.00s Real=0.07s
[2022-03-25T08:29:09.019+0000][64799.628s] GC(221) Pause Young (Normal) (G1 Evacuation Pause)
[2022-03-25T08:29:09.035+0000][64799.645s] GC(221) Using 4 workers of 4 for evacuation
[2022-03-25T08:29:09.266+0000][64799.876s] GC(221)   Pre Evacuate Collection Set: 0.1ms
[2022-03-25T08:29:09.275+0000][64799.885s] GC(221)   Evacuate Collection Set: 226.6ms
[2022-03-25T08:29:09.284+0000][64799.893s] GC(221)   Post Evacuate Collection Set: 0.7ms
[2022-03-25T08:29:09.299+0000][64799.908s] GC(221)   Other: 20.3ms
[2022-03-25T08:29:09.311+0000][64799.921s] GC(221) Eden regions: 72->0(76)
[2022-03-25T08:29:09.327+0000][64799.937s] GC(221) Survivor regions: 2->2(10)
[2022-03-25T08:29:09.344+0000][64799.953s] GC(221) Old regions: 124->124
[2022-03-25T08:29:09.360+0000][64799.969s] GC(221) Humongous regions: 7->7
[2022-03-25T08:29:09.374+0000][64799.984s] GC(221) Metaspace: 63698K->63698K(1107968K)
[2022-03-25T08:29:09.388+0000][64799.997s] GC(221) Pause Young (Normal) (G1 Evacuation Pause) 202M->130M(512M) 368.966ms
[2022-03-25T08:29:09.411+0000][64800.021s] GC(221) User=0.04s Sys=0.05s Real=0.39s
[2022-03-25T08:29:14.192+0000][64804.802s] GC(222) Pause Young (Normal) (G1 Evacuation Pause)
[2022-03-25T08:29:14.200+0000][64804.809s] GC(222) Using 4 workers of 4 for evacuation
[2022-03-25T08:29:14.248+0000][64804.857s] GC(222)   Pre Evacuate Collection Set: 0.0ms
[2022-03-25T08:29:14.249+0000][64804.859s] GC(222)   Evacuate Collection Set: 44.7ms
[2022-03-25T08:29:14.250+0000][64804.859s] GC(222)   Post Evacuate Collection Set: 0.6ms
[2022-03-25T08:29:14.250+0000][64804.859s] GC(222)   Other: 10.5ms
[2022-03-25T08:29:14.250+0000][64804.860s] GC(222) Eden regions: 76->0(89)
[2022-03-25T08:29:14.250+0000][64804.860s] GC(222) Survivor regions: 2->2(10)
[2022-03-25T08:29:14.251+0000][64804.860s] GC(222) Old regions: 124->124
[2022-03-25T08:29:14.251+0000][64804.861s] GC(222) Humongous regions: 7->7
[2022-03-25T08:29:14.252+0000][64804.861s] GC(222) Metaspace: 63698K->63698K(1107968K)
[2022-03-25T08:29:14.253+0000][64804.862s] GC(222) Pause Young (Normal) (G1 Evacuation Pause) 206M->129M(512M) 60.409ms
[2022-03-25T08:29:14.253+0000][64804.862s] GC(222) User=0.04s Sys=0.00s Real=0.06s
[2022-03-25T08:29:17.212+0000][64807.821s] GC(223) Pause Young (Normal) (G1 Evacuation Pause)
[2022-03-25T08:29:17.215+0000][64807.824s] GC(223) Using 4 workers of 4 for evacuation
[2022-03-25T08:29:17.422+0000][64808.032s] GC(223)   Pre Evacuate Collection Set: 0.0ms
[2022-03-25T08:29:17.429+0000][64808.039s] GC(223)   Evacuate Collection Set: 206.1ms
[2022-03-25T08:29:17.435+0000][64808.044s] GC(223)   Post Evacuate Collection Set: 0.8ms
[2022-03-25T08:29:17.458+0000][64808.068s] GC(223)   Other: 3.6ms
[2022-03-25T08:29:17.467+0000][64808.077s] GC(223) Eden regions: 89->0(69)
[2022-03-25T08:29:17.499+0000][64808.109s] GC(223) Survivor regions: 2->2(12)
[2022-03-25T08:29:17.550+0000][64808.159s] GC(223) Old regions: 124->124
[2022-03-25T08:29:17.571+0000][64808.180s] GC(223) Humongous regions: 7->7
[2022-03-25T08:29:17.591+0000][64808.201s] GC(223) Metaspace: 63698K->63698K(1107968K)
[2022-03-25T08:29:17.626+0000][64808.235s] GC(223) Pause Young (Normal) (G1 Evacuation Pause) 218M->130M(512M) 413.484ms
[2022-03-25T08:29:17.640+0000][64808.250s] GC(223) User=0.06s Sys=0.11s Real=0.43s
[2022-03-25T08:29:20.543+0000][64811.153s] GC(224) Pause Young (Normal) (G1 Evacuation Pause)
[2022-03-25T08:29:20.544+0000][64811.153s] GC(224) Using 4 workers of 4 for evacuation
[2022-03-25T08:29:20.593+0000][64811.203s] GC(224)   Pre Evacuate Collection Set: 0.0ms
[2022-03-25T08:29:20.599+0000][64811.208s] GC(224)   Evacuate Collection Set: 48.0ms
[2022-03-25T08:29:20.601+0000][64811.210s] GC(224)   Post Evacuate Collection Set: 0.9ms
[2022-03-25T08:29:20.602+0000][64811.212s] GC(224)   Other: 1.1ms
[2022-03-25T08:29:20.604+0000][64811.213s] GC(224) Eden regions: 69->0(82)
[2022-03-25T08:29:20.605+0000][64811.214s] GC(224) Survivor regions: 2->2(9)
[2022-03-25T08:29:20.607+0000][64811.216s] GC(224) Old regions: 124->124
[2022-03-25T08:29:20.609+0000][64811.219s] GC(224) Humongous regions: 7->7
[2022-03-25T08:29:20.617+0000][64811.226s] GC(224) Metaspace: 63698K->63698K(1107968K)
[2022-03-25T08:29:20.648+0000][64811.258s] GC(224) Pause Young (Normal) (G1 Evacuation Pause) 199M->130M(512M) 104.966ms
[2022-03-25T08:29:20.652+0000][64811.261s] GC(224) User=0.03s Sys=0.01s Real=0.11s
[2022-03-25T08:29:22.943+0000][64813.552s] GC(225) Pause Young (Normal) (G1 Evacuation Pause)
[2022-03-25T08:29:22.949+0000][64813.558s] GC(225) Using 4 workers of 4 for evacuation
[2022-03-25T08:29:23.004+0000][64813.614s] GC(225)   Pre Evacuate Collection Set: 0.0ms
[2022-03-25T08:29:23.005+0000][64813.614s] GC(225)   Evacuate Collection Set: 45.0ms
[2022-03-25T08:29:23.005+0000][64813.615s] GC(225)   Post Evacuate Collection Set: 8.7ms
[2022-03-25T08:29:23.006+0000][64813.615s] GC(225)   Other: 8.2ms
[2022-03-25T08:29:23.006+0000][64813.616s] GC(225) Eden regions: 82->0(98)
[2022-03-25T08:29:23.007+0000][64813.616s] GC(225) Survivor regions: 2->2(11)
[2022-03-25T08:29:23.007+0000][64813.616s] GC(225) Old regions: 124->124
[2022-03-25T08:29:23.008+0000][64813.618s] GC(225) Humongous regions: 7->7
[2022-03-25T08:29:23.010+0000][64813.619s] GC(225) Metaspace: 63698K->63698K(1107968K)
[2022-03-25T08:29:23.016+0000][64813.626s] GC(225) Pause Young (Normal) (G1 Evacuation Pause) 212M->130M(512M) 73.822ms
[2022-03-25T08:29:23.017+0000][64813.626s] GC(225) User=0.05s Sys=0.00s Real=0.08s
[2022-03-25T08:29:28.418+0000][64819.028s] GC(226) Pause Young (Normal) (G1 Evacuation Pause)
[2022-03-25T08:29:28.441+0000][64819.050s] GC(226) Using 4 workers of 4 for evacuation
[2022-03-25T08:29:29.267+0000][64819.876s] GC(226) MMU target violated: 251.0ms (250.0ms/251.0ms)
[2022-03-25T08:29:29.268+0000][64819.877s] GC(226)   Pre Evacuate Collection Set: 0.1ms
[2022-03-25T08:29:29.268+0000][64819.877s] GC(226)   Evacuate Collection Set: 751.1ms
[2022-03-25T08:29:29.269+0000][64819.878s] GC(226)   Post Evacuate Collection Set: 7.1ms
[2022-03-25T08:29:29.269+0000][64819.879s] GC(226)   Other: 91.1ms
[2022-03-25T08:29:29.285+0000][64819.894s] GC(226) Eden regions: 98->0(38)
[2022-03-25T08:29:29.290+0000][64819.899s] GC(226) Survivor regions: 2->2(13)
[2022-03-25T08:29:29.292+0000][64819.902s] GC(226) Old regions: 124->124
[2022-03-25T08:29:29.296+0000][64819.906s] GC(226) Humongous regions: 7->7
[2022-03-25T08:29:29.303+0000][64819.913s] GC(226) Metaspace: 63700K->63700K(1107968K)
[2022-03-25T08:29:29.308+0000][64819.917s] GC(226) Pause Young (Normal) (G1 Evacuation Pause) 228M->130M(512M) 889.388ms
[2022-03-25T08:29:29.308+0000][64819.918s] GC(226) User=0.26s Sys=0.38s Real=0.89s
[2022-03-25T08:29:30.407+0000][64821.017s] GC(227) Pause Young (Normal) (G1 Evacuation Pause)
[2022-03-25T08:29:30.425+0000][64821.034s] GC(227) Using 4 workers of 4 for evacuation
[2022-03-25T08:29:30.593+0000][64821.202s] GC(227)   Pre Evacuate Collection Set: 0.1ms
[2022-03-25T08:29:30.603+0000][64821.213s] GC(227)   Evacuate Collection Set: 139.3ms
[2022-03-25T08:29:30.623+0000][64821.232s] GC(227)   Post Evacuate Collection Set: 12.4ms
[2022-03-25T08:29:30.639+0000][64821.249s] GC(227)   Other: 33.9ms
[2022-03-25T08:29:30.651+0000][64821.261s] GC(227) Eden regions: 38->0(51)
[2022-03-25T08:29:30.700+0000][64821.310s] GC(227) Survivor regions: 2->2(5)
[2022-03-25T08:29:30.723+0000][64821.332s] GC(227) Old regions: 124->124
[2022-03-25T08:29:30.780+0000][64821.390s] GC(227) Humongous regions: 7->7
[2022-03-25T08:29:30.838+0000][64821.448s] GC(227) Metaspace: 63700K->63700K(1107968K)
[2022-03-25T08:29:30.850+0000][64821.459s] GC(227) Pause Young (Normal) (G1 Evacuation Pause) 168M->130M(512M) 442.606ms
[2022-03-25T08:29:30.879+0000][64821.488s] GC(227) User=0.06s Sys=0.08s Real=0.46s
[2022-03-25T08:29:34.014+0000][64824.624s] GC(228) Pause Young (Normal) (G1 Evacuation Pause)
[2022-03-25T08:29:34.051+0000][64824.660s] GC(228) Using 4 workers of 4 for evacuation
[2022-03-25T08:29:34.137+0000][64824.746s] GC(228)   Pre Evacuate Collection Set: 0.1ms
[2022-03-25T08:29:34.148+0000][64824.757s] GC(228)   Evacuate Collection Set: 53.1ms
[2022-03-25T08:29:34.158+0000][64824.767s] GC(228)   Post Evacuate Collection Set: 0.4ms
[2022-03-25T08:29:34.163+0000][64824.773s] GC(228)   Other: 68.5ms
[2022-03-25T08:29:34.178+0000][64824.788s] GC(228) Eden regions: 51->0(66)
[2022-03-25T08:29:34.184+0000][64824.793s] GC(228) Survivor regions: 2->1(7)
[2022-03-25T08:29:34.187+0000][64824.796s] GC(228) Old regions: 124->124
[2022-03-25T08:29:34.188+0000][64824.797s] GC(228) Humongous regions: 7->7
[2022-03-25T08:29:34.189+0000][64824.798s] GC(228) Metaspace: 63700K->63700K(1107968K)
[2022-03-25T08:29:34.190+0000][64824.799s] GC(228) Pause Young (Normal) (G1 Evacuation Pause) 181M->130M(512M) 175.367ms
[2022-03-25T08:29:34.191+0000][64824.800s] GC(228) User=0.00s Sys=0.02s Real=0.18s
[2022-03-25T08:29:36.042+0000][64826.651s] GC(229) Pause Young (Normal) (G1 Evacuation Pause)
[2022-03-25T08:29:36.053+0000][64826.662s] GC(229) Using 4 workers of 4 for evacuation
[2022-03-25T08:29:36.233+0000][64826.842s] GC(229)   Pre Evacuate Collection Set: 0.0ms
[2022-03-25T08:29:36.254+0000][64826.864s] GC(229)   Evacuate Collection Set: 142.4ms
[2022-03-25T08:29:36.258+0000][64826.867s] GC(229)   Post Evacuate Collection Set: 22.7ms
[2022-03-25T08:29:36.265+0000][64826.874s] GC(229)   Other: 26.0ms
[2022-03-25T08:29:36.286+0000][64826.895s] GC(229) Eden regions: 66->0(69)
[2022-03-25T08:29:36.302+0000][64826.911s] GC(229) Survivor regions: 1->1(9)
[2022-03-25T08:29:36.318+0000][64826.927s] GC(229) Old regions: 124->124
[2022-03-25T08:29:36.350+0000][64826.959s] GC(229) Humongous regions: 7->7
[2022-03-25T08:29:36.415+0000][64827.025s] GC(229) Metaspace: 63700K->63700K(1107968K)
[2022-03-25T08:29:36.416+0000][64827.025s] GC(229) Pause Young (Normal) (G1 Evacuation Pause) 196M->130M(512M) 374.256ms
[2022-03-25T08:29:36.417+0000][64827.026s] GC(229) User=0.09s Sys=0.12s Real=0.37s
[2022-03-25T08:29:38.393+0000][64829.002s] GC(230) Pause Young (Normal) (G1 Evacuation Pause)
[2022-03-25T08:29:38.393+0000][64829.003s] GC(230) Using 4 workers of 4 for evacuation
[2022-03-25T08:29:38.445+0000][64829.054s] GC(230)   Pre Evacuate Collection Set: 0.0ms
[2022-03-25T08:29:38.455+0000][64829.064s] GC(230)   Evacuate Collection Set: 28.6ms
[2022-03-25T08:29:38.464+0000][64829.074s] GC(230)   Post Evacuate Collection Set: 22.0ms
[2022-03-25T08:29:38.466+0000][64829.076s] GC(230)   Other: 1.6ms
[2022-03-25T08:29:38.468+0000][64829.077s] GC(230) Eden regions: 69->0(74)
[2022-03-25T08:29:38.469+0000][64829.078s] GC(230) Survivor regions: 1->2(9)
[2022-03-25T08:29:38.470+0000][64829.079s] GC(230) Old regions: 124->124
[2022-03-25T08:29:38.471+0000][64829.081s] GC(230) Humongous regions: 7->7
[2022-03-25T08:29:38.476+0000][64829.086s] GC(230) Metaspace: 63700K->63700K(1107968K)
[2022-03-25T08:29:38.485+0000][64829.094s] GC(230) Pause Young (Normal) (G1 Evacuation Pause) 199M->130M(512M) 91.994ms
[2022-03-25T08:29:38.493+0000][64829.102s] GC(230) User=0.03s Sys=0.01s Real=0.10s
[2022-03-25T08:29:42.550+0000][64833.159s] GC(231) Pause Young (Normal) (G1 Evacuation Pause)
[2022-03-25T08:29:42.553+0000][64833.162s] GC(231) Using 4 workers of 4 for evacuation
[2022-03-25T08:29:42.598+0000][64833.208s] GC(231)   Pre Evacuate Collection Set: 0.1ms
[2022-03-25T08:29:42.630+0000][64833.239s] GC(231)   Evacuate Collection Set: 43.5ms
[2022-03-25T08:29:42.664+0000][64833.273s] GC(231)   Post Evacuate Collection Set: 0.6ms
[2022-03-25T08:29:42.667+0000][64833.276s] GC(231)   Other: 4.3ms
[2022-03-25T08:29:42.668+0000][64833.278s] GC(231) Eden regions: 74->0(82)
[2022-03-25T08:29:42.682+0000][64833.291s] GC(231) Survivor regions: 2->2(10)
[2022-03-25T08:29:42.695+0000][64833.304s] GC(231) Old regions: 124->124
[2022-03-25T08:29:42.710+0000][64833.320s] GC(231) Humongous regions: 7->7
[2022-03-25T08:29:42.712+0000][64833.322s] GC(231) Metaspace: 63700K->63700K(1107968K)
[2022-03-25T08:29:42.716+0000][64833.326s] GC(231) Pause Young (Normal) (G1 Evacuation Pause) 204M->130M(512M) 166.336ms
[2022-03-25T08:29:42.717+0000][64833.326s] GC(231) User=0.02s Sys=0.05s Real=0.17s
[2022-03-25T08:29:49.220+0000][64839.829s] GC(232) Pause Young (Normal) (G1 Evacuation Pause)
[2022-03-25T08:29:49.223+0000][64839.833s] GC(232) Using 4 workers of 4 for evacuation
[2022-03-25T08:29:49.288+0000][64839.898s] GC(232)   Pre Evacuate Collection Set: 0.3ms
[2022-03-25T08:29:49.294+0000][64839.904s] GC(232)   Evacuate Collection Set: 62.3ms
[2022-03-25T08:29:49.295+0000][64839.904s] GC(232)   Post Evacuate Collection Set: 1.2ms
[2022-03-25T08:29:49.295+0000][64839.904s] GC(232)   Other: 4.6ms
[2022-03-25T08:29:49.295+0000][64839.905s] GC(232) Eden regions: 82->0(92)
[2022-03-25T08:29:49.295+0000][64839.905s] GC(232) Survivor regions: 2->2(11)
[2022-03-25T08:29:49.296+0000][64839.905s] GC(232) Old regions: 124->124
[2022-03-25T08:29:49.296+0000][64839.905s] GC(232) Humongous regions: 7->7
[2022-03-25T08:29:49.296+0000][64839.906s] GC(232) Metaspace: 63700K->63700K(1107968K)
[2022-03-25T08:29:49.297+0000][64839.906s] GC(232) Pause Young (Normal) (G1 Evacuation Pause) 212M->130M(512M) 76.884ms
[2022-03-25T08:29:49.297+0000][64839.906s] GC(232) User=0.05s Sys=0.00s Real=0.07s
[2022-03-25T08:29:52.528+0000][64843.137s] GC(233) Pause Young (Normal) (G1 Evacuation Pause)
[2022-03-25T08:29:52.540+0000][64843.149s] GC(233) Using 4 workers of 4 for evacuation
[2022-03-25T08:29:52.675+0000][64843.284s] GC(233)   Pre Evacuate Collection Set: 0.0ms
[2022-03-25T08:29:52.679+0000][64843.288s] GC(233)   Evacuate Collection Set: 50.9ms
[2022-03-25T08:29:52.683+0000][64843.293s] GC(233)   Post Evacuate Collection Set: 15.0ms
[2022-03-25T08:29:52.694+0000][64843.304s] GC(233)   Other: 80.8ms
[2022-03-25T08:29:52.716+0000][64843.325s] GC(233) Eden regions: 92->0(108)
[2022-03-25T08:29:52.721+0000][64843.330s] GC(233) Survivor regions: 2->1(12)
[2022-03-25T08:29:52.726+0000][64843.336s] GC(233) Old regions: 124->124
[2022-03-25T08:29:52.727+0000][64843.336s] GC(233) Humongous regions: 7->7
[2022-03-25T08:29:52.734+0000][64843.344s] GC(233) Metaspace: 63700K->63700K(1107968K)
[2022-03-25T08:29:52.736+0000][64843.345s] GC(233) Pause Young (Normal) (G1 Evacuation Pause) 222M->130M(512M) 207.506ms
[2022-03-25T08:29:52.737+0000][64843.346s] GC(233) User=0.00s Sys=0.02s Real=0.21s
[2022-03-25T08:29:57.195+0000][64847.804s] GC(234) Pause Young (Normal) (G1 Evacuation Pause)
[2022-03-25T08:29:57.199+0000][64847.808s] GC(234) Using 4 workers of 4 for evacuation
[2022-03-25T08:29:57.275+0000][64847.884s] GC(234)   Pre Evacuate Collection Set: 0.0ms
[2022-03-25T08:29:57.285+0000][64847.894s] GC(234)   Evacuate Collection Set: 74.6ms
[2022-03-25T08:29:57.286+0000][64847.896s] GC(234)   Post Evacuate Collection Set: 0.6ms
[2022-03-25T08:29:57.289+0000][64847.898s] GC(234)   Other: 5.1ms
[2022-03-25T08:29:57.291+0000][64847.901s] GC(234) Eden regions: 108->0(114)
[2022-03-25T08:29:57.303+0000][64847.913s] GC(234) Survivor regions: 1->2(14)
[2022-03-25T08:29:57.305+0000][64847.914s] GC(234) Old regions: 124->124
[2022-03-25T08:29:57.306+0000][64847.915s] GC(234) Humongous regions: 7->7
[2022-03-25T08:29:57.306+0000][64847.916s] GC(234) Metaspace: 63700K->63700K(1107968K)
[2022-03-25T08:29:57.307+0000][64847.916s] GC(234) Pause Young (Normal) (G1 Evacuation Pause) 238M->130M(512M) 112.007ms
[2022-03-25T08:29:57.314+0000][64847.923s] GC(234) User=0.03s Sys=0.02s Real=0.11s
[2022-03-25T08:30:04.857+0000][64855.466s] GC(235) Pause Young (Normal) (G1 Evacuation Pause)
[2022-03-25T08:30:04.893+0000][64855.502s] GC(235) Using 4 workers of 4 for evacuation
[2022-03-25T08:30:04.996+0000][64855.606s] GC(235)   Pre Evacuate Collection Set: 0.0ms
[2022-03-25T08:30:05.011+0000][64855.620s] GC(235)   Evacuate Collection Set: 98.3ms
[2022-03-25T08:30:05.018+0000][64855.627s] GC(235)   Post Evacuate Collection Set: 0.8ms
[2022-03-25T08:30:05.021+0000][64855.630s] GC(235)   Other: 40.1ms
[2022-03-25T08:30:05.025+0000][64855.634s] GC(235) Eden regions: 114->0(121)
[2022-03-25T08:30:05.031+0000][64855.641s] GC(235) Survivor regions: 2->2(15)
[2022-03-25T08:30:05.032+0000][64855.642s] GC(235) Old regions: 124->124
[2022-03-25T08:30:05.033+0000][64855.643s] GC(235) Humongous regions: 7->7
[2022-03-25T08:30:05.035+0000][64855.644s] GC(235) Metaspace: 63700K->63700K(1107968K)
[2022-03-25T08:30:05.042+0000][64855.651s] GC(235) Pause Young (Normal) (G1 Evacuation Pause) 244M->130M(512M) 185.068ms
[2022-03-25T08:30:05.042+0000][64855.653s] GC(235) User=0.04s Sys=0.01s Real=0.18s
[2022-03-25T08:30:11.687+0000][64862.296s] GC(236) Pause Young (Normal) (G1 Evacuation Pause)
[2022-03-25T08:30:11.693+0000][64862.302s] GC(236) Using 4 workers of 4 for evacuation
[2022-03-25T08:30:11.735+0000][64862.345s] GC(236)   Pre Evacuate Collection Set: 0.2ms
[2022-03-25T08:30:11.741+0000][64862.350s] GC(236)   Evacuate Collection Set: 36.1ms
[2022-03-25T08:30:11.742+0000][64862.351s] GC(236)   Post Evacuate Collection Set: 1.1ms
[2022-03-25T08:30:11.743+0000][64862.352s] GC(236)   Other: 11.2ms
[2022-03-25T08:30:11.744+0000][64862.353s] GC(236) Eden regions: 121->0(137)
[2022-03-25T08:30:11.744+0000][64862.354s] GC(236) Survivor regions: 2->2(16)
[2022-03-25T08:30:11.745+0000][64862.354s] GC(236) Old regions: 124->124
[2022-03-25T08:30:11.745+0000][64862.354s] GC(236) Humongous regions: 7->7
[2022-03-25T08:30:11.746+0000][64862.355s] GC(236) Metaspace: 63700K->63700K(1107968K)
[2022-03-25T08:30:11.746+0000][64862.355s] GC(236) Pause Young (Normal) (G1 Evacuation Pause) 251M->130M(512M) 58.968ms
[2022-03-25T08:30:11.746+0000][64862.356s] GC(236) User=0.04s Sys=0.02s Real=0.07s
[2022-03-25T08:30:19.964+0000][64870.573s] GC(237) Pause Young (Normal) (G1 Evacuation Pause)
[2022-03-25T08:30:19.964+0000][64870.573s] GC(237) Using 4 workers of 4 for evacuation
[2022-03-25T08:30:20.044+0000][64870.653s] GC(237)   Pre Evacuate Collection Set: 0.1ms
[2022-03-25T08:30:20.044+0000][64870.653s] GC(237)   Evacuate Collection Set: 77.7ms
[2022-03-25T08:30:20.044+0000][64870.654s] GC(237)   Post Evacuate Collection Set: 1.0ms
[2022-03-25T08:30:20.045+0000][64870.654s] GC(237)   Other: 1.1ms
[2022-03-25T08:30:20.045+0000][64870.654s] GC(237) Eden regions: 137->0(140)
[2022-03-25T08:30:20.045+0000][64870.655s] GC(237) Survivor regions: 2->2(18)
[2022-03-25T08:30:20.046+0000][64870.655s] GC(237) Old regions: 124->124
[2022-03-25T08:30:20.046+0000][64870.655s] GC(237) Humongous regions: 7->7
[2022-03-25T08:30:20.046+0000][64870.656s] GC(237) Metaspace: 63707K->63707K(1107968K)
[2022-03-25T08:30:20.046+0000][64870.656s] GC(237) Pause Young (Normal) (G1 Evacuation Pause) 267M->130M(512M) 82.835ms
[2022-03-25T08:30:20.047+0000][64870.656s] GC(237) User=0.05s Sys=0.03s Real=0.09s
[2022-03-25T08:43:57.963+0000][65688.573s] GC(238) Pause Young (Normal) (G1 Evacuation Pause)
[2022-03-25T08:43:57.964+0000][65688.573s] GC(238) Using 4 workers of 4 for evacuation
[2022-03-25T08:43:58.164+0000][65688.773s] GC(238)   Pre Evacuate Collection Set: 23.3ms
[2022-03-25T08:43:58.165+0000][65688.775s] GC(238)   Evacuate Collection Set: 167.2ms
[2022-03-25T08:43:58.166+0000][65688.776s] GC(238)   Post Evacuate Collection Set: 8.1ms
[2022-03-25T08:43:58.167+0000][65688.776s] GC(238)   Other: 2.5ms
[2022-03-25T08:43:58.167+0000][65688.776s] GC(238) Eden regions: 140->0(138)
[2022-03-25T08:43:58.167+0000][65688.777s] GC(238) Survivor regions: 2->2(18)
[2022-03-25T08:43:58.168+0000][65688.777s] GC(238) Old regions: 124->124
[2022-03-25T08:43:58.168+0000][65688.777s] GC(238) Humongous regions: 7->7
[2022-03-25T08:43:58.168+0000][65688.778s] GC(238) Metaspace: 63707K->63707K(1107968K)
[2022-03-25T08:43:58.169+0000][65688.779s] GC(238) Pause Young (Normal) (G1 Evacuation Pause) 270M->130M(512M) 206.011ms
[2022-03-25T08:43:58.170+0000][65688.779s] GC(238) User=0.51s Sys=0.03s Real=0.21s
[2022-03-25T09:34:17.978+0000][68708.588s] GC(239) Pause Young (Normal) (G1 Evacuation Pause)
[2022-03-25T09:34:17.979+0000][68708.589s] GC(239) Using 4 workers of 4 for evacuation
[2022-03-25T09:34:18.301+0000][68708.910s] GC(239) MMU target violated: 251.0ms (250.0ms/251.0ms)
[2022-03-25T09:34:18.303+0000][68708.912s] GC(239)   Pre Evacuate Collection Set: 31.9ms
[2022-03-25T09:34:18.305+0000][68708.915s] GC(239)   Evacuate Collection Set: 272.0ms
[2022-03-25T09:34:18.307+0000][68708.916s] GC(239)   Post Evacuate Collection Set: 14.0ms
[2022-03-25T09:34:18.307+0000][68708.917s] GC(239)   Other: 7.5ms
[2022-03-25T09:34:18.309+0000][68708.918s] GC(239) Eden regions: 138->0(139)
[2022-03-25T09:34:18.309+0000][68708.918s] GC(239) Survivor regions: 2->3(18)
[2022-03-25T09:34:18.310+0000][68708.920s] GC(239) Old regions: 124->124
[2022-03-25T09:34:18.311+0000][68708.920s] GC(239) Humongous regions: 7->7
[2022-03-25T09:34:18.311+0000][68708.920s] GC(239) Metaspace: 63707K->63707K(1107968K)
[2022-03-25T09:34:18.313+0000][68708.922s] GC(239) Pause Young (Normal) (G1 Evacuation Pause) 268M->131M(512M) 334.165ms
[2022-03-25T09:34:18.313+0000][68708.923s] GC(239) User=0.55s Sys=0.09s Real=0.33s
[2022-03-25T09:40:04.209+0000][69054.818s] GC(240) Pause Young (Normal) (G1 Evacuation Pause)
[2022-03-25T09:40:04.209+0000][69054.818s] GC(240) Using 4 workers of 4 for evacuation
[2022-03-25T09:40:04.438+0000][69055.047s] GC(240)   Pre Evacuate Collection Set: 0.1ms
[2022-03-25T09:40:04.442+0000][69055.051s] GC(240)   Evacuate Collection Set: 213.9ms
[2022-03-25T09:40:04.450+0000][69055.059s] GC(240)   Post Evacuate Collection Set: 11.9ms
[2022-03-25T09:40:04.450+0000][69055.060s] GC(240)   Other: 3.1ms
[2022-03-25T09:40:04.451+0000][69055.060s] GC(240) Eden regions: 139->0(140)
[2022-03-25T09:40:04.451+0000][69055.061s] GC(240) Survivor regions: 3->3(18)
[2022-03-25T09:40:04.452+0000][69055.061s] GC(240) Old regions: 124->124
[2022-03-25T09:40:04.458+0000][69055.068s] GC(240) Humongous regions: 7->7
[2022-03-25T09:40:04.470+0000][69055.079s] GC(240) Metaspace: 63707K->63707K(1107968K)
[2022-03-25T09:40:04.476+0000][69055.085s] GC(240) Pause Young (Normal) (G1 Evacuation Pause) 270M->131M(512M) 267.132ms
[2022-03-25T09:40:04.478+0000][69055.087s] GC(240) User=0.12s Sys=0.06s Real=0.27s
[2022-03-25T09:44:56.042+0000][69346.651s] GC(241) Pause Young (Normal) (G1 Evacuation Pause)
[2022-03-25T09:44:56.116+0000][69346.726s] GC(241) Using 4 workers of 4 for evacuation
[2022-03-25T09:44:57.909+0000][69348.519s] GC(241) MMU target violated: 251.0ms (250.0ms/251.0ms)
[2022-03-25T09:44:58.032+0000][69348.642s] GC(241)   Pre Evacuate Collection Set: 0.1ms
[2022-03-25T09:44:58.091+0000][69348.700s] GC(241)   Evacuate Collection Set: 1644.7ms
[2022-03-25T09:44:58.114+0000][69348.724s] GC(241)   Post Evacuate Collection Set: 0.9ms
[2022-03-25T09:44:58.240+0000][69348.849s] GC(241)   Other: 344.9ms
[2022-03-25T09:44:58.370+0000][69348.979s] GC(241) Eden regions: 140->0(22)
[2022-03-25T09:44:58.467+0000][69349.077s] GC(241) Survivor regions: 3->3(18)
[2022-03-25T09:44:58.518+0000][69349.128s] GC(241) Old regions: 124->124
[2022-03-25T09:44:58.606+0000][69349.216s] GC(241) Humongous regions: 7->7
[2022-03-25T09:44:58.660+0000][69349.269s] GC(241) Metaspace: 63708K->63708K(1107968K)
[2022-03-25T09:44:58.814+0000][69349.423s] GC(241) Pause Young (Normal) (G1 Evacuation Pause) 271M->131M(512M) 2771.827ms
[2022-03-25T09:44:59.001+0000][69349.611s] GC(241) User=0.29s Sys=0.17s Real=2.94s
[2022-03-25T09:45:00.344+0000][69350.954s] GC(242) Pause Young (Normal) (G1 Evacuation Pause)
[2022-03-25T09:45:00.483+0000][69351.092s] GC(242) Using 4 workers of 4 for evacuation
[2022-03-25T09:45:01.611+0000][69352.220s] GC(242) MMU target violated: 251.0ms (250.0ms/251.0ms)
[2022-03-25T09:45:02.064+0000][69352.673s] GC(242)   Pre Evacuate Collection Set: 0.0ms
[2022-03-25T09:45:02.335+0000][69352.944s] GC(242)   Evacuate Collection Set: 963.4ms
[2022-03-25T09:45:02.488+0000][69353.097s] GC(242)   Post Evacuate Collection Set: 32.2ms
[2022-03-25T09:45:02.603+0000][69353.212s] GC(242)   Other: 723.4ms
[2022-03-25T09:45:02.653+0000][69353.263s] GC(242) Eden regions: 22->0(22)
[2022-03-25T09:45:02.711+0000][69353.320s] GC(242) Survivor regions: 3->3(4)
[2022-03-25T09:45:02.907+0000][69353.516s] GC(242) Old regions: 124->124
[2022-03-25T09:45:03.074+0000][69353.683s] GC(242) Humongous regions: 7->7
[2022-03-25T09:45:03.121+0000][69353.730s] GC(242) Metaspace: 63708K->63708K(1107968K)
[2022-03-25T09:45:03.134+0000][69353.743s] GC(242) Pause Young (Normal) (G1 Evacuation Pause) 153M->132M(512M) 2789.384ms
[2022-03-25T09:45:03.167+0000][69353.777s] GC(242) User=0.09s Sys=0.06s Real=2.81s
[2022-03-25T09:45:05.448+0000][69356.057s] GC(243) Pause Young (Normal) (G1 Evacuation Pause)
[2022-03-25T09:45:05.582+0000][69356.192s] GC(243) Using 4 workers of 4 for evacuation
[2022-03-25T09:45:07.182+0000][69357.792s] GC(243) MMU target violated: 251.0ms (250.0ms/251.0ms)
[2022-03-25T09:45:07.207+0000][69357.816s] GC(243)   Pre Evacuate Collection Set: 0.0ms
[2022-03-25T09:45:07.263+0000][69357.872s] GC(243)   Evacuate Collection Set: 1367.3ms
[2022-03-25T09:45:07.285+0000][69357.895s] GC(243)   Post Evacuate Collection Set: 0.5ms
[2022-03-25T09:45:07.364+0000][69357.973s] GC(243)   Other: 391.2ms
[2022-03-25T09:45:07.448+0000][69358.058s] GC(243) Eden regions: 22->0(22)
[2022-03-25T09:45:07.511+0000][69358.120s] GC(243) Survivor regions: 3->3(4)
[2022-03-25T09:45:07.550+0000][69358.159s] GC(243) Old regions: 124->125
[2022-03-25T09:45:07.587+0000][69358.197s] GC(243) Humongous regions: 7->7
[2022-03-25T09:45:07.619+0000][69358.228s] GC(243) Metaspace: 63750K->63750K(1107968K)
[2022-03-25T09:45:07.644+0000][69358.254s] GC(243) Pause Young (Normal) (G1 Evacuation Pause) 154M->132M(512M) 2196.371ms
[2022-03-25T09:45:07.664+0000][69358.273s] GC(243) User=0.24s Sys=0.07s Real=2.21s
[2022-03-25T09:45:09.813+0000][69360.423s] GC(244) Pause Young (Normal) (G1 Evacuation Pause)
[2022-03-25T09:45:10.009+0000][69360.619s] GC(244) Using 4 workers of 4 for evacuation
[2022-03-25T09:45:10.192+0000][69360.801s] GC(244)   Pre Evacuate Collection Set: 0.0ms
[2022-03-25T09:45:10.207+0000][69360.817s] GC(244)   Evacuate Collection Set: 70.3ms
[2022-03-25T09:45:10.209+0000][69360.819s] GC(244)   Post Evacuate Collection Set: 0.6ms
[2022-03-25T09:45:10.211+0000][69360.820s] GC(244)   Other: 308.1ms
[2022-03-25T09:45:10.211+0000][69360.820s] GC(244) Eden regions: 22->0(23)
[2022-03-25T09:45:10.211+0000][69360.821s] GC(244) Survivor regions: 3->2(4)
[2022-03-25T09:45:10.211+0000][69360.821s] GC(244) Old regions: 125->125
[2022-03-25T09:45:10.212+0000][69360.821s] GC(244) Humongous regions: 7->7
[2022-03-25T09:45:10.223+0000][69360.833s] GC(244) Metaspace: 63750K->63750K(1107968K)
[2022-03-25T09:45:10.244+0000][69360.853s] GC(244) Pause Young (Normal) (G1 Evacuation Pause) 154M->132M(512M) 430.766ms
[2022-03-25T09:45:10.258+0000][69360.869s] GC(244) User=0.04s Sys=0.05s Real=0.44s
[2022-03-25T09:45:11.992+0000][69362.602s] GC(245) Pause Young (Normal) (G1 Evacuation Pause)
[2022-03-25T09:45:12.263+0000][69362.873s] GC(245) Using 4 workers of 4 for evacuation
[2022-03-25T09:45:12.857+0000][69363.467s] GC(245) MMU target violated: 251.0ms (250.0ms/251.0ms)
[2022-03-25T09:45:12.875+0000][69363.485s] GC(245)   Pre Evacuate Collection Set: 0.0ms
[2022-03-25T09:45:12.895+0000][69363.504s] GC(245)   Evacuate Collection Set: 331.4ms
[2022-03-25T09:45:12.908+0000][69363.517s] GC(245)   Post Evacuate Collection Set: 0.5ms
[2022-03-25T09:45:12.916+0000][69363.525s] GC(245)   Other: 551.2ms
[2022-03-25T09:45:12.917+0000][69363.527s] GC(245) Eden regions: 23->0(22)
[2022-03-25T09:45:12.920+0000][69363.529s] GC(245) Survivor regions: 2->3(4)
[2022-03-25T09:45:12.923+0000][69363.532s] GC(245) Old regions: 125->125
[2022-03-25T09:45:12.928+0000][69363.537s] GC(245) Humongous regions: 7->7
[2022-03-25T09:45:12.930+0000][69363.539s] GC(245) Metaspace: 63750K->63750K(1107968K)
[2022-03-25T09:45:12.931+0000][69363.540s] GC(245) Pause Young (Normal) (G1 Evacuation Pause) 155M->132M(512M) 939.024ms
[2022-03-25T09:45:12.935+0000][69363.544s] GC(245) User=0.13s Sys=0.09s Real=0.95s
[2022-03-25T09:45:14.625+0000][69365.234s] GC(246) Pause Young (Normal) (G1 Evacuation Pause)
[2022-03-25T09:45:14.817+0000][69365.427s] GC(246) Using 4 workers of 4 for evacuation
[2022-03-25T09:45:16.275+0000][69366.884s] GC(246) MMU target violated: 251.0ms (250.0ms/251.0ms)
[2022-03-25T09:45:16.284+0000][69366.894s] GC(246)   Pre Evacuate Collection Set: 0.1ms
[2022-03-25T09:45:16.294+0000][69366.903s] GC(246)   Evacuate Collection Set: 1391.6ms
[2022-03-25T09:45:16.300+0000][69366.909s] GC(246)   Post Evacuate Collection Set: 37.7ms
[2022-03-25T09:45:16.303+0000][69366.913s] GC(246)   Other: 230.1ms
[2022-03-25T09:45:16.306+0000][69366.916s] GC(246) Eden regions: 22->0(22)
[2022-03-25T09:45:16.313+0000][69366.923s] GC(246) Survivor regions: 3->3(4)
[2022-03-25T09:45:16.317+0000][69366.927s] GC(246) Old regions: 125->125
[2022-03-25T09:45:16.329+0000][69366.938s] GC(246) Humongous regions: 7->7
[2022-03-25T09:45:16.331+0000][69366.940s] GC(246) Metaspace: 63751K->63751K(1107968K)
[2022-03-25T09:45:16.333+0000][69366.942s] GC(246) Pause Young (Normal) (G1 Evacuation Pause) 154M->132M(512M) 1708.054ms
[2022-03-25T09:45:16.346+0000][69366.955s] GC(246) User=0.30s Sys=0.15s Real=1.82s
[2022-03-25T09:45:18.196+0000][69368.805s] GC(247) Pause Young (Normal) (G1 Evacuation Pause)
[2022-03-25T09:45:18.215+0000][69368.825s] GC(247) Using 4 workers of 4 for evacuation
[2022-03-25T09:45:18.603+0000][69369.213s] GC(247) MMU target violated: 251.0ms (250.0ms/251.0ms)
[2022-03-25T09:45:18.617+0000][69369.226s] GC(247)   Pre Evacuate Collection Set: 0.1ms
[2022-03-25T09:45:18.634+0000][69369.244s] GC(247)   Evacuate Collection Set: 309.0ms
[2022-03-25T09:45:18.653+0000][69369.262s] GC(247)   Post Evacuate Collection Set: 30.9ms
[2022-03-25T09:45:18.658+0000][69369.267s] GC(247)   Other: 80.8ms
[2022-03-25T09:45:18.667+0000][69369.276s] GC(247) Eden regions: 22->0(23)
[2022-03-25T09:45:18.667+0000][69369.277s] GC(247) Survivor regions: 3->2(4)
[2022-03-25T09:45:18.669+0000][69369.278s] GC(247) Old regions: 125->126
[2022-03-25T09:45:18.684+0000][69369.294s] GC(247) Humongous regions: 7->7
[2022-03-25T09:45:18.699+0000][69369.308s] GC(247) Metaspace: 63751K->63751K(1107968K)
[2022-03-25T09:45:18.760+0000][69369.369s] GC(247) Pause Young (Normal) (G1 Evacuation Pause) 154M->132M(512M) 564.209ms
[2022-03-25T09:45:18.761+0000][69369.370s] GC(247) User=0.02s Sys=0.06s Real=0.56s
[2022-03-25T09:45:19.585+0000][69370.194s] GC(248) Pause Young (Normal) (G1 Evacuation Pause)
[2022-03-25T09:45:19.593+0000][69370.202s] GC(248) Using 4 workers of 4 for evacuation
[2022-03-25T09:45:19.683+0000][69370.292s] GC(248)   Pre Evacuate Collection Set: 0.2ms
[2022-03-25T09:45:19.684+0000][69370.294s] GC(248)   Evacuate Collection Set: 85.5ms
[2022-03-25T09:45:19.687+0000][69370.296s] GC(248)   Post Evacuate Collection Set: 0.5ms
[2022-03-25T09:45:19.690+0000][69370.299s] GC(248)   Other: 11.9ms
[2022-03-25T09:45:19.701+0000][69370.310s] GC(248) Eden regions: 23->0(23)
[2022-03-25T09:45:19.701+0000][69370.311s] GC(248) Survivor regions: 2->2(4)
[2022-03-25T09:45:19.702+0000][69370.311s] GC(248) Old regions: 126->126
[2022-03-25T09:45:19.703+0000][69370.312s] GC(248) Humongous regions: 7->7
[2022-03-25T09:45:19.704+0000][69370.313s] GC(248) Metaspace: 63751K->63751K(1107968K)
[2022-03-25T09:45:19.705+0000][69370.314s] GC(248) Pause Young (Normal) (G1 Evacuation Pause) 155M->132M(512M) 120.368ms
[2022-03-25T09:45:19.706+0000][69370.315s] GC(248) User=0.05s Sys=0.01s Real=0.11s
[2022-03-25T09:45:20.157+0000][69370.767s] GC(249) Pause Young (Normal) (G1 Evacuation Pause)
[2022-03-25T09:45:20.163+0000][69370.772s] GC(249) Using 4 workers of 4 for evacuation
[2022-03-25T09:45:20.256+0000][69370.865s] GC(249)   Pre Evacuate Collection Set: 0.0ms
[2022-03-25T09:45:20.267+0000][69370.876s] GC(249)   Evacuate Collection Set: 70.5ms
[2022-03-25T09:45:20.269+0000][69370.879s] GC(249)   Post Evacuate Collection Set: 17.0ms
[2022-03-25T09:45:20.273+0000][69370.882s] GC(249)   Other: 10.8ms
[2022-03-25T09:45:20.273+0000][69370.884s] GC(249) Eden regions: 23->0(23)
[2022-03-25T09:45:20.275+0000][69370.885s] GC(249) Survivor regions: 2->2(4)
[2022-03-25T09:45:20.276+0000][69370.885s] GC(249) Old regions: 126->126
[2022-03-25T09:45:20.276+0000][69370.886s] GC(249) Humongous regions: 7->7
[2022-03-25T09:45:20.277+0000][69370.887s] GC(249) Metaspace: 63751K->63751K(1107968K)
[2022-03-25T09:45:20.278+0000][69370.887s] GC(249) Pause Young (Normal) (G1 Evacuation Pause) 155M->132M(512M) 120.415ms
[2022-03-25T09:45:20.279+0000][69370.888s] GC(249) User=0.05s Sys=0.01s Real=0.12s
[2022-03-25T09:45:21.382+0000][69371.991s] GC(250) Pause Young (Normal) (G1 Evacuation Pause)
[2022-03-25T09:45:21.422+0000][69372.031s] GC(250) Using 4 workers of 4 for evacuation
[2022-03-25T09:45:21.534+0000][69372.143s] GC(250)   Pre Evacuate Collection Set: 0.1ms
[2022-03-25T09:45:21.549+0000][69372.158s] GC(250)   Evacuate Collection Set: 80.0ms
[2022-03-25T09:45:21.560+0000][69372.170s] GC(250)   Post Evacuate Collection Set: 0.4ms
[2022-03-25T09:45:21.569+0000][69372.179s] GC(250)   Other: 71.8ms
[2022-03-25T09:45:21.586+0000][69372.195s] GC(250) Eden regions: 23->0(23)
[2022-03-25T09:45:21.619+0000][69372.229s] GC(250) Survivor regions: 2->2(4)
[2022-03-25T09:45:21.661+0000][69372.270s] GC(250) Old regions: 126->126
[2022-03-25T09:45:21.687+0000][69372.296s] GC(250) Humongous regions: 7->7
[2022-03-25T09:45:21.707+0000][69372.316s] GC(250) Metaspace: 63751K->63751K(1107968K)
[2022-03-25T09:45:21.725+0000][69372.335s] GC(250) Pause Young (Normal) (G1 Evacuation Pause) 155M->132M(512M) 343.310ms
[2022-03-25T09:45:21.735+0000][69372.344s] GC(250) User=0.12s Sys=0.18s Real=0.36s
[2022-03-25T09:45:23.115+0000][69373.724s] GC(251) Pause Young (Normal) (G1 Evacuation Pause)
[2022-03-25T09:45:23.118+0000][69373.727s] GC(251) Using 4 workers of 4 for evacuation
[2022-03-25T09:45:23.196+0000][69373.806s] GC(251)   Pre Evacuate Collection Set: 0.0ms
[2022-03-25T09:45:23.197+0000][69373.806s] GC(251)   Evacuate Collection Set: 50.4ms
[2022-03-25T09:45:23.197+0000][69373.807s] GC(251)   Post Evacuate Collection Set: 0.5ms
[2022-03-25T09:45:23.205+0000][69373.814s] GC(251)   Other: 30.7ms
[2022-03-25T09:45:23.206+0000][69373.815s] GC(251) Eden regions: 23->0(24)
[2022-03-25T09:45:23.209+0000][69373.818s] GC(251) Survivor regions: 2->2(4)
[2022-03-25T09:45:23.219+0000][69373.828s] GC(251) Old regions: 126->126
[2022-03-25T09:45:23.221+0000][69373.830s] GC(251) Humongous regions: 7->7
[2022-03-25T09:45:23.234+0000][69373.843s] GC(251) Metaspace: 63751K->63751K(1107968K)
[2022-03-25T09:45:23.250+0000][69373.859s] GC(251) Pause Young (Normal) (G1 Evacuation Pause) 155M->132M(512M) 134.849ms
[2022-03-25T09:45:23.254+0000][69373.864s] GC(251) User=0.03s Sys=0.04s Real=0.14s
[2022-03-25T09:45:25.084+0000][69375.693s] GC(252) Pause Young (Normal) (G1 Evacuation Pause)
[2022-03-25T09:45:25.084+0000][69375.694s] GC(252) Using 4 workers of 4 for evacuation
[2022-03-25T09:45:25.219+0000][69375.828s] GC(252)   Pre Evacuate Collection Set: 0.0ms
[2022-03-25T09:45:25.229+0000][69375.838s] GC(252)   Evacuate Collection Set: 133.0ms
[2022-03-25T09:45:25.231+0000][69375.841s] GC(252)   Post Evacuate Collection Set: 0.4ms
[2022-03-25T09:45:25.232+0000][69375.841s] GC(252)   Other: 1.2ms
[2022-03-25T09:45:25.235+0000][69375.844s] GC(252) Eden regions: 24->0(27)
[2022-03-25T09:45:25.245+0000][69375.854s] GC(252) Survivor regions: 2->2(4)
[2022-03-25T09:45:25.266+0000][69375.876s] GC(252) Old regions: 126->126
[2022-03-25T09:45:25.270+0000][69375.879s] GC(252) Humongous regions: 7->7
[2022-03-25T09:45:25.270+0000][69375.879s] GC(252) Metaspace: 63751K->63751K(1107968K)
[2022-03-25T09:45:25.271+0000][69375.881s] GC(252) Pause Young (Normal) (G1 Evacuation Pause) 156M->132M(512M) 187.196ms
[2022-03-25T09:45:25.277+0000][69375.886s] GC(252) User=0.05s Sys=0.03s Real=0.20s
[2022-03-25T09:45:25.621+0000][69376.231s] GC(253) Pause Young (Normal) (G1 Evacuation Pause)
[2022-03-25T09:45:25.623+0000][69376.233s] GC(253) Using 4 workers of 4 for evacuation
[2022-03-25T09:45:25.681+0000][69376.291s] GC(253)   Pre Evacuate Collection Set: 0.0ms
[2022-03-25T09:45:25.691+0000][69376.300s] GC(253)   Evacuate Collection Set: 36.5ms
[2022-03-25T09:45:25.692+0000][69376.302s] GC(253)   Post Evacuate Collection Set: 16.3ms
[2022-03-25T09:45:25.695+0000][69376.304s] GC(253)   Other: 6.9ms
[2022-03-25T09:45:25.695+0000][69376.305s] GC(253) Eden regions: 27->0(29)
[2022-03-25T09:45:25.696+0000][69376.306s] GC(253) Survivor regions: 2->2(4)
[2022-03-25T09:45:25.707+0000][69376.316s] GC(253) Old regions: 126->126
[2022-03-25T09:45:25.707+0000][69376.317s] GC(253) Humongous regions: 7->7
[2022-03-25T09:45:25.708+0000][69376.318s] GC(253) Metaspace: 63751K->63751K(1107968K)
[2022-03-25T09:45:25.709+0000][69376.318s] GC(253) Pause Young (Normal) (G1 Evacuation Pause) 159M->132M(512M) 87.427ms
[2022-03-25T09:45:25.709+0000][69376.319s] GC(253) User=0.02s Sys=0.01s Real=0.09s
[2022-03-25T09:45:26.760+0000][69377.370s] GC(254) Pause Young (Normal) (G1 Evacuation Pause)
[2022-03-25T09:45:26.764+0000][69377.374s] GC(254) Using 4 workers of 4 for evacuation
[2022-03-25T09:45:26.914+0000][69377.524s] GC(254)   Pre Evacuate Collection Set: 0.1ms
[2022-03-25T09:45:26.919+0000][69377.528s] GC(254)   Evacuate Collection Set: 132.9ms
[2022-03-25T09:45:26.947+0000][69377.556s] GC(254)   Post Evacuate Collection Set: 15.9ms
[2022-03-25T09:45:26.963+0000][69377.573s] GC(254)   Other: 5.1ms
[2022-03-25T09:45:26.979+0000][69377.588s] GC(254) Eden regions: 29->0(31)
[2022-03-25T09:45:26.996+0000][69377.605s] GC(254) Survivor regions: 2->2(4)
[2022-03-25T09:45:27.015+0000][69377.624s] GC(254) Old regions: 126->126
[2022-03-25T09:45:27.023+0000][69377.632s] GC(254) Humongous regions: 7->7
[2022-03-25T09:45:27.040+0000][69377.649s] GC(254) Metaspace: 63751K->63751K(1107968K)
[2022-03-25T09:45:27.044+0000][69377.654s] GC(254) Pause Young (Normal) (G1 Evacuation Pause) 161M->132M(512M) 283.822ms
[2022-03-25T09:45:27.052+0000][69377.662s] GC(254) User=0.06s Sys=0.03s Real=0.29s
[2022-03-25T09:45:28.112+0000][69378.721s] GC(255) Pause Young (Normal) (G1 Evacuation Pause)
[2022-03-25T09:45:28.118+0000][69378.728s] GC(255) Using 4 workers of 4 for evacuation
[2022-03-25T09:45:28.157+0000][69378.766s] GC(255)   Pre Evacuate Collection Set: 0.0ms
[2022-03-25T09:45:28.159+0000][69378.768s] GC(255)   Evacuate Collection Set: 34.8ms
[2022-03-25T09:45:28.160+0000][69378.769s] GC(255)   Post Evacuate Collection Set: 1.5ms
[2022-03-25T09:45:28.164+0000][69378.773s] GC(255)   Other: 8.5ms
[2022-03-25T09:45:28.164+0000][69378.774s] GC(255) Eden regions: 31->0(35)
[2022-03-25T09:45:28.165+0000][69378.775s] GC(255) Survivor regions: 2->2(5)
[2022-03-25T09:45:28.166+0000][69378.776s] GC(255) Old regions: 126->126
[2022-03-25T09:45:28.166+0000][69378.776s] GC(255) Humongous regions: 7->7
[2022-03-25T09:45:28.168+0000][69378.778s] GC(255) Metaspace: 63751K->63751K(1107968K)
[2022-03-25T09:45:28.169+0000][69378.779s] GC(255) Pause Young (Normal) (G1 Evacuation Pause) 163M->132M(512M) 57.110ms
[2022-03-25T09:45:28.173+0000][69378.783s] GC(255) User=0.04s Sys=0.02s Real=0.06s
[2022-03-25T09:45:29.181+0000][69379.790s] GC(256) Pause Young (Normal) (G1 Evacuation Pause)
[2022-03-25T09:45:29.192+0000][69379.802s] GC(256) Using 4 workers of 4 for evacuation
[2022-03-25T09:45:29.285+0000][69379.895s] GC(256)   Pre Evacuate Collection Set: 0.1ms
[2022-03-25T09:45:29.289+0000][69379.899s] GC(256)   Evacuate Collection Set: 74.2ms
[2022-03-25T09:45:29.303+0000][69379.912s] GC(256)   Post Evacuate Collection Set: 10.9ms
[2022-03-25T09:45:29.324+0000][69379.934s] GC(256)   Other: 19.3ms
[2022-03-25T09:45:29.332+0000][69379.941s] GC(256) Eden regions: 35->0(41)
[2022-03-25T09:45:29.333+0000][69379.942s] GC(256) Survivor regions: 2->2(5)
[2022-03-25T09:45:29.334+0000][69379.943s] GC(256) Old regions: 126->126
[2022-03-25T09:45:29.344+0000][69379.953s] GC(256) Humongous regions: 7->7
[2022-03-25T09:45:29.346+0000][69379.955s] GC(256) Metaspace: 63751K->63751K(1107968K)
[2022-03-25T09:45:29.355+0000][69379.964s] GC(256) Pause Young (Normal) (G1 Evacuation Pause) 167M->132M(512M) 173.879ms
[2022-03-25T09:45:29.355+0000][69379.965s] GC(256) User=0.01s Sys=0.01s Real=0.18s
[2022-03-25T09:45:30.251+0000][69380.861s] GC(257) Pause Young (Normal) (G1 Evacuation Pause)
[2022-03-25T09:45:30.266+0000][69380.876s] GC(257) Using 4 workers of 4 for evacuation
[2022-03-25T09:45:30.328+0000][69380.938s] GC(257)   Pre Evacuate Collection Set: 0.0ms
[2022-03-25T09:45:30.329+0000][69380.938s] GC(257)   Evacuate Collection Set: 42.3ms
[2022-03-25T09:45:30.330+0000][69380.939s] GC(257)   Post Evacuate Collection Set: 3.7ms
[2022-03-25T09:45:30.330+0000][69380.940s] GC(257)   Other: 30.7ms
[2022-03-25T09:45:30.348+0000][69380.957s] GC(257) Eden regions: 41->0(47)
[2022-03-25T09:45:30.349+0000][69380.958s] GC(257) Survivor regions: 2->2(6)
[2022-03-25T09:45:30.349+0000][69380.959s] GC(257) Old regions: 126->126
[2022-03-25T09:45:30.359+0000][69380.969s] GC(257) Humongous regions: 7->7
[2022-03-25T09:45:30.360+0000][69380.969s] GC(257) Metaspace: 63765K->63765K(1107968K)
[2022-03-25T09:45:30.360+0000][69380.970s] GC(257) Pause Young (Normal) (G1 Evacuation Pause) 173M->132M(512M) 108.905ms
[2022-03-25T09:45:30.367+0000][69380.976s] GC(257) User=0.04s Sys=0.00s Real=0.12s
[2022-03-25T09:45:31.263+0000][69381.873s] GC(258) Pause Young (Normal) (G1 Evacuation Pause)
[2022-03-25T09:45:31.265+0000][69381.874s] GC(258) Using 4 workers of 4 for evacuation
[2022-03-25T09:45:31.311+0000][69381.920s] GC(258)   Pre Evacuate Collection Set: 0.0ms
[2022-03-25T09:45:31.314+0000][69381.923s] GC(258)   Evacuate Collection Set: 37.6ms
[2022-03-25T09:45:31.320+0000][69381.929s] GC(258)   Post Evacuate Collection Set: 4.7ms
[2022-03-25T09:45:31.321+0000][69381.930s] GC(258)   Other: 5.1ms
[2022-03-25T09:45:31.325+0000][69381.934s] GC(258) Eden regions: 47->0(53)
[2022-03-25T09:45:31.327+0000][69381.936s] GC(258) Survivor regions: 2->2(7)
[2022-03-25T09:45:31.328+0000][69381.937s] GC(258) Old regions: 126->126
[2022-03-25T09:45:31.328+0000][69381.938s] GC(258) Humongous regions: 7->7
[2022-03-25T09:45:31.329+0000][69381.938s] GC(258) Metaspace: 63765K->63765K(1107968K)
[2022-03-25T09:45:31.329+0000][69381.939s] GC(258) Pause Young (Normal) (G1 Evacuation Pause) 179M->132M(512M) 65.844ms
[2022-03-25T09:45:31.331+0000][69381.940s] GC(258) User=0.02s Sys=0.00s Real=0.07s
[2022-03-25T09:45:33.207+0000][69383.816s] GC(259) Pause Young (Normal) (G1 Evacuation Pause)
[2022-03-25T09:45:33.211+0000][69383.820s] GC(259) Using 4 workers of 4 for evacuation
[2022-03-25T09:45:33.276+0000][69383.886s] GC(259)   Pre Evacuate Collection Set: 0.0ms
[2022-03-25T09:45:33.278+0000][69383.887s] GC(259)   Evacuate Collection Set: 60.6ms
[2022-03-25T09:45:33.284+0000][69383.893s] GC(259)   Post Evacuate Collection Set: 0.6ms
[2022-03-25T09:45:33.285+0000][69383.895s] GC(259)   Other: 8.6ms
[2022-03-25T09:45:33.286+0000][69383.895s] GC(259) Eden regions: 53->0(60)
[2022-03-25T09:45:33.286+0000][69383.896s] GC(259) Survivor regions: 2->2(7)
[2022-03-25T09:45:33.287+0000][69383.896s] GC(259) Old regions: 126->126
[2022-03-25T09:45:33.287+0000][69383.897s] GC(259) Humongous regions: 7->7
[2022-03-25T09:45:33.287+0000][69383.897s] GC(259) Metaspace: 63765K->63765K(1107968K)
[2022-03-25T09:45:33.288+0000][69383.897s] GC(259) Pause Young (Normal) (G1 Evacuation Pause) 185M->132M(512M) 81.159ms
[2022-03-25T09:45:33.288+0000][69383.897s] GC(259) User=0.06s Sys=0.02s Real=0.08s
[2022-03-25T09:45:36.186+0000][69386.796s] GC(260) Pause Young (Normal) (G1 Evacuation Pause)
[2022-03-25T09:45:36.189+0000][69386.799s] GC(260) Using 4 workers of 4 for evacuation
[2022-03-25T09:45:36.293+0000][69386.902s] GC(260)   Pre Evacuate Collection Set: 0.0ms
[2022-03-25T09:45:36.294+0000][69386.903s] GC(260)   Evacuate Collection Set: 96.1ms
[2022-03-25T09:45:36.295+0000][69386.904s] GC(260)   Post Evacuate Collection Set: 0.9ms
[2022-03-25T09:45:36.308+0000][69386.918s] GC(260)   Other: 9.4ms
[2022-03-25T09:45:36.310+0000][69386.919s] GC(260) Eden regions: 60->0(59)
[2022-03-25T09:45:36.310+0000][69386.920s] GC(260) Survivor regions: 2->2(8)
[2022-03-25T09:45:36.311+0000][69386.920s] GC(260) Old regions: 126->126
[2022-03-25T09:45:36.313+0000][69386.922s] GC(260) Humongous regions: 7->7
[2022-03-25T09:45:36.319+0000][69386.928s] GC(260) Metaspace: 63765K->63765K(1107968K)
[2022-03-25T09:45:36.329+0000][69386.939s] GC(260) Pause Young (Normal) (G1 Evacuation Pause) 192M->132M(512M) 142.809ms
[2022-03-25T09:45:36.330+0000][69386.939s] GC(260) User=0.04s Sys=0.00s Real=0.14s
[2022-03-25T09:45:39.906+0000][69390.516s] GC(261) Pause Young (Normal) (G1 Evacuation Pause)
[2022-03-25T09:45:39.946+0000][69390.556s] GC(261) Using 4 workers of 4 for evacuation
[2022-03-25T09:45:40.162+0000][69390.772s] GC(261)   Pre Evacuate Collection Set: 0.0ms
[2022-03-25T09:45:40.189+0000][69390.799s] GC(261)   Evacuate Collection Set: 200.7ms
[2022-03-25T09:45:40.190+0000][69390.799s] GC(261)   Post Evacuate Collection Set: 0.5ms
[2022-03-25T09:45:40.190+0000][69390.799s] GC(261)   Other: 54.7ms
[2022-03-25T09:45:40.191+0000][69390.800s] GC(261) Eden regions: 59->0(56)
[2022-03-25T09:45:40.191+0000][69390.800s] GC(261) Survivor regions: 2->2(8)
[2022-03-25T09:45:40.191+0000][69390.801s] GC(261) Old regions: 126->126
[2022-03-25T09:45:40.192+0000][69390.801s] GC(261) Humongous regions: 7->7
[2022-03-25T09:45:40.205+0000][69390.815s] GC(261) Metaspace: 63765K->63765K(1107968K)
[2022-03-25T09:45:40.212+0000][69390.822s] GC(261) Pause Young (Normal) (G1 Evacuation Pause) 191M->132M(512M) 305.579ms
[2022-03-25T09:45:40.221+0000][69390.830s] GC(261) User=0.05s Sys=0.10s Real=0.32s
[2022-03-25T09:45:42.507+0000][69393.117s] GC(262) Pause Young (Normal) (G1 Evacuation Pause)
[2022-03-25T09:45:42.508+0000][69393.117s] GC(262) Using 4 workers of 4 for evacuation
[2022-03-25T09:45:42.762+0000][69393.371s] GC(262) MMU target violated: 251.0ms (250.0ms/251.0ms)
[2022-03-25T09:45:42.771+0000][69393.381s] GC(262)   Pre Evacuate Collection Set: 0.0ms
[2022-03-25T09:45:42.779+0000][69393.388s] GC(262)   Evacuate Collection Set: 239.8ms
[2022-03-25T09:45:42.780+0000][69393.390s] GC(262)   Post Evacuate Collection Set: 0.7ms
[2022-03-25T09:45:42.783+0000][69393.393s] GC(262)   Other: 23.5ms
[2022-03-25T09:45:42.799+0000][69393.409s] GC(262) Eden regions: 56->0(58)
[2022-03-25T09:45:42.815+0000][69393.424s] GC(262) Survivor regions: 2->2(8)
[2022-03-25T09:45:42.832+0000][69393.441s] GC(262) Old regions: 126->126
[2022-03-25T09:45:42.833+0000][69393.442s] GC(262) Humongous regions: 7->7
[2022-03-25T09:45:42.852+0000][69393.461s] GC(262) Metaspace: 63765K->63765K(1107968K)
[2022-03-25T09:45:42.884+0000][69393.494s] GC(262) Pause Young (Normal) (G1 Evacuation Pause) 188M->132M(512M) 377.267ms
[2022-03-25T09:45:42.900+0000][69393.510s] GC(262) User=0.04s Sys=0.12s Real=0.39s
[2022-03-25T09:45:45.268+0000][69395.878s] GC(263) Pause Young (Normal) (G1 Evacuation Pause)
[2022-03-25T09:45:45.272+0000][69395.882s] GC(263) Using 4 workers of 4 for evacuation
[2022-03-25T09:45:45.372+0000][69395.981s] GC(263)   Pre Evacuate Collection Set: 0.0ms
[2022-03-25T09:45:45.375+0000][69395.984s] GC(263)   Evacuate Collection Set: 91.5ms
[2022-03-25T09:45:45.377+0000][69395.986s] GC(263)   Post Evacuate Collection Set: 7.1ms
[2022-03-25T09:45:45.392+0000][69396.001s] GC(263)   Other: 4.7ms
[2022-03-25T09:45:45.393+0000][69396.003s] GC(263) Eden regions: 58->0(66)
[2022-03-25T09:45:45.395+0000][69396.005s] GC(263) Survivor regions: 2->2(8)
[2022-03-25T09:45:45.396+0000][69396.005s] GC(263) Old regions: 126->126
[2022-03-25T09:45:45.397+0000][69396.006s] GC(263) Humongous regions: 7->7
[2022-03-25T09:45:45.399+0000][69396.009s] GC(263) Metaspace: 63765K->63765K(1107968K)
[2022-03-25T09:45:45.400+0000][69396.009s] GC(263) Pause Young (Normal) (G1 Evacuation Pause) 190M->132M(512M) 131.777ms
[2022-03-25T09:45:45.401+0000][69396.010s] GC(263) User=0.09s Sys=0.02s Real=0.13s
[2022-03-25T09:45:46.826+0000][69397.436s] GC(264) Pause Young (Normal) (G1 Evacuation Pause)
[2022-03-25T09:45:46.828+0000][69397.438s] GC(264) Using 4 workers of 4 for evacuation
[2022-03-25T09:45:46.937+0000][69397.546s] GC(264)   Pre Evacuate Collection Set: 0.0ms
[2022-03-25T09:45:46.938+0000][69397.548s] GC(264)   Evacuate Collection Set: 105.8ms
[2022-03-25T09:45:46.939+0000][69397.548s] GC(264)   Post Evacuate Collection Set: 0.6ms
[2022-03-25T09:45:46.943+0000][69397.553s] GC(264)   Other: 4.3ms
[2022-03-25T09:45:46.945+0000][69397.554s] GC(264) Eden regions: 66->0(72)
[2022-03-25T09:45:46.948+0000][69397.557s] GC(264) Survivor regions: 2->2(9)
[2022-03-25T09:45:46.960+0000][69397.569s] GC(264) Old regions: 126->126
[2022-03-25T09:45:46.960+0000][69397.570s] GC(264) Humongous regions: 7->7
[2022-03-25T09:45:46.961+0000][69397.570s] GC(264) Metaspace: 63765K->63765K(1107968K)
[2022-03-25T09:45:46.962+0000][69397.571s] GC(264) Pause Young (Normal) (G1 Evacuation Pause) 198M->132M(512M) 135.429ms
[2022-03-25T09:45:46.962+0000][69397.572s] GC(264) User=0.07s Sys=0.02s Real=0.13s
[2022-03-25T09:45:48.643+0000][69399.253s] GC(265) Pause Young (Normal) (G1 Evacuation Pause)
[2022-03-25T09:45:48.660+0000][69399.270s] GC(265) Using 4 workers of 4 for evacuation
[2022-03-25T09:45:48.717+0000][69399.326s] GC(265)   Pre Evacuate Collection Set: 0.0ms
[2022-03-25T09:45:48.719+0000][69399.328s] GC(265)   Evacuate Collection Set: 44.5ms
[2022-03-25T09:45:48.720+0000][69399.330s] GC(265)   Post Evacuate Collection Set: 0.9ms
[2022-03-25T09:45:48.724+0000][69399.333s] GC(265)   Other: 28.2ms
[2022-03-25T09:45:48.755+0000][69399.365s] GC(265) Eden regions: 72->0(83)
[2022-03-25T09:45:48.757+0000][69399.367s] GC(265) Survivor regions: 2->1(10)
[2022-03-25T09:45:48.784+0000][69399.393s] GC(265) Old regions: 126->126
[2022-03-25T09:45:48.805+0000][69399.414s] GC(265) Humongous regions: 7->7
[2022-03-25T09:45:48.818+0000][69399.428s] GC(265) Metaspace: 63765K->63765K(1107968K)
[2022-03-25T09:45:48.819+0000][69399.428s] GC(265) Pause Young (Normal) (G1 Evacuation Pause) 204M->132M(512M) 175.447ms
[2022-03-25T09:45:48.819+0000][69399.428s] GC(265) User=0.03s Sys=0.03s Real=0.18s
[2022-03-25T09:51:48.560+0000][69759.170s] GC(266) Pause Young (Normal) (G1 Evacuation Pause)
[2022-03-25T09:51:48.680+0000][69759.290s] GC(266) Using 4 workers of 4 for evacuation
[2022-03-25T09:51:50.022+0000][69760.631s] GC(266) MMU target violated: 251.0ms (250.0ms/251.0ms)
[2022-03-25T09:51:50.074+0000][69760.684s] GC(266)   Pre Evacuate Collection Set: 12.9ms
[2022-03-25T09:51:50.278+0000][69760.888s] GC(266)   Evacuate Collection Set: 1149.2ms
[2022-03-25T09:51:50.497+0000][69761.106s] GC(266)   Post Evacuate Collection Set: 14.2ms
[2022-03-25T09:51:50.580+0000][69761.189s] GC(266)   Other: 337.9ms
[2022-03-25T09:51:50.717+0000][69761.326s] GC(266) Eden regions: 83->0(27)
[2022-03-25T09:51:50.822+0000][69761.431s] GC(266) Survivor regions: 1->2(11)
[2022-03-25T09:51:50.937+0000][69761.546s] GC(266) Old regions: 126->126
[2022-03-25T09:51:51.044+0000][69761.653s] GC(266) Humongous regions: 7->7
[2022-03-25T09:51:51.300+0000][69761.909s] GC(266) Metaspace: 63765K->63765K(1107968K)
[2022-03-25T09:51:51.367+0000][69761.977s] GC(266) Pause Young (Normal) (G1 Evacuation Pause) 215M->133M(512M) 2807.051ms
[2022-03-25T09:51:51.408+0000][69762.018s] GC(266) User=0.63s Sys=0.36s Real=2.90s
[2022-03-25T09:51:54.646+0000][69765.256s] GC(267) Pause Young (Normal) (G1 Evacuation Pause)
[2022-03-25T09:51:54.657+0000][69765.266s] GC(267) Using 4 workers of 4 for evacuation
[2022-03-25T09:51:55.069+0000][69765.679s] GC(267) MMU target violated: 251.0ms (250.0ms/251.0ms)
[2022-03-25T09:51:55.135+0000][69765.744s] GC(267)   Pre Evacuate Collection Set: 0.1ms
[2022-03-25T09:51:55.262+0000][69765.872s] GC(267)   Evacuate Collection Set: 344.6ms
[2022-03-25T09:51:55.375+0000][69765.985s] GC(267)   Post Evacuate Collection Set: 51.0ms
[2022-03-25T09:51:55.488+0000][69766.097s] GC(267)   Other: 92.7ms
[2022-03-25T09:51:55.586+0000][69766.196s] GC(267) Eden regions: 27->0(23)
[2022-03-25T09:51:55.601+0000][69766.211s] GC(267) Survivor regions: 2->2(4)
[2022-03-25T09:51:55.629+0000][69766.239s] GC(267) Old regions: 126->126
[2022-03-25T09:51:55.849+0000][69766.458s] GC(267) Humongous regions: 7->7
[2022-03-25T09:51:55.935+0000][69766.544s] GC(267) Metaspace: 63765K->63765K(1107968K)
[2022-03-25T09:51:56.032+0000][69766.642s] GC(267) Pause Young (Normal) (G1 Evacuation Pause) 160M->133M(512M) 1385.718ms
[2022-03-25T09:51:56.047+0000][69766.656s] GC(267) User=0.14s Sys=0.15s Real=1.39s
[2022-03-25T09:51:57.721+0000][69768.330s] GC(268) Pause Young (Normal) (G1 Evacuation Pause)
[2022-03-25T09:51:57.877+0000][69768.487s] GC(268) Using 4 workers of 4 for evacuation
[2022-03-25T09:51:58.212+0000][69768.821s] GC(268)   Pre Evacuate Collection Set: 0.0ms
[2022-03-25T09:51:58.234+0000][69768.844s] GC(268)   Evacuate Collection Set: 192.3ms
[2022-03-25T09:51:58.243+0000][69768.852s] GC(268)   Post Evacuate Collection Set: 1.1ms
[2022-03-25T09:51:58.256+0000][69768.866s] GC(268)   Other: 297.4ms
[2022-03-25T09:51:58.257+0000][69768.867s] GC(268) Eden regions: 23->0(25)
[2022-03-25T09:51:58.258+0000][69768.868s] GC(268) Survivor regions: 2->2(4)
[2022-03-25T09:51:58.275+0000][69768.885s] GC(268) Old regions: 126->126
[2022-03-25T09:51:58.354+0000][69768.963s] GC(268) Humongous regions: 7->7
[2022-03-25T09:51:58.386+0000][69768.995s] GC(268) Metaspace: 63765K->63765K(1107968K)
[2022-03-25T09:51:58.402+0000][69769.011s] GC(268) Pause Young (Normal) (G1 Evacuation Pause) 156M->133M(512M) 680.944ms
[2022-03-25T09:51:58.417+0000][69769.027s] GC(268) User=0.20s Sys=0.06s Real=0.70s
[2022-03-25T09:52:00.460+0000][69771.069s] GC(269) Pause Young (Normal) (G1 Evacuation Pause)
[2022-03-25T09:52:00.529+0000][69771.138s] GC(269) Using 4 workers of 4 for evacuation
[2022-03-25T09:52:00.737+0000][69771.347s] GC(269)   Pre Evacuate Collection Set: 0.0ms
[2022-03-25T09:52:00.863+0000][69771.472s] GC(269)   Evacuate Collection Set: 173.7ms
[2022-03-25T09:52:01.098+0000][69771.707s] GC(269)   Post Evacuate Collection Set: 0.4ms
[2022-03-25T09:52:01.264+0000][69771.873s] GC(269)   Other: 103.7ms
[2022-03-25T09:52:01.378+0000][69771.987s] GC(269) Eden regions: 25->0(28)
[2022-03-25T09:52:01.451+0000][69772.060s] GC(269) Survivor regions: 2->2(4)
[2022-03-25T09:52:01.496+0000][69772.106s] GC(269) Old regions: 126->126
[2022-03-25T09:52:01.504+0000][69772.114s] GC(269) Humongous regions: 7->7
[2022-03-25T09:52:01.536+0000][69772.145s] GC(269) Metaspace: 63765K->63765K(1107968K)
[2022-03-25T09:52:01.552+0000][69772.162s] GC(269) Pause Young (Normal) (G1 Evacuation Pause) 158M->132M(512M) 1092.639ms
[2022-03-25T09:52:01.624+0000][69772.234s] GC(269) User=0.07s Sys=0.12s Real=1.19s
[2022-03-25T09:52:03.779+0000][69774.388s] GC(270) Pause Young (Normal) (G1 Evacuation Pause)
[2022-03-25T09:52:03.825+0000][69774.434s] GC(270) Using 4 workers of 4 for evacuation
[2022-03-25T09:52:03.977+0000][69774.586s] GC(270)   Pre Evacuate Collection Set: 0.0ms
[2022-03-25T09:52:04.092+0000][69774.702s] GC(270)   Evacuate Collection Set: 99.0ms
[2022-03-25T09:52:04.189+0000][69774.798s] GC(270)   Post Evacuate Collection Set: 0.5ms
[2022-03-25T09:52:04.290+0000][69774.899s] GC(270)   Other: 98.1ms
[2022-03-25T09:52:04.415+0000][69775.025s] GC(270) Eden regions: 28->0(31)
[2022-03-25T09:52:04.571+0000][69775.181s] GC(270) Survivor regions: 2->2(4)
[2022-03-25T09:52:04.667+0000][69775.276s] GC(270) Old regions: 126->126
[2022-03-25T09:52:04.738+0000][69775.348s] GC(270) Humongous regions: 7->7
[2022-03-25T09:52:04.764+0000][69775.374s] GC(270) Metaspace: 63765K->63765K(1107968K)
[2022-03-25T09:52:04.770+0000][69775.380s] GC(270) Pause Young (Normal) (G1 Evacuation Pause) 160M->133M(512M) 991.278ms
[2022-03-25T09:52:04.789+0000][69775.398s] GC(270) User=0.36s Sys=0.33s Real=1.01s
[2022-03-25T09:52:06.575+0000][69777.184s] GC(271) Pause Young (Normal) (G1 Evacuation Pause)
[2022-03-25T09:52:06.637+0000][69777.247s] GC(271) Using 4 workers of 4 for evacuation
[2022-03-25T09:52:06.908+0000][69777.517s] GC(271)   Pre Evacuate Collection Set: 0.0ms
[2022-03-25T09:52:07.099+0000][69777.709s] GC(271)   Evacuate Collection Set: 176.3ms
[2022-03-25T09:52:07.300+0000][69777.909s] GC(271)   Post Evacuate Collection Set: 10.8ms
[2022-03-25T09:52:07.372+0000][69777.982s] GC(271)   Other: 146.4ms
[2022-03-25T09:52:07.427+0000][69778.037s] GC(271) Eden regions: 31->0(34)
[2022-03-25T09:52:07.553+0000][69778.162s] GC(271) Survivor regions: 2->2(5)
[2022-03-25T09:52:07.706+0000][69778.315s] GC(271) Old regions: 126->126
[2022-03-25T09:52:07.852+0000][69778.462s] GC(271) Humongous regions: 7->7
[2022-03-25T09:52:07.919+0000][69778.528s] GC(271) Metaspace: 63765K->63765K(1107968K)
[2022-03-25T09:52:07.964+0000][69778.574s] GC(271) Pause Young (Normal) (G1 Evacuation Pause) 164M->133M(512M) 1389.504ms
[2022-03-25T09:52:08.067+0000][69778.676s] GC(271) User=0.08s Sys=0.03s Real=1.50s
[2022-03-25T09:52:10.111+0000][69780.720s] GC(272) Pause Young (Normal) (G1 Evacuation Pause)
[2022-03-25T09:52:10.178+0000][69780.788s] GC(272) Using 4 workers of 4 for evacuation
[2022-03-25T09:52:10.361+0000][69780.970s] GC(272)   Pre Evacuate Collection Set: 0.0ms
[2022-03-25T09:52:10.363+0000][69780.972s] GC(272)   Evacuate Collection Set: 153.5ms
[2022-03-25T09:52:10.364+0000][69780.973s] GC(272)   Post Evacuate Collection Set: 16.5ms
[2022-03-25T09:52:10.365+0000][69780.975s] GC(272)   Other: 80.1ms
[2022-03-25T09:52:10.366+0000][69780.975s] GC(272) Eden regions: 34->0(37)
[2022-03-25T09:52:10.376+0000][69780.985s] GC(272) Survivor regions: 2->2(5)
[2022-03-25T09:52:10.407+0000][69781.017s] GC(272) Old regions: 126->127
[2022-03-25T09:52:10.423+0000][69781.033s] GC(272) Humongous regions: 7->7
[2022-03-25T09:52:10.439+0000][69781.049s] GC(272) Metaspace: 63765K->63765K(1107968K)
[2022-03-25T09:52:10.451+0000][69781.061s] GC(272) Pause Young (Normal) (G1 Evacuation Pause) 167M->133M(512M) 340.161ms
[2022-03-25T09:52:10.474+0000][69781.083s] GC(272) User=0.03s Sys=0.10s Real=0.36s
[2022-03-25T09:52:12.370+0000][69782.979s] GC(273) Pause Young (Normal) (G1 Evacuation Pause)
[2022-03-25T09:52:12.418+0000][69783.027s] GC(273) Using 4 workers of 4 for evacuation
[2022-03-25T09:52:12.614+0000][69783.224s] GC(273)   Pre Evacuate Collection Set: 0.0ms
[2022-03-25T09:52:12.635+0000][69783.244s] GC(273)   Evacuate Collection Set: 87.2ms
[2022-03-25T09:52:12.652+0000][69783.262s] GC(273)   Post Evacuate Collection Set: 55.2ms
[2022-03-25T09:52:12.665+0000][69783.275s] GC(273)   Other: 102.3ms
[2022-03-25T09:52:12.689+0000][69783.298s] GC(273) Eden regions: 37->0(43)
[2022-03-25T09:52:12.717+0000][69783.326s] GC(273) Survivor regions: 2->2(5)
[2022-03-25T09:52:12.729+0000][69783.338s] GC(273) Old regions: 127->127
[2022-03-25T09:52:12.751+0000][69783.361s] GC(273) Humongous regions: 7->7
[2022-03-25T09:52:12.779+0000][69783.388s] GC(273) Metaspace: 63765K->63765K(1107968K)
[2022-03-25T09:52:12.813+0000][69783.422s] GC(273) Pause Young (Normal) (G1 Evacuation Pause) 170M->132M(512M) 443.496ms
[2022-03-25T09:52:12.862+0000][69783.471s] GC(273) User=0.08s Sys=0.02s Real=0.49s
[2022-03-25T09:52:16.835+0000][69787.445s] GC(274) Pause Young (Normal) (G1 Evacuation Pause)
[2022-03-25T09:52:16.890+0000][69787.500s] GC(274) Using 4 workers of 4 for evacuation
[2022-03-25T09:52:17.059+0000][69787.668s] GC(274)   Pre Evacuate Collection Set: 0.0ms
[2022-03-25T09:52:17.126+0000][69787.736s] GC(274)   Evacuate Collection Set: 51.8ms
[2022-03-25T09:52:17.270+0000][69787.880s] GC(274)   Post Evacuate Collection Set: 0.5ms
[2022-03-25T09:52:17.407+0000][69788.016s] GC(274)   Other: 171.4ms
[2022-03-25T09:52:17.434+0000][69788.043s] GC(274) Eden regions: 43->0(52)
[2022-03-25T09:52:17.664+0000][69788.274s] GC(274) Survivor regions: 2->2(6)
[2022-03-25T09:52:17.878+0000][69788.487s] GC(274) Old regions: 127->127
[2022-03-25T09:52:18.131+0000][69788.740s] GC(274) Humongous regions: 7->7
[2022-03-25T09:52:18.191+0000][69788.801s] GC(274) Metaspace: 63765K->63765K(1107968K)
[2022-03-25T09:52:18.348+0000][69788.957s] GC(274) Pause Young (Normal) (G1 Evacuation Pause) 175M->133M(512M) 1512.350ms
[2022-03-25T09:52:18.463+0000][69789.073s] GC(274) User=0.07s Sys=0.00s Real=1.62s
[2022-03-25T09:52:26.984+0000][69797.593s] GC(275) Pause Young (Normal) (G1 Evacuation Pause)
[2022-03-25T09:52:27.166+0000][69797.776s] GC(275) Using 4 workers of 4 for evacuation
[2022-03-25T09:52:27.555+0000][69798.165s] GC(275)   Pre Evacuate Collection Set: 0.1ms
[2022-03-25T09:52:27.570+0000][69798.180s] GC(275)   Evacuate Collection Set: 241.0ms
[2022-03-25T09:52:27.704+0000][69798.313s] GC(275)   Post Evacuate Collection Set: 0.4ms
[2022-03-25T09:52:27.790+0000][69798.399s] GC(275)   Other: 330.2ms
[2022-03-25T09:52:27.839+0000][69798.448s] GC(275) Eden regions: 52->0(60)
[2022-03-25T09:52:27.885+0000][69798.494s] GC(275) Survivor regions: 2->2(7)
[2022-03-25T09:52:27.943+0000][69798.552s] GC(275) Old regions: 127->127
[2022-03-25T09:52:28.086+0000][69798.696s] GC(275) Humongous regions: 7->7
[2022-03-25T09:52:28.295+0000][69798.905s] GC(275) Metaspace: 63765K->63765K(1107968K)
[2022-03-25T09:52:28.427+0000][69799.036s] GC(275) Pause Young (Normal) (G1 Evacuation Pause) 185M->132M(512M) 1443.250ms
[2022-03-25T09:52:28.520+0000][69799.129s] GC(275) User=0.29s Sys=0.12s Real=1.55s
[2022-03-25T09:52:33.826+0000][69804.435s] GC(276) Pause Young (Normal) (G1 Evacuation Pause)
[2022-03-25T09:52:34.046+0000][69804.655s] GC(276) Using 4 workers of 4 for evacuation
[2022-03-25T09:52:34.460+0000][69805.069s] GC(276) MMU target violated: 251.0ms (250.0ms/251.0ms)
[2022-03-25T09:52:34.561+0000][69805.170s] GC(276)   Pre Evacuate Collection Set: 0.0ms
[2022-03-25T09:52:34.677+0000][69805.287s] GC(276)   Evacuate Collection Set: 305.1ms
[2022-03-25T09:52:34.759+0000][69805.369s] GC(276)   Post Evacuate Collection Set: 27.6ms
[2022-03-25T09:52:34.777+0000][69805.387s] GC(276)   Other: 402.1ms
[2022-03-25T09:52:34.837+0000][69805.446s] GC(276) Eden regions: 60->0(62)
[2022-03-25T09:52:34.887+0000][69805.496s] GC(276) Survivor regions: 2->2(8)
[2022-03-25T09:52:34.922+0000][69805.531s] GC(276) Old regions: 127->127
[2022-03-25T09:52:34.993+0000][69805.602s] GC(276) Humongous regions: 7->7
[2022-03-25T09:52:35.081+0000][69805.690s] GC(276) Metaspace: 63765K->63765K(1107968K)
[2022-03-25T09:52:35.171+0000][69805.781s] GC(276) Pause Young (Normal) (G1 Evacuation Pause) 192M->133M(512M) 1345.630ms
[2022-03-25T09:52:35.264+0000][69805.874s] GC(276) User=0.08s Sys=0.12s Real=1.44s
[2022-03-25T09:52:38.790+0000][69809.400s] GC(277) Pause Young (Normal) (G1 Evacuation Pause)
[2022-03-25T09:52:38.822+0000][69809.431s] GC(277) Using 4 workers of 4 for evacuation
[2022-03-25T09:52:38.987+0000][69809.596s] GC(277)   Pre Evacuate Collection Set: 0.0ms
[2022-03-25T09:52:39.093+0000][69809.702s] GC(277)   Evacuate Collection Set: 140.9ms
[2022-03-25T09:52:39.161+0000][69809.770s] GC(277)   Post Evacuate Collection Set: 0.6ms
[2022-03-25T09:52:39.193+0000][69809.802s] GC(277)   Other: 55.0ms
[2022-03-25T09:52:39.209+0000][69809.818s] GC(277) Eden regions: 62->0(65)
[2022-03-25T09:52:39.241+0000][69809.850s] GC(277) Survivor regions: 2->2(8)
[2022-03-25T09:52:39.257+0000][69809.866s] GC(277) Old regions: 127->127
[2022-03-25T09:52:39.276+0000][69809.885s] GC(277) Humongous regions: 7->7
[2022-03-25T09:52:39.298+0000][69809.908s] GC(277) Metaspace: 63765K->63765K(1107968K)
[2022-03-25T09:52:39.368+0000][69809.977s] GC(277) Pause Young (Normal) (G1 Evacuation Pause) 195M->133M(512M) 577.375ms
[2022-03-25T09:52:39.425+0000][69810.034s] GC(277) User=0.06s Sys=0.01s Real=0.65s
[2022-03-25T09:52:42.275+0000][69812.885s] GC(278) Pause Young (Normal) (G1 Evacuation Pause)
[2022-03-25T09:52:42.299+0000][69812.909s] GC(278) Using 4 workers of 4 for evacuation
[2022-03-25T09:52:42.372+0000][69812.981s] GC(278)   Pre Evacuate Collection Set: 0.0ms
[2022-03-25T09:52:42.385+0000][69812.994s] GC(278)   Evacuate Collection Set: 57.6ms
[2022-03-25T09:52:42.390+0000][69812.999s] GC(278)   Post Evacuate Collection Set: 0.5ms
[2022-03-25T09:52:42.404+0000][69813.013s] GC(278)   Other: 38.6ms
[2022-03-25T09:52:42.421+0000][69813.031s] GC(278) Eden regions: 65->0(77)
[2022-03-25T09:52:42.424+0000][69813.034s] GC(278) Survivor regions: 2->2(9)
[2022-03-25T09:52:42.434+0000][69813.043s] GC(278) Old regions: 127->127
[2022-03-25T09:52:42.442+0000][69813.051s] GC(278) Humongous regions: 7->7
[2022-03-25T09:52:42.455+0000][69813.064s] GC(278) Metaspace: 63765K->63765K(1107968K)
[2022-03-25T09:52:42.471+0000][69813.080s] GC(278) Pause Young (Normal) (G1 Evacuation Pause) 198M->133M(512M) 195.539ms
[2022-03-25T09:52:42.500+0000][69813.110s] GC(278) User=0.04s Sys=0.02s Real=0.23s
[2022-03-25T09:52:52.181+0000][69822.790s] GC(279) Pause Young (Normal) (G1 Evacuation Pause)
[2022-03-25T09:52:52.292+0000][69822.901s] GC(279) Using 4 workers of 4 for evacuation
[2022-03-25T09:52:52.683+0000][69823.292s] GC(279) MMU target violated: 251.0ms (250.0ms/251.0ms)
[2022-03-25T09:52:52.750+0000][69823.360s] GC(279)   Pre Evacuate Collection Set: 0.0ms
[2022-03-25T09:52:52.751+0000][69823.360s] GC(279)   Evacuate Collection Set: 340.2ms
[2022-03-25T09:52:52.751+0000][69823.361s] GC(279)   Post Evacuate Collection Set: 0.5ms
[2022-03-25T09:52:52.752+0000][69823.362s] GC(279)   Other: 229.0ms
[2022-03-25T09:52:52.939+0000][69823.549s] GC(279) Eden regions: 77->0(65)
[2022-03-25T09:52:53.127+0000][69823.736s] GC(279) Survivor regions: 2->2(10)
[2022-03-25T09:52:53.269+0000][69823.878s] GC(279) Old regions: 127->127
[2022-03-25T09:52:53.333+0000][69823.942s] GC(279) Humongous regions: 7->7
[2022-03-25T09:52:53.398+0000][69824.008s] GC(279) Metaspace: 63765K->63765K(1107968K)
[2022-03-25T09:52:53.420+0000][69824.029s] GC(279) Pause Young (Normal) (G1 Evacuation Pause) 210M->133M(512M) 1238.869ms
[2022-03-25T09:52:53.421+0000][69824.030s] GC(279) User=0.22s Sys=0.14s Real=1.24s
[2022-03-25T09:52:56.178+0000][69826.787s] GC(280) Pause Young (Normal) (G1 Evacuation Pause)
[2022-03-25T09:52:56.375+0000][69826.984s] GC(280) Using 4 workers of 4 for evacuation
[2022-03-25T09:52:56.695+0000][69827.304s] GC(280)   Pre Evacuate Collection Set: 0.0ms
[2022-03-25T09:52:56.756+0000][69827.365s] GC(280)   Evacuate Collection Set: 147.6ms
[2022-03-25T09:52:56.789+0000][69827.398s] GC(280)   Post Evacuate Collection Set: 12.5ms
[2022-03-25T09:52:56.821+0000][69827.431s] GC(280)   Other: 357.0ms
[2022-03-25T09:52:56.842+0000][69827.451s] GC(280) Eden regions: 65->0(71)
[2022-03-25T09:52:56.870+0000][69827.479s] GC(280) Survivor regions: 2->2(9)
[2022-03-25T09:52:56.886+0000][69827.495s] GC(280) Old regions: 127->127
[2022-03-25T09:52:56.887+0000][69827.496s] GC(280) Humongous regions: 7->7
[2022-03-25T09:52:56.887+0000][69827.497s] GC(280) Metaspace: 63765K->63765K(1107968K)
[2022-03-25T09:52:56.889+0000][69827.499s] GC(280) Pause Young (Normal) (G1 Evacuation Pause) 198M->133M(512M) 711.178ms
[2022-03-25T09:52:56.902+0000][69827.512s] GC(280) User=0.12s Sys=0.01s Real=0.72s
[2022-03-25T09:53:06.131+0000][69836.740s] GC(281) Pause Young (Normal) (G1 Evacuation Pause)
[2022-03-25T09:53:06.149+0000][69836.758s] GC(281) Using 4 workers of 4 for evacuation
[2022-03-25T09:53:06.216+0000][69836.825s] GC(281)   Pre Evacuate Collection Set: 0.1ms
[2022-03-25T09:53:06.218+0000][69836.827s] GC(281)   Evacuate Collection Set: 53.2ms
[2022-03-25T09:53:06.219+0000][69836.828s] GC(281)   Post Evacuate Collection Set: 0.9ms
[2022-03-25T09:53:06.219+0000][69836.829s] GC(281)   Other: 30.8ms
[2022-03-25T09:53:06.221+0000][69836.830s] GC(281) Eden regions: 71->0(81)
[2022-03-25T09:53:06.221+0000][69836.831s] GC(281) Survivor regions: 2->2(10)
[2022-03-25T09:53:06.231+0000][69836.840s] GC(281) Old regions: 127->127
[2022-03-25T09:53:06.233+0000][69836.843s] GC(281) Humongous regions: 7->7
[2022-03-25T09:53:06.237+0000][69836.846s] GC(281) Metaspace: 63765K->63765K(1107968K)
[2022-03-25T09:53:06.240+0000][69836.849s] GC(281) Pause Young (Normal) (G1 Evacuation Pause) 204M->133M(512M) 108.640ms
[2022-03-25T09:53:06.241+0000][69836.850s] GC(281) User=0.03s Sys=0.03s Real=0.11s
[2022-03-25T09:53:10.592+0000][69841.201s] GC(282) Pause Young (Normal) (G1 Evacuation Pause)
[2022-03-25T09:53:10.596+0000][69841.206s] GC(282) Using 4 workers of 4 for evacuation
[2022-03-25T09:53:10.697+0000][69841.306s] GC(282)   Pre Evacuate Collection Set: 0.1ms
[2022-03-25T09:53:10.698+0000][69841.308s] GC(282)   Evacuate Collection Set: 88.2ms
[2022-03-25T09:53:10.712+0000][69841.321s] GC(282)   Post Evacuate Collection Set: 10.3ms
[2022-03-25T09:53:10.726+0000][69841.336s] GC(282)   Other: 6.4ms
[2022-03-25T09:53:10.729+0000][69841.339s] GC(282) Eden regions: 81->0(86)
[2022-03-25T09:53:10.730+0000][69841.340s] GC(282) Survivor regions: 2->1(11)
[2022-03-25T09:53:10.734+0000][69841.343s] GC(282) Old regions: 127->127
[2022-03-25T09:53:10.735+0000][69841.344s] GC(282) Humongous regions: 7->7
[2022-03-25T09:53:10.735+0000][69841.344s] GC(282) Metaspace: 63765K->63765K(1107968K)
[2022-03-25T09:53:10.735+0000][69841.345s] GC(282) Pause Young (Normal) (G1 Evacuation Pause) 214M->133M(512M) 143.588ms
[2022-03-25T09:53:10.736+0000][69841.345s] GC(282) User=0.06s Sys=0.01s Real=0.14s
[2022-03-25T09:53:14.265+0000][69844.874s] GC(283) Pause Young (Normal) (G1 Evacuation Pause)
[2022-03-25T09:53:14.299+0000][69844.908s] GC(283) Using 4 workers of 4 for evacuation
[2022-03-25T09:53:14.582+0000][69845.191s] GC(283) MMU target violated: 251.0ms (250.0ms/251.0ms)
[2022-03-25T09:53:14.601+0000][69845.210s] GC(283)   Pre Evacuate Collection Set: 0.1ms
[2022-03-25T09:53:14.612+0000][69845.221s] GC(283)   Evacuate Collection Set: 261.5ms
[2022-03-25T09:53:14.616+0000][69845.225s] GC(283)   Post Evacuate Collection Set: 4.4ms
[2022-03-25T09:53:14.628+0000][69845.238s] GC(283)   Other: 70.6ms
[2022-03-25T09:53:14.645+0000][69845.254s] GC(283) Eden regions: 86->0(83)
[2022-03-25T09:53:14.654+0000][69845.263s] GC(283) Survivor regions: 1->2(11)
[2022-03-25T09:53:14.656+0000][69845.266s] GC(283) Old regions: 127->127
[2022-03-25T09:53:14.657+0000][69845.266s] GC(283) Humongous regions: 7->7
[2022-03-25T09:53:14.660+0000][69845.270s] GC(283) Metaspace: 63765K->63765K(1107968K)
[2022-03-25T09:53:14.662+0000][69845.271s] GC(283) Pause Young (Normal) (G1 Evacuation Pause) 219M->133M(512M) 396.974ms
[2022-03-25T09:53:14.662+0000][69845.272s] GC(283) User=0.11s Sys=0.03s Real=0.40s
[2022-03-25T09:53:17.341+0000][69847.950s] GC(284) Pause Young (Normal) (G1 Evacuation Pause)
[2022-03-25T09:53:17.342+0000][69847.951s] GC(284) Using 4 workers of 4 for evacuation
[2022-03-25T09:53:17.466+0000][69848.075s] GC(284)   Pre Evacuate Collection Set: 0.0ms
[2022-03-25T09:53:17.466+0000][69848.076s] GC(284)   Evacuate Collection Set: 117.4ms
[2022-03-25T09:53:17.484+0000][69848.094s] GC(284)   Post Evacuate Collection Set: 1.2ms
[2022-03-25T09:53:17.485+0000][69848.094s] GC(284)   Other: 6.6ms
[2022-03-25T09:53:17.485+0000][69848.095s] GC(284) Eden regions: 83->0(93)
[2022-03-25T09:53:17.492+0000][69848.101s] GC(284) Survivor regions: 2->2(11)
[2022-03-25T09:53:17.493+0000][69848.103s] GC(284) Old regions: 127->127
[2022-03-25T09:53:17.497+0000][69848.106s] GC(284) Humongous regions: 7->7
[2022-03-25T09:53:17.506+0000][69848.115s] GC(284) Metaspace: 63765K->63765K(1107968K)
[2022-03-25T09:53:17.510+0000][69848.119s] GC(284) Pause Young (Normal) (G1 Evacuation Pause) 216M->133M(512M) 169.356ms
[2022-03-25T09:53:17.510+0000][69848.120s] GC(284) User=0.06s Sys=0.00s Real=0.17s
[2022-03-25T09:53:21.924+0000][69852.533s] GC(285) Pause Young (Normal) (G1 Evacuation Pause)
[2022-03-25T09:53:21.924+0000][69852.534s] GC(285) Using 4 workers of 4 for evacuation
[2022-03-25T09:53:22.125+0000][69852.735s] GC(285)   Pre Evacuate Collection Set: 0.0ms
[2022-03-25T09:53:22.131+0000][69852.740s] GC(285)   Evacuate Collection Set: 108.0ms
[2022-03-25T09:53:22.133+0000][69852.743s] GC(285)   Post Evacuate Collection Set: 92.2ms
[2022-03-25T09:53:22.139+0000][69852.748s] GC(285)   Other: 1.1ms
[2022-03-25T09:53:22.146+0000][69852.755s] GC(285) Eden regions: 93->0(97)
[2022-03-25T09:53:22.173+0000][69852.782s] GC(285) Survivor regions: 2->2(12)
[2022-03-25T09:53:22.176+0000][69852.786s] GC(285) Old regions: 127->127
[2022-03-25T09:53:22.177+0000][69852.787s] GC(285) Humongous regions: 7->7
[2022-03-25T09:53:22.181+0000][69852.790s] GC(285) Metaspace: 63765K->63765K(1107968K)
[2022-03-25T09:53:22.185+0000][69852.795s] GC(285) Pause Young (Normal) (G1 Evacuation Pause) 226M->133M(512M) 261.493ms
[2022-03-25T09:53:22.189+0000][69852.798s] GC(285) User=0.10s Sys=0.02s Real=0.27s
[2022-03-25T09:53:27.835+0000][69858.445s] GC(286) Pause Young (Normal) (G1 Evacuation Pause)
[2022-03-25T09:53:27.836+0000][69858.446s] GC(286) Using 4 workers of 4 for evacuation
[2022-03-25T09:53:27.956+0000][69858.565s] GC(286)   Pre Evacuate Collection Set: 0.2ms
[2022-03-25T09:53:27.958+0000][69858.568s] GC(286)   Evacuate Collection Set: 117.6ms
[2022-03-25T09:53:27.996+0000][69858.605s] GC(286)   Post Evacuate Collection Set: 0.7ms
[2022-03-25T09:53:28.005+0000][69858.615s] GC(286)   Other: 2.2ms
[2022-03-25T09:53:28.018+0000][69858.628s] GC(286) Eden regions: 97->0(108)
[2022-03-25T09:53:28.021+0000][69858.630s] GC(286) Survivor regions: 2->2(13)
[2022-03-25T09:53:28.022+0000][69858.631s] GC(286) Old regions: 127->127
[2022-03-25T09:53:28.031+0000][69858.640s] GC(286) Humongous regions: 7->7
[2022-03-25T09:53:28.044+0000][69858.653s] GC(286) Metaspace: 63765K->63765K(1107968K)
[2022-03-25T09:53:28.056+0000][69858.665s] GC(286) Pause Young (Normal) (G1 Evacuation Pause) 230M->133M(512M) 220.625ms
[2022-03-25T09:53:28.058+0000][69858.667s] GC(286) User=0.04s Sys=0.06s Real=0.22s
[2022-03-25T09:53:33.440+0000][69864.049s] GC(287) Pause Young (Normal) (G1 Evacuation Pause)
[2022-03-25T09:53:33.441+0000][69864.051s] GC(287) Using 4 workers of 4 for evacuation
[2022-03-25T09:53:33.497+0000][69864.107s] GC(287)   Pre Evacuate Collection Set: 0.0ms
[2022-03-25T09:53:33.498+0000][69864.107s] GC(287)   Evacuate Collection Set: 54.3ms
[2022-03-25T09:53:33.500+0000][69864.109s] GC(287)   Post Evacuate Collection Set: 0.9ms
[2022-03-25T09:53:33.500+0000][69864.110s] GC(287)   Other: 2.2ms
[2022-03-25T09:53:33.502+0000][69864.111s] GC(287) Eden regions: 108->0(125)
[2022-03-25T09:53:33.508+0000][69864.117s] GC(287) Survivor regions: 2->2(14)
[2022-03-25T09:53:33.521+0000][69864.130s] GC(287) Old regions: 127->127
[2022-03-25T09:53:33.528+0000][69864.137s] GC(287) Humongous regions: 7->7
[2022-03-25T09:53:33.528+0000][69864.138s] GC(287) Metaspace: 63765K->63765K(1107968K)
[2022-03-25T09:53:33.530+0000][69864.139s] GC(287) Pause Young (Normal) (G1 Evacuation Pause) 241M->133M(512M) 89.792ms
[2022-03-25T09:53:33.544+0000][69864.154s] GC(287) User=0.11s Sys=0.01s Real=0.11s
[2022-03-25T09:53:38.937+0000][69869.546s] GC(288) Pause Young (Normal) (G1 Evacuation Pause)
[2022-03-25T09:53:38.977+0000][69869.587s] GC(288) Using 4 workers of 4 for evacuation
[2022-03-25T09:53:39.127+0000][69869.736s] GC(288)   Pre Evacuate Collection Set: 0.1ms
[2022-03-25T09:53:39.130+0000][69869.740s] GC(288)   Evacuate Collection Set: 102.4ms
[2022-03-25T09:53:39.145+0000][69869.754s] GC(288)   Post Evacuate Collection Set: 6.1ms
[2022-03-25T09:53:39.146+0000][69869.756s] GC(288)   Other: 81.7ms
[2022-03-25T09:53:39.147+0000][69869.757s] GC(288) Eden regions: 125->0(133)
[2022-03-25T09:53:39.148+0000][69869.757s] GC(288) Survivor regions: 2->2(16)
[2022-03-25T09:53:39.148+0000][69869.758s] GC(288) Old regions: 127->127
[2022-03-25T09:53:39.149+0000][69869.758s] GC(288) Humongous regions: 7->7
[2022-03-25T09:53:39.149+0000][69869.758s] GC(288) Metaspace: 63765K->63765K(1107968K)
[2022-03-25T09:53:39.149+0000][69869.759s] GC(288) Pause Young (Normal) (G1 Evacuation Pause) 258M->133M(512M) 212.641ms
[2022-03-25T09:53:39.150+0000][69869.759s] GC(288) User=0.08s Sys=0.02s Real=0.21s
[2022-03-25T09:53:44.257+0000][69874.866s] GC(289) Pause Young (Normal) (G1 Evacuation Pause)
[2022-03-25T09:53:44.264+0000][69874.874s] GC(289) Using 4 workers of 4 for evacuation
[2022-03-25T09:53:44.341+0000][69874.951s] GC(289)   Pre Evacuate Collection Set: 0.0ms
[2022-03-25T09:53:44.351+0000][69874.960s] GC(289)   Evacuate Collection Set: 69.9ms
[2022-03-25T09:53:44.352+0000][69874.961s] GC(289)   Post Evacuate Collection Set: 0.7ms
[2022-03-25T09:53:44.355+0000][69874.964s] GC(289)   Other: 14.0ms
[2022-03-25T09:53:44.356+0000][69874.965s] GC(289) Eden regions: 133->0(140)
[2022-03-25T09:53:44.356+0000][69874.965s] GC(289) Survivor regions: 2->2(17)
[2022-03-25T09:53:44.358+0000][69874.967s] GC(289) Old regions: 127->127
[2022-03-25T09:53:44.358+0000][69874.967s] GC(289) Humongous regions: 7->7
[2022-03-25T09:53:44.359+0000][69874.969s] GC(289) Metaspace: 63765K->63765K(1107968K)
[2022-03-25T09:53:44.360+0000][69874.969s] GC(289) Pause Young (Normal) (G1 Evacuation Pause) 266M->133M(512M) 103.128ms
[2022-03-25T09:53:44.360+0000][69874.970s] GC(289) User=0.06s Sys=0.00s Real=0.10s
[2022-03-25T09:53:52.086+0000][69882.695s] GC(290) Pause Young (Normal) (G1 Evacuation Pause)
[2022-03-25T09:53:52.095+0000][69882.705s] GC(290) Using 4 workers of 4 for evacuation
[2022-03-25T09:53:52.303+0000][69882.913s] GC(290)   Pre Evacuate Collection Set: 0.0ms
[2022-03-25T09:53:52.304+0000][69882.914s] GC(290)   Evacuate Collection Set: 159.3ms
[2022-03-25T09:53:52.305+0000][69882.914s] GC(290)   Post Evacuate Collection Set: 32.5ms
[2022-03-25T09:53:52.305+0000][69882.915s] GC(290)   Other: 25.9ms
[2022-03-25T09:53:52.306+0000][69882.915s] GC(290) Eden regions: 140->0(130)
[2022-03-25T09:53:52.319+0000][69882.929s] GC(290) Survivor regions: 2->2(18)
[2022-03-25T09:53:52.339+0000][69882.949s] GC(290) Old regions: 127->127
[2022-03-25T09:53:52.355+0000][69882.965s] GC(290) Humongous regions: 7->7
[2022-03-25T09:53:52.372+0000][69882.981s] GC(290) Metaspace: 63765K->63765K(1107968K)
[2022-03-25T09:53:52.375+0000][69882.984s] GC(290) Pause Young (Normal) (G1 Evacuation Pause) 273M->133M(512M) 289.086ms
[2022-03-25T09:53:52.375+0000][69882.985s] GC(290) User=0.03s Sys=0.10s Real=0.28s
[2022-03-25T09:53:58.511+0000][69889.120s] GC(291) Pause Young (Normal) (G1 Evacuation Pause)
[2022-03-25T09:53:58.534+0000][69889.143s] GC(291) Using 4 workers of 4 for evacuation
[2022-03-25T09:53:58.642+0000][69889.251s] GC(291)   Pre Evacuate Collection Set: 0.1ms
[2022-03-25T09:53:58.661+0000][69889.270s] GC(291)   Evacuate Collection Set: 79.7ms
[2022-03-25T09:53:58.665+0000][69889.274s] GC(291)   Post Evacuate Collection Set: 11.6ms
[2022-03-25T09:53:58.679+0000][69889.289s] GC(291)   Other: 39.4ms
[2022-03-25T09:53:58.712+0000][69889.321s] GC(291) Eden regions: 130->0(144)
[2022-03-25T09:53:58.724+0000][69889.333s] GC(291) Survivor regions: 2->2(17)
[2022-03-25T09:53:58.739+0000][69889.349s] GC(291) Old regions: 127->127
[2022-03-25T09:53:58.746+0000][69889.355s] GC(291) Humongous regions: 7->7
[2022-03-25T09:53:58.780+0000][69889.390s] GC(291) Metaspace: 63765K->63765K(1107968K)
[2022-03-25T09:53:58.791+0000][69889.400s] GC(291) Pause Young (Normal) (G1 Evacuation Pause) 263M->133M(512M) 279.987ms
[2022-03-25T09:53:58.792+0000][69889.402s] GC(291) User=0.02s Sys=0.06s Real=0.28s
[2022-03-25T09:54:05.713+0000][69896.322s] GC(292) Pause Young (Normal) (G1 Evacuation Pause)
[2022-03-25T09:54:05.714+0000][69896.323s] GC(292) Using 4 workers of 4 for evacuation
[2022-03-25T09:54:05.834+0000][69896.444s] GC(292)   Pre Evacuate Collection Set: 0.0ms
[2022-03-25T09:54:05.836+0000][69896.446s] GC(292)   Evacuate Collection Set: 118.8ms
[2022-03-25T09:54:05.841+0000][69896.450s] GC(292)   Post Evacuate Collection Set: 0.8ms
[2022-03-25T09:54:05.843+0000][69896.452s] GC(292)   Other: 1.9ms
[2022-03-25T09:54:05.845+0000][69896.454s] GC(292) Eden regions: 144->0(145)
[2022-03-25T09:54:05.848+0000][69896.457s] GC(292) Survivor regions: 2->2(19)
[2022-03-25T09:54:05.852+0000][69896.462s] GC(292) Old regions: 127->127
[2022-03-25T09:54:05.853+0000][69896.463s] GC(292) Humongous regions: 7->7
[2022-03-25T09:54:05.857+0000][69896.467s] GC(292) Metaspace: 63765K->63765K(1107968K)
[2022-03-25T09:54:05.859+0000][69896.468s] GC(292) Pause Young (Normal) (G1 Evacuation Pause) 277M->134M(512M) 145.980ms
[2022-03-25T09:54:05.860+0000][69896.469s] GC(292) User=0.08s Sys=0.01s Real=0.15s
[2022-03-25T09:54:10.028+0000][69900.637s] GC(293) Pause Young (Normal) (G1 Evacuation Pause)
[2022-03-25T09:54:10.031+0000][69900.640s] GC(293) Using 4 workers of 4 for evacuation
[2022-03-25T09:54:10.455+0000][69901.064s] GC(293) MMU target violated: 251.0ms (250.0ms/251.0ms)
[2022-03-25T09:54:10.467+0000][69901.076s] GC(293)   Pre Evacuate Collection Set: 1.3ms
[2022-03-25T09:54:10.468+0000][69901.078s] GC(293)   Evacuate Collection Set: 409.8ms
[2022-03-25T09:54:10.469+0000][69901.078s] GC(293)   Post Evacuate Collection Set: 0.7ms
[2022-03-25T09:54:10.470+0000][69901.079s] GC(293)   Other: 27.2ms
[2022-03-25T09:54:10.471+0000][69901.080s] GC(293) Eden regions: 145->0(100)
[2022-03-25T09:54:10.471+0000][69901.081s] GC(293) Survivor regions: 2->2(19)
[2022-03-25T09:54:10.473+0000][69901.082s] GC(293) Old regions: 127->127
[2022-03-25T09:54:10.473+0000][69901.082s] GC(293) Humongous regions: 7->7
[2022-03-25T09:54:10.485+0000][69901.094s] GC(293) Metaspace: 63765K->63765K(1107968K)
[2022-03-25T09:54:10.521+0000][69901.130s] GC(293) Pause Young (Normal) (G1 Evacuation Pause) 279M->133M(512M) 480.248ms
[2022-03-25T09:54:10.576+0000][69901.185s] GC(293) User=0.09s Sys=0.12s Real=0.55s
[2022-03-25T09:54:14.068+0000][69904.678s] GC(294) Pause Young (Normal) (G1 Evacuation Pause)
[2022-03-25T09:54:14.108+0000][69904.717s] GC(294) Using 4 workers of 4 for evacuation
[2022-03-25T09:54:14.195+0000][69904.804s] GC(294)   Pre Evacuate Collection Set: 0.0ms
[2022-03-25T09:54:14.217+0000][69904.827s] GC(294)   Evacuate Collection Set: 80.0ms
[2022-03-25T09:54:14.233+0000][69904.842s] GC(294)   Post Evacuate Collection Set: 0.7ms
[2022-03-25T09:54:14.249+0000][69904.858s] GC(294)   Other: 45.8ms
[2022-03-25T09:54:14.265+0000][69904.875s] GC(294) Eden regions: 100->0(111)
[2022-03-25T09:54:14.282+0000][69904.891s] GC(294) Survivor regions: 2->2(13)
[2022-03-25T09:54:14.299+0000][69904.909s] GC(294) Old regions: 127->127
[2022-03-25T09:54:14.318+0000][69904.927s] GC(294) Humongous regions: 7->7
[2022-03-25T09:54:14.332+0000][69904.942s] GC(294) Metaspace: 63765K->63765K(1107968K)
[2022-03-25T09:54:14.350+0000][69904.959s] GC(294) Pause Young (Normal) (G1 Evacuation Pause) 233M->133M(512M) 281.221ms
[2022-03-25T09:54:14.366+0000][69904.975s] GC(294) User=0.02s Sys=0.03s Real=0.30s
[2022-03-25T10:11:50.778+0000][70961.487s] GC(295) Pause Young (Normal) (G1 Evacuation Pause)
[2022-03-25T10:11:50.897+0000][70961.507s] GC(295) Using 4 workers of 4 for evacuation
[2022-03-25T10:11:58.054+0000][70968.663s] GC(295) MMU target violated: 251.0ms (250.0ms/251.0ms)
[2022-03-25T10:11:58.059+0000][70968.669s] GC(295)   Pre Evacuate Collection Set: 242.8ms
[2022-03-25T10:11:58.066+0000][70968.676s] GC(295)   Evacuate Collection Set: 6846.3ms
[2022-03-25T10:11:58.075+0000][70968.685s] GC(295)   Post Evacuate Collection Set: 51.5ms
[2022-03-25T10:11:58.097+0000][70968.707s] GC(295)   Other: 144.1ms
[2022-03-25T10:11:58.121+0000][70968.731s] GC(295) Eden regions: 111->0(23)
[2022-03-25T10:11:58.138+0000][70968.747s] GC(295) Survivor regions: 2->2(15)
[2022-03-25T10:11:58.149+0000][70968.758s] GC(295) Old regions: 127->127
[2022-03-25T10:11:58.175+0000][70968.784s] GC(295) Humongous regions: 7->7
[2022-03-25T10:11:58.190+0000][70968.800s] GC(295) Metaspace: 63765K->63765K(1107968K)
[2022-03-25T10:11:58.232+0000][70968.841s] GC(295) Pause Young (Normal) (G1 Evacuation Pause) 244M->133M(512M) 7453.794ms
[2022-03-25T10:11:58.235+0000][70968.845s] GC(295) User=2.56s Sys=1.21s Real=7.48s
[2022-03-25T10:12:04.059+0000][70974.669s] GC(296) Pause Young (Normal) (G1 Evacuation Pause)
[2022-03-25T10:12:04.314+0000][70974.924s] GC(296) Using 4 workers of 4 for evacuation
[2022-03-25T10:12:06.538+0000][70977.147s] GC(296) MMU target violated: 251.0ms (250.0ms/251.0ms)
[2022-03-25T10:12:06.591+0000][70977.200s] GC(296)   Pre Evacuate Collection Set: 0.0ms
[2022-03-25T10:12:06.700+0000][70977.310s] GC(296)   Evacuate Collection Set: 1469.1ms
[2022-03-25T10:12:06.931+0000][70977.541s] GC(296)   Post Evacuate Collection Set: 553.6ms
[2022-03-25T10:12:07.180+0000][70977.790s] GC(296)   Other: 508.8ms
[2022-03-25T10:12:07.506+0000][70978.115s] GC(296) Eden regions: 23->0(23)
[2022-03-25T10:12:07.582+0000][70978.192s] GC(296) Survivor regions: 2->2(4)
[2022-03-25T10:12:07.619+0000][70978.228s] GC(296) Old regions: 127->127
[2022-03-25T10:12:07.692+0000][70978.301s] GC(296) Humongous regions: 7->7
[2022-03-25T10:12:07.717+0000][70978.326s] GC(296) Metaspace: 63765K->63765K(1107968K)
[2022-03-25T10:12:07.735+0000][70978.345s] GC(296) Pause Young (Normal) (G1 Evacuation Pause) 156M->134M(512M) 3676.270ms
[2022-03-25T10:12:07.745+0000][70978.355s] GC(296) User=0.76s Sys=0.25s Real=3.69s
[2022-03-25T10:12:13.120+0000][70983.730s] GC(297) Pause Young (Normal) (G1 Evacuation Pause)
[2022-03-25T10:12:13.147+0000][70983.757s] GC(297) Using 4 workers of 4 for evacuation
[2022-03-25T10:12:13.772+0000][70984.381s] GC(297) MMU target violated: 251.0ms (250.0ms/251.0ms)
[2022-03-25T10:12:13.794+0000][70984.404s] GC(297)   Pre Evacuate Collection Set: 0.0ms
[2022-03-25T10:12:13.808+0000][70984.417s] GC(297)   Evacuate Collection Set: 562.6ms
[2022-03-25T10:12:13.821+0000][70984.431s] GC(297)   Post Evacuate Collection Set: 0.8ms
[2022-03-25T10:12:13.836+0000][70984.445s] GC(297)   Other: 110.4ms
[2022-03-25T10:12:13.844+0000][70984.454s] GC(297) Eden regions: 23->0(23)
[2022-03-25T10:12:13.857+0000][70984.466s] GC(297) Survivor regions: 2->2(4)
[2022-03-25T10:12:13.863+0000][70984.472s] GC(297) Old regions: 127->127
[2022-03-25T10:12:13.866+0000][70984.476s] GC(297) Humongous regions: 7->7
[2022-03-25T10:12:13.870+0000][70984.479s] GC(297) Metaspace: 63765K->63765K(1107968K)
[2022-03-25T10:12:13.875+0000][70984.485s] GC(297) Pause Young (Normal) (G1 Evacuation Pause) 157M->133M(512M) 754.958ms
[2022-03-25T10:12:13.880+0000][70984.490s] GC(297) User=0.33s Sys=0.17s Real=0.76s
[2022-03-25T10:12:17.395+0000][70988.005s] GC(298) Pause Young (Normal) (G1 Evacuation Pause)
[2022-03-25T10:12:17.444+0000][70988.053s] GC(298) Using 4 workers of 4 for evacuation
[2022-03-25T10:12:17.650+0000][70988.259s] GC(298)   Pre Evacuate Collection Set: 0.0ms
[2022-03-25T10:12:17.722+0000][70988.331s] GC(298)   Evacuate Collection Set: 187.9ms
[2022-03-25T10:12:17.802+0000][70988.412s] GC(298)   Post Evacuate Collection Set: 0.4ms
[2022-03-25T10:12:17.850+0000][70988.460s] GC(298)   Other: 65.9ms
[2022-03-25T10:12:17.894+0000][70988.504s] GC(298) Eden regions: 23->0(23)
[2022-03-25T10:12:17.956+0000][70988.565s] GC(298) Survivor regions: 2->2(4)
[2022-03-25T10:12:17.988+0000][70988.597s] GC(298) Old regions: 127->127
[2022-03-25T10:12:18.022+0000][70988.632s] GC(298) Humongous regions: 7->7
[2022-03-25T10:12:18.054+0000][70988.664s] GC(298) Metaspace: 63765K->63765K(1107968K)
[2022-03-25T10:12:18.105+0000][70988.715s] GC(298) Pause Young (Normal) (G1 Evacuation Pause) 156M->133M(512M) 709.934ms
[2022-03-25T10:12:18.121+0000][70988.730s] GC(298) User=0.09s Sys=0.03s Real=0.72s
[2022-03-25T10:12:37.811+0000][71008.420s] GC(299) Pause Young (Normal) (G1 Evacuation Pause)
[2022-03-25T10:12:37.867+0000][71008.476s] GC(299) Using 4 workers of 4 for evacuation
[2022-03-25T10:12:38.455+0000][71009.064s] GC(299) MMU target violated: 251.0ms (250.0ms/251.0ms)
[2022-03-25T10:12:38.687+0000][71009.296s] GC(299)   Pre Evacuate Collection Set: 0.1ms
[2022-03-25T10:12:38.784+0000][71009.394s] GC(299)   Evacuate Collection Set: 436.4ms
[2022-03-25T10:12:38.828+0000][71009.437s] GC(299)   Post Evacuate Collection Set: 135.6ms
[2022-03-25T10:12:39.009+0000][71009.619s] GC(299)   Other: 304.0ms
[2022-03-25T10:12:39.614+0000][71010.224s] GC(299) Eden regions: 23->0(23)
[2022-03-25T10:12:39.704+0000][71010.314s] GC(299) Survivor regions: 2->2(4)
[2022-03-25T10:12:39.785+0000][71010.394s] GC(299) Old regions: 127->127
[2022-03-25T10:12:39.910+0000][71010.519s] GC(299) Humongous regions: 7->7
[2022-03-25T10:12:40.002+0000][71010.611s] GC(299) Metaspace: 63765K->63765K(1107968K)
[2022-03-25T10:12:40.080+0000][71010.689s] GC(299) Pause Young (Normal) (G1 Evacuation Pause) 156M->133M(512M) 2268.936ms
[2022-03-25T10:12:40.151+0000][71010.760s] GC(299) User=0.16s Sys=0.09s Real=2.37s
[2022-03-25T10:12:46.907+0000][71017.516s] GC(300) Pause Young (Normal) (G1 Evacuation Pause)
[2022-03-25T10:12:47.004+0000][71017.613s] GC(300) Using 4 workers of 4 for evacuation
[2022-03-25T10:12:47.385+0000][71017.994s] GC(300) MMU target violated: 251.0ms (250.0ms/251.0ms)
[2022-03-25T10:12:47.661+0000][71018.270s] GC(300)   Pre Evacuate Collection Set: 0.1ms
[2022-03-25T10:12:48.192+0000][71018.801s] GC(300)   Evacuate Collection Set: 347.1ms
[2022-03-25T10:12:48.551+0000][71019.161s] GC(300)   Post Evacuate Collection Set: 17.2ms
[2022-03-25T10:12:48.665+0000][71019.275s] GC(300)   Other: 389.5ms
[2022-03-25T10:12:48.769+0000][71019.378s] GC(300) Eden regions: 23->0(23)
[2022-03-25T10:12:48.840+0000][71019.449s] GC(300) Survivor regions: 2->2(4)
[2022-03-25T10:12:48.883+0000][71019.492s] GC(300) Old regions: 127->127
[2022-03-25T10:12:48.912+0000][71019.522s] GC(300) Humongous regions: 7->7
[2022-03-25T10:12:48.946+0000][71019.555s] GC(300) Metaspace: 63765K->63765K(1107968K)
[2022-03-25T10:12:48.961+0000][71019.571s] GC(300) Pause Young (Normal) (G1 Evacuation Pause) 156M->133M(512M) 2054.167ms
[2022-03-25T10:12:49.182+0000][71019.791s] GC(300) User=0.11s Sys=0.01s Real=2.28s
[2022-03-25T10:12:50.233+0000][71020.843s] GC(301) Pause Young (Normal) (G1 Evacuation Pause)
[2022-03-25T10:12:50.340+0000][71020.949s] GC(301) Using 4 workers of 4 for evacuation
[2022-03-25T10:12:50.615+0000][71021.224s] GC(301)   Pre Evacuate Collection Set: 0.0ms
[2022-03-25T10:12:50.730+0000][71021.339s] GC(301)   Evacuate Collection Set: 165.6ms
[2022-03-25T10:12:50.925+0000][71021.535s] GC(301)   Post Evacuate Collection Set: 1.6ms
[2022-03-25T10:12:51.327+0000][71021.937s] GC(301)   Other: 214.5ms
[2022-03-25T10:12:51.443+0000][71022.053s] GC(301) Eden regions: 23->0(23)
[2022-03-25T10:12:51.488+0000][71022.098s] GC(301) Survivor regions: 2->2(4)
[2022-03-25T10:12:51.534+0000][71022.143s] GC(301) Old regions: 127->127
[2022-03-25T10:12:51.589+0000][71022.199s] GC(301) Humongous regions: 7->7
[2022-03-25T10:12:51.641+0000][71022.250s] GC(301) Metaspace: 63765K->63765K(1107968K)
[2022-03-25T10:12:51.700+0000][71022.310s] GC(301) Pause Young (Normal) (G1 Evacuation Pause) 156M->133M(512M) 1467.016ms
[2022-03-25T10:12:51.827+0000][71022.437s] GC(301) User=0.03s Sys=0.03s Real=1.59s
[2022-03-25T10:12:53.753+0000][71024.363s] GC(302) Pause Young (Normal) (G1 Evacuation Pause)
[2022-03-25T10:12:53.911+0000][71024.521s] GC(302) Using 4 workers of 4 for evacuation
[2022-03-25T10:12:54.284+0000][71024.894s] GC(302)   Pre Evacuate Collection Set: 0.2ms
[2022-03-25T10:12:54.439+0000][71025.048s] GC(302)   Evacuate Collection Set: 136.4ms
[2022-03-25T10:12:54.557+0000][71025.166s] GC(302)   Post Evacuate Collection Set: 109.9ms
[2022-03-25T10:12:54.664+0000][71025.274s] GC(302)   Other: 284.5ms
[2022-03-25T10:12:54.677+0000][71025.287s] GC(302) Eden regions: 23->0(23)
[2022-03-25T10:12:54.696+0000][71025.305s] GC(302) Survivor regions: 2->2(4)
[2022-03-25T10:12:54.725+0000][71025.334s] GC(302) Old regions: 127->127
[2022-03-25T10:12:54.731+0000][71025.340s] GC(302) Humongous regions: 7->7
[2022-03-25T10:12:54.781+0000][71025.390s] GC(302) Metaspace: 63765K->63765K(1107968K)
[2022-03-25T10:12:54.907+0000][71025.517s] GC(302) Pause Young (Normal) (G1 Evacuation Pause) 156M->133M(512M) 1154.187ms
[2022-03-25T10:12:54.984+0000][71025.594s] GC(302) User=0.16s Sys=0.04s Real=1.21s
[2022-03-25T10:12:59.709+0000][71030.319s] GC(303) Pause Young (Normal) (G1 Evacuation Pause)
[2022-03-25T10:12:59.868+0000][71030.477s] GC(303) Using 4 workers of 4 for evacuation
[2022-03-25T10:13:00.112+0000][71030.722s] GC(303)   Pre Evacuate Collection Set: 0.0ms
[2022-03-25T10:13:00.286+0000][71030.896s] GC(303)   Evacuate Collection Set: 178.3ms
[2022-03-25T10:13:00.380+0000][71030.989s] GC(303)   Post Evacuate Collection Set: 0.6ms
[2022-03-25T10:13:00.388+0000][71030.997s] GC(303)   Other: 224.3ms
[2022-03-25T10:13:00.395+0000][71031.004s] GC(303) Eden regions: 23->0(23)
[2022-03-25T10:13:00.403+0000][71031.012s] GC(303) Survivor regions: 2->2(4)
[2022-03-25T10:13:00.434+0000][71031.044s] GC(303) Old regions: 127->127
[2022-03-25T10:13:00.461+0000][71031.070s] GC(303) Humongous regions: 7->7
[2022-03-25T10:13:00.486+0000][71031.095s] GC(303) Metaspace: 63765K->63765K(1107968K)
[2022-03-25T10:13:00.562+0000][71031.172s] GC(303) Pause Young (Normal) (G1 Evacuation Pause) 156M->133M(512M) 853.000ms
[2022-03-25T10:13:00.764+0000][71031.373s] GC(303) User=0.06s Sys=0.00s Real=1.05s
[2022-03-25T10:13:06.216+0000][71036.826s] GC(304) Pause Young (Normal) (G1 Evacuation Pause)
[2022-03-25T10:13:06.321+0000][71036.930s] GC(304) Using 4 workers of 4 for evacuation
[2022-03-25T10:13:06.535+0000][71037.145s] GC(304)   Pre Evacuate Collection Set: 0.0ms
[2022-03-25T10:13:06.655+0000][71037.264s] GC(304)   Evacuate Collection Set: 164.8ms
[2022-03-25T10:13:06.753+0000][71037.362s] GC(304)   Post Evacuate Collection Set: 0.8ms
[2022-03-25T10:13:06.759+0000][71037.368s] GC(304)   Other: 153.6ms
[2022-03-25T10:13:06.783+0000][71037.393s] GC(304) Eden regions: 23->0(23)
[2022-03-25T10:13:06.828+0000][71037.437s] GC(304) Survivor regions: 2->2(4)
[2022-03-25T10:13:06.870+0000][71037.479s] GC(304) Old regions: 127->127
[2022-03-25T10:13:06.904+0000][71037.513s] GC(304) Humongous regions: 7->7
[2022-03-25T10:13:06.920+0000][71037.529s] GC(304) Metaspace: 63765K->63765K(1107968K)
[2022-03-25T10:13:06.970+0000][71037.579s] GC(304) Pause Young (Normal) (G1 Evacuation Pause) 156M->133M(512M) 753.634ms
[2022-03-25T10:13:07.017+0000][71037.626s] GC(304) User=0.01s Sys=0.07s Real=0.82s
[2022-03-25T10:13:09.180+0000][71039.789s] GC(305) Pause Young (Normal) (G1 Evacuation Pause)
[2022-03-25T10:13:09.227+0000][71039.836s] GC(305) Using 4 workers of 4 for evacuation
[2022-03-25T10:13:09.588+0000][71040.198s] GC(305)   Pre Evacuate Collection Set: 0.2ms
[2022-03-25T10:13:09.599+0000][71040.209s] GC(305)   Evacuate Collection Set: 137.1ms
[2022-03-25T10:13:09.631+0000][71040.240s] GC(305)   Post Evacuate Collection Set: 0.4ms
[2022-03-25T10:13:09.631+0000][71040.241s] GC(305)   Other: 270.9ms
[2022-03-25T10:13:09.642+0000][71040.251s] GC(305) Eden regions: 23->0(24)
[2022-03-25T10:13:09.661+0000][71040.270s] GC(305) Survivor regions: 2->2(4)
[2022-03-25T10:13:09.683+0000][71040.292s] GC(305) Old regions: 127->127
[2022-03-25T10:13:09.698+0000][71040.307s] GC(305) Humongous regions: 7->7
[2022-03-25T10:13:09.713+0000][71040.323s] GC(305) Metaspace: 63765K->63765K(1107968K)
[2022-03-25T10:13:09.746+0000][71040.355s] GC(305) Pause Young (Normal) (G1 Evacuation Pause) 156M->133M(512M) 566.130ms
[2022-03-25T10:13:09.794+0000][71040.403s] GC(305) User=0.05s Sys=0.02s Real=0.58s
[2022-03-25T10:13:10.715+0000][71041.325s] GC(306) Pause Young (Normal) (G1 Evacuation Pause)
[2022-03-25T10:13:10.782+0000][71041.391s] GC(306) Using 4 workers of 4 for evacuation
[2022-03-25T10:13:11.168+0000][71041.777s] GC(306) MMU target violated: 251.0ms (250.0ms/251.0ms)
[2022-03-25T10:13:11.188+0000][71041.797s] GC(306)   Pre Evacuate Collection Set: 0.0ms
[2022-03-25T10:13:11.193+0000][71041.803s] GC(306)   Evacuate Collection Set: 343.8ms
[2022-03-25T10:13:11.205+0000][71041.814s] GC(306)   Post Evacuate Collection Set: 0.4ms
[2022-03-25T10:13:11.225+0000][71041.834s] GC(306)   Other: 128.3ms
[2022-03-25T10:13:11.241+0000][71041.850s] GC(306) Eden regions: 24->0(24)
[2022-03-25T10:13:11.287+0000][71041.896s] GC(306) Survivor regions: 2->2(4)
[2022-03-25T10:13:11.425+0000][71042.034s] GC(306) Old regions: 127->127
[2022-03-25T10:13:11.487+0000][71042.096s] GC(306) Humongous regions: 7->7
[2022-03-25T10:13:11.532+0000][71042.141s] GC(306) Metaspace: 63765K->63765K(1107968K)
[2022-03-25T10:13:11.561+0000][71042.170s] GC(306) Pause Young (Normal) (G1 Evacuation Pause) 157M->133M(512M) 845.533ms
[2022-03-25T10:13:11.593+0000][71042.203s] GC(306) User=0.14s Sys=0.06s Real=0.88s
[2022-03-25T10:13:13.685+0000][71044.294s] GC(307) Pause Young (Normal) (G1 Evacuation Pause)
[2022-03-25T10:13:13.763+0000][71044.372s] GC(307) Using 4 workers of 4 for evacuation
[2022-03-25T10:13:13.979+0000][71044.589s] GC(307)   Pre Evacuate Collection Set: 0.0ms
[2022-03-25T10:13:14.020+0000][71044.630s] GC(307)   Evacuate Collection Set: 151.4ms
[2022-03-25T10:13:14.047+0000][71044.656s] GC(307)   Post Evacuate Collection Set: 0.4ms
[2022-03-25T10:13:14.093+0000][71044.702s] GC(307)   Other: 142.8ms
[2022-03-25T10:13:14.157+0000][71044.767s] GC(307) Eden regions: 24->0(26)
[2022-03-25T10:13:14.416+0000][71045.026s] GC(307) Survivor regions: 2->2(4)
[2022-03-25T10:13:14.675+0000][71045.284s] GC(307) Old regions: 127->127
[2022-03-25T10:13:14.728+0000][71045.337s] GC(307) Humongous regions: 7->7
[2022-03-25T10:13:14.792+0000][71045.402s] GC(307) Metaspace: 63765K->63765K(1107968K)
[2022-03-25T10:13:14.812+0000][71045.422s] GC(307) Pause Young (Normal) (G1 Evacuation Pause) 157M->133M(512M) 1127.319ms
[2022-03-25T10:13:14.882+0000][71045.491s] GC(307) User=0.05s Sys=0.04s Real=1.20s
[2022-03-25T10:13:18.288+0000][71048.897s] GC(308) Pause Young (Normal) (G1 Evacuation Pause)
[2022-03-25T10:13:18.324+0000][71048.933s] GC(308) Using 4 workers of 4 for evacuation
[2022-03-25T10:13:18.915+0000][71049.524s] GC(308) MMU target violated: 251.0ms (250.0ms/251.0ms)
[2022-03-25T10:13:19.115+0000][71049.725s] GC(308)   Pre Evacuate Collection Set: 0.0ms
[2022-03-25T10:13:19.312+0000][71049.922s] GC(308)   Evacuate Collection Set: 525.3ms
[2022-03-25T10:13:19.329+0000][71049.938s] GC(308)   Post Evacuate Collection Set: 0.4ms
[2022-03-25T10:13:19.357+0000][71049.967s] GC(308)   Other: 301.8ms
[2022-03-25T10:13:19.359+0000][71049.968s] GC(308) Eden regions: 26->0(26)
[2022-03-25T10:13:19.361+0000][71049.970s] GC(308) Survivor regions: 2->2(4)
[2022-03-25T10:13:19.369+0000][71049.978s] GC(308) Old regions: 127->128
[2022-03-25T10:13:19.397+0000][71050.007s] GC(308) Humongous regions: 7->7
[2022-03-25T10:13:19.438+0000][71050.048s] GC(308) Metaspace: 63765K->63765K(1107968K)
[2022-03-25T10:13:19.526+0000][71050.135s] GC(308) Pause Young (Normal) (G1 Evacuation Pause) 159M->134M(512M) 1238.307ms
[2022-03-25T10:13:19.626+0000][71050.236s] GC(308) User=0.18s Sys=0.13s Real=1.35s
[2022-03-25T10:13:27.282+0000][71057.892s] GC(309) Pause Young (Normal) (G1 Evacuation Pause)
[2022-03-25T10:13:27.305+0000][71057.914s] GC(309) Using 4 workers of 4 for evacuation
[2022-03-25T10:13:27.905+0000][71058.514s] GC(309) MMU target violated: 251.0ms (250.0ms/251.0ms)
[2022-03-25T10:13:27.938+0000][71058.547s] GC(309)   Pre Evacuate Collection Set: 0.1ms
[2022-03-25T10:13:27.960+0000][71058.569s] GC(309)   Evacuate Collection Set: 557.2ms
[2022-03-25T10:13:28.107+0000][71058.716s] GC(309)   Post Evacuate Collection Set: 12.3ms
[2022-03-25T10:13:28.263+0000][71058.872s] GC(309)   Other: 73.7ms
[2022-03-25T10:13:28.467+0000][71059.076s] GC(309) Eden regions: 26->0(25)
[2022-03-25T10:13:28.644+0000][71059.254s] GC(309) Survivor regions: 2->2(4)
[2022-03-25T10:13:28.742+0000][71059.351s] GC(309) Old regions: 128->128
[2022-03-25T10:13:28.784+0000][71059.394s] GC(309) Humongous regions: 7->7
[2022-03-25T10:13:28.820+0000][71059.429s] GC(309) Metaspace: 63765K->63765K(1107968K)
[2022-03-25T10:13:28.864+0000][71059.473s] GC(309) Pause Young (Normal) (G1 Evacuation Pause) 160M->133M(512M) 1581.705ms
[2022-03-25T10:13:28.896+0000][71059.505s] GC(309) User=0.15s Sys=0.07s Real=1.66s
[2022-03-25T10:13:30.511+0000][71061.120s] GC(310) Pause Young (Normal) (G1 Evacuation Pause)
[2022-03-25T10:13:30.571+0000][71061.180s] GC(310) Using 4 workers of 4 for evacuation
[2022-03-25T10:13:31.453+0000][71062.062s] GC(310) MMU target violated: 251.0ms (250.0ms/251.0ms)
[2022-03-25T10:13:31.653+0000][71062.262s] GC(310)   Pre Evacuate Collection Set: 0.0ms
[2022-03-25T10:13:31.796+0000][71062.406s] GC(310)   Evacuate Collection Set: 830.8ms
[2022-03-25T10:13:31.889+0000][71062.499s] GC(310)   Post Evacuate Collection Set: 0.8ms
[2022-03-25T10:13:31.965+0000][71062.575s] GC(310)   Other: 310.3ms
[2022-03-25T10:13:32.099+0000][71062.709s] GC(310) Eden regions: 25->0(24)
[2022-03-25T10:13:32.253+0000][71062.863s] GC(310) Survivor regions: 2->1(4)
[2022-03-25T10:13:32.381+0000][71062.990s] GC(310) Old regions: 128->128
[2022-03-25T10:13:32.473+0000][71063.082s] GC(310) Humongous regions: 7->7
[2022-03-25T10:13:32.527+0000][71063.137s] GC(310) Metaspace: 63765K->63765K(1107968K)
[2022-03-25T10:13:32.588+0000][71063.197s] GC(310) Pause Young (Normal) (G1 Evacuation Pause) 158M->133M(512M) 2076.986ms
[2022-03-25T10:13:32.877+0000][71063.487s] GC(310) User=0.46s Sys=0.20s Real=2.37s
[2022-03-25T10:13:34.460+0000][71065.069s] GC(311) Pause Young (Normal) (G1 Evacuation Pause)
[2022-03-25T10:13:34.501+0000][71065.110s] GC(311) Using 4 workers of 4 for evacuation
[2022-03-25T10:13:34.617+0000][71065.226s] GC(311)   Pre Evacuate Collection Set: 0.0ms
[2022-03-25T10:13:34.703+0000][71065.313s] GC(311)   Evacuate Collection Set: 86.0ms
[2022-03-25T10:13:34.752+0000][71065.362s] GC(311)   Post Evacuate Collection Set: 0.4ms
[2022-03-25T10:13:34.796+0000][71065.405s] GC(311)   Other: 70.9ms
[2022-03-25T10:13:34.892+0000][71065.502s] GC(311) Eden regions: 24->0(24)
[2022-03-25T10:13:35.005+0000][71065.615s] GC(311) Survivor regions: 1->1(4)
[2022-03-25T10:13:35.094+0000][71065.704s] GC(311) Old regions: 128->128
[2022-03-25T10:13:35.156+0000][71065.766s] GC(311) Humongous regions: 7->7
[2022-03-25T10:13:35.203+0000][71065.812s] GC(311) Metaspace: 63765K->63765K(1107968K)
[2022-03-25T10:13:35.264+0000][71065.873s] GC(311) Pause Young (Normal) (G1 Evacuation Pause) 157M->133M(512M) 804.077ms
[2022-03-25T10:13:35.317+0000][71065.926s] GC(311) User=0.01s Sys=0.01s Real=0.86s
[2022-03-25T10:13:37.804+0000][71068.413s] GC(312) Pause Young (Normal) (G1 Evacuation Pause)
[2022-03-25T10:13:37.936+0000][71068.546s] GC(312) Using 4 workers of 4 for evacuation
[2022-03-25T10:13:38.949+0000][71069.558s] GC(312) MMU target violated: 251.0ms (250.0ms/251.0ms)
[2022-03-25T10:13:38.963+0000][71069.573s] GC(312)   Pre Evacuate Collection Set: 0.0ms
[2022-03-25T10:13:38.998+0000][71069.608s] GC(312)   Evacuate Collection Set: 968.9ms
[2022-03-25T10:13:39.018+0000][71069.628s] GC(312)   Post Evacuate Collection Set: 0.5ms
[2022-03-25T10:13:39.036+0000][71069.646s] GC(312)   Other: 190.4ms
[2022-03-25T10:13:39.053+0000][71069.662s] GC(312) Eden regions: 24->0(24)
[2022-03-25T10:13:39.071+0000][71069.681s] GC(312) Survivor regions: 1->1(4)
[2022-03-25T10:13:39.085+0000][71069.694s] GC(312) Old regions: 128->128
[2022-03-25T10:13:39.102+0000][71069.711s] GC(312) Humongous regions: 7->7
[2022-03-25T10:13:39.135+0000][71069.744s] GC(312) Metaspace: 63765K->63765K(1107968K)
[2022-03-25T10:13:39.149+0000][71069.759s] GC(312) Pause Young (Normal) (G1 Evacuation Pause) 157M->134M(512M) 1345.491ms
[2022-03-25T10:13:39.157+0000][71069.766s] GC(312) User=0.29s Sys=0.47s Real=1.44s
[2022-03-25T10:13:40.780+0000][71071.389s] GC(313) Pause Young (Normal) (G1 Evacuation Pause)
[2022-03-25T10:13:40.794+0000][71071.403s] GC(313) Using 4 workers of 4 for evacuation
[2022-03-25T10:13:40.879+0000][71071.488s] GC(313)   Pre Evacuate Collection Set: 0.0ms
[2022-03-25T10:13:40.880+0000][71071.489s] GC(313)   Evacuate Collection Set: 68.3ms
[2022-03-25T10:13:40.882+0000][71071.491s] GC(313)   Post Evacuate Collection Set: 0.5ms
[2022-03-25T10:13:40.883+0000][71071.493s] GC(313)   Other: 30.5ms
[2022-03-25T10:13:40.885+0000][71071.494s] GC(313) Eden regions: 24->0(24)
[2022-03-25T10:13:40.894+0000][71071.504s] GC(313) Survivor regions: 1->2(4)
[2022-03-25T10:13:40.897+0000][71071.506s] GC(313) Old regions: 128->128
[2022-03-25T10:13:40.904+0000][71071.513s] GC(313) Humongous regions: 7->7
[2022-03-25T10:13:40.919+0000][71071.529s] GC(313) Metaspace: 63765K->63765K(1107968K)
[2022-03-25T10:13:40.946+0000][71071.556s] GC(313) Pause Young (Normal) (G1 Evacuation Pause) 158M->134M(512M) 166.859ms
[2022-03-25T10:13:40.979+0000][71071.588s] GC(313) User=0.02s Sys=0.04s Real=0.18s
[2022-03-25T10:13:42.103+0000][71072.712s] GC(314) Pause Young (Normal) (G1 Evacuation Pause)
[2022-03-25T10:13:42.178+0000][71072.787s] GC(314) Using 4 workers of 4 for evacuation
[2022-03-25T10:13:42.327+0000][71072.937s] GC(314)   Pre Evacuate Collection Set: 0.0ms
[2022-03-25T10:13:42.347+0000][71072.956s] GC(314)   Evacuate Collection Set: 113.7ms
[2022-03-25T10:13:42.398+0000][71073.008s] GC(314)   Post Evacuate Collection Set: 0.5ms
[2022-03-25T10:13:42.703+0000][71073.313s] GC(314)   Other: 110.2ms
[2022-03-25T10:13:42.780+0000][71073.390s] GC(314) Eden regions: 24->0(26)
[2022-03-25T10:13:42.827+0000][71073.437s] GC(314) Survivor regions: 2->2(4)
[2022-03-25T10:13:42.885+0000][71073.494s] GC(314) Old regions: 128->128
[2022-03-25T10:13:42.904+0000][71073.513s] GC(314) Humongous regions: 7->7
[2022-03-25T10:13:42.919+0000][71073.528s] GC(314) Metaspace: 63765K->63765K(1107968K)
[2022-03-25T10:13:42.952+0000][71073.561s] GC(314) Pause Young (Normal) (G1 Evacuation Pause) 158M->134M(512M) 849.060ms
[2022-03-25T10:13:42.970+0000][71073.579s] GC(314) User=0.07s Sys=0.07s Real=0.88s
[2022-03-25T10:13:44.525+0000][71075.135s] GC(315) Pause Young (Normal) (G1 Evacuation Pause)
[2022-03-25T10:13:44.569+0000][71075.178s] GC(315) Using 4 workers of 4 for evacuation
[2022-03-25T10:13:45.504+0000][71076.113s] GC(315) MMU target violated: 251.0ms (250.0ms/251.0ms)
[2022-03-25T10:13:45.645+0000][71076.255s] GC(315)   Pre Evacuate Collection Set: 0.1ms
[2022-03-25T10:13:46.226+0000][71076.835s] GC(315)   Evacuate Collection Set: 931.7ms
[2022-03-25T10:13:46.465+0000][71077.074s] GC(315)   Post Evacuate Collection Set: 1.1ms
[2022-03-25T10:13:46.686+0000][71077.295s] GC(315)   Other: 187.5ms
[2022-03-25T10:13:46.830+0000][71077.440s] GC(315) Eden regions: 26->0(23)
[2022-03-25T10:13:47.550+0000][71078.160s] GC(315) Survivor regions: 2->2(4)
[2022-03-25T10:13:47.731+0000][71078.341s] GC(315) Old regions: 128->128
[2022-03-25T10:13:48.397+0000][71079.006s] GC(315) Humongous regions: 7->7
[2022-03-25T10:13:51.341+0000][71081.951s] GC(315) Metaspace: 63765K->63765K(1107968K)
[2022-03-25T10:13:51.399+0000][71082.008s] GC(315) Pause Young (Normal) (G1 Evacuation Pause) 160M->134M(512M) 6873.471ms
[2022-03-25T10:13:51.405+0000][71082.015s] GC(315) User=0.50s Sys=0.13s Real=6.88s
[2022-03-25T10:13:56.580+0000][71087.189s] GC(316) Pause Young (Normal) (G1 Evacuation Pause)
[2022-03-25T10:13:56.817+0000][71087.426s] GC(316) Using 4 workers of 4 for evacuation
[2022-03-25T10:13:59.841+0000][71090.450s] GC(316) MMU target violated: 251.0ms (250.0ms/251.0ms)
[2022-03-25T10:13:59.931+0000][71090.540s] GC(316)   Pre Evacuate Collection Set: 0.1ms
[2022-03-25T10:14:00.047+0000][71090.657s] GC(316)   Evacuate Collection Set: 2645.2ms
[2022-03-25T10:14:00.319+0000][71090.929s] GC(316)   Post Evacuate Collection Set: 0.4ms
[2022-03-25T10:14:00.436+0000][71091.046s] GC(316)   Other: 705.3ms
[2022-03-25T10:14:00.930+0000][71091.540s] GC(316) Eden regions: 23->0(23)
[2022-03-25T10:14:01.201+0000][71091.810s] GC(316) Survivor regions: 2->2(4)
[2022-03-25T10:14:01.343+0000][71091.953s] GC(316) Old regions: 128->128
[2022-03-25T10:14:01.625+0000][71092.235s] GC(316) Humongous regions: 7->7
[2022-03-25T10:14:02.061+0000][71092.671s] GC(316) Metaspace: 63766K->63766K(1107968K)
[2022-03-25T10:14:02.498+0000][71093.107s] GC(316) Pause Young (Normal) (G1 Evacuation Pause) 157M->134M(512M) 5918.019ms
[2022-03-25T10:14:02.640+0000][71093.250s] GC(316) User=0.54s Sys=0.32s Real=6.06s
[2022-03-25T10:14:04.737+0000][71095.346s] GC(317) Pause Young (Normal) (G1 Evacuation Pause)
[2022-03-25T10:14:04.878+0000][71095.487s] GC(317) Using 4 workers of 4 for evacuation
[2022-03-25T10:14:05.386+0000][71095.995s] GC(317) MMU target violated: 251.0ms (250.0ms/251.0ms)
[2022-03-25T10:14:05.494+0000][71096.103s] GC(317)   Pre Evacuate Collection Set: 0.0ms
[2022-03-25T10:14:05.570+0000][71096.179s] GC(317)   Evacuate Collection Set: 268.9ms
[2022-03-25T10:14:05.642+0000][71096.252s] GC(317)   Post Evacuate Collection Set: 97.0ms
[2022-03-25T10:14:05.810+0000][71096.420s] GC(317)   Other: 391.1ms
[2022-03-25T10:14:05.978+0000][71096.588s] GC(317) Eden regions: 23->0(24)
[2022-03-25T10:14:06.152+0000][71096.761s] GC(317) Survivor regions: 2->2(4)
[2022-03-25T10:14:06.339+0000][71096.948s] GC(317) Old regions: 128->128
[2022-03-25T10:14:06.455+0000][71097.065s] GC(317) Humongous regions: 7->7
[2022-03-25T10:14:06.535+0000][71097.145s] GC(317) Metaspace: 63767K->63767K(1107968K)
[2022-03-25T10:14:06.615+0000][71097.225s] GC(317) Pause Young (Normal) (G1 Evacuation Pause) 157M->134M(512M) 1878.479ms
[2022-03-25T10:14:06.648+0000][71097.257s] GC(317) User=0.07s Sys=0.07s Real=1.94s
[2022-03-25T10:14:49.947+0000][71140.556s] GC(318) Pause Young (Normal) (G1 Evacuation Pause)
[2022-03-25T10:14:49.975+0000][71140.584s] GC(318) Using 4 workers of 4 for evacuation
[2022-03-25T10:14:50.251+0000][71140.860s] GC(318) MMU target violated: 251.0ms (250.0ms/251.0ms)
[2022-03-25T10:14:50.260+0000][71140.869s] GC(318)   Pre Evacuate Collection Set: 0.3ms
[2022-03-25T10:14:50.271+0000][71140.880s] GC(318)   Evacuate Collection Set: 253.7ms
[2022-03-25T10:14:50.279+0000][71140.888s] GC(318)   Post Evacuate Collection Set: 2.5ms
[2022-03-25T10:14:50.287+0000][71140.896s] GC(318)   Other: 70.3ms
[2022-03-25T10:14:50.303+0000][71140.912s] GC(318) Eden regions: 24->0(25)
[2022-03-25T10:14:50.311+0000][71140.921s] GC(318) Survivor regions: 2->2(4)
[2022-03-25T10:14:50.319+0000][71140.928s] GC(318) Old regions: 128->128
[2022-03-25T10:14:50.331+0000][71140.941s] GC(318) Humongous regions: 7->7
[2022-03-25T10:14:50.336+0000][71140.945s] GC(318) Metaspace: 63770K->63770K(1107968K)
[2022-03-25T10:14:50.350+0000][71140.960s] GC(318) Pause Young (Normal) (G1 Evacuation Pause) 158M->134M(512M) 403.111ms
[2022-03-25T10:14:50.384+0000][71140.994s] GC(318) User=0.22s Sys=0.02s Real=0.45s
[2022-03-25T10:14:58.225+0000][71148.835s] GC(319) Pause Young (Normal) (G1 Evacuation Pause)
[2022-03-25T10:14:58.241+0000][71148.850s] GC(319) Using 4 workers of 4 for evacuation
[2022-03-25T10:14:58.345+0000][71148.954s] GC(319)   Pre Evacuate Collection Set: 0.1ms
[2022-03-25T10:14:58.368+0000][71148.978s] GC(319)   Evacuate Collection Set: 98.8ms
[2022-03-25T10:14:58.369+0000][71148.979s] GC(319)   Post Evacuate Collection Set: 0.5ms
[2022-03-25T10:14:58.370+0000][71148.980s] GC(319)   Other: 20.0ms
[2022-03-25T10:14:58.371+0000][71148.980s] GC(319) Eden regions: 25->0(27)
[2022-03-25T10:14:58.385+0000][71148.994s] GC(319) Survivor regions: 2->2(4)
[2022-03-25T10:14:58.401+0000][71149.010s] GC(319) Old regions: 128->128
[2022-03-25T10:14:58.402+0000][71149.011s] GC(319) Humongous regions: 7->7
[2022-03-25T10:14:58.402+0000][71149.012s] GC(319) Metaspace: 63770K->63770K(1107968K)
[2022-03-25T10:14:58.404+0000][71149.013s] GC(319) Pause Young (Normal) (G1 Evacuation Pause) 159M->134M(512M) 178.143ms
[2022-03-25T10:14:58.405+0000][71149.014s] GC(319) User=0.15s Sys=0.01s Real=0.18s
[2022-03-25T10:15:00.243+0000][71150.852s] GC(320) Pause Young (Normal) (G1 Evacuation Pause)
[2022-03-25T10:15:00.258+0000][71150.868s] GC(320) Using 4 workers of 4 for evacuation
[2022-03-25T10:15:00.371+0000][71150.981s] GC(320)   Pre Evacuate Collection Set: 0.0ms
[2022-03-25T10:15:00.372+0000][71150.982s] GC(320)   Evacuate Collection Set: 95.2ms
[2022-03-25T10:15:00.376+0000][71150.986s] GC(320)   Post Evacuate Collection Set: 0.6ms
[2022-03-25T10:15:00.377+0000][71150.987s] GC(320)   Other: 32.7ms
[2022-03-25T10:15:00.403+0000][71151.012s] GC(320) Eden regions: 27->0(29)
[2022-03-25T10:15:00.419+0000][71151.028s] GC(320) Survivor regions: 2->2(4)
[2022-03-25T10:15:00.425+0000][71151.034s] GC(320) Old regions: 128->128
[2022-03-25T10:15:00.428+0000][71151.038s] GC(320) Humongous regions: 7->7
[2022-03-25T10:15:00.430+0000][71151.039s] GC(320) Metaspace: 63770K->63770K(1107968K)
[2022-03-25T10:15:00.431+0000][71151.040s] GC(320) Pause Young (Normal) (G1 Evacuation Pause) 161M->134M(512M) 188.256ms
[2022-03-25T10:15:00.435+0000][71151.045s] GC(320) User=0.08s Sys=0.03s Real=0.20s
[2022-03-25T10:15:01.436+0000][71152.045s] GC(321) Pause Young (Normal) (G1 Evacuation Pause)
[2022-03-25T10:15:01.436+0000][71152.046s] GC(321) Using 4 workers of 4 for evacuation
[2022-03-25T10:15:01.553+0000][71152.162s] GC(321)   Pre Evacuate Collection Set: 0.0ms
[2022-03-25T10:15:01.556+0000][71152.165s] GC(321)   Evacuate Collection Set: 108.5ms
[2022-03-25T10:15:01.561+0000][71152.170s] GC(321)   Post Evacuate Collection Set: 7.3ms
[2022-03-25T10:15:01.565+0000][71152.175s] GC(321)   Other: 1.3ms
[2022-03-25T10:15:01.567+0000][71152.177s] GC(321) Eden regions: 29->0(31)
[2022-03-25T10:15:01.568+0000][71152.178s] GC(321) Survivor regions: 2->2(4)
[2022-03-25T10:15:01.572+0000][71152.181s] GC(321) Old regions: 128->128
[2022-03-25T10:15:01.577+0000][71152.186s] GC(321) Humongous regions: 7->7
[2022-03-25T10:15:01.583+0000][71152.193s] GC(321) Metaspace: 63770K->63770K(1107968K)
[2022-03-25T10:15:01.587+0000][71152.196s] GC(321) Pause Young (Normal) (G1 Evacuation Pause) 163M->134M(512M) 151.352ms
[2022-03-25T10:15:01.589+0000][71152.198s] GC(321) User=0.08s Sys=0.00s Real=0.15s
[2022-03-25T10:15:06.189+0000][71156.798s] GC(322) Pause Young (Normal) (G1 Evacuation Pause)
[2022-03-25T10:15:06.199+0000][71156.809s] GC(322) Using 4 workers of 4 for evacuation
[2022-03-25T10:15:06.373+0000][71156.983s] GC(322)   Pre Evacuate Collection Set: 0.0ms
[2022-03-25T10:15:06.391+0000][71157.001s] GC(322)   Evacuate Collection Set: 156.0ms
[2022-03-25T10:15:06.404+0000][71157.013s] GC(322)   Post Evacuate Collection Set: 1.2ms
[2022-03-25T10:15:06.409+0000][71157.018s] GC(322)   Other: 27.4ms
[2022-03-25T10:15:06.469+0000][71157.078s] GC(322) Eden regions: 31->0(33)
[2022-03-25T10:15:06.492+0000][71157.102s] GC(322) Survivor regions: 2->2(5)
[2022-03-25T10:15:06.516+0000][71157.125s] GC(322) Old regions: 128->128
[2022-03-25T10:15:06.528+0000][71157.137s] GC(322) Humongous regions: 7->7
[2022-03-25T10:15:06.535+0000][71157.144s] GC(322) Metaspace: 63770K->63770K(1107968K)
[2022-03-25T10:15:06.542+0000][71157.151s] GC(322) Pause Young (Normal) (G1 Evacuation Pause) 165M->134M(512M) 352.898ms
[2022-03-25T10:15:06.561+0000][71157.171s] GC(322) User=0.06s Sys=0.18s Real=0.36s
[2022-03-25T10:15:10.182+0000][71160.791s] GC(323) Pause Young (Normal) (G1 Evacuation Pause)
[2022-03-25T10:15:10.204+0000][71160.813s] GC(323) Using 4 workers of 4 for evacuation
[2022-03-25T10:15:10.381+0000][71160.991s] GC(323)   Pre Evacuate Collection Set: 0.1ms
[2022-03-25T10:15:10.383+0000][71160.992s] GC(323)   Evacuate Collection Set: 162.6ms
[2022-03-25T10:15:10.383+0000][71160.993s] GC(323)   Post Evacuate Collection Set: 0.9ms
[2022-03-25T10:15:10.389+0000][71160.998s] GC(323)   Other: 36.5ms
[2022-03-25T10:15:10.393+0000][71161.003s] GC(323) Eden regions: 33->0(34)
[2022-03-25T10:15:10.454+0000][71161.063s] GC(323) Survivor regions: 2->2(5)
[2022-03-25T10:15:10.474+0000][71161.083s] GC(323) Old regions: 128->128
[2022-03-25T10:15:10.483+0000][71161.092s] GC(323) Humongous regions: 7->7
[2022-03-25T10:15:10.500+0000][71161.110s] GC(323) Metaspace: 63770K->63770K(1107968K)
[2022-03-25T10:15:10.539+0000][71161.149s] GC(323) Pause Young (Normal) (G1 Evacuation Pause) 167M->134M(512M) 357.590ms
[2022-03-25T10:15:10.552+0000][71161.161s] GC(323) User=0.04s Sys=0.10s Real=0.37s
[2022-03-25T10:15:12.735+0000][71163.344s] GC(324) Pause Young (Normal) (G1 Evacuation Pause)
[2022-03-25T10:15:12.750+0000][71163.359s] GC(324) Using 4 workers of 4 for evacuation
[2022-03-25T10:15:12.911+0000][71163.520s] GC(324)   Pre Evacuate Collection Set: 0.0ms
[2022-03-25T10:15:12.915+0000][71163.524s] GC(324)   Evacuate Collection Set: 139.7ms
[2022-03-25T10:15:12.919+0000][71163.528s] GC(324)   Post Evacuate Collection Set: 1.7ms
[2022-03-25T10:15:12.927+0000][71163.537s] GC(324)   Other: 34.5ms
[2022-03-25T10:15:12.937+0000][71163.546s] GC(324) Eden regions: 34->0(36)
[2022-03-25T10:15:12.959+0000][71163.568s] GC(324) Survivor regions: 2->2(5)
[2022-03-25T10:15:12.976+0000][71163.585s] GC(324) Old regions: 128->128
[2022-03-25T10:15:12.991+0000][71163.600s] GC(324) Humongous regions: 7->7
[2022-03-25T10:15:13.004+0000][71163.613s] GC(324) Metaspace: 63770K->63770K(1107968K)
[2022-03-25T10:15:13.023+0000][71163.633s] GC(324) Pause Young (Normal) (G1 Evacuation Pause) 168M->134M(512M) 288.250ms
[2022-03-25T10:15:13.043+0000][71163.653s] GC(324) User=0.06s Sys=0.04s Real=0.30s
[2022-03-25T10:15:19.456+0000][71170.066s] GC(325) Pause Young (Normal) (G1 Evacuation Pause)
[2022-03-25T10:15:19.476+0000][71170.085s] GC(325) Using 4 workers of 4 for evacuation
[2022-03-25T10:15:19.724+0000][71170.333s] GC(325)   Pre Evacuate Collection Set: 0.1ms
[2022-03-25T10:15:19.738+0000][71170.347s] GC(325)   Evacuate Collection Set: 214.0ms
[2022-03-25T10:15:19.754+0000][71170.363s] GC(325)   Post Evacuate Collection Set: 0.6ms
[2022-03-25T10:15:19.771+0000][71170.380s] GC(325)   Other: 52.8ms
[2022-03-25T10:15:19.802+0000][71170.412s] GC(325) Eden regions: 36->0(35)
[2022-03-25T10:15:19.819+0000][71170.428s] GC(325) Survivor regions: 2->2(5)
[2022-03-25T10:15:19.835+0000][71170.444s] GC(325) Old regions: 128->128
[2022-03-25T10:15:19.837+0000][71170.446s] GC(325) Humongous regions: 7->7
[2022-03-25T10:15:19.851+0000][71170.460s] GC(325) Metaspace: 63770K->63770K(1107968K)
[2022-03-25T10:15:19.853+0000][71170.463s] GC(325) Pause Young (Normal) (G1 Evacuation Pause) 170M->134M(512M) 396.954ms
[2022-03-25T10:15:19.867+0000][71170.476s] GC(325) User=0.07s Sys=0.16s Real=0.42s
[2022-03-25T10:15:24.468+0000][71175.077s] GC(326) Pause Young (Normal) (G1 Evacuation Pause)
[2022-03-25T10:15:24.470+0000][71175.079s] GC(326) Using 4 workers of 4 for evacuation
[2022-03-25T10:15:24.535+0000][71175.144s] GC(326)   Pre Evacuate Collection Set: 0.1ms
[2022-03-25T10:15:24.536+0000][71175.145s] GC(326)   Evacuate Collection Set: 63.3ms
[2022-03-25T10:15:24.550+0000][71175.159s] GC(326)   Post Evacuate Collection Set: 0.6ms
[2022-03-25T10:15:24.553+0000][71175.162s] GC(326)   Other: 3.0ms
[2022-03-25T10:15:24.553+0000][71175.162s] GC(326) Eden regions: 35->0(38)
[2022-03-25T10:15:24.565+0000][71175.174s] GC(326) Survivor regions: 2->2(5)
[2022-03-25T10:15:24.568+0000][71175.177s] GC(326) Old regions: 128->128
[2022-03-25T10:15:24.581+0000][71175.190s] GC(326) Humongous regions: 7->7
[2022-03-25T10:15:24.581+0000][71175.191s] GC(326) Metaspace: 63770K->63770K(1107968K)
[2022-03-25T10:15:24.583+0000][71175.192s] GC(326) Pause Young (Normal) (G1 Evacuation Pause) 169M->135M(512M) 114.739ms
[2022-03-25T10:15:24.583+0000][71175.192s] GC(326) User=0.00s Sys=0.04s Real=0.11s
[2022-03-25T10:15:26.313+0000][71176.922s] GC(327) Pause Young (Normal) (G1 Evacuation Pause)
[2022-03-25T10:15:26.315+0000][71176.924s] GC(327) Using 4 workers of 4 for evacuation
[2022-03-25T10:15:26.472+0000][71177.081s] GC(327)   Pre Evacuate Collection Set: 0.0ms
[2022-03-25T10:15:26.478+0000][71177.087s] GC(327)   Evacuate Collection Set: 154.1ms
[2022-03-25T10:15:26.479+0000][71177.088s] GC(327)   Post Evacuate Collection Set: 0.9ms
[2022-03-25T10:15:26.481+0000][71177.091s] GC(327)   Other: 3.9ms
[2022-03-25T10:15:26.495+0000][71177.104s] GC(327) Eden regions: 38->0(41)
[2022-03-25T10:15:26.509+0000][71177.118s] GC(327) Survivor regions: 2->2(5)
[2022-03-25T10:15:26.509+0000][71177.119s] GC(327) Old regions: 128->128
[2022-03-25T10:15:26.510+0000][71177.119s] GC(327) Humongous regions: 7->7
[2022-03-25T10:15:26.511+0000][71177.121s] GC(327) Metaspace: 63770K->63770K(1107968K)
[2022-03-25T10:15:26.512+0000][71177.121s] GC(327) Pause Young (Normal) (G1 Evacuation Pause) 173M->135M(512M) 198.823ms
[2022-03-25T10:15:26.513+0000][71177.122s] GC(327) User=0.09s Sys=0.02s Real=0.20s
[2022-03-25T10:15:28.007+0000][71178.616s] GC(328) Pause Young (Normal) (G1 Evacuation Pause)
[2022-03-25T10:15:28.013+0000][71178.622s] GC(328) Using 4 workers of 4 for evacuation
[2022-03-25T10:15:28.141+0000][71178.751s] GC(328)   Pre Evacuate Collection Set: 0.0ms
[2022-03-25T10:15:28.146+0000][71178.756s] GC(328)   Evacuate Collection Set: 126.0ms
[2022-03-25T10:15:28.147+0000][71178.757s] GC(328)   Post Evacuate Collection Set: 0.5ms
[2022-03-25T10:15:28.148+0000][71178.758s] GC(328)   Other: 7.8ms
[2022-03-25T10:15:28.154+0000][71178.763s] GC(328) Eden regions: 41->0(42)
[2022-03-25T10:15:28.159+0000][71178.769s] GC(328) Survivor regions: 2->2(6)
[2022-03-25T10:15:28.167+0000][71178.776s] GC(328) Old regions: 128->128
[2022-03-25T10:15:28.169+0000][71178.778s] GC(328) Humongous regions: 7->7
[2022-03-25T10:15:28.172+0000][71178.782s] GC(328) Metaspace: 63770K->63770K(1107968K)
[2022-03-25T10:15:28.175+0000][71178.784s] GC(328) Pause Young (Normal) (G1 Evacuation Pause) 176M->134M(512M) 167.925ms
[2022-03-25T10:15:28.177+0000][71178.786s] GC(328) User=0.09s Sys=0.04s Real=0.16s
[2022-03-25T10:15:36.443+0000][71187.053s] GC(329) Pause Young (Normal) (G1 Evacuation Pause)
[2022-03-25T10:15:36.467+0000][71187.077s] GC(329) Using 4 workers of 4 for evacuation
[2022-03-25T10:15:36.647+0000][71187.257s] GC(329)   Pre Evacuate Collection Set: 0.1ms
[2022-03-25T10:15:36.651+0000][71187.260s] GC(329)   Evacuate Collection Set: 148.5ms
[2022-03-25T10:15:36.653+0000][71187.262s] GC(329)   Post Evacuate Collection Set: 7.1ms
[2022-03-25T10:15:36.655+0000][71187.264s] GC(329)   Other: 48.6ms
[2022-03-25T10:15:36.659+0000][71187.268s] GC(329) Eden regions: 42->0(46)
[2022-03-25T10:15:36.660+0000][71187.269s] GC(329) Survivor regions: 2->2(6)
[2022-03-25T10:15:36.660+0000][71187.270s] GC(329) Old regions: 128->128
[2022-03-25T10:15:36.664+0000][71187.273s] GC(329) Humongous regions: 7->7
[2022-03-25T10:15:36.669+0000][71187.278s] GC(329) Metaspace: 63770K->63770K(1107968K)
[2022-03-25T10:15:36.669+0000][71187.279s] GC(329) Pause Young (Normal) (G1 Evacuation Pause) 176M->134M(512M) 226.156ms
[2022-03-25T10:15:36.670+0000][71187.279s] GC(329) User=0.09s Sys=0.04s Real=0.23s
[2022-03-25T10:15:38.130+0000][71188.739s] GC(330) Pause Young (Normal) (G1 Evacuation Pause)
[2022-03-25T10:15:38.132+0000][71188.741s] GC(330) Using 4 workers of 4 for evacuation
[2022-03-25T10:15:38.305+0000][71188.914s] GC(330)   Pre Evacuate Collection Set: 0.0ms
[2022-03-25T10:15:38.306+0000][71188.916s] GC(330)   Evacuate Collection Set: 145.7ms
[2022-03-25T10:15:38.330+0000][71188.940s] GC(330)   Post Evacuate Collection Set: 0.4ms
[2022-03-25T10:15:38.331+0000][71188.940s] GC(330)   Other: 28.7ms
[2022-03-25T10:15:38.332+0000][71188.941s] GC(330) Eden regions: 46->0(45)
[2022-03-25T10:15:38.334+0000][71188.944s] GC(330) Survivor regions: 2->2(6)
[2022-03-25T10:15:38.339+0000][71188.948s] GC(330) Old regions: 128->128
[2022-03-25T10:15:38.343+0000][71188.953s] GC(330) Humongous regions: 7->7
[2022-03-25T10:15:38.347+0000][71188.956s] GC(330) Metaspace: 63770K->63770K(1107968K)
[2022-03-25T10:15:38.349+0000][71188.959s] GC(330) Pause Young (Normal) (G1 Evacuation Pause) 180M->135M(512M) 219.347ms
[2022-03-25T10:15:38.364+0000][71188.974s] GC(330) User=0.08s Sys=0.02s Real=0.24s
[2022-03-25T10:15:41.671+0000][71192.280s] GC(331) Pause Young (Normal) (G1 Evacuation Pause)
[2022-03-25T10:15:41.677+0000][71192.287s] GC(331) Using 4 workers of 4 for evacuation
[2022-03-25T10:15:42.171+0000][71192.780s] GC(331) MMU target violated: 251.0ms (250.0ms/251.0ms)
[2022-03-25T10:15:42.190+0000][71192.799s] GC(331)   Pre Evacuate Collection Set: 0.1ms
[2022-03-25T10:15:42.197+0000][71192.806s] GC(331)   Evacuate Collection Set: 484.2ms
[2022-03-25T10:15:42.200+0000][71192.810s] GC(331)   Post Evacuate Collection Set: 1.5ms
[2022-03-25T10:15:42.204+0000][71192.814s] GC(331)   Other: 33.1ms
[2022-03-25T10:15:42.209+0000][71192.819s] GC(331) Eden regions: 45->0(42)
[2022-03-25T10:15:42.219+0000][71192.828s] GC(331) Survivor regions: 2->2(6)
[2022-03-25T10:15:42.230+0000][71192.839s] GC(331) Old regions: 128->128
[2022-03-25T10:15:42.245+0000][71192.854s] GC(331) Humongous regions: 7->7
[2022-03-25T10:15:42.257+0000][71192.866s] GC(331) Metaspace: 63770K->63770K(1107968K)
[2022-03-25T10:15:42.270+0000][71192.879s] GC(331) Pause Young (Normal) (G1 Evacuation Pause) 180M->134M(512M) 599.117ms
[2022-03-25T10:15:42.273+0000][71192.883s] GC(331) User=0.14s Sys=0.13s Real=0.60s
[2022-03-25T10:15:45.208+0000][71195.817s] GC(332) Pause Young (Normal) (G1 Evacuation Pause)
[2022-03-25T10:15:45.220+0000][71195.829s] GC(332) Using 4 workers of 4 for evacuation
[2022-03-25T10:15:45.312+0000][71195.921s] GC(332)   Pre Evacuate Collection Set: 0.0ms
[2022-03-25T10:15:45.314+0000][71195.924s] GC(332)   Evacuate Collection Set: 74.8ms
[2022-03-25T10:15:45.315+0000][71195.925s] GC(332)   Post Evacuate Collection Set: 0.5ms
[2022-03-25T10:15:45.316+0000][71195.925s] GC(332)   Other: 28.9ms
[2022-03-25T10:15:45.321+0000][71195.930s] GC(332) Eden regions: 42->0(45)
[2022-03-25T10:15:45.330+0000][71195.940s] GC(332) Survivor regions: 2->2(6)
[2022-03-25T10:15:45.339+0000][71195.948s] GC(332) Old regions: 128->128
[2022-03-25T10:15:45.354+0000][71195.963s] GC(332) Humongous regions: 7->7
[2022-03-25T10:15:45.366+0000][71195.976s] GC(332) Metaspace: 63770K->63770K(1107968K)
[2022-03-25T10:15:45.368+0000][71195.977s] GC(332) Pause Young (Normal) (G1 Evacuation Pause) 176M->134M(512M) 160.047ms
[2022-03-25T10:15:45.369+0000][71195.978s] GC(332) User=0.04s Sys=0.02s Real=0.16s
[2022-03-25T10:15:48.597+0000][71199.206s] GC(333) Pause Young (Normal) (G1 Evacuation Pause)
[2022-03-25T10:15:48.604+0000][71199.213s] GC(333) Using 4 workers of 4 for evacuation
[2022-03-25T10:15:48.817+0000][71199.427s] GC(333)   Pre Evacuate Collection Set: 0.3ms
[2022-03-25T10:15:48.821+0000][71199.430s] GC(333)   Evacuate Collection Set: 187.7ms
[2022-03-25T10:15:48.823+0000][71199.432s] GC(333)   Post Evacuate Collection Set: 0.6ms
[2022-03-25T10:15:48.827+0000][71199.437s] GC(333)   Other: 31.9ms
[2022-03-25T10:15:48.838+0000][71199.447s] GC(333) Eden regions: 45->0(46)
[2022-03-25T10:15:48.841+0000][71199.451s] GC(333) Survivor regions: 2->2(6)
[2022-03-25T10:15:48.855+0000][71199.464s] GC(333) Old regions: 128->129
[2022-03-25T10:15:48.899+0000][71199.509s] GC(333) Humongous regions: 7->7
[2022-03-25T10:15:48.940+0000][71199.550s] GC(333) Metaspace: 63770K->63770K(1107968K)
[2022-03-25T10:15:48.956+0000][71199.566s] GC(333) Pause Young (Normal) (G1 Evacuation Pause) 179M->135M(512M) 359.186ms
[2022-03-25T10:15:48.967+0000][71199.577s] GC(333) User=0.05s Sys=0.04s Real=0.38s
[2022-03-25T10:15:52.403+0000][71203.013s] GC(334) Pause Young (Normal) (G1 Evacuation Pause)
[2022-03-25T10:15:52.419+0000][71203.028s] GC(334) Using 4 workers of 4 for evacuation
[2022-03-25T10:15:52.588+0000][71203.198s] GC(334)   Pre Evacuate Collection Set: 0.1ms
[2022-03-25T10:15:52.599+0000][71203.208s] GC(334)   Evacuate Collection Set: 155.6ms
[2022-03-25T10:15:52.636+0000][71203.245s] GC(334)   Post Evacuate Collection Set: 0.8ms
[2022-03-25T10:15:52.643+0000][71203.252s] GC(334)   Other: 28.3ms
[2022-03-25T10:15:52.654+0000][71203.263s] GC(334) Eden regions: 46->0(50)
[2022-03-25T10:15:52.662+0000][71203.271s] GC(334) Survivor regions: 2->2(6)
[2022-03-25T10:15:52.670+0000][71203.280s] GC(334) Old regions: 129->129
[2022-03-25T10:15:52.677+0000][71203.286s] GC(334) Humongous regions: 7->7
[2022-03-25T10:15:52.692+0000][71203.301s] GC(334) Metaspace: 63770K->63770K(1107968K)
[2022-03-25T10:15:52.697+0000][71203.306s] GC(334) Pause Young (Normal) (G1 Evacuation Pause) 181M->134M(512M) 293.486ms
[2022-03-25T10:15:52.707+0000][71203.317s] GC(334) User=0.12s Sys=0.08s Real=0.31s
[2022-03-25T10:15:57.409+0000][71208.019s] GC(335) Pause Young (Normal) (G1 Evacuation Pause)
[2022-03-25T10:15:57.425+0000][71208.034s] GC(335) Using 4 workers of 4 for evacuation
[2022-03-25T10:15:57.549+0000][71208.159s] GC(335)   Pre Evacuate Collection Set: 0.1ms
[2022-03-25T10:15:57.565+0000][71208.174s] GC(335)   Evacuate Collection Set: 120.3ms
[2022-03-25T10:15:57.571+0000][71208.181s] GC(335)   Post Evacuate Collection Set: 0.7ms
[2022-03-25T10:15:57.581+0000][71208.191s] GC(335)   Other: 19.1ms
[2022-03-25T10:15:57.590+0000][71208.199s] GC(335) Eden regions: 50->0(55)
[2022-03-25T10:15:57.598+0000][71208.207s] GC(335) Survivor regions: 2->2(7)
[2022-03-25T10:15:57.603+0000][71208.212s] GC(335) Old regions: 129->129
[2022-03-25T10:15:57.614+0000][71208.224s] GC(335) Humongous regions: 7->7
[2022-03-25T10:15:57.620+0000][71208.229s] GC(335) Metaspace: 63770K->63770K(1107968K)
[2022-03-25T10:15:57.620+0000][71208.230s] GC(335) Pause Young (Normal) (G1 Evacuation Pause) 184M->134M(512M) 211.296ms
[2022-03-25T10:15:57.621+0000][71208.230s] GC(335) User=0.08s Sys=0.05s Real=0.21s
[2022-03-25T10:16:00.361+0000][71210.971s] GC(336) Pause Young (Normal) (G1 Evacuation Pause)
[2022-03-25T10:16:00.367+0000][71210.977s] GC(336) Using 4 workers of 4 for evacuation
[2022-03-25T10:16:00.569+0000][71211.179s] GC(336)   Pre Evacuate Collection Set: 0.0ms
[2022-03-25T10:16:00.609+0000][71211.219s] GC(336)   Evacuate Collection Set: 187.3ms
[2022-03-25T10:16:00.625+0000][71211.235s] GC(336)   Post Evacuate Collection Set: 4.8ms
[2022-03-25T10:16:00.631+0000][71211.240s] GC(336)   Other: 15.8ms
[2022-03-25T10:16:00.632+0000][71211.242s] GC(336) Eden regions: 55->0(55)
[2022-03-25T10:16:00.634+0000][71211.243s] GC(336) Survivor regions: 2->1(8)
[2022-03-25T10:16:00.654+0000][71211.264s] GC(336) Old regions: 129->129
[2022-03-25T10:16:00.657+0000][71211.266s] GC(336) Humongous regions: 7->7
[2022-03-25T10:16:00.677+0000][71211.286s] GC(336) Metaspace: 63770K->63770K(1107968K)
[2022-03-25T10:16:00.681+0000][71211.291s] GC(336) Pause Young (Normal) (G1 Evacuation Pause) 189M->134M(512M) 320.086ms
[2022-03-25T10:16:00.704+0000][71211.314s] GC(336) User=0.07s Sys=0.03s Real=0.35s
[2022-03-25T10:16:05.870+0000][71216.479s] GC(337) Pause Young (Normal) (G1 Evacuation Pause)
[2022-03-25T10:16:05.884+0000][71216.494s] GC(337) Using 4 workers of 4 for evacuation
[2022-03-25T10:16:05.938+0000][71216.548s] GC(337)   Pre Evacuate Collection Set: 0.4ms
[2022-03-25T10:16:05.953+0000][71216.562s] GC(337)   Evacuate Collection Set: 45.8ms
[2022-03-25T10:16:05.972+0000][71216.581s] GC(337)   Post Evacuate Collection Set: 1.9ms
[2022-03-25T10:16:05.984+0000][71216.593s] GC(337)   Other: 20.8ms
[2022-03-25T10:16:05.988+0000][71216.597s] GC(337) Eden regions: 55->0(62)
[2022-03-25T10:16:06.010+0000][71216.619s] GC(337) Survivor regions: 1->1(7)
[2022-03-25T10:16:06.014+0000][71216.623s] GC(337) Old regions: 129->129
[2022-03-25T10:16:06.022+0000][71216.631s] GC(337) Humongous regions: 7->7
[2022-03-25T10:16:06.026+0000][71216.636s] GC(337) Metaspace: 63770K->63770K(1107968K)
[2022-03-25T10:16:06.028+0000][71216.638s] GC(337) Pause Young (Normal) (G1 Evacuation Pause) 189M->134M(512M) 158.443ms
[2022-03-25T10:16:06.032+0000][71216.642s] GC(337) User=0.06s Sys=0.01s Real=0.16s
[2022-03-25T10:16:13.822+0000][71224.431s] GC(338) Pause Young (Normal) (G1 Evacuation Pause)
[2022-03-25T10:16:13.829+0000][71224.439s] GC(338) Using 4 workers of 4 for evacuation
[2022-03-25T10:16:13.934+0000][71224.544s] GC(338)   Pre Evacuate Collection Set: 0.1ms
[2022-03-25T10:16:13.935+0000][71224.544s] GC(338)   Evacuate Collection Set: 101.8ms
[2022-03-25T10:16:13.935+0000][71224.545s] GC(338)   Post Evacuate Collection Set: 1.1ms
[2022-03-25T10:16:13.936+0000][71224.545s] GC(338)   Other: 10.2ms
[2022-03-25T10:16:13.936+0000][71224.545s] GC(338) Eden regions: 62->0(66)
[2022-03-25T10:16:13.936+0000][71224.545s] GC(338) Survivor regions: 1->2(8)
[2022-03-25T10:16:13.936+0000][71224.546s] GC(338) Old regions: 129->129
[2022-03-25T10:16:13.937+0000][71224.546s] GC(338) Humongous regions: 7->7
[2022-03-25T10:16:13.942+0000][71224.552s] GC(338) Metaspace: 63770K->63770K(1107968K)
[2022-03-25T10:16:13.944+0000][71224.553s] GC(338) Pause Young (Normal) (G1 Evacuation Pause) 196M->134M(512M) 122.327ms
[2022-03-25T10:16:13.945+0000][71224.554s] GC(338) User=0.07s Sys=0.00s Real=0.12s
[2022-03-25T10:16:17.132+0000][71227.741s] GC(339) Pause Young (Normal) (G1 Evacuation Pause)
[2022-03-25T10:16:17.155+0000][71227.764s] GC(339) Using 4 workers of 4 for evacuation
[2022-03-25T10:16:17.287+0000][71227.897s] GC(339)   Pre Evacuate Collection Set: 0.0ms
[2022-03-25T10:16:17.297+0000][71227.907s] GC(339)   Evacuate Collection Set: 114.9ms
[2022-03-25T10:16:17.298+0000][71227.907s] GC(339)   Post Evacuate Collection Set: 0.9ms
[2022-03-25T10:16:17.298+0000][71227.908s] GC(339)   Other: 40.1ms
[2022-03-25T10:16:17.299+0000][71227.908s] GC(339) Eden regions: 66->0(74)
[2022-03-25T10:16:17.299+0000][71227.908s] GC(339) Survivor regions: 2->2(9)
[2022-03-25T10:16:17.299+0000][71227.909s] GC(339) Old regions: 129->129
[2022-03-25T10:16:17.300+0000][71227.910s] GC(339) Humongous regions: 7->7
[2022-03-25T10:16:17.301+0000][71227.910s] GC(339) Metaspace: 63770K->63770K(1107968K)
[2022-03-25T10:16:17.301+0000][71227.910s] GC(339) Pause Young (Normal) (G1 Evacuation Pause) 200M->135M(512M) 169.278ms
[2022-03-25T10:16:17.301+0000][71227.911s] GC(339) User=0.03s Sys=0.07s Real=0.16s
[2022-03-25T10:16:23.091+0000][71233.700s] GC(340) Pause Young (Normal) (G1 Evacuation Pause)
[2022-03-25T10:16:23.120+0000][71233.730s] GC(340) Using 4 workers of 4 for evacuation
[2022-03-25T10:16:23.496+0000][71234.106s] GC(340) MMU target violated: 251.0ms (250.0ms/251.0ms)
[2022-03-25T10:16:23.499+0000][71234.108s] GC(340)   Pre Evacuate Collection Set: 0.0ms
[2022-03-25T10:16:23.499+0000][71234.109s] GC(340)   Evacuate Collection Set: 366.0ms
[2022-03-25T10:16:23.500+0000][71234.109s] GC(340)   Post Evacuate Collection Set: 1.8ms
[2022-03-25T10:16:23.501+0000][71234.110s] GC(340)   Other: 39.7ms
[2022-03-25T10:16:23.501+0000][71234.110s] GC(340) Eden regions: 74->0(62)
[2022-03-25T10:16:23.501+0000][71234.111s] GC(340) Survivor regions: 2->2(10)
[2022-03-25T10:16:23.501+0000][71234.111s] GC(340) Old regions: 129->129
[2022-03-25T10:16:23.502+0000][71234.111s] GC(340) Humongous regions: 7->7
[2022-03-25T10:16:23.502+0000][71234.111s] GC(340) Metaspace: 63770K->63770K(1107968K)
[2022-03-25T10:16:23.503+0000][71234.112s] GC(340) Pause Young (Normal) (G1 Evacuation Pause) 209M->135M(512M) 411.456ms
[2022-03-25T10:16:23.510+0000][71234.119s] GC(340) User=0.16s Sys=0.15s Real=0.42s
[2022-03-25T10:16:25.265+0000][71235.875s] GC(341) Pause Young (Normal) (G1 Evacuation Pause)
[2022-03-25T10:16:25.266+0000][71235.875s] GC(341) Using 4 workers of 4 for evacuation
[2022-03-25T10:16:25.358+0000][71235.968s] GC(341)   Pre Evacuate Collection Set: 0.0ms
[2022-03-25T10:16:25.361+0000][71235.970s] GC(341)   Evacuate Collection Set: 91.4ms
[2022-03-25T10:16:25.361+0000][71235.971s] GC(341)   Post Evacuate Collection Set: 0.7ms
[2022-03-25T10:16:25.362+0000][71235.971s] GC(341)   Other: 1.2ms
[2022-03-25T10:16:25.363+0000][71235.972s] GC(341) Eden regions: 62->0(69)
[2022-03-25T10:16:25.364+0000][71235.973s] GC(341) Survivor regions: 2->2(8)
[2022-03-25T10:16:25.365+0000][71235.974s] GC(341) Old regions: 129->129
[2022-03-25T10:16:25.365+0000][71235.974s] GC(341) Humongous regions: 7->7
[2022-03-25T10:16:25.365+0000][71235.975s] GC(341) Metaspace: 63770K->63770K(1107968K)
[2022-03-25T10:16:25.376+0000][71235.985s] GC(341) Pause Young (Normal) (G1 Evacuation Pause) 197M->135M(512M) 110.859ms
[2022-03-25T10:16:25.387+0000][71235.996s] GC(341) User=0.04s Sys=0.01s Real=0.13s
[2022-03-25T10:16:30.507+0000][71241.116s] GC(342) Pause Young (Normal) (G1 Evacuation Pause)
[2022-03-25T10:16:30.523+0000][71241.132s] GC(342) Using 4 workers of 4 for evacuation
[2022-03-25T10:16:30.689+0000][71241.299s] GC(342)   Pre Evacuate Collection Set: 0.4ms
[2022-03-25T10:16:30.708+0000][71241.318s] GC(342)   Evacuate Collection Set: 164.2ms
[2022-03-25T10:16:30.721+0000][71241.330s] GC(342)   Post Evacuate Collection Set: 0.5ms
[2022-03-25T10:16:30.738+0000][71241.347s] GC(342)   Other: 17.5ms
[2022-03-25T10:16:30.758+0000][71241.367s] GC(342) Eden regions: 69->0(73)
[2022-03-25T10:16:30.778+0000][71241.387s] GC(342) Survivor regions: 2->4(9)
[2022-03-25T10:16:30.791+0000][71241.401s] GC(342) Old regions: 129->129
[2022-03-25T10:16:30.803+0000][71241.412s] GC(342) Humongous regions: 7->7
[2022-03-25T10:16:30.809+0000][71241.419s] GC(342) Metaspace: 63770K->63770K(1107968K)
[2022-03-25T10:16:30.819+0000][71241.428s] GC(342) Pause Young (Normal) (G1 Evacuation Pause) 204M->137M(512M) 312.172ms
[2022-03-25T10:16:30.837+0000][71241.446s] GC(342) User=0.08s Sys=0.02s Real=0.32s
[2022-03-25T10:16:33.107+0000][71243.717s] GC(343) Pause Young (Normal) (G1 Evacuation Pause)
[2022-03-25T10:16:33.114+0000][71243.723s] GC(343) Using 4 workers of 4 for evacuation
[2022-03-25T10:16:33.342+0000][71243.951s] GC(343)   Pre Evacuate Collection Set: 0.0ms
[2022-03-25T10:16:33.358+0000][71243.967s] GC(343)   Evacuate Collection Set: 218.4ms
[2022-03-25T10:16:33.370+0000][71243.979s] GC(343)   Post Evacuate Collection Set: 0.6ms
[2022-03-25T10:16:33.375+0000][71243.984s] GC(343)   Other: 17.4ms
[2022-03-25T10:16:33.376+0000][71243.985s] GC(343) Eden regions: 73->0(74)
[2022-03-25T10:16:33.383+0000][71243.993s] GC(343) Survivor regions: 4->4(10)
[2022-03-25T10:16:33.389+0000][71243.998s] GC(343) Old regions: 129->129
[2022-03-25T10:16:33.390+0000][71243.999s] GC(343) Humongous regions: 7->7
[2022-03-25T10:16:33.390+0000][71244.000s] GC(343) Metaspace: 63770K->63770K(1107968K)
[2022-03-25T10:16:33.391+0000][71244.000s] GC(343) Pause Young (Normal) (G1 Evacuation Pause) 210M->137M(512M) 283.627ms
[2022-03-25T10:16:33.392+0000][71244.001s] GC(343) User=0.12s Sys=0.01s Real=0.28s
[2022-03-25T10:16:34.780+0000][71245.389s] GC(344) Pause Young (Normal) (G1 Evacuation Pause)
[2022-03-25T10:16:34.787+0000][71245.396s] GC(344) Using 4 workers of 4 for evacuation
[2022-03-25T10:16:34.882+0000][71245.492s] GC(344)   Pre Evacuate Collection Set: 0.0ms
[2022-03-25T10:16:34.886+0000][71245.496s] GC(344)   Evacuate Collection Set: 83.8ms
[2022-03-25T10:16:34.891+0000][71245.500s] GC(344)   Post Evacuate Collection Set: 9.9ms
[2022-03-25T10:16:34.916+0000][71245.526s] GC(344)   Other: 8.9ms
[2022-03-25T10:16:34.933+0000][71245.542s] GC(344) Eden regions: 74->0(78)
[2022-03-25T10:16:34.944+0000][71245.553s] GC(344) Survivor regions: 4->4(10)
[2022-03-25T10:16:34.949+0000][71245.559s] GC(344) Old regions: 129->129
[2022-03-25T10:16:34.957+0000][71245.566s] GC(344) Humongous regions: 7->7
[2022-03-25T10:16:34.959+0000][71245.569s] GC(344) Metaspace: 63770K->63770K(1107968K)
[2022-03-25T10:16:34.962+0000][71245.571s] GC(344) Pause Young (Normal) (G1 Evacuation Pause) 211M->137M(512M) 181.856ms
[2022-03-25T10:16:34.963+0000][71245.573s] GC(344) User=0.05s Sys=0.03s Real=0.18s
[2022-03-25T10:16:53.408+0000][71264.017s] GC(345) Pause Young (Normal) (G1 Evacuation Pause)
[2022-03-25T10:16:53.413+0000][71264.023s] GC(345) Using 4 workers of 4 for evacuation
[2022-03-25T10:16:54.305+0000][71264.915s] GC(345) MMU target violated: 251.0ms (250.0ms/251.0ms)
[2022-03-25T10:16:54.326+0000][71264.935s] GC(345)   Pre Evacuate Collection Set: 0.1ms
[2022-03-25T10:16:54.332+0000][71264.942s] GC(345)   Evacuate Collection Set: 786.7ms
[2022-03-25T10:16:54.340+0000][71264.949s] GC(345)   Post Evacuate Collection Set: 103.6ms
[2022-03-25T10:16:54.349+0000][71264.958s] GC(345)   Other: 27.8ms
[2022-03-25T10:16:54.365+0000][71264.974s] GC(345) Eden regions: 78->0(22)
[2022-03-25T10:16:54.387+0000][71264.996s] GC(345) Survivor regions: 4->3(11)
[2022-03-25T10:16:54.397+0000][71265.006s] GC(345) Old regions: 129->129
[2022-03-25T10:16:54.405+0000][71265.014s] GC(345) Humongous regions: 7->7
[2022-03-25T10:16:54.411+0000][71265.020s] GC(345) Metaspace: 63776K->63776K(1107968K)
[2022-03-25T10:16:54.418+0000][71265.028s] GC(345) Pause Young (Normal) (G1 Evacuation Pause) 215M->137M(512M) 1010.535ms
[2022-03-25T10:16:54.431+0000][71265.040s] GC(345) User=0.21s Sys=0.26s Real=1.02s
[2022-03-25T10:16:54.933+0000][71265.542s] GC(346) Pause Young (Normal) (G1 Evacuation Pause)
[2022-03-25T10:16:54.945+0000][71265.554s] GC(346) Using 4 workers of 4 for evacuation
[2022-03-25T10:16:55.149+0000][71265.758s] GC(346)   Pre Evacuate Collection Set: 0.0ms
[2022-03-25T10:16:55.152+0000][71265.762s] GC(346)   Evacuate Collection Set: 184.0ms
[2022-03-25T10:16:55.159+0000][71265.768s] GC(346)   Post Evacuate Collection Set: 3.7ms
[2022-03-25T10:16:55.160+0000][71265.770s] GC(346)   Other: 28.2ms
[2022-03-25T10:16:55.161+0000][71265.771s] GC(346) Eden regions: 22->0(22)
[2022-03-25T10:16:55.161+0000][71265.771s] GC(346) Survivor regions: 3->3(4)
[2022-03-25T10:16:55.162+0000][71265.771s] GC(346) Old regions: 129->130
[2022-03-25T10:16:55.162+0000][71265.772s] GC(346) Humongous regions: 7->7
[2022-03-25T10:16:55.162+0000][71265.772s] GC(346) Metaspace: 63776K->63776K(1107968K)
[2022-03-25T10:16:55.163+0000][71265.772s] GC(346) Pause Young (Normal) (G1 Evacuation Pause) 159M->137M(512M) 229.976ms
[2022-03-25T10:16:55.163+0000][71265.773s] GC(346) User=0.06s Sys=0.04s Real=0.23s
[2022-03-25T10:16:57.464+0000][71268.073s] GC(347) Pause Young (Normal) (G1 Evacuation Pause)
[2022-03-25T10:16:57.482+0000][71268.091s] GC(347) Using 4 workers of 4 for evacuation
[2022-03-25T10:16:57.662+0000][71268.271s] GC(347)   Pre Evacuate Collection Set: 0.1ms
[2022-03-25T10:16:57.679+0000][71268.288s] GC(347)   Evacuate Collection Set: 134.4ms
[2022-03-25T10:16:57.695+0000][71268.304s] GC(347)   Post Evacuate Collection Set: 32.7ms
[2022-03-25T10:16:57.710+0000][71268.319s] GC(347)   Other: 30.5ms
[2022-03-25T10:16:57.742+0000][71268.351s] GC(347) Eden regions: 22->0(23)
[2022-03-25T10:16:57.758+0000][71268.367s] GC(347) Survivor regions: 3->2(4)
[2022-03-25T10:16:57.774+0000][71268.384s] GC(347) Old regions: 130->131
[2022-03-25T10:16:57.779+0000][71268.388s] GC(347) Humongous regions: 7->7
[2022-03-25T10:16:57.790+0000][71268.400s] GC(347) Metaspace: 63776K->63776K(1107968K)
[2022-03-25T10:16:57.806+0000][71268.415s] GC(347) Pause Young (Normal) (G1 Evacuation Pause) 159M->137M(512M) 341.896ms
[2022-03-25T10:16:57.822+0000][71268.431s] GC(347) User=0.08s Sys=0.01s Real=0.36s
[2022-03-25T10:16:58.531+0000][71269.140s] GC(348) Pause Young (Normal) (G1 Evacuation Pause)
[2022-03-25T10:16:58.564+0000][71269.174s] GC(348) Using 4 workers of 4 for evacuation
[2022-03-25T10:16:58.711+0000][71269.320s] GC(348)   Pre Evacuate Collection Set: 0.1ms
[2022-03-25T10:16:58.738+0000][71269.348s] GC(348)   Evacuate Collection Set: 130.6ms
[2022-03-25T10:16:58.748+0000][71269.357s] GC(348)   Post Evacuate Collection Set: 0.7ms
[2022-03-25T10:16:58.755+0000][71269.364s] GC(348)   Other: 48.6ms
[2022-03-25T10:16:58.759+0000][71269.368s] GC(348) Eden regions: 23->0(25)
[2022-03-25T10:16:58.768+0000][71269.377s] GC(348) Survivor regions: 2->2(4)
[2022-03-25T10:16:58.769+0000][71269.378s] GC(348) Old regions: 131->131
[2022-03-25T10:16:58.781+0000][71269.391s] GC(348) Humongous regions: 7->7
[2022-03-25T10:16:58.810+0000][71269.419s] GC(348) Metaspace: 63776K->63776K(1107968K)
[2022-03-25T10:16:58.816+0000][71269.426s] GC(348) Pause Young (Normal) (G1 Evacuation Pause) 160M->136M(512M) 285.697ms
[2022-03-25T10:16:58.828+0000][71269.438s] GC(348) User=0.06s Sys=0.11s Real=0.30s
[2022-03-25T10:16:59.933+0000][71270.542s] GC(349) Pause Young (Normal) (G1 Evacuation Pause)
[2022-03-25T10:16:59.939+0000][71270.549s] GC(349) Using 4 workers of 4 for evacuation
[2022-03-25T10:16:59.977+0000][71270.586s] GC(349)   Pre Evacuate Collection Set: 0.0ms
[2022-03-25T10:16:59.988+0000][71270.598s] GC(349)   Evacuate Collection Set: 10.5ms
[2022-03-25T10:17:00.002+0000][71270.612s] GC(349)   Post Evacuate Collection Set: 0.7ms
[2022-03-25T10:17:00.005+0000][71270.615s] GC(349)   Other: 32.6ms
[2022-03-25T10:17:00.007+0000][71270.616s] GC(349) Eden regions: 25->0(30)
[2022-03-25T10:17:00.022+0000][71270.631s] GC(349) Survivor regions: 2->2(4)
[2022-03-25T10:17:00.034+0000][71270.644s] GC(349) Old regions: 131->131
[2022-03-25T10:17:00.051+0000][71270.660s] GC(349) Humongous regions: 7->7
[2022-03-25T10:17:00.067+0000][71270.677s] GC(349) Metaspace: 63776K->63776K(1107968K)
[2022-03-25T10:17:00.083+0000][71270.692s] GC(349) Pause Young (Normal) (G1 Evacuation Pause) 161M->136M(512M) 149.660ms
[2022-03-25T10:17:00.099+0000][71270.708s] GC(349) User=0.02s Sys=0.01s Real=0.16s
[2022-03-25T10:17:01.510+0000][71272.120s] GC(350) Pause Young (Normal) (G1 Evacuation Pause)
[2022-03-25T10:17:01.526+0000][71272.135s] GC(350) Using 4 workers of 4 for evacuation
[2022-03-25T10:17:01.707+0000][71272.316s] GC(350)   Pre Evacuate Collection Set: 0.2ms
[2022-03-25T10:17:01.712+0000][71272.321s] GC(350)   Evacuate Collection Set: 169.7ms
[2022-03-25T10:17:01.719+0000][71272.329s] GC(350)   Post Evacuate Collection Set: 0.5ms
[2022-03-25T10:17:01.740+0000][71272.349s] GC(350)   Other: 26.5ms
[2022-03-25T10:17:01.745+0000][71272.354s] GC(350) Eden regions: 30->0(33)
[2022-03-25T10:17:01.748+0000][71272.357s] GC(350) Survivor regions: 2->2(4)
[2022-03-25T10:17:01.753+0000][71272.362s] GC(350) Old regions: 131->131
[2022-03-25T10:17:01.759+0000][71272.368s] GC(350) Humongous regions: 7->7
[2022-03-25T10:17:01.763+0000][71272.373s] GC(350) Metaspace: 63776K->63776K(1107968K)
[2022-03-25T10:17:01.766+0000][71272.375s] GC(350) Pause Young (Normal) (G1 Evacuation Pause) 166M->136M(512M) 255.451ms
[2022-03-25T10:17:01.770+0000][71272.379s] GC(350) User=0.18s Sys=0.03s Real=0.26s
[2022-03-25T10:17:03.971+0000][71274.580s] GC(351) Pause Young (Normal) (G1 Evacuation Pause)
[2022-03-25T10:17:03.985+0000][71274.595s] GC(351) Using 4 workers of 4 for evacuation
[2022-03-25T10:17:04.128+0000][71274.738s] GC(351)   Pre Evacuate Collection Set: 0.0ms
[2022-03-25T10:17:04.142+0000][71274.751s] GC(351)   Evacuate Collection Set: 132.7ms
[2022-03-25T10:17:04.158+0000][71274.767s] GC(351)   Post Evacuate Collection Set: 0.7ms
[2022-03-25T10:17:04.178+0000][71274.788s] GC(351)   Other: 24.4ms
[2022-03-25T10:17:04.184+0000][71274.793s] GC(351) Eden regions: 33->0(34)
[2022-03-25T10:17:04.205+0000][71274.814s] GC(351) Survivor regions: 2->2(5)
[2022-03-25T10:17:04.211+0000][71274.820s] GC(351) Old regions: 131->131
[2022-03-25T10:17:04.220+0000][71274.829s] GC(351) Humongous regions: 7->7
[2022-03-25T10:17:04.221+0000][71274.830s] GC(351) Metaspace: 63776K->63776K(1107968K)
[2022-03-25T10:17:04.222+0000][71274.831s] GC(351) Pause Young (Normal) (G1 Evacuation Pause) 169M->137M(512M) 250.785ms
[2022-03-25T10:17:04.222+0000][71274.831s] GC(351) User=0.06s Sys=0.00s Real=0.25s
[2022-03-25T10:17:06.284+0000][71276.894s] GC(352) Pause Young (Normal) (G1 Evacuation Pause)
[2022-03-25T10:17:06.290+0000][71276.899s] GC(352) Using 4 workers of 4 for evacuation
[2022-03-25T10:17:06.395+0000][71277.005s] GC(352)   Pre Evacuate Collection Set: 0.0ms
[2022-03-25T10:17:06.397+0000][71277.006s] GC(352)   Evacuate Collection Set: 103.2ms
[2022-03-25T10:17:06.400+0000][71277.009s] GC(352)   Post Evacuate Collection Set: 0.5ms
[2022-03-25T10:17:06.417+0000][71277.027s] GC(352)   Other: 7.4ms
[2022-03-25T10:17:06.419+0000][71277.028s] GC(352) Eden regions: 34->0(38)
[2022-03-25T10:17:06.419+0000][71277.029s] GC(352) Survivor regions: 2->2(5)
[2022-03-25T10:17:06.420+0000][71277.030s] GC(352) Old regions: 131->131
[2022-03-25T10:17:06.422+0000][71277.032s] GC(352) Humongous regions: 7->7
[2022-03-25T10:17:06.424+0000][71277.033s] GC(352) Metaspace: 63776K->63776K(1107968K)
[2022-03-25T10:17:06.426+0000][71277.035s] GC(352) Pause Young (Normal) (G1 Evacuation Pause) 171M->137M(512M) 141.598ms
[2022-03-25T10:17:06.427+0000][71277.036s] GC(352) User=0.03s Sys=0.02s Real=0.15s
[2022-03-25T10:17:07.290+0000][71277.899s] GC(353) Pause Young (Normal) (G1 Evacuation Pause)
[2022-03-25T10:17:07.293+0000][71277.902s] GC(353) Using 4 workers of 4 for evacuation
[2022-03-25T10:17:07.301+0000][71277.910s] GC(353)   Pre Evacuate Collection Set: 0.2ms
[2022-03-25T10:17:07.315+0000][71277.925s] GC(353)   Evacuate Collection Set: 5.5ms
[2022-03-25T10:17:07.317+0000][71277.926s] GC(353)   Post Evacuate Collection Set: 0.8ms
[2022-03-25T10:17:07.317+0000][71277.926s] GC(353)   Other: 4.4ms
[2022-03-25T10:17:07.320+0000][71277.929s] GC(353) Eden regions: 38->0(46)
[2022-03-25T10:17:07.323+0000][71277.932s] GC(353) Survivor regions: 2->2(5)
[2022-03-25T10:17:07.323+0000][71277.933s] GC(353) Old regions: 131->131
[2022-03-25T10:17:07.326+0000][71277.935s] GC(353) Humongous regions: 7->7
[2022-03-25T10:17:07.333+0000][71277.942s] GC(353) Metaspace: 63776K->63776K(1107968K)
[2022-03-25T10:17:07.343+0000][71277.952s] GC(353) Pause Young (Normal) (G1 Evacuation Pause) 175M->136M(512M) 53.216ms
[2022-03-25T10:17:07.353+0000][71277.963s] GC(353) User=0.02s Sys=0.01s Real=0.06s
[2022-03-25T10:17:09.421+0000][71280.030s] GC(354) Pause Young (Normal) (G1 Evacuation Pause)
[2022-03-25T10:17:09.422+0000][71280.031s] GC(354) Using 4 workers of 4 for evacuation
[2022-03-25T10:17:09.497+0000][71280.107s] GC(354)   Pre Evacuate Collection Set: 0.0ms
[2022-03-25T10:17:09.498+0000][71280.108s] GC(354)   Evacuate Collection Set: 72.4ms
[2022-03-25T10:17:09.501+0000][71280.111s] GC(354)   Post Evacuate Collection Set: 0.4ms
[2022-03-25T10:17:09.503+0000][71280.112s] GC(354)   Other: 3.8ms
[2022-03-25T10:17:09.504+0000][71280.113s] GC(354) Eden regions: 46->0(55)
[2022-03-25T10:17:09.504+0000][71280.113s] GC(354) Survivor regions: 2->2(6)
[2022-03-25T10:17:09.504+0000][71280.114s] GC(354) Old regions: 131->131
[2022-03-25T10:17:09.506+0000][71280.116s] GC(354) Humongous regions: 7->7
[2022-03-25T10:17:09.507+0000][71280.116s] GC(354) Metaspace: 63776K->63776K(1107968K)
[2022-03-25T10:17:09.507+0000][71280.117s] GC(354) Pause Young (Normal) (G1 Evacuation Pause) 182M->136M(512M) 86.561ms
[2022-03-25T10:17:09.507+0000][71280.117s] GC(354) User=0.07s Sys=0.02s Real=0.09s
[2022-03-25T10:17:12.297+0000][71282.907s] GC(355) Pause Young (Normal) (G1 Evacuation Pause)
[2022-03-25T10:17:12.307+0000][71282.916s] GC(355) Using 4 workers of 4 for evacuation
[2022-03-25T10:17:12.512+0000][71283.121s] GC(355)   Pre Evacuate Collection Set: 0.1ms
[2022-03-25T10:17:12.528+0000][71283.137s] GC(355)   Evacuate Collection Set: 114.8ms
[2022-03-25T10:17:12.553+0000][71283.163s] GC(355)   Post Evacuate Collection Set: 6.1ms
[2022-03-25T10:17:12.569+0000][71283.179s] GC(355)   Other: 93.3ms
[2022-03-25T10:17:12.585+0000][71283.195s] GC(355) Eden regions: 55->0(65)
[2022-03-25T10:17:12.602+0000][71283.211s] GC(355) Survivor regions: 2->2(8)
[2022-03-25T10:17:12.618+0000][71283.228s] GC(355) Old regions: 131->131
[2022-03-25T10:17:12.666+0000][71283.275s] GC(355) Humongous regions: 7->7
[2022-03-25T10:17:12.687+0000][71283.296s] GC(355) Metaspace: 63776K->63776K(1107968K)
[2022-03-25T10:17:12.698+0000][71283.307s] GC(355) Pause Young (Normal) (G1 Evacuation Pause) 191M->136M(512M) 400.338ms
[2022-03-25T10:17:12.714+0000][71283.323s] GC(355) User=0.03s Sys=0.08s Real=0.42s
[2022-03-25T10:17:14.388+0000][71284.997s] GC(356) Pause Young (Normal) (G1 Evacuation Pause)
[2022-03-25T10:17:14.399+0000][71285.008s] GC(356) Using 4 workers of 4 for evacuation
[2022-03-25T10:17:14.441+0000][71285.050s] GC(356)   Pre Evacuate Collection Set: 0.0ms
[2022-03-25T10:17:14.441+0000][71285.051s] GC(356)   Evacuate Collection Set: 40.3ms
[2022-03-25T10:17:14.442+0000][71285.051s] GC(356)   Post Evacuate Collection Set: 1.0ms
[2022-03-25T10:17:14.443+0000][71285.052s] GC(356)   Other: 11.7ms
[2022-03-25T10:17:14.443+0000][71285.052s] GC(356) Eden regions: 65->0(80)
[2022-03-25T10:17:14.443+0000][71285.053s] GC(356) Survivor regions: 2->2(9)
[2022-03-25T10:17:14.443+0000][71285.053s] GC(356) Old regions: 131->131
[2022-03-25T10:17:14.443+0000][71285.053s] GC(356) Humongous regions: 7->7
[2022-03-25T10:17:14.444+0000][71285.053s] GC(356) Metaspace: 63777K->63777K(1107968K)
[2022-03-25T10:17:14.444+0000][71285.053s] GC(356) Pause Young (Normal) (G1 Evacuation Pause) 201M->136M(512M) 55.949ms
[2022-03-25T10:17:14.444+0000][71285.054s] GC(356) User=0.01s Sys=0.01s Real=0.05s
[2022-03-25T10:17:16.468+0000][71287.078s] GC(357) Pause Young (Normal) (G1 Evacuation Pause)
[2022-03-25T10:17:16.483+0000][71287.092s] GC(357) Using 4 workers of 4 for evacuation
[2022-03-25T10:17:16.522+0000][71287.131s] GC(357)   Pre Evacuate Collection Set: 0.0ms
[2022-03-25T10:17:16.523+0000][71287.132s] GC(357)   Evacuate Collection Set: 37.9ms
[2022-03-25T10:17:16.523+0000][71287.132s] GC(357)   Post Evacuate Collection Set: 0.5ms
[2022-03-25T10:17:16.523+0000][71287.133s] GC(357)   Other: 15.1ms
[2022-03-25T10:17:16.523+0000][71287.133s] GC(357) Eden regions: 80->0(103)
[2022-03-25T10:17:16.524+0000][71287.133s] GC(357) Survivor regions: 2->2(11)
[2022-03-25T10:17:16.525+0000][71287.135s] GC(357) Old regions: 131->131
[2022-03-25T10:17:16.526+0000][71287.135s] GC(357) Humongous regions: 7->7
[2022-03-25T10:17:16.526+0000][71287.135s] GC(357) Metaspace: 63777K->63777K(1107968K)
[2022-03-25T10:17:16.526+0000][71287.135s] GC(357) Pause Young (Normal) (G1 Evacuation Pause) 216M->137M(512M) 57.931ms
[2022-03-25T10:17:16.526+0000][71287.136s] GC(357) User=0.02s Sys=0.00s Real=0.06s
[2022-03-25T10:17:28.692+0000][71299.302s] GC(358) Pause Young (Normal) (G1 Evacuation Pause)
[2022-03-25T10:17:28.694+0000][71299.303s] GC(358) Using 4 workers of 4 for evacuation
[2022-03-25T10:17:28.852+0000][71299.461s] GC(358)   Pre Evacuate Collection Set: 0.1ms
[2022-03-25T10:17:28.853+0000][71299.462s] GC(358)   Evacuate Collection Set: 67.8ms
[2022-03-25T10:17:28.854+0000][71299.463s] GC(358)   Post Evacuate Collection Set: 87.7ms
[2022-03-25T10:17:28.868+0000][71299.478s] GC(358)   Other: 4.2ms
[2022-03-25T10:17:28.870+0000][71299.480s] GC(358) Eden regions: 103->0(100)
[2022-03-25T10:17:28.872+0000][71299.481s] GC(358) Survivor regions: 2->2(14)
[2022-03-25T10:17:28.874+0000][71299.483s] GC(358) Old regions: 131->131
[2022-03-25T10:17:28.874+0000][71299.484s] GC(358) Humongous regions: 7->7
[2022-03-25T10:17:28.877+0000][71299.486s] GC(358) Metaspace: 63777K->63777K(1107968K)
[2022-03-25T10:17:28.880+0000][71299.489s] GC(358) Pause Young (Normal) (G1 Evacuation Pause) 240M->136M(512M) 187.413ms
[2022-03-25T10:17:28.897+0000][71299.507s] GC(358) User=0.05s Sys=0.02s Real=0.20s
[2022-03-25T10:17:35.951+0000][71306.560s] GC(359) Pause Young (Normal) (G1 Evacuation Pause)
[2022-03-25T10:17:35.964+0000][71306.573s] GC(359) Using 4 workers of 4 for evacuation
[2022-03-25T10:17:36.074+0000][71306.683s] GC(359)   Pre Evacuate Collection Set: 0.1ms
[2022-03-25T10:17:36.081+0000][71306.691s] GC(359)   Evacuate Collection Set: 107.1ms
[2022-03-25T10:17:36.098+0000][71306.708s] GC(359)   Post Evacuate Collection Set: 0.7ms
[2022-03-25T10:17:36.099+0000][71306.708s] GC(359)   Other: 15.7ms
[2022-03-25T10:17:36.101+0000][71306.710s] GC(359) Eden regions: 100->0(108)
[2022-03-25T10:17:36.103+0000][71306.712s] GC(359) Survivor regions: 2->2(13)
[2022-03-25T10:17:36.105+0000][71306.714s] GC(359) Old regions: 131->131
[2022-03-25T10:17:36.110+0000][71306.719s] GC(359) Humongous regions: 7->7
[2022-03-25T10:17:36.110+0000][71306.720s] GC(359) Metaspace: 63777K->63777K(1107968K)
[2022-03-25T10:17:36.113+0000][71306.723s] GC(359) Pause Young (Normal) (G1 Evacuation Pause) 236M->137M(512M) 162.538ms
[2022-03-25T10:17:36.113+0000][71306.723s] GC(359) User=0.04s Sys=0.01s Real=0.16s
[2022-03-25T10:17:40.094+0000][71310.703s] GC(360) Pause Young (Normal) (G1 Evacuation Pause)
[2022-03-25T10:17:40.104+0000][71310.713s] GC(360) Using 4 workers of 4 for evacuation
[2022-03-25T10:17:40.275+0000][71310.884s] GC(360)   Pre Evacuate Collection Set: 0.0ms
[2022-03-25T10:17:40.279+0000][71310.888s] GC(360)   Evacuate Collection Set: 144.7ms
[2022-03-25T10:17:40.280+0000][71310.889s] GC(360)   Post Evacuate Collection Set: 23.4ms
[2022-03-25T10:17:40.280+0000][71310.890s] GC(360)   Other: 12.7ms
[2022-03-25T10:17:40.281+0000][71310.890s] GC(360) Eden regions: 108->0(85)
[2022-03-25T10:17:40.281+0000][71310.890s] GC(360) Survivor regions: 2->2(14)
[2022-03-25T10:17:40.281+0000][71310.890s] GC(360) Old regions: 131->131
[2022-03-25T10:17:40.281+0000][71310.891s] GC(360) Humongous regions: 7->7
[2022-03-25T10:17:40.282+0000][71310.891s] GC(360) Metaspace: 63777K->63777K(1107968K)
[2022-03-25T10:17:40.282+0000][71310.891s] GC(360) Pause Young (Normal) (G1 Evacuation Pause) 245M->137M(512M) 187.852ms
[2022-03-25T10:17:40.282+0000][71310.891s] GC(360) User=0.03s Sys=0.06s Real=0.18s
[2022-03-25T10:17:43.148+0000][71313.758s] GC(361) Pause Young (Normal) (G1 Evacuation Pause)
[2022-03-25T10:17:43.150+0000][71313.760s] GC(361) Using 4 workers of 4 for evacuation
[2022-03-25T10:17:43.181+0000][71313.790s] GC(361)   Pre Evacuate Collection Set: 0.0ms
[2022-03-25T10:17:43.196+0000][71313.805s] GC(361)   Evacuate Collection Set: 21.7ms
[2022-03-25T10:17:43.198+0000][71313.807s] GC(361)   Post Evacuate Collection Set: 6.5ms
[2022-03-25T10:17:43.200+0000][71313.809s] GC(361)   Other: 4.7ms
[2022-03-25T10:17:43.200+0000][71313.810s] GC(361) Eden regions: 85->0(101)
[2022-03-25T10:17:43.202+0000][71313.811s] GC(361) Survivor regions: 2->1(11)
[2022-03-25T10:17:43.209+0000][71313.818s] GC(361) Old regions: 131->131
[2022-03-25T10:17:43.210+0000][71313.819s] GC(361) Humongous regions: 7->7
[2022-03-25T10:17:43.213+0000][71313.823s] GC(361) Metaspace: 63777K->63777K(1107968K)
[2022-03-25T10:17:43.214+0000][71313.823s] GC(361) Pause Young (Normal) (G1 Evacuation Pause) 222M->137M(512M) 65.774ms
[2022-03-25T10:17:43.218+0000][71313.827s] GC(361) User=0.02s Sys=0.01s Real=0.07s
[2022-03-25T10:17:47.317+0000][71317.927s] GC(362) Pause Young (Normal) (G1 Evacuation Pause)
[2022-03-25T10:17:47.342+0000][71317.951s] GC(362) Using 4 workers of 4 for evacuation
[2022-03-25T10:17:47.424+0000][71318.034s] GC(362)   Pre Evacuate Collection Set: 0.0ms
[2022-03-25T10:17:47.434+0000][71318.044s] GC(362)   Evacuate Collection Set: 68.1ms
[2022-03-25T10:17:47.436+0000][71318.045s] GC(362)   Post Evacuate Collection Set: 6.8ms
[2022-03-25T10:17:47.436+0000][71318.046s] GC(362)   Other: 31.9ms
[2022-03-25T10:17:47.436+0000][71318.046s] GC(362) Eden regions: 101->0(115)
[2022-03-25T10:17:47.437+0000][71318.046s] GC(362) Survivor regions: 1->2(13)
[2022-03-25T10:17:47.449+0000][71318.059s] GC(362) Old regions: 131->131
[2022-03-25T10:17:47.472+0000][71318.081s] GC(362) Humongous regions: 7->7
[2022-03-25T10:17:47.480+0000][71318.090s] GC(362) Metaspace: 63777K->63777K(1107968K)
[2022-03-25T10:17:47.498+0000][71318.107s] GC(362) Pause Young (Normal) (G1 Evacuation Pause) 238M->137M(512M) 180.128ms
[2022-03-25T10:17:47.499+0000][71318.109s] GC(362) User=0.07s Sys=0.05s Real=0.18s
[2022-03-25T10:17:54.406+0000][71325.015s] GC(363) Pause Young (Normal) (G1 Evacuation Pause)
[2022-03-25T10:17:54.408+0000][71325.017s] GC(363) Using 4 workers of 4 for evacuation
[2022-03-25T10:17:54.527+0000][71325.136s] GC(363)   Pre Evacuate Collection Set: 0.1ms
[2022-03-25T10:17:54.536+0000][71325.146s] GC(363)   Evacuate Collection Set: 92.2ms
[2022-03-25T10:17:54.539+0000][71325.149s] GC(363)   Post Evacuate Collection Set: 22.4ms
[2022-03-25T10:17:54.554+0000][71325.163s] GC(363)   Other: 6.1ms
[2022-03-25T10:17:54.577+0000][71325.187s] GC(363) Eden regions: 115->0(119)
[2022-03-25T10:17:54.597+0000][71325.207s] GC(363) Survivor regions: 2->2(15)
[2022-03-25T10:17:54.599+0000][71325.208s] GC(363) Old regions: 131->131
[2022-03-25T10:17:54.649+0000][71325.259s] GC(363) Humongous regions: 7->7
[2022-03-25T10:17:54.669+0000][71325.279s] GC(363) Metaspace: 63777K->63777K(1107968K)
[2022-03-25T10:17:54.739+0000][71325.348s] GC(363) Pause Young (Normal) (G1 Evacuation Pause) 252M->137M(512M) 332.573ms
[2022-03-25T10:17:54.804+0000][71325.413s] GC(363) User=0.07s Sys=0.00s Real=0.40s
[2022-03-25T10:18:01.668+0000][71332.277s] GC(364) Pause Young (Normal) (G1 Evacuation Pause)
[2022-03-25T10:18:01.669+0000][71332.278s] GC(364) Using 4 workers of 4 for evacuation
[2022-03-25T10:18:01.819+0000][71332.428s] GC(364)   Pre Evacuate Collection Set: 0.1ms
[2022-03-25T10:18:01.842+0000][71332.452s] GC(364)   Evacuate Collection Set: 110.9ms
[2022-03-25T10:18:01.858+0000][71332.467s] GC(364)   Post Evacuate Collection Set: 9.2ms
[2022-03-25T10:18:01.858+0000][71332.467s] GC(364)   Other: 31.1ms
[2022-03-25T10:18:01.858+0000][71332.468s] GC(364) Eden regions: 119->0(127)
[2022-03-25T10:18:01.859+0000][71332.468s] GC(364) Survivor regions: 2->2(16)
[2022-03-25T10:18:01.860+0000][71332.470s] GC(364) Old regions: 131->131
[2022-03-25T10:18:01.861+0000][71332.470s] GC(364) Humongous regions: 7->7
[2022-03-25T10:18:01.866+0000][71332.476s] GC(364) Metaspace: 63777K->63777K(1107968K)
[2022-03-25T10:18:01.879+0000][71332.489s] GC(364) Pause Young (Normal) (G1 Evacuation Pause) 256M->137M(512M) 211.465ms
[2022-03-25T10:18:01.899+0000][71332.508s] GC(364) User=0.10s Sys=0.01s Real=0.22s
[2022-03-25T10:18:09.902+0000][71340.512s] GC(365) Pause Young (Normal) (G1 Evacuation Pause)
[2022-03-25T10:18:09.910+0000][71340.520s] GC(365) Using 4 workers of 4 for evacuation
[2022-03-25T10:18:10.125+0000][71340.734s] GC(365)   Pre Evacuate Collection Set: 0.1ms
[2022-03-25T10:18:10.137+0000][71340.746s] GC(365)   Evacuate Collection Set: 196.9ms
[2022-03-25T10:18:10.148+0000][71340.758s] GC(365)   Post Evacuate Collection Set: 1.0ms
[2022-03-25T10:18:10.182+0000][71340.792s] GC(365)   Other: 24.5ms
[2022-03-25T10:18:10.199+0000][71340.808s] GC(365) Eden regions: 127->0(125)
[2022-03-25T10:18:10.217+0000][71340.826s] GC(365) Survivor regions: 2->2(17)
[2022-03-25T10:18:10.232+0000][71340.842s] GC(365) Old regions: 131->131
[2022-03-25T10:18:10.246+0000][71340.855s] GC(365) Humongous regions: 7->7
[2022-03-25T10:18:10.250+0000][71340.859s] GC(365) Metaspace: 63777K->63777K(1107968K)
[2022-03-25T10:18:10.251+0000][71340.860s] GC(365) Pause Young (Normal) (G1 Evacuation Pause) 264M->137M(512M) 348.217ms
[2022-03-25T10:18:10.251+0000][71340.861s] GC(365) User=0.05s Sys=0.13s Real=0.35s
[2022-03-25T10:18:16.591+0000][71347.200s] GC(366) Pause Young (Normal) (G1 Evacuation Pause)
[2022-03-25T10:18:16.602+0000][71347.212s] GC(366) Using 4 workers of 4 for evacuation
[2022-03-25T10:18:16.651+0000][71347.261s] GC(366)   Pre Evacuate Collection Set: 0.2ms
[2022-03-25T10:18:16.653+0000][71347.263s] GC(366)   Evacuate Collection Set: 43.3ms
[2022-03-25T10:18:16.659+0000][71347.268s] GC(366)   Post Evacuate Collection Set: 0.7ms
[2022-03-25T10:18:16.661+0000][71347.270s] GC(366)   Other: 16.5ms
[2022-03-25T10:18:16.661+0000][71347.271s] GC(366) Eden regions: 125->0(140)
[2022-03-25T10:18:16.662+0000][71347.272s] GC(366) Survivor regions: 2->2(16)
[2022-03-25T10:18:16.663+0000][71347.272s] GC(366) Old regions: 131->131
[2022-03-25T10:18:16.663+0000][71347.272s] GC(366) Humongous regions: 7->7
[2022-03-25T10:18:16.663+0000][71347.273s] GC(366) Metaspace: 63777K->63777K(1107968K)
[2022-03-25T10:18:16.664+0000][71347.273s] GC(366) Pause Young (Normal) (G1 Evacuation Pause) 262M->137M(512M) 72.908ms
[2022-03-25T10:18:16.664+0000][71347.273s] GC(366) User=0.02s Sys=0.00s Real=0.07s
[2022-03-25T10:18:22.728+0000][71353.338s] GC(367) Pause Young (Normal) (G1 Evacuation Pause)
[2022-03-25T10:18:22.731+0000][71353.341s] GC(367) Using 4 workers of 4 for evacuation
[2022-03-25T10:18:22.899+0000][71353.508s] GC(367)   Pre Evacuate Collection Set: 0.0ms
[2022-03-25T10:18:22.901+0000][71353.511s] GC(367)   Evacuate Collection Set: 160.1ms
[2022-03-25T10:18:22.914+0000][71353.523s] GC(367)   Post Evacuate Collection Set: 3.1ms
[2022-03-25T10:18:22.915+0000][71353.525s] GC(367)   Other: 7.7ms
[2022-03-25T10:18:22.916+0000][71353.525s] GC(367) Eden regions: 140->0(129)
[2022-03-25T10:18:22.917+0000][71353.526s] GC(367) Survivor regions: 2->2(18)
[2022-03-25T10:18:22.934+0000][71353.543s] GC(367) Old regions: 131->131
[2022-03-25T10:18:22.938+0000][71353.547s] GC(367) Humongous regions: 7->7
[2022-03-25T10:18:22.947+0000][71353.556s] GC(367) Metaspace: 63777K->63777K(1107968K)
[2022-03-25T10:18:22.961+0000][71353.570s] GC(367) Pause Young (Normal) (G1 Evacuation Pause) 277M->137M(512M) 232.780ms
[2022-03-25T10:18:22.965+0000][71353.574s] GC(367) User=0.33s Sys=0.02s Real=0.24s
[2022-03-25T10:18:30.712+0000][71361.322s] GC(368) Pause Young (Normal) (G1 Evacuation Pause)
[2022-03-25T10:18:30.723+0000][71361.332s] GC(368) Using 4 workers of 4 for evacuation
[2022-03-25T10:18:30.777+0000][71361.387s] GC(368)   Pre Evacuate Collection Set: 0.0ms
[2022-03-25T10:18:30.778+0000][71361.387s] GC(368)   Evacuate Collection Set: 41.8ms
[2022-03-25T10:18:30.778+0000][71361.387s] GC(368)   Post Evacuate Collection Set: 0.9ms
[2022-03-25T10:18:30.778+0000][71361.388s] GC(368)   Other: 22.2ms
[2022-03-25T10:18:30.779+0000][71361.388s] GC(368) Eden regions: 129->0(143)
[2022-03-25T10:18:30.779+0000][71361.388s] GC(368) Survivor regions: 2->1(17)
[2022-03-25T10:18:30.779+0000][71361.389s] GC(368) Old regions: 131->131
[2022-03-25T10:18:30.780+0000][71361.389s] GC(368) Humongous regions: 7->7
[2022-03-25T10:18:30.780+0000][71361.390s] GC(368) Metaspace: 63777K->63777K(1107968K)
[2022-03-25T10:18:30.781+0000][71361.390s] GC(368) Pause Young (Normal) (G1 Evacuation Pause) 266M->137M(512M) 68.676ms
[2022-03-25T10:18:30.781+0000][71361.391s] GC(368) User=0.06s Sys=0.04s Real=0.07s
[2022-03-25T10:18:38.351+0000][71368.960s] GC(369) Pause Young (Normal) (G1 Evacuation Pause)
[2022-03-25T10:18:38.353+0000][71368.962s] GC(369) Using 4 workers of 4 for evacuation
[2022-03-25T10:18:38.422+0000][71369.031s] GC(369)   Pre Evacuate Collection Set: 0.1ms
[2022-03-25T10:18:38.423+0000][71369.032s] GC(369)   Evacuate Collection Set: 67.5ms
[2022-03-25T10:18:38.436+0000][71369.046s] GC(369)   Post Evacuate Collection Set: 0.7ms
[2022-03-25T10:18:38.440+0000][71369.050s] GC(369)   Other: 3.2ms
[2022-03-25T10:18:38.442+0000][71369.051s] GC(369) Eden regions: 143->0(146)
[2022-03-25T10:18:38.443+0000][71369.052s] GC(369) Survivor regions: 1->2(18)
[2022-03-25T10:18:38.450+0000][71369.059s] GC(369) Old regions: 131->131
[2022-03-25T10:18:38.450+0000][71369.060s] GC(369) Humongous regions: 7->7
[2022-03-25T10:18:38.450+0000][71369.060s] GC(369) Metaspace: 63777K->63777K(1107968K)
[2022-03-25T10:18:38.451+0000][71369.060s] GC(369) Pause Young (Normal) (G1 Evacuation Pause) 280M->137M(512M) 100.255ms
[2022-03-25T10:18:38.452+0000][71369.061s] GC(369) User=0.04s Sys=0.01s Real=0.10s
[2022-03-25T10:18:45.285+0000][71375.894s] GC(370) Pause Young (Normal) (G1 Evacuation Pause)
[2022-03-25T10:18:45.297+0000][71375.907s] GC(370) Using 4 workers of 4 for evacuation
[2022-03-25T10:18:45.580+0000][71376.189s] GC(370) MMU target violated: 251.0ms (250.0ms/251.0ms)
[2022-03-25T10:18:45.590+0000][71376.200s] GC(370)   Pre Evacuate Collection Set: 0.0ms
[2022-03-25T10:18:45.606+0000][71376.216s] GC(370)   Evacuate Collection Set: 255.3ms
[2022-03-25T10:18:45.615+0000][71376.225s] GC(370)   Post Evacuate Collection Set: 0.8ms
[2022-03-25T10:18:45.628+0000][71376.238s] GC(370)   Other: 49.5ms
[2022-03-25T10:18:45.654+0000][71376.264s] GC(370) Eden regions: 146->0(127)
[2022-03-25T10:18:45.655+0000][71376.264s] GC(370) Survivor regions: 2->2(19)
[2022-03-25T10:18:45.657+0000][71376.266s] GC(370) Old regions: 131->131
[2022-03-25T10:18:45.657+0000][71376.266s] GC(370) Humongous regions: 7->7
[2022-03-25T10:18:45.657+0000][71376.267s] GC(370) Metaspace: 63777K->63777K(1107968K)
[2022-03-25T10:18:45.660+0000][71376.269s] GC(370) Pause Young (Normal) (G1 Evacuation Pause) 283M->137M(512M) 375.475ms
[2022-03-25T10:18:45.663+0000][71376.273s] GC(370) User=0.08s Sys=0.08s Real=0.36s
[2022-03-25T10:37:38.392+0000][72509.001s] GC(371) Pause Young (Normal) (G1 Evacuation Pause)
[2022-03-25T10:37:38.392+0000][72509.002s] GC(371) Using 4 workers of 4 for evacuation
[2022-03-25T10:37:38.504+0000][72509.113s] GC(371)   Pre Evacuate Collection Set: 10.0ms
[2022-03-25T10:37:38.504+0000][72509.114s] GC(371)   Evacuate Collection Set: 94.4ms
[2022-03-25T10:37:38.504+0000][72509.114s] GC(371)   Post Evacuate Collection Set: 4.4ms
[2022-03-25T10:37:38.505+0000][72509.114s] GC(371)   Other: 3.8ms
[2022-03-25T10:37:38.505+0000][72509.114s] GC(371) Eden regions: 127->0(131)
[2022-03-25T10:37:38.505+0000][72509.115s] GC(371) Survivor regions: 2->2(17)
[2022-03-25T10:37:38.505+0000][72509.115s] GC(371) Old regions: 131->131
[2022-03-25T10:37:38.506+0000][72509.115s] GC(371) Humongous regions: 7->7
[2022-03-25T10:37:38.506+0000][72509.115s] GC(371) Metaspace: 63783K->63783K(1107968K)
[2022-03-25T10:37:38.506+0000][72509.115s] GC(371) Pause Young (Normal) (G1 Evacuation Pause) 264M->137M(512M) 114.465ms
[2022-03-25T10:37:38.506+0000][72509.116s] GC(371) User=0.29s Sys=0.00s Real=0.12s
[2022-03-25T11:53:27.891+0000][77058.501s] GC(372) Pause Young (Normal) (G1 Evacuation Pause)
[2022-03-25T11:53:27.892+0000][77058.501s] GC(372) Using 4 workers of 4 for evacuation
[2022-03-25T11:53:27.991+0000][77058.600s] GC(372)   Pre Evacuate Collection Set: 7.7ms
[2022-03-25T11:53:27.997+0000][77058.606s] GC(372)   Evacuate Collection Set: 82.2ms
[2022-03-25T11:53:27.997+0000][77058.607s] GC(372)   Post Evacuate Collection Set: 6.9ms
[2022-03-25T11:53:27.998+0000][77058.608s] GC(372)   Other: 2.8ms
[2022-03-25T11:53:28.001+0000][77058.610s] GC(372) Eden regions: 131->0(133)
[2022-03-25T11:53:28.001+0000][77058.611s] GC(372) Survivor regions: 2->2(17)
[2022-03-25T11:53:28.002+0000][77058.611s] GC(372) Old regions: 131->131
[2022-03-25T11:53:28.002+0000][77058.612s] GC(372) Humongous regions: 7->7
[2022-03-25T11:53:28.004+0000][77058.613s] GC(372) Metaspace: 63788K->63788K(1107968K)
[2022-03-25T11:53:28.005+0000][77058.615s] GC(372) Pause Young (Normal) (G1 Evacuation Pause) 268M->138M(512M) 113.928ms
[2022-03-25T11:53:28.006+0000][77058.615s] GC(372) User=0.32s Sys=0.00s Real=0.12s
[2022-03-25T13:12:25.965+0000][81796.575s] GC(373) Pause Young (Normal) (G1 Evacuation Pause)
[2022-03-25T13:12:25.966+0000][81796.575s] GC(373) Using 4 workers of 4 for evacuation
[2022-03-25T13:12:26.179+0000][81796.789s] GC(373)   Pre Evacuate Collection Set: 21.0ms
[2022-03-25T13:12:26.180+0000][81796.789s] GC(373)   Evacuate Collection Set: 181.7ms
[2022-03-25T13:12:26.180+0000][81796.789s] GC(373)   Post Evacuate Collection Set: 4.7ms
[2022-03-25T13:12:26.180+0000][81796.790s] GC(373)   Other: 10.9ms
[2022-03-25T13:12:26.181+0000][81796.790s] GC(373) Eden regions: 133->0(133)
[2022-03-25T13:12:26.181+0000][81796.790s] GC(373) Survivor regions: 2->2(17)
[2022-03-25T13:12:26.181+0000][81796.791s] GC(373) Old regions: 131->131
[2022-03-25T13:12:26.182+0000][81796.791s] GC(373) Humongous regions: 7->7
[2022-03-25T13:12:26.182+0000][81796.791s] GC(373) Metaspace: 63801K->63801K(1107968K)
[2022-03-25T13:12:26.183+0000][81796.793s] GC(373) Pause Young (Normal) (G1 Evacuation Pause) 271M->138M(512M) 218.514ms
[2022-03-25T13:12:26.184+0000][81796.793s] GC(373) User=0.74s Sys=0.00s Real=0.21s
