[2022-03-17T09:15:23.484+0000][0.353s] Heap region size: 1M
[2022-03-17T09:15:26.896+0000][3.765s] Using G1
[2022-03-17T09:15:26.903+0000][3.772s] Heap address: 0x00000000e0000000, size: 512 MB, Compressed Oops mode: 32-bit
[2022-03-17T09:15:26.917+0000][3.786s] Mark closed archive regions in map: [0x00000000fff00000, 0x00000000fff63ff8]
[2022-03-17T09:15:26.926+0000][3.795s] Mark open archive regions in map: [0x00000000ffe00000, 0x00000000ffe41ff8]
[2022-03-17T09:15:35.749+0000][12.618s] GC(0) Pause Young (Normal) (G1 Evacuation Pause)
[2022-03-17T09:15:35.766+0000][12.635s] GC(0) Using 4 workers of 4 for evacuation
[2022-03-17T09:15:35.869+0000][12.737s] GC(0)   Pre Evacuate Collection Set: 0.1ms
[2022-03-17T09:15:35.869+0000][12.738s] GC(0)   Evacuate Collection Set: 83.6ms
[2022-03-17T09:15:35.870+0000][12.739s] GC(0)   Post Evacuate Collection Set: 17.0ms
[2022-03-17T09:15:35.871+0000][12.740s] GC(0)   Other: 19.3ms
[2022-03-17T09:15:35.871+0000][12.740s] GC(0) Eden regions: 25->0(136)
[2022-03-17T09:15:35.871+0000][12.740s] GC(0) Survivor regions: 0->3(4)
[2022-03-17T09:15:35.872+0000][12.741s] GC(0) Old regions: 2->2
[2022-03-17T09:15:35.873+0000][12.742s] GC(0) Humongous regions: 0->0
[2022-03-17T09:15:35.873+0000][12.742s] GC(0) Metaspace: 6847K->6847K(1056768K)
[2022-03-17T09:15:35.873+0000][12.742s] GC(0) Pause Young (Normal) (G1 Evacuation Pause) 25M->3M(512M) 124.566ms
[2022-03-17T09:15:35.874+0000][12.742s] GC(0) User=0.08s Sys=0.00s Real=0.13s
[2022-03-17T09:15:41.128+0000][17.997s] GC(1) Pause Young (Normal) (G1 Evacuation Pause)
[2022-03-17T09:15:41.140+0000][18.009s] GC(1) Using 4 workers of 4 for evacuation
[2022-03-17T09:15:41.597+0000][18.466s] GC(1) MMU target violated: 251.0ms (250.0ms/251.0ms)
[2022-03-17T09:15:41.607+0000][18.476s] GC(1)   Pre Evacuate Collection Set: 0.0ms
[2022-03-17T09:15:41.613+0000][18.482s] GC(1)   Evacuate Collection Set: 424.2ms
[2022-03-17T09:15:41.620+0000][18.489s] GC(1)   Post Evacuate Collection Set: 32.5ms
[2022-03-17T09:15:41.629+0000][18.498s] GC(1)   Other: 22.7ms
[2022-03-17T09:15:41.641+0000][18.509s] GC(1) Eden regions: 22->0(21)
[2022-03-17T09:15:41.641+0000][18.510s] GC(1) Survivor regions: 3->4(4)
[2022-03-17T09:15:41.642+0000][18.510s] GC(1) Old regions: 2->10
[2022-03-17T09:15:41.642+0000][18.511s] GC(1) Humongous regions: 4->4
[2022-03-17T09:15:41.642+0000][18.511s] GC(1) Metaspace: 12753K->12753K(1060864K)
[2022-03-17T09:15:41.643+0000][18.511s] GC(1) Pause Young (Normal) (G1 Evacuation Pause) 29M->15M(512M) 514.676ms
[2022-03-17T09:15:41.643+0000][18.512s] GC(1) User=0.27s Sys=0.00s Real=0.52s
[2022-03-17T09:15:45.237+0000][22.106s] GC(2) Pause Young (Normal) (G1 Evacuation Pause)
[2022-03-17T09:15:45.246+0000][22.115s] GC(2) Using 4 workers of 4 for evacuation
[2022-03-17T09:15:45.313+0000][22.182s] GC(2)   Pre Evacuate Collection Set: 0.0ms
[2022-03-17T09:15:45.318+0000][22.187s] GC(2)   Evacuate Collection Set: 49.1ms
[2022-03-17T09:15:45.320+0000][22.189s] GC(2)   Post Evacuate Collection Set: 17.6ms
[2022-03-17T09:15:45.321+0000][22.190s] GC(2)   Other: 9.4ms
[2022-03-17T09:15:45.321+0000][22.190s] GC(2) Eden regions: 21->0(25)
[2022-03-17T09:15:45.321+0000][22.190s] GC(2) Survivor regions: 4->4(4)
[2022-03-17T09:15:45.321+0000][22.190s] GC(2) Old regions: 10->14
[2022-03-17T09:15:45.321+0000][22.190s] GC(2) Humongous regions: 4->4
[2022-03-17T09:15:45.322+0000][22.191s] GC(2) Metaspace: 15742K->15742K(1062912K)
[2022-03-17T09:15:45.322+0000][22.191s] GC(2) Pause Young (Normal) (G1 Evacuation Pause) 36M->20M(512M) 84.881ms
[2022-03-17T09:15:45.322+0000][22.191s] GC(2) User=0.06s Sys=0.01s Real=0.08s
[2022-03-17T09:15:48.057+0000][24.926s] GC(3) Pause Young (Normal) (G1 Evacuation Pause)
[2022-03-17T09:15:48.058+0000][24.927s] GC(3) Using 4 workers of 4 for evacuation
[2022-03-17T09:15:48.116+0000][24.985s] GC(3)   Pre Evacuate Collection Set: 0.0ms
[2022-03-17T09:15:48.117+0000][24.986s] GC(3)   Evacuate Collection Set: 48.8ms
[2022-03-17T09:15:48.117+0000][24.986s] GC(3)   Post Evacuate Collection Set: 9.4ms
[2022-03-17T09:15:48.117+0000][24.986s] GC(3)   Other: 0.8ms
[2022-03-17T09:15:48.117+0000][24.986s] GC(3) Eden regions: 25->0(33)
[2022-03-17T09:15:48.121+0000][24.990s] GC(3) Survivor regions: 4->4(4)
[2022-03-17T09:15:48.121+0000][24.990s] GC(3) Old regions: 14->19
[2022-03-17T09:15:48.122+0000][24.990s] GC(3) Humongous regions: 4->4
[2022-03-17T09:15:48.122+0000][24.991s] GC(3) Metaspace: 17716K->17716K(1064960K)
[2022-03-17T09:15:48.122+0000][24.991s] GC(3) Pause Young (Normal) (G1 Evacuation Pause) 45M->24M(512M) 64.749ms
[2022-03-17T09:15:48.122+0000][24.991s] GC(3) User=0.04s Sys=0.01s Real=0.06s
[2022-03-17T09:15:49.656+0000][26.525s] GC(4) Pause Young (Concurrent Start) (Metadata GC Threshold)
[2022-03-17T09:15:49.656+0000][26.525s] GC(4) Using 4 workers of 4 for evacuation
[2022-03-17T09:15:49.733+0000][26.602s] GC(4)   Pre Evacuate Collection Set: 0.1ms
[2022-03-17T09:15:49.733+0000][26.602s] GC(4)   Evacuate Collection Set: 74.8ms
[2022-03-17T09:15:49.733+0000][26.602s] GC(4)   Post Evacuate Collection Set: 0.6ms
[2022-03-17T09:15:49.734+0000][26.603s] GC(4)   Other: 1.2ms
[2022-03-17T09:15:49.735+0000][26.603s] GC(4) Eden regions: 24->0(40)
[2022-03-17T09:15:49.735+0000][26.604s] GC(4) Survivor regions: 4->1(5)
[2022-03-17T09:15:49.735+0000][26.604s] GC(4) Old regions: 19->22
[2022-03-17T09:15:49.735+0000][26.604s] GC(4) Humongous regions: 4->4
[2022-03-17T09:15:49.735+0000][26.604s] GC(4) Metaspace: 20445K->20445K(1067008K)
[2022-03-17T09:15:49.736+0000][26.605s] GC(4) Pause Young (Concurrent Start) (Metadata GC Threshold) 47M->24M(512M) 79.756ms
[2022-03-17T09:15:49.736+0000][26.605s] GC(4) User=0.04s Sys=0.01s Real=0.08s
[2022-03-17T09:15:49.746+0000][26.615s] GC(5) Concurrent Cycle
[2022-03-17T09:15:49.753+0000][26.622s] GC(5) Concurrent Clear Claimed Marks
[2022-03-17T09:15:49.754+0000][26.623s] GC(5) Concurrent Clear Claimed Marks 1.790ms
[2022-03-17T09:15:49.761+0000][26.630s] GC(5) Concurrent Scan Root Regions
[2022-03-17T09:15:49.763+0000][26.632s] GC(5) Concurrent Scan Root Regions 2.402ms
[2022-03-17T09:15:49.771+0000][26.640s] GC(5) Concurrent Mark (26.640s)
[2022-03-17T09:15:49.772+0000][26.641s] GC(5) Concurrent Mark From Roots
[2022-03-17T09:15:49.772+0000][26.641s] GC(5) Using 1 workers of 1 for marking
[2022-03-17T09:15:50.034+0000][26.903s] GC(5) Concurrent Mark From Roots 262.244ms
[2022-03-17T09:15:50.045+0000][26.914s] GC(5) Concurrent Preclean
[2022-03-17T09:15:50.046+0000][26.915s] GC(5) Concurrent Preclean 0.637ms
[2022-03-17T09:15:50.047+0000][26.915s] GC(5) Concurrent Mark (26.640s, 26.915s) 275.201ms
[2022-03-17T09:15:50.048+0000][26.917s] GC(5) Pause Remark
[2022-03-17T09:15:50.069+0000][26.938s] GC(5) Cleaned string and symbol table, strings: 9377 processed, 26 removed, symbols: 62385 processed, 40 removed
[2022-03-17T09:15:50.070+0000][26.939s] GC(5) Pause Remark 28M->28M(512M) 21.497ms
[2022-03-17T09:15:50.070+0000][26.939s] GC(5) User=0.01s Sys=0.00s Real=0.02s
[2022-03-17T09:15:50.071+0000][26.940s] GC(5) Concurrent Rebuild Remembered Sets
[2022-03-17T09:15:50.196+0000][27.065s] GC(5) Concurrent Rebuild Remembered Sets 125.015ms
[2022-03-17T09:15:50.226+0000][27.095s] GC(5) Pause Cleanup
[2022-03-17T09:15:50.226+0000][27.095s] GC(5) Pause Cleanup 30M->30M(512M) 0.643ms
[2022-03-17T09:15:50.231+0000][27.100s] GC(5) User=0.01s Sys=0.00s Real=0.00s
[2022-03-17T09:15:50.232+0000][27.101s] GC(5) Concurrent Cleanup for Next Mark
[2022-03-17T09:15:50.297+0000][27.166s] GC(5) Concurrent Cleanup for Next Mark 64.957ms
[2022-03-17T09:15:50.306+0000][27.175s] GC(5) Concurrent Cycle 560.822ms
[2022-03-17T09:15:54.008+0000][30.877s] GC(6) Pause Young (Concurrent Start) (G1 Evacuation Pause)
[2022-03-17T09:15:54.009+0000][30.878s] GC(6) Using 4 workers of 4 for evacuation
[2022-03-17T09:15:54.080+0000][30.949s] GC(6)   Pre Evacuate Collection Set: 0.1ms
[2022-03-17T09:15:54.080+0000][30.949s] GC(6)   Evacuate Collection Set: 69.9ms
[2022-03-17T09:15:54.080+0000][30.949s] GC(6)   Post Evacuate Collection Set: 0.4ms
[2022-03-17T09:15:54.081+0000][30.950s] GC(6)   Other: 1.1ms
[2022-03-17T09:15:54.081+0000][30.950s] GC(6) Eden regions: 40->0(62)
[2022-03-17T09:15:54.081+0000][30.950s] GC(6) Survivor regions: 1->1(6)
[2022-03-17T09:15:54.082+0000][30.950s] GC(6) Old regions: 22->22
[2022-03-17T09:15:54.082+0000][30.951s] GC(6) Humongous regions: 4->4
[2022-03-17T09:15:54.082+0000][30.951s] GC(6) Metaspace: 24919K->24919K(1073152K)
[2022-03-17T09:15:54.082+0000][30.951s] GC(6) Pause Young (Concurrent Start) (G1 Evacuation Pause) 64M->25M(512M) 73.893ms
[2022-03-17T09:15:54.083+0000][30.951s] GC(6) User=0.03s Sys=0.00s Real=0.07s
[2022-03-17T09:15:54.083+0000][30.952s] GC(7) Concurrent Cycle
[2022-03-17T09:15:54.083+0000][30.952s] GC(7) Concurrent Clear Claimed Marks
[2022-03-17T09:15:54.083+0000][30.952s] GC(7) Concurrent Clear Claimed Marks 0.262ms
[2022-03-17T09:15:54.083+0000][30.952s] GC(7) Concurrent Scan Root Regions
[2022-03-17T09:15:54.085+0000][30.954s] GC(7) Concurrent Scan Root Regions 2.020ms
[2022-03-17T09:15:54.086+0000][30.955s] GC(7) Concurrent Mark (30.955s)
[2022-03-17T09:15:54.086+0000][30.955s] GC(7) Concurrent Mark From Roots
[2022-03-17T09:15:54.086+0000][30.955s] GC(7) Using 1 workers of 1 for marking
[2022-03-17T09:15:54.310+0000][31.179s] GC(7) Concurrent Mark From Roots 223.641ms
[2022-03-17T09:15:54.320+0000][31.189s] GC(7) Concurrent Preclean
[2022-03-17T09:15:54.320+0000][31.189s] GC(7) Concurrent Preclean 0.505ms
[2022-03-17T09:15:54.320+0000][31.189s] GC(7) Concurrent Mark (30.955s, 31.189s) 234.677ms
[2022-03-17T09:15:54.336+0000][31.205s] GC(7) Pause Remark
[2022-03-17T09:15:54.376+0000][31.245s] GC(7) Cleaned string and symbol table, strings: 10392 processed, 0 removed, symbols: 72380 processed, 28 removed
[2022-03-17T09:15:54.386+0000][31.255s] GC(7) Pause Remark 28M->28M(512M) 50.236ms
[2022-03-17T09:15:54.386+0000][31.255s] GC(7) User=0.04s Sys=0.00s Real=0.05s
[2022-03-17T09:15:54.400+0000][31.269s] GC(7) Concurrent Rebuild Remembered Sets
[2022-03-17T09:15:54.566+0000][31.435s] GC(7) Concurrent Rebuild Remembered Sets 165.160ms
[2022-03-17T09:15:54.606+0000][31.475s] GC(7) Pause Cleanup
[2022-03-17T09:15:54.606+0000][31.475s] GC(7) Pause Cleanup 29M->29M(512M) 0.611ms
[2022-03-17T09:15:54.607+0000][31.476s] GC(7) User=0.00s Sys=0.00s Real=0.00s
[2022-03-17T09:15:54.620+0000][31.489s] GC(7) Concurrent Cleanup for Next Mark
[2022-03-17T09:15:54.623+0000][31.492s] GC(7) Concurrent Cleanup for Next Mark 3.630ms
[2022-03-17T09:15:54.626+0000][31.495s] GC(7) Concurrent Cycle 543.305ms
[2022-03-17T09:16:06.020+0000][42.889s] GC(8) Pause Young (Normal) (G1 Evacuation Pause)
[2022-03-17T09:16:06.021+0000][42.890s] GC(8) Using 4 workers of 4 for evacuation
[2022-03-17T09:16:06.146+0000][43.015s] GC(8)   Pre Evacuate Collection Set: 0.1ms
[2022-03-17T09:16:06.146+0000][43.015s] GC(8)   Evacuate Collection Set: 114.5ms
[2022-03-17T09:16:06.147+0000][43.016s] GC(8)   Post Evacuate Collection Set: 10.3ms
[2022-03-17T09:16:06.147+0000][43.016s] GC(8)   Other: 1.0ms
[2022-03-17T09:16:06.147+0000][43.016s] GC(8) Eden regions: 63->0(75)
[2022-03-17T09:16:06.147+0000][43.016s] GC(8) Survivor regions: 1->5(8)
[2022-03-17T09:16:06.148+0000][43.016s] GC(8) Old regions: 22->22
[2022-03-17T09:16:06.148+0000][43.017s] GC(8) Humongous regions: 4->4
[2022-03-17T09:16:06.148+0000][43.017s] GC(8) Metaspace: 32919K->32919K(1079296K)
[2022-03-17T09:16:06.148+0000][43.017s] GC(8) Pause Young (Normal) (G1 Evacuation Pause) 88M->28M(512M) 127.945ms
[2022-03-17T09:16:06.148+0000][43.017s] GC(8) User=0.09s Sys=0.00s Real=0.13s
[2022-03-17T09:32:53.422+0000][1050.291s] GC(9) Pause Young (Normal) (G1 Evacuation Pause)
[2022-03-17T09:32:53.423+0000][1050.292s] GC(9) Using 4 workers of 4 for evacuation
[2022-03-17T09:32:53.455+0000][1050.324s] GC(9)   Pre Evacuate Collection Set: 0.1ms
[2022-03-17T09:32:53.456+0000][1050.325s] GC(9)   Evacuate Collection Set: 29.7ms
[2022-03-17T09:32:53.456+0000][1050.325s] GC(9)   Post Evacuate Collection Set: 1.9ms
[2022-03-17T09:32:53.457+0000][1050.326s] GC(9)   Other: 1.2ms
[2022-03-17T09:32:53.457+0000][1050.326s] GC(9) Eden regions: 75->0(108)
[2022-03-17T09:32:53.457+0000][1050.326s] GC(9) Survivor regions: 5->9(10)
[2022-03-17T09:32:53.458+0000][1050.327s] GC(9) Old regions: 22->22
[2022-03-17T09:32:53.458+0000][1050.327s] GC(9) Humongous regions: 4->4
[2022-03-17T09:32:53.459+0000][1050.327s] GC(9) Metaspace: 39393K->39393K(1085440K)
[2022-03-17T09:32:53.459+0000][1050.328s] GC(9) Pause Young (Normal) (G1 Evacuation Pause) 103M->32M(512M) 36.541ms
[2022-03-17T09:32:53.459+0000][1050.328s] GC(9) User=0.12s Sys=0.00s Real=0.04s
[2022-03-17T11:05:52.192+0000][6629.061s] Heap
[2022-03-17T11:05:52.193+0000][6629.061s]  garbage-first heap   total 524288K, used 124773K [0x00000000e0000000, 0x0000000100000000)
[2022-03-17T11:05:52.193+0000][6629.062s]   region size 1024K, 100 young (102400K), 9 survivors (9216K)
[2022-03-17T11:05:52.193+0000][6629.062s]  Metaspace       used 40396K, capacity 41493K, committed 41672K, reserved 1085440K
[2022-03-17T11:05:52.193+0000][6629.062s]   class space    used 4651K, capacity 5109K, committed 5120K, reserved 1048576K
