[2022-03-22T13:07:52.573+0000][1.381s] Heap region size: 1M
[2022-03-22T13:07:54.285+0000][3.093s] Using G1
[2022-03-22T13:07:54.396+0000][3.204s] Heap address: 0x00000000e0000000, size: 512 MB, Compressed Oops mode: 32-bit
[2022-03-22T13:07:54.590+0000][3.398s] Mark closed archive regions in map: [0x00000000fff00000, 0x00000000fff63ff8]
[2022-03-22T13:07:54.837+0000][3.645s] Mark open archive regions in map: [0x00000000ffe00000, 0x00000000ffe41ff8]
[2022-03-22T13:08:05.338+0000][14.146s] GC(0) Pause Young (Normal) (G1 Evacuation Pause)
[2022-03-22T13:08:05.371+0000][14.178s] GC(0) Using 4 workers of 4 for evacuation
[2022-03-22T13:08:05.545+0000][14.353s] GC(0)   Pre Evacuate Collection Set: 0.1ms
[2022-03-22T13:08:05.555+0000][14.363s] GC(0)   Evacuate Collection Set: 114.2ms
[2022-03-22T13:08:05.555+0000][14.363s] GC(0)   Post Evacuate Collection Set: 42.0ms
[2022-03-22T13:08:05.564+0000][14.372s] GC(0)   Other: 51.0ms
[2022-03-22T13:08:05.564+0000][14.372s] GC(0) Eden regions: 25->0(108)
[2022-03-22T13:08:05.565+0000][14.373s] GC(0) Survivor regions: 0->3(4)
[2022-03-22T13:08:05.565+0000][14.373s] GC(0) Old regions: 2->2
[2022-03-22T13:08:05.573+0000][14.381s] GC(0) Humongous regions: 0->0
[2022-03-22T13:08:05.574+0000][14.382s] GC(0) Metaspace: 6781K->6781K(1056768K)
[2022-03-22T13:08:05.576+0000][14.384s] GC(0) Pause Young (Normal) (G1 Evacuation Pause) 25M->3M(512M) 237.883ms
[2022-03-22T13:08:05.576+0000][14.384s] GC(0) User=0.10s Sys=0.03s Real=0.24s
[2022-03-22T13:08:12.248+0000][21.056s] GC(1) Pause Young (Normal) (G1 Evacuation Pause)
[2022-03-22T13:08:12.264+0000][21.072s] GC(1) Using 4 workers of 4 for evacuation
[2022-03-22T13:08:12.928+0000][21.736s] GC(1) MMU target violated: 251.0ms (250.0ms/251.0ms)
[2022-03-22T13:08:12.943+0000][21.751s] GC(1)   Pre Evacuate Collection Set: 0.1ms
[2022-03-22T13:08:12.948+0000][21.756s] GC(1)   Evacuate Collection Set: 567.8ms
[2022-03-22T13:08:12.965+0000][21.773s] GC(1)   Post Evacuate Collection Set: 65.2ms
[2022-03-22T13:08:12.991+0000][21.798s] GC(1)   Other: 61.4ms
[2022-03-22T13:08:13.006+0000][21.814s] GC(1) Eden regions: 22->0(21)
[2022-03-22T13:08:13.025+0000][21.833s] GC(1) Survivor regions: 3->4(4)
[2022-03-22T13:08:13.038+0000][21.846s] GC(1) Old regions: 2->10
[2022-03-22T13:08:13.055+0000][21.862s] GC(1) Humongous regions: 4->4
[2022-03-22T13:08:13.071+0000][21.878s] GC(1) Metaspace: 12807K->12807K(1060864K)
[2022-03-22T13:08:13.087+0000][21.895s] GC(1) Pause Young (Normal) (G1 Evacuation Pause) 29M->15M(512M) 838.753ms
[2022-03-22T13:08:13.103+0000][21.911s] GC(1) User=0.49s Sys=0.23s Real=0.86s
[2022-03-22T13:08:19.330+0000][28.138s] GC(2) Pause Young (Normal) (G1 Evacuation Pause)
[2022-03-22T13:08:19.334+0000][28.142s] GC(2) Using 4 workers of 4 for evacuation
[2022-03-22T13:08:19.671+0000][28.479s] GC(2) MMU target violated: 251.0ms (250.0ms/251.0ms)
[2022-03-22T13:08:19.676+0000][28.484s] GC(2)   Pre Evacuate Collection Set: 0.1ms
[2022-03-22T13:08:19.677+0000][28.485s] GC(2)   Evacuate Collection Set: 289.9ms
[2022-03-22T13:08:19.677+0000][28.485s] GC(2)   Post Evacuate Collection Set: 20.0ms
[2022-03-22T13:08:19.677+0000][28.485s] GC(2)   Other: 36.1ms
[2022-03-22T13:08:19.680+0000][28.488s] GC(2) Eden regions: 21->0(21)
[2022-03-22T13:08:19.692+0000][28.500s] GC(2) Survivor regions: 4->4(4)
[2022-03-22T13:08:19.708+0000][28.516s] GC(2) Old regions: 10->14
[2022-03-22T13:08:19.724+0000][28.532s] GC(2) Humongous regions: 4->4
[2022-03-22T13:08:19.725+0000][28.532s] GC(2) Metaspace: 15761K->15761K(1062912K)
[2022-03-22T13:08:19.725+0000][28.533s] GC(2) Pause Young (Normal) (G1 Evacuation Pause) 36M->20M(512M) 394.590ms
[2022-03-22T13:08:19.726+0000][28.534s] GC(2) User=0.23s Sys=0.05s Real=0.39s
[2022-03-22T13:08:23.001+0000][31.809s] GC(3) Pause Young (Normal) (G1 Evacuation Pause)
[2022-03-22T13:08:23.005+0000][31.813s] GC(3) Using 4 workers of 4 for evacuation
[2022-03-22T13:08:23.165+0000][31.973s] GC(3)   Pre Evacuate Collection Set: 0.1ms
[2022-03-22T13:08:23.169+0000][31.977s] GC(3)   Evacuate Collection Set: 134.1ms
[2022-03-22T13:08:23.183+0000][31.991s] GC(3)   Post Evacuate Collection Set: 21.2ms
[2022-03-22T13:08:23.183+0000][31.991s] GC(3)   Other: 8.8ms
[2022-03-22T13:08:23.184+0000][31.992s] GC(3) Eden regions: 21->0(21)
[2022-03-22T13:08:23.184+0000][31.992s] GC(3) Survivor regions: 4->4(4)
[2022-03-22T13:08:23.184+0000][31.992s] GC(3) Old regions: 14->19
[2022-03-22T13:08:23.184+0000][31.992s] GC(3) Humongous regions: 4->4
[2022-03-22T13:08:23.184+0000][31.992s] GC(3) Metaspace: 17453K->17453K(1064960K)
[2022-03-22T13:08:23.185+0000][31.993s] GC(3) Pause Young (Normal) (G1 Evacuation Pause) 41M->24M(512M) 183.443ms
[2022-03-22T13:08:23.185+0000][31.993s] GC(3) User=0.08s Sys=0.02s Real=0.18s
[2022-03-22T13:08:25.892+0000][34.700s] GC(4) Pause Young (Normal) (G1 Evacuation Pause)
[2022-03-22T13:08:25.904+0000][34.712s] GC(4) Using 4 workers of 4 for evacuation
[2022-03-22T13:08:26.061+0000][34.869s] GC(4)   Pre Evacuate Collection Set: 0.1ms
[2022-03-22T13:08:26.063+0000][34.871s] GC(4)   Evacuate Collection Set: 148.9ms
[2022-03-22T13:08:26.064+0000][34.872s] GC(4)   Post Evacuate Collection Set: 0.5ms
[2022-03-22T13:08:26.064+0000][34.872s] GC(4)   Other: 19.6ms
[2022-03-22T13:08:26.064+0000][34.872s] GC(4) Eden regions: 21->0(26)
[2022-03-22T13:08:26.065+0000][34.872s] GC(4) Survivor regions: 4->1(4)
[2022-03-22T13:08:26.065+0000][34.873s] GC(4) Old regions: 19->22
[2022-03-22T13:08:26.081+0000][34.889s] GC(4) Humongous regions: 4->4
[2022-03-22T13:08:26.097+0000][34.905s] GC(4) Metaspace: 19820K->19820K(1067008K)
[2022-03-22T13:08:26.106+0000][34.914s] GC(4) Pause Young (Normal) (G1 Evacuation Pause) 45M->24M(512M) 214.119ms
[2022-03-22T13:08:26.115+0000][34.923s] GC(4) User=0.12s Sys=0.02s Real=0.22s
[2022-03-22T13:08:26.615+0000][35.423s] GC(5) Pause Young (Concurrent Start) (Metadata GC Threshold)
[2022-03-22T13:08:26.619+0000][35.427s] GC(5) Using 4 workers of 4 for evacuation
[2022-03-22T13:08:26.733+0000][35.541s] GC(5)   Pre Evacuate Collection Set: 0.1ms
[2022-03-22T13:08:26.733+0000][35.541s] GC(5)   Evacuate Collection Set: 90.7ms
[2022-03-22T13:08:26.733+0000][35.541s] GC(5)   Post Evacuate Collection Set: 15.0ms
[2022-03-22T13:08:26.742+0000][35.549s] GC(5)   Other: 11.3ms
[2022-03-22T13:08:26.743+0000][35.551s] GC(5) Eden regions: 6->0(30)
[2022-03-22T13:08:26.743+0000][35.551s] GC(5) Survivor regions: 1->1(4)
[2022-03-22T13:08:26.743+0000][35.551s] GC(5) Old regions: 22->22
[2022-03-22T13:08:26.743+0000][35.551s] GC(5) Humongous regions: 4->4
[2022-03-22T13:08:26.744+0000][35.552s] GC(5) Metaspace: 20433K->20433K(1067008K)
[2022-03-22T13:08:26.744+0000][35.552s] GC(5) Pause Young (Concurrent Start) (Metadata GC Threshold) 30M->24M(512M) 128.687ms
[2022-03-22T13:08:26.744+0000][35.552s] GC(5) User=0.03s Sys=0.01s Real=0.13s
[2022-03-22T13:08:26.745+0000][35.553s] GC(6) Concurrent Cycle
[2022-03-22T13:08:26.745+0000][35.553s] GC(6) Concurrent Clear Claimed Marks
[2022-03-22T13:08:26.745+0000][35.553s] GC(6) Concurrent Clear Claimed Marks 0.322ms
[2022-03-22T13:08:26.746+0000][35.553s] GC(6) Concurrent Scan Root Regions
[2022-03-22T13:08:26.772+0000][35.580s] GC(6) Concurrent Scan Root Regions 26.126ms
[2022-03-22T13:08:26.782+0000][35.590s] GC(6) Concurrent Mark (35.590s)
[2022-03-22T13:08:26.782+0000][35.590s] GC(6) Concurrent Mark From Roots
[2022-03-22T13:08:26.782+0000][35.590s] GC(6) Using 1 workers of 1 for marking
[2022-03-22T13:08:27.044+0000][35.852s] GC(6) Concurrent Mark From Roots 262.357ms
[2022-03-22T13:08:27.045+0000][35.853s] GC(6) Concurrent Preclean
[2022-03-22T13:08:27.045+0000][35.853s] GC(6) Concurrent Preclean 0.528ms
[2022-03-22T13:08:27.046+0000][35.854s] GC(6) Concurrent Mark (35.590s, 35.854s) 264.347ms
[2022-03-22T13:08:27.046+0000][35.854s] GC(6) Pause Remark
[2022-03-22T13:08:27.113+0000][35.921s] GC(6) Cleaned string and symbol table, strings: 9360 processed, 26 removed, symbols: 59685 processed, 31 removed
[2022-03-22T13:08:27.122+0000][35.930s] GC(6) Pause Remark 26M->26M(512M) 75.282ms
[2022-03-22T13:08:27.123+0000][35.931s] GC(6) User=0.03s Sys=0.00s Real=0.08s
[2022-03-22T13:08:27.124+0000][35.932s] GC(6) Concurrent Rebuild Remembered Sets
[2022-03-22T13:08:27.348+0000][36.156s] GC(6) Concurrent Rebuild Remembered Sets 223.824ms
[2022-03-22T13:08:27.397+0000][36.205s] GC(6) Pause Cleanup
[2022-03-22T13:08:27.410+0000][36.218s] GC(6) Pause Cleanup 28M->28M(512M) 13.225ms
[2022-03-22T13:08:27.411+0000][36.219s] GC(6) User=0.00s Sys=0.00s Real=0.01s
[2022-03-22T13:08:27.411+0000][36.219s] GC(6) Concurrent Cleanup for Next Mark
[2022-03-22T13:08:27.415+0000][36.223s] GC(6) Concurrent Cleanup for Next Mark 4.118ms
[2022-03-22T13:08:27.420+0000][36.228s] GC(6) Concurrent Cycle 675.749ms
[2022-03-22T13:08:35.274+0000][44.082s] GC(7) Pause Young (Concurrent Start) (G1 Evacuation Pause)
[2022-03-22T13:08:35.275+0000][44.083s] GC(7) Using 4 workers of 4 for evacuation
[2022-03-22T13:08:35.472+0000][44.280s] GC(7)   Pre Evacuate Collection Set: 0.1ms
[2022-03-22T13:08:35.477+0000][44.285s] GC(7)   Evacuate Collection Set: 187.7ms
[2022-03-22T13:08:35.477+0000][44.285s] GC(7)   Post Evacuate Collection Set: 0.5ms
[2022-03-22T13:08:35.477+0000][44.285s] GC(7)   Other: 9.9ms
[2022-03-22T13:08:35.478+0000][44.286s] GC(7) Eden regions: 30->0(40)
[2022-03-22T13:08:35.478+0000][44.286s] GC(7) Survivor regions: 1->1(4)
[2022-03-22T13:08:35.478+0000][44.286s] GC(7) Old regions: 22->22
[2022-03-22T13:08:35.478+0000][44.286s] GC(7) Humongous regions: 4->4
[2022-03-22T13:08:35.478+0000][44.286s] GC(7) Metaspace: 23891K->23891K(1071104K)
[2022-03-22T13:08:35.479+0000][44.287s] GC(7) Pause Young (Concurrent Start) (G1 Evacuation Pause) 54M->24M(512M) 204.914ms
[2022-03-22T13:08:35.479+0000][44.287s] GC(7) User=0.10s Sys=0.01s Real=0.21s
[2022-03-22T13:08:35.479+0000][44.287s] GC(8) Concurrent Cycle
[2022-03-22T13:08:35.480+0000][44.287s] GC(8) Concurrent Clear Claimed Marks
[2022-03-22T13:08:35.480+0000][44.288s] GC(8) Concurrent Clear Claimed Marks 0.313ms
[2022-03-22T13:08:35.480+0000][44.288s] GC(8) Concurrent Scan Root Regions
[2022-03-22T13:08:35.483+0000][44.291s] GC(8) Concurrent Scan Root Regions 3.152ms
[2022-03-22T13:08:35.501+0000][44.309s] GC(8) Concurrent Mark (44.309s)
[2022-03-22T13:08:35.502+0000][44.310s] GC(8) Concurrent Mark From Roots
[2022-03-22T13:08:35.502+0000][44.310s] GC(8) Using 1 workers of 1 for marking
[2022-03-22T13:08:35.831+0000][44.639s] GC(8) Concurrent Mark From Roots 328.756ms
[2022-03-22T13:08:35.841+0000][44.649s] GC(8) Concurrent Preclean
[2022-03-22T13:08:35.843+0000][44.651s] GC(8) Concurrent Preclean 1.268ms
[2022-03-22T13:08:35.843+0000][44.651s] GC(8) Concurrent Mark (44.309s, 44.651s) 341.681ms
[2022-03-22T13:08:35.848+0000][44.656s] GC(8) Pause Remark
[2022-03-22T13:08:35.870+0000][44.678s] GC(8) Cleaned string and symbol table, strings: 10104 processed, 0 removed, symbols: 69872 processed, 7 removed
[2022-03-22T13:08:35.873+0000][44.681s] GC(8) Pause Remark 27M->27M(512M) 25.057ms
[2022-03-22T13:08:35.874+0000][44.682s] GC(8) User=0.02s Sys=0.00s Real=0.03s
[2022-03-22T13:08:35.879+0000][44.687s] GC(8) Concurrent Rebuild Remembered Sets
[2022-03-22T13:08:36.135+0000][44.943s] GC(8) Concurrent Rebuild Remembered Sets 256.270ms
[2022-03-22T13:08:36.147+0000][44.955s] GC(8) Pause Cleanup
[2022-03-22T13:08:36.150+0000][44.958s] GC(8) Pause Cleanup 28M->28M(512M) 3.406ms
[2022-03-22T13:08:36.150+0000][44.958s] GC(8) User=0.00s Sys=0.00s Real=0.00s
[2022-03-22T13:08:36.151+0000][44.959s] GC(8) Concurrent Cleanup for Next Mark
[2022-03-22T13:08:36.155+0000][44.962s] GC(8) Concurrent Cleanup for Next Mark 3.051ms
[2022-03-22T13:08:36.155+0000][44.963s] GC(8) Concurrent Cycle 675.648ms
[2022-03-22T13:08:48.255+0000][57.063s] GC(9) Pause Young (Normal) (G1 Evacuation Pause)
[2022-03-22T13:08:48.255+0000][57.063s] GC(9) Using 4 workers of 4 for evacuation
[2022-03-22T13:08:48.489+0000][57.297s] GC(9)   Pre Evacuate Collection Set: 0.0ms
[2022-03-22T13:08:48.492+0000][57.300s] GC(9)   Evacuate Collection Set: 143.7ms
[2022-03-22T13:08:48.492+0000][57.300s] GC(9)   Post Evacuate Collection Set: 86.8ms
[2022-03-22T13:08:48.502+0000][57.310s] GC(9)   Other: 3.5ms
[2022-03-22T13:08:48.504+0000][57.312s] GC(9) Eden regions: 40->0(42)
[2022-03-22T13:08:48.504+0000][57.312s] GC(9) Survivor regions: 1->4(6)
[2022-03-22T13:08:48.505+0000][57.313s] GC(9) Old regions: 22->22
[2022-03-22T13:08:48.505+0000][57.313s] GC(9) Humongous regions: 4->4
[2022-03-22T13:08:48.505+0000][57.313s] GC(9) Metaspace: 29941K->29941K(1077248K)
[2022-03-22T13:08:48.506+0000][57.314s] GC(9) Pause Young (Normal) (G1 Evacuation Pause) 64M->27M(512M) 250.861ms
[2022-03-22T13:08:48.506+0000][57.314s] GC(9) User=0.11s Sys=0.05s Real=0.25s
[2022-03-22T13:08:56.795+0000][65.603s] GC(10) Pause Young (Normal) (G1 Evacuation Pause)
[2022-03-22T13:08:56.795+0000][65.603s] GC(10) Using 4 workers of 4 for evacuation
[2022-03-22T13:08:56.964+0000][65.772s] GC(10)   Pre Evacuate Collection Set: 0.0ms
[2022-03-22T13:08:56.965+0000][65.773s] GC(10)   Evacuate Collection Set: 153.6ms
[2022-03-22T13:08:56.965+0000][65.773s] GC(10)   Post Evacuate Collection Set: 11.7ms
[2022-03-22T13:08:56.965+0000][65.773s] GC(10)   Other: 4.1ms
[2022-03-22T13:08:56.965+0000][65.773s] GC(10) Eden regions: 42->0(44)
[2022-03-22T13:08:56.965+0000][65.773s] GC(10) Survivor regions: 4->3(6)
[2022-03-22T13:08:56.966+0000][65.774s] GC(10) Old regions: 22->26
[2022-03-22T13:08:56.966+0000][65.774s] GC(10) Humongous regions: 4->4
[2022-03-22T13:08:56.966+0000][65.774s] GC(10) Metaspace: 33580K->33580K(1079296K)
[2022-03-22T13:08:56.966+0000][65.774s] GC(10) Pause Young (Normal) (G1 Evacuation Pause) 69M->30M(512M) 171.112ms
[2022-03-22T13:08:56.966+0000][65.774s] GC(10) User=0.11s Sys=0.04s Real=0.17s
[2022-03-22T14:08:49.601+0000][3658.409s] GC(11) Pause Young (Normal) (G1 Evacuation Pause)
[2022-03-22T14:08:49.602+0000][3658.410s] GC(11) Using 4 workers of 4 for evacuation
[2022-03-22T14:08:49.736+0000][3658.544s] GC(11)   Pre Evacuate Collection Set: 8.8ms
[2022-03-22T14:08:49.736+0000][3658.544s] GC(11)   Evacuate Collection Set: 116.1ms
[2022-03-22T14:08:49.737+0000][3658.545s] GC(11)   Post Evacuate Collection Set: 5.7ms
[2022-03-22T14:08:49.737+0000][3658.545s] GC(11)   Other: 5.1ms
[2022-03-22T14:08:49.737+0000][3658.545s] GC(11) Eden regions: 44->0(47)
[2022-03-22T14:08:49.738+0000][3658.545s] GC(11) Survivor regions: 3->5(6)
[2022-03-22T14:08:49.738+0000][3658.546s] GC(11) Old regions: 26->26
[2022-03-22T14:08:49.739+0000][3658.547s] GC(11) Humongous regions: 4->4
[2022-03-22T14:08:49.739+0000][3658.547s] GC(11) Metaspace: 36860K->36860K(1083392K)
[2022-03-22T14:08:49.740+0000][3658.548s] GC(11) Pause Young (Normal) (G1 Evacuation Pause) 74M->32M(512M) 138.856ms
[2022-03-22T14:08:49.740+0000][3658.548s] GC(11) User=0.48s Sys=0.01s Real=0.14s
[2022-03-23T04:15:56.629+0000][5473.027s] Heap
[2022-03-23T04:15:56.629+0000][5473.027s]  garbage-first heap   total 524288K, used 49633K [0x00000000e0000000, 0x0000000100000000)
[2022-03-23T04:15:56.630+0000][5473.028s]   region size 1024K, 22 young (22528K), 5 survivors (5120K)
[2022-03-23T04:15:56.630+0000][5473.028s]  Metaspace       used 37275K, capacity 38264K, committed 38400K, reserved 1083392K
[2022-03-23T04:15:56.631+0000][5473.029s]   class space    used 4374K, capacity 4800K, committed 4864K, reserved 1048576K
