[2022-03-22T11:01:45.108+0000][0.294s] Heap region size: 1M
[2022-03-22T11:01:47.914+0000][3.100s] Using G1
[2022-03-22T11:01:47.917+0000][3.103s] Heap address: 0x00000000e0000000, size: 512 MB, Compressed Oops mode: 32-bit
[2022-03-22T11:01:47.940+0000][3.126s] Mark closed archive regions in map: [0x00000000fff00000, 0x00000000fff63ff8]
[2022-03-22T11:01:47.953+0000][3.139s] Mark open archive regions in map: [0x00000000ffe00000, 0x00000000ffe41ff8]
[2022-03-22T11:02:00.465+0000][15.651s] GC(0) Pause Young (Normal) (G1 Evacuation Pause)
[2022-03-22T11:02:00.489+0000][15.675s] GC(0) Using 4 workers of 4 for evacuation
[2022-03-22T11:02:00.611+0000][15.797s] GC(0)   Pre Evacuate Collection Set: 0.0ms
[2022-03-22T11:02:00.612+0000][15.798s] GC(0)   Evacuate Collection Set: 98.4ms
[2022-03-22T11:02:00.612+0000][15.798s] GC(0)   Post Evacuate Collection Set: 22.4ms
[2022-03-22T11:02:00.613+0000][15.799s] GC(0)   Other: 24.6ms
[2022-03-22T11:02:00.614+0000][15.800s] GC(0) Eden regions: 25->0(119)
[2022-03-22T11:02:00.618+0000][15.804s] GC(0) Survivor regions: 0->3(4)
[2022-03-22T11:02:00.619+0000][15.805s] GC(0) Old regions: 2->2
[2022-03-22T11:02:00.620+0000][15.806s] GC(0) Humongous regions: 0->0
[2022-03-22T11:02:00.623+0000][15.809s] GC(0) Metaspace: 6836K->6836K(1056768K)
[2022-03-22T11:02:00.626+0000][15.812s] GC(0) Pause Young (Normal) (G1 Evacuation Pause) 25M->3M(512M) 160.206ms
[2022-03-22T11:02:00.626+0000][15.812s] GC(0) User=0.08s Sys=0.04s Real=0.16s
[2022-03-22T11:02:08.165+0000][23.350s] GC(1) Pause Young (Normal) (G1 Evacuation Pause)
[2022-03-22T11:02:08.184+0000][23.370s] GC(1) Using 4 workers of 4 for evacuation
[2022-03-22T11:02:08.609+0000][23.794s] GC(1) MMU target violated: 251.0ms (250.0ms/251.0ms)
[2022-03-22T11:02:08.616+0000][23.802s] GC(1)   Pre Evacuate Collection Set: 9.3ms
[2022-03-22T11:02:08.616+0000][23.802s] GC(1)   Evacuate Collection Set: 352.9ms
[2022-03-22T11:02:08.616+0000][23.802s] GC(1)   Post Evacuate Collection Set: 53.5ms
[2022-03-22T11:02:08.617+0000][23.803s] GC(1)   Other: 35.5ms
[2022-03-22T11:02:08.617+0000][23.803s] GC(1) Eden regions: 22->0(21)
[2022-03-22T11:02:08.617+0000][23.803s] GC(1) Survivor regions: 3->4(4)
[2022-03-22T11:02:08.618+0000][23.803s] GC(1) Old regions: 2->10
[2022-03-22T11:02:08.618+0000][23.804s] GC(1) Humongous regions: 4->4
[2022-03-22T11:02:08.618+0000][23.804s] GC(1) Metaspace: 12860K->12860K(1060864K)
[2022-03-22T11:02:08.618+0000][23.804s] GC(1) Pause Young (Normal) (G1 Evacuation Pause) 29M->15M(512M) 453.758ms
[2022-03-22T11:02:08.619+0000][23.805s] GC(1) User=0.42s Sys=0.04s Real=0.45s
[2022-03-22T11:02:14.461+0000][29.647s] GC(2) Pause Young (Normal) (G1 Evacuation Pause)
[2022-03-22T11:02:14.481+0000][29.667s] GC(2) Using 4 workers of 4 for evacuation
[2022-03-22T11:02:15.235+0000][30.420s] GC(2) MMU target violated: 251.0ms (250.0ms/251.0ms)
[2022-03-22T11:02:15.268+0000][30.454s] GC(2)   Pre Evacuate Collection Set: 0.0ms
[2022-03-22T11:02:15.318+0000][30.504s] GC(2)   Evacuate Collection Set: 649.6ms
[2022-03-22T11:02:15.350+0000][30.536s] GC(2)   Post Evacuate Collection Set: 75.4ms
[2022-03-22T11:02:15.366+0000][30.552s] GC(2)   Other: 82.1ms
[2022-03-22T11:02:15.388+0000][30.574s] GC(2) Eden regions: 21->0(21)
[2022-03-22T11:02:15.392+0000][30.578s] GC(2) Survivor regions: 4->4(4)
[2022-03-22T11:02:15.398+0000][30.584s] GC(2) Old regions: 10->15
[2022-03-22T11:02:15.414+0000][30.600s] GC(2) Humongous regions: 4->4
[2022-03-22T11:02:15.458+0000][30.644s] GC(2) Metaspace: 15734K->15734K(1062912K)
[2022-03-22T11:02:15.508+0000][30.694s] GC(2) Pause Young (Normal) (G1 Evacuation Pause) 36M->20M(512M) 1047.176ms
[2022-03-22T11:02:15.510+0000][30.696s] GC(2) User=0.50s Sys=0.13s Real=1.05s
[2022-03-22T11:02:19.559+0000][34.745s] GC(3) Pause Young (Normal) (G1 Evacuation Pause)
[2022-03-22T11:02:19.562+0000][34.748s] GC(3) Using 4 workers of 4 for evacuation
[2022-03-22T11:02:19.797+0000][34.983s] GC(3)   Pre Evacuate Collection Set: 0.2ms
[2022-03-22T11:02:19.798+0000][34.984s] GC(3)   Evacuate Collection Set: 189.5ms
[2022-03-22T11:02:19.798+0000][34.984s] GC(3)   Post Evacuate Collection Set: 13.6ms
[2022-03-22T11:02:19.799+0000][34.984s] GC(3)   Other: 35.3ms
[2022-03-22T11:02:19.799+0000][34.985s] GC(3) Eden regions: 21->0(21)
[2022-03-22T11:02:19.800+0000][34.986s] GC(3) Survivor regions: 4->4(4)
[2022-03-22T11:02:19.800+0000][34.986s] GC(3) Old regions: 15->19
[2022-03-22T11:02:19.804+0000][34.990s] GC(3) Humongous regions: 4->4
[2022-03-22T11:02:19.808+0000][34.994s] GC(3) Metaspace: 17439K->17439K(1064960K)
[2022-03-22T11:02:19.808+0000][34.994s] GC(3) Pause Young (Normal) (G1 Evacuation Pause) 41M->24M(512M) 249.453ms
[2022-03-22T11:02:19.809+0000][34.995s] GC(3) User=0.13s Sys=0.05s Real=0.25s
[2022-03-22T11:02:22.503+0000][37.689s] GC(4) Pause Young (Normal) (G1 Evacuation Pause)
[2022-03-22T11:02:22.507+0000][37.693s] GC(4) Using 4 workers of 4 for evacuation
[2022-03-22T11:02:22.600+0000][37.786s] GC(4)   Pre Evacuate Collection Set: 0.0ms
[2022-03-22T11:02:22.600+0000][37.786s] GC(4)   Evacuate Collection Set: 90.2ms
[2022-03-22T11:02:22.601+0000][37.787s] GC(4)   Post Evacuate Collection Set: 1.3ms
[2022-03-22T11:02:22.602+0000][37.787s] GC(4)   Other: 5.2ms
[2022-03-22T11:02:22.602+0000][37.788s] GC(4) Eden regions: 21->0(25)
[2022-03-22T11:02:22.602+0000][37.788s] GC(4) Survivor regions: 4->1(4)
[2022-03-22T11:02:22.602+0000][37.788s] GC(4) Old regions: 19->22
[2022-03-22T11:02:22.613+0000][37.799s] GC(4) Humongous regions: 4->4
[2022-03-22T11:02:22.613+0000][37.799s] GC(4) Metaspace: 19715K->19715K(1067008K)
[2022-03-22T11:02:22.616+0000][37.802s] GC(4) Pause Young (Normal) (G1 Evacuation Pause) 45M->24M(512M) 113.059ms
[2022-03-22T11:02:22.639+0000][37.825s] GC(4) User=0.05s Sys=0.01s Real=0.13s
[2022-03-22T11:02:22.980+0000][38.166s] GC(5) Pause Young (Concurrent Start) (Metadata GC Threshold)
[2022-03-22T11:02:22.983+0000][38.169s] GC(5) Using 4 workers of 4 for evacuation
[2022-03-22T11:02:23.009+0000][38.195s] GC(5)   Pre Evacuate Collection Set: 0.1ms
[2022-03-22T11:02:23.013+0000][38.199s] GC(5)   Evacuate Collection Set: 24.4ms
[2022-03-22T11:02:23.014+0000][38.200s] GC(5)   Post Evacuate Collection Set: 0.6ms
[2022-03-22T11:02:23.016+0000][38.202s] GC(5)   Other: 4.1ms
[2022-03-22T11:02:23.018+0000][38.204s] GC(5) Eden regions: 6->0(30)
[2022-03-22T11:02:23.019+0000][38.205s] GC(5) Survivor regions: 1->1(4)
[2022-03-22T11:02:23.019+0000][38.205s] GC(5) Old regions: 22->22
[2022-03-22T11:02:23.020+0000][38.206s] GC(5) Humongous regions: 4->4
[2022-03-22T11:02:23.020+0000][38.206s] GC(5) Metaspace: 20413K->20413K(1067008K)
[2022-03-22T11:02:23.021+0000][38.207s] GC(5) Pause Young (Concurrent Start) (Metadata GC Threshold) 30M->24M(512M) 40.347ms
[2022-03-22T11:02:23.023+0000][38.209s] GC(5) User=0.02s Sys=0.00s Real=0.05s
[2022-03-22T11:02:23.024+0000][38.210s] GC(6) Concurrent Cycle
[2022-03-22T11:02:23.026+0000][38.212s] GC(6) Concurrent Clear Claimed Marks
[2022-03-22T11:02:23.026+0000][38.212s] GC(6) Concurrent Clear Claimed Marks 0.470ms
[2022-03-22T11:02:23.027+0000][38.213s] GC(6) Concurrent Scan Root Regions
[2022-03-22T11:02:23.036+0000][38.222s] GC(6) Concurrent Scan Root Regions 9.560ms
[2022-03-22T11:02:23.037+0000][38.223s] GC(6) Concurrent Mark (38.223s)
[2022-03-22T11:02:23.037+0000][38.223s] GC(6) Concurrent Mark From Roots
[2022-03-22T11:02:23.041+0000][38.227s] GC(6) Using 1 workers of 1 for marking
[2022-03-22T11:02:23.497+0000][38.683s] GC(6) Concurrent Mark From Roots 459.157ms
[2022-03-22T11:02:23.498+0000][38.684s] GC(6) Concurrent Preclean
[2022-03-22T11:02:23.506+0000][38.692s] GC(6) Concurrent Preclean 8.166ms
[2022-03-22T11:02:23.507+0000][38.693s] GC(6) Concurrent Mark (38.223s, 38.693s) 469.871ms
[2022-03-22T11:02:23.525+0000][38.711s] GC(6) Pause Remark
[2022-03-22T11:02:23.582+0000][38.768s] GC(6) Cleaned string and symbol table, strings: 9382 processed, 26 removed, symbols: 62287 processed, 40 removed
[2022-03-22T11:02:23.582+0000][38.768s] GC(6) Pause Remark 28M->28M(512M) 56.788ms
[2022-03-22T11:02:23.583+0000][38.769s] GC(6) User=0.01s Sys=0.02s Real=0.06s
[2022-03-22T11:02:23.583+0000][38.769s] GC(6) Concurrent Rebuild Remembered Sets
[2022-03-22T11:02:23.769+0000][38.955s] GC(6) Concurrent Rebuild Remembered Sets 186.387ms
[2022-03-22T11:02:23.771+0000][38.957s] GC(6) Pause Cleanup
[2022-03-22T11:02:23.773+0000][38.959s] GC(6) Pause Cleanup 30M->30M(512M) 2.181ms
[2022-03-22T11:02:23.778+0000][38.964s] GC(6) User=0.00s Sys=0.00s Real=0.01s
[2022-03-22T11:02:23.795+0000][38.980s] GC(6) Concurrent Cleanup for Next Mark
[2022-03-22T11:02:23.799+0000][38.985s] GC(6) Concurrent Cleanup for Next Mark 4.487ms
[2022-03-22T11:02:23.804+0000][38.990s] GC(6) Concurrent Cycle 780.517ms
[2022-03-22T11:02:27.864+0000][43.050s] GC(7) Pause Young (Concurrent Start) (G1 Evacuation Pause)
[2022-03-22T11:02:27.872+0000][43.058s] GC(7) Using 4 workers of 4 for evacuation
[2022-03-22T11:02:27.957+0000][43.143s] GC(7)   Pre Evacuate Collection Set: 0.1ms
[2022-03-22T11:02:27.957+0000][43.143s] GC(7)   Evacuate Collection Set: 83.5ms
[2022-03-22T11:02:27.959+0000][43.144s] GC(7)   Post Evacuate Collection Set: 0.5ms
[2022-03-22T11:02:27.959+0000][43.145s] GC(7)   Other: 8.9ms
[2022-03-22T11:02:27.959+0000][43.145s] GC(7) Eden regions: 30->0(39)
[2022-03-22T11:02:27.959+0000][43.145s] GC(7) Survivor regions: 1->1(4)
[2022-03-22T11:02:27.983+0000][43.169s] GC(7) Old regions: 22->22
[2022-03-22T11:02:27.984+0000][43.170s] GC(7) Humongous regions: 4->4
[2022-03-22T11:02:27.985+0000][43.171s] GC(7) Metaspace: 23929K->23929K(1071104K)
[2022-03-22T11:02:27.985+0000][43.171s] GC(7) Pause Young (Concurrent Start) (G1 Evacuation Pause) 54M->25M(512M) 121.240ms
[2022-03-22T11:02:27.985+0000][43.171s] GC(7) User=0.05s Sys=0.01s Real=0.12s
[2022-03-22T11:02:27.986+0000][43.172s] GC(8) Concurrent Cycle
[2022-03-22T11:02:27.986+0000][43.172s] GC(8) Concurrent Clear Claimed Marks
[2022-03-22T11:02:27.986+0000][43.172s] GC(8) Concurrent Clear Claimed Marks 0.299ms
[2022-03-22T11:02:27.986+0000][43.172s] GC(8) Concurrent Scan Root Regions
[2022-03-22T11:02:27.988+0000][43.174s] GC(8) Concurrent Scan Root Regions 1.850ms
[2022-03-22T11:02:27.989+0000][43.175s] GC(8) Concurrent Mark (43.174s)
[2022-03-22T11:02:27.989+0000][43.175s] GC(8) Concurrent Mark From Roots
[2022-03-22T11:02:27.989+0000][43.175s] GC(8) Using 1 workers of 1 for marking
[2022-03-22T11:02:28.434+0000][43.620s] GC(8) Concurrent Mark From Roots 445.209ms
[2022-03-22T11:02:28.438+0000][43.624s] GC(8) Concurrent Preclean
[2022-03-22T11:02:28.439+0000][43.625s] GC(8) Concurrent Preclean 0.560ms
[2022-03-22T11:02:28.439+0000][43.625s] GC(8) Concurrent Mark (43.174s, 43.625s) 450.837ms
[2022-03-22T11:02:28.445+0000][43.631s] GC(8) Pause Remark
[2022-03-22T11:02:28.476+0000][43.662s] GC(8) Cleaned string and symbol table, strings: 10172 processed, 0 removed, symbols: 70373 processed, 9 removed
[2022-03-22T11:02:28.476+0000][43.662s] GC(8) Pause Remark 28M->28M(512M) 31.911ms
[2022-03-22T11:02:28.477+0000][43.663s] GC(8) User=0.01s Sys=0.00s Real=0.03s
[2022-03-22T11:02:28.477+0000][43.663s] GC(8) Concurrent Rebuild Remembered Sets
[2022-03-22T11:02:28.677+0000][43.863s] GC(8) Concurrent Rebuild Remembered Sets 199.905ms
[2022-03-22T11:02:28.697+0000][43.883s] GC(8) Pause Cleanup
[2022-03-22T11:02:28.728+0000][43.913s] GC(8) Pause Cleanup 29M->29M(512M) 30.275ms
[2022-03-22T11:02:28.728+0000][43.914s] GC(8) User=0.00s Sys=0.00s Real=0.03s
[2022-03-22T11:02:28.728+0000][43.914s] GC(8) Concurrent Cleanup for Next Mark
[2022-03-22T11:02:28.731+0000][43.917s] GC(8) Concurrent Cleanup for Next Mark 3.085ms
[2022-03-22T11:02:28.732+0000][43.918s] GC(8) Concurrent Cycle 746.210ms
[2022-03-22T11:02:38.902+0000][54.088s] GC(9) Pause Young (Normal) (G1 Evacuation Pause)
[2022-03-22T11:02:38.917+0000][54.103s] GC(9) Using 4 workers of 4 for evacuation
[2022-03-22T11:02:39.135+0000][54.321s] GC(9)   Pre Evacuate Collection Set: 0.1ms
[2022-03-22T11:02:39.145+0000][54.331s] GC(9)   Evacuate Collection Set: 200.9ms
[2022-03-22T11:02:39.160+0000][54.346s] GC(9)   Post Evacuate Collection Set: 6.4ms
[2022-03-22T11:02:39.166+0000][54.352s] GC(9)   Other: 26.3ms
[2022-03-22T11:02:39.173+0000][54.359s] GC(9) Eden regions: 39->0(41)
[2022-03-22T11:02:39.173+0000][54.359s] GC(9) Survivor regions: 1->4(5)
[2022-03-22T11:02:39.174+0000][54.360s] GC(9) Old regions: 22->22
[2022-03-22T11:02:39.174+0000][54.360s] GC(9) Humongous regions: 4->4
[2022-03-22T11:02:39.175+0000][54.361s] GC(9) Metaspace: 29960K->29960K(1077248K)
[2022-03-22T11:02:39.177+0000][54.363s] GC(9) Pause Young (Normal) (G1 Evacuation Pause) 64M->28M(512M) 275.471ms
[2022-03-22T11:02:39.178+0000][54.364s] GC(9) User=0.12s Sys=0.07s Real=0.28s
[2022-03-22T11:02:46.869+0000][62.055s] GC(10) Pause Young (Normal) (G1 Evacuation Pause)
[2022-03-22T11:02:46.873+0000][62.059s] GC(10) Using 4 workers of 4 for evacuation
[2022-03-22T11:02:47.268+0000][62.454s] GC(10) MMU target violated: 251.0ms (250.0ms/251.0ms)
[2022-03-22T11:02:47.269+0000][62.455s] GC(10)   Pre Evacuate Collection Set: 0.0ms
[2022-03-22T11:02:47.269+0000][62.455s] GC(10)   Evacuate Collection Set: 358.2ms
[2022-03-22T11:02:47.269+0000][62.455s] GC(10)   Post Evacuate Collection Set: 36.4ms
[2022-03-22T11:02:47.269+0000][62.455s] GC(10)   Other: 4.8ms
[2022-03-22T11:02:47.270+0000][62.456s] GC(10) Eden regions: 41->0(22)
[2022-03-22T11:02:47.270+0000][62.456s] GC(10) Survivor regions: 4->3(6)
[2022-03-22T11:02:47.270+0000][62.456s] GC(10) Old regions: 22->26
[2022-03-22T11:02:47.270+0000][62.456s] GC(10) Humongous regions: 4->4
[2022-03-22T11:02:47.271+0000][62.456s] GC(10) Metaspace: 33276K->33276K(1079296K)
[2022-03-22T11:02:47.271+0000][62.457s] GC(10) Pause Young (Normal) (G1 Evacuation Pause) 69M->30M(512M) 401.559ms
[2022-03-22T11:02:47.271+0000][62.457s] GC(10) User=0.32s Sys=0.01s Real=0.40s
[2022-03-22T11:07:45.324+0000][360.510s] GC(11) Pause Young (Normal) (G1 Evacuation Pause)
[2022-03-22T11:07:45.324+0000][360.510s] GC(11) Using 4 workers of 4 for evacuation
[2022-03-22T11:07:45.339+0000][360.525s] GC(11)   Pre Evacuate Collection Set: 0.1ms
[2022-03-22T11:07:45.340+0000][360.525s] GC(11)   Evacuate Collection Set: 13.3ms
[2022-03-22T11:07:45.340+0000][360.526s] GC(11)   Post Evacuate Collection Set: 1.0ms
[2022-03-22T11:07:45.340+0000][360.526s] GC(11)   Other: 1.0ms
[2022-03-22T11:07:45.341+0000][360.527s] GC(11) Eden regions: 22->0(23)
[2022-03-22T11:07:45.341+0000][360.527s] GC(11) Survivor regions: 3->2(4)
[2022-03-22T11:07:45.341+0000][360.527s] GC(11) Old regions: 26->29
[2022-03-22T11:07:45.342+0000][360.528s] GC(11) Humongous regions: 4->4
[2022-03-22T11:07:45.342+0000][360.528s] GC(11) Metaspace: 36114K->36114K(1081344K)
[2022-03-22T11:07:45.343+0000][360.529s] GC(11) Pause Young (Normal) (G1 Evacuation Pause) 52M->32M(512M) 18.779ms
[2022-03-22T11:07:45.343+0000][360.529s] GC(11) User=0.05s Sys=0.00s Real=0.02s
[2022-03-22T12:10:52.573+0000][4147.758s] GC(12) Pause Young (Normal) (G1 Evacuation Pause)
[2022-03-22T12:10:52.574+0000][4147.760s] GC(12) Using 4 workers of 4 for evacuation
[2022-03-22T12:10:52.931+0000][4148.117s] GC(12) MMU target violated: 251.0ms (250.0ms/251.0ms)
[2022-03-22T12:10:52.933+0000][4148.119s] GC(12)   Pre Evacuate Collection Set: 51.7ms
[2022-03-22T12:10:52.933+0000][4148.119s] GC(12)   Evacuate Collection Set: 297.1ms
[2022-03-22T12:10:52.934+0000][4148.120s] GC(12)   Post Evacuate Collection Set: 5.0ms
[2022-03-22T12:10:52.936+0000][4148.121s] GC(12)   Other: 10.8ms
[2022-03-22T12:10:52.936+0000][4148.122s] GC(12) Eden regions: 23->0(23)
[2022-03-22T12:10:52.937+0000][4148.123s] GC(12) Survivor regions: 2->2(4)
[2022-03-22T12:10:52.938+0000][4148.124s] GC(12) Old regions: 29->29
[2022-03-22T12:10:52.940+0000][4148.126s] GC(12) Humongous regions: 4->4
[2022-03-22T12:10:52.944+0000][4148.130s] GC(12) Metaspace: 36642K->36642K(1083392K)
[2022-03-22T12:10:52.949+0000][4148.135s] GC(12) Pause Young (Normal) (G1 Evacuation Pause) 55M->32M(512M) 375.889ms
[2022-03-22T12:10:52.950+0000][4148.136s] GC(12) User=0.32s Sys=0.02s Real=0.37s
[2022-03-22T12:10:57.243+0000][4152.429s] Heap
[2022-03-22T12:10:57.243+0000][4152.429s]  garbage-first heap   total 524288K, used 49775K [0x00000000e0000000, 0x0000000100000000)
[2022-03-22T12:10:57.244+0000][4152.430s]   region size 1024K, 20 young (20480K), 2 survivors (2048K)
[2022-03-22T12:10:57.244+0000][4152.430s]  Metaspace       used 38080K, capacity 39202K, committed 39496K, reserved 1083392K
[2022-03-22T12:10:57.244+0000][4152.430s]   class space    used 4455K, capacity 4904K, committed 4992K, reserved 1048576K
