[2022-03-23T08:28:23.881+0000][0.379s] Heap region size: 1M
[2022-03-23T08:28:26.928+0000][3.426s] Using G1
[2022-03-23T08:28:26.950+0000][3.448s] Heap address: 0x00000000e0000000, size: 512 MB, Compressed Oops mode: 32-bit
[2022-03-23T08:28:27.085+0000][3.583s] Mark closed archive regions in map: [0x00000000fff00000, 0x00000000fff63ff8]
[2022-03-23T08:28:27.173+0000][3.671s] Mark open archive regions in map: [0x00000000ffe00000, 0x00000000ffe41ff8]
[2022-03-23T08:28:39.833+0000][16.331s] GC(0) Pause Young (Normal) (G1 Evacuation Pause)
[2022-03-23T08:28:39.858+0000][16.357s] GC(0) Using 4 workers of 4 for evacuation
[2022-03-23T08:28:40.026+0000][16.525s] GC(0)   Pre Evacuate Collection Set: 0.2ms
[2022-03-23T08:28:40.037+0000][16.535s] GC(0)   Evacuate Collection Set: 156.9ms
[2022-03-23T08:28:40.038+0000][16.537s] GC(0)   Post Evacuate Collection Set: 5.2ms
[2022-03-23T08:28:40.040+0000][16.538s] GC(0)   Other: 35.4ms
[2022-03-23T08:28:40.041+0000][16.539s] GC(0) Eden regions: 25->0(23)
[2022-03-23T08:28:40.069+0000][16.567s] GC(0) Survivor regions: 0->3(4)
[2022-03-23T08:28:40.085+0000][16.583s] GC(0) Old regions: 2->2
[2022-03-23T08:28:40.101+0000][16.599s] GC(0) Humongous regions: 0->0
[2022-03-23T08:28:40.101+0000][16.600s] GC(0) Metaspace: 6794K->6794K(1056768K)
[2022-03-23T08:28:40.102+0000][16.600s] GC(0) Pause Young (Normal) (G1 Evacuation Pause) 25M->3M(512M) 268.588ms
[2022-03-23T08:28:40.102+0000][16.600s] GC(0) User=0.11s Sys=0.04s Real=0.26s
[2022-03-23T08:28:47.807+0000][24.306s] GC(1) Pause Young (Normal) (G1 Evacuation Pause)
[2022-03-23T08:28:47.823+0000][24.321s] GC(1) Using 4 workers of 4 for evacuation
[2022-03-23T08:28:48.192+0000][24.691s] GC(1) MMU target violated: 251.0ms (250.0ms/251.0ms)
[2022-03-23T08:28:48.213+0000][24.712s] GC(1)   Pre Evacuate Collection Set: 0.0ms
[2022-03-23T08:28:48.230+0000][24.728s] GC(1)   Evacuate Collection Set: 338.1ms
[2022-03-23T08:28:48.251+0000][24.750s] GC(1)   Post Evacuate Collection Set: 15.4ms
[2022-03-23T08:28:48.262+0000][24.760s] GC(1)   Other: 52.6ms
[2022-03-23T08:28:48.278+0000][24.776s] GC(1) Eden regions: 22->0(21)
[2022-03-23T08:28:48.310+0000][24.808s] GC(1) Survivor regions: 3->4(4)
[2022-03-23T08:28:48.342+0000][24.840s] GC(1) Old regions: 2->10
[2022-03-23T08:28:48.358+0000][24.856s] GC(1) Humongous regions: 4->4
[2022-03-23T08:28:48.374+0000][24.872s] GC(1) Metaspace: 12659K->12659K(1060864K)
[2022-03-23T08:28:48.390+0000][24.888s] GC(1) Pause Young (Normal) (G1 Evacuation Pause) 29M->15M(512M) 582.479ms
[2022-03-23T08:28:48.406+0000][24.904s] GC(1) User=0.26s Sys=0.01s Real=0.60s
[2022-03-23T08:28:55.633+0000][32.131s] GC(2) Pause Young (Normal) (G1 Evacuation Pause)
[2022-03-23T08:28:55.642+0000][32.140s] GC(2) Using 4 workers of 4 for evacuation
[2022-03-23T08:28:55.822+0000][32.321s] GC(2)   Pre Evacuate Collection Set: 0.1ms
[2022-03-23T08:28:55.824+0000][32.322s] GC(2)   Evacuate Collection Set: 153.3ms
[2022-03-23T08:28:55.824+0000][32.322s] GC(2)   Post Evacuate Collection Set: 10.4ms
[2022-03-23T08:28:55.824+0000][32.323s] GC(2)   Other: 25.8ms
[2022-03-23T08:28:55.825+0000][32.323s] GC(2) Eden regions: 21->0(22)
[2022-03-23T08:28:55.826+0000][32.324s] GC(2) Survivor regions: 4->4(4)
[2022-03-23T08:28:55.826+0000][32.324s] GC(2) Old regions: 10->14
[2022-03-23T08:28:55.826+0000][32.325s] GC(2) Humongous regions: 4->4
[2022-03-23T08:28:55.826+0000][32.325s] GC(2) Metaspace: 15732K->15732K(1062912K)
[2022-03-23T08:28:55.827+0000][32.325s] GC(2) Pause Young (Normal) (G1 Evacuation Pause) 36M->20M(512M) 194.347ms
[2022-03-23T08:28:55.827+0000][32.326s] GC(2) User=0.10s Sys=0.00s Real=0.19s
[2022-03-23T08:28:58.739+0000][35.238s] GC(3) Pause Young (Normal) (G1 Evacuation Pause)
[2022-03-23T08:28:58.742+0000][35.240s] GC(3) Using 4 workers of 4 for evacuation
[2022-03-23T08:28:58.910+0000][35.409s] GC(3)   Pre Evacuate Collection Set: 0.0ms
[2022-03-23T08:28:58.911+0000][35.409s] GC(3)   Evacuate Collection Set: 80.0ms
[2022-03-23T08:28:58.911+0000][35.409s] GC(3)   Post Evacuate Collection Set: 88.0ms
[2022-03-23T08:28:58.911+0000][35.410s] GC(3)   Other: 2.8ms
[2022-03-23T08:28:58.912+0000][35.410s] GC(3) Eden regions: 22->0(27)
[2022-03-23T08:28:58.912+0000][35.410s] GC(3) Survivor regions: 4->4(4)
[2022-03-23T08:28:58.927+0000][35.425s] GC(3) Old regions: 14->18
[2022-03-23T08:28:58.928+0000][35.427s] GC(3) Humongous regions: 4->4
[2022-03-23T08:28:58.929+0000][35.427s] GC(3) Metaspace: 17404K->17404K(1064960K)
[2022-03-23T08:28:58.929+0000][35.427s] GC(3) Pause Young (Normal) (G1 Evacuation Pause) 42M->24M(512M) 189.366ms
[2022-03-23T08:28:58.930+0000][35.428s] GC(3) User=0.15s Sys=0.02s Real=0.19s
[2022-03-23T08:29:01.416+0000][37.914s] GC(4) Pause Young (Concurrent Start) (Metadata GC Threshold)
[2022-03-23T08:29:01.421+0000][37.919s] GC(4) Using 4 workers of 4 for evacuation
[2022-03-23T08:29:01.544+0000][38.042s] GC(4)   Pre Evacuate Collection Set: 0.1ms
[2022-03-23T08:29:01.544+0000][38.042s] GC(4)   Evacuate Collection Set: 105.3ms
[2022-03-23T08:29:01.544+0000][38.043s] GC(4)   Post Evacuate Collection Set: 0.6ms
[2022-03-23T08:29:01.545+0000][38.043s] GC(4)   Other: 21.9ms
[2022-03-23T08:29:01.545+0000][38.043s] GC(4) Eden regions: 27->0(41)
[2022-03-23T08:29:01.545+0000][38.044s] GC(4) Survivor regions: 4->1(4)
[2022-03-23T08:29:01.545+0000][38.044s] GC(4) Old regions: 18->22
[2022-03-23T08:29:01.546+0000][38.044s] GC(4) Humongous regions: 4->4
[2022-03-23T08:29:01.546+0000][38.045s] GC(4) Metaspace: 20426K->20426K(1067008K)
[2022-03-23T08:29:01.548+0000][38.047s] GC(4) Pause Young (Concurrent Start) (Metadata GC Threshold) 50M->24M(512M) 132.669ms
[2022-03-23T08:29:01.549+0000][38.047s] GC(4) User=0.09s Sys=0.00s Real=0.13s
[2022-03-23T08:29:01.550+0000][38.048s] GC(5) Concurrent Cycle
[2022-03-23T08:29:01.553+0000][38.051s] GC(5) Concurrent Clear Claimed Marks
[2022-03-23T08:29:01.564+0000][38.063s] GC(5) Concurrent Clear Claimed Marks 11.639ms
[2022-03-23T08:29:01.565+0000][38.063s] GC(5) Concurrent Scan Root Regions
[2022-03-23T08:29:01.580+0000][38.078s] GC(5) Concurrent Scan Root Regions 15.094ms
[2022-03-23T08:29:01.580+0000][38.078s] GC(5) Concurrent Mark (38.078s)
[2022-03-23T08:29:01.580+0000][38.079s] GC(5) Concurrent Mark From Roots
[2022-03-23T08:29:01.581+0000][38.079s] GC(5) Using 1 workers of 1 for marking
[2022-03-23T08:29:01.868+0000][38.367s] GC(5) Concurrent Mark From Roots 287.951ms
[2022-03-23T08:29:01.877+0000][38.375s] GC(5) Concurrent Preclean
[2022-03-23T08:29:01.885+0000][38.383s] GC(5) Concurrent Preclean 7.868ms
[2022-03-23T08:29:01.885+0000][38.383s] GC(5) Concurrent Mark (38.078s, 38.383s) 305.017ms
[2022-03-23T08:29:01.895+0000][38.394s] GC(5) Pause Remark
[2022-03-23T08:29:01.912+0000][38.411s] GC(5) Cleaned string and symbol table, strings: 9384 processed, 26 removed, symbols: 62275 processed, 30 removed
[2022-03-23T08:29:01.914+0000][38.413s] GC(5) Pause Remark 28M->28M(512M) 19.103ms
[2022-03-23T08:29:01.917+0000][38.415s] GC(5) User=0.02s Sys=0.00s Real=0.02s
[2022-03-23T08:29:01.918+0000][38.416s] GC(5) Concurrent Rebuild Remembered Sets
[2022-03-23T08:29:02.049+0000][38.547s] GC(5) Concurrent Rebuild Remembered Sets 130.974ms
[2022-03-23T08:29:02.082+0000][38.581s] GC(5) Pause Cleanup
[2022-03-23T08:29:02.083+0000][38.581s] GC(5) Pause Cleanup 30M->30M(512M) 0.644ms
[2022-03-23T08:29:02.083+0000][38.586s] GC(5) User=0.00s Sys=0.00s Real=0.00s
[2022-03-23T08:29:02.103+0000][38.602s] GC(5) Concurrent Cleanup for Next Mark
[2022-03-23T08:29:02.126+0000][38.624s] GC(5) Concurrent Cleanup for Next Mark 22.471ms
[2022-03-23T08:29:02.127+0000][38.625s] GC(5) Concurrent Cycle 577.210ms
[2022-03-23T08:29:09.924+0000][46.422s] GC(6) Pause Young (Concurrent Start) (G1 Evacuation Pause)
[2022-03-23T08:29:09.932+0000][46.430s] GC(6) Using 4 workers of 4 for evacuation
[2022-03-23T08:29:10.100+0000][46.599s] GC(6)   Pre Evacuate Collection Set: 0.1ms
[2022-03-23T08:29:10.103+0000][46.601s] GC(6)   Evacuate Collection Set: 155.2ms
[2022-03-23T08:29:10.103+0000][46.602s] GC(6)   Post Evacuate Collection Set: 0.4ms
[2022-03-23T08:29:10.115+0000][46.614s] GC(6)   Other: 20.7ms
[2022-03-23T08:29:10.118+0000][46.617s] GC(6) Eden regions: 41->0(44)
[2022-03-23T08:29:10.123+0000][46.622s] GC(6) Survivor regions: 1->2(6)
[2022-03-23T08:29:10.124+0000][46.622s] GC(6) Old regions: 22->22
[2022-03-23T08:29:10.124+0000][46.622s] GC(6) Humongous regions: 4->4
[2022-03-23T08:29:10.124+0000][46.622s] GC(6) Metaspace: 25154K->25154K(1073152K)
[2022-03-23T08:29:10.124+0000][46.623s] GC(6) Pause Young (Concurrent Start) (G1 Evacuation Pause) 65M->25M(512M) 200.459ms
[2022-03-23T08:29:10.125+0000][46.623s] GC(6) User=0.08s Sys=0.02s Real=0.20s
[2022-03-23T08:29:10.125+0000][46.623s] GC(7) Concurrent Cycle
[2022-03-23T08:29:10.125+0000][46.623s] GC(7) Concurrent Clear Claimed Marks
[2022-03-23T08:29:10.125+0000][46.624s] GC(7) Concurrent Clear Claimed Marks 0.308ms
[2022-03-23T08:29:10.126+0000][46.624s] GC(7) Concurrent Scan Root Regions
[2022-03-23T08:29:10.130+0000][46.628s] GC(7) Concurrent Scan Root Regions 3.902ms
[2022-03-23T08:29:10.140+0000][46.638s] GC(7) Concurrent Mark (46.638s)
[2022-03-23T08:29:10.172+0000][46.670s] GC(7) Concurrent Mark From Roots
[2022-03-23T08:29:10.173+0000][46.671s] GC(7) Using 1 workers of 1 for marking
[2022-03-23T08:29:10.626+0000][47.124s] GC(7) Concurrent Mark From Roots 454.283ms
[2022-03-23T08:29:10.627+0000][47.125s] GC(7) Concurrent Preclean
[2022-03-23T08:29:10.627+0000][47.125s] GC(7) Concurrent Preclean 0.435ms
[2022-03-23T08:29:10.627+0000][47.126s] GC(7) Concurrent Mark (46.638s, 47.126s) 487.809ms
[2022-03-23T08:29:10.642+0000][47.140s] GC(7) Pause Remark
[2022-03-23T08:29:10.668+0000][47.166s] GC(7) Cleaned string and symbol table, strings: 10561 processed, 0 removed, symbols: 73004 processed, 29 removed
[2022-03-23T08:29:10.672+0000][47.170s] GC(7) Pause Remark 26M->26M(512M) 29.607ms
[2022-03-23T08:29:10.682+0000][47.180s] GC(7) User=0.03s Sys=0.00s Real=0.03s
[2022-03-23T08:29:10.684+0000][47.182s] GC(7) Concurrent Rebuild Remembered Sets
[2022-03-23T08:29:10.906+0000][47.404s] GC(7) Concurrent Rebuild Remembered Sets 222.239ms
[2022-03-23T08:29:10.922+0000][47.420s] GC(7) Pause Cleanup
[2022-03-23T08:29:10.923+0000][47.421s] GC(7) Pause Cleanup 26M->26M(512M) 0.610ms
[2022-03-23T08:29:10.923+0000][47.421s] GC(7) User=0.00s Sys=0.00s Real=0.00s
[2022-03-23T08:29:10.923+0000][47.421s] GC(7) Concurrent Cleanup for Next Mark
[2022-03-23T08:29:10.936+0000][47.435s] GC(7) Concurrent Cleanup for Next Mark 12.907ms
[2022-03-23T08:29:10.957+0000][47.455s] GC(7) Concurrent Cycle 831.883ms
[2022-03-23T08:29:34.346+0000][70.845s] GC(8) Pause Young (Normal) (G1 Evacuation Pause)
[2022-03-23T08:29:34.347+0000][70.845s] GC(8) Using 4 workers of 4 for evacuation
[2022-03-23T08:29:34.543+0000][71.041s] GC(8)   Pre Evacuate Collection Set: 0.1ms
[2022-03-23T08:29:34.543+0000][71.041s] GC(8)   Evacuate Collection Set: 184.7ms
[2022-03-23T08:29:34.548+0000][71.046s] GC(8)   Post Evacuate Collection Set: 10.7ms
[2022-03-23T08:29:34.554+0000][71.052s] GC(8)   Other: 0.8ms
[2022-03-23T08:29:34.555+0000][71.053s] GC(8) Eden regions: 45->0(255)
[2022-03-23T08:29:34.555+0000][71.054s] GC(8) Survivor regions: 2->5(6)
[2022-03-23T08:29:34.556+0000][71.054s] GC(8) Old regions: 22->22
[2022-03-23T08:29:34.556+0000][71.054s] GC(8) Humongous regions: 4->4
[2022-03-23T08:29:34.556+0000][71.054s] GC(8) Metaspace: 31424K->31424K(1077248K)
[2022-03-23T08:29:34.556+0000][71.055s] GC(8) Pause Young (Normal) (G1 Evacuation Pause) 70M->28M(512M) 210.007ms
[2022-03-23T08:29:34.557+0000][71.055s] GC(8) User=0.16s Sys=0.01s Real=0.21s
[2022-03-23T09:07:19.603+0000][2336.102s] Heap
[2022-03-23T09:07:19.604+0000][2336.102s]  garbage-first heap   total 524288K, used 123940K [0x00000000e0000000, 0x0000000100000000)
[2022-03-23T09:07:19.604+0000][2336.103s]   region size 1024K, 99 young (101376K), 5 survivors (5120K)
[2022-03-23T09:07:19.604+0000][2336.103s]  Metaspace       used 37946K, capacity 39064K, committed 39240K, reserved 1083392K
[2022-03-23T09:07:19.605+0000][2336.103s]   class space    used 4453K, capacity 4902K, committed 4992K, reserved 1048576K
