[2022-03-17T09:15:23.465+0000][0.463s] Heap region size: 1M
[2022-03-17T09:15:26.752+0000][3.751s] Using G1
[2022-03-17T09:15:26.773+0000][3.772s] Heap address: 0x00000000e0000000, size: 512 MB, Compressed Oops mode: 32-bit
[2022-03-17T09:15:26.782+0000][3.780s] Mark closed archive regions in map: [0x00000000fff00000, 0x00000000fff63ff8]
[2022-03-17T09:15:26.784+0000][3.782s] Mark open archive regions in map: [0x00000000ffe00000, 0x00000000ffe41ff8]
[2022-03-17T09:15:35.860+0000][12.859s] GC(0) Pause Young (Normal) (G1 Evacuation Pause)
[2022-03-17T09:15:35.873+0000][12.872s] GC(0) Using 4 workers of 4 for evacuation
[2022-03-17T09:15:36.019+0000][13.018s] GC(0)   Pre Evacuate Collection Set: 0.1ms
[2022-03-17T09:15:36.021+0000][13.020s] GC(0)   Evacuate Collection Set: 103.5ms
[2022-03-17T09:15:36.022+0000][13.021s] GC(0)   Post Evacuate Collection Set: 41.4ms
[2022-03-17T09:15:36.023+0000][13.021s] GC(0)   Other: 14.0ms
[2022-03-17T09:15:36.023+0000][13.021s] GC(0) Eden regions: 25->0(188)
[2022-03-17T09:15:36.023+0000][13.021s] GC(0) Survivor regions: 0->3(4)
[2022-03-17T09:15:36.023+0000][13.022s] GC(0) Old regions: 2->2
[2022-03-17T09:15:36.023+0000][13.022s] GC(0) Humongous regions: 0->0
[2022-03-17T09:15:36.023+0000][13.022s] GC(0) Metaspace: 6789K->6789K(1056768K)
[2022-03-17T09:15:36.024+0000][13.022s] GC(0) Pause Young (Normal) (G1 Evacuation Pause) 25M->3M(512M) 163.822ms
[2022-03-17T09:15:36.024+0000][13.023s] GC(0) User=0.08s Sys=0.02s Real=0.16s
[2022-03-17T09:15:41.192+0000][18.190s] GC(1) Pause Young (Normal) (G1 Evacuation Pause)
[2022-03-17T09:15:41.203+0000][18.202s] GC(1) Using 4 workers of 4 for evacuation
[2022-03-17T09:15:41.571+0000][18.570s] GC(1) MMU target violated: 251.0ms (250.0ms/251.0ms)
[2022-03-17T09:15:41.572+0000][18.570s] GC(1)   Pre Evacuate Collection Set: 0.0ms
[2022-03-17T09:15:41.572+0000][18.571s] GC(1)   Evacuate Collection Set: 367.0ms
[2022-03-17T09:15:41.572+0000][18.571s] GC(1)   Post Evacuate Collection Set: 0.8ms
[2022-03-17T09:15:41.573+0000][18.571s] GC(1)   Other: 12.1ms
[2022-03-17T09:15:41.573+0000][18.572s] GC(1) Eden regions: 22->0(21)
[2022-03-17T09:15:41.573+0000][18.572s] GC(1) Survivor regions: 3->4(4)
[2022-03-17T09:15:41.573+0000][18.572s] GC(1) Old regions: 2->10
[2022-03-17T09:15:41.574+0000][18.572s] GC(1) Humongous regions: 4->4
[2022-03-17T09:15:41.578+0000][18.577s] GC(1) Metaspace: 12724K->12724K(1060864K)
[2022-03-17T09:15:41.585+0000][18.583s] GC(1) Pause Young (Normal) (G1 Evacuation Pause) 29M->15M(512M) 392.747ms
[2022-03-17T09:15:41.585+0000][18.584s] GC(1) User=0.28s Sys=0.00s Real=0.40s
[2022-03-17T09:15:45.758+0000][22.757s] GC(2) Pause Young (Normal) (G1 Evacuation Pause)
[2022-03-17T09:15:45.767+0000][22.766s] GC(2) Using 4 workers of 4 for evacuation
[2022-03-17T09:15:46.051+0000][23.050s] GC(2) MMU target violated: 251.0ms (250.0ms/251.0ms)
[2022-03-17T09:15:46.052+0000][23.050s] GC(2)   Pre Evacuate Collection Set: 0.0ms
[2022-03-17T09:15:46.052+0000][23.051s] GC(2)   Evacuate Collection Set: 230.5ms
[2022-03-17T09:15:46.052+0000][23.051s] GC(2)   Post Evacuate Collection Set: 48.7ms
[2022-03-17T09:15:46.052+0000][23.051s] GC(2)   Other: 14.6ms
[2022-03-17T09:15:46.053+0000][23.052s] GC(2) Eden regions: 21->0(21)
[2022-03-17T09:15:46.055+0000][23.053s] GC(2) Survivor regions: 4->4(4)
[2022-03-17T09:15:46.068+0000][23.066s] GC(2) Old regions: 10->14
[2022-03-17T09:15:46.068+0000][23.067s] GC(2) Humongous regions: 4->4
[2022-03-17T09:15:46.068+0000][23.067s] GC(2) Metaspace: 15756K->15756K(1062912K)
[2022-03-17T09:15:46.072+0000][23.071s] GC(2) Pause Young (Normal) (G1 Evacuation Pause) 36M->20M(512M) 314.528ms
[2022-03-17T09:15:46.080+0000][23.079s] GC(2) User=0.14s Sys=0.02s Real=0.32s
[2022-03-17T09:15:47.929+0000][24.928s] GC(3) Pause Young (Normal) (G1 Evacuation Pause)
[2022-03-17T09:15:47.935+0000][24.933s] GC(3) Using 4 workers of 4 for evacuation
[2022-03-17T09:15:48.058+0000][25.057s] GC(3)   Pre Evacuate Collection Set: 0.1ms
[2022-03-17T09:15:48.058+0000][25.057s] GC(3)   Evacuate Collection Set: 105.1ms
[2022-03-17T09:15:48.059+0000][25.057s] GC(3)   Post Evacuate Collection Set: 17.3ms
[2022-03-17T09:15:48.059+0000][25.057s] GC(3)   Other: 6.3ms
[2022-03-17T09:15:48.059+0000][25.058s] GC(3) Eden regions: 21->0(27)
[2022-03-17T09:15:48.060+0000][25.059s] GC(3) Survivor regions: 4->4(4)
[2022-03-17T09:15:48.060+0000][25.059s] GC(3) Old regions: 14->18
[2022-03-17T09:15:48.061+0000][25.059s] GC(3) Humongous regions: 4->4
[2022-03-17T09:15:48.061+0000][25.059s] GC(3) Metaspace: 17403K->17403K(1064960K)
[2022-03-17T09:15:48.061+0000][25.060s] GC(3) Pause Young (Normal) (G1 Evacuation Pause) 41M->24M(512M) 131.785ms
[2022-03-17T09:15:48.061+0000][25.060s] GC(3) User=0.06s Sys=0.00s Real=0.13s
[2022-03-17T09:15:49.606+0000][26.604s] GC(4) Pause Young (Normal) (G1 Evacuation Pause)
[2022-03-17T09:15:49.609+0000][26.607s] GC(4) Using 4 workers of 4 for evacuation
[2022-03-17T09:15:49.659+0000][26.657s] GC(4)   Pre Evacuate Collection Set: 0.0ms
[2022-03-17T09:15:49.659+0000][26.658s] GC(4)   Evacuate Collection Set: 42.5ms
[2022-03-17T09:15:49.660+0000][26.659s] GC(4)   Post Evacuate Collection Set: 0.3ms
[2022-03-17T09:15:49.663+0000][26.661s] GC(4)   Other: 10.1ms
[2022-03-17T09:15:49.663+0000][26.662s] GC(4) Eden regions: 27->0(41)
[2022-03-17T09:15:49.664+0000][26.662s] GC(4) Survivor regions: 4->1(4)
[2022-03-17T09:15:49.664+0000][26.662s] GC(4) Old regions: 18->22
[2022-03-17T09:15:49.664+0000][26.663s] GC(4) Humongous regions: 4->4
[2022-03-17T09:15:49.664+0000][26.663s] GC(4) Metaspace: 20451K->20451K(1067008K)
[2022-03-17T09:15:49.664+0000][26.663s] GC(4) Pause Young (Normal) (G1 Evacuation Pause) 51M->24M(512M) 58.744ms
[2022-03-17T09:15:49.665+0000][26.663s] GC(4) User=0.03s Sys=0.00s Real=0.05s
[2022-03-17T09:15:49.670+0000][26.669s] GC(5) Pause Young (Concurrent Start) (Metadata GC Threshold)
[2022-03-17T09:15:49.677+0000][26.675s] GC(5) Using 4 workers of 4 for evacuation
[2022-03-17T09:15:49.710+0000][26.709s] GC(5)   Pre Evacuate Collection Set: 0.1ms
[2022-03-17T09:15:49.711+0000][26.709s] GC(5)   Evacuate Collection Set: 26.1ms
[2022-03-17T09:15:49.711+0000][26.710s] GC(5)   Post Evacuate Collection Set: 4.7ms
[2022-03-17T09:15:49.711+0000][26.710s] GC(5)   Other: 9.2ms
[2022-03-17T09:15:49.712+0000][26.710s] GC(5) Eden regions: 1->0(49)
[2022-03-17T09:15:49.712+0000][26.710s] GC(5) Survivor regions: 1->1(6)
[2022-03-17T09:15:49.712+0000][26.711s] GC(5) Old regions: 22->22
[2022-03-17T09:15:49.712+0000][26.711s] GC(5) Humongous regions: 4->4
[2022-03-17T09:15:49.713+0000][26.712s] GC(5) Metaspace: 20478K->20478K(1067008K)
[2022-03-17T09:15:49.714+0000][26.712s] GC(5) Pause Young (Concurrent Start) (Metadata GC Threshold) 24M->24M(512M) 43.317ms
[2022-03-17T09:15:49.714+0000][26.713s] GC(5) User=0.02s Sys=0.00s Real=0.04s
[2022-03-17T09:15:49.715+0000][26.713s] GC(6) Concurrent Cycle
[2022-03-17T09:15:49.715+0000][26.714s] GC(6) Concurrent Clear Claimed Marks
[2022-03-17T09:15:49.715+0000][26.714s] GC(6) Concurrent Clear Claimed Marks 0.280ms
[2022-03-17T09:15:49.716+0000][26.714s] GC(6) Concurrent Scan Root Regions
[2022-03-17T09:15:49.717+0000][26.716s] GC(6) Concurrent Scan Root Regions 1.966ms
[2022-03-17T09:15:49.718+0000][26.716s] GC(6) Concurrent Mark (26.716s)
[2022-03-17T09:15:49.718+0000][26.717s] GC(6) Concurrent Mark From Roots
[2022-03-17T09:15:49.719+0000][26.718s] GC(6) Using 1 workers of 1 for marking
[2022-03-17T09:15:49.958+0000][26.956s] GC(6) Concurrent Mark From Roots 239.423ms
[2022-03-17T09:15:49.966+0000][26.964s] GC(6) Concurrent Preclean
[2022-03-17T09:15:49.966+0000][26.965s] GC(6) Concurrent Preclean 0.629ms
[2022-03-17T09:15:49.967+0000][26.965s] GC(6) Concurrent Mark (26.716s, 26.965s) 248.682ms
[2022-03-17T09:15:49.976+0000][26.974s] GC(6) Pause Remark
[2022-03-17T09:15:50.002+0000][27.000s] GC(6) Cleaned string and symbol table, strings: 9438 processed, 26 removed, symbols: 63166 processed, 41 removed
[2022-03-17T09:15:50.006+0000][27.005s] GC(6) Pause Remark 29M->29M(512M) 30.357ms
[2022-03-17T09:15:50.007+0000][27.005s] GC(6) User=0.01s Sys=0.00s Real=0.03s
[2022-03-17T09:15:50.007+0000][27.006s] GC(6) Concurrent Rebuild Remembered Sets
[2022-03-17T09:15:50.165+0000][27.163s] GC(6) Concurrent Rebuild Remembered Sets 157.440ms
[2022-03-17T09:15:50.167+0000][27.166s] GC(6) Pause Cleanup
[2022-03-17T09:15:50.174+0000][27.173s] GC(6) Pause Cleanup 31M->31M(512M) 6.971ms
[2022-03-17T09:15:50.175+0000][27.173s] GC(6) User=0.00s Sys=0.00s Real=0.00s
[2022-03-17T09:15:50.184+0000][27.183s] GC(6) Concurrent Cleanup for Next Mark
[2022-03-17T09:15:50.208+0000][27.206s] GC(6) Concurrent Cleanup for Next Mark 23.366ms
[2022-03-17T09:15:50.208+0000][27.207s] GC(6) Concurrent Cycle 493.168ms
[2022-03-17T09:15:55.086+0000][32.085s] GC(7) Pause Young (Concurrent Start) (G1 Evacuation Pause)
[2022-03-17T09:15:55.086+0000][32.085s] GC(7) Using 4 workers of 4 for evacuation
[2022-03-17T09:15:55.197+0000][32.195s] GC(7)   Pre Evacuate Collection Set: 0.1ms
[2022-03-17T09:15:55.197+0000][32.196s] GC(7)   Evacuate Collection Set: 99.8ms
[2022-03-17T09:15:55.197+0000][32.196s] GC(7)   Post Evacuate Collection Set: 1.0ms
[2022-03-17T09:15:55.198+0000][32.196s] GC(7)   Other: 9.8ms
[2022-03-17T09:15:55.198+0000][32.196s] GC(7) Eden regions: 49->0(79)
[2022-03-17T09:15:55.198+0000][32.197s] GC(7) Survivor regions: 1->2(7)
[2022-03-17T09:15:55.198+0000][32.197s] GC(7) Old regions: 22->22
[2022-03-17T09:15:55.199+0000][32.197s] GC(7) Humongous regions: 4->4
[2022-03-17T09:15:55.199+0000][32.197s] GC(7) Metaspace: 27676K->27676K(1075200K)
[2022-03-17T09:15:55.199+0000][32.198s] GC(7) Pause Young (Concurrent Start) (G1 Evacuation Pause) 73M->25M(512M) 113.037ms
[2022-03-17T09:15:55.199+0000][32.198s] GC(7) User=0.04s Sys=0.00s Real=0.11s
[2022-03-17T09:15:55.200+0000][32.198s] GC(8) Concurrent Cycle
[2022-03-17T09:15:55.200+0000][32.198s] GC(8) Concurrent Clear Claimed Marks
[2022-03-17T09:15:55.200+0000][32.199s] GC(8) Concurrent Clear Claimed Marks 0.371ms
[2022-03-17T09:15:55.201+0000][32.199s] GC(8) Concurrent Scan Root Regions
[2022-03-17T09:15:55.204+0000][32.203s] GC(8) Concurrent Scan Root Regions 3.795ms
[2022-03-17T09:15:55.205+0000][32.203s] GC(8) Concurrent Mark (32.203s)
[2022-03-17T09:15:55.205+0000][32.204s] GC(8) Concurrent Mark From Roots
[2022-03-17T09:15:55.205+0000][32.204s] GC(8) Using 1 workers of 1 for marking
[2022-03-17T09:15:55.505+0000][32.503s] GC(8) Concurrent Mark From Roots 299.595ms
[2022-03-17T09:15:55.505+0000][32.504s] GC(8) Concurrent Preclean
[2022-03-17T09:15:55.505+0000][32.504s] GC(8) Concurrent Preclean 0.473ms
[2022-03-17T09:15:55.506+0000][32.505s] GC(8) Concurrent Mark (32.203s, 32.505s) 301.248ms
[2022-03-17T09:15:55.524+0000][32.522s] GC(8) Pause Remark
[2022-03-17T09:15:55.564+0000][32.562s] GC(8) Cleaned string and symbol table, strings: 12513 processed, 0 removed, symbols: 80153 processed, 38 removed
[2022-03-17T09:15:55.566+0000][32.564s] GC(8) Pause Remark 30M->30M(512M) 42.175ms
[2022-03-17T09:15:55.566+0000][32.565s] GC(8) User=0.03s Sys=0.00s Real=0.05s
[2022-03-17T09:15:55.566+0000][32.565s] GC(8) Concurrent Rebuild Remembered Sets
[2022-03-17T09:15:55.756+0000][32.754s] GC(8) Concurrent Rebuild Remembered Sets 189.122ms
[2022-03-17T09:15:55.776+0000][32.775s] GC(8) Pause Cleanup
[2022-03-17T09:15:55.781+0000][32.780s] GC(8) Pause Cleanup 31M->31M(512M) 5.190ms
[2022-03-17T09:15:55.782+0000][32.780s] GC(8) User=0.00s Sys=0.00s Real=0.00s
[2022-03-17T09:15:55.786+0000][32.784s] GC(8) Concurrent Cleanup for Next Mark
[2022-03-17T09:15:55.788+0000][32.787s] GC(8) Concurrent Cleanup for Next Mark 2.593ms
[2022-03-17T09:15:55.801+0000][32.799s] GC(8) Concurrent Cycle 600.973ms
[2022-03-17T09:16:52.809+0000][89.808s] GC(9) Pause Young (Normal) (G1 Evacuation Pause)
[2022-03-17T09:16:52.810+0000][89.809s] GC(9) Using 4 workers of 4 for evacuation
[2022-03-17T09:16:52.847+0000][89.846s] GC(9)   Pre Evacuate Collection Set: 0.1ms
[2022-03-17T09:16:52.849+0000][89.848s] GC(9)   Evacuate Collection Set: 34.8ms
[2022-03-17T09:16:52.849+0000][89.848s] GC(9)   Post Evacuate Collection Set: 1.1ms
[2022-03-17T09:16:52.850+0000][89.848s] GC(9)   Other: 1.5ms
[2022-03-17T09:16:52.850+0000][89.849s] GC(9) Eden regions: 78->0(97)
[2022-03-17T09:16:52.850+0000][89.849s] GC(9) Survivor regions: 2->7(10)
[2022-03-17T09:16:52.851+0000][89.849s] GC(9) Old regions: 22->22
[2022-03-17T09:16:52.851+0000][89.850s] GC(9) Humongous regions: 4->4
[2022-03-17T09:16:52.851+0000][89.850s] GC(9) Metaspace: 34839K->34839K(1081344K)
[2022-03-17T09:16:52.852+0000][89.850s] GC(9) Pause Young (Normal) (G1 Evacuation Pause) 103M->30M(512M) 42.454ms
[2022-03-17T09:16:52.852+0000][89.851s] GC(9) User=0.14s Sys=0.00s Real=0.04s
[2022-03-17T11:05:55.443+0000][6632.442s] Heap
[2022-03-17T11:05:55.444+0000][6632.442s]  garbage-first heap   total 524288K, used 104112K [0x00000000e0000000, 0x0000000100000000)
[2022-03-17T11:05:55.444+0000][6632.443s]   region size 1024K, 79 young (80896K), 7 survivors (7168K)
[2022-03-17T11:05:55.444+0000][6632.443s]  Metaspace       used 38397K, capacity 39451K, committed 39700K, reserved 1083392K
[2022-03-17T11:05:55.445+0000][6632.443s]   class space    used 4461K, capacity 4901K, committed 4940K, reserved 1048576K
