[2022-03-17T11:07:02.503+0000][0.345s] Heap region size: 1M
[2022-03-17T11:07:04.596+0000][2.438s] Using G1
[2022-03-17T11:07:04.656+0000][2.499s] Heap address: 0x00000000e0000000, size: 512 MB, Compressed Oops mode: 32-bit
[2022-03-17T11:07:04.938+0000][2.780s] Mark closed archive regions in map: [0x00000000fff00000, 0x00000000fff63ff8]
[2022-03-17T11:07:05.064+0000][2.906s] Mark open archive regions in map: [0x00000000ffe00000, 0x00000000ffe41ff8]
[2022-03-17T11:07:14.236+0000][12.078s] GC(0) Pause Young (Normal) (G1 Evacuation Pause)
[2022-03-17T11:07:14.243+0000][12.085s] GC(0) Using 4 workers of 4 for evacuation
[2022-03-17T11:07:14.346+0000][12.189s] GC(0)   Pre Evacuate Collection Set: 0.1ms
[2022-03-17T11:07:14.356+0000][12.198s] GC(0)   Evacuate Collection Set: 84.9ms
[2022-03-17T11:07:14.356+0000][12.199s] GC(0)   Post Evacuate Collection Set: 5.4ms
[2022-03-17T11:07:14.356+0000][12.199s] GC(0)   Other: 20.1ms
[2022-03-17T11:07:14.357+0000][12.199s] GC(0) Eden regions: 25->0(191)
[2022-03-17T11:07:14.357+0000][12.199s] GC(0) Survivor regions: 0->3(4)
[2022-03-17T11:07:14.357+0000][12.199s] GC(0) Old regions: 2->2
[2022-03-17T11:07:14.357+0000][12.199s] GC(0) Humongous regions: 0->0
[2022-03-17T11:07:14.357+0000][12.200s] GC(0) Metaspace: 6856K->6856K(1056768K)
[2022-03-17T11:07:14.357+0000][12.200s] GC(0) Pause Young (Normal) (G1 Evacuation Pause) 25M->3M(512M) 121.620ms
[2022-03-17T11:07:14.358+0000][12.200s] GC(0) User=0.06s Sys=0.00s Real=0.11s
[2022-03-17T11:07:18.999+0000][16.842s] GC(1) Pause Young (Normal) (G1 Evacuation Pause)
[2022-03-17T11:07:19.005+0000][16.847s] GC(1) Using 4 workers of 4 for evacuation
[2022-03-17T11:07:19.315+0000][17.157s] GC(1) MMU target violated: 251.0ms (250.0ms/251.0ms)
[2022-03-17T11:07:19.327+0000][17.170s] GC(1)   Pre Evacuate Collection Set: 0.1ms
[2022-03-17T11:07:19.328+0000][17.170s] GC(1)   Evacuate Collection Set: 288.7ms
[2022-03-17T11:07:19.328+0000][17.170s] GC(1)   Post Evacuate Collection Set: 20.9ms
[2022-03-17T11:07:19.328+0000][17.170s] GC(1)   Other: 18.5ms
[2022-03-17T11:07:19.344+0000][17.187s] GC(1) Eden regions: 22->0(21)
[2022-03-17T11:07:19.345+0000][17.187s] GC(1) Survivor regions: 3->4(4)
[2022-03-17T11:07:19.345+0000][17.187s] GC(1) Old regions: 2->10
[2022-03-17T11:07:19.345+0000][17.187s] GC(1) Humongous regions: 4->4
[2022-03-17T11:07:19.345+0000][17.188s] GC(1) Metaspace: 12757K->12757K(1060864K)
[2022-03-17T11:07:19.345+0000][17.188s] GC(1) Pause Young (Normal) (G1 Evacuation Pause) 29M->15M(512M) 346.252ms
[2022-03-17T11:07:19.346+0000][17.188s] GC(1) User=0.27s Sys=0.00s Real=0.34s
[2022-03-17T11:07:22.288+0000][20.130s] GC(2) Pause Young (Normal) (G1 Evacuation Pause)
[2022-03-17T11:07:22.288+0000][20.130s] GC(2) Using 4 workers of 4 for evacuation
[2022-03-17T11:07:22.511+0000][20.353s] GC(2)   Pre Evacuate Collection Set: 0.0ms
[2022-03-17T11:07:22.526+0000][20.369s] GC(2)   Evacuate Collection Set: 190.1ms
[2022-03-17T11:07:22.542+0000][20.385s] GC(2)   Post Evacuate Collection Set: 32.5ms
[2022-03-17T11:07:22.558+0000][20.401s] GC(2)   Other: 0.8ms
[2022-03-17T11:07:22.563+0000][20.406s] GC(2) Eden regions: 21->0(22)
[2022-03-17T11:07:22.606+0000][20.449s] GC(2) Survivor regions: 4->4(4)
[2022-03-17T11:07:22.616+0000][20.458s] GC(2) Old regions: 10->14
[2022-03-17T11:07:22.616+0000][20.458s] GC(2) Humongous regions: 4->4
[2022-03-17T11:07:22.616+0000][20.459s] GC(2) Metaspace: 15765K->15765K(1062912K)
[2022-03-17T11:07:22.616+0000][20.459s] GC(2) Pause Young (Normal) (G1 Evacuation Pause) 36M->20M(512M) 328.778ms
[2022-03-17T11:07:22.617+0000][20.459s] GC(2) User=0.15s Sys=0.04s Real=0.33s
[2022-03-17T11:07:26.621+0000][24.463s] GC(3) Pause Young (Normal) (G1 Evacuation Pause)
[2022-03-17T11:07:26.626+0000][24.468s] GC(3) Using 4 workers of 4 for evacuation
[2022-03-17T11:07:26.691+0000][24.533s] GC(3)   Pre Evacuate Collection Set: 0.1ms
[2022-03-17T11:07:26.691+0000][24.534s] GC(3)   Evacuate Collection Set: 42.7ms
[2022-03-17T11:07:26.692+0000][24.534s] GC(3)   Post Evacuate Collection Set: 18.3ms
[2022-03-17T11:07:26.692+0000][24.534s] GC(3)   Other: 9.2ms
[2022-03-17T11:07:26.692+0000][24.535s] GC(3) Eden regions: 22->0(28)
[2022-03-17T11:07:26.693+0000][24.535s] GC(3) Survivor regions: 4->4(4)
[2022-03-17T11:07:26.693+0000][24.535s] GC(3) Old regions: 14->19
[2022-03-17T11:07:26.693+0000][24.536s] GC(3) Humongous regions: 4->4
[2022-03-17T11:07:26.694+0000][24.536s] GC(3) Metaspace: 17567K->17567K(1064960K)
[2022-03-17T11:07:26.694+0000][24.536s] GC(3) Pause Young (Normal) (G1 Evacuation Pause) 42M->24M(512M) 73.190ms
[2022-03-17T11:07:26.694+0000][24.537s] GC(3) User=0.06s Sys=0.01s Real=0.07s
[2022-03-17T11:07:28.852+0000][26.694s] GC(4) Pause Young (Concurrent Start) (Metadata GC Threshold)
[2022-03-17T11:07:28.852+0000][26.695s] GC(4) Using 4 workers of 4 for evacuation
[2022-03-17T11:07:28.920+0000][26.762s] GC(4)   Pre Evacuate Collection Set: 0.1ms
[2022-03-17T11:07:28.921+0000][26.764s] GC(4)   Evacuate Collection Set: 66.2ms
[2022-03-17T11:07:28.921+0000][26.764s] GC(4)   Post Evacuate Collection Set: 0.4ms
[2022-03-17T11:07:28.922+0000][26.764s] GC(4)   Other: 1.0ms
[2022-03-17T11:07:28.922+0000][26.764s] GC(4) Eden regions: 26->0(58)
[2022-03-17T11:07:28.922+0000][26.765s] GC(4) Survivor regions: 4->1(4)
[2022-03-17T11:07:28.922+0000][26.765s] GC(4) Old regions: 19->22
[2022-03-17T11:07:28.923+0000][26.765s] GC(4) Humongous regions: 4->4
[2022-03-17T11:07:28.923+0000][26.765s] GC(4) Metaspace: 20418K->20418K(1067008K)
[2022-03-17T11:07:28.923+0000][26.765s] GC(4) Pause Young (Concurrent Start) (Metadata GC Threshold) 49M->24M(512M) 70.993ms
[2022-03-17T11:07:28.923+0000][26.766s] GC(4) User=0.05s Sys=0.00s Real=0.07s
[2022-03-17T11:07:28.924+0000][26.766s] GC(5) Concurrent Cycle
[2022-03-17T11:07:28.932+0000][26.774s] GC(5) Concurrent Clear Claimed Marks
[2022-03-17T11:07:28.932+0000][26.775s] GC(5) Concurrent Clear Claimed Marks 0.429ms
[2022-03-17T11:07:28.933+0000][26.775s] GC(5) Concurrent Scan Root Regions
[2022-03-17T11:07:28.936+0000][26.778s] GC(5) Concurrent Scan Root Regions 3.064ms
[2022-03-17T11:07:28.936+0000][26.778s] GC(5) Concurrent Mark (26.778s)
[2022-03-17T11:07:28.936+0000][26.779s] GC(5) Concurrent Mark From Roots
[2022-03-17T11:07:28.937+0000][26.779s] GC(5) Using 1 workers of 1 for marking
[2022-03-17T11:07:29.170+0000][27.013s] GC(5) Concurrent Mark From Roots 233.828ms
[2022-03-17T11:07:29.170+0000][27.013s] GC(5) Concurrent Preclean
[2022-03-17T11:07:29.171+0000][27.013s] GC(5) Concurrent Preclean 0.352ms
[2022-03-17T11:07:29.171+0000][27.013s] GC(5) Concurrent Mark (26.778s, 27.013s) 235.023ms
[2022-03-17T11:07:29.171+0000][27.014s] GC(5) Pause Remark
[2022-03-17T11:07:29.186+0000][27.029s] GC(5) Cleaned string and symbol table, strings: 9381 processed, 26 removed, symbols: 62269 processed, 30 removed
[2022-03-17T11:07:29.189+0000][27.031s] GC(5) Pause Remark 28M->28M(512M) 17.696ms
[2022-03-17T11:07:29.191+0000][27.033s] GC(5) User=0.01s Sys=0.00s Real=0.02s
[2022-03-17T11:07:29.198+0000][27.041s] GC(5) Concurrent Rebuild Remembered Sets
[2022-03-17T11:07:29.300+0000][27.142s] GC(5) Concurrent Rebuild Remembered Sets 101.376ms
[2022-03-17T11:07:29.300+0000][27.143s] GC(5) Pause Cleanup
[2022-03-17T11:07:29.316+0000][27.159s] GC(5) Pause Cleanup 30M->30M(512M) 15.810ms
[2022-03-17T11:07:29.317+0000][27.159s] GC(5) User=0.00s Sys=0.00s Real=0.02s
[2022-03-17T11:07:29.325+0000][27.167s] GC(5) Concurrent Cleanup for Next Mark
[2022-03-17T11:07:29.376+0000][27.218s] GC(5) Concurrent Cleanup for Next Mark 50.497ms
[2022-03-17T11:07:29.376+0000][27.218s] GC(5) Concurrent Cycle 452.264ms
[2022-03-17T11:07:35.140+0000][32.982s] GC(6) Pause Young (Concurrent Start) (G1 Evacuation Pause)
[2022-03-17T11:07:35.144+0000][32.986s] GC(6) Using 4 workers of 4 for evacuation
[2022-03-17T11:07:35.219+0000][33.061s] GC(6)   Pre Evacuate Collection Set: 0.1ms
[2022-03-17T11:07:35.219+0000][33.061s] GC(6)   Evacuate Collection Set: 71.0ms
[2022-03-17T11:07:35.219+0000][33.062s] GC(6)   Post Evacuate Collection Set: 3.2ms
[2022-03-17T11:07:35.220+0000][33.062s] GC(6)   Other: 4.6ms
[2022-03-17T11:07:35.220+0000][33.062s] GC(6) Eden regions: 58->0(74)
[2022-03-17T11:07:35.221+0000][33.063s] GC(6) Survivor regions: 1->4(8)
[2022-03-17T11:07:35.226+0000][33.068s] GC(6) Old regions: 22->22
[2022-03-17T11:07:35.226+0000][33.068s] GC(6) Humongous regions: 4->4
[2022-03-17T11:07:35.226+0000][33.069s] GC(6) Metaspace: 28408K->28408K(1075200K)
[2022-03-17T11:07:35.227+0000][33.069s] GC(6) Pause Young (Concurrent Start) (G1 Evacuation Pause) 82M->27M(512M) 86.850ms
[2022-03-17T11:07:35.227+0000][33.069s] GC(6) User=0.05s Sys=0.00s Real=0.09s
[2022-03-17T11:07:35.227+0000][33.069s] GC(7) Concurrent Cycle
[2022-03-17T11:07:35.227+0000][33.070s] GC(7) Concurrent Clear Claimed Marks
[2022-03-17T11:07:35.228+0000][33.070s] GC(7) Concurrent Clear Claimed Marks 0.328ms
[2022-03-17T11:07:35.228+0000][33.070s] GC(7) Concurrent Scan Root Regions
[2022-03-17T11:07:35.236+0000][33.078s] GC(7) Concurrent Scan Root Regions 7.571ms
[2022-03-17T11:07:35.236+0000][33.078s] GC(7) Concurrent Mark (33.078s)
[2022-03-17T11:07:35.236+0000][33.079s] GC(7) Concurrent Mark From Roots
[2022-03-17T11:07:35.237+0000][33.079s] GC(7) Using 1 workers of 1 for marking
[2022-03-17T11:07:35.476+0000][33.318s] GC(7) Concurrent Mark From Roots 239.236ms
[2022-03-17T11:07:35.476+0000][33.318s] GC(7) Concurrent Preclean
[2022-03-17T11:07:35.476+0000][33.319s] GC(7) Concurrent Preclean 0.385ms
[2022-03-17T11:07:35.477+0000][33.319s] GC(7) Concurrent Mark (33.078s, 33.319s) 240.611ms
[2022-03-17T11:07:35.482+0000][33.325s] GC(7) Pause Remark
[2022-03-17T11:07:35.515+0000][33.357s] GC(7) Cleaned string and symbol table, strings: 12892 processed, 0 removed, symbols: 85185 processed, 40 removed
[2022-03-17T11:07:35.515+0000][33.358s] GC(7) Pause Remark 30M->30M(512M) 33.282ms
[2022-03-17T11:07:35.516+0000][33.358s] GC(7) User=0.02s Sys=0.00s Real=0.04s
[2022-03-17T11:07:35.526+0000][33.368s] GC(7) Concurrent Rebuild Remembered Sets
[2022-03-17T11:07:35.662+0000][33.504s] GC(7) Concurrent Rebuild Remembered Sets 136.257ms
[2022-03-17T11:07:35.683+0000][33.525s] GC(7) Pause Cleanup
[2022-03-17T11:07:35.684+0000][33.526s] GC(7) Pause Cleanup 32M->32M(512M) 0.767ms
[2022-03-17T11:07:35.684+0000][33.527s] GC(7) User=0.01s Sys=0.00s Real=0.00s
[2022-03-17T11:07:35.685+0000][33.527s] GC(7) Concurrent Cleanup for Next Mark
[2022-03-17T11:07:35.687+0000][33.530s] GC(7) Concurrent Cleanup for Next Mark 2.710ms
[2022-03-17T11:07:35.688+0000][33.530s] GC(7) Concurrent Cycle 460.608ms
[2022-03-17T11:08:44.979+0000][102.821s] GC(8) Pause Young (Normal) (G1 Evacuation Pause)
[2022-03-17T11:08:44.979+0000][102.822s] GC(8) Using 4 workers of 4 for evacuation
[2022-03-17T11:08:44.998+0000][102.841s] GC(8)   Pre Evacuate Collection Set: 0.1ms
[2022-03-17T11:08:44.998+0000][102.841s] GC(8)   Evacuate Collection Set: 17.3ms
[2022-03-17T11:08:44.999+0000][102.841s] GC(8)   Post Evacuate Collection Set: 1.0ms
[2022-03-17T11:08:44.999+0000][102.841s] GC(8)   Other: 0.8ms
[2022-03-17T11:08:44.999+0000][102.841s] GC(8) Eden regions: 76->0(94)
[2022-03-17T11:08:44.999+0000][102.842s] GC(8) Survivor regions: 4->8(10)
[2022-03-17T11:08:44.999+0000][102.842s] GC(8) Old regions: 22->22
[2022-03-17T11:08:45.000+0000][102.842s] GC(8) Humongous regions: 4->4
[2022-03-17T11:08:45.000+0000][102.842s] GC(8) Metaspace: 36146K->36146K(1081344K)
[2022-03-17T11:08:45.000+0000][102.842s] GC(8) Pause Young (Normal) (G1 Evacuation Pause) 103M->31M(512M) 21.082ms
[2022-03-17T11:08:45.000+0000][102.843s] GC(8) User=0.07s Sys=0.00s Real=0.02s
[2022-03-21T06:21:58.798+0000][16110.688s] GC(9) Pause Young (Normal) (G1 Evacuation Pause)
[2022-03-21T06:21:58.808+0000][16110.697s] GC(9) Using 4 workers of 4 for evacuation
[2022-03-21T06:21:59.013+0000][16110.901s] GC(9)   Pre Evacuate Collection Set: 28.8ms
[2022-03-21T06:21:59.013+0000][16110.902s] GC(9)   Evacuate Collection Set: 158.5ms
[2022-03-21T06:21:59.014+0000][16110.902s] GC(9)   Post Evacuate Collection Set: 8.0ms
[2022-03-21T06:21:59.014+0000][16110.903s] GC(9)   Other: 24.6ms
[2022-03-21T06:21:59.015+0000][16110.903s] GC(9) Eden regions: 94->0(114)
[2022-03-21T06:21:59.015+0000][16110.903s] GC(9) Survivor regions: 8->5(13)
[2022-03-21T06:21:59.015+0000][16110.903s] GC(9) Old regions: 22->25
[2022-03-21T06:21:59.015+0000][16110.903s] GC(9) Humongous regions: 4->4
[2022-03-21T06:21:59.016+0000][16110.904s] GC(9) Metaspace: 37561K->37561K(1083392K)
[2022-03-21T06:21:59.016+0000][16110.904s] GC(9) Pause Young (Normal) (G1 Evacuation Pause) 125M->32M(512M) 218.896ms
[2022-03-21T06:21:59.016+0000][16110.905s] GC(9) User=0.68s Sys=0.00s Real=0.22s
[2022-03-21T08:14:40.683+0000][22872.572s] GC(10) Pause Young (Normal) (G1 Evacuation Pause)
[2022-03-21T08:14:40.685+0000][22872.573s] GC(10) Using 4 workers of 4 for evacuation
[2022-03-21T08:14:40.751+0000][22872.640s] GC(10)   Pre Evacuate Collection Set: 12.8ms
[2022-03-21T08:14:40.752+0000][22872.640s] GC(10)   Evacuate Collection Set: 47.0ms
[2022-03-21T08:14:40.752+0000][22872.640s] GC(10)   Post Evacuate Collection Set: 3.9ms
[2022-03-21T08:14:40.752+0000][22872.641s] GC(10)   Other: 7.3ms
[2022-03-21T08:14:40.753+0000][22872.641s] GC(10) Eden regions: 114->0(127)
[2022-03-21T08:14:40.753+0000][22872.641s] GC(10) Survivor regions: 5->8(15)
[2022-03-21T08:14:40.753+0000][22872.641s] GC(10) Old regions: 25->25
[2022-03-21T08:14:40.753+0000][22872.642s] GC(10) Humongous regions: 5->4
[2022-03-21T08:14:40.753+0000][22872.642s] GC(10) Metaspace: 44281K->44281K(1089536K)
[2022-03-21T08:14:40.754+0000][22872.642s] GC(10) Pause Young (Normal) (G1 Evacuation Pause) 147M->34M(512M) 71.319ms
[2022-03-21T08:14:40.754+0000][22872.642s] GC(10) User=0.20s Sys=0.02s Real=0.07s
[2022-03-21T08:14:42.710+0000][22874.598s] GC(11) Pause Young (Concurrent Start) (Metadata GC Threshold)
[2022-03-21T08:14:42.710+0000][22874.599s] GC(11) Using 4 workers of 4 for evacuation
[2022-03-21T08:14:42.762+0000][22874.651s] GC(11)   Pre Evacuate Collection Set: 3.1ms
[2022-03-21T08:14:42.763+0000][22874.651s] GC(11)   Evacuate Collection Set: 36.2ms
[2022-03-21T08:14:42.763+0000][22874.651s] GC(11)   Post Evacuate Collection Set: 3.7ms
[2022-03-21T08:14:42.763+0000][22874.651s] GC(11)   Other: 9.1ms
[2022-03-21T08:14:42.763+0000][22874.652s] GC(11) Eden regions: 97->0(139)
[2022-03-21T08:14:42.763+0000][22874.652s] GC(11) Survivor regions: 8->12(17)
[2022-03-21T08:14:42.764+0000][22874.652s] GC(11) Old regions: 25->25
[2022-03-21T08:14:42.764+0000][22874.652s] GC(11) Humongous regions: 4->4
[2022-03-21T08:14:42.764+0000][22874.652s] GC(11) Metaspace: 48820K->48820K(1093632K)
[2022-03-21T08:14:42.764+0000][22874.652s] GC(11) Pause Young (Concurrent Start) (Metadata GC Threshold) 131M->38M(512M) 54.085ms
[2022-03-21T08:14:42.764+0000][22874.653s] GC(11) User=0.10s Sys=0.01s Real=0.05s
[2022-03-21T08:14:42.766+0000][22874.655s] GC(12) Concurrent Cycle
[2022-03-21T08:14:42.770+0000][22874.658s] GC(12) Concurrent Clear Claimed Marks
[2022-03-21T08:14:42.775+0000][22874.664s] GC(12) Concurrent Clear Claimed Marks 4.862ms
[2022-03-21T08:14:42.778+0000][22874.666s] GC(12) Concurrent Scan Root Regions
[2022-03-21T08:14:42.815+0000][22874.703s] GC(12) Concurrent Scan Root Regions 36.898ms
[2022-03-21T08:14:42.815+0000][22874.703s] GC(12) Concurrent Mark (22874.703s)
[2022-03-21T08:14:42.815+0000][22874.704s] GC(12) Concurrent Mark From Roots
[2022-03-21T08:14:42.817+0000][22874.705s] GC(12) Using 1 workers of 1 for marking
[2022-03-21T08:14:43.182+0000][22875.070s] GC(12) Concurrent Mark From Roots 366.697ms
[2022-03-21T08:14:43.182+0000][22875.071s] GC(12) Concurrent Preclean
[2022-03-21T08:14:43.183+0000][22875.072s] GC(12) Concurrent Preclean 1.109ms
[2022-03-21T08:14:43.184+0000][22875.072s] GC(12) Concurrent Mark (22874.703s, 22875.072s) 368.853ms
[2022-03-21T08:14:43.184+0000][22875.073s] GC(12) Pause Remark
[2022-03-21T08:14:43.422+0000][22875.310s] GC(12) Cleaned string and symbol table, strings: 23832 processed, 1040 removed, symbols: 138083 processed, 587 removed
[2022-03-21T08:14:43.426+0000][22875.315s] GC(12) Pause Remark 48M->48M(512M) 242.089ms
[2022-03-21T08:14:43.427+0000][22875.315s] GC(12) User=0.86s Sys=0.02s Real=0.24s
[2022-03-21T08:14:43.427+0000][22875.316s] GC(12) Concurrent Rebuild Remembered Sets
[2022-03-21T08:14:43.491+0000][22875.379s] GC(12) Concurrent Rebuild Remembered Sets 63.822ms
[2022-03-21T08:14:43.493+0000][22875.381s] GC(12) Pause Cleanup
[2022-03-21T08:14:43.494+0000][22875.382s] GC(12) Pause Cleanup 49M->49M(512M) 0.679ms
[2022-03-21T08:14:43.494+0000][22875.382s] GC(12) User=0.00s Sys=0.00s Real=0.00s
[2022-03-21T08:14:43.495+0000][22875.383s] GC(12) Concurrent Cleanup for Next Mark
[2022-03-21T08:14:43.565+0000][22875.453s] GC(12) Concurrent Cleanup for Next Mark 70.088ms
[2022-03-21T08:14:43.565+0000][22875.454s] GC(12) Concurrent Cycle 799.408ms
[2022-03-21T08:14:48.494+0000][22880.382s] GC(13) Pause Young (Concurrent Start) (G1 Evacuation Pause)
[2022-03-21T08:14:48.494+0000][22880.383s] GC(13) Using 4 workers of 4 for evacuation
[2022-03-21T08:14:48.602+0000][22880.490s] GC(13)   Pre Evacuate Collection Set: 0.2ms
[2022-03-21T08:14:48.602+0000][22880.491s] GC(13)   Evacuate Collection Set: 105.0ms
[2022-03-21T08:14:48.603+0000][22880.491s] GC(13)   Post Evacuate Collection Set: 1.7ms
[2022-03-21T08:14:48.603+0000][22880.491s] GC(13)   Other: 1.2ms
[2022-03-21T08:14:48.603+0000][22880.491s] GC(13) Eden regions: 140->0(184)
[2022-03-21T08:14:48.603+0000][22880.491s] GC(13) Survivor regions: 12->17(19)
[2022-03-21T08:14:48.603+0000][22880.492s] GC(13) Old regions: 25->28
[2022-03-21T08:14:48.603+0000][22880.492s] GC(13) Humongous regions: 4->4
[2022-03-21T08:14:48.604+0000][22880.492s] GC(13) Metaspace: 50576K->50576K(1095680K)
[2022-03-21T08:14:48.604+0000][22880.492s] GC(13) Pause Young (Concurrent Start) (G1 Evacuation Pause) 178M->46M(512M) 109.925ms
[2022-03-21T08:14:48.604+0000][22880.493s] GC(13) User=0.22s Sys=0.00s Real=0.11s
[2022-03-21T08:14:48.605+0000][22880.493s] GC(14) Concurrent Cycle
[2022-03-21T08:14:48.605+0000][22880.494s] GC(14) Concurrent Clear Claimed Marks
[2022-03-21T08:14:48.607+0000][22880.495s] GC(14) Concurrent Clear Claimed Marks 1.511ms
[2022-03-21T08:14:48.608+0000][22880.497s] GC(14) Concurrent Scan Root Regions
[2022-03-21T08:14:48.637+0000][22880.525s] GC(14) Concurrent Scan Root Regions 28.692ms
[2022-03-21T08:14:48.637+0000][22880.526s] GC(14) Concurrent Mark (22880.526s)
[2022-03-21T08:14:48.638+0000][22880.526s] GC(14) Concurrent Mark From Roots
[2022-03-21T08:14:48.638+0000][22880.526s] GC(14) Using 1 workers of 1 for marking
[2022-03-21T08:14:48.704+0000][22880.593s] GC(14) Concurrent Mark From Roots 66.712ms
[2022-03-21T08:14:48.705+0000][22880.593s] GC(14) Concurrent Preclean
[2022-03-21T08:14:48.706+0000][22880.594s] GC(14) Concurrent Preclean 0.786ms
[2022-03-21T08:14:48.706+0000][22880.595s] GC(14) Concurrent Mark (22880.526s, 22880.594s) 68.740ms
[2022-03-21T08:14:48.707+0000][22880.595s] GC(14) Pause Remark
[2022-03-21T08:14:48.721+0000][22880.609s] GC(14) Cleaned string and symbol table, strings: 23374 processed, 6 removed, symbols: 138322 processed, 36 removed
[2022-03-21T08:14:48.722+0000][22880.610s] GC(14) Pause Remark 50M->50M(512M) 14.536ms
[2022-03-21T08:14:48.722+0000][22880.610s] GC(14) User=0.04s Sys=0.00s Real=0.02s
[2022-03-21T08:14:48.722+0000][22880.610s] GC(14) Concurrent Rebuild Remembered Sets
[2022-03-21T08:14:48.770+0000][22880.658s] GC(14) Concurrent Rebuild Remembered Sets 47.691ms
[2022-03-21T08:14:48.771+0000][22880.659s] GC(14) Pause Cleanup
[2022-03-21T08:14:48.772+0000][22880.660s] GC(14) Pause Cleanup 52M->52M(512M) 0.555ms
[2022-03-21T08:14:48.772+0000][22880.660s] GC(14) User=0.00s Sys=0.00s Real=0.00s
[2022-03-21T08:14:48.772+0000][22880.661s] GC(14) Concurrent Cleanup for Next Mark
[2022-03-21T08:14:48.825+0000][22880.713s] GC(14) Concurrent Cleanup for Next Mark 52.532ms
[2022-03-21T08:14:48.825+0000][22880.713s] GC(14) Concurrent Cycle 220.650ms
[2022-03-21T11:38:06.975+0000][35078.863s] GC(15) Pause Young (Normal) (G1 Evacuation Pause)
[2022-03-21T11:38:06.976+0000][35078.864s] GC(15) Using 4 workers of 4 for evacuation
[2022-03-21T11:38:07.665+0000][35079.553s] GC(15) MMU target violated: 251.0ms (250.0ms/251.0ms)
[2022-03-21T11:38:07.665+0000][35079.554s] GC(15)   Pre Evacuate Collection Set: 9.3ms
[2022-03-21T11:38:07.666+0000][35079.554s] GC(15)   Evacuate Collection Set: 430.7ms
[2022-03-21T11:38:07.667+0000][35079.555s] GC(15)   Post Evacuate Collection Set: 240.3ms
[2022-03-21T11:38:07.668+0000][35079.556s] GC(15)   Other: 10.9ms
[2022-03-21T11:38:07.669+0000][35079.558s] GC(15) Eden regions: 189->0(6)
[2022-03-21T11:38:07.670+0000][35079.558s] GC(15) Survivor regions: 17->19(26)
[2022-03-21T11:38:07.670+0000][35079.558s] GC(15) Old regions: 28->32
[2022-03-21T11:38:07.671+0000][35079.559s] GC(15) Humongous regions: 4->4
[2022-03-21T11:38:07.671+0000][35079.560s] GC(15) Metaspace: 52135K->52135K(1095680K)
[2022-03-21T11:38:07.672+0000][35079.561s] GC(15) Pause Young (Normal) (G1 Evacuation Pause) 235M->53M(512M) 697.542ms
[2022-03-21T11:38:07.673+0000][35079.561s] GC(15) User=1.48s Sys=0.60s Real=0.70s
[2022-03-21T11:38:09.695+0000][35081.583s] GC(16) Pause Young (Normal) (G1 Evacuation Pause)
[2022-03-21T11:38:09.695+0000][35081.583s] GC(16) Using 4 workers of 4 for evacuation
[2022-03-21T11:38:09.997+0000][35081.886s] GC(16) MMU target violated: 251.0ms (250.0ms/251.0ms)
[2022-03-21T11:38:10.011+0000][35081.899s] GC(16)   Pre Evacuate Collection Set: 0.0ms
[2022-03-21T11:38:10.033+0000][35081.922s] GC(16)   Evacuate Collection Set: 300.5ms
[2022-03-21T11:38:10.049+0000][35081.937s] GC(16)   Post Evacuate Collection Set: 0.8ms
[2022-03-21T11:38:10.081+0000][35081.970s] GC(16)   Other: 15.2ms
[2022-03-21T11:38:10.098+0000][35081.986s] GC(16) Eden regions: 6->0(76)
[2022-03-21T11:38:10.114+0000][35082.002s] GC(16) Survivor regions: 19->3(4)
[2022-03-21T11:38:10.118+0000][35082.007s] GC(16) Old regions: 32->43
[2022-03-21T11:38:10.130+0000][35082.018s] GC(16) Humongous regions: 4->4
[2022-03-21T11:38:10.147+0000][35082.035s] GC(16) Metaspace: 52184K->52184K(1097728K)
[2022-03-21T11:38:10.164+0000][35082.053s] GC(16) Pause Young (Normal) (G1 Evacuation Pause) 59M->48M(512M) 469.573ms
[2022-03-21T11:38:10.165+0000][35082.054s] GC(16) User=0.31s Sys=0.13s Real=0.47s
[2022-03-21T11:38:17.340+0000][35089.228s] GC(17) Pause Young (Normal) (G1 Evacuation Pause)
[2022-03-21T11:38:17.341+0000][35089.229s] GC(17) Using 4 workers of 4 for evacuation
[2022-03-21T11:38:17.434+0000][35089.322s] GC(17)   Pre Evacuate Collection Set: 0.1ms
[2022-03-21T11:38:17.434+0000][35089.323s] GC(17)   Evacuate Collection Set: 82.2ms
[2022-03-21T11:38:17.435+0000][35089.323s] GC(17)   Post Evacuate Collection Set: 3.2ms
[2022-03-21T11:38:17.440+0000][35089.328s] GC(17)   Other: 8.4ms
[2022-03-21T11:38:17.441+0000][35089.329s] GC(17) Eden regions: 76->0(80)
[2022-03-21T11:38:17.442+0000][35089.330s] GC(17) Survivor regions: 3->7(10)
[2022-03-21T11:38:17.443+0000][35089.331s] GC(17) Old regions: 43->43
[2022-03-21T11:38:17.443+0000][35089.331s] GC(17) Humongous regions: 4->4
[2022-03-21T11:38:17.443+0000][35089.332s] GC(17) Metaspace: 52256K->52256K(1097728K)
[2022-03-21T11:38:17.444+0000][35089.332s] GC(17) Pause Young (Normal) (G1 Evacuation Pause) 124M->51M(512M) 103.510ms
[2022-03-21T11:38:17.444+0000][35089.332s] GC(17) User=0.17s Sys=0.04s Real=0.11s
[2022-03-21T11:38:22.378+0000][35094.266s] GC(18) Pause Young (Normal) (G1 Evacuation Pause)
[2022-03-21T11:38:22.379+0000][35094.267s] GC(18) Using 4 workers of 4 for evacuation
[2022-03-21T11:38:22.520+0000][35094.408s] GC(18)   Pre Evacuate Collection Set: 0.2ms
[2022-03-21T11:38:22.520+0000][35094.408s] GC(18)   Evacuate Collection Set: 120.5ms
[2022-03-21T11:38:22.520+0000][35094.409s] GC(18)   Post Evacuate Collection Set: 17.7ms
[2022-03-21T11:38:22.521+0000][35094.409s] GC(18)   Other: 3.4ms
[2022-03-21T11:38:22.521+0000][35094.409s] GC(18) Eden regions: 80->0(79)
[2022-03-21T11:38:22.521+0000][35094.410s] GC(18) Survivor regions: 7->10(11)
[2022-03-21T11:38:22.522+0000][35094.410s] GC(18) Old regions: 43->44
[2022-03-21T11:38:22.522+0000][35094.410s] GC(18) Humongous regions: 4->4
[2022-03-21T11:38:22.522+0000][35094.410s] GC(18) Metaspace: 52555K->52555K(1097728K)
[2022-03-21T11:38:22.523+0000][35094.411s] GC(18) Pause Young (Normal) (G1 Evacuation Pause) 131M->56M(512M) 144.840ms
[2022-03-21T11:38:22.523+0000][35094.411s] GC(18) User=0.20s Sys=0.00s Real=0.15s
[2022-03-21T13:13:05.947+0000][40777.835s] GC(19) Pause Young (Normal) (G1 Evacuation Pause)
[2022-03-21T13:13:05.948+0000][40777.836s] GC(19) Using 4 workers of 4 for evacuation
[2022-03-21T13:13:06.108+0000][40777.996s] GC(19)   Pre Evacuate Collection Set: 6.7ms
[2022-03-21T13:13:06.108+0000][40777.996s] GC(19)   Evacuate Collection Set: 143.9ms
[2022-03-21T13:13:06.109+0000][40777.997s] GC(19)   Post Evacuate Collection Set: 7.4ms
[2022-03-21T13:13:06.110+0000][40777.998s] GC(19)   Other: 3.6ms
[2022-03-21T13:13:06.111+0000][40777.999s] GC(19) Eden regions: 79->0(87)
[2022-03-21T13:13:06.111+0000][40777.999s] GC(19) Survivor regions: 10->8(12)
[2022-03-21T13:13:06.111+0000][40777.999s] GC(19) Old regions: 44->48
[2022-03-21T13:13:06.111+0000][40778.000s] GC(19) Humongous regions: 4->4
[2022-03-21T13:13:06.112+0000][40778.000s] GC(19) Metaspace: 52668K->52668K(1097728K)
[2022-03-21T13:13:06.112+0000][40778.000s] GC(19) Pause Young (Normal) (G1 Evacuation Pause) 135M->57M(512M) 165.321ms
[2022-03-21T13:13:06.113+0000][40778.001s] GC(19) User=0.60s Sys=0.00s Real=0.17s
[2022-03-22T04:08:41.710+0000][51210.047s] GC(20) Pause Young (Normal) (G1 Evacuation Pause)
[2022-03-22T04:08:41.711+0000][51210.048s] GC(20) Using 4 workers of 4 for evacuation
[2022-03-22T04:08:42.173+0000][51210.510s] GC(20) MMU target violated: 251.0ms (250.0ms/251.0ms)
[2022-03-22T04:08:42.174+0000][51210.510s] GC(20)   Pre Evacuate Collection Set: 42.9ms
[2022-03-22T04:08:42.174+0000][51210.511s] GC(20)   Evacuate Collection Set: 386.2ms
[2022-03-22T04:08:42.175+0000][51210.512s] GC(20)   Post Evacuate Collection Set: 26.1ms
[2022-03-22T04:08:42.176+0000][51210.512s] GC(20)   Other: 8.4ms
[2022-03-22T04:08:42.176+0000][51210.513s] GC(20) Eden regions: 87->0(48)
[2022-03-22T04:08:42.177+0000][51210.513s] GC(20) Survivor regions: 8->5(12)
[2022-03-22T04:08:42.177+0000][51210.513s] GC(20) Old regions: 48->52
[2022-03-22T04:08:42.177+0000][51210.514s] GC(20) Humongous regions: 4->4
[2022-03-22T04:08:42.177+0000][51210.514s] GC(20) Metaspace: 52783K->52783K(1097728K)
[2022-03-22T04:08:42.178+0000][51210.515s] GC(20) Pause Young (Normal) (G1 Evacuation Pause) 144M->58M(512M) 467.803ms
[2022-03-22T04:08:42.179+0000][51210.515s] GC(20) User=0.53s Sys=0.04s Real=0.47s
[2022-03-22T04:08:48.426+0000][51216.763s] GC(21) Pause Young (Normal) (G1 Evacuation Pause)
[2022-03-22T04:08:48.427+0000][51216.764s] GC(21) Using 4 workers of 4 for evacuation
[2022-03-22T04:08:48.518+0000][51216.855s] GC(21)   Pre Evacuate Collection Set: 0.1ms
[2022-03-22T04:08:48.519+0000][51216.855s] GC(21)   Evacuate Collection Set: 86.4ms
[2022-03-22T04:08:48.519+0000][51216.855s] GC(21)   Post Evacuate Collection Set: 4.1ms
[2022-03-22T04:08:48.519+0000][51216.856s] GC(21)   Other: 1.4ms
[2022-03-22T04:08:48.520+0000][51216.856s] GC(21) Eden regions: 48->0(46)
[2022-03-22T04:08:48.520+0000][51216.856s] GC(21) Survivor regions: 5->7(7)
[2022-03-22T04:08:48.520+0000][51216.857s] GC(21) Old regions: 52->55
[2022-03-22T04:08:48.521+0000][51216.857s] GC(21) Humongous regions: 4->4
[2022-03-22T04:08:48.521+0000][51216.857s] GC(21) Metaspace: 52873K->52873K(1097728K)
[2022-03-22T04:08:48.521+0000][51216.858s] GC(21) Pause Young (Normal) (G1 Evacuation Pause) 106M->63M(512M) 94.818ms
[2022-03-22T04:08:48.521+0000][51216.858s] GC(21) User=0.11s Sys=0.00s Real=0.09s
[2022-03-22T04:08:50.335+0000][51218.671s] GC(22) Pause Young (Normal) (G1 Evacuation Pause)
[2022-03-22T04:08:50.336+0000][51218.672s] GC(22) Using 4 workers of 4 for evacuation
[2022-03-22T04:08:50.423+0000][51218.759s] GC(22)   Pre Evacuate Collection Set: 0.1ms
[2022-03-22T04:08:50.427+0000][51218.764s] GC(22)   Evacuate Collection Set: 80.7ms
[2022-03-22T04:08:50.428+0000][51218.764s] GC(22)   Post Evacuate Collection Set: 4.9ms
[2022-03-22T04:08:50.429+0000][51218.766s] GC(22)   Other: 2.3ms
[2022-03-22T04:08:50.432+0000][51218.769s] GC(22) Eden regions: 46->0(57)
[2022-03-22T04:08:50.433+0000][51218.769s] GC(22) Survivor regions: 7->5(7)
[2022-03-22T04:08:50.444+0000][51218.781s] GC(22) Old regions: 55->60
[2022-03-22T04:08:50.462+0000][51218.799s] GC(22) Humongous regions: 4->4
[2022-03-22T04:08:50.466+0000][51218.803s] GC(22) Metaspace: 52911K->52911K(1097728K)
[2022-03-22T04:08:50.472+0000][51218.808s] GC(22) Pause Young (Normal) (G1 Evacuation Pause) 109M->66M(512M) 137.038ms
[2022-03-22T04:08:50.479+0000][51218.816s] GC(22) User=0.18s Sys=0.03s Real=0.14s
[2022-03-22T04:08:55.726+0000][51224.062s] GC(23) Pause Young (Normal) (G1 Evacuation Pause)
[2022-03-22T04:08:55.735+0000][51224.072s] GC(23) Using 4 workers of 4 for evacuation
[2022-03-22T04:08:55.765+0000][51224.102s] GC(23)   Pre Evacuate Collection Set: 0.4ms
[2022-03-22T04:08:55.767+0000][51224.104s] GC(23)   Evacuate Collection Set: 27.6ms
[2022-03-22T04:08:55.768+0000][51224.105s] GC(23)   Post Evacuate Collection Set: 1.0ms
[2022-03-22T04:08:55.770+0000][51224.107s] GC(23)   Other: 10.4ms
[2022-03-22T04:08:55.770+0000][51224.107s] GC(23) Eden regions: 57->0(66)
[2022-03-22T04:08:55.771+0000][51224.107s] GC(23) Survivor regions: 5->8(8)
[2022-03-22T04:08:55.771+0000][51224.108s] GC(23) Old regions: 60->60
[2022-03-22T04:08:55.772+0000][51224.109s] GC(23) Humongous regions: 4->4
[2022-03-22T04:08:55.776+0000][51224.113s] GC(23) Metaspace: 52939K->52939K(1097728K)
[2022-03-22T04:08:55.779+0000][51224.116s] GC(23) Pause Young (Normal) (G1 Evacuation Pause) 123M->69M(512M) 53.254ms
[2022-03-22T04:08:55.782+0000][51224.119s] GC(23) User=0.04s Sys=0.02s Real=0.06s
[2022-03-22T04:08:59.340+0000][51227.677s] GC(24) Pause Young (Normal) (G1 Evacuation Pause)
[2022-03-22T04:08:59.341+0000][51227.677s] GC(24) Using 4 workers of 4 for evacuation
[2022-03-22T04:08:59.378+0000][51227.715s] GC(24)   Pre Evacuate Collection Set: 0.0ms
[2022-03-22T04:08:59.379+0000][51227.716s] GC(24)   Evacuate Collection Set: 28.4ms
[2022-03-22T04:08:59.380+0000][51227.717s] GC(24)   Post Evacuate Collection Set: 8.5ms
[2022-03-22T04:08:59.381+0000][51227.717s] GC(24)   Other: 1.1ms
[2022-03-22T04:08:59.381+0000][51227.718s] GC(24) Eden regions: 66->0(83)
[2022-03-22T04:08:59.382+0000][51227.718s] GC(24) Survivor regions: 8->8(10)
[2022-03-22T04:08:59.383+0000][51227.720s] GC(24) Old regions: 60->62
[2022-03-22T04:08:59.384+0000][51227.721s] GC(24) Humongous regions: 4->4
[2022-03-22T04:08:59.385+0000][51227.722s] GC(24) Metaspace: 52984K->52984K(1097728K)
[2022-03-22T04:08:59.385+0000][51227.722s] GC(24) Pause Young (Normal) (G1 Evacuation Pause) 135M->72M(512M) 45.130ms
[2022-03-22T04:08:59.386+0000][51227.723s] GC(24) User=0.08s Sys=0.00s Real=0.05s
[2022-03-22T04:17:58.816+0000][51767.152s] GC(25) Pause Young (Normal) (G1 Evacuation Pause)
[2022-03-22T04:17:58.816+0000][51767.153s] GC(25) Using 4 workers of 4 for evacuation
[2022-03-22T04:17:58.865+0000][51767.201s] GC(25)   Pre Evacuate Collection Set: 0.1ms
[2022-03-22T04:17:58.865+0000][51767.202s] GC(25)   Evacuate Collection Set: 46.8ms
[2022-03-22T04:17:58.865+0000][51767.202s] GC(25)   Post Evacuate Collection Set: 1.0ms
[2022-03-22T04:17:58.866+0000][51767.202s] GC(25)   Other: 1.1ms
[2022-03-22T04:17:58.866+0000][51767.202s] GC(25) Eden regions: 83->0(100)
[2022-03-22T04:17:58.866+0000][51767.203s] GC(25) Survivor regions: 8->11(12)
[2022-03-22T04:17:58.866+0000][51767.203s] GC(25) Old regions: 62->65
[2022-03-22T04:17:58.867+0000][51767.203s] GC(25) Humongous regions: 4->4
[2022-03-22T04:17:58.867+0000][51767.203s] GC(25) Metaspace: 53300K->53300K(1097728K)
[2022-03-22T04:17:58.867+0000][51767.204s] GC(25) Pause Young (Normal) (G1 Evacuation Pause) 155M->78M(512M) 51.211ms
[2022-03-22T04:17:58.867+0000][51767.204s] GC(25) User=0.20s Sys=0.00s Real=0.05s
[2022-03-22T04:18:00.521+0000][51768.858s] GC(26) Pause Young (Normal) (G1 Evacuation Pause)
[2022-03-22T04:18:00.522+0000][51768.858s] GC(26) Using 4 workers of 4 for evacuation
[2022-03-22T04:18:00.619+0000][51768.955s] GC(26)   Pre Evacuate Collection Set: 0.0ms
[2022-03-22T04:18:00.619+0000][51768.956s] GC(26)   Evacuate Collection Set: 84.8ms
[2022-03-22T04:18:00.619+0000][51768.956s] GC(26)   Post Evacuate Collection Set: 11.9ms
[2022-03-22T04:18:00.620+0000][51768.956s] GC(26)   Other: 0.8ms
[2022-03-22T04:18:00.620+0000][51768.956s] GC(26) Eden regions: 100->0(121)
[2022-03-22T04:18:00.620+0000][51768.957s] GC(26) Survivor regions: 11->7(14)
[2022-03-22T04:18:00.620+0000][51768.957s] GC(26) Old regions: 65->74
[2022-03-22T04:18:00.621+0000][51768.957s] GC(26) Humongous regions: 4->4
[2022-03-22T04:18:00.621+0000][51768.957s] GC(26) Metaspace: 53341K->53341K(1097728K)
[2022-03-22T04:18:00.621+0000][51768.958s] GC(26) Pause Young (Normal) (G1 Evacuation Pause) 178M->83M(512M) 99.885ms
[2022-03-22T04:18:00.621+0000][51768.958s] GC(26) User=0.37s Sys=0.00s Real=0.11s
[2022-03-22T04:18:02.415+0000][51770.752s] GC(27) Pause Young (Normal) (G1 Evacuation Pause)
[2022-03-22T04:18:02.415+0000][51770.752s] GC(27) Using 4 workers of 4 for evacuation
[2022-03-22T04:18:02.518+0000][51770.854s] GC(27)   Pre Evacuate Collection Set: 0.0ms
[2022-03-22T04:18:02.518+0000][51770.854s] GC(27)   Evacuate Collection Set: 67.7ms
[2022-03-22T04:18:02.518+0000][51770.855s] GC(27)   Post Evacuate Collection Set: 31.5ms
[2022-03-22T04:18:02.518+0000][51770.855s] GC(27)   Other: 3.3ms
[2022-03-22T04:18:02.519+0000][51770.855s] GC(27) Eden regions: 121->0(134)
[2022-03-22T04:18:02.519+0000][51770.855s] GC(27) Survivor regions: 7->13(16)
[2022-03-22T04:18:02.519+0000][51770.855s] GC(27) Old regions: 74->74
[2022-03-22T04:18:02.519+0000][51770.856s] GC(27) Humongous regions: 4->4
[2022-03-22T04:18:02.519+0000][51770.856s] GC(27) Metaspace: 53402K->53402K(1097728K)
[2022-03-22T04:18:02.520+0000][51770.856s] GC(27) Pause Young (Normal) (G1 Evacuation Pause) 204M->89M(512M) 104.556ms
[2022-03-22T04:18:02.520+0000][51770.856s] GC(27) User=0.32s Sys=0.00s Real=0.10s
[2022-03-22T04:18:04.601+0000][51772.937s] GC(28) Pause Young (Normal) (G1 Evacuation Pause)
[2022-03-22T04:18:04.601+0000][51772.938s] GC(28) Using 4 workers of 4 for evacuation
[2022-03-22T04:18:04.687+0000][51773.024s] GC(28)   Pre Evacuate Collection Set: 0.2ms
[2022-03-22T04:18:04.687+0000][51773.024s] GC(28)   Evacuate Collection Set: 47.4ms
[2022-03-22T04:18:04.688+0000][51773.024s] GC(28)   Post Evacuate Collection Set: 37.9ms
[2022-03-22T04:18:04.688+0000][51773.024s] GC(28)   Other: 1.1ms
[2022-03-22T04:18:04.688+0000][51773.025s] GC(28) Eden regions: 134->0(158)
[2022-03-22T04:18:04.688+0000][51773.025s] GC(28) Survivor regions: 13->14(19)
[2022-03-22T04:18:04.688+0000][51773.025s] GC(28) Old regions: 74->76
[2022-03-22T04:18:04.689+0000][51773.025s] GC(28) Humongous regions: 4->4
[2022-03-22T04:18:04.689+0000][51773.025s] GC(28) Metaspace: 53453K->53453K(1097728K)
[2022-03-22T04:18:04.689+0000][51773.026s] GC(28) Pause Young (Normal) (G1 Evacuation Pause) 223M->91M(512M) 88.539ms
[2022-03-22T04:18:04.689+0000][51773.026s] GC(28) User=0.33s Sys=0.00s Real=0.09s
[2022-03-22T04:18:06.905+0000][51775.241s] GC(29) Pause Young (Normal) (G1 Evacuation Pause)
[2022-03-22T04:18:06.905+0000][51775.241s] GC(29) Using 4 workers of 4 for evacuation
[2022-03-22T04:18:07.025+0000][51775.362s] GC(29)   Pre Evacuate Collection Set: 0.0ms
[2022-03-22T04:18:07.026+0000][51775.362s] GC(29)   Evacuate Collection Set: 79.6ms
[2022-03-22T04:18:07.026+0000][51775.362s] GC(29)   Post Evacuate Collection Set: 40.3ms
[2022-03-22T04:18:07.026+0000][51775.363s] GC(29)   Other: 0.8ms
[2022-03-22T04:18:07.026+0000][51775.363s] GC(29) Eden regions: 158->0(184)
[2022-03-22T04:18:07.026+0000][51775.363s] GC(29) Survivor regions: 14->13(22)
[2022-03-22T04:18:07.027+0000][51775.364s] GC(29) Old regions: 76->79
[2022-03-22T04:18:07.028+0000][51775.364s] GC(29) Humongous regions: 4->4
[2022-03-22T04:18:07.028+0000][51775.364s] GC(29) Metaspace: 53528K->53528K(1097728K)
[2022-03-22T04:18:07.028+0000][51775.364s] GC(29) Pause Young (Normal) (G1 Evacuation Pause) 249M->93M(512M) 123.318ms
[2022-03-22T04:18:07.028+0000][51775.365s] GC(29) User=0.34s Sys=0.00s Real=0.12s
[2022-03-22T04:29:41.466+0000][52469.803s] GC(30) Pause Young (Normal) (G1 Evacuation Pause)
[2022-03-22T04:29:41.470+0000][52469.806s] GC(30) Using 4 workers of 4 for evacuation
[2022-03-22T04:29:41.590+0000][52469.927s] GC(30)   Pre Evacuate Collection Set: 0.1ms
[2022-03-22T04:29:41.591+0000][52469.927s] GC(30)   Evacuate Collection Set: 57.2ms
[2022-03-22T04:29:41.591+0000][52469.927s] GC(30)   Post Evacuate Collection Set: 63.0ms
[2022-03-22T04:29:41.591+0000][52469.928s] GC(30)   Other: 4.0ms
[2022-03-22T04:29:41.591+0000][52469.928s] GC(30) Eden regions: 184->0(215)
[2022-03-22T04:29:41.592+0000][52469.928s] GC(30) Survivor regions: 13->19(25)
[2022-03-22T04:29:41.597+0000][52469.933s] GC(30) Old regions: 79->79
[2022-03-22T04:29:41.597+0000][52469.934s] GC(30) Humongous regions: 4->4
[2022-03-22T04:29:41.598+0000][52469.934s] GC(30) Metaspace: 53584K->53584K(1097728K)
[2022-03-22T04:29:41.601+0000][52469.938s] GC(30) Pause Young (Normal) (G1 Evacuation Pause) 277M->99M(512M) 134.934ms
[2022-03-22T04:29:41.602+0000][52469.939s] GC(30) User=0.46s Sys=0.00s Real=0.14s
[2022-03-22T04:29:44.845+0000][52473.182s] GC(31) Pause Young (Normal) (G1 Evacuation Pause)
[2022-03-22T04:29:44.845+0000][52473.182s] GC(31) Using 4 workers of 4 for evacuation
[2022-03-22T04:29:44.940+0000][52473.277s] GC(31)   Pre Evacuate Collection Set: 0.0ms
[2022-03-22T04:29:44.941+0000][52473.277s] GC(31)   Evacuate Collection Set: 61.7ms
[2022-03-22T04:29:44.941+0000][52473.277s] GC(31)   Post Evacuate Collection Set: 32.6ms
[2022-03-22T04:29:44.941+0000][52473.278s] GC(31)   Other: 0.9ms
[2022-03-22T04:29:44.941+0000][52473.278s] GC(31) Eden regions: 215->0(289)
[2022-03-22T04:29:44.942+0000][52473.278s] GC(31) Survivor regions: 19->18(30)
[2022-03-22T04:29:44.942+0000][52473.278s] GC(31) Old regions: 79->80
[2022-03-22T04:29:44.942+0000][52473.278s] GC(31) Humongous regions: 4->4
[2022-03-22T04:29:44.942+0000][52473.279s] GC(31) Metaspace: 53672K->53672K(1097728K)
[2022-03-22T04:29:44.942+0000][52473.279s] GC(31) Pause Young (Normal) (G1 Evacuation Pause) 314M->99M(512M) 97.137ms
[2022-03-22T04:29:44.943+0000][52473.280s] GC(31) User=0.36s Sys=0.01s Real=0.10s
[2022-03-22T04:29:48.787+0000][52477.124s] GC(32) Pause Young (Normal) (G1 Evacuation Pause)
[2022-03-22T04:29:48.787+0000][52477.124s] GC(32) Using 4 workers of 4 for evacuation
[2022-03-22T04:29:48.868+0000][52477.205s] GC(32)   Pre Evacuate Collection Set: 0.0ms
[2022-03-22T04:29:48.869+0000][52477.205s] GC(32)   Evacuate Collection Set: 42.5ms
[2022-03-22T04:29:48.869+0000][52477.206s] GC(32)   Post Evacuate Collection Set: 37.6ms
[2022-03-22T04:29:48.869+0000][52477.206s] GC(32)   Other: 1.4ms
[2022-03-22T04:29:48.869+0000][52477.206s] GC(32) Eden regions: 289->0(281)
[2022-03-22T04:29:48.870+0000][52477.206s] GC(32) Survivor regions: 18->26(39)
[2022-03-22T04:29:48.870+0000][52477.206s] GC(32) Old regions: 80->80
[2022-03-22T04:29:48.870+0000][52477.207s] GC(32) Humongous regions: 4->4
[2022-03-22T04:29:48.870+0000][52477.207s] GC(32) Metaspace: 53733K->53733K(1097728K)
[2022-03-22T04:29:48.871+0000][52477.207s] GC(32) Pause Young (Normal) (G1 Evacuation Pause) 388M->107M(512M) 83.461ms
[2022-03-22T04:29:48.871+0000][52477.207s] GC(32) User=0.31s Sys=0.00s Real=0.08s
[2022-03-22T04:33:55.663+0000][52724.000s] GC(33) Pause Young (Normal) (G1 Evacuation Pause)
[2022-03-22T04:33:55.670+0000][52724.007s] GC(33) Using 4 workers of 4 for evacuation
[2022-03-22T04:33:55.854+0000][52724.191s] GC(33)   Pre Evacuate Collection Set: 0.1ms
[2022-03-22T04:33:55.854+0000][52724.191s] GC(33)   Evacuate Collection Set: 151.2ms
[2022-03-22T04:33:55.855+0000][52724.191s] GC(33)   Post Evacuate Collection Set: 26.4ms
[2022-03-22T04:33:55.855+0000][52724.192s] GC(33)   Other: 13.2ms
[2022-03-22T04:33:55.855+0000][52724.192s] GC(33) Eden regions: 281->0(283)
[2022-03-22T04:33:55.856+0000][52724.192s] GC(33) Survivor regions: 26->24(39)
[2022-03-22T04:33:55.856+0000][52724.193s] GC(33) Old regions: 80->85
[2022-03-22T04:33:55.857+0000][52724.193s] GC(33) Humongous regions: 4->4
[2022-03-22T04:33:55.857+0000][52724.194s] GC(33) Metaspace: 53825K->53825K(1097728K)
[2022-03-22T04:33:55.858+0000][52724.195s] GC(33) Pause Young (Normal) (G1 Evacuation Pause) 388M->111M(512M) 194.810ms
[2022-03-22T04:33:55.859+0000][52724.195s] GC(33) User=0.25s Sys=0.02s Real=0.19s
[2022-03-22T04:34:05.013+0000][52733.350s] GC(34) Pause Young (Normal) (G1 Evacuation Pause)
[2022-03-22T04:34:05.016+0000][52733.353s] GC(34) Using 4 workers of 4 for evacuation
[2022-03-22T04:34:05.125+0000][52733.462s] GC(34)   Pre Evacuate Collection Set: 0.1ms
[2022-03-22T04:34:05.127+0000][52733.463s] GC(34)   Evacuate Collection Set: 71.1ms
[2022-03-22T04:34:05.127+0000][52733.464s] GC(34)   Post Evacuate Collection Set: 33.1ms
[2022-03-22T04:34:05.128+0000][52733.465s] GC(34)   Other: 7.5ms
[2022-03-22T04:34:05.129+0000][52733.465s] GC(34) Eden regions: 283->0(277)
[2022-03-22T04:34:05.129+0000][52733.466s] GC(34) Survivor regions: 24->30(39)
[2022-03-22T04:34:05.132+0000][52733.468s] GC(34) Old regions: 85->86
[2022-03-22T04:34:05.133+0000][52733.469s] GC(34) Humongous regions: 4->4
[2022-03-22T04:34:05.134+0000][52733.471s] GC(34) Metaspace: 53987K->53987K(1097728K)
[2022-03-22T04:34:05.135+0000][52733.471s] GC(34) Pause Young (Normal) (G1 Evacuation Pause) 394M->117M(512M) 121.510ms
[2022-03-22T04:34:05.135+0000][52733.472s] GC(34) User=0.14s Sys=0.07s Real=0.12s
[2022-03-22T04:34:10.667+0000][52739.004s] GC(35) Pause Young (Normal) (G1 Evacuation Pause)
[2022-03-22T04:34:10.668+0000][52739.004s] GC(35) Using 4 workers of 4 for evacuation
[2022-03-22T04:34:10.835+0000][52739.172s] GC(35)   Pre Evacuate Collection Set: 0.0ms
[2022-03-22T04:34:10.836+0000][52739.173s] GC(35)   Evacuate Collection Set: 141.6ms
[2022-03-22T04:34:10.836+0000][52739.173s] GC(35)   Post Evacuate Collection Set: 25.2ms
[2022-03-22T04:34:10.837+0000][52739.173s] GC(35)   Other: 1.2ms
[2022-03-22T04:34:10.837+0000][52739.173s] GC(35) Eden regions: 277->0(275)
[2022-03-22T04:34:10.837+0000][52739.174s] GC(35) Survivor regions: 30->30(39)
[2022-03-22T04:34:10.838+0000][52739.174s] GC(35) Old regions: 86->94
[2022-03-22T04:34:10.838+0000][52739.174s] GC(35) Humongous regions: 4->4
[2022-03-22T04:34:10.838+0000][52739.175s] GC(35) Metaspace: 54045K->54045K(1097728K)
[2022-03-22T04:34:10.838+0000][52739.175s] GC(35) Pause Young (Normal) (G1 Evacuation Pause) 394M->125M(512M) 171.160ms
[2022-03-22T04:34:10.839+0000][52739.175s] GC(35) User=0.22s Sys=0.00s Real=0.17s
[2022-03-22T04:34:15.415+0000][52743.751s] GC(36) Pause Young (Normal) (G1 Evacuation Pause)
[2022-03-22T04:34:15.415+0000][52743.752s] GC(36) Using 4 workers of 4 for evacuation
[2022-03-22T04:34:15.526+0000][52743.863s] GC(36)   Pre Evacuate Collection Set: 0.4ms
[2022-03-22T04:34:15.527+0000][52743.863s] GC(36)   Evacuate Collection Set: 68.5ms
[2022-03-22T04:34:15.527+0000][52743.863s] GC(36)   Post Evacuate Collection Set: 41.4ms
[2022-03-22T04:34:15.527+0000][52743.864s] GC(36)   Other: 1.5ms
[2022-03-22T04:34:15.527+0000][52743.864s] GC(36) Eden regions: 275->0(275)
[2022-03-22T04:34:15.528+0000][52743.864s] GC(36) Survivor regions: 30->27(39)
[2022-03-22T04:34:15.528+0000][52743.864s] GC(36) Old regions: 94->99
[2022-03-22T04:34:15.528+0000][52743.865s] GC(36) Humongous regions: 4->4
[2022-03-22T04:34:15.528+0000][52743.865s] GC(36) Metaspace: 54111K->54111K(1097728K)
[2022-03-22T04:34:15.529+0000][52743.865s] GC(36) Pause Young (Normal) (G1 Evacuation Pause) 400M->127M(512M) 114.100ms
[2022-03-22T04:34:15.529+0000][52743.865s] GC(36) User=0.18s Sys=0.01s Real=0.11s
[2022-03-22T04:34:20.072+0000][52748.409s] GC(37) Pause Young (Normal) (G1 Evacuation Pause)
[2022-03-22T04:34:20.073+0000][52748.410s] GC(37) Using 4 workers of 4 for evacuation
[2022-03-22T04:34:20.219+0000][52748.556s] GC(37)   Pre Evacuate Collection Set: 0.0ms
[2022-03-22T04:34:20.219+0000][52748.556s] GC(37)   Evacuate Collection Set: 87.8ms
[2022-03-22T04:34:20.220+0000][52748.556s] GC(37)   Post Evacuate Collection Set: 57.4ms
[2022-03-22T04:34:20.220+0000][52748.557s] GC(37)   Other: 1.6ms
[2022-03-22T04:34:20.221+0000][52748.557s] GC(37) Eden regions: 275->0(274)
[2022-03-22T04:34:20.221+0000][52748.558s] GC(37) Survivor regions: 27->25(38)
[2022-03-22T04:34:20.225+0000][52748.561s] GC(37) Old regions: 99->104
[2022-03-22T04:34:20.226+0000][52748.562s] GC(37) Humongous regions: 4->4
[2022-03-22T04:34:20.226+0000][52748.563s] GC(37) Metaspace: 54191K->54191K(1099776K)
[2022-03-22T04:34:20.226+0000][52748.563s] GC(37) Pause Young (Normal) (G1 Evacuation Pause) 402M->131M(512M) 154.233ms
[2022-03-22T04:34:20.227+0000][52748.563s] GC(37) User=0.29s Sys=0.00s Real=0.15s
[2022-03-22T04:40:16.699+0000][53105.035s] GC(38) Pause Young (Normal) (G1 Evacuation Pause)
[2022-03-22T04:40:16.699+0000][53105.036s] GC(38) Using 4 workers of 4 for evacuation
[2022-03-22T04:40:16.760+0000][53105.096s] GC(38)   Pre Evacuate Collection Set: 0.1ms
[2022-03-22T04:40:16.760+0000][53105.097s] GC(38)   Evacuate Collection Set: 31.5ms
[2022-03-22T04:40:16.760+0000][53105.097s] GC(38)   Post Evacuate Collection Set: 28.2ms
[2022-03-22T04:40:16.761+0000][53105.097s] GC(38)   Other: 1.4ms
[2022-03-22T04:40:16.761+0000][53105.097s] GC(38) Eden regions: 274->0(272)
[2022-03-22T04:40:16.761+0000][53105.098s] GC(38) Survivor regions: 25->24(38)
[2022-03-22T04:40:16.761+0000][53105.098s] GC(38) Old regions: 104->109
[2022-03-22T04:40:16.762+0000][53105.098s] GC(38) Humongous regions: 4->4
[2022-03-22T04:40:16.762+0000][53105.098s] GC(38) Metaspace: 54913K->54913K(1099776K)
[2022-03-22T04:40:16.762+0000][53105.099s] GC(38) Pause Young (Normal) (G1 Evacuation Pause) 405M->134M(512M) 63.536ms
[2022-03-22T04:40:16.762+0000][53105.099s] GC(38) User=0.22s Sys=0.02s Real=0.07s
[2022-03-22T05:58:19.416+0000][57787.752s] GC(39) Pause Young (Normal) (G1 Evacuation Pause)
[2022-03-22T05:58:19.417+0000][57787.753s] GC(39) Using 4 workers of 4 for evacuation
[2022-03-22T05:58:20.036+0000][57788.372s] GC(39) MMU target violated: 251.0ms (250.0ms/251.0ms)
[2022-03-22T05:58:20.042+0000][57788.378s] GC(39)   Pre Evacuate Collection Set: 11.9ms
[2022-03-22T05:58:20.042+0000][57788.379s] GC(39)   Evacuate Collection Set: 532.3ms
[2022-03-22T05:58:20.043+0000][57788.380s] GC(39)   Post Evacuate Collection Set: 61.8ms
[2022-03-22T05:58:20.044+0000][57788.381s] GC(39)   Other: 20.4ms
[2022-03-22T05:58:20.046+0000][57788.382s] GC(39) Eden regions: 272->0(80)
[2022-03-22T05:58:20.046+0000][57788.383s] GC(39) Survivor regions: 24->18(37)
[2022-03-22T05:58:20.047+0000][57788.384s] GC(39) Old regions: 109->111
[2022-03-22T05:58:20.048+0000][57788.384s] GC(39) Humongous regions: 4->4
[2022-03-22T05:58:20.048+0000][57788.385s] GC(39) Metaspace: 57084K->57084K(1101824K)
[2022-03-22T05:58:20.049+0000][57788.386s] GC(39) Pause Young (Normal) (G1 Evacuation Pause) 406M->130M(512M) 633.044ms
[2022-03-22T05:58:20.050+0000][57788.387s] GC(39) User=0.60s Sys=0.12s Real=0.63s
[2022-03-22T05:58:22.002+0000][57790.339s] GC(40) Pause Young (Normal) (G1 Evacuation Pause)
[2022-03-22T05:58:22.002+0000][57790.339s] GC(40) Using 4 workers of 4 for evacuation
[2022-03-22T05:58:22.066+0000][57790.402s] GC(40)   Pre Evacuate Collection Set: 0.0ms
[2022-03-22T05:58:22.066+0000][57790.403s] GC(40)   Evacuate Collection Set: 61.6ms
[2022-03-22T05:58:22.067+0000][57790.403s] GC(40)   Post Evacuate Collection Set: 1.3ms
[2022-03-22T05:58:22.067+0000][57790.403s] GC(40)   Other: 0.9ms
[2022-03-22T05:58:22.067+0000][57790.404s] GC(40) Eden regions: 80->0(250)
[2022-03-22T05:58:22.067+0000][57790.404s] GC(40) Survivor regions: 18->7(13)
[2022-03-22T05:58:22.068+0000][57790.404s] GC(40) Old regions: 111->123
[2022-03-22T05:58:22.068+0000][57790.404s] GC(40) Humongous regions: 4->4
[2022-03-22T05:58:22.068+0000][57790.405s] GC(40) Metaspace: 57095K->57095K(1101824K)
[2022-03-22T05:58:22.068+0000][57790.405s] GC(40) Pause Young (Normal) (G1 Evacuation Pause) 210M->132M(512M) 66.258ms
[2022-03-22T05:58:22.069+0000][57790.405s] GC(40) User=0.20s Sys=0.01s Real=0.06s
[2022-03-22T06:00:20.567+0000][57908.903s] GC(41) Pause Young (Normal) (G1 Evacuation Pause)
[2022-03-22T06:00:20.582+0000][57908.918s] GC(41) Using 4 workers of 4 for evacuation
[2022-03-22T06:00:20.717+0000][57909.054s] GC(41)   Pre Evacuate Collection Set: 0.1ms
[2022-03-22T06:00:20.718+0000][57909.054s] GC(41)   Evacuate Collection Set: 119.6ms
[2022-03-22T06:00:20.718+0000][57909.055s] GC(41)   Post Evacuate Collection Set: 15.4ms
[2022-03-22T06:00:20.719+0000][57909.055s] GC(41)   Other: 15.6ms
[2022-03-22T06:00:20.719+0000][57909.055s] GC(41) Eden regions: 250->0(158)
[2022-03-22T06:00:20.719+0000][57909.056s] GC(41) Survivor regions: 7->20(33)
[2022-03-22T06:00:20.732+0000][57909.068s] GC(41) Old regions: 123->123
[2022-03-22T06:00:20.732+0000][57909.069s] GC(41) Humongous regions: 4->4
[2022-03-22T06:00:20.733+0000][57909.070s] GC(41) Metaspace: 57157K->57157K(1101824K)
[2022-03-22T06:00:20.733+0000][57909.070s] GC(41) Pause Young (Normal) (G1 Evacuation Pause) 382M->145M(512M) 166.409ms
[2022-03-22T06:00:20.734+0000][57909.071s] GC(41) User=0.16s Sys=0.08s Real=0.17s
[2022-03-22T06:00:24.154+0000][57912.491s] GC(42) Pause Young (Normal) (G1 Evacuation Pause)
[2022-03-22T06:00:24.158+0000][57912.495s] GC(42) Using 4 workers of 4 for evacuation
[2022-03-22T06:00:24.271+0000][57912.607s] GC(42)   Pre Evacuate Collection Set: 0.0ms
[2022-03-22T06:00:24.271+0000][57912.608s] GC(42)   Evacuate Collection Set: 88.8ms
[2022-03-22T06:00:24.273+0000][57912.609s] GC(42)   Post Evacuate Collection Set: 15.9ms
[2022-03-22T06:00:24.273+0000][57912.610s] GC(42)   Other: 11.3ms
[2022-03-22T06:00:24.274+0000][57912.611s] GC(42) Eden regions: 158->0(265)
[2022-03-22T06:00:24.275+0000][57912.611s] GC(42) Survivor regions: 20->10(23)
[2022-03-22T06:00:24.276+0000][57912.612s] GC(42) Old regions: 123->138
[2022-03-22T06:00:24.276+0000][57912.613s] GC(42) Humongous regions: 4->4
[2022-03-22T06:00:24.278+0000][57912.614s] GC(42) Metaspace: 57216K->57216K(1101824K)
[2022-03-22T06:00:24.279+0000][57912.615s] GC(42) Pause Young (Normal) (G1 Evacuation Pause) 303M->149M(512M) 124.294ms
[2022-03-22T06:00:24.279+0000][57912.616s] GC(42) User=0.23s Sys=0.07s Real=0.12s
[2022-03-22T06:01:16.163+0000][57964.499s] GC(43) Pause Young (Normal) (G1 Evacuation Pause)
[2022-03-22T06:01:16.171+0000][57964.508s] GC(43) Using 4 workers of 4 for evacuation
[2022-03-22T06:01:16.426+0000][57964.762s] GC(43)   Pre Evacuate Collection Set: 0.0ms
[2022-03-22T06:01:16.441+0000][57964.777s] GC(43)   Evacuate Collection Set: 97.0ms
[2022-03-22T06:01:16.444+0000][57964.780s] GC(43)   Post Evacuate Collection Set: 125.0ms
[2022-03-22T06:01:16.456+0000][57964.792s] GC(43)   Other: 40.5ms
[2022-03-22T06:01:16.472+0000][57964.808s] GC(43) Eden regions: 265->0(167)
[2022-03-22T06:01:16.479+0000][57964.815s] GC(43) Survivor regions: 10->24(35)
[2022-03-22T06:01:16.479+0000][57964.816s] GC(43) Old regions: 138->138
[2022-03-22T06:01:16.480+0000][57964.816s] GC(43) Humongous regions: 4->4
[2022-03-22T06:01:16.481+0000][57964.817s] GC(43) Metaspace: 57279K->57279K(1101824K)
[2022-03-22T06:01:16.493+0000][57964.829s] GC(43) Pause Young (Normal) (G1 Evacuation Pause) 414M->163M(512M) 329.642ms
[2022-03-22T06:01:16.509+0000][57964.845s] GC(43) User=0.21s Sys=0.10s Real=0.35s
[2022-03-22T06:01:21.523+0000][57969.860s] GC(44) Pause Young (Normal) (G1 Evacuation Pause)
[2022-03-22T06:01:21.523+0000][57969.860s] GC(44) Using 4 workers of 4 for evacuation
[2022-03-22T06:01:21.706+0000][57970.043s] GC(44)   Pre Evacuate Collection Set: 0.0ms
[2022-03-22T06:01:21.707+0000][57970.044s] GC(44)   Evacuate Collection Set: 140.4ms
[2022-03-22T06:01:21.708+0000][57970.044s] GC(44)   Post Evacuate Collection Set: 41.7ms
[2022-03-22T06:01:21.709+0000][57970.046s] GC(44)   Other: 1.0ms
[2022-03-22T06:01:21.710+0000][57970.047s] GC(44) Eden regions: 167->0(256)
[2022-03-22T06:01:21.712+0000][57970.051s] GC(44) Survivor regions: 24->11(24)
[2022-03-22T06:01:21.718+0000][57970.054s] GC(44) Old regions: 138->149
[2022-03-22T06:01:21.718+0000][57970.055s] GC(44) Humongous regions: 4->4
[2022-03-22T06:01:21.719+0000][57970.055s] GC(44) Metaspace: 57320K->57320K(1101824K)
[2022-03-22T06:01:21.720+0000][57970.057s] GC(44) Pause Young (Normal) (G1 Evacuation Pause) 330M->162M(512M) 196.992ms
[2022-03-22T06:01:21.721+0000][57970.057s] GC(44) User=0.20s Sys=0.16s Real=0.19s
[2022-03-22T06:01:59.866+0000][58008.202s] GC(45) Pause Young (Normal) (G1 Evacuation Pause)
[2022-03-22T06:01:59.866+0000][58008.203s] GC(45) Using 4 workers of 4 for evacuation
[2022-03-22T06:01:59.920+0000][58008.257s] GC(45)   Pre Evacuate Collection Set: 0.1ms
[2022-03-22T06:01:59.922+0000][58008.259s] GC(45)   Evacuate Collection Set: 31.0ms
[2022-03-22T06:01:59.923+0000][58008.259s] GC(45)   Post Evacuate Collection Set: 22.3ms
[2022-03-22T06:01:59.923+0000][58008.260s] GC(45)   Other: 1.0ms
[2022-03-22T06:01:59.924+0000][58008.261s] GC(45) Eden regions: 256->0(242)
[2022-03-22T06:01:59.925+0000][58008.262s] GC(45) Survivor regions: 11->25(34)
[2022-03-22T06:01:59.925+0000][58008.262s] GC(45) Old regions: 149->149
[2022-03-22T06:01:59.926+0000][58008.262s] GC(45) Humongous regions: 4->4
[2022-03-22T06:01:59.926+0000][58008.263s] GC(45) Metaspace: 57380K->57380K(1101824K)
[2022-03-22T06:01:59.927+0000][58008.263s] GC(45) Pause Young (Normal) (G1 Evacuation Pause) 418M->176M(512M) 60.680ms
[2022-03-22T06:01:59.927+0000][58008.264s] GC(45) User=0.12s Sys=0.00s Real=0.06s
[2022-03-22T06:39:36.845+0000][60265.182s] GC(46) Pause Young (Normal) (G1 Evacuation Pause)
[2022-03-22T06:39:36.855+0000][60265.192s] GC(46) Using 4 workers of 4 for evacuation
[2022-03-22T06:39:37.512+0000][60265.849s] GC(46) MMU target violated: 251.0ms (250.0ms/251.0ms)
[2022-03-22T06:39:37.513+0000][60265.849s] GC(46)   Pre Evacuate Collection Set: 9.1ms
[2022-03-22T06:39:37.513+0000][60265.850s] GC(46)   Evacuate Collection Set: 280.7ms
[2022-03-22T06:39:37.514+0000][60265.851s] GC(46)   Post Evacuate Collection Set: 363.2ms
[2022-03-22T06:39:37.515+0000][60265.852s] GC(46)   Other: 17.5ms
[2022-03-22T06:39:37.516+0000][60265.852s] GC(46) Eden regions: 242->0(6)
[2022-03-22T06:39:37.516+0000][60265.853s] GC(46) Survivor regions: 25->19(34)
[2022-03-22T06:39:37.517+0000][60265.853s] GC(46) Old regions: 149->152
[2022-03-22T06:39:37.517+0000][60265.853s] GC(46) Humongous regions: 4->4
[2022-03-22T06:39:37.517+0000][60265.854s] GC(46) Metaspace: 57402K->57402K(1101824K)
[2022-03-22T06:39:37.519+0000][60265.855s] GC(46) Pause Young (Normal) (G1 Evacuation Pause) 418M->173M(512M) 673.987ms
[2022-03-22T06:39:37.519+0000][60265.856s] GC(46) User=2.52s Sys=0.00s Real=0.67s
[2022-03-22T06:50:49.392+0000][60937.729s] GC(47) Pause Young (Normal) (G1 Evacuation Pause)
[2022-03-22T06:50:49.393+0000][60937.729s] GC(47) Using 4 workers of 4 for evacuation
[2022-03-22T06:50:49.412+0000][60937.748s] GC(47)   Pre Evacuate Collection Set: 0.1ms
[2022-03-22T06:50:49.412+0000][60937.748s] GC(47)   Evacuate Collection Set: 16.6ms
[2022-03-22T06:50:49.412+0000][60937.749s] GC(47)   Post Evacuate Collection Set: 0.9ms
[2022-03-22T06:50:49.413+0000][60937.749s] GC(47)   Other: 1.9ms
[2022-03-22T06:50:49.413+0000][60937.750s] GC(47) Eden regions: 6->0(207)
[2022-03-22T06:50:49.413+0000][60937.750s] GC(47) Survivor regions: 19->2(4)
[2022-03-22T06:50:49.414+0000][60937.750s] GC(47) Old regions: 152->157
[2022-03-22T06:50:49.414+0000][60937.751s] GC(47) Humongous regions: 4->4
[2022-03-22T06:50:49.415+0000][60937.751s] GC(47) Metaspace: 57402K->57402K(1101824K)
[2022-03-22T06:50:49.415+0000][60937.751s] GC(47) Pause Young (Normal) (G1 Evacuation Pause) 179M->161M(512M) 22.931ms
[2022-03-22T06:50:49.415+0000][60937.752s] GC(47) User=0.07s Sys=0.00s Real=0.02s
[2022-03-22T07:39:13.774+0000][63842.110s] Heap
[2022-03-22T07:39:13.774+0000][63842.110s]  garbage-first heap   total 524288K, used 219138K [0x00000000e0000000, 0x0000000100000000)
[2022-03-22T07:39:13.774+0000][63842.111s]   region size 1024K, 57 young (58368K), 2 survivors (2048K)
[2022-03-22T07:39:13.774+0000][63842.111s]  Metaspace       used 58611K, capacity 60251K, committed 60572K, reserved 1103872K
[2022-03-22T07:39:13.775+0000][63842.111s]   class space    used 6530K, capacity 7115K, committed 7176K, reserved 1048576K
