[2022-03-22T12:12:01.798+0000][2.848s] Heap region size: 1M
[2022-03-22T12:12:10.822+0000][11.872s] Using G1
[2022-03-22T12:12:10.892+0000][11.942s] Heap address: 0x00000000e0000000, size: 512 MB, Compressed Oops mode: 32-bit
[2022-03-22T12:12:11.002+0000][12.052s] Mark closed archive regions in map: [0x00000000fff00000, 0x00000000fff63ff8]
[2022-03-22T12:12:11.007+0000][12.056s] Mark open archive regions in map: [0x00000000ffe00000, 0x00000000ffe41ff8]
[2022-03-22T12:12:22.558+0000][23.608s] GC(0) Pause Young (Normal) (G1 Evacuation Pause)
[2022-03-22T12:12:22.602+0000][23.651s] GC(0) Using 4 workers of 4 for evacuation
[2022-03-22T12:12:23.149+0000][24.199s] GC(0) MMU target violated: 251.0ms (250.0ms/251.0ms)
[2022-03-22T12:12:23.168+0000][24.217s] GC(0)   Pre Evacuate Collection Set: 0.2ms
[2022-03-22T12:12:23.183+0000][24.233s] GC(0)   Evacuate Collection Set: 428.7ms
[2022-03-22T12:12:23.191+0000][24.241s] GC(0)   Post Evacuate Collection Set: 79.9ms
[2022-03-22T12:12:23.196+0000][24.246s] GC(0)   Other: 106.5ms
[2022-03-22T12:12:23.207+0000][24.257s] GC(0) Eden regions: 25->0(22)
[2022-03-22T12:12:23.223+0000][24.273s] GC(0) Survivor regions: 0->3(4)
[2022-03-22T12:12:23.239+0000][24.289s] GC(0) Old regions: 2->2
[2022-03-22T12:12:23.255+0000][24.305s] GC(0) Humongous regions: 0->0
[2022-03-22T12:12:23.275+0000][24.324s] GC(0) Metaspace: 6935K->6935K(1056768K)
[2022-03-22T12:12:23.287+0000][24.337s] GC(0) Pause Young (Normal) (G1 Evacuation Pause) 25M->3M(512M) 728.910ms
[2022-03-22T12:12:23.291+0000][24.340s] GC(0) User=0.40s Sys=0.07s Real=0.73s
[2022-03-22T12:12:32.820+0000][33.869s] GC(1) Pause Young (Normal) (G1 Evacuation Pause)
[2022-03-22T12:12:32.854+0000][33.903s] GC(1) Using 4 workers of 4 for evacuation
[2022-03-22T12:12:33.538+0000][34.588s] GC(1) MMU target violated: 251.0ms (250.0ms/251.0ms)
[2022-03-22T12:12:33.570+0000][34.620s] GC(1)   Pre Evacuate Collection Set: 0.1ms
[2022-03-22T12:12:33.589+0000][34.638s] GC(1)   Evacuate Collection Set: 651.5ms
[2022-03-22T12:12:33.621+0000][34.670s] GC(1)   Post Evacuate Collection Set: 17.9ms
[2022-03-22T12:12:33.637+0000][34.686s] GC(1)   Other: 80.9ms
[2022-03-22T12:12:33.652+0000][34.702s] GC(1) Eden regions: 22->0(21)
[2022-03-22T12:12:33.684+0000][34.734s] GC(1) Survivor regions: 3->4(4)
[2022-03-22T12:12:33.700+0000][34.750s] GC(1) Old regions: 2->10
[2022-03-22T12:12:33.716+0000][34.766s] GC(1) Humongous regions: 4->4
[2022-03-22T12:12:33.748+0000][34.798s] GC(1) Metaspace: 12922K->12922K(1060864K)
[2022-03-22T12:12:33.786+0000][34.835s] GC(1) Pause Young (Normal) (G1 Evacuation Pause) 29M->16M(512M) 966.019ms
[2022-03-22T12:12:33.860+0000][34.910s] GC(1) User=0.47s Sys=0.06s Real=1.04s
[2022-03-22T12:12:38.985+0000][40.035s] GC(2) Pause Young (Normal) (G1 Evacuation Pause)
[2022-03-22T12:12:38.986+0000][40.036s] GC(2) Using 4 workers of 4 for evacuation
[2022-03-22T12:12:39.188+0000][40.238s] GC(2)   Pre Evacuate Collection Set: 0.0ms
[2022-03-22T12:12:39.204+0000][40.253s] GC(2)   Evacuate Collection Set: 144.9ms
[2022-03-22T12:12:39.212+0000][40.262s] GC(2)   Post Evacuate Collection Set: 51.1ms
[2022-03-22T12:12:39.213+0000][40.262s] GC(2)   Other: 7.4ms
[2022-03-22T12:12:39.213+0000][40.263s] GC(2) Eden regions: 21->0(21)
[2022-03-22T12:12:39.213+0000][40.263s] GC(2) Survivor regions: 4->4(4)
[2022-03-22T12:12:39.213+0000][40.263s] GC(2) Old regions: 10->15
[2022-03-22T12:12:39.214+0000][40.263s] GC(2) Humongous regions: 4->4
[2022-03-22T12:12:39.214+0000][40.263s] GC(2) Metaspace: 15738K->15738K(1062912K)
[2022-03-22T12:12:39.214+0000][40.264s] GC(2) Pause Young (Normal) (G1 Evacuation Pause) 37M->20M(512M) 229.165ms
[2022-03-22T12:12:39.220+0000][40.269s] GC(2) User=0.14s Sys=0.03s Real=0.24s
[2022-03-22T12:12:44.616+0000][45.665s] GC(3) Pause Young (Normal) (G1 Evacuation Pause)
[2022-03-22T12:12:44.629+0000][45.679s] GC(3) Using 4 workers of 4 for evacuation
[2022-03-22T12:12:44.754+0000][45.803s] GC(3)   Pre Evacuate Collection Set: 0.1ms
[2022-03-22T12:12:44.770+0000][45.819s] GC(3)   Evacuate Collection Set: 105.9ms
[2022-03-22T12:12:44.774+0000][45.824s] GC(3)   Post Evacuate Collection Set: 15.6ms
[2022-03-22T12:12:44.775+0000][45.825s] GC(3)   Other: 16.2ms
[2022-03-22T12:12:44.776+0000][45.826s] GC(3) Eden regions: 21->0(21)
[2022-03-22T12:12:44.776+0000][45.826s] GC(3) Survivor regions: 4->4(4)
[2022-03-22T12:12:44.777+0000][45.826s] GC(3) Old regions: 15->19
[2022-03-22T12:12:44.778+0000][45.828s] GC(3) Humongous regions: 4->4
[2022-03-22T12:12:44.779+0000][45.829s] GC(3) Metaspace: 17473K->17473K(1064960K)
[2022-03-22T12:12:44.780+0000][45.829s] GC(3) Pause Young (Normal) (G1 Evacuation Pause) 41M->24M(512M) 164.031ms
[2022-03-22T12:12:44.780+0000][45.830s] GC(3) User=0.12s Sys=0.02s Real=0.17s
[2022-03-22T12:12:47.526+0000][48.575s] GC(4) Pause Young (Normal) (G1 Evacuation Pause)
[2022-03-22T12:12:47.543+0000][48.593s] GC(4) Using 4 workers of 4 for evacuation
[2022-03-22T12:12:47.644+0000][48.694s] GC(4)   Pre Evacuate Collection Set: 0.0ms
[2022-03-22T12:12:47.660+0000][48.710s] GC(4)   Evacuate Collection Set: 83.4ms
[2022-03-22T12:12:47.676+0000][48.726s] GC(4)   Post Evacuate Collection Set: 1.2ms
[2022-03-22T12:12:47.689+0000][48.738s] GC(4)   Other: 34.1ms
[2022-03-22T12:12:47.696+0000][48.746s] GC(4) Eden regions: 21->0(24)
[2022-03-22T12:12:47.712+0000][48.761s] GC(4) Survivor regions: 4->1(4)
[2022-03-22T12:12:47.713+0000][48.763s] GC(4) Old regions: 19->22
[2022-03-22T12:12:47.714+0000][48.763s] GC(4) Humongous regions: 4->4
[2022-03-22T12:12:47.714+0000][48.764s] GC(4) Metaspace: 19735K->19735K(1067008K)
[2022-03-22T12:12:47.723+0000][48.773s] GC(4) Pause Young (Normal) (G1 Evacuation Pause) 45M->24M(512M) 197.574ms
[2022-03-22T12:12:47.730+0000][48.780s] GC(4) User=0.08s Sys=0.01s Real=0.20s
[2022-03-22T12:12:48.056+0000][49.106s] GC(5) Pause Young (Concurrent Start) (Metadata GC Threshold)
[2022-03-22T12:12:48.057+0000][49.106s] GC(5) Using 4 workers of 4 for evacuation
[2022-03-22T12:12:48.097+0000][49.147s] GC(5)   Pre Evacuate Collection Set: 0.1ms
[2022-03-22T12:12:48.099+0000][49.149s] GC(5)   Evacuate Collection Set: 31.6ms
[2022-03-22T12:12:48.101+0000][49.150s] GC(5)   Post Evacuate Collection Set: 0.4ms
[2022-03-22T12:12:48.102+0000][49.151s] GC(5)   Other: 16.8ms
[2022-03-22T12:12:48.104+0000][49.153s] GC(5) Eden regions: 6->0(24)
[2022-03-22T12:12:48.105+0000][49.155s] GC(5) Survivor regions: 1->1(4)
[2022-03-22T12:12:48.108+0000][49.157s] GC(5) Old regions: 22->22
[2022-03-22T12:12:48.109+0000][49.158s] GC(5) Humongous regions: 4->4
[2022-03-22T12:12:48.109+0000][49.158s] GC(5) Metaspace: 20419K->20419K(1067008K)
[2022-03-22T12:12:48.109+0000][49.159s] GC(5) Pause Young (Concurrent Start) (Metadata GC Threshold) 29M->24M(512M) 52.941ms
[2022-03-22T12:12:48.109+0000][49.159s] GC(5) User=0.01s Sys=0.01s Real=0.05s
[2022-03-22T12:12:48.110+0000][49.159s] GC(6) Concurrent Cycle
[2022-03-22T12:12:48.110+0000][49.160s] GC(6) Concurrent Clear Claimed Marks
[2022-03-22T12:12:48.111+0000][49.160s] GC(6) Concurrent Clear Claimed Marks 0.273ms
[2022-03-22T12:12:48.111+0000][49.160s] GC(6) Concurrent Scan Root Regions
[2022-03-22T12:12:48.113+0000][49.163s] GC(6) Concurrent Scan Root Regions 2.659ms
[2022-03-22T12:12:48.114+0000][49.163s] GC(6) Concurrent Mark (49.163s)
[2022-03-22T12:12:48.116+0000][49.165s] GC(6) Concurrent Mark From Roots
[2022-03-22T12:12:48.116+0000][49.165s] GC(6) Using 1 workers of 1 for marking
[2022-03-22T12:12:48.585+0000][49.635s] GC(6) Concurrent Mark From Roots 469.549ms
[2022-03-22T12:12:48.585+0000][49.635s] GC(6) Concurrent Preclean
[2022-03-22T12:12:48.586+0000][49.635s] GC(6) Concurrent Preclean 0.523ms
[2022-03-22T12:12:48.586+0000][49.636s] GC(6) Concurrent Mark (49.163s, 49.636s) 472.485ms
[2022-03-22T12:12:48.587+0000][49.636s] GC(6) Pause Remark
[2022-03-22T12:12:48.608+0000][49.657s] GC(6) Cleaned string and symbol table, strings: 9427 processed, 26 removed, symbols: 63082 processed, 41 removed
[2022-03-22T12:12:48.623+0000][49.673s] GC(6) Pause Remark 30M->30M(512M) 35.863ms
[2022-03-22T12:12:48.623+0000][49.673s] GC(6) User=0.02s Sys=0.00s Real=0.04s
[2022-03-22T12:12:48.624+0000][49.673s] GC(6) Concurrent Rebuild Remembered Sets
[2022-03-22T12:12:48.807+0000][49.857s] GC(6) Concurrent Rebuild Remembered Sets 183.340ms
[2022-03-22T12:12:48.808+0000][49.858s] GC(6) Pause Cleanup
[2022-03-22T12:12:48.811+0000][49.861s] GC(6) Pause Cleanup 30M->30M(512M) 2.684ms
[2022-03-22T12:12:48.811+0000][49.861s] GC(6) User=0.00s Sys=0.00s Real=0.00s
[2022-03-22T12:12:48.820+0000][49.870s] GC(6) Concurrent Cleanup for Next Mark
[2022-03-22T12:12:49.160+0000][50.209s] GC(6) Concurrent Cleanup for Next Mark 339.739ms
[2022-03-22T12:12:49.160+0000][50.210s] GC(6) Concurrent Cycle 1050.613ms
[2022-03-22T12:12:50.907+0000][51.956s] GC(7) Pause Young (Concurrent Start) (G1 Evacuation Pause)
[2022-03-22T12:12:50.919+0000][51.968s] GC(7) Using 4 workers of 4 for evacuation
[2022-03-22T12:12:51.002+0000][52.052s] GC(7)   Pre Evacuate Collection Set: 0.1ms
[2022-03-22T12:12:51.003+0000][52.052s] GC(7)   Evacuate Collection Set: 79.9ms
[2022-03-22T12:12:51.003+0000][52.053s] GC(7)   Post Evacuate Collection Set: 0.6ms
[2022-03-22T12:12:51.003+0000][52.053s] GC(7)   Other: 15.1ms
[2022-03-22T12:12:51.004+0000][52.054s] GC(7) Eden regions: 24->0(30)
[2022-03-22T12:12:51.005+0000][52.054s] GC(7) Survivor regions: 1->1(4)
[2022-03-22T12:12:51.009+0000][52.058s] GC(7) Old regions: 22->22
[2022-03-22T12:12:51.012+0000][52.061s] GC(7) Humongous regions: 4->4
[2022-03-22T12:12:51.020+0000][52.069s] GC(7) Metaspace: 23592K->23592K(1071104K)
[2022-03-22T12:12:51.020+0000][52.070s] GC(7) Pause Young (Concurrent Start) (G1 Evacuation Pause) 48M->24M(512M) 113.505ms
[2022-03-22T12:12:51.021+0000][52.070s] GC(7) User=0.08s Sys=0.01s Real=0.11s
[2022-03-22T12:12:51.051+0000][52.100s] GC(8) Concurrent Cycle
[2022-03-22T12:12:51.051+0000][52.104s] GC(8) Concurrent Clear Claimed Marks
[2022-03-22T12:12:51.055+0000][52.104s] GC(8) Concurrent Clear Claimed Marks 3.827ms
[2022-03-22T12:12:51.055+0000][52.105s] GC(8) Concurrent Scan Root Regions
[2022-03-22T12:12:51.057+0000][52.107s] GC(8) Concurrent Scan Root Regions 2.103ms
[2022-03-22T12:12:51.062+0000][52.111s] GC(8) Concurrent Mark (52.111s)
[2022-03-22T12:12:51.062+0000][52.111s] GC(8) Concurrent Mark From Roots
[2022-03-22T12:12:51.062+0000][52.112s] GC(8) Using 1 workers of 1 for marking
[2022-03-22T12:12:51.527+0000][52.576s] GC(8) Concurrent Mark From Roots 465.107ms
[2022-03-22T12:12:51.534+0000][52.584s] GC(8) Concurrent Preclean
[2022-03-22T12:12:51.535+0000][52.585s] GC(8) Concurrent Preclean 1.041ms
[2022-03-22T12:12:51.537+0000][52.587s] GC(8) Concurrent Mark (52.111s, 52.586s) 475.455ms
[2022-03-22T12:12:51.539+0000][52.589s] GC(8) Pause Remark
[2022-03-22T12:12:51.574+0000][52.624s] GC(8) Cleaned string and symbol table, strings: 9974 processed, 0 removed, symbols: 69196 processed, 7 removed
[2022-03-22T12:12:51.576+0000][52.625s] GC(8) Pause Remark 29M->29M(512M) 36.086ms
[2022-03-22T12:12:51.577+0000][52.627s] GC(8) User=0.04s Sys=0.00s Real=0.04s
[2022-03-22T12:12:51.592+0000][52.641s] GC(8) Concurrent Rebuild Remembered Sets
[2022-03-22T12:12:51.778+0000][52.828s] GC(8) Concurrent Rebuild Remembered Sets 186.121ms
[2022-03-22T12:12:51.787+0000][52.836s] GC(8) Pause Cleanup
[2022-03-22T12:12:51.787+0000][52.837s] GC(8) Pause Cleanup 30M->30M(512M) 0.626ms
[2022-03-22T12:12:51.788+0000][52.837s] GC(8) User=0.00s Sys=0.00s Real=0.00s
[2022-03-22T12:12:51.788+0000][52.837s] GC(8) Concurrent Cleanup for Next Mark
[2022-03-22T12:12:51.792+0000][52.841s] GC(8) Concurrent Cleanup for Next Mark 3.791ms
[2022-03-22T12:12:51.809+0000][52.859s] GC(8) Concurrent Cycle 744.436ms
[2022-03-22T12:12:56.183+0000][57.233s] GC(9) Pause Young (Normal) (G1 Evacuation Pause)
[2022-03-22T12:12:56.191+0000][57.241s] GC(9) Using 4 workers of 4 for evacuation
[2022-03-22T12:12:56.444+0000][57.493s] GC(9)   Pre Evacuate Collection Set: 0.0ms
[2022-03-22T12:12:56.446+0000][57.495s] GC(9)   Evacuate Collection Set: 218.8ms
[2022-03-22T12:12:56.446+0000][57.496s] GC(9)   Post Evacuate Collection Set: 27.1ms
[2022-03-22T12:12:56.446+0000][57.496s] GC(9)   Other: 14.8ms
[2022-03-22T12:12:56.447+0000][57.496s] GC(9) Eden regions: 30->0(29)
[2022-03-22T12:12:56.447+0000][57.496s] GC(9) Survivor regions: 1->4(4)
[2022-03-22T12:12:56.447+0000][57.497s] GC(9) Old regions: 22->22
[2022-03-22T12:12:56.449+0000][57.498s] GC(9) Humongous regions: 4->4
[2022-03-22T12:12:56.449+0000][57.498s] GC(9) Metaspace: 27957K->27957K(1075200K)
[2022-03-22T12:12:56.449+0000][57.499s] GC(9) Pause Young (Normal) (G1 Evacuation Pause) 54M->27M(512M) 266.042ms
[2022-03-22T12:12:56.452+0000][57.502s] GC(9) User=0.18s Sys=0.00s Real=0.27s
[2022-03-22T12:13:13.225+0000][74.275s] GC(10) Pause Young (Normal) (G1 Evacuation Pause)
[2022-03-22T12:13:13.240+0000][74.290s] GC(10) Using 4 workers of 4 for evacuation
[2022-03-22T12:13:13.518+0000][74.568s] GC(10) MMU target violated: 251.0ms (250.0ms/251.0ms)
[2022-03-22T12:13:13.532+0000][74.582s] GC(10)   Pre Evacuate Collection Set: 0.1ms
[2022-03-22T12:13:13.533+0000][74.582s] GC(10)   Evacuate Collection Set: 241.2ms
[2022-03-22T12:13:13.533+0000][74.583s] GC(10)   Post Evacuate Collection Set: 20.4ms
[2022-03-22T12:13:13.533+0000][74.583s] GC(10)   Other: 45.7ms
[2022-03-22T12:13:13.534+0000][74.583s] GC(10) Eden regions: 29->0(30)
[2022-03-22T12:13:13.534+0000][74.583s] GC(10) Survivor regions: 4->1(5)
[2022-03-22T12:13:13.534+0000][74.584s] GC(10) Old regions: 22->25
[2022-03-22T12:13:13.534+0000][74.584s] GC(10) Humongous regions: 4->4
[2022-03-22T12:13:13.535+0000][74.584s] GC(10) Metaspace: 31472K->31472K(1077248K)
[2022-03-22T12:13:13.552+0000][74.601s] GC(10) Pause Young (Normal) (G1 Evacuation Pause) 56M->28M(512M) 326.550ms
[2022-03-22T12:13:13.560+0000][74.609s] GC(10) User=0.17s Sys=0.00s Real=0.34s
[2022-03-22T12:13:20.903+0000][81.952s] GC(11) Pause Young (Normal) (G1 Evacuation Pause)
[2022-03-22T12:13:20.908+0000][81.958s] GC(11) Using 4 workers of 4 for evacuation
[2022-03-22T12:13:21.123+0000][82.173s] GC(11)   Pre Evacuate Collection Set: 0.1ms
[2022-03-22T12:13:21.155+0000][82.205s] GC(11)   Evacuate Collection Set: 162.2ms
[2022-03-22T12:13:21.171+0000][82.220s] GC(11)   Post Evacuate Collection Set: 39.4ms
[2022-03-22T12:13:21.183+0000][82.233s] GC(11)   Other: 19.2ms
[2022-03-22T12:13:21.184+0000][82.233s] GC(11) Eden regions: 30->0(30)
[2022-03-22T12:13:21.184+0000][82.234s] GC(11) Survivor regions: 1->4(4)
[2022-03-22T12:13:21.184+0000][82.234s] GC(11) Old regions: 25->25
[2022-03-22T12:13:21.185+0000][82.234s] GC(11) Humongous regions: 4->4
[2022-03-22T12:13:21.185+0000][82.234s] GC(11) Metaspace: 33695K->33695K(1079296K)
[2022-03-22T12:13:21.185+0000][82.235s] GC(11) Pause Young (Normal) (G1 Evacuation Pause) 58M->30M(512M) 282.579ms
[2022-03-22T12:13:21.185+0000][82.235s] GC(11) User=0.19s Sys=0.01s Real=0.28s
[2022-03-22T12:39:06.656+0000][1627.706s] GC(12) Pause Young (Normal) (G1 Evacuation Pause)
[2022-03-22T12:39:06.657+0000][1627.706s] GC(12) Using 4 workers of 4 for evacuation
[2022-03-22T12:39:06.817+0000][1627.866s] GC(12)   Pre Evacuate Collection Set: 11.3ms
[2022-03-22T12:39:06.817+0000][1627.866s] GC(12)   Evacuate Collection Set: 137.8ms
[2022-03-22T12:39:06.817+0000][1627.867s] GC(12)   Post Evacuate Collection Set: 2.0ms
[2022-03-22T12:39:06.818+0000][1627.867s] GC(12)   Other: 9.5ms
[2022-03-22T12:39:06.818+0000][1627.868s] GC(12) Eden regions: 30->0(33)
[2022-03-22T12:39:06.820+0000][1627.869s] GC(12) Survivor regions: 4->5(5)
[2022-03-22T12:39:06.820+0000][1627.870s] GC(12) Old regions: 25->26
[2022-03-22T12:39:06.822+0000][1627.871s] GC(12) Humongous regions: 4->4
[2022-03-22T12:39:06.822+0000][1627.872s] GC(12) Metaspace: 36617K->36617K(1083392K)
[2022-03-22T12:39:06.823+0000][1627.872s] GC(12) Pause Young (Normal) (G1 Evacuation Pause) 60M->32M(512M) 166.707ms
[2022-03-22T12:39:06.823+0000][1627.873s] GC(12) User=0.54s Sys=0.02s Real=0.17s
[2022-03-22T12:40:14.177+0000][1695.226s] Heap
[2022-03-22T12:40:14.179+0000][1695.228s]  garbage-first heap   total 524288K, used 50268K [0x00000000e0000000, 0x0000000100000000)
[2022-03-22T12:40:14.179+0000][1695.229s]   region size 1024K, 24 young (24576K), 5 survivors (5120K)
[2022-03-22T12:40:14.181+0000][1695.230s]  Metaspace       used 37937K, capacity 39008K, committed 39188K, reserved 1083392K
[2022-03-22T12:40:14.181+0000][1695.231s]   class space    used 4456K, capacity 4901K, committed 4940K, reserved 1048576K
