[2022-03-23T09:45:51.090+0000][0.756s] Heap region size: 1M
[2022-03-23T09:45:57.194+0000][6.860s] Using G1
[2022-03-23T09:45:57.204+0000][6.870s] Heap address: 0x00000000e0000000, size: 512 MB, Compressed Oops mode: 32-bit
[2022-03-23T09:45:57.217+0000][6.883s] Mark closed archive regions in map: [0x00000000fff00000, 0x00000000fff63ff8]
[2022-03-23T09:45:57.224+0000][6.890s] Mark open archive regions in map: [0x00000000ffe00000, 0x00000000ffe41ff8]
[2022-03-23T09:46:09.014+0000][18.680s] GC(0) Pause Young (Normal) (G1 Evacuation Pause)
[2022-03-23T09:46:09.045+0000][18.711s] GC(0) Using 4 workers of 4 for evacuation
[2022-03-23T09:46:09.252+0000][18.918s] GC(0)   Pre Evacuate Collection Set: 0.1ms
[2022-03-23T09:46:09.304+0000][18.971s] GC(0)   Evacuate Collection Set: 152.7ms
[2022-03-23T09:46:09.324+0000][18.990s] GC(0)   Post Evacuate Collection Set: 46.3ms
[2022-03-23T09:46:09.339+0000][19.006s] GC(0)   Other: 39.4ms
[2022-03-23T09:46:09.343+0000][19.009s] GC(0) Eden regions: 25->0(36)
[2022-03-23T09:46:09.343+0000][19.009s] GC(0) Survivor regions: 0->3(4)
[2022-03-23T09:46:09.343+0000][19.009s] GC(0) Old regions: 2->2
[2022-03-23T09:46:09.343+0000][19.009s] GC(0) Humongous regions: 0->0
[2022-03-23T09:46:09.344+0000][19.010s] GC(0) Metaspace: 6870K->6870K(1056768K)
[2022-03-23T09:46:09.344+0000][19.010s] GC(0) Pause Young (Normal) (G1 Evacuation Pause) 25M->3M(512M) 330.217ms
[2022-03-23T09:46:09.344+0000][19.010s] GC(0) User=0.14s Sys=0.02s Real=0.32s
[2022-03-23T09:46:18.954+0000][28.620s] GC(1) Pause Young (Normal) (G1 Evacuation Pause)
[2022-03-23T09:46:18.964+0000][28.630s] GC(1) Using 4 workers of 4 for evacuation
[2022-03-23T09:46:19.523+0000][29.189s] GC(1) MMU target violated: 251.0ms (250.0ms/251.0ms)
[2022-03-23T09:46:19.538+0000][29.204s] GC(1)   Pre Evacuate Collection Set: 0.0ms
[2022-03-23T09:46:19.554+0000][29.220s] GC(1)   Evacuate Collection Set: 442.4ms
[2022-03-23T09:46:19.573+0000][29.239s] GC(1)   Post Evacuate Collection Set: 85.4ms
[2022-03-23T09:46:19.586+0000][29.252s] GC(1)   Other: 56.0ms
[2022-03-23T09:46:19.605+0000][29.271s] GC(1) Eden regions: 22->0(21)
[2022-03-23T09:46:19.619+0000][29.285s] GC(1) Survivor regions: 3->4(4)
[2022-03-23T09:46:19.650+0000][29.316s] GC(1) Old regions: 2->10
[2022-03-23T09:46:19.666+0000][29.332s] GC(1) Humongous regions: 4->4
[2022-03-23T09:46:19.669+0000][29.335s] GC(1) Metaspace: 12970K->12970K(1060864K)
[2022-03-23T09:46:19.670+0000][29.336s] GC(1) Pause Young (Normal) (G1 Evacuation Pause) 29M->16M(512M) 715.781ms
[2022-03-23T09:46:19.670+0000][29.336s] GC(1) User=0.33s Sys=0.07s Real=0.71s
[2022-03-23T09:46:25.071+0000][34.737s] GC(2) Pause Young (Normal) (G1 Evacuation Pause)
[2022-03-23T09:46:25.087+0000][34.753s] GC(2) Using 4 workers of 4 for evacuation
[2022-03-23T09:46:25.287+0000][34.953s] GC(2)   Pre Evacuate Collection Set: 0.0ms
[2022-03-23T09:46:25.302+0000][34.968s] GC(2)   Evacuate Collection Set: 146.1ms
[2022-03-23T09:46:25.315+0000][34.981s] GC(2)   Post Evacuate Collection Set: 53.4ms
[2022-03-23T09:46:25.339+0000][35.005s] GC(2)   Other: 16.3ms
[2022-03-23T09:46:25.353+0000][35.019s] GC(2) Eden regions: 21->0(21)
[2022-03-23T09:46:25.372+0000][35.038s] GC(2) Survivor regions: 4->4(4)
[2022-03-23T09:46:25.373+0000][35.039s] GC(2) Old regions: 10->15
[2022-03-23T09:46:25.381+0000][35.047s] GC(2) Humongous regions: 4->4
[2022-03-23T09:46:25.385+0000][35.051s] GC(2) Metaspace: 15735K->15735K(1062912K)
[2022-03-23T09:46:25.389+0000][35.055s] GC(2) Pause Young (Normal) (G1 Evacuation Pause) 37M->21M(512M) 318.095ms
[2022-03-23T09:46:25.389+0000][35.055s] GC(2) User=0.17s Sys=0.02s Real=0.32s
[2022-03-23T09:46:28.666+0000][38.332s] GC(3) Pause Young (Normal) (G1 Evacuation Pause)
[2022-03-23T09:46:28.671+0000][38.337s] GC(3) Using 4 workers of 4 for evacuation
[2022-03-23T09:46:28.773+0000][38.439s] GC(3)   Pre Evacuate Collection Set: 0.0ms
[2022-03-23T09:46:28.778+0000][38.444s] GC(3)   Evacuate Collection Set: 93.0ms
[2022-03-23T09:46:28.782+0000][38.448s] GC(3)   Post Evacuate Collection Set: 9.0ms
[2022-03-23T09:46:28.782+0000][38.449s] GC(3)   Other: 5.4ms
[2022-03-23T09:46:28.783+0000][38.449s] GC(3) Eden regions: 21->0(28)
[2022-03-23T09:46:28.783+0000][38.449s] GC(3) Survivor regions: 4->4(4)
[2022-03-23T09:46:28.783+0000][38.449s] GC(3) Old regions: 15->19
[2022-03-23T09:46:28.784+0000][38.450s] GC(3) Humongous regions: 4->4
[2022-03-23T09:46:28.784+0000][38.450s] GC(3) Metaspace: 17486K->17486K(1064960K)
[2022-03-23T09:46:28.787+0000][38.453s] GC(3) Pause Young (Normal) (G1 Evacuation Pause) 42M->24M(512M) 120.986ms
[2022-03-23T09:46:28.789+0000][38.455s] GC(3) User=0.06s Sys=0.01s Real=0.12s
[2022-03-23T09:46:32.057+0000][41.723s] GC(4) Pause Young (Concurrent Start) (Metadata GC Threshold)
[2022-03-23T09:46:32.062+0000][41.728s] GC(4) Using 4 workers of 4 for evacuation
[2022-03-23T09:46:32.114+0000][41.780s] GC(4)   Pre Evacuate Collection Set: 0.1ms
[2022-03-23T09:46:32.114+0000][41.780s] GC(4)   Evacuate Collection Set: 40.7ms
[2022-03-23T09:46:32.114+0000][41.780s] GC(4)   Post Evacuate Collection Set: 0.3ms
[2022-03-23T09:46:32.115+0000][41.781s] GC(4)   Other: 15.5ms
[2022-03-23T09:46:32.115+0000][41.781s] GC(4) Eden regions: 27->0(306)
[2022-03-23T09:46:32.116+0000][41.782s] GC(4) Survivor regions: 4->1(4)
[2022-03-23T09:46:32.116+0000][41.782s] GC(4) Old regions: 19->22
[2022-03-23T09:46:32.116+0000][41.782s] GC(4) Humongous regions: 4->4
[2022-03-23T09:46:32.117+0000][41.783s] GC(4) Metaspace: 20403K->20403K(1067008K)
[2022-03-23T09:46:32.131+0000][41.798s] GC(4) Pause Young (Concurrent Start) (Metadata GC Threshold) 50M->24M(512M) 74.330ms
[2022-03-23T09:46:32.132+0000][41.798s] GC(4) User=0.03s Sys=0.00s Real=0.07s
[2022-03-23T09:46:32.132+0000][41.798s] GC(5) Concurrent Cycle
[2022-03-23T09:46:32.132+0000][41.799s] GC(5) Concurrent Clear Claimed Marks
[2022-03-23T09:46:32.143+0000][41.809s] GC(5) Concurrent Clear Claimed Marks 10.805ms
[2022-03-23T09:46:32.146+0000][41.812s] GC(5) Concurrent Scan Root Regions
[2022-03-23T09:46:32.152+0000][41.818s] GC(5) Concurrent Scan Root Regions 6.612ms
[2022-03-23T09:46:32.167+0000][41.833s] GC(5) Concurrent Mark (41.833s)
[2022-03-23T09:46:32.171+0000][41.837s] GC(5) Concurrent Mark From Roots
[2022-03-23T09:46:32.176+0000][41.842s] GC(5) Using 1 workers of 1 for marking
[2022-03-23T09:46:32.474+0000][42.140s] GC(5) Concurrent Mark From Roots 303.120ms
[2022-03-23T09:46:32.475+0000][42.141s] GC(5) Concurrent Preclean
[2022-03-23T09:46:32.481+0000][42.148s] GC(5) Concurrent Preclean 6.657ms
[2022-03-23T09:46:32.482+0000][42.148s] GC(5) Concurrent Mark (41.833s, 42.148s) 314.743ms
[2022-03-23T09:46:32.492+0000][42.158s] GC(5) Pause Remark
[2022-03-23T09:46:32.524+0000][42.190s] GC(5) Cleaned string and symbol table, strings: 9365 processed, 26 removed, symbols: 62017 processed, 30 removed
[2022-03-23T09:46:32.525+0000][42.191s] GC(5) Pause Remark 28M->28M(512M) 33.759ms
[2022-03-23T09:46:32.526+0000][42.192s] GC(5) User=0.01s Sys=0.00s Real=0.04s
[2022-03-23T09:46:32.526+0000][42.192s] GC(5) Concurrent Rebuild Remembered Sets
[2022-03-23T09:46:32.648+0000][42.314s] GC(5) Concurrent Rebuild Remembered Sets 121.683ms
[2022-03-23T09:46:32.659+0000][42.325s] GC(5) Pause Cleanup
[2022-03-23T09:46:32.663+0000][42.329s] GC(5) Pause Cleanup 29M->29M(512M) 3.593ms
[2022-03-23T09:46:32.663+0000][42.329s] GC(5) User=0.01s Sys=0.00s Real=0.01s
[2022-03-23T09:46:32.664+0000][42.330s] GC(5) Concurrent Cleanup for Next Mark
[2022-03-23T09:46:32.667+0000][42.333s] GC(5) Concurrent Cleanup for Next Mark 2.764ms
[2022-03-23T09:46:32.669+0000][42.335s] GC(5) Concurrent Cycle 536.848ms
[2022-03-23T09:47:57.119+0000][126.785s] GC(6) Pause Young (Concurrent Start) (Metadata GC Threshold)
[2022-03-23T09:47:57.120+0000][126.786s] GC(6) Using 4 workers of 4 for evacuation
[2022-03-23T09:47:57.171+0000][126.837s] GC(6)   Pre Evacuate Collection Set: 0.5ms
[2022-03-23T09:47:57.172+0000][126.838s] GC(6)   Evacuate Collection Set: 48.3ms
[2022-03-23T09:47:57.172+0000][126.838s] GC(6)   Post Evacuate Collection Set: 1.8ms
[2022-03-23T09:47:57.172+0000][126.838s] GC(6)   Other: 1.1ms
[2022-03-23T09:47:57.172+0000][126.838s] GC(6) Eden regions: 142->0(141)
[2022-03-23T09:47:57.173+0000][126.839s] GC(6) Survivor regions: 1->8(39)
[2022-03-23T09:47:57.173+0000][126.839s] GC(6) Old regions: 22->22
[2022-03-23T09:47:57.174+0000][126.840s] GC(6) Humongous regions: 4->4
[2022-03-23T09:47:57.174+0000][126.840s] GC(6) Metaspace: 35462K->35462K(1081344K)
[2022-03-23T09:47:57.174+0000][126.840s] GC(6) Pause Young (Concurrent Start) (Metadata GC Threshold) 166M->31M(512M) 54.902ms
[2022-03-23T09:47:57.174+0000][126.841s] GC(6) User=0.11s Sys=0.03s Real=0.06s
[2022-03-23T09:47:57.175+0000][126.841s] GC(7) Concurrent Cycle
[2022-03-23T09:47:57.175+0000][126.841s] GC(7) Concurrent Clear Claimed Marks
[2022-03-23T09:47:57.176+0000][126.842s] GC(7) Concurrent Clear Claimed Marks 0.377ms
[2022-03-23T09:47:57.176+0000][126.842s] GC(7) Concurrent Scan Root Regions
[2022-03-23T09:47:57.190+0000][126.856s] GC(7) Concurrent Scan Root Regions 14.261ms
[2022-03-23T09:47:57.190+0000][126.857s] GC(7) Concurrent Mark (126.857s)
[2022-03-23T09:47:57.191+0000][126.857s] GC(7) Concurrent Mark From Roots
[2022-03-23T09:47:57.191+0000][126.857s] GC(7) Using 1 workers of 1 for marking
[2022-03-23T09:47:57.263+0000][126.929s] GC(7) Concurrent Mark From Roots 72.527ms
[2022-03-23T09:47:57.265+0000][126.931s] GC(7) Concurrent Preclean
[2022-03-23T09:47:57.266+0000][126.932s] GC(7) Concurrent Preclean 0.501ms
[2022-03-23T09:47:57.266+0000][126.932s] GC(7) Concurrent Mark (126.857s, 126.932s) 75.740ms
[2022-03-23T09:47:57.267+0000][126.933s] GC(7) Pause Remark
[2022-03-23T09:47:57.281+0000][126.947s] GC(7) Cleaned string and symbol table, strings: 16254 processed, 0 removed, symbols: 102289 processed, 74 removed
[2022-03-23T09:47:57.281+0000][126.947s] GC(7) Pause Remark 36M->36M(512M) 14.464ms
[2022-03-23T09:47:57.282+0000][126.948s] GC(7) User=0.02s Sys=0.02s Real=0.01s
[2022-03-23T09:47:57.282+0000][126.948s] GC(7) Concurrent Rebuild Remembered Sets
[2022-03-23T09:47:57.314+0000][126.980s] GC(7) Concurrent Rebuild Remembered Sets 32.016ms
[2022-03-23T09:47:57.318+0000][126.984s] GC(7) Pause Cleanup
[2022-03-23T09:47:57.319+0000][126.985s] GC(7) Pause Cleanup 38M->38M(512M) 1.173ms
[2022-03-23T09:47:57.319+0000][126.985s] GC(7) User=0.01s Sys=0.00s Real=0.00s
[2022-03-23T09:47:57.320+0000][126.986s] GC(7) Concurrent Cleanup for Next Mark
[2022-03-23T09:47:57.334+0000][127.000s] GC(7) Concurrent Cleanup for Next Mark 14.300ms
[2022-03-23T09:47:57.334+0000][127.000s] GC(7) Concurrent Cycle 159.504ms
[2022-03-23T13:15:01.022+0000][12550.689s] GC(8) Pause Young (Concurrent Start) (G1 Evacuation Pause)
[2022-03-23T13:15:01.031+0000][12550.697s] GC(8) Using 4 workers of 4 for evacuation
[2022-03-23T13:15:02.314+0000][12551.980s] GC(8) MMU target violated: 251.0ms (250.0ms/251.0ms)
[2022-03-23T13:15:02.315+0000][12551.981s] GC(8)   Pre Evacuate Collection Set: 75.2ms
[2022-03-23T13:15:02.315+0000][12551.981s] GC(8)   Evacuate Collection Set: 917.7ms
[2022-03-23T13:15:02.316+0000][12551.982s] GC(8)   Post Evacuate Collection Set: 32.5ms
[2022-03-23T13:15:02.316+0000][12551.983s] GC(8)   Other: 270.6ms
[2022-03-23T13:15:02.317+0000][12551.983s] GC(8) Eden regions: 91->0(23)
[2022-03-23T13:15:02.317+0000][12551.984s] GC(8) Survivor regions: 8->2(13)
[2022-03-23T13:15:02.319+0000][12551.985s] GC(8) Old regions: 22->29
[2022-03-23T13:15:02.320+0000][12551.986s] GC(8) Humongous regions: 4->4
[2022-03-23T13:15:02.322+0000][12551.989s] GC(8) Metaspace: 38045K->38045K(1083392K)
[2022-03-23T13:15:02.326+0000][12551.992s] GC(8) Pause Young (Concurrent Start) (G1 Evacuation Pause) 122M->33M(512M) 1304.252ms
[2022-03-23T13:15:02.334+0000][12552.000s] GC(8) User=1.71s Sys=0.21s Real=1.31s
[2022-03-23T13:15:02.336+0000][12552.002s] GC(9) Concurrent Cycle
[2022-03-23T13:15:02.342+0000][12552.008s] GC(9) Concurrent Clear Claimed Marks
[2022-03-23T13:15:02.352+0000][12552.018s] GC(9) Concurrent Clear Claimed Marks 10.492ms
[2022-03-23T13:15:02.354+0000][12552.020s] GC(9) Concurrent Scan Root Regions
[2022-03-23T13:15:02.403+0000][12552.069s] GC(9) Concurrent Scan Root Regions 49.373ms
[2022-03-23T13:15:02.406+0000][12552.072s] GC(9) Concurrent Mark (12552.072s)
[2022-03-23T13:15:02.406+0000][12552.072s] GC(9) Concurrent Mark From Roots
[2022-03-23T13:15:02.407+0000][12552.073s] GC(9) Using 1 workers of 1 for marking
[2022-03-23T13:15:04.246+0000][12553.912s] GC(9) Concurrent Mark From Roots 1839.777ms
[2022-03-23T13:15:04.291+0000][12553.957s] GC(9) Concurrent Preclean
[2022-03-23T13:15:04.314+0000][12553.980s] GC(9) Concurrent Preclean 22.616ms
[2022-03-23T13:15:04.334+0000][12554.000s] GC(9) Concurrent Mark (12552.072s, 12554.000s) 1928.508ms
[2022-03-23T13:15:04.397+0000][12554.063s] GC(9) Pause Remark
[2022-03-23T13:15:06.446+0000][12556.112s] GC(9) Cleaned string and symbol table, strings: 17161 processed, 1041 removed, symbols: 106135 processed, 23 removed
[2022-03-23T13:15:06.462+0000][12556.128s] GC(9) MMU target violated: 251.0ms (250.0ms/251.0ms)
[2022-03-23T13:15:06.463+0000][12556.129s] GC(9) Pause Remark 43M->43M(512M) 2065.780ms
[2022-03-23T13:15:06.463+0000][12556.130s] GC(9) User=2.39s Sys=0.18s Real=2.07s
[2022-03-23T13:15:06.466+0000][12556.132s] GC(9) Concurrent Rebuild Remembered Sets
[2022-03-23T13:15:06.612+0000][12556.278s] GC(9) Concurrent Rebuild Remembered Sets 146.212ms
[2022-03-23T13:15:06.612+0000][12556.279s] GC(9) Pause Cleanup
[2022-03-23T13:15:06.613+0000][12556.279s] GC(9) Pause Cleanup 46M->46M(512M) 0.582ms
[2022-03-23T13:15:06.613+0000][12556.279s] GC(9) User=0.00s Sys=0.00s Real=0.00s
[2022-03-23T13:15:06.621+0000][12556.287s] GC(9) Concurrent Cleanup for Next Mark
[2022-03-23T13:15:06.785+0000][12556.451s] GC(9) Concurrent Cleanup for Next Mark 163.701ms
[2022-03-23T13:15:06.786+0000][12556.452s] GC(9) Concurrent Cycle 4449.845ms
[2022-03-23T13:15:07.238+0000][12556.904s] GC(10) Pause Young (Normal) (G1 Evacuation Pause)
[2022-03-23T13:15:07.242+0000][12556.908s] GC(10) Using 4 workers of 4 for evacuation
[2022-03-23T13:15:07.332+0000][12556.998s] GC(10)   Pre Evacuate Collection Set: 0.0ms
[2022-03-23T13:15:07.335+0000][12557.001s] GC(10)   Evacuate Collection Set: 73.0ms
[2022-03-23T13:15:07.335+0000][12557.001s] GC(10)   Post Evacuate Collection Set: 16.7ms
[2022-03-23T13:15:07.335+0000][12557.001s] GC(10)   Other: 5.1ms
[2022-03-23T13:15:07.335+0000][12557.002s] GC(10) Eden regions: 23->0(21)
[2022-03-23T13:15:07.336+0000][12557.002s] GC(10) Survivor regions: 2->4(4)
[2022-03-23T13:15:07.336+0000][12557.002s] GC(10) Old regions: 29->29
[2022-03-23T13:15:07.336+0000][12557.002s] GC(10) Humongous regions: 4->4
[2022-03-23T13:15:07.336+0000][12557.002s] GC(10) Metaspace: 38945K->38945K(1085440K)
[2022-03-23T13:15:07.337+0000][12557.003s] GC(10) Pause Young (Normal) (G1 Evacuation Pause) 56M->34M(512M) 99.113ms
[2022-03-23T13:15:07.337+0000][12557.003s] GC(10) User=0.08s Sys=0.03s Real=0.10s
[2022-03-23T13:15:09.082+0000][12558.748s] GC(11) Pause Young (Normal) (G1 Evacuation Pause)
[2022-03-23T13:15:09.087+0000][12558.753s] GC(11) Using 4 workers of 4 for evacuation
[2022-03-23T13:15:09.212+0000][12558.878s] GC(11)   Pre Evacuate Collection Set: 1.4ms
[2022-03-23T13:15:09.226+0000][12558.892s] GC(11)   Evacuate Collection Set: 120.5ms
[2022-03-23T13:15:09.235+0000][12558.901s] GC(11)   Post Evacuate Collection Set: 0.5ms
[2022-03-23T13:15:09.237+0000][12558.903s] GC(11)   Other: 7.1ms
[2022-03-23T13:15:09.238+0000][12558.904s] GC(11) Eden regions: 21->0(21)
[2022-03-23T13:15:09.240+0000][12558.906s] GC(11) Survivor regions: 4->4(4)
[2022-03-23T13:15:09.241+0000][12558.907s] GC(11) Old regions: 29->31
[2022-03-23T13:15:09.242+0000][12558.908s] GC(11) Humongous regions: 5->4
[2022-03-23T13:15:09.242+0000][12558.908s] GC(11) Metaspace: 40591K->40591K(1085440K)
[2022-03-23T13:15:09.243+0000][12558.909s] GC(11) Pause Young (Normal) (G1 Evacuation Pause) 56M->36M(512M) 161.088ms
[2022-03-23T13:15:09.244+0000][12558.910s] GC(11) User=0.13s Sys=0.00s Real=0.16s
[2022-03-23T13:15:11.402+0000][12561.069s] GC(12) Pause Young (Normal) (G1 Evacuation Pause)
[2022-03-23T13:15:11.429+0000][12561.095s] GC(12) Using 4 workers of 4 for evacuation
[2022-03-23T13:15:11.682+0000][12561.348s] GC(12)   Pre Evacuate Collection Set: 0.0ms
[2022-03-23T13:15:11.691+0000][12561.357s] GC(12)   Evacuate Collection Set: 205.8ms
[2022-03-23T13:15:11.698+0000][12561.364s] GC(12)   Post Evacuate Collection Set: 5.5ms
[2022-03-23T13:15:11.698+0000][12561.364s] GC(12)   Other: 68.2ms
[2022-03-23T13:15:11.699+0000][12561.365s] GC(12) Eden regions: 21->0(21)
[2022-03-23T13:15:11.699+0000][12561.365s] GC(12) Survivor regions: 4->4(4)
[2022-03-23T13:15:11.699+0000][12561.365s] GC(12) Old regions: 31->33
[2022-03-23T13:15:11.699+0000][12561.366s] GC(12) Humongous regions: 4->4
[2022-03-23T13:15:11.700+0000][12561.366s] GC(12) Metaspace: 42059K->42059K(1087488K)
[2022-03-23T13:15:11.707+0000][12561.374s] GC(12) Pause Young (Normal) (G1 Evacuation Pause) 57M->38M(512M) 304.970ms
[2022-03-23T13:15:11.712+0000][12561.378s] GC(12) User=0.27s Sys=0.06s Real=0.31s
[2022-03-23T13:15:15.331+0000][12564.997s] GC(13) Pause Young (Normal) (G1 Evacuation Pause)
[2022-03-23T13:15:15.350+0000][12565.016s] GC(13) Using 4 workers of 4 for evacuation
[2022-03-23T13:15:15.722+0000][12565.388s] GC(13) MMU target violated: 251.0ms (250.0ms/251.0ms)
[2022-03-23T13:15:15.723+0000][12565.389s] GC(13)   Pre Evacuate Collection Set: 0.1ms
[2022-03-23T13:15:15.724+0000][12565.390s] GC(13)   Evacuate Collection Set: 300.8ms
[2022-03-23T13:15:15.726+0000][12565.392s] GC(13)   Post Evacuate Collection Set: 7.1ms
[2022-03-23T13:15:15.733+0000][12565.399s] GC(13)   Other: 84.5ms
[2022-03-23T13:15:15.735+0000][12565.401s] GC(13) Eden regions: 21->0(21)
[2022-03-23T13:15:15.735+0000][12565.401s] GC(13) Survivor regions: 4->4(4)
[2022-03-23T13:15:15.736+0000][12565.402s] GC(13) Old regions: 33->35
[2022-03-23T13:15:15.736+0000][12565.402s] GC(13) Humongous regions: 4->4
[2022-03-23T13:15:15.736+0000][12565.402s] GC(13) Metaspace: 42464K->42464K(1087488K)
[2022-03-23T13:15:15.737+0000][12565.404s] GC(13) Pause Young (Normal) (G1 Evacuation Pause) 59M->39M(512M) 406.515ms
[2022-03-23T13:15:15.738+0000][12565.405s] GC(13) User=0.31s Sys=0.08s Real=0.41s
[2022-03-23T13:15:17.725+0000][12567.391s] GC(14) Pause Young (Normal) (G1 Evacuation Pause)
[2022-03-23T13:15:17.739+0000][12567.405s] GC(14) Using 4 workers of 4 for evacuation
[2022-03-23T13:15:17.917+0000][12567.583s] GC(14)   Pre Evacuate Collection Set: 0.0ms
[2022-03-23T13:15:17.929+0000][12567.595s] GC(14)   Evacuate Collection Set: 129.4ms
[2022-03-23T13:15:17.931+0000][12567.597s] GC(14)   Post Evacuate Collection Set: 32.6ms
[2022-03-23T13:15:17.932+0000][12567.598s] GC(14)   Other: 30.1ms
[2022-03-23T13:15:17.951+0000][12567.617s] GC(14) Eden regions: 21->0(24)
[2022-03-23T13:15:17.954+0000][12567.620s] GC(14) Survivor regions: 4->3(4)
[2022-03-23T13:15:17.955+0000][12567.621s] GC(14) Old regions: 35->35
[2022-03-23T13:15:17.955+0000][12567.621s] GC(14) Humongous regions: 4->4
[2022-03-23T13:15:17.957+0000][12567.623s] GC(14) Metaspace: 42498K->42498K(1087488K)
[2022-03-23T13:15:17.967+0000][12567.633s] GC(14) Pause Young (Normal) (G1 Evacuation Pause) 60M->40M(512M) 242.607ms
[2022-03-23T13:15:17.974+0000][12567.640s] GC(14) User=0.10s Sys=0.02s Real=0.25s
[2022-03-23T13:15:21.591+0000][12571.257s] GC(15) Pause Young (Normal) (G1 Evacuation Pause)
[2022-03-23T13:15:21.594+0000][12571.260s] GC(15) Using 4 workers of 4 for evacuation
[2022-03-23T13:15:21.675+0000][12571.342s] GC(15)   Pre Evacuate Collection Set: 0.1ms
[2022-03-23T13:15:21.693+0000][12571.360s] GC(15)   Evacuate Collection Set: 61.6ms
[2022-03-23T13:15:21.709+0000][12571.376s] GC(15)   Post Evacuate Collection Set: 16.0ms
[2022-03-23T13:15:21.711+0000][12571.377s] GC(15)   Other: 6.8ms
[2022-03-23T13:15:21.712+0000][12571.378s] GC(15) Eden regions: 24->0(30)
[2022-03-23T13:15:21.715+0000][12571.381s] GC(15) Survivor regions: 3->3(4)
[2022-03-23T13:15:21.715+0000][12571.381s] GC(15) Old regions: 35->36
[2022-03-23T13:15:21.719+0000][12571.385s] GC(15) Humongous regions: 4->4
[2022-03-23T13:15:21.726+0000][12571.392s] GC(15) Metaspace: 44311K->44311K(1089536K)
[2022-03-23T13:15:21.728+0000][12571.394s] GC(15) Pause Young (Normal) (G1 Evacuation Pause) 64M->40M(512M) 137.061ms
[2022-03-23T13:15:21.729+0000][12571.395s] GC(15) User=0.06s Sys=0.05s Real=0.14s
[2022-03-23T13:15:23.962+0000][12573.628s] GC(16) Pause Young (Normal) (G1 Evacuation Pause)
[2022-03-23T13:15:23.981+0000][12573.647s] GC(16) Using 4 workers of 4 for evacuation
[2022-03-23T13:15:24.322+0000][12573.988s] GC(16) MMU target violated: 251.0ms (250.0ms/251.0ms)
[2022-03-23T13:15:24.342+0000][12574.008s] GC(16)   Pre Evacuate Collection Set: 0.0ms
[2022-03-23T13:15:24.372+0000][12574.038s] GC(16)   Evacuate Collection Set: 295.4ms
[2022-03-23T13:15:24.385+0000][12574.051s] GC(16)   Post Evacuate Collection Set: 32.5ms
[2022-03-23T13:15:24.401+0000][12574.067s] GC(16)   Other: 52.2ms
[2022-03-23T13:15:24.465+0000][12574.131s] GC(16) Eden regions: 30->0(23)
[2022-03-23T13:15:24.593+0000][12574.259s] GC(16) Survivor regions: 3->3(5)
[2022-03-23T13:15:24.609+0000][12574.275s] GC(16) Old regions: 36->36
[2022-03-23T13:15:24.625+0000][12574.291s] GC(16) Humongous regions: 4->4
[2022-03-23T13:15:24.663+0000][12574.329s] GC(16) Metaspace: 45965K->45965K(1091584K)
[2022-03-23T13:15:24.721+0000][12574.387s] GC(16) Pause Young (Normal) (G1 Evacuation Pause) 70M->40M(512M) 759.145ms
[2022-03-23T13:15:24.762+0000][12574.428s] GC(16) User=0.39s Sys=0.07s Real=0.79s
[2022-03-23T13:15:25.934+0000][12575.600s] GC(17) Pause Young (Normal) (G1 Evacuation Pause)
[2022-03-23T13:15:25.961+0000][12575.627s] GC(17) Using 4 workers of 4 for evacuation
[2022-03-23T13:15:26.181+0000][12575.847s] GC(17)   Pre Evacuate Collection Set: 0.0ms
[2022-03-23T13:15:26.197+0000][12575.863s] GC(17)   Evacuate Collection Set: 187.5ms
[2022-03-23T13:15:26.213+0000][12575.879s] GC(17)   Post Evacuate Collection Set: 0.4ms
[2022-03-23T13:15:26.229+0000][12575.895s] GC(17)   Other: 59.8ms
[2022-03-23T13:15:26.245+0000][12575.911s] GC(17) Eden regions: 23->0(25)
[2022-03-23T13:15:26.277+0000][12575.943s] GC(17) Survivor regions: 3->2(4)
[2022-03-23T13:15:26.336+0000][12576.002s] GC(17) Old regions: 36->38
[2022-03-23T13:15:26.352+0000][12576.018s] GC(17) Humongous regions: 4->4
[2022-03-23T13:15:26.392+0000][12576.058s] GC(17) Metaspace: 46018K->46018K(1091584K)
[2022-03-23T13:15:26.406+0000][12576.072s] GC(17) Pause Young (Normal) (G1 Evacuation Pause) 63M->41M(512M) 472.520ms
[2022-03-23T13:15:26.438+0000][12576.105s] GC(17) User=0.25s Sys=0.01s Real=0.50s
[2022-03-23T13:15:30.028+0000][12579.694s] GC(18) Pause Young (Normal) (G1 Evacuation Pause)
[2022-03-23T13:15:30.094+0000][12579.760s] GC(18) Using 4 workers of 4 for evacuation
[2022-03-23T13:15:30.427+0000][12580.093s] GC(18) MMU target violated: 251.0ms (250.0ms/251.0ms)
[2022-03-23T13:15:30.431+0000][12580.097s] GC(18)   Pre Evacuate Collection Set: 0.1ms
[2022-03-23T13:15:30.447+0000][12580.113s] GC(18)   Evacuate Collection Set: 231.4ms
[2022-03-23T13:15:30.463+0000][12580.129s] GC(18)   Post Evacuate Collection Set: 69.2ms
[2022-03-23T13:15:30.472+0000][12580.138s] GC(18)   Other: 102.2ms
[2022-03-23T13:15:30.478+0000][12580.144s] GC(18) Eden regions: 25->0(22)
[2022-03-23T13:15:30.492+0000][12580.158s] GC(18) Survivor regions: 2->4(4)
[2022-03-23T13:15:30.502+0000][12580.168s] GC(18) Old regions: 38->38
[2022-03-23T13:15:30.507+0000][12580.173s] GC(18) Humongous regions: 4->4
[2022-03-23T13:15:30.509+0000][12580.175s] GC(18) Metaspace: 46265K->46265K(1091584K)
[2022-03-23T13:15:30.517+0000][12580.183s] GC(18) Pause Young (Normal) (G1 Evacuation Pause) 66M->44M(512M) 488.487ms
[2022-03-23T13:15:30.531+0000][12580.197s] GC(18) User=0.40s Sys=0.05s Real=0.50s
[2022-03-23T13:15:31.328+0000][12580.994s] GC(19) Pause Young (Normal) (G1 Evacuation Pause)
[2022-03-23T13:15:31.344+0000][12581.010s] GC(19) Using 4 workers of 4 for evacuation
[2022-03-23T13:15:31.685+0000][12581.351s] GC(19) MMU target violated: 251.0ms (250.0ms/251.0ms)
[2022-03-23T13:15:31.722+0000][12581.388s] GC(19)   Pre Evacuate Collection Set: 0.0ms
[2022-03-23T13:15:31.738+0000][12581.404s] GC(19)   Evacuate Collection Set: 292.3ms
[2022-03-23T13:15:31.738+0000][12581.404s] GC(19)   Post Evacuate Collection Set: 0.4ms
[2022-03-23T13:15:31.738+0000][12581.405s] GC(19)   Other: 101.1ms
[2022-03-23T13:15:31.739+0000][12581.405s] GC(19) Eden regions: 22->0(24)
[2022-03-23T13:15:31.739+0000][12581.405s] GC(19) Survivor regions: 4->1(4)
[2022-03-23T13:15:31.739+0000][12581.406s] GC(19) Old regions: 38->42
[2022-03-23T13:15:31.740+0000][12581.406s] GC(19) Humongous regions: 4->4
[2022-03-23T13:15:31.741+0000][12581.407s] GC(19) Metaspace: 46363K->46363K(1091584K)
[2022-03-23T13:15:31.754+0000][12581.420s] GC(19) Pause Young (Normal) (G1 Evacuation Pause) 66M->45M(512M) 425.554ms
[2022-03-23T13:15:31.770+0000][12581.436s] GC(19) User=0.30s Sys=0.03s Real=0.44s
[2022-03-23T13:15:32.543+0000][12582.209s] GC(20) Pause Young (Normal) (G1 Evacuation Pause)
[2022-03-23T13:15:32.544+0000][12582.210s] GC(20) Using 4 workers of 4 for evacuation
[2022-03-23T13:15:32.608+0000][12582.274s] GC(20)   Pre Evacuate Collection Set: 0.0ms
[2022-03-23T13:15:32.612+0000][12582.278s] GC(20)   Evacuate Collection Set: 48.8ms
[2022-03-23T13:15:32.620+0000][12582.286s] GC(20)   Post Evacuate Collection Set: 0.6ms
[2022-03-23T13:15:32.636+0000][12582.302s] GC(20)   Other: 15.6ms
[2022-03-23T13:15:32.638+0000][12582.304s] GC(20) Eden regions: 24->0(27)
[2022-03-23T13:15:32.638+0000][12582.304s] GC(20) Survivor regions: 1->1(4)
[2022-03-23T13:15:32.639+0000][12582.305s] GC(20) Old regions: 42->42
[2022-03-23T13:15:32.656+0000][12582.322s] GC(20) Humongous regions: 4->4
[2022-03-23T13:15:32.674+0000][12582.340s] GC(20) Metaspace: 46528K->46528K(1091584K)
[2022-03-23T13:15:32.675+0000][12582.341s] GC(20) Pause Young (Normal) (G1 Evacuation Pause) 69M->45M(512M) 131.603ms
[2022-03-23T13:15:32.675+0000][12582.341s] GC(20) User=0.16s Sys=0.02s Real=0.12s
[2022-03-23T13:15:33.206+0000][12582.872s] GC(21) Pause Young (Normal) (G1 Evacuation Pause)
[2022-03-23T13:15:33.240+0000][12582.906s] GC(21) Using 4 workers of 4 for evacuation
[2022-03-23T13:15:33.309+0000][12582.975s] GC(21)   Pre Evacuate Collection Set: 0.0ms
[2022-03-23T13:15:33.372+0000][12583.038s] GC(21)   Evacuate Collection Set: 36.3ms
[2022-03-23T13:15:33.404+0000][12583.070s] GC(21)   Post Evacuate Collection Set: 16.4ms
[2022-03-23T13:15:33.452+0000][12583.118s] GC(21)   Other: 49.8ms
[2022-03-23T13:15:33.540+0000][12583.207s] GC(21) Eden regions: 27->0(30)
[2022-03-23T13:15:33.577+0000][12583.243s] GC(21) Survivor regions: 1->2(4)
[2022-03-23T13:15:33.587+0000][12583.253s] GC(21) Old regions: 42->42
[2022-03-23T13:15:33.593+0000][12583.259s] GC(21) Humongous regions: 4->4
[2022-03-23T13:15:33.608+0000][12583.274s] GC(21) Metaspace: 46579K->46579K(1091584K)
[2022-03-23T13:15:33.624+0000][12583.290s] GC(21) Pause Young (Normal) (G1 Evacuation Pause) 72M->45M(512M) 417.984ms
[2022-03-23T13:15:33.627+0000][12583.293s] GC(21) User=0.18s Sys=0.01s Real=0.42s
[2022-03-23T13:15:34.937+0000][12584.604s] GC(22) Pause Young (Normal) (G1 Evacuation Pause)
[2022-03-23T13:15:34.956+0000][12584.622s] GC(22) Using 4 workers of 4 for evacuation
[2022-03-23T13:15:35.093+0000][12584.759s] GC(22)   Pre Evacuate Collection Set: 0.1ms
[2022-03-23T13:15:35.132+0000][12584.798s] GC(22)   Evacuate Collection Set: 111.5ms
[2022-03-23T13:15:35.151+0000][12584.817s] GC(22)   Post Evacuate Collection Set: 0.6ms
[2022-03-23T13:15:35.204+0000][12584.870s] GC(22)   Other: 43.6ms
[2022-03-23T13:15:35.220+0000][12584.886s] GC(22) Eden regions: 30->0(32)
[2022-03-23T13:15:35.226+0000][12584.892s] GC(22) Survivor regions: 2->3(4)
[2022-03-23T13:15:35.258+0000][12584.924s] GC(22) Old regions: 42->42
[2022-03-23T13:15:35.263+0000][12584.929s] GC(22) Humongous regions: 4->4
[2022-03-23T13:15:35.278+0000][12584.944s] GC(22) Metaspace: 48205K->48205K(1093632K)
[2022-03-23T13:15:35.297+0000][12584.963s] GC(22) Pause Young (Normal) (G1 Evacuation Pause) 75M->46M(512M) 359.632ms
[2022-03-23T13:15:35.322+0000][12584.989s] GC(22) User=0.12s Sys=0.03s Real=0.38s
[2022-03-23T13:15:39.612+0000][12589.278s] GC(23) Pause Young (Normal) (G1 Evacuation Pause)
[2022-03-23T13:15:39.629+0000][12589.295s] GC(23) Using 4 workers of 4 for evacuation
[2022-03-23T13:15:39.951+0000][12589.617s] GC(23) MMU target violated: 251.0ms (250.0ms/251.0ms)
[2022-03-23T13:15:39.969+0000][12589.635s] GC(23)   Pre Evacuate Collection Set: 0.1ms
[2022-03-23T13:15:39.969+0000][12589.635s] GC(23)   Evacuate Collection Set: 282.0ms
[2022-03-23T13:15:39.970+0000][12589.636s] GC(23)   Post Evacuate Collection Set: 1.6ms
[2022-03-23T13:15:39.971+0000][12589.637s] GC(23)   Other: 72.9ms
[2022-03-23T13:15:39.988+0000][12589.655s] GC(23) Eden regions: 32->0(26)
[2022-03-23T13:15:40.000+0000][12589.666s] GC(23) Survivor regions: 3->5(5)
[2022-03-23T13:15:40.001+0000][12589.667s] GC(23) Old regions: 42->47
[2022-03-23T13:15:40.001+0000][12589.667s] GC(23) Humongous regions: 4->4
[2022-03-23T13:15:40.001+0000][12589.667s] GC(23) Metaspace: 49522K->49522K(1093632K)
[2022-03-23T13:15:40.002+0000][12589.668s] GC(23) Pause Young (Normal) (G1 Evacuation Pause) 78M->54M(512M) 389.489ms
[2022-03-23T13:15:40.002+0000][12589.668s] GC(23) User=0.30s Sys=0.20s Real=0.41s
[2022-03-23T13:15:48.097+0000][12597.763s] GC(24) Pause Young (Normal) (G1 Evacuation Pause)
[2022-03-23T13:15:48.121+0000][12597.787s] GC(24) Using 4 workers of 4 for evacuation
[2022-03-23T13:15:48.338+0000][12598.004s] GC(24)   Pre Evacuate Collection Set: 0.1ms
[2022-03-23T13:15:48.342+0000][12598.008s] GC(24)   Evacuate Collection Set: 184.8ms
[2022-03-23T13:15:48.353+0000][12598.019s] GC(24)   Post Evacuate Collection Set: 16.1ms
[2022-03-23T13:15:48.369+0000][12598.035s] GC(24)   Other: 39.6ms
[2022-03-23T13:15:48.393+0000][12598.059s] GC(24) Eden regions: 26->0(26)
[2022-03-23T13:15:48.394+0000][12598.060s] GC(24) Survivor regions: 5->4(4)
[2022-03-23T13:15:48.409+0000][12598.075s] GC(24) Old regions: 47->53
[2022-03-23T13:15:48.423+0000][12598.089s] GC(24) Humongous regions: 4->4
[2022-03-23T13:15:48.441+0000][12598.107s] GC(24) Metaspace: 50823K->50823K(1095680K)
[2022-03-23T13:15:48.455+0000][12598.121s] GC(24) Pause Young (Normal) (G1 Evacuation Pause) 80M->58M(512M) 357.609ms
[2022-03-23T13:15:48.456+0000][12598.122s] GC(24) User=0.08s Sys=0.30s Real=0.36s
[2022-03-23T13:15:51.652+0000][12601.318s] GC(25) Pause Young (Normal) (G1 Evacuation Pause)
[2022-03-23T13:15:51.662+0000][12601.328s] GC(25) Using 4 workers of 4 for evacuation
[2022-03-23T13:15:51.737+0000][12601.403s] GC(25)   Pre Evacuate Collection Set: 0.0ms
[2022-03-23T13:15:51.738+0000][12601.404s] GC(25)   Evacuate Collection Set: 73.8ms
[2022-03-23T13:15:51.738+0000][12601.404s] GC(25)   Post Evacuate Collection Set: 0.5ms
[2022-03-23T13:15:51.741+0000][12601.407s] GC(25)   Other: 11.2ms
[2022-03-23T13:15:51.744+0000][12601.410s] GC(25) Eden regions: 26->0(31)
[2022-03-23T13:15:51.745+0000][12601.411s] GC(25) Survivor regions: 4->3(4)
[2022-03-23T13:15:51.746+0000][12601.412s] GC(25) Old regions: 53->56
[2022-03-23T13:15:51.751+0000][12601.418s] GC(25) Humongous regions: 4->4
[2022-03-23T13:15:51.755+0000][12601.421s] GC(25) Metaspace: 50870K->50870K(1095680K)
[2022-03-23T13:15:51.759+0000][12601.425s] GC(25) Pause Young (Normal) (G1 Evacuation Pause) 84M->60M(512M) 107.573ms
[2022-03-23T13:15:51.761+0000][12601.427s] GC(25) User=0.08s Sys=0.03s Real=0.10s
[2022-03-23T13:15:56.328+0000][12605.994s] GC(26) Pause Young (Normal) (G1 Evacuation Pause)
[2022-03-23T13:15:56.337+0000][12606.003s] GC(26) Using 4 workers of 4 for evacuation
[2022-03-23T13:15:56.472+0000][12606.139s] GC(26)   Pre Evacuate Collection Set: 0.6ms
[2022-03-23T13:15:56.476+0000][12606.142s] GC(26)   Evacuate Collection Set: 133.0ms
[2022-03-23T13:15:56.476+0000][12606.142s] GC(26)   Post Evacuate Collection Set: 0.5ms
[2022-03-23T13:15:56.478+0000][12606.144s] GC(26)   Other: 10.8ms
[2022-03-23T13:15:56.495+0000][12606.162s] GC(26) Eden regions: 31->0(36)
[2022-03-23T13:15:56.507+0000][12606.173s] GC(26) Survivor regions: 3->5(5)
[2022-03-23T13:15:56.511+0000][12606.177s] GC(26) Old regions: 56->56
[2022-03-23T13:15:56.518+0000][12606.184s] GC(26) Humongous regions: 4->4
[2022-03-23T13:15:56.519+0000][12606.185s] GC(26) Metaspace: 51054K->51054K(1095680K)
[2022-03-23T13:15:56.519+0000][12606.185s] GC(26) Pause Young (Normal) (G1 Evacuation Pause) 91M->61M(512M) 191.474ms
[2022-03-23T13:15:56.520+0000][12606.186s] GC(26) User=0.06s Sys=0.09s Real=0.19s
[2022-03-23T13:16:01.492+0000][12611.158s] GC(27) Pause Young (Normal) (G1 Evacuation Pause)
[2022-03-23T13:16:01.495+0000][12611.161s] GC(27) Using 4 workers of 4 for evacuation
[2022-03-23T13:16:01.871+0000][12611.537s] GC(27) MMU target violated: 251.0ms (250.0ms/251.0ms)
[2022-03-23T13:16:01.887+0000][12611.553s] GC(27)   Pre Evacuate Collection Set: 0.1ms
[2022-03-23T13:16:01.903+0000][12611.569s] GC(27)   Evacuate Collection Set: 328.8ms
[2022-03-23T13:16:01.919+0000][12611.585s] GC(27)   Post Evacuate Collection Set: 46.7ms
[2022-03-23T13:16:01.935+0000][12611.601s] GC(27)   Other: 19.2ms
[2022-03-23T13:16:01.951+0000][12611.617s] GC(27) Eden regions: 36->0(30)
[2022-03-23T13:16:01.967+0000][12611.633s] GC(27) Survivor regions: 5->3(6)
[2022-03-23T13:16:01.983+0000][12611.649s] GC(27) Old regions: 56->60
[2022-03-23T13:16:01.999+0000][12611.665s] GC(27) Humongous regions: 4->4
[2022-03-23T13:16:02.015+0000][12611.681s] GC(27) Metaspace: 51105K->51105K(1095680K)
[2022-03-23T13:16:02.026+0000][12611.692s] GC(27) Pause Young (Normal) (G1 Evacuation Pause) 97M->64M(512M) 533.643ms
[2022-03-23T13:16:02.027+0000][12611.693s] GC(27) User=0.21s Sys=0.08s Real=0.54s
[2022-03-23T13:16:04.686+0000][12614.352s] GC(28) Pause Young (Normal) (G1 Evacuation Pause)
[2022-03-23T13:16:04.702+0000][12614.368s] GC(28) Using 4 workers of 4 for evacuation
[2022-03-23T13:16:04.789+0000][12614.455s] GC(28)   Pre Evacuate Collection Set: 0.1ms
[2022-03-23T13:16:04.793+0000][12614.460s] GC(28)   Evacuate Collection Set: 74.3ms
[2022-03-23T13:16:04.801+0000][12614.467s] GC(28)   Post Evacuate Collection Set: 0.4ms
[2022-03-23T13:16:04.801+0000][12614.467s] GC(28)   Other: 28.3ms
[2022-03-23T13:16:04.802+0000][12614.468s] GC(28) Eden regions: 30->0(36)
[2022-03-23T13:16:04.803+0000][12614.469s] GC(28) Survivor regions: 3->4(5)
[2022-03-23T13:16:04.803+0000][12614.469s] GC(28) Old regions: 60->60
[2022-03-23T13:16:04.803+0000][12614.469s] GC(28) Humongous regions: 4->4
[2022-03-23T13:16:04.806+0000][12614.472s] GC(28) Metaspace: 51173K->51173K(1095680K)
[2022-03-23T13:16:04.808+0000][12614.474s] GC(28) Pause Young (Normal) (G1 Evacuation Pause) 94M->65M(512M) 122.379ms
[2022-03-23T13:16:04.825+0000][12614.491s] GC(28) User=0.05s Sys=0.04s Real=0.14s
[2022-03-23T13:16:06.598+0000][12616.264s] GC(29) Pause Young (Normal) (GCLocker Initiated GC)
[2022-03-23T13:16:06.626+0000][12616.292s] GC(29) Using 4 workers of 4 for evacuation
[2022-03-23T13:16:06.862+0000][12616.528s] GC(29)   Pre Evacuate Collection Set: 0.0ms
[2022-03-23T13:16:06.877+0000][12616.543s] GC(29)   Evacuate Collection Set: 204.0ms
[2022-03-23T13:16:06.926+0000][12616.592s] GC(29)   Post Evacuate Collection Set: 0.6ms
[2022-03-23T13:16:06.959+0000][12616.626s] GC(29)   Other: 60.2ms
[2022-03-23T13:16:06.991+0000][12616.657s] GC(29) Eden regions: 37->0(36)
[2022-03-23T13:16:07.026+0000][12616.692s] GC(29) Survivor regions: 4->5(5)
[2022-03-23T13:16:07.073+0000][12616.740s] GC(29) Old regions: 60->62
[2022-03-23T13:16:07.106+0000][12616.772s] GC(29) Humongous regions: 4->4
[2022-03-23T13:16:07.134+0000][12616.800s] GC(29) Metaspace: 51275K->51275K(1095680K)
[2022-03-23T13:16:07.139+0000][12616.805s] GC(29) Pause Young (Normal) (GCLocker Initiated GC) 101M->69M(512M) 541.699ms
[2022-03-23T13:16:07.166+0000][12616.832s] GC(29) User=0.24s Sys=0.19s Real=0.57s
[2022-03-23T13:16:10.109+0000][12619.775s] GC(30) Pause Young (Normal) (G1 Evacuation Pause)
[2022-03-23T13:16:10.128+0000][12619.794s] GC(30) Using 4 workers of 4 for evacuation
[2022-03-23T13:16:10.304+0000][12619.971s] GC(30)   Pre Evacuate Collection Set: 0.0ms
[2022-03-23T13:16:10.305+0000][12619.971s] GC(30)   Evacuate Collection Set: 142.2ms
[2022-03-23T13:16:10.305+0000][12619.971s] GC(30)   Post Evacuate Collection Set: 20.2ms
[2022-03-23T13:16:10.305+0000][12619.971s] GC(30)   Other: 32.9ms
[2022-03-23T13:16:10.306+0000][12619.972s] GC(30) Eden regions: 36->0(38)
[2022-03-23T13:16:10.306+0000][12619.972s] GC(30) Survivor regions: 5->4(6)
[2022-03-23T13:16:10.306+0000][12619.972s] GC(30) Old regions: 62->67
[2022-03-23T13:16:10.306+0000][12619.972s] GC(30) Humongous regions: 4->4
[2022-03-23T13:16:10.306+0000][12619.972s] GC(30) Metaspace: 51619K->51619K(1095680K)
[2022-03-23T13:16:10.307+0000][12619.973s] GC(30) Pause Young (Normal) (G1 Evacuation Pause) 105M->72M(512M) 197.365ms
[2022-03-23T13:16:10.307+0000][12619.973s] GC(30) User=0.11s Sys=0.04s Real=0.20s
[2022-03-23T13:16:12.204+0000][12621.870s] GC(31) Pause Young (Normal) (G1 Evacuation Pause)
[2022-03-23T13:16:12.205+0000][12621.871s] GC(31) Using 4 workers of 4 for evacuation
[2022-03-23T13:16:12.423+0000][12622.089s] GC(31)   Pre Evacuate Collection Set: 0.0ms
[2022-03-23T13:16:12.424+0000][12622.090s] GC(31)   Evacuate Collection Set: 215.5ms
[2022-03-23T13:16:12.425+0000][12622.091s] GC(31)   Post Evacuate Collection Set: 1.2ms
[2022-03-23T13:16:12.425+0000][12622.091s] GC(31)   Other: 2.5ms
[2022-03-23T13:16:12.426+0000][12622.092s] GC(31) Eden regions: 38->0(39)
[2022-03-23T13:16:12.426+0000][12622.092s] GC(31) Survivor regions: 4->6(6)
[2022-03-23T13:16:12.427+0000][12622.093s] GC(31) Old regions: 67->69
[2022-03-23T13:16:12.431+0000][12622.097s] GC(31) Humongous regions: 4->4
[2022-03-23T13:16:12.435+0000][12622.101s] GC(31) Metaspace: 51721K->51721K(1095680K)
[2022-03-23T13:16:12.436+0000][12622.102s] GC(31) Pause Young (Normal) (G1 Evacuation Pause) 110M->77M(512M) 231.861ms
[2022-03-23T13:16:12.436+0000][12622.103s] GC(31) User=0.23s Sys=0.07s Real=0.23s
[2022-03-23T13:16:13.997+0000][12623.663s] GC(32) Pause Young (Normal) (G1 Evacuation Pause)
[2022-03-23T13:16:13.998+0000][12623.664s] GC(32) Using 4 workers of 4 for evacuation
[2022-03-23T13:16:14.248+0000][12623.914s] GC(32)   Pre Evacuate Collection Set: 0.0ms
[2022-03-23T13:16:14.254+0000][12623.920s] GC(32)   Evacuate Collection Set: 230.0ms
[2022-03-23T13:16:14.259+0000][12623.925s] GC(32)   Post Evacuate Collection Set: 9.1ms
[2022-03-23T13:16:14.259+0000][12623.925s] GC(32)   Other: 11.6ms
[2022-03-23T13:16:14.259+0000][12623.925s] GC(32) Eden regions: 39->0(40)
[2022-03-23T13:16:14.260+0000][12623.926s] GC(32) Survivor regions: 6->4(6)
[2022-03-23T13:16:14.266+0000][12623.932s] GC(32) Old regions: 69->75
[2022-03-23T13:16:14.266+0000][12623.932s] GC(32) Humongous regions: 4->4
[2022-03-23T13:16:14.266+0000][12623.933s] GC(32) Metaspace: 51734K->51734K(1095680K)
[2022-03-23T13:16:14.267+0000][12623.933s] GC(32) Pause Young (Normal) (G1 Evacuation Pause) 116M->80M(512M) 269.408ms
[2022-03-23T13:16:14.271+0000][12623.937s] GC(32) User=0.14s Sys=0.15s Real=0.27s
[2022-03-23T13:16:16.305+0000][12625.971s] GC(33) Pause Young (Normal) (G1 Evacuation Pause)
[2022-03-23T13:16:16.306+0000][12625.972s] GC(33) Using 4 workers of 4 for evacuation
[2022-03-23T13:16:16.343+0000][12626.009s] GC(33)   Pre Evacuate Collection Set: 0.1ms
[2022-03-23T13:16:16.343+0000][12626.009s] GC(33)   Evacuate Collection Set: 34.7ms
[2022-03-23T13:16:16.343+0000][12626.010s] GC(33)   Post Evacuate Collection Set: 0.4ms
[2022-03-23T13:16:16.344+0000][12626.010s] GC(33)   Other: 3.1ms
[2022-03-23T13:16:16.344+0000][12626.010s] GC(33) Eden regions: 40->0(47)
[2022-03-23T13:16:16.352+0000][12626.018s] GC(33) Survivor regions: 4->6(6)
[2022-03-23T13:16:16.359+0000][12626.025s] GC(33) Old regions: 75->75
[2022-03-23T13:16:16.360+0000][12626.049s] GC(33) Humongous regions: 4->4
[2022-03-23T13:16:16.383+0000][12626.049s] GC(33) Metaspace: 51754K->51754K(1095680K)
[2022-03-23T13:16:16.384+0000][12626.050s] GC(33) Pause Young (Normal) (G1 Evacuation Pause) 120M->83M(512M) 79.111ms
[2022-03-23T13:16:16.384+0000][12626.050s] GC(33) User=0.04s Sys=0.01s Real=0.08s
[2022-03-23T13:16:18.224+0000][12627.890s] GC(34) Pause Young (Normal) (G1 Evacuation Pause)
[2022-03-23T13:16:18.229+0000][12627.895s] GC(34) Using 4 workers of 4 for evacuation
[2022-03-23T13:16:18.476+0000][12628.142s] GC(34)   Pre Evacuate Collection Set: 0.0ms
[2022-03-23T13:16:18.477+0000][12628.143s] GC(34)   Evacuate Collection Set: 234.0ms
[2022-03-23T13:16:18.478+0000][12628.144s] GC(34)   Post Evacuate Collection Set: 10.8ms
[2022-03-23T13:16:18.481+0000][12628.147s] GC(34)   Other: 7.0ms
[2022-03-23T13:16:18.482+0000][12628.148s] GC(34) Eden regions: 47->0(43)
[2022-03-23T13:16:18.483+0000][12628.149s] GC(34) Survivor regions: 6->7(7)
[2022-03-23T13:16:18.487+0000][12628.154s] GC(34) Old regions: 75->77
[2022-03-23T13:16:18.488+0000][12628.154s] GC(34) Humongous regions: 4->4
[2022-03-23T13:16:18.489+0000][12628.155s] GC(34) Metaspace: 51794K->51794K(1095680K)
[2022-03-23T13:16:18.489+0000][12628.155s] GC(34) Pause Young (Normal) (G1 Evacuation Pause) 130M->85M(512M) 265.178ms
[2022-03-23T13:16:18.489+0000][12628.155s] GC(34) User=0.26s Sys=0.01s Real=0.26s
[2022-03-23T13:16:19.395+0000][12629.061s] GC(35) Pause Young (Normal) (G1 Evacuation Pause)
[2022-03-23T13:16:19.400+0000][12629.066s] GC(35) Using 4 workers of 4 for evacuation
[2022-03-23T13:16:19.689+0000][12629.355s] GC(35) MMU target violated: 251.0ms (250.0ms/251.0ms)
[2022-03-23T13:16:19.689+0000][12629.355s] GC(35)   Pre Evacuate Collection Set: 0.0ms
[2022-03-23T13:16:19.689+0000][12629.356s] GC(35)   Evacuate Collection Set: 285.9ms
[2022-03-23T13:16:19.690+0000][12629.356s] GC(35)   Post Evacuate Collection Set: 1.4ms
[2022-03-23T13:16:19.690+0000][12629.356s] GC(35)   Other: 6.7ms
[2022-03-23T13:16:19.690+0000][12629.356s] GC(35) Eden regions: 43->0(44)
[2022-03-23T13:16:19.691+0000][12629.357s] GC(35) Survivor regions: 7->4(7)
[2022-03-23T13:16:19.691+0000][12629.357s] GC(35) Old regions: 77->84
[2022-03-23T13:16:19.691+0000][12629.357s] GC(35) Humongous regions: 4->4
[2022-03-23T13:16:19.692+0000][12629.358s] GC(35) Metaspace: 51845K->51845K(1095680K)
[2022-03-23T13:16:19.692+0000][12629.358s] GC(35) Pause Young (Normal) (G1 Evacuation Pause) 128M->89M(512M) 296.753ms
[2022-03-23T13:16:19.692+0000][12629.358s] GC(35) User=0.18s Sys=0.18s Real=0.30s
[2022-03-23T13:16:22.175+0000][12631.841s] GC(36) Pause Young (Normal) (G1 Evacuation Pause)
[2022-03-23T13:16:22.183+0000][12631.849s] GC(36) Using 4 workers of 4 for evacuation
[2022-03-23T13:16:22.336+0000][12632.002s] GC(36)   Pre Evacuate Collection Set: 0.0ms
[2022-03-23T13:16:22.336+0000][12632.002s] GC(36)   Evacuate Collection Set: 138.3ms
[2022-03-23T13:16:22.336+0000][12632.003s] GC(36)   Post Evacuate Collection Set: 13.9ms
[2022-03-23T13:16:22.337+0000][12632.003s] GC(36)   Other: 8.8ms
[2022-03-23T13:16:22.337+0000][12632.004s] GC(36) Eden regions: 44->0(46)
[2022-03-23T13:16:22.338+0000][12632.004s] GC(36) Survivor regions: 4->5(6)
[2022-03-23T13:16:22.339+0000][12632.005s] GC(36) Old regions: 84->87
[2022-03-23T13:16:22.339+0000][12632.005s] GC(36) Humongous regions: 4->4
[2022-03-23T13:16:22.339+0000][12632.005s] GC(36) Metaspace: 51863K->51863K(1095680K)
[2022-03-23T13:16:22.340+0000][12632.006s] GC(36) Pause Young (Normal) (G1 Evacuation Pause) 133M->93M(512M) 165.067ms
[2022-03-23T13:16:22.340+0000][12632.006s] GC(36) User=0.16s Sys=0.00s Real=0.16s
[2022-03-23T13:16:26.159+0000][12635.825s] GC(37) Pause Young (Normal) (G1 Evacuation Pause)
[2022-03-23T13:16:26.174+0000][12635.840s] GC(37) Using 4 workers of 4 for evacuation
[2022-03-23T13:16:26.421+0000][12636.087s] GC(37)   Pre Evacuate Collection Set: 0.0ms
[2022-03-23T13:16:26.421+0000][12636.087s] GC(37)   Evacuate Collection Set: 227.1ms
[2022-03-23T13:16:26.423+0000][12636.089s] GC(37)   Post Evacuate Collection Set: 16.3ms
[2022-03-23T13:16:26.424+0000][12636.090s] GC(37)   Other: 17.3ms
[2022-03-23T13:16:26.424+0000][12636.091s] GC(37) Eden regions: 46->0(44)
[2022-03-23T13:16:26.425+0000][12636.091s] GC(37) Survivor regions: 5->5(7)
[2022-03-23T13:16:26.425+0000][12636.091s] GC(37) Old regions: 87->89
[2022-03-23T13:16:26.425+0000][12636.091s] GC(37) Humongous regions: 4->4
[2022-03-23T13:16:26.425+0000][12636.091s] GC(37) Metaspace: 51965K->51965K(1095680K)
[2022-03-23T13:16:26.426+0000][12636.092s] GC(37) Pause Young (Normal) (G1 Evacuation Pause) 139M->96M(512M) 267.051ms
[2022-03-23T13:16:26.426+0000][12636.092s] GC(37) User=0.04s Sys=0.13s Real=0.28s
[2022-03-23T13:16:28.661+0000][12638.327s] GC(38) Pause Young (Normal) (G1 Evacuation Pause)
[2022-03-23T13:16:28.662+0000][12638.328s] GC(38) Using 4 workers of 4 for evacuation
[2022-03-23T13:16:28.739+0000][12638.405s] GC(38)   Pre Evacuate Collection Set: 0.0ms
[2022-03-23T13:16:28.740+0000][12638.406s] GC(38)   Evacuate Collection Set: 76.6ms
[2022-03-23T13:16:28.740+0000][12638.406s] GC(38)   Post Evacuate Collection Set: 0.6ms
[2022-03-23T13:16:28.740+0000][12638.406s] GC(38)   Other: 1.0ms
[2022-03-23T13:16:28.740+0000][12638.406s] GC(38) Eden regions: 44->0(49)
[2022-03-23T13:16:28.741+0000][12638.407s] GC(38) Survivor regions: 5->4(7)
[2022-03-23T13:16:28.741+0000][12638.407s] GC(38) Old regions: 89->93
[2022-03-23T13:16:28.741+0000][12638.407s] GC(38) Humongous regions: 4->4
[2022-03-23T13:16:28.741+0000][12638.407s] GC(38) Metaspace: 51988K->51988K(1095680K)
[2022-03-23T13:16:28.742+0000][12638.408s] GC(38) Pause Young (Normal) (G1 Evacuation Pause) 140M->99M(512M) 80.486ms
[2022-03-23T13:16:28.742+0000][12638.408s] GC(38) User=0.11s Sys=0.01s Real=0.09s
[2022-03-23T13:16:29.834+0000][12639.500s] GC(39) Pause Young (Normal) (G1 Evacuation Pause)
[2022-03-23T13:16:29.837+0000][12639.503s] GC(39) Using 4 workers of 4 for evacuation
[2022-03-23T13:16:29.942+0000][12639.608s] GC(39)   Pre Evacuate Collection Set: 0.0ms
[2022-03-23T13:16:29.944+0000][12639.611s] GC(39)   Evacuate Collection Set: 96.4ms
[2022-03-23T13:16:29.945+0000][12639.611s] GC(39)   Post Evacuate Collection Set: 8.0ms
[2022-03-23T13:16:29.945+0000][12639.611s] GC(39)   Other: 3.6ms
[2022-03-23T13:16:29.945+0000][12639.611s] GC(39) Eden regions: 49->0(55)
[2022-03-23T13:16:29.945+0000][12639.611s] GC(39) Survivor regions: 4->7(7)
[2022-03-23T13:16:29.946+0000][12639.612s] GC(39) Old regions: 93->93
[2022-03-23T13:16:29.946+0000][12639.612s] GC(39) Humongous regions: 4->4
[2022-03-23T13:16:29.946+0000][12639.612s] GC(39) Metaspace: 52046K->52046K(1095680K)
[2022-03-23T13:16:29.946+0000][12639.612s] GC(39) Pause Young (Normal) (G1 Evacuation Pause) 148M->102M(512M) 112.076ms
[2022-03-23T13:16:29.946+0000][12639.612s] GC(39) User=0.05s Sys=0.06s Real=0.11s
[2022-03-23T13:16:32.557+0000][12642.223s] GC(40) Pause Young (Normal) (G1 Evacuation Pause)
[2022-03-23T13:16:32.577+0000][12642.243s] GC(40) Using 4 workers of 4 for evacuation
[2022-03-23T13:16:32.876+0000][12642.542s] GC(40) MMU target violated: 251.0ms (250.0ms/251.0ms)
[2022-03-23T13:16:32.880+0000][12642.546s] GC(40)   Pre Evacuate Collection Set: 0.0ms
[2022-03-23T13:16:32.896+0000][12642.562s] GC(40)   Evacuate Collection Set: 270.0ms
[2022-03-23T13:16:32.928+0000][12642.594s] GC(40)   Post Evacuate Collection Set: 27.9ms
[2022-03-23T13:16:32.945+0000][12642.611s] GC(40)   Other: 25.0ms
[2022-03-23T13:16:32.945+0000][12642.611s] GC(40) Eden regions: 55->0(50)
[2022-03-23T13:16:32.946+0000][12642.612s] GC(40) Survivor regions: 7->8(8)
[2022-03-23T13:16:32.952+0000][12642.618s] GC(40) Old regions: 93->96
[2022-03-23T13:16:32.965+0000][12642.631s] GC(40) Humongous regions: 4->4
[2022-03-23T13:16:32.968+0000][12642.634s] GC(40) Metaspace: 52317K->52317K(1097728K)
[2022-03-23T13:16:32.968+0000][12642.634s] GC(40) Pause Young (Normal) (G1 Evacuation Pause) 157M->106M(512M) 411.025ms
[2022-03-23T13:16:32.968+0000][12642.634s] GC(40) User=0.25s Sys=0.36s Real=0.41s
[2022-03-23T13:16:36.147+0000][12645.814s] GC(41) Pause Young (Normal) (G1 Evacuation Pause)
[2022-03-23T13:16:36.154+0000][12645.820s] GC(41) Using 4 workers of 4 for evacuation
[2022-03-23T13:16:36.347+0000][12646.013s] GC(41)   Pre Evacuate Collection Set: 12.8ms
[2022-03-23T13:16:36.349+0000][12646.015s] GC(41)   Evacuate Collection Set: 164.7ms
[2022-03-23T13:16:36.350+0000][12646.016s] GC(41)   Post Evacuate Collection Set: 0.5ms
[2022-03-23T13:16:36.350+0000][12646.016s] GC(41)   Other: 21.8ms
[2022-03-23T13:16:36.351+0000][12646.017s] GC(41) Eden regions: 50->0(54)
[2022-03-23T13:16:36.351+0000][12646.017s] GC(41) Survivor regions: 8->5(8)
[2022-03-23T13:16:36.351+0000][12646.017s] GC(41) Old regions: 96->103
[2022-03-23T13:16:36.352+0000][12646.018s] GC(41) Humongous regions: 4->4
[2022-03-23T13:16:36.353+0000][12646.019s] GC(41) Metaspace: 52354K->52354K(1097728K)
[2022-03-23T13:16:36.354+0000][12646.020s] GC(41) Pause Young (Normal) (G1 Evacuation Pause) 156M->110M(512M) 206.377ms
[2022-03-23T13:16:36.358+0000][12646.025s] GC(41) User=0.20s Sys=0.07s Real=0.21s
[2022-03-23T13:16:38.738+0000][12648.404s] GC(42) Pause Young (Normal) (G1 Evacuation Pause)
[2022-03-23T13:16:38.738+0000][12648.404s] GC(42) Using 4 workers of 4 for evacuation
[2022-03-23T13:16:38.963+0000][12648.629s] GC(42)   Pre Evacuate Collection Set: 0.0ms
[2022-03-23T13:16:38.963+0000][12648.629s] GC(42)   Evacuate Collection Set: 193.4ms
[2022-03-23T13:16:38.963+0000][12648.630s] GC(42)   Post Evacuate Collection Set: 27.8ms
[2022-03-23T13:16:38.964+0000][12648.630s] GC(42)   Other: 3.7ms
[2022-03-23T13:16:38.964+0000][12648.630s] GC(42) Eden regions: 54->0(56)
[2022-03-23T13:16:38.964+0000][12648.630s] GC(42) Survivor regions: 5->5(8)
[2022-03-23T13:16:38.964+0000][12648.630s] GC(42) Old regions: 103->106
[2022-03-23T13:16:38.965+0000][12648.631s] GC(42) Humongous regions: 4->4
[2022-03-23T13:16:38.965+0000][12648.631s] GC(42) Metaspace: 52378K->52378K(1097728K)
[2022-03-23T13:16:38.965+0000][12648.631s] GC(42) Pause Young (Normal) (G1 Evacuation Pause) 164M->113M(512M) 227.101ms
[2022-03-23T13:16:38.965+0000][12648.631s] GC(42) User=0.16s Sys=0.08s Real=0.22s
[2022-03-23T13:16:40.869+0000][12650.535s] GC(43) Pause Young (Normal) (G1 Evacuation Pause)
[2022-03-23T13:16:40.887+0000][12650.553s] GC(43) Using 4 workers of 4 for evacuation
[2022-03-23T13:16:41.113+0000][12650.779s] GC(43)   Pre Evacuate Collection Set: 0.0ms
[2022-03-23T13:16:41.120+0000][12650.786s] GC(43)   Evacuate Collection Set: 174.9ms
[2022-03-23T13:16:41.125+0000][12650.791s] GC(43)   Post Evacuate Collection Set: 34.6ms
[2022-03-23T13:16:41.143+0000][12650.809s] GC(43)   Other: 34.2ms
[2022-03-23T13:16:41.144+0000][12650.810s] GC(43) Eden regions: 56->0(58)
[2022-03-23T13:16:41.144+0000][12650.810s] GC(43) Survivor regions: 5->5(8)
[2022-03-23T13:16:41.144+0000][12650.810s] GC(43) Old regions: 106->111
[2022-03-23T13:16:41.144+0000][12650.810s] GC(43) Humongous regions: 4->4
[2022-03-23T13:16:41.145+0000][12650.811s] GC(43) Metaspace: 52408K->52408K(1097728K)
[2022-03-23T13:16:41.145+0000][12650.811s] GC(43) Pause Young (Normal) (G1 Evacuation Pause) 169M->117M(512M) 276.086ms
[2022-03-23T13:16:41.145+0000][12650.812s] GC(43) User=0.11s Sys=0.26s Real=0.27s
[2022-03-23T13:16:44.498+0000][12654.164s] GC(44) Pause Young (Normal) (G1 Evacuation Pause)
[2022-03-23T13:16:44.522+0000][12654.188s] GC(44) Using 4 workers of 4 for evacuation
[2022-03-23T13:16:44.740+0000][12654.406s] GC(44)   Pre Evacuate Collection Set: 0.0ms
[2022-03-23T13:16:44.741+0000][12654.407s] GC(44)   Evacuate Collection Set: 181.9ms
[2022-03-23T13:16:44.741+0000][12654.407s] GC(44)   Post Evacuate Collection Set: 2.9ms
[2022-03-23T13:16:44.742+0000][12654.408s] GC(44)   Other: 56.7ms
[2022-03-23T13:16:44.745+0000][12654.411s] GC(44) Eden regions: 58->0(59)
[2022-03-23T13:16:44.746+0000][12654.412s] GC(44) Survivor regions: 5->6(8)
[2022-03-23T13:16:44.747+0000][12654.413s] GC(44) Old regions: 111->115
[2022-03-23T13:16:44.748+0000][12654.414s] GC(44) Humongous regions: 4->4
[2022-03-23T13:16:44.748+0000][12654.414s] GC(44) Metaspace: 52433K->52433K(1097728K)
[2022-03-23T13:16:44.758+0000][12654.424s] GC(44) Pause Young (Normal) (G1 Evacuation Pause) 175M->122M(512M) 259.968ms
[2022-03-23T13:16:44.759+0000][12654.425s] GC(44) User=0.14s Sys=0.09s Real=0.27s
[2022-03-23T13:16:50.578+0000][12660.244s] GC(45) Pause Young (Normal) (G1 Evacuation Pause)
[2022-03-23T13:16:50.588+0000][12660.255s] GC(45) Using 4 workers of 4 for evacuation
[2022-03-23T13:16:50.727+0000][12660.393s] GC(45)   Pre Evacuate Collection Set: 0.0ms
[2022-03-23T13:16:50.728+0000][12660.394s] GC(45)   Evacuate Collection Set: 119.1ms
[2022-03-23T13:16:50.728+0000][12660.394s] GC(45)   Post Evacuate Collection Set: 14.3ms
[2022-03-23T13:16:50.728+0000][12660.395s] GC(45)   Other: 16.3ms
[2022-03-23T13:16:50.729+0000][12660.395s] GC(45) Eden regions: 59->0(64)
[2022-03-23T13:16:50.729+0000][12660.395s] GC(45) Survivor regions: 6->6(9)
[2022-03-23T13:16:50.732+0000][12660.398s] GC(45) Old regions: 115->119
[2022-03-23T13:16:50.733+0000][12660.399s] GC(45) Humongous regions: 4->4
[2022-03-23T13:16:50.733+0000][12660.399s] GC(45) Metaspace: 52492K->52492K(1097728K)
[2022-03-23T13:16:50.733+0000][12660.399s] GC(45) Pause Young (Normal) (G1 Evacuation Pause) 181M->126M(512M) 155.651ms
[2022-03-23T13:16:50.734+0000][12660.400s] GC(45) User=0.09s Sys=0.07s Real=0.16s
[2022-03-23T13:16:53.531+0000][12663.197s] GC(46) Pause Young (Normal) (G1 Evacuation Pause)
[2022-03-23T13:16:53.533+0000][12663.199s] GC(46) Using 4 workers of 4 for evacuation
[2022-03-23T13:16:53.755+0000][12663.421s] GC(46)   Pre Evacuate Collection Set: 0.0ms
[2022-03-23T13:16:53.756+0000][12663.422s] GC(46)   Evacuate Collection Set: 212.1ms
[2022-03-23T13:16:53.757+0000][12663.423s] GC(46)   Post Evacuate Collection Set: 1.1ms
[2022-03-23T13:16:53.761+0000][12663.427s] GC(46)   Other: 10.9ms
[2022-03-23T13:16:53.762+0000][12663.428s] GC(46) Eden regions: 64->0(62)
[2022-03-23T13:16:53.763+0000][12663.429s] GC(46) Survivor regions: 6->6(9)
[2022-03-23T13:16:53.763+0000][12663.429s] GC(46) Old regions: 119->123
[2022-03-23T13:16:53.763+0000][12663.429s] GC(46) Humongous regions: 4->4
[2022-03-23T13:16:53.763+0000][12663.429s] GC(46) Metaspace: 52536K->52536K(1097728K)
[2022-03-23T13:16:53.764+0000][12663.430s] GC(46) Pause Young (Normal) (G1 Evacuation Pause) 190M->131M(512M) 232.476ms
[2022-03-23T13:16:53.764+0000][12663.430s] GC(46) User=0.19s Sys=0.09s Real=0.24s
[2022-03-23T13:16:55.166+0000][12664.832s] GC(47) Pause Young (Normal) (G1 Evacuation Pause)
[2022-03-23T13:16:55.188+0000][12664.854s] GC(47) Using 4 workers of 4 for evacuation
[2022-03-23T13:16:55.491+0000][12665.157s] GC(47) MMU target violated: 251.0ms (250.0ms/251.0ms)
[2022-03-23T13:16:55.493+0000][12665.159s] GC(47)   Pre Evacuate Collection Set: 0.0ms
[2022-03-23T13:16:55.494+0000][12665.160s] GC(47)   Evacuate Collection Set: 280.4ms
[2022-03-23T13:16:55.494+0000][12665.160s] GC(47)   Post Evacuate Collection Set: 14.3ms
[2022-03-23T13:16:55.494+0000][12665.160s] GC(47)   Other: 33.0ms
[2022-03-23T13:16:55.499+0000][12665.165s] GC(47) Eden regions: 62->0(59)
[2022-03-23T13:16:55.500+0000][12665.166s] GC(47) Survivor regions: 6->6(9)
[2022-03-23T13:16:55.504+0000][12665.170s] GC(47) Old regions: 123->128
[2022-03-23T13:16:55.505+0000][12665.171s] GC(47) Humongous regions: 4->4
[2022-03-23T13:16:55.505+0000][12665.171s] GC(47) Metaspace: 52583K->52583K(1097728K)
[2022-03-23T13:16:55.505+0000][12665.171s] GC(47) Pause Young (Normal) (G1 Evacuation Pause) 193M->136M(512M) 339.591ms
[2022-03-23T13:16:55.506+0000][12665.172s] GC(47) User=0.13s Sys=0.29s Real=0.34s
[2022-03-23T13:16:58.101+0000][12667.767s] GC(48) Pause Young (Normal) (G1 Evacuation Pause)
[2022-03-23T13:16:58.104+0000][12667.770s] GC(48) Using 4 workers of 4 for evacuation
[2022-03-23T13:16:58.347+0000][12668.013s] GC(48)   Pre Evacuate Collection Set: 0.0ms
[2022-03-23T13:16:58.347+0000][12668.014s] GC(48)   Evacuate Collection Set: 241.1ms
[2022-03-23T13:16:58.348+0000][12668.014s] GC(48)   Post Evacuate Collection Set: 0.9ms
[2022-03-23T13:16:58.352+0000][12668.018s] GC(48)   Other: 3.5ms
[2022-03-23T13:16:58.353+0000][12668.019s] GC(48) Eden regions: 59->0(61)
[2022-03-23T13:16:58.354+0000][12668.020s] GC(48) Survivor regions: 6->6(9)
[2022-03-23T13:16:58.359+0000][12668.025s] GC(48) Old regions: 128->133
[2022-03-23T13:16:58.361+0000][12668.027s] GC(48) Humongous regions: 4->4
[2022-03-23T13:16:58.362+0000][12668.028s] GC(48) Metaspace: 52602K->52602K(1097728K)
[2022-03-23T13:16:58.363+0000][12668.029s] GC(48) Pause Young (Normal) (G1 Evacuation Pause) 195M->141M(512M) 261.607ms
[2022-03-23T13:16:58.363+0000][12668.029s] GC(48) User=0.16s Sys=0.14s Real=0.27s
[2022-03-23T13:17:01.030+0000][12670.697s] GC(49) Pause Young (Normal) (G1 Evacuation Pause)
[2022-03-23T13:17:01.031+0000][12670.697s] GC(49) Using 4 workers of 4 for evacuation
[2022-03-23T13:17:01.163+0000][12670.829s] GC(49)   Pre Evacuate Collection Set: 0.1ms
[2022-03-23T13:17:01.163+0000][12670.830s] GC(49)   Evacuate Collection Set: 108.8ms
[2022-03-23T13:17:01.176+0000][12670.842s] GC(49)   Post Evacuate Collection Set: 21.9ms
[2022-03-23T13:17:01.176+0000][12670.842s] GC(49)   Other: 2.4ms
[2022-03-23T13:17:01.176+0000][12670.842s] GC(49) Eden regions: 61->0(67)
[2022-03-23T13:17:01.177+0000][12670.843s] GC(49) Survivor regions: 6->6(9)
[2022-03-23T13:17:01.177+0000][12670.843s] GC(49) Old regions: 133->137
[2022-03-23T13:17:01.177+0000][12670.843s] GC(49) Humongous regions: 4->4
[2022-03-23T13:17:01.177+0000][12670.843s] GC(49) Metaspace: 52619K->52619K(1097728K)
[2022-03-23T13:17:01.178+0000][12670.844s] GC(49) Pause Young (Normal) (G1 Evacuation Pause) 202M->144M(512M) 147.820ms
[2022-03-23T13:17:01.178+0000][12670.844s] GC(49) User=0.10s Sys=0.05s Real=0.15s
[2022-03-23T13:17:02.962+0000][12672.628s] GC(50) Pause Young (Normal) (G1 Evacuation Pause)
[2022-03-23T13:17:02.982+0000][12672.648s] GC(50) Using 4 workers of 4 for evacuation
[2022-03-23T13:17:03.227+0000][12672.893s] GC(50)   Pre Evacuate Collection Set: 0.0ms
[2022-03-23T13:17:03.237+0000][12672.903s] GC(50)   Evacuate Collection Set: 220.8ms
[2022-03-23T13:17:03.254+0000][12672.920s] GC(50)   Post Evacuate Collection Set: 19.5ms
[2022-03-23T13:17:03.255+0000][12672.921s] GC(50)   Other: 24.3ms
[2022-03-23T13:17:03.255+0000][12672.921s] GC(50) Eden regions: 67->0(64)
[2022-03-23T13:17:03.255+0000][12672.921s] GC(50) Survivor regions: 6->10(10)
[2022-03-23T13:17:03.255+0000][12672.921s] GC(50) Old regions: 137->137
[2022-03-23T13:17:03.256+0000][12672.922s] GC(50) Humongous regions: 4->4
[2022-03-23T13:17:03.256+0000][12672.922s] GC(50) Metaspace: 52665K->52665K(1097728K)
[2022-03-23T13:17:03.257+0000][12672.923s] GC(50) Pause Young (Normal) (G1 Evacuation Pause) 211M->149M(512M) 294.397ms
[2022-03-23T13:17:03.258+0000][12672.924s] GC(50) User=0.25s Sys=0.08s Real=0.30s
[2022-03-23T13:17:07.116+0000][12676.782s] GC(51) Pause Young (Normal) (G1 Evacuation Pause)
[2022-03-23T13:17:07.117+0000][12676.783s] GC(51) Using 4 workers of 4 for evacuation
[2022-03-23T13:17:07.404+0000][12677.071s] GC(51) MMU target violated: 251.0ms (250.0ms/251.0ms)
[2022-03-23T13:17:07.406+0000][12677.072s] GC(51)   Pre Evacuate Collection Set: 0.0ms
[2022-03-23T13:17:07.409+0000][12677.076s] GC(51)   Evacuate Collection Set: 270.0ms
[2022-03-23T13:17:07.417+0000][12677.083s] GC(51)   Post Evacuate Collection Set: 17.3ms
[2022-03-23T13:17:07.436+0000][12677.102s] GC(51)   Other: 2.8ms
[2022-03-23T13:17:07.449+0000][12677.115s] GC(51) Eden regions: 64->0(64)
[2022-03-23T13:17:07.450+0000][12677.116s] GC(51) Survivor regions: 10->6(10)
[2022-03-23T13:17:07.452+0000][12677.118s] GC(51) Old regions: 137->146
[2022-03-23T13:17:07.453+0000][12677.119s] GC(51) Humongous regions: 4->4
[2022-03-23T13:17:07.454+0000][12677.120s] GC(51) Metaspace: 52706K->52706K(1097728K)
[2022-03-23T13:17:07.455+0000][12677.121s] GC(51) Pause Young (Normal) (G1 Evacuation Pause) 213M->154M(512M) 338.904ms
[2022-03-23T13:17:07.456+0000][12677.122s] GC(51) User=0.33s Sys=0.05s Real=0.34s
[2022-03-23T13:17:11.053+0000][12680.720s] GC(52) Pause Young (Normal) (G1 Evacuation Pause)
[2022-03-23T13:17:11.123+0000][12680.789s] GC(52) Using 4 workers of 4 for evacuation
[2022-03-23T13:17:11.263+0000][12680.929s] GC(52)   Pre Evacuate Collection Set: 0.1ms
[2022-03-23T13:17:11.349+0000][12681.015s] GC(52)   Evacuate Collection Set: 90.1ms
[2022-03-23T13:17:11.455+0000][12681.121s] GC(52)   Post Evacuate Collection Set: 1.1ms
[2022-03-23T13:17:11.471+0000][12681.137s] GC(52)   Other: 118.2ms
[2022-03-23T13:17:11.487+0000][12681.153s] GC(52) Eden regions: 64->0(69)
[2022-03-23T13:17:11.503+0000][12681.169s] GC(52) Survivor regions: 6->6(9)
[2022-03-23T13:17:11.519+0000][12681.185s] GC(52) Old regions: 146->151
[2022-03-23T13:17:11.553+0000][12681.219s] GC(52) Humongous regions: 4->4
[2022-03-23T13:17:11.637+0000][12681.303s] GC(52) Metaspace: 52722K->52722K(1097728K)
[2022-03-23T13:17:11.678+0000][12681.344s] GC(52) Pause Young (Normal) (G1 Evacuation Pause) 218M->158M(512M) 624.902ms
[2022-03-23T13:17:11.737+0000][12681.403s] GC(52) User=0.18s Sys=0.14s Real=0.69s
[2022-03-23T13:17:14.246+0000][12683.912s] GC(53) Pause Young (Normal) (G1 Evacuation Pause)
[2022-03-23T13:17:14.285+0000][12683.951s] GC(53) Using 4 workers of 4 for evacuation
[2022-03-23T13:17:14.743+0000][12684.409s] GC(53) MMU target violated: 251.0ms (250.0ms/251.0ms)
[2022-03-23T13:17:14.814+0000][12684.480s] GC(53)   Pre Evacuate Collection Set: 0.0ms
[2022-03-23T13:17:14.879+0000][12684.545s] GC(53)   Evacuate Collection Set: 325.5ms
[2022-03-23T13:17:14.895+0000][12684.561s] GC(53)   Post Evacuate Collection Set: 40.0ms
[2022-03-23T13:17:14.911+0000][12684.577s] GC(53)   Other: 202.1ms
[2022-03-23T13:17:14.927+0000][12684.593s] GC(53) Eden regions: 69->0(64)
[2022-03-23T13:17:14.959+0000][12684.625s] GC(53) Survivor regions: 6->6(10)
[2022-03-23T13:17:14.975+0000][12684.641s] GC(53) Old regions: 151->155
[2022-03-23T13:17:14.991+0000][12684.657s] GC(53) Humongous regions: 4->4
[2022-03-23T13:17:15.007+0000][12684.673s] GC(53) Metaspace: 52735K->52735K(1097728K)
[2022-03-23T13:17:15.039+0000][12684.705s] GC(53) Pause Young (Normal) (G1 Evacuation Pause) 227M->162M(512M) 792.407ms
[2022-03-23T13:17:15.055+0000][12684.721s] GC(53) User=0.21s Sys=0.16s Real=0.81s
[2022-03-23T13:17:20.137+0000][12689.803s] GC(54) Pause Young (Normal) (G1 Evacuation Pause)
[2022-03-23T13:17:20.144+0000][12689.810s] GC(54) Using 4 workers of 4 for evacuation
[2022-03-23T13:17:20.613+0000][12690.279s] GC(54) MMU target violated: 251.0ms (250.0ms/251.0ms)
[2022-03-23T13:17:20.616+0000][12690.282s] GC(54)   Pre Evacuate Collection Set: 0.1ms
[2022-03-23T13:17:20.618+0000][12690.284s] GC(54)   Evacuate Collection Set: 422.0ms
[2022-03-23T13:17:20.620+0000][12690.286s] GC(54)   Post Evacuate Collection Set: 27.5ms
[2022-03-23T13:17:20.621+0000][12690.288s] GC(54)   Other: 30.3ms
[2022-03-23T13:17:20.624+0000][12690.290s] GC(54) Eden regions: 64->0(54)
[2022-03-23T13:17:20.624+0000][12690.290s] GC(54) Survivor regions: 6->7(9)
[2022-03-23T13:17:20.625+0000][12690.292s] GC(54) Old regions: 155->160
[2022-03-23T13:17:20.626+0000][12690.292s] GC(54) Humongous regions: 4->4
[2022-03-23T13:17:20.627+0000][12690.293s] GC(54) Metaspace: 52804K->52804K(1097728K)
[2022-03-23T13:17:20.628+0000][12690.294s] GC(54) Pause Young (Normal) (G1 Evacuation Pause) 226M->169M(512M) 490.961ms
[2022-03-23T13:17:20.638+0000][12690.304s] GC(54) User=0.31s Sys=0.15s Real=0.50s
[2022-03-23T13:17:23.975+0000][12693.641s] GC(55) Pause Young (Normal) (G1 Evacuation Pause)
[2022-03-23T13:17:23.987+0000][12693.653s] GC(55) Using 4 workers of 4 for evacuation
[2022-03-23T13:17:24.220+0000][12693.886s] GC(55)   Pre Evacuate Collection Set: 0.0ms
[2022-03-23T13:17:24.228+0000][12693.894s] GC(55)   Evacuate Collection Set: 170.3ms
[2022-03-23T13:17:24.249+0000][12693.915s] GC(55)   Post Evacuate Collection Set: 0.4ms
[2022-03-23T13:17:24.265+0000][12693.931s] GC(55)   Other: 74.0ms
[2022-03-23T13:17:24.281+0000][12693.947s] GC(55) Eden regions: 54->0(58)
[2022-03-23T13:17:24.297+0000][12693.963s] GC(55) Survivor regions: 7->5(8)
[2022-03-23T13:17:24.313+0000][12693.979s] GC(55) Old regions: 160->166
[2022-03-23T13:17:24.330+0000][12693.996s] GC(55) Humongous regions: 4->4
[2022-03-23T13:17:24.361+0000][12694.028s] GC(55) Metaspace: 52807K->52807K(1097728K)
[2022-03-23T13:17:24.363+0000][12694.029s] GC(55) Pause Young (Normal) (G1 Evacuation Pause) 223M->172M(512M) 388.119ms
[2022-03-23T13:17:24.364+0000][12694.030s] GC(55) User=0.22s Sys=0.37s Real=0.39s
[2022-03-23T13:17:26.657+0000][12696.323s] GC(56) Pause Young (Normal) (G1 Evacuation Pause)
[2022-03-23T13:17:26.668+0000][12696.335s] GC(56) Using 4 workers of 4 for evacuation
[2022-03-23T13:17:26.774+0000][12696.440s] GC(56)   Pre Evacuate Collection Set: 0.1ms
[2022-03-23T13:17:26.778+0000][12696.444s] GC(56)   Evacuate Collection Set: 80.9ms
[2022-03-23T13:17:26.786+0000][12696.452s] GC(56)   Post Evacuate Collection Set: 22.1ms
[2022-03-23T13:17:26.788+0000][12696.454s] GC(56)   Other: 13.9ms
[2022-03-23T13:17:26.789+0000][12696.455s] GC(56) Eden regions: 58->0(63)
[2022-03-23T13:17:26.794+0000][12696.460s] GC(56) Survivor regions: 5->6(8)
[2022-03-23T13:17:26.794+0000][12696.461s] GC(56) Old regions: 166->169
[2022-03-23T13:17:26.795+0000][12696.461s] GC(56) Humongous regions: 4->4
[2022-03-23T13:17:26.798+0000][12696.464s] GC(56) Metaspace: 52835K->52835K(1097728K)
[2022-03-23T13:17:26.812+0000][12696.478s] GC(56) Pause Young (Normal) (G1 Evacuation Pause) 230M->176M(512M) 154.918ms
[2022-03-23T13:17:26.814+0000][12696.480s] GC(56) User=0.17s Sys=0.07s Real=0.17s
[2022-03-23T13:17:28.828+0000][12698.494s] GC(57) Pause Young (Normal) (G1 Evacuation Pause)
[2022-03-23T13:17:28.831+0000][12698.497s] GC(57) Using 4 workers of 4 for evacuation
[2022-03-23T13:17:28.971+0000][12698.637s] GC(57)   Pre Evacuate Collection Set: 0.1ms
[2022-03-23T13:17:28.979+0000][12698.645s] GC(57)   Evacuate Collection Set: 92.4ms
[2022-03-23T13:17:28.979+0000][12698.645s] GC(57)   Post Evacuate Collection Set: 41.6ms
[2022-03-23T13:17:28.980+0000][12698.646s] GC(57)   Other: 9.2ms
[2022-03-23T13:17:28.981+0000][12698.647s] GC(57) Eden regions: 63->0(68)
[2022-03-23T13:17:28.981+0000][12698.647s] GC(57) Survivor regions: 6->7(9)
[2022-03-23T13:17:28.982+0000][12698.648s] GC(57) Old regions: 169->174
[2022-03-23T13:17:28.982+0000][12698.648s] GC(57) Humongous regions: 4->4
[2022-03-23T13:17:28.983+0000][12698.649s] GC(57) Metaspace: 52912K->52912K(1097728K)
[2022-03-23T13:17:28.983+0000][12698.649s] GC(57) Pause Young (Normal) (G1 Evacuation Pause) 239M->182M(512M) 155.467ms
[2022-03-23T13:17:28.995+0000][12698.661s] GC(57) User=0.17s Sys=0.10s Real=0.17s
[2022-03-23T13:17:33.055+0000][12702.721s] GC(58) Pause Young (Normal) (G1 Evacuation Pause)
[2022-03-23T13:17:33.055+0000][12702.721s] GC(58) Using 4 workers of 4 for evacuation
[2022-03-23T13:17:33.329+0000][12702.995s] GC(58) MMU target violated: 251.0ms (250.0ms/251.0ms)
[2022-03-23T13:17:33.338+0000][12703.004s] GC(58)   Pre Evacuate Collection Set: 0.1ms
[2022-03-23T13:17:33.344+0000][12703.010s] GC(58)   Evacuate Collection Set: 264.8ms
[2022-03-23T13:17:33.345+0000][12703.011s] GC(58)   Post Evacuate Collection Set: 0.6ms
[2022-03-23T13:17:33.354+0000][12703.020s] GC(58)   Other: 17.5ms
[2022-03-23T13:17:33.370+0000][12703.036s] GC(58) Eden regions: 68->0(64)
[2022-03-23T13:17:33.386+0000][12703.052s] GC(58) Survivor regions: 7->6(10)
[2022-03-23T13:17:33.402+0000][12703.068s] GC(58) Old regions: 174->180
[2022-03-23T13:17:33.422+0000][12703.088s] GC(58) Humongous regions: 4->4
[2022-03-23T13:17:33.426+0000][12703.093s] GC(58) Metaspace: 52920K->52920K(1097728K)
[2022-03-23T13:17:33.427+0000][12703.093s] GC(58) Pause Young (Normal) (G1 Evacuation Pause) 250M->187M(512M) 372.323ms
[2022-03-23T13:17:33.427+0000][12703.093s] GC(58) User=0.13s Sys=0.17s Real=0.37s
[2022-03-23T13:17:36.416+0000][12706.082s] GC(59) Pause Young (Normal) (G1 Evacuation Pause)
[2022-03-23T13:17:36.441+0000][12706.108s] GC(59) Using 4 workers of 4 for evacuation
[2022-03-23T13:17:36.746+0000][12706.412s] GC(59)   Pre Evacuate Collection Set: 0.2ms
[2022-03-23T13:17:36.778+0000][12706.444s] GC(59)   Evacuate Collection Set: 173.1ms
[2022-03-23T13:17:36.890+0000][12706.557s] GC(59)   Post Evacuate Collection Set: 1.9ms
[2022-03-23T13:17:36.970+0000][12706.636s] GC(59)   Other: 154.9ms
[2022-03-23T13:17:37.045+0000][12706.711s] GC(59) Eden regions: 64->0(67)
[2022-03-23T13:17:37.121+0000][12706.787s] GC(59) Survivor regions: 6->6(9)
[2022-03-23T13:17:37.138+0000][12706.804s] GC(59) Old regions: 180->184
[2022-03-23T13:17:37.171+0000][12706.837s] GC(59) Humongous regions: 4->4
[2022-03-23T13:17:37.191+0000][12706.857s] GC(59) Metaspace: 52945K->52945K(1097728K)
[2022-03-23T13:17:37.247+0000][12706.914s] GC(59) Pause Young (Normal) (G1 Evacuation Pause) 251M->192M(512M) 831.932ms
[2022-03-23T13:17:37.288+0000][12706.954s] GC(59) User=0.18s Sys=0.21s Real=0.87s
[2022-03-23T13:17:40.470+0000][12710.137s] GC(60) Pause Young (Normal) (G1 Evacuation Pause)
[2022-03-23T13:17:40.487+0000][12710.153s] GC(60) Using 4 workers of 4 for evacuation
[2022-03-23T13:17:40.703+0000][12710.369s] GC(60)   Pre Evacuate Collection Set: 0.0ms
[2022-03-23T13:17:40.710+0000][12710.377s] GC(60)   Evacuate Collection Set: 183.6ms
[2022-03-23T13:17:40.711+0000][12710.377s] GC(60)   Post Evacuate Collection Set: 0.6ms
[2022-03-23T13:17:40.712+0000][12710.378s] GC(60)   Other: 48.5ms
[2022-03-23T13:17:40.712+0000][12710.378s] GC(60) Eden regions: 67->0(69)
[2022-03-23T13:17:40.712+0000][12710.378s] GC(60) Survivor regions: 6->7(10)
[2022-03-23T13:17:40.726+0000][12710.392s] GC(60) Old regions: 184->189
[2022-03-23T13:17:40.743+0000][12710.409s] GC(60) Humongous regions: 4->4
[2022-03-23T13:17:40.756+0000][12710.422s] GC(60) Metaspace: 52976K->52976K(1097728K)
[2022-03-23T13:17:40.760+0000][12710.426s] GC(60) Pause Young (Normal) (G1 Evacuation Pause) 259M->198M(512M) 289.215ms
[2022-03-23T13:17:40.761+0000][12710.427s] GC(60) User=0.24s Sys=0.23s Real=0.29s
[2022-03-23T13:17:43.207+0000][12712.873s] GC(61) Pause Young (Normal) (G1 Evacuation Pause)
[2022-03-23T13:17:43.234+0000][12712.900s] GC(61) Using 4 workers of 4 for evacuation
[2022-03-23T13:17:43.832+0000][12713.498s] GC(61) MMU target violated: 251.0ms (250.0ms/251.0ms)
[2022-03-23T13:17:43.909+0000][12713.575s] GC(61)   Pre Evacuate Collection Set: 0.0ms
[2022-03-23T13:17:43.938+0000][12713.604s] GC(61)   Evacuate Collection Set: 553.9ms
[2022-03-23T13:17:43.967+0000][12713.633s] GC(61)   Post Evacuate Collection Set: 32.8ms
[2022-03-23T13:17:43.973+0000][12713.639s] GC(61)   Other: 115.1ms
[2022-03-23T13:17:43.973+0000][12713.639s] GC(61) Eden regions: 69->0(39)
[2022-03-23T13:17:43.975+0000][12713.641s] GC(61) Survivor regions: 7->6(10)
[2022-03-23T13:17:43.975+0000][12713.641s] GC(61) Old regions: 189->194
[2022-03-23T13:17:43.976+0000][12713.642s] GC(61) Humongous regions: 4->4
[2022-03-23T13:17:43.977+0000][12713.643s] GC(61) Metaspace: 52981K->52981K(1097728K)
[2022-03-23T13:17:43.986+0000][12713.652s] GC(61) Pause Young (Normal) (G1 Evacuation Pause) 267M->202M(512M) 778.771ms
[2022-03-23T13:17:44.018+0000][12713.685s] GC(61) User=0.52s Sys=0.72s Real=0.82s
[2022-03-23T13:17:45.760+0000][12715.426s] GC(62) Pause Young (Normal) (G1 Evacuation Pause)
[2022-03-23T13:17:45.776+0000][12715.442s] GC(62) Using 4 workers of 4 for evacuation
[2022-03-23T13:17:46.157+0000][12715.823s] GC(62) MMU target violated: 251.0ms (250.0ms/251.0ms)
[2022-03-23T13:17:46.181+0000][12715.847s] GC(62)   Pre Evacuate Collection Set: 0.0ms
[2022-03-23T13:17:46.213+0000][12715.879s] GC(62)   Evacuate Collection Set: 315.5ms
[2022-03-23T13:17:46.229+0000][12715.895s] GC(62)   Post Evacuate Collection Set: 60.6ms
[2022-03-23T13:17:46.245+0000][12715.911s] GC(62)   Other: 45.1ms
[2022-03-23T13:17:46.277+0000][12715.943s] GC(62) Eden regions: 39->0(39)
[2022-03-23T13:17:46.296+0000][12715.962s] GC(62) Survivor regions: 6->5(6)
[2022-03-23T13:17:46.310+0000][12715.976s] GC(62) Old regions: 194->200
[2022-03-23T13:17:46.326+0000][12715.992s] GC(62) Humongous regions: 4->4
[2022-03-23T13:17:46.342+0000][12716.008s] GC(62) Metaspace: 52990K->52990K(1097728K)
[2022-03-23T13:17:46.375+0000][12716.041s] GC(62) Pause Young (Normal) (G1 Evacuation Pause) 241M->206M(512M) 614.760ms
[2022-03-23T13:17:46.391+0000][12716.057s] GC(62) User=0.29s Sys=0.36s Real=0.63s
[2022-03-23T13:17:47.698+0000][12717.364s] GC(63) Pause Young (Normal) (G1 Evacuation Pause)
[2022-03-23T13:17:47.699+0000][12717.365s] GC(63) Using 4 workers of 4 for evacuation
[2022-03-23T13:17:47.778+0000][12717.444s] GC(63)   Pre Evacuate Collection Set: 0.0ms
[2022-03-23T13:17:47.779+0000][12717.446s] GC(63)   Evacuate Collection Set: 73.5ms
[2022-03-23T13:17:47.782+0000][12717.448s] GC(63)   Post Evacuate Collection Set: 3.6ms
[2022-03-23T13:17:47.782+0000][12717.448s] GC(63)   Other: 2.7ms
[2022-03-23T13:17:47.783+0000][12717.449s] GC(63) Eden regions: 39->0(48)
[2022-03-23T13:17:47.783+0000][12717.449s] GC(63) Survivor regions: 5->4(6)
[2022-03-23T13:17:47.784+0000][12717.450s] GC(63) Old regions: 200->204
[2022-03-23T13:17:47.790+0000][12717.456s] GC(63) Humongous regions: 4->4
[2022-03-23T13:17:47.791+0000][12717.457s] GC(63) Metaspace: 53001K->53001K(1097728K)
[2022-03-23T13:17:47.791+0000][12717.458s] GC(63) Pause Young (Normal) (G1 Evacuation Pause) 245M->209M(512M) 93.627ms
[2022-03-23T13:17:47.792+0000][12717.458s] GC(63) User=0.10s Sys=0.06s Real=0.10s
[2022-03-23T13:17:51.017+0000][12720.683s] GC(64) Pause Young (Normal) (G1 Evacuation Pause)
[2022-03-23T13:17:51.025+0000][12720.691s] GC(64) Using 4 workers of 4 for evacuation
[2022-03-23T13:17:51.100+0000][12720.766s] GC(64)   Pre Evacuate Collection Set: 0.1ms
[2022-03-23T13:17:51.102+0000][12720.768s] GC(64)   Evacuate Collection Set: 63.9ms
[2022-03-23T13:17:51.102+0000][12720.768s] GC(64)   Post Evacuate Collection Set: 3.4ms
[2022-03-23T13:17:51.103+0000][12720.769s] GC(64)   Other: 15.5ms
[2022-03-23T13:17:51.104+0000][12720.770s] GC(64) Eden regions: 48->0(56)
[2022-03-23T13:17:51.110+0000][12720.776s] GC(64) Survivor regions: 4->7(7)
[2022-03-23T13:17:51.132+0000][12720.798s] GC(64) Old regions: 204->204
[2022-03-23T13:17:51.138+0000][12720.804s] GC(64) Humongous regions: 4->4
[2022-03-23T13:17:51.138+0000][12720.804s] GC(64) Metaspace: 53009K->53009K(1097728K)
[2022-03-23T13:17:51.139+0000][12720.805s] GC(64) Pause Young (Normal) (G1 Evacuation Pause) 257M->213M(512M) 121.337ms
[2022-03-23T13:17:51.140+0000][12720.806s] GC(64) User=0.04s Sys=0.13s Real=0.12s
[2022-03-23T13:17:51.937+0000][12721.603s] GC(65) Pause Young (Normal) (G1 Evacuation Pause)
[2022-03-23T13:17:51.937+0000][12721.603s] GC(65) Using 4 workers of 4 for evacuation
[2022-03-23T13:17:52.011+0000][12721.678s] GC(65)   Pre Evacuate Collection Set: 0.0ms
[2022-03-23T13:17:52.012+0000][12721.678s] GC(65)   Evacuate Collection Set: 70.5ms
[2022-03-23T13:17:52.013+0000][12721.679s] GC(65)   Post Evacuate Collection Set: 3.2ms
[2022-03-23T13:17:52.013+0000][12721.679s] GC(65)   Other: 1.0ms
[2022-03-23T13:17:52.014+0000][12721.680s] GC(65) Eden regions: 56->0(65)
[2022-03-23T13:17:52.014+0000][12721.680s] GC(65) Survivor regions: 7->6(8)
[2022-03-23T13:17:52.014+0000][12721.680s] GC(65) Old regions: 204->210
[2022-03-23T13:17:52.015+0000][12721.681s] GC(65) Humongous regions: 4->4
[2022-03-23T13:17:52.015+0000][12721.681s] GC(65) Metaspace: 53024K->53024K(1097728K)
[2022-03-23T13:17:52.015+0000][12721.681s] GC(65) Pause Young (Normal) (G1 Evacuation Pause) 269M->218M(512M) 78.606ms
[2022-03-23T13:17:52.016+0000][12721.682s] GC(65) User=0.16s Sys=0.05s Real=0.08s
[2022-03-23T13:17:54.088+0000][12723.754s] GC(66) Pause Young (Normal) (G1 Evacuation Pause)
[2022-03-23T13:17:54.088+0000][12723.754s] GC(66) Using 4 workers of 4 for evacuation
[2022-03-23T13:17:54.244+0000][12723.910s] GC(66)   Pre Evacuate Collection Set: 0.0ms
[2022-03-23T13:17:54.245+0000][12723.911s] GC(66)   Evacuate Collection Set: 127.4ms
[2022-03-23T13:17:54.246+0000][12723.912s] GC(66)   Post Evacuate Collection Set: 28.0ms
[2022-03-23T13:17:54.246+0000][12723.912s] GC(66)   Other: 1.1ms
[2022-03-23T13:17:54.247+0000][12723.913s] GC(66) Eden regions: 65->0(72)
[2022-03-23T13:17:54.247+0000][12723.913s] GC(66) Survivor regions: 6->6(9)
[2022-03-23T13:17:54.247+0000][12723.913s] GC(66) Old regions: 210->215
[2022-03-23T13:17:54.248+0000][12723.914s] GC(66) Humongous regions: 4->4
[2022-03-23T13:17:54.248+0000][12723.914s] GC(66) Metaspace: 53036K->53036K(1097728K)
[2022-03-23T13:17:54.248+0000][12723.914s] GC(66) Pause Young (Normal) (G1 Evacuation Pause) 283M->222M(512M) 160.488ms
[2022-03-23T13:17:54.249+0000][12723.915s] GC(66) User=0.16s Sys=0.08s Real=0.16s
[2022-03-23T13:17:57.614+0000][12727.280s] GC(67) Pause Young (Normal) (G1 Evacuation Pause)
[2022-03-23T13:17:57.616+0000][12727.282s] GC(67) Using 4 workers of 4 for evacuation
[2022-03-23T13:17:57.698+0000][12727.364s] GC(67)   Pre Evacuate Collection Set: 0.0ms
[2022-03-23T13:17:57.699+0000][12727.365s] GC(67)   Evacuate Collection Set: 54.1ms
[2022-03-23T13:17:57.699+0000][12727.365s] GC(67)   Post Evacuate Collection Set: 26.2ms
[2022-03-23T13:17:57.701+0000][12727.367s] GC(67)   Other: 4.4ms
[2022-03-23T13:17:57.701+0000][12727.367s] GC(67) Eden regions: 72->0(83)
[2022-03-23T13:17:57.702+0000][12727.368s] GC(67) Survivor regions: 6->10(10)
[2022-03-23T13:17:57.702+0000][12727.368s] GC(67) Old regions: 215->215
[2022-03-23T13:17:57.703+0000][12727.369s] GC(67) Humongous regions: 4->4
[2022-03-23T13:17:57.703+0000][12727.369s] GC(67) Metaspace: 53080K->53080K(1097728K)
[2022-03-23T13:17:57.704+0000][12727.370s] GC(67) Pause Young (Normal) (G1 Evacuation Pause) 294M->227M(512M) 90.013ms
[2022-03-23T13:17:57.704+0000][12727.370s] GC(67) User=0.13s Sys=0.06s Real=0.09s
[2022-03-23T13:17:59.683+0000][12729.349s] GC(68) Pause Young (Normal) (G1 Evacuation Pause)
[2022-03-23T13:17:59.686+0000][12729.352s] GC(68) Using 4 workers of 4 for evacuation
[2022-03-23T13:17:59.901+0000][12729.567s] GC(68)   Pre Evacuate Collection Set: 0.3ms
[2022-03-23T13:17:59.902+0000][12729.568s] GC(68)   Evacuate Collection Set: 210.8ms
[2022-03-23T13:17:59.903+0000][12729.569s] GC(68)   Post Evacuate Collection Set: 1.7ms
[2022-03-23T13:17:59.904+0000][12729.570s] GC(68)   Other: 5.5ms
[2022-03-23T13:17:59.905+0000][12729.571s] GC(68) Eden regions: 83->0(82)
[2022-03-23T13:17:59.906+0000][12729.572s] GC(68) Survivor regions: 10->8(12)
[2022-03-23T13:17:59.906+0000][12729.572s] GC(68) Old regions: 215->223
[2022-03-23T13:17:59.907+0000][12729.573s] GC(68) Humongous regions: 4->4
[2022-03-23T13:17:59.907+0000][12729.573s] GC(68) Metaspace: 53107K->53107K(1097728K)
[2022-03-23T13:17:59.908+0000][12729.574s] GC(68) Pause Young (Normal) (G1 Evacuation Pause) 310M->233M(512M) 224.443ms
[2022-03-23T13:17:59.908+0000][12729.574s] GC(68) User=0.34s Sys=0.00s Real=0.22s
[2022-03-23T13:18:02.255+0000][12731.921s] GC(69) Pause Young (Normal) (G1 Evacuation Pause)
[2022-03-23T13:18:02.271+0000][12731.938s] GC(69) Using 4 workers of 4 for evacuation
[2022-03-23T13:18:02.415+0000][12732.081s] GC(69)   Pre Evacuate Collection Set: 0.0ms
[2022-03-23T13:18:02.422+0000][12732.088s] GC(69)   Evacuate Collection Set: 131.7ms
[2022-03-23T13:18:02.423+0000][12732.089s] GC(69)   Post Evacuate Collection Set: 1.5ms
[2022-03-23T13:18:02.423+0000][12732.089s] GC(69)   Other: 26.5ms
[2022-03-23T13:18:02.450+0000][12732.116s] GC(69) Eden regions: 82->0(89)
[2022-03-23T13:18:02.511+0000][12732.177s] GC(69) Survivor regions: 8->6(12)
[2022-03-23T13:18:02.551+0000][12732.217s] GC(69) Old regions: 223->230
[2022-03-23T13:18:02.623+0000][12732.289s] GC(69) Humongous regions: 4->4
[2022-03-23T13:18:02.674+0000][12732.340s] GC(69) Metaspace: 53138K->53138K(1097728K)
[2022-03-23T13:18:02.712+0000][12732.378s] GC(69) Pause Young (Normal) (G1 Evacuation Pause) 315M->237M(512M) 456.198ms
[2022-03-23T13:18:02.718+0000][12732.384s] GC(69) User=0.62s Sys=0.10s Real=0.47s
[2022-03-23T13:18:05.401+0000][12735.067s] GC(70) Pause Young (Concurrent Start) (G1 Evacuation Pause)
[2022-03-23T13:18:05.412+0000][12735.078s] GC(70) Using 4 workers of 4 for evacuation
[2022-03-23T13:18:05.635+0000][12735.301s] GC(70)   Pre Evacuate Collection Set: 0.2ms
[2022-03-23T13:18:05.636+0000][12735.302s] GC(70)   Evacuate Collection Set: 200.6ms
[2022-03-23T13:18:05.636+0000][12735.302s] GC(70)   Post Evacuate Collection Set: 2.3ms
[2022-03-23T13:18:05.638+0000][12735.304s] GC(70)   Other: 30.1ms
[2022-03-23T13:18:05.641+0000][12735.308s] GC(70) Eden regions: 89->0(77)
[2022-03-23T13:18:05.643+0000][12735.309s] GC(70) Survivor regions: 6->11(12)
[2022-03-23T13:18:05.643+0000][12735.309s] GC(70) Old regions: 230->230
[2022-03-23T13:18:05.646+0000][12735.312s] GC(70) Humongous regions: 4->4
[2022-03-23T13:18:05.647+0000][12735.313s] GC(70) Metaspace: 53164K->53164K(1097728K)
[2022-03-23T13:18:05.648+0000][12735.314s] GC(70) Pause Young (Concurrent Start) (G1 Evacuation Pause) 326M->242M(512M) 246.769ms
[2022-03-23T13:18:05.650+0000][12735.316s] GC(70) User=0.74s Sys=0.00s Real=0.25s
[2022-03-23T13:18:05.657+0000][12735.323s] GC(71) Concurrent Cycle
[2022-03-23T13:18:05.665+0000][12735.331s] GC(71) Concurrent Clear Claimed Marks
[2022-03-23T13:18:05.679+0000][12735.345s] GC(71) Concurrent Clear Claimed Marks 14.121ms
[2022-03-23T13:18:05.690+0000][12735.356s] GC(71) Concurrent Scan Root Regions
[2022-03-23T13:18:05.761+0000][12735.427s] GC(71) Concurrent Scan Root Regions 71.756ms
[2022-03-23T13:18:05.801+0000][12735.467s] GC(71) Concurrent Mark (12735.467s)
[2022-03-23T13:18:05.803+0000][12735.470s] GC(71) Concurrent Mark From Roots
[2022-03-23T13:18:05.807+0000][12735.473s] GC(71) Using 1 workers of 1 for marking
[2022-03-23T13:18:06.155+0000][12735.821s] GC(71) Concurrent Mark From Roots 351.082ms
[2022-03-23T13:18:06.155+0000][12735.821s] GC(71) Concurrent Preclean
[2022-03-23T13:18:06.156+0000][12735.822s] GC(71) Concurrent Preclean 0.626ms
[2022-03-23T13:18:06.156+0000][12735.822s] GC(71) Concurrent Mark (12735.467s, 12735.822s) 355.115ms
[2022-03-23T13:18:06.157+0000][12735.823s] GC(71) Pause Remark
[2022-03-23T13:18:06.322+0000][12735.988s] GC(71) Cleaned string and symbol table, strings: 25775 processed, 269 removed, symbols: 139816 processed, 566 removed
[2022-03-23T13:18:06.325+0000][12735.991s] GC(71) Pause Remark 256M->256M(512M) 167.635ms
[2022-03-23T13:18:06.325+0000][12735.991s] GC(71) User=0.59s Sys=0.00s Real=0.17s
[2022-03-23T13:18:06.326+0000][12735.992s] GC(71) Concurrent Rebuild Remembered Sets
[2022-03-23T13:18:06.944+0000][12736.610s] GC(72) Pause Young (Normal) (G1 Evacuation Pause)
[2022-03-23T13:18:06.945+0000][12736.611s] GC(72) Using 4 workers of 4 for evacuation
[2022-03-23T13:18:07.048+0000][12736.714s] GC(72)   Pre Evacuate Collection Set: 0.0ms
[2022-03-23T13:18:07.049+0000][12736.715s] GC(72)   Evacuate Collection Set: 99.0ms
[2022-03-23T13:18:07.049+0000][12736.715s] GC(72)   Post Evacuate Collection Set: 3.7ms
[2022-03-23T13:18:07.049+0000][12736.715s] GC(72)   Other: 1.2ms
[2022-03-23T13:18:07.050+0000][12736.716s] GC(72) Eden regions: 38->0(83)
[2022-03-23T13:18:07.050+0000][12736.716s] GC(72) Survivor regions: 11->4(7)
[2022-03-23T13:18:07.050+0000][12736.716s] GC(72) Old regions: 230->240
[2022-03-23T13:18:07.051+0000][12736.717s] GC(72) Humongous regions: 4->4
[2022-03-23T13:18:07.051+0000][12736.717s] GC(72) Metaspace: 53054K->53054K(1097728K)
[2022-03-23T13:18:07.051+0000][12736.717s] GC(72) Pause Young (Normal) (G1 Evacuation Pause) 280M->246M(512M) 107.201ms
[2022-03-23T13:18:07.052+0000][12736.718s] GC(72) User=0.38s Sys=0.00s Real=0.11s
[2022-03-23T13:18:07.108+0000][12736.774s] GC(71) Concurrent Rebuild Remembered Sets 781.802ms
[2022-03-23T13:18:07.120+0000][12736.786s] GC(71) Pause Cleanup
[2022-03-23T13:18:07.121+0000][12736.787s] GC(71) Pause Cleanup 253M->253M(512M) 1.300ms
[2022-03-23T13:18:07.122+0000][12736.788s] GC(71) User=0.00s Sys=0.00s Real=0.01s
[2022-03-23T13:18:07.123+0000][12736.789s] GC(71) Concurrent Cleanup for Next Mark
[2022-03-23T13:18:07.238+0000][12736.904s] GC(71) Concurrent Cleanup for Next Mark 115.390ms
[2022-03-23T13:18:07.260+0000][12736.926s] GC(71) Concurrent Cycle 1602.844ms
[2022-03-23T13:18:08.510+0000][12738.176s] GC(73) Pause Young (Prepare Mixed) (G1 Evacuation Pause)
[2022-03-23T13:18:08.515+0000][12738.181s] GC(73) Using 4 workers of 4 for evacuation
[2022-03-23T13:18:08.584+0000][12738.250s] GC(73)   Pre Evacuate Collection Set: 0.0ms
[2022-03-23T13:18:08.621+0000][12738.287s] GC(73)   Evacuate Collection Set: 66.3ms
[2022-03-23T13:18:08.645+0000][12738.311s] GC(73)   Post Evacuate Collection Set: 1.1ms
[2022-03-23T13:18:08.662+0000][12738.328s] GC(73)   Other: 6.1ms
[2022-03-23T13:18:08.671+0000][12738.337s] GC(73) Eden regions: 83->0(15)
[2022-03-23T13:18:08.675+0000][12738.341s] GC(73) Survivor regions: 4->10(11)
[2022-03-23T13:18:08.678+0000][12738.344s] GC(73) Old regions: 240->240
[2022-03-23T13:18:08.678+0000][12738.344s] GC(73) Humongous regions: 4->4
[2022-03-23T13:18:08.679+0000][12738.345s] GC(73) Metaspace: 53095K->53095K(1097728K)
[2022-03-23T13:18:08.679+0000][12738.345s] GC(73) Pause Young (Prepare Mixed) (G1 Evacuation Pause) 329M->251M(512M) 169.219ms
[2022-03-23T13:18:08.681+0000][12738.347s] GC(73) User=0.24s Sys=0.00s Real=0.17s
[2022-03-23T13:18:09.041+0000][12738.707s] GC(74) Pause Young (Mixed) (G1 Evacuation Pause)
[2022-03-23T13:18:09.041+0000][12738.707s] GC(74) Using 4 workers of 4 for evacuation
[2022-03-23T13:18:09.153+0000][12738.819s] GC(74)   Pre Evacuate Collection Set: 0.1ms
[2022-03-23T13:18:09.153+0000][12738.820s] GC(74)   Evacuate Collection Set: 109.8ms
[2022-03-23T13:18:09.154+0000][12738.820s] GC(74)   Post Evacuate Collection Set: 1.1ms
[2022-03-23T13:18:09.154+0000][12738.820s] GC(74)   Other: 1.3ms
[2022-03-23T13:18:09.154+0000][12738.820s] GC(74) Eden regions: 15->0(23)
[2022-03-23T13:18:09.155+0000][12738.821s] GC(74) Survivor regions: 10->2(4)
[2022-03-23T13:18:09.155+0000][12738.821s] GC(74) Old regions: 240->235
[2022-03-23T13:18:09.155+0000][12738.821s] GC(74) Humongous regions: 4->4
[2022-03-23T13:18:09.155+0000][12738.821s] GC(74) Metaspace: 53095K->53095K(1097728K)
[2022-03-23T13:18:09.156+0000][12738.822s] GC(74) Pause Young (Mixed) (G1 Evacuation Pause) 266M->238M(512M) 114.866ms
[2022-03-23T13:18:09.156+0000][12738.822s] GC(74) User=0.42s Sys=0.00s Real=0.12s
[2022-03-23T13:18:09.715+0000][12739.381s] GC(75) Pause Young (Mixed) (G1 Evacuation Pause)
[2022-03-23T13:18:09.716+0000][12739.382s] GC(75) Using 4 workers of 4 for evacuation
[2022-03-23T13:18:09.772+0000][12739.438s] GC(75)   Pre Evacuate Collection Set: 0.1ms
[2022-03-23T13:18:09.773+0000][12739.439s] GC(75)   Evacuate Collection Set: 53.7ms
[2022-03-23T13:18:09.774+0000][12739.440s] GC(75)   Post Evacuate Collection Set: 1.3ms
[2022-03-23T13:18:09.775+0000][12739.441s] GC(75)   Other: 1.8ms
[2022-03-23T13:18:09.776+0000][12739.442s] GC(75) Eden regions: 23->0(22)
[2022-03-23T13:18:09.777+0000][12739.443s] GC(75) Survivor regions: 2->3(4)
[2022-03-23T13:18:09.777+0000][12739.443s] GC(75) Old regions: 235->224
[2022-03-23T13:18:09.778+0000][12739.444s] GC(75) Humongous regions: 4->4
[2022-03-23T13:18:09.778+0000][12739.444s] GC(75) Metaspace: 53095K->53095K(1097728K)
[2022-03-23T13:18:09.778+0000][12739.444s] GC(75) Pause Young (Mixed) (G1 Evacuation Pause) 261M->229M(512M) 62.985ms
[2022-03-23T13:18:09.779+0000][12739.445s] GC(75) User=0.20s Sys=0.01s Real=0.06s
[2022-03-23T13:18:09.874+0000][12739.540s] GC(76) Pause Young (Mixed) (G1 Evacuation Pause)
[2022-03-23T13:18:09.882+0000][12739.548s] GC(76) Using 4 workers of 4 for evacuation
[2022-03-23T13:18:09.968+0000][12739.634s] GC(76)   Pre Evacuate Collection Set: 0.1ms
[2022-03-23T13:18:09.968+0000][12739.634s] GC(76)   Evacuate Collection Set: 76.4ms
[2022-03-23T13:18:09.969+0000][12739.635s] GC(76)   Post Evacuate Collection Set: 6.2ms
[2022-03-23T13:18:09.969+0000][12739.635s] GC(76)   Other: 10.8ms
[2022-03-23T13:18:09.970+0000][12739.636s] GC(76) Eden regions: 22->0(23)
[2022-03-23T13:18:09.973+0000][12739.639s] GC(76) Survivor regions: 3->2(4)
[2022-03-23T13:18:09.974+0000][12739.640s] GC(76) Old regions: 224->218
[2022-03-23T13:18:09.974+0000][12739.640s] GC(76) Humongous regions: 4->4
[2022-03-23T13:18:09.975+0000][12739.641s] GC(76) Metaspace: 53095K->53095K(1097728K)
[2022-03-23T13:18:09.976+0000][12739.642s] GC(76) Pause Young (Mixed) (G1 Evacuation Pause) 251M->222M(512M) 101.494ms
[2022-03-23T13:18:09.977+0000][12739.643s] GC(76) User=0.26s Sys=0.06s Real=0.11s
[2022-03-23T13:38:21.879+0000][13951.545s] GC(77) Pause Young (Mixed) (G1 Evacuation Pause)
[2022-03-23T13:38:21.879+0000][13951.545s] GC(77) Using 4 workers of 4 for evacuation
[2022-03-23T13:38:22.137+0000][13951.804s] GC(77) MMU target violated: 251.0ms (250.0ms/251.0ms)
[2022-03-23T13:38:22.138+0000][13951.804s] GC(77)   Pre Evacuate Collection Set: 1.3ms
[2022-03-23T13:38:22.138+0000][13951.804s] GC(77)   Evacuate Collection Set: 252.7ms
[2022-03-23T13:38:22.139+0000][13951.805s] GC(77)   Post Evacuate Collection Set: 3.7ms
[2022-03-23T13:38:22.139+0000][13951.805s] GC(77)   Other: 1.7ms
[2022-03-23T13:38:22.139+0000][13951.805s] GC(77) Eden regions: 23->0(106)
[2022-03-23T13:38:22.139+0000][13951.805s] GC(77) Survivor regions: 2->3(4)
[2022-03-23T13:38:22.140+0000][13951.806s] GC(77) Old regions: 218->212
[2022-03-23T13:38:22.140+0000][13951.806s] GC(77) Humongous regions: 4->4
[2022-03-23T13:38:22.141+0000][13951.807s] GC(77) Metaspace: 53173K->53173K(1097728K)
[2022-03-23T13:38:22.141+0000][13951.807s] GC(77) Pause Young (Mixed) (G1 Evacuation Pause) 245M->217M(512M) 262.289ms
[2022-03-23T13:38:22.141+0000][13951.807s] GC(77) User=1.01s Sys=0.00s Real=0.26s
[2022-03-24T08:13:22.426+0000][29016.149s] GC(78) Pause Young (Normal) (G1 Evacuation Pause)
[2022-03-24T08:13:22.429+0000][29016.150s] GC(78) Using 4 workers of 4 for evacuation
[2022-03-24T08:13:22.719+0000][29016.440s] GC(78) MMU target violated: 251.0ms (250.0ms/251.0ms)
[2022-03-24T08:13:22.719+0000][29016.440s] GC(78)   Pre Evacuate Collection Set: 13.9ms
[2022-03-24T08:13:22.719+0000][29016.440s] GC(78)   Evacuate Collection Set: 255.6ms
[2022-03-24T08:13:22.720+0000][29016.441s] GC(78)   Post Evacuate Collection Set: 12.4ms
[2022-03-24T08:13:22.720+0000][29016.441s] GC(78)   Other: 13.0ms
[2022-03-24T08:13:22.721+0000][29016.442s] GC(78) Eden regions: 106->0(82)
[2022-03-24T08:13:22.721+0000][29016.442s] GC(78) Survivor regions: 3->2(14)
[2022-03-24T08:13:22.721+0000][29016.442s] GC(78) Old regions: 212->212
[2022-03-24T08:13:22.721+0000][29016.442s] GC(78) Humongous regions: 4->4
[2022-03-24T08:13:22.722+0000][29016.442s] GC(78) Metaspace: 53781K->53781K(1097728K)
[2022-03-24T08:13:22.722+0000][29016.443s] GC(78) Pause Young (Normal) (G1 Evacuation Pause) 323M->216M(512M) 296.124ms
[2022-03-24T08:13:22.722+0000][29016.443s] GC(78) User=1.05s Sys=0.00s Real=0.30s
[2022-03-24T09:02:58.015+0000][31991.738s] GC(79) Pause Young (Normal) (G1 Evacuation Pause)
[2022-03-24T09:02:58.020+0000][31991.741s] GC(79) Using 4 workers of 4 for evacuation
[2022-03-24T09:02:58.357+0000][31992.078s] GC(79) MMU target violated: 251.0ms (250.0ms/251.0ms)
[2022-03-24T09:02:58.358+0000][31992.079s] GC(79)   Pre Evacuate Collection Set: 18.9ms
[2022-03-24T09:02:58.358+0000][31992.079s] GC(79)   Evacuate Collection Set: 290.9ms
[2022-03-24T09:02:58.358+0000][31992.079s] GC(79)   Post Evacuate Collection Set: 20.9ms
[2022-03-24T09:02:58.359+0000][31992.080s] GC(79)   Other: 15.6ms
[2022-03-24T09:02:58.359+0000][31992.080s] GC(79) Eden regions: 82->0(28)
[2022-03-24T09:02:58.360+0000][31992.081s] GC(79) Survivor regions: 2->5(11)
[2022-03-24T09:02:58.360+0000][31992.081s] GC(79) Old regions: 212->212
[2022-03-24T09:02:58.360+0000][31992.081s] GC(79) Humongous regions: 7->7
[2022-03-24T09:02:58.361+0000][31992.081s] GC(79) Metaspace: 57562K->57562K(1101824K)
[2022-03-24T09:02:58.362+0000][31992.083s] GC(79) Pause Young (Normal) (G1 Evacuation Pause) 301M->221M(512M) 347.335ms
[2022-03-24T09:02:58.363+0000][31992.084s] GC(79) User=1.23s Sys=0.00s Real=0.35s
[2022-03-24T10:04:56.502+0000][35710.223s] GC(80) Pause Young (Normal) (G1 Evacuation Pause)
[2022-03-24T10:04:56.505+0000][35710.226s] GC(80) Using 4 workers of 4 for evacuation
[2022-03-24T10:04:56.860+0000][35710.581s] GC(80) MMU target violated: 251.0ms (250.0ms/251.0ms)
[2022-03-24T10:04:56.861+0000][35710.582s] GC(80)   Pre Evacuate Collection Set: 25.4ms
[2022-03-24T10:04:56.861+0000][35710.582s] GC(80)   Evacuate Collection Set: 288.3ms
[2022-03-24T10:04:56.862+0000][35710.583s] GC(80)   Post Evacuate Collection Set: 36.8ms
[2022-03-24T10:04:56.863+0000][35710.584s] GC(80)   Other: 9.4ms
[2022-03-24T10:04:56.864+0000][35710.585s] GC(80) Eden regions: 28->0(22)
[2022-03-24T10:04:56.864+0000][35710.585s] GC(80) Survivor regions: 5->3(5)
[2022-03-24T10:04:56.873+0000][35710.594s] GC(80) Old regions: 212->214
[2022-03-24T10:04:56.883+0000][35710.604s] GC(80) Humongous regions: 7->7
[2022-03-24T10:04:56.884+0000][35710.605s] GC(80) Metaspace: 57578K->57578K(1101824K)
[2022-03-24T10:04:56.885+0000][35710.606s] GC(80) Pause Young (Normal) (G1 Evacuation Pause) 249M->222M(512M) 383.321ms
[2022-03-24T10:04:56.886+0000][35710.607s] GC(80) User=0.95s Sys=0.16s Real=0.38s
[2022-03-24T10:32:19.317+0000][37353.038s] GC(81) Pause Young (Normal) (G1 Evacuation Pause)
[2022-03-24T10:32:19.318+0000][37353.039s] GC(81) Using 4 workers of 4 for evacuation
[2022-03-24T10:32:19.438+0000][37353.159s] GC(81)   Pre Evacuate Collection Set: 19.9ms
[2022-03-24T10:32:19.438+0000][37353.159s] GC(81)   Evacuate Collection Set: 95.8ms
[2022-03-24T10:32:19.439+0000][37353.160s] GC(81)   Post Evacuate Collection Set: 2.5ms
[2022-03-24T10:32:19.439+0000][37353.160s] GC(81)   Other: 2.8ms
[2022-03-24T10:32:19.440+0000][37353.161s] GC(81) Eden regions: 22->0(37)
[2022-03-24T10:32:19.440+0000][37353.161s] GC(81) Survivor regions: 3->1(4)
[2022-03-24T10:32:19.441+0000][37353.162s] GC(81) Old regions: 214->216
[2022-03-24T10:32:19.441+0000][37353.162s] GC(81) Humongous regions: 7->7
[2022-03-24T10:32:19.442+0000][37353.163s] GC(81) Metaspace: 57668K->57668K(1101824K)
[2022-03-24T10:32:19.442+0000][37353.163s] GC(81) Pause Young (Normal) (G1 Evacuation Pause) 244M->222M(512M) 124.840ms
[2022-03-24T10:32:19.443+0000][37353.164s] GC(81) User=0.38s Sys=0.01s Real=0.12s
[2022-03-24T10:42:48.092+0000][37981.813s] GC(82) Pause Young (Normal) (G1 Evacuation Pause)
[2022-03-24T10:42:48.092+0000][37981.813s] GC(82) Using 4 workers of 4 for evacuation
[2022-03-24T10:42:48.104+0000][37981.825s] GC(82)   Pre Evacuate Collection Set: 0.1ms
[2022-03-24T10:42:48.104+0000][37981.825s] GC(82)   Evacuate Collection Set: 10.1ms
[2022-03-24T10:42:48.104+0000][37981.825s] GC(82)   Post Evacuate Collection Set: 0.8ms
[2022-03-24T10:42:48.105+0000][37981.826s] GC(82)   Other: 0.9ms
[2022-03-24T10:42:48.105+0000][37981.826s] GC(82) Eden regions: 37->0(51)
[2022-03-24T10:42:48.105+0000][37981.826s] GC(82) Survivor regions: 1->1(5)
[2022-03-24T10:42:48.105+0000][37981.826s] GC(82) Old regions: 216->216
[2022-03-24T10:42:48.105+0000][37981.826s] GC(82) Humongous regions: 7->7
[2022-03-24T10:42:48.106+0000][37981.827s] GC(82) Metaspace: 57763K->57763K(1101824K)
[2022-03-24T10:42:48.106+0000][37981.827s] GC(82) Pause Young (Normal) (G1 Evacuation Pause) 259M->222M(512M) 14.018ms
[2022-03-24T10:42:48.106+0000][37981.827s] GC(82) User=0.04s Sys=0.00s Real=0.01s
[2022-03-24T11:59:47.154+0000][42600.875s] GC(83) Pause Young (Normal) (G1 Evacuation Pause)
[2022-03-24T11:59:47.156+0000][42600.877s] GC(83) Using 4 workers of 4 for evacuation
[2022-03-24T11:59:47.264+0000][42600.985s] GC(83)   Pre Evacuate Collection Set: 19.7ms
[2022-03-24T11:59:47.264+0000][42600.985s] GC(83)   Evacuate Collection Set: 79.6ms
[2022-03-24T11:59:47.265+0000][42600.985s] GC(83)   Post Evacuate Collection Set: 4.1ms
[2022-03-24T11:59:47.265+0000][42600.986s] GC(83)   Other: 7.1ms
[2022-03-24T11:59:47.265+0000][42600.986s] GC(83) Eden regions: 51->0(55)
[2022-03-24T11:59:47.265+0000][42600.986s] GC(83) Survivor regions: 1->1(7)
[2022-03-24T11:59:47.265+0000][42600.986s] GC(83) Old regions: 216->216
[2022-03-24T11:59:47.266+0000][42600.987s] GC(83) Humongous regions: 7->7
[2022-03-24T11:59:47.266+0000][42600.987s] GC(83) Metaspace: 57826K->57826K(1101824K)
[2022-03-24T11:59:47.266+0000][42600.987s] GC(83) Pause Young (Normal) (G1 Evacuation Pause) 273M->222M(512M) 111.802ms
[2022-03-24T11:59:47.266+0000][42600.987s] GC(83) User=0.33s Sys=0.01s Real=0.11s
[2022-03-24T12:26:58.896+0000][44232.617s] GC(84) Pause Young (Normal) (G1 Evacuation Pause)
[2022-03-24T12:26:58.897+0000][44232.618s] GC(84) Using 4 workers of 4 for evacuation
[2022-03-24T12:26:58.972+0000][44232.693s] GC(84)   Pre Evacuate Collection Set: 9.4ms
[2022-03-24T12:26:58.973+0000][44232.694s] GC(84)   Evacuate Collection Set: 62.0ms
[2022-03-24T12:26:58.973+0000][44232.694s] GC(84)   Post Evacuate Collection Set: 2.8ms
[2022-03-24T12:26:58.973+0000][44232.694s] GC(84)   Other: 1.9ms
[2022-03-24T12:26:58.974+0000][44232.695s] GC(84) Eden regions: 55->0(52)
[2022-03-24T12:26:58.974+0000][44232.695s] GC(84) Survivor regions: 1->6(7)
[2022-03-24T12:26:58.974+0000][44232.695s] GC(84) Old regions: 216->216
[2022-03-24T12:26:58.974+0000][44232.695s] GC(84) Humongous regions: 7->7
[2022-03-24T12:26:58.975+0000][44232.695s] GC(84) Metaspace: 57871K->57871K(1101824K)
[2022-03-24T12:26:58.975+0000][44232.696s] GC(84) Pause Young (Normal) (G1 Evacuation Pause) 277M->227M(512M) 78.832ms
[2022-03-24T12:26:58.976+0000][44232.697s] GC(84) User=0.26s Sys=0.00s Real=0.08s
[2022-03-24T12:27:00.241+0000][44233.962s] GC(85) Pause Young (Normal) (G1 Evacuation Pause)
[2022-03-24T12:27:00.242+0000][44233.963s] GC(85) Using 4 workers of 4 for evacuation
[2022-03-24T12:27:00.329+0000][44234.050s] GC(85)   Pre Evacuate Collection Set: 0.0ms
[2022-03-24T12:27:00.330+0000][44234.051s] GC(85)   Evacuate Collection Set: 85.8ms
[2022-03-24T12:27:00.330+0000][44234.051s] GC(85)   Post Evacuate Collection Set: 1.1ms
[2022-03-24T12:27:00.331+0000][44234.052s] GC(85)   Other: 0.9ms
[2022-03-24T12:27:00.331+0000][44234.052s] GC(85) Eden regions: 52->0(57)
[2022-03-24T12:27:00.331+0000][44234.052s] GC(85) Survivor regions: 6->5(8)
[2022-03-24T12:27:00.331+0000][44234.052s] GC(85) Old regions: 216->221
[2022-03-24T12:27:00.331+0000][44234.052s] GC(85) Humongous regions: 7->7
[2022-03-24T12:27:00.332+0000][44234.053s] GC(85) Metaspace: 57878K->57878K(1101824K)
[2022-03-24T12:27:00.332+0000][44234.053s] GC(85) Pause Young (Normal) (G1 Evacuation Pause) 279M->230M(512M) 90.470ms
[2022-03-24T12:27:00.332+0000][44234.053s] GC(85) User=0.34s Sys=0.00s Real=0.09s
[2022-03-24T12:27:01.542+0000][44235.263s] GC(86) Pause Young (Normal) (G1 Evacuation Pause)
[2022-03-24T12:27:01.542+0000][44235.263s] GC(86) Using 4 workers of 4 for evacuation
[2022-03-24T12:27:01.604+0000][44235.325s] GC(86)   Pre Evacuate Collection Set: 0.0ms
[2022-03-24T12:27:01.604+0000][44235.325s] GC(86)   Evacuate Collection Set: 58.8ms
[2022-03-24T12:27:01.605+0000][44235.326s] GC(86)   Post Evacuate Collection Set: 1.1ms
[2022-03-24T12:27:01.605+0000][44235.326s] GC(86)   Other: 2.5ms
[2022-03-24T12:27:01.605+0000][44235.326s] GC(86) Eden regions: 57->0(68)
[2022-03-24T12:27:01.606+0000][44235.326s] GC(86) Survivor regions: 5->4(8)
[2022-03-24T12:27:01.606+0000][44235.327s] GC(86) Old regions: 221->224
[2022-03-24T12:27:01.606+0000][44235.327s] GC(86) Humongous regions: 7->7
[2022-03-24T12:27:01.606+0000][44235.327s] GC(86) Metaspace: 57881K->57881K(1101824K)
[2022-03-24T12:27:01.607+0000][44235.327s] GC(86) Pause Young (Normal) (G1 Evacuation Pause) 287M->233M(512M) 64.926ms
[2022-03-24T12:27:01.607+0000][44235.328s] GC(86) User=0.22s Sys=0.00s Real=0.07s
[2022-03-24T12:27:02.983+0000][44236.704s] GC(87) Pause Young (Concurrent Start) (G1 Evacuation Pause)
[2022-03-24T12:27:02.985+0000][44236.706s] GC(87) Using 4 workers of 4 for evacuation
[2022-03-24T12:27:03.111+0000][44236.832s] GC(87)   Pre Evacuate Collection Set: 10.5ms
[2022-03-24T12:27:03.112+0000][44236.833s] GC(87)   Evacuate Collection Set: 85.7ms
[2022-03-24T12:27:03.112+0000][44236.833s] GC(87)   Post Evacuate Collection Set: 20.2ms
[2022-03-24T12:27:03.113+0000][44236.834s] GC(87)   Other: 11.1ms
[2022-03-24T12:27:03.114+0000][44236.835s] GC(87) Eden regions: 68->0(72)
[2022-03-24T12:27:03.114+0000][44236.835s] GC(87) Survivor regions: 4->7(9)
[2022-03-24T12:27:03.114+0000][44236.835s] GC(87) Old regions: 224->224
[2022-03-24T12:27:03.115+0000][44236.836s] GC(87) Humongous regions: 7->7
[2022-03-24T12:27:03.115+0000][44236.836s] GC(87) Metaspace: 57891K->57891K(1101824K)
[2022-03-24T12:27:03.115+0000][44236.836s] GC(87) Pause Young (Concurrent Start) (G1 Evacuation Pause) 301M->236M(512M) 132.223ms
[2022-03-24T12:27:03.116+0000][44236.837s] GC(87) User=0.25s Sys=0.02s Real=0.13s
[2022-03-24T12:27:03.118+0000][44236.839s] GC(88) Concurrent Cycle
[2022-03-24T12:27:03.119+0000][44236.840s] GC(88) Concurrent Clear Claimed Marks
[2022-03-24T12:27:03.126+0000][44236.847s] GC(88) Concurrent Clear Claimed Marks 6.643ms
[2022-03-24T12:27:03.127+0000][44236.848s] GC(88) Concurrent Scan Root Regions
[2022-03-24T12:27:03.212+0000][44236.933s] GC(88) Concurrent Scan Root Regions 85.427ms
[2022-03-24T12:27:03.213+0000][44236.934s] GC(88) Concurrent Mark (44236.934s)
[2022-03-24T12:27:03.213+0000][44236.934s] GC(88) Concurrent Mark From Roots
[2022-03-24T12:27:03.214+0000][44236.935s] GC(88) Using 1 workers of 1 for marking
[2022-03-24T12:27:04.863+0000][44238.584s] GC(88) Concurrent Mark From Roots 1649.299ms
[2022-03-24T12:27:04.864+0000][44238.585s] GC(88) Concurrent Preclean
[2022-03-24T12:27:04.864+0000][44238.585s] GC(88) Concurrent Preclean 0.791ms
[2022-03-24T12:27:04.865+0000][44238.586s] GC(88) Concurrent Mark (44236.934s, 44238.586s) 1652.046ms
[2022-03-24T12:27:04.865+0000][44238.586s] GC(88) Pause Remark
[2022-03-24T12:27:06.420+0000][44240.141s] GC(88) Cleaned string and symbol table, strings: 27551 processed, 356 removed, symbols: 145776 processed, 65 removed
[2022-03-24T12:27:06.435+0000][44240.156s] GC(88) MMU target violated: 251.0ms (250.0ms/251.0ms)
[2022-03-24T12:27:06.436+0000][44240.157s] GC(88) Pause Remark 308M->285M(512M) 1570.294ms
[2022-03-24T12:27:06.436+0000][44240.157s] GC(88) User=5.85s Sys=0.00s Real=1.57s
[2022-03-24T12:27:06.436+0000][44240.157s] GC(88) Concurrent Rebuild Remembered Sets
[2022-03-24T12:27:06.444+0000][44240.164s] GC(89) Pause Young (Normal) (G1 Evacuation Pause)
[2022-03-24T12:27:06.444+0000][44240.165s] GC(89) Using 4 workers of 4 for evacuation
[2022-03-24T12:27:06.559+0000][44240.280s] GC(89)   Pre Evacuate Collection Set: 0.0ms
[2022-03-24T12:27:06.560+0000][44240.281s] GC(89)   Evacuate Collection Set: 99.6ms
[2022-03-24T12:27:06.560+0000][44240.281s] GC(89)   Post Evacuate Collection Set: 15.0ms
[2022-03-24T12:27:06.561+0000][44240.282s] GC(89)   Other: 1.3ms
[2022-03-24T12:27:06.561+0000][44240.282s] GC(89) Eden regions: 72->0(72)
[2022-03-24T12:27:06.562+0000][44240.283s] GC(89) Survivor regions: 7->9(10)
[2022-03-24T12:27:06.562+0000][44240.283s] GC(89) Old regions: 201->204
[2022-03-24T12:27:06.562+0000][44240.283s] GC(89) Humongous regions: 7->7
[2022-03-24T12:27:06.562+0000][44240.283s] GC(89) Metaspace: 57900K->57900K(1101824K)
[2022-03-24T12:27:06.563+0000][44240.284s] GC(89) Pause Young (Normal) (G1 Evacuation Pause) 285M->218M(512M) 119.178ms
[2022-03-24T12:27:06.563+0000][44240.284s] GC(89) User=0.43s Sys=0.00s Real=0.12s
[2022-03-24T12:27:06.964+0000][44240.685s] GC(88) Concurrent Rebuild Remembered Sets 528.105ms
[2022-03-24T12:27:06.965+0000][44240.686s] GC(88) Pause Cleanup
[2022-03-24T12:27:06.970+0000][44240.691s] GC(88) Pause Cleanup 245M->245M(512M) 4.659ms
[2022-03-24T12:27:06.971+0000][44240.692s] GC(88) User=0.01s Sys=0.00s Real=0.01s
[2022-03-24T12:27:06.975+0000][44240.696s] GC(88) Concurrent Cleanup for Next Mark
[2022-03-24T12:27:07.116+0000][44240.837s] GC(88) Concurrent Cleanup for Next Mark 141.058ms
[2022-03-24T12:27:07.117+0000][44240.838s] GC(88) Concurrent Cycle 3998.831ms
[2022-03-24T12:27:07.936+0000][44241.657s] GC(90) Pause Young (Prepare Mixed) (G1 Evacuation Pause)
[2022-03-24T12:27:07.937+0000][44241.658s] GC(90) Using 4 workers of 4 for evacuation
[2022-03-24T12:27:08.005+0000][44241.726s] GC(90)   Pre Evacuate Collection Set: 0.0ms
[2022-03-24T12:27:08.006+0000][44241.727s] GC(90)   Evacuate Collection Set: 61.9ms
[2022-03-24T12:27:08.006+0000][44241.727s] GC(90)   Post Evacuate Collection Set: 5.6ms
[2022-03-24T12:27:08.007+0000][44241.728s] GC(90)   Other: 2.0ms
[2022-03-24T12:27:08.007+0000][44241.728s] GC(90) Eden regions: 72->0(15)
[2022-03-24T12:27:08.007+0000][44241.728s] GC(90) Survivor regions: 9->10(11)
[2022-03-24T12:27:08.008+0000][44241.728s] GC(90) Old regions: 204->208
[2022-03-24T12:27:08.008+0000][44241.729s] GC(90) Humongous regions: 7->7
[2022-03-24T12:27:08.008+0000][44241.729s] GC(90) Metaspace: 57924K->57924K(1101824K)
[2022-03-24T12:27:08.008+0000][44241.729s] GC(90) Pause Young (Prepare Mixed) (G1 Evacuation Pause) 290M->222M(512M) 72.346ms
[2022-03-24T12:27:08.010+0000][44241.730s] GC(90) User=0.25s Sys=0.00s Real=0.08s
[2022-03-24T12:27:08.083+0000][44241.804s] GC(91) Pause Young (Mixed) (G1 Evacuation Pause)
[2022-03-24T12:27:08.083+0000][44241.804s] GC(91) Using 4 workers of 4 for evacuation
[2022-03-24T12:27:08.175+0000][44241.895s] GC(91)   Pre Evacuate Collection Set: 0.1ms
[2022-03-24T12:27:08.175+0000][44241.896s] GC(91)   Evacuate Collection Set: 77.5ms
[2022-03-24T12:27:08.175+0000][44241.896s] GC(91)   Post Evacuate Collection Set: 13.3ms
[2022-03-24T12:27:08.176+0000][44241.897s] GC(91)   Other: 1.0ms
[2022-03-24T12:27:08.176+0000][44241.897s] GC(91) Eden regions: 15->0(22)
[2022-03-24T12:27:08.177+0000][44241.897s] GC(91) Survivor regions: 10->3(4)
[2022-03-24T12:27:08.177+0000][44241.898s] GC(91) Old regions: 208->165
[2022-03-24T12:27:08.177+0000][44241.898s] GC(91) Humongous regions: 7->7
[2022-03-24T12:27:08.177+0000][44241.898s] GC(91) Metaspace: 57924K->57924K(1101824K)
[2022-03-24T12:27:08.178+0000][44241.899s] GC(91) Pause Young (Mixed) (G1 Evacuation Pause) 237M->172M(512M) 95.189ms
[2022-03-24T12:27:08.178+0000][44241.899s] GC(91) User=0.33s Sys=0.01s Real=0.10s
[2022-03-24T12:27:08.643+0000][44242.364s] GC(92) Pause Young (Mixed) (G1 Evacuation Pause)
[2022-03-24T12:27:08.643+0000][44242.364s] GC(92) Using 4 workers of 4 for evacuation
[2022-03-24T12:27:08.738+0000][44242.459s] GC(92)   Pre Evacuate Collection Set: 0.1ms
[2022-03-24T12:27:08.739+0000][44242.460s] GC(92)   Evacuate Collection Set: 84.0ms
[2022-03-24T12:27:08.739+0000][44242.460s] GC(92)   Post Evacuate Collection Set: 10.3ms
[2022-03-24T12:27:08.739+0000][44242.460s] GC(92)   Other: 1.2ms
[2022-03-24T12:27:08.740+0000][44242.461s] GC(92) Eden regions: 22->0(95)
[2022-03-24T12:27:08.740+0000][44242.461s] GC(92) Survivor regions: 3->3(4)
[2022-03-24T12:27:08.741+0000][44242.462s] GC(92) Old regions: 165->127
[2022-03-24T12:27:08.742+0000][44242.463s] GC(92) Humongous regions: 7->7
[2022-03-24T12:27:08.742+0000][44242.463s] GC(92) Metaspace: 57941K->57941K(1101824K)
[2022-03-24T12:27:08.742+0000][44242.463s] GC(92) Pause Young (Mixed) (G1 Evacuation Pause) 194M->135M(512M) 99.484ms
[2022-03-24T12:27:08.743+0000][44242.463s] GC(92) User=0.36s Sys=0.00s Real=0.10s
[2022-03-24T12:27:10.223+0000][44243.944s] GC(93) Pause Young (Normal) (G1 Evacuation Pause)
[2022-03-24T12:27:10.223+0000][44243.944s] GC(93) Using 4 workers of 4 for evacuation
[2022-03-24T12:27:10.296+0000][44244.017s] GC(93)   Pre Evacuate Collection Set: 0.1ms
[2022-03-24T12:27:10.296+0000][44244.017s] GC(93)   Evacuate Collection Set: 65.2ms
[2022-03-24T12:27:10.297+0000][44244.018s] GC(93)   Post Evacuate Collection Set: 6.8ms
[2022-03-24T12:27:10.297+0000][44244.018s] GC(93)   Other: 0.9ms
[2022-03-24T12:27:10.297+0000][44244.018s] GC(93) Eden regions: 93->0(98)
[2022-03-24T12:27:10.297+0000][44244.018s] GC(93) Survivor regions: 3->8(12)
[2022-03-24T12:27:10.298+0000][44244.019s] GC(93) Old regions: 127->127
[2022-03-24T12:27:10.298+0000][44244.019s] GC(93) Humongous regions: 7->7
[2022-03-24T12:27:10.298+0000][44244.019s] GC(93) Metaspace: 57994K->57994K(1101824K)
[2022-03-24T12:27:10.298+0000][44244.019s] GC(93) Pause Young (Normal) (G1 Evacuation Pause) 228M->140M(512M) 75.526ms
[2022-03-24T12:27:10.299+0000][44244.020s] GC(93) User=0.28s Sys=0.00s Real=0.08s
[2022-03-24T12:27:11.767+0000][44245.488s] GC(94) Pause Young (Normal) (G1 Evacuation Pause)
[2022-03-24T12:27:11.767+0000][44245.488s] GC(94) Using 4 workers of 4 for evacuation
[2022-03-24T12:27:11.851+0000][44245.572s] GC(94)   Pre Evacuate Collection Set: 0.1ms
[2022-03-24T12:27:11.852+0000][44245.573s] GC(94)   Evacuate Collection Set: 82.0ms
[2022-03-24T12:27:11.852+0000][44245.573s] GC(94)   Post Evacuate Collection Set: 1.5ms
[2022-03-24T12:27:11.852+0000][44245.573s] GC(94)   Other: 0.8ms
[2022-03-24T12:27:11.852+0000][44245.573s] GC(94) Eden regions: 98->0(110)
[2022-03-24T12:27:11.853+0000][44245.574s] GC(94) Survivor regions: 8->12(14)
[2022-03-24T12:27:11.853+0000][44245.574s] GC(94) Old regions: 127->129
[2022-03-24T12:27:11.854+0000][44245.575s] GC(94) Humongous regions: 7->7
[2022-03-24T12:27:11.854+0000][44245.575s] GC(94) Metaspace: 58009K->58009K(1101824K)
[2022-03-24T12:27:11.854+0000][44245.575s] GC(94) Pause Young (Normal) (G1 Evacuation Pause) 238M->145M(512M) 87.454ms
[2022-03-24T12:27:11.855+0000][44245.576s] GC(94) User=0.32s Sys=0.00s Real=0.08s
[2022-03-24T12:27:13.515+0000][44247.236s] GC(95) Pause Young (Normal) (G1 Evacuation Pause)
[2022-03-24T12:27:13.516+0000][44247.237s] GC(95) Using 4 workers of 4 for evacuation
[2022-03-24T12:27:13.614+0000][44247.335s] GC(95)   Pre Evacuate Collection Set: 0.0ms
[2022-03-24T12:27:13.614+0000][44247.335s] GC(95)   Evacuate Collection Set: 94.2ms
[2022-03-24T12:27:13.614+0000][44247.335s] GC(95)   Post Evacuate Collection Set: 3.0ms
[2022-03-24T12:27:13.614+0000][44247.335s] GC(95)   Other: 1.2ms
[2022-03-24T12:27:13.615+0000][44247.336s] GC(95) Eden regions: 110->0(123)
[2022-03-24T12:27:13.615+0000][44247.336s] GC(95) Survivor regions: 12->12(16)
[2022-03-24T12:27:13.616+0000][44247.336s] GC(95) Old regions: 129->134
[2022-03-24T12:27:13.616+0000][44247.337s] GC(95) Humongous regions: 7->7
[2022-03-24T12:27:13.616+0000][44247.337s] GC(95) Metaspace: 58030K->58030K(1101824K)
[2022-03-24T12:27:13.616+0000][44247.337s] GC(95) Pause Young (Normal) (G1 Evacuation Pause) 255M->151M(512M) 100.807ms
[2022-03-24T12:27:13.616+0000][44247.337s] GC(95) User=0.38s Sys=0.00s Real=0.10s
[2022-03-24T13:18:27.131+0000][47320.852s] GC(96) Pause Young (Normal) (G1 Evacuation Pause)
[2022-03-24T13:18:27.132+0000][47320.853s] GC(96) Using 4 workers of 4 for evacuation
[2022-03-24T13:18:27.467+0000][47321.188s] GC(96) MMU target violated: 251.0ms (250.0ms/251.0ms)
[2022-03-24T13:18:27.468+0000][47321.189s] GC(96)   Pre Evacuate Collection Set: 12.9ms
[2022-03-24T13:18:27.469+0000][47321.189s] GC(96)   Evacuate Collection Set: 305.9ms
[2022-03-24T13:18:27.469+0000][47321.190s] GC(96)   Post Evacuate Collection Set: 14.2ms
[2022-03-24T13:18:27.469+0000][47321.190s] GC(96)   Other: 4.5ms
[2022-03-24T13:18:27.469+0000][47321.190s] GC(96) Eden regions: 123->0(92)
[2022-03-24T13:18:27.470+0000][47321.191s] GC(96) Survivor regions: 12->15(17)
[2022-03-24T13:18:27.470+0000][47321.191s] GC(96) Old regions: 134->139
[2022-03-24T13:18:27.470+0000][47321.191s] GC(96) Humongous regions: 7->7
[2022-03-24T13:18:27.470+0000][47321.191s] GC(96) Metaspace: 58096K->58096K(1101824K)
[2022-03-24T13:18:27.471+0000][47321.192s] GC(96) Pause Young (Normal) (G1 Evacuation Pause) 274M->159M(512M) 340.335ms
[2022-03-24T13:18:27.472+0000][47321.193s] GC(96) User=1.17s Sys=0.06s Real=0.34s
[2022-03-24T13:18:28.796+0000][47322.517s] GC(97) Pause Young (Normal) (G1 Evacuation Pause)
[2022-03-24T13:18:28.797+0000][47322.518s] GC(97) Using 4 workers of 4 for evacuation
[2022-03-24T13:18:28.901+0000][47322.622s] GC(97)   Pre Evacuate Collection Set: 0.0ms
[2022-03-24T13:18:28.901+0000][47322.622s] GC(97)   Evacuate Collection Set: 102.1ms
[2022-03-24T13:18:28.902+0000][47322.623s] GC(97)   Post Evacuate Collection Set: 1.7ms
[2022-03-24T13:18:28.902+0000][47322.623s] GC(97)   Other: 0.9ms
[2022-03-24T13:18:28.902+0000][47322.623s] GC(97) Eden regions: 92->0(109)
[2022-03-24T13:18:28.903+0000][47322.624s] GC(97) Survivor regions: 15->7(14)
[2022-03-24T13:18:28.903+0000][47322.624s] GC(97) Old regions: 139->153
[2022-03-24T13:18:28.903+0000][47322.624s] GC(97) Humongous regions: 7->7
[2022-03-24T13:18:28.903+0000][47322.624s] GC(97) Metaspace: 58109K->58109K(1101824K)
[2022-03-24T13:18:28.904+0000][47322.625s] GC(97) Pause Young (Normal) (G1 Evacuation Pause) 251M->165M(512M) 107.390ms
[2022-03-24T13:18:28.904+0000][47322.625s] GC(97) User=0.41s Sys=0.00s Real=0.11s
[2022-03-24T13:18:30.539+0000][47324.260s] GC(98) Pause Young (Normal) (G1 Evacuation Pause)
[2022-03-24T13:18:30.539+0000][47324.260s] GC(98) Using 4 workers of 4 for evacuation
[2022-03-24T13:18:30.565+0000][47324.286s] GC(98)   Pre Evacuate Collection Set: 0.0ms
[2022-03-24T13:18:30.565+0000][47324.286s] GC(98)   Evacuate Collection Set: 21.0ms
[2022-03-24T13:18:30.566+0000][47324.287s] GC(98)   Post Evacuate Collection Set: 4.6ms
[2022-03-24T13:18:30.566+0000][47324.287s] GC(98)   Other: 0.8ms
[2022-03-24T13:18:30.566+0000][47324.287s] GC(98) Eden regions: 109->0(118)
[2022-03-24T13:18:30.566+0000][47324.287s] GC(98) Survivor regions: 7->12(15)
[2022-03-24T13:18:30.567+0000][47324.288s] GC(98) Old regions: 153->153
[2022-03-24T13:18:30.567+0000][47324.288s] GC(98) Humongous regions: 7->7
[2022-03-24T13:18:30.567+0000][47324.288s] GC(98) Metaspace: 58123K->58123K(1101824K)
[2022-03-24T13:18:30.568+0000][47324.289s] GC(98) Pause Young (Normal) (G1 Evacuation Pause) 274M->170M(512M) 29.046ms
[2022-03-24T13:18:30.568+0000][47324.289s] GC(98) User=0.10s Sys=0.00s Real=0.03s
[2022-03-24T13:18:32.247+0000][47325.968s] GC(99) Pause Young (Normal) (G1 Evacuation Pause)
[2022-03-24T13:18:32.248+0000][47325.969s] GC(99) Using 4 workers of 4 for evacuation
[2022-03-24T13:18:32.296+0000][47326.017s] GC(99)   Pre Evacuate Collection Set: 0.0ms
[2022-03-24T13:18:32.297+0000][47326.018s] GC(99)   Evacuate Collection Set: 37.4ms
[2022-03-24T13:18:32.297+0000][47326.018s] GC(99)   Post Evacuate Collection Set: 11.0ms
[2022-03-24T13:18:32.297+0000][47326.018s] GC(99)   Other: 0.9ms
[2022-03-24T13:18:32.298+0000][47326.019s] GC(99) Eden regions: 118->0(132)
[2022-03-24T13:18:32.298+0000][47326.019s] GC(99) Survivor regions: 12->14(17)
[2022-03-24T13:18:32.298+0000][47326.019s] GC(99) Old regions: 153->157
[2022-03-24T13:18:32.299+0000][47326.020s] GC(99) Humongous regions: 7->7
[2022-03-24T13:18:32.300+0000][47326.021s] GC(99) Metaspace: 58132K->58132K(1101824K)
[2022-03-24T13:18:32.300+0000][47326.021s] GC(99) Pause Young (Normal) (G1 Evacuation Pause) 288M->176M(512M) 52.705ms
[2022-03-24T13:18:32.300+0000][47326.021s] GC(99) User=0.19s Sys=0.01s Real=0.05s
[2022-03-24T13:18:34.319+0000][47328.040s] GC(100) Pause Young (Normal) (G1 Evacuation Pause)
[2022-03-24T13:18:34.320+0000][47328.041s] GC(100) Using 4 workers of 4 for evacuation
[2022-03-24T13:18:34.387+0000][47328.108s] GC(100)   Pre Evacuate Collection Set: 0.0ms
[2022-03-24T13:18:34.388+0000][47328.109s] GC(100)   Evacuate Collection Set: 48.3ms
[2022-03-24T13:18:34.388+0000][47328.109s] GC(100)   Post Evacuate Collection Set: 18.3ms
[2022-03-24T13:18:34.388+0000][47328.109s] GC(100)   Other: 1.3ms
[2022-03-24T13:18:34.388+0000][47328.109s] GC(100) Eden regions: 132->0(155)
[2022-03-24T13:18:34.389+0000][47328.110s] GC(100) Survivor regions: 14->12(19)
[2022-03-24T13:18:34.389+0000][47328.110s] GC(100) Old regions: 157->160
[2022-03-24T13:18:34.389+0000][47328.110s] GC(100) Humongous regions: 7->7
[2022-03-24T13:18:34.389+0000][47328.110s] GC(100) Metaspace: 58163K->58163K(1101824K)
[2022-03-24T13:18:34.391+0000][47328.112s] GC(100) Pause Young (Normal) (G1 Evacuation Pause) 308M->177M(512M) 71.476ms
[2022-03-24T13:18:34.392+0000][47328.113s] GC(100) User=0.24s Sys=0.00s Real=0.07s
[2022-03-24T13:18:36.694+0000][47330.415s] GC(101) Pause Young (Normal) (G1 Evacuation Pause)
[2022-03-24T13:18:36.695+0000][47330.416s] GC(101) Using 4 workers of 4 for evacuation
[2022-03-24T13:18:36.774+0000][47330.495s] GC(101)   Pre Evacuate Collection Set: 0.0ms
[2022-03-24T13:18:36.775+0000][47330.496s] GC(101)   Evacuate Collection Set: 46.7ms
[2022-03-24T13:18:36.775+0000][47330.496s] GC(101)   Post Evacuate Collection Set: 32.4ms
[2022-03-24T13:18:36.775+0000][47330.496s] GC(101)   Other: 0.9ms
[2022-03-24T13:18:36.776+0000][47330.496s] GC(101) Eden regions: 155->0(219)
[2022-03-24T13:18:36.776+0000][47330.497s] GC(101) Survivor regions: 12->15(21)
[2022-03-24T13:18:36.776+0000][47330.497s] GC(101) Old regions: 160->162
[2022-03-24T13:18:36.776+0000][47330.497s] GC(101) Humongous regions: 7->7
[2022-03-24T13:18:36.776+0000][47330.497s] GC(101) Metaspace: 58237K->58237K(1101824K)
[2022-03-24T13:18:36.777+0000][47330.498s] GC(101) Pause Young (Normal) (G1 Evacuation Pause) 332M->182M(512M) 82.529ms
[2022-03-24T13:18:36.777+0000][47330.498s] GC(101) User=0.29s Sys=0.00s Real=0.09s
[2022-03-24T13:33:22.669+0000][48216.390s] GC(102) Pause Young (Normal) (G1 Evacuation Pause)
[2022-03-24T13:33:22.670+0000][48216.391s] GC(102) Using 4 workers of 4 for evacuation
[2022-03-24T13:33:23.179+0000][48216.900s] GC(102) MMU target violated: 251.0ms (250.0ms/251.0ms)
[2022-03-24T13:33:23.182+0000][48216.903s] GC(102)   Pre Evacuate Collection Set: 0.1ms
[2022-03-24T13:33:23.182+0000][48216.903s] GC(102)   Evacuate Collection Set: 295.8ms
[2022-03-24T13:33:23.183+0000][48216.904s] GC(102)   Post Evacuate Collection Set: 211.9ms
[2022-03-24T13:33:23.185+0000][48216.906s] GC(102)   Other: 4.5ms
[2022-03-24T13:33:23.186+0000][48216.907s] GC(102) Eden regions: 219->0(51)
[2022-03-24T13:33:23.209+0000][48216.930s] GC(102) Survivor regions: 15->13(30)
[2022-03-24T13:33:23.217+0000][48216.938s] GC(102) Old regions: 162->162
[2022-03-24T13:33:23.228+0000][48216.949s] GC(102) Humongous regions: 7->7
[2022-03-24T13:33:23.237+0000][48216.958s] GC(102) Metaspace: 59281K->59281K(1103872K)
[2022-03-24T13:33:23.238+0000][48216.959s] GC(102) Pause Young (Normal) (G1 Evacuation Pause) 401M->179M(512M) 568.904ms
[2022-03-24T13:33:23.241+0000][48216.962s] GC(102) User=1.70s Sys=0.09s Real=0.57s
[2022-03-24T13:34:07.596+0000][48261.317s] GC(103) Pause Young (Normal) (G1 Evacuation Pause)
[2022-03-24T13:34:07.598+0000][48261.319s] GC(103) Using 4 workers of 4 for evacuation
[2022-03-24T13:34:07.903+0000][48261.624s] GC(103) MMU target violated: 251.0ms (250.0ms/251.0ms)
[2022-03-24T13:34:07.905+0000][48261.626s] GC(103)   Pre Evacuate Collection Set: 0.0ms
[2022-03-24T13:34:07.908+0000][48261.629s] GC(103)   Evacuate Collection Set: 295.7ms
[2022-03-24T13:34:07.909+0000][48261.630s] GC(103)   Post Evacuate Collection Set: 2.8ms
[2022-03-24T13:34:07.910+0000][48261.630s] GC(103)   Other: 10.3ms
[2022-03-24T13:34:07.910+0000][48261.631s] GC(103) Eden regions: 51->0(102)
[2022-03-24T13:34:07.911+0000][48261.632s] GC(103) Survivor regions: 13->3(8)
[2022-03-24T13:34:07.911+0000][48261.632s] GC(103) Old regions: 162->168
[2022-03-24T13:34:07.912+0000][48261.633s] GC(103) Humongous regions: 7->7
[2022-03-24T13:34:07.915+0000][48261.636s] GC(103) Metaspace: 59383K->59383K(1103872K)
[2022-03-24T13:34:07.917+0000][48261.638s] GC(103) Pause Young (Normal) (G1 Evacuation Pause) 230M->176M(512M) 320.532ms
[2022-03-24T13:34:07.918+0000][48261.639s] GC(103) User=1.12s Sys=0.04s Real=0.33s
[2022-03-24T13:35:32.260+0000][48345.981s] GC(104) Pause Young (Normal) (G1 Evacuation Pause)
[2022-03-24T13:35:32.260+0000][48345.981s] GC(104) Using 4 workers of 4 for evacuation
[2022-03-24T13:35:32.271+0000][48345.992s] GC(104)   Pre Evacuate Collection Set: 0.0ms
[2022-03-24T13:35:32.272+0000][48345.993s] GC(104)   Evacuate Collection Set: 7.5ms
[2022-03-24T13:35:32.272+0000][48345.993s] GC(104)   Post Evacuate Collection Set: 2.9ms
[2022-03-24T13:35:32.272+0000][48345.993s] GC(104)   Other: 1.0ms
[2022-03-24T13:35:32.273+0000][48345.993s] GC(104) Eden regions: 102->0(135)
[2022-03-24T13:35:32.273+0000][48345.994s] GC(104) Survivor regions: 3->3(14)
[2022-03-24T13:35:32.273+0000][48345.994s] GC(104) Old regions: 168->168
[2022-03-24T13:35:32.273+0000][48345.994s] GC(104) Humongous regions: 7->7
[2022-03-24T13:35:32.274+0000][48345.995s] GC(104) Metaspace: 59539K->59539K(1103872K)
[2022-03-24T13:35:32.274+0000][48345.995s] GC(104) Pause Young (Normal) (G1 Evacuation Pause) 278M->175M(512M) 14.269ms
[2022-03-24T13:35:32.274+0000][48345.995s] GC(104) User=0.04s Sys=0.00s Real=0.01s
[2022-03-24T13:37:33.923+0000][48467.644s] GC(105) Pause Young (Normal) (G1 Evacuation Pause)
[2022-03-24T13:37:33.923+0000][48467.644s] GC(105) Using 4 workers of 4 for evacuation
[2022-03-24T13:37:33.929+0000][48467.650s] GC(105)   Pre Evacuate Collection Set: 0.1ms
[2022-03-24T13:37:33.929+0000][48467.650s] GC(105)   Evacuate Collection Set: 3.1ms
[2022-03-24T13:37:33.930+0000][48467.651s] GC(105)   Post Evacuate Collection Set: 2.4ms
[2022-03-24T13:37:33.930+0000][48467.651s] GC(105)   Other: 0.7ms
[2022-03-24T13:37:33.931+0000][48467.652s] GC(105) Eden regions: 135->0(253)
[2022-03-24T13:37:33.931+0000][48467.652s] GC(105) Survivor regions: 3->3(18)
[2022-03-24T13:37:33.931+0000][48467.652s] GC(105) Old regions: 168->168
[2022-03-24T13:37:33.931+0000][48467.652s] GC(105) Humongous regions: 7->7
[2022-03-24T13:37:33.932+0000][48467.653s] GC(105) Metaspace: 59618K->59618K(1103872K)
[2022-03-24T13:37:33.932+0000][48467.653s] GC(105) Pause Young (Normal) (G1 Evacuation Pause) 310M->175M(512M) 9.184ms
[2022-03-24T13:37:33.932+0000][48467.653s] GC(105) User=0.01s Sys=0.01s Real=0.01s
[2022-03-24T13:41:05.122+0000][48678.843s] GC(106) Pause Young (Normal) (G1 Evacuation Pause)
[2022-03-24T13:41:05.123+0000][48678.844s] GC(106) Using 4 workers of 4 for evacuation
[2022-03-24T13:41:05.154+0000][48678.875s] GC(106)   Pre Evacuate Collection Set: 0.1ms
[2022-03-24T13:41:05.154+0000][48678.875s] GC(106)   Evacuate Collection Set: 27.0ms
[2022-03-24T13:41:05.154+0000][48678.875s] GC(106)   Post Evacuate Collection Set: 2.7ms
[2022-03-24T13:41:05.155+0000][48678.876s] GC(106)   Other: 1.5ms
[2022-03-24T13:41:05.156+0000][48678.877s] GC(106) Eden regions: 253->0(257)
[2022-03-24T13:41:05.156+0000][48678.877s] GC(106) Survivor regions: 3->3(32)
[2022-03-24T13:41:05.156+0000][48678.877s] GC(106) Old regions: 168->168
[2022-03-24T13:41:05.157+0000][48678.878s] GC(106) Humongous regions: 7->7
[2022-03-24T13:41:05.157+0000][48678.878s] GC(106) Metaspace: 59991K->59991K(1103872K)
[2022-03-24T13:41:05.158+0000][48678.878s] GC(106) Pause Young (Normal) (G1 Evacuation Pause) 428M->176M(512M) 35.190ms
[2022-03-24T13:41:05.158+0000][48678.879s] GC(106) User=0.11s Sys=0.00s Real=0.04s
[2022-03-24T13:44:28.191+0000][48881.912s] GC(107) Pause Young (Normal) (G1 Evacuation Pause)
[2022-03-24T13:44:28.192+0000][48881.913s] GC(107) Using 4 workers of 4 for evacuation
[2022-03-24T13:44:28.221+0000][48881.942s] GC(107)   Pre Evacuate Collection Set: 0.0ms
[2022-03-24T13:44:28.221+0000][48881.942s] GC(107)   Evacuate Collection Set: 26.5ms
[2022-03-24T13:44:28.221+0000][48881.942s] GC(107)   Post Evacuate Collection Set: 2.1ms
[2022-03-24T13:44:28.222+0000][48881.943s] GC(107)   Other: 0.8ms
[2022-03-24T13:44:28.222+0000][48881.943s] GC(107) Eden regions: 257->0(259)
[2022-03-24T13:44:28.222+0000][48881.943s] GC(107) Survivor regions: 3->4(33)
[2022-03-24T13:44:28.223+0000][48881.944s] GC(107) Old regions: 168->168
[2022-03-24T13:44:28.223+0000][48881.944s] GC(107) Humongous regions: 7->7
[2022-03-24T13:44:28.224+0000][48881.945s] GC(107) Metaspace: 60129K->60129K(1103872K)
[2022-03-24T13:44:28.225+0000][48881.946s] GC(107) Pause Young (Normal) (G1 Evacuation Pause) 433M->176M(512M) 33.393ms
[2022-03-24T13:44:28.225+0000][48881.946s] GC(107) User=0.12s Sys=0.00s Real=0.03s
[2022-03-24T13:52:23.646+0000][49357.367s] GC(108) Pause Young (Normal) (G1 Evacuation Pause)
[2022-03-24T13:52:23.646+0000][49357.367s] GC(108) Using 4 workers of 4 for evacuation
[2022-03-24T13:52:23.666+0000][49357.387s] GC(108)   Pre Evacuate Collection Set: 0.1ms
[2022-03-24T13:52:23.666+0000][49357.387s] GC(108)   Evacuate Collection Set: 15.9ms
[2022-03-24T13:52:23.666+0000][49357.387s] GC(108)   Post Evacuate Collection Set: 2.4ms
[2022-03-24T13:52:23.667+0000][49357.388s] GC(108)   Other: 1.3ms
[2022-03-24T13:52:23.667+0000][49357.388s] GC(108) Eden regions: 259->0(264)
[2022-03-24T13:52:23.667+0000][49357.388s] GC(108) Survivor regions: 4->3(33)
[2022-03-24T13:52:23.668+0000][49357.389s] GC(108) Old regions: 168->168
[2022-03-24T13:52:23.668+0000][49357.389s] GC(108) Humongous regions: 7->7
[2022-03-24T13:52:23.668+0000][49357.389s] GC(108) Metaspace: 60297K->60297K(1103872K)
[2022-03-24T13:52:23.668+0000][49357.389s] GC(108) Pause Young (Normal) (G1 Evacuation Pause) 435M->175M(512M) 22.354ms
[2022-03-24T13:52:23.669+0000][49357.390s] GC(108) User=0.06s Sys=0.00s Real=0.03s
[2022-03-24T13:56:28.903+0000][49602.624s] GC(109) Pause Young (Normal) (G1 Evacuation Pause)
[2022-03-24T13:56:28.904+0000][49602.625s] GC(109) Using 4 workers of 4 for evacuation
[2022-03-24T13:56:28.938+0000][49602.659s] GC(109)   Pre Evacuate Collection Set: 0.1ms
[2022-03-24T13:56:28.939+0000][49602.660s] GC(109)   Evacuate Collection Set: 28.9ms
[2022-03-24T13:56:28.939+0000][49602.660s] GC(109)   Post Evacuate Collection Set: 4.9ms
[2022-03-24T13:56:28.939+0000][49602.660s] GC(109)   Other: 1.0ms
[2022-03-24T13:56:28.940+0000][49602.660s] GC(109) Eden regions: 264->0(265)
[2022-03-24T13:56:28.940+0000][49602.661s] GC(109) Survivor regions: 3->4(34)
[2022-03-24T13:56:28.940+0000][49602.661s] GC(109) Old regions: 168->168
[2022-03-24T13:56:28.940+0000][49602.661s] GC(109) Humongous regions: 7->7
[2022-03-24T13:56:28.941+0000][49602.662s] GC(109) Metaspace: 60478K->60478K(1103872K)
[2022-03-24T13:56:28.941+0000][49602.662s] GC(109) Pause Young (Normal) (G1 Evacuation Pause) 439M->177M(512M) 37.567ms
[2022-03-24T13:56:28.941+0000][49602.662s] GC(109) User=0.13s Sys=0.00s Real=0.04s
[2022-03-24T14:19:59.348+0000][51013.069s] GC(110) Pause Young (Normal) (G1 Evacuation Pause)
[2022-03-24T14:19:59.348+0000][51013.069s] GC(110) Using 4 workers of 4 for evacuation
[2022-03-24T14:19:59.518+0000][51013.239s] GC(110)   Pre Evacuate Collection Set: 4.7ms
[2022-03-24T14:19:59.518+0000][51013.239s] GC(110)   Evacuate Collection Set: 139.4ms
[2022-03-24T14:19:59.518+0000][51013.239s] GC(110)   Post Evacuate Collection Set: 21.9ms
[2022-03-24T14:19:59.519+0000][51013.240s] GC(110)   Other: 4.5ms
[2022-03-24T14:19:59.519+0000][51013.240s] GC(110) Eden regions: 265->0(265)
[2022-03-24T14:19:59.519+0000][51013.240s] GC(110) Survivor regions: 4->4(34)
[2022-03-24T14:19:59.519+0000][51013.240s] GC(110) Old regions: 168->168
[2022-03-24T14:19:59.519+0000][51013.240s] GC(110) Humongous regions: 7->7
[2022-03-24T14:19:59.519+0000][51013.240s] GC(110) Metaspace: 60723K->60723K(1103872K)
[2022-03-24T14:19:59.520+0000][51013.241s] GC(110) Pause Young (Normal) (G1 Evacuation Pause) 442M->177M(512M) 172.095ms
[2022-03-24T14:19:59.520+0000][51013.241s] GC(110) User=0.63s Sys=0.00s Real=0.17s
[2022-03-25T06:53:41.917+0000][59072.581s] GC(111) Pause Young (Normal) (G1 Evacuation Pause)
[2022-03-25T06:53:41.922+0000][59072.586s] GC(111) Using 4 workers of 4 for evacuation
[2022-03-25T06:53:42.863+0000][59073.527s] GC(111) MMU target violated: 251.0ms (250.0ms/251.0ms)
[2022-03-25T06:53:42.866+0000][59073.529s] GC(111)   Pre Evacuate Collection Set: 16.9ms
[2022-03-25T06:53:42.866+0000][59073.530s] GC(111)   Evacuate Collection Set: 899.4ms
[2022-03-25T06:53:42.867+0000][59073.531s] GC(111)   Post Evacuate Collection Set: 20.9ms
[2022-03-25T06:53:42.869+0000][59073.532s] GC(111)   Other: 11.9ms
[2022-03-25T06:53:42.877+0000][59073.540s] GC(111) Eden regions: 265->0(92)
[2022-03-25T06:53:42.877+0000][59073.541s] GC(111) Survivor regions: 4->8(34)
[2022-03-25T06:53:42.880+0000][59073.544s] GC(111) Old regions: 168->168
[2022-03-25T06:53:42.885+0000][59073.549s] GC(111) Humongous regions: 7->7
[2022-03-25T06:53:42.886+0000][59073.550s] GC(111) Metaspace: 61184K->61184K(1105920K)
[2022-03-25T06:53:42.888+0000][59073.552s] GC(111) Pause Young (Normal) (G1 Evacuation Pause) 442M->180M(512M) 971.311ms
[2022-03-25T06:53:42.889+0000][59073.552s] GC(111) User=1.13s Sys=0.02s Real=0.97s
[2022-03-25T07:00:29.855+0000][59480.518s] GC(112) Pause Young (Normal) (G1 Evacuation Pause)
[2022-03-25T07:00:29.855+0000][59480.519s] GC(112) Using 4 workers of 4 for evacuation
[2022-03-25T07:00:29.943+0000][59480.607s] GC(112)   Pre Evacuate Collection Set: 0.1ms
[2022-03-25T07:00:29.944+0000][59480.607s] GC(112)   Evacuate Collection Set: 65.2ms
[2022-03-25T07:00:29.944+0000][59480.608s] GC(112)   Post Evacuate Collection Set: 21.1ms
[2022-03-25T07:00:29.945+0000][59480.608s] GC(112)   Other: 2.0ms
[2022-03-25T07:00:29.945+0000][59480.609s] GC(112) Eden regions: 92->0(101)
[2022-03-25T07:00:29.945+0000][59480.609s] GC(112) Survivor regions: 8->6(13)
[2022-03-25T07:00:29.946+0000][59480.609s] GC(112) Old regions: 168->169
[2022-03-25T07:00:29.946+0000][59480.610s] GC(112) Humongous regions: 7->7
[2022-03-25T07:00:29.946+0000][59480.610s] GC(112) Metaspace: 61240K->61240K(1105920K)
[2022-03-25T07:00:29.947+0000][59480.611s] GC(112) Pause Young (Normal) (G1 Evacuation Pause) 272M->179M(512M) 92.610ms
[2022-03-25T07:00:29.948+0000][59480.612s] GC(112) User=0.20s Sys=0.02s Real=0.09s
[2022-03-25T07:07:24.040+0000][59894.704s] GC(113) Pause Young (Normal) (G1 Evacuation Pause)
[2022-03-25T07:07:24.259+0000][59894.922s] GC(113) Using 4 workers of 4 for evacuation
[2022-03-25T07:07:25.605+0000][59896.269s] GC(113) MMU target violated: 251.0ms (250.0ms/251.0ms)
[2022-03-25T07:07:25.613+0000][59896.277s] GC(113)   Pre Evacuate Collection Set: 177.2ms
[2022-03-25T07:07:25.627+0000][59896.290s] GC(113)   Evacuate Collection Set: 1034.8ms
[2022-03-25T07:07:25.649+0000][59896.313s] GC(113)   Post Evacuate Collection Set: 6.4ms
[2022-03-25T07:07:25.657+0000][59896.321s] GC(113)   Other: 354.5ms
[2022-03-25T07:07:25.662+0000][59896.326s] GC(113) Eden regions: 101->0(19)
[2022-03-25T07:07:25.665+0000][59896.329s] GC(113) Survivor regions: 6->6(14)
[2022-03-25T07:07:25.666+0000][59896.330s] GC(113) Old regions: 169->169
[2022-03-25T07:07:25.667+0000][59896.330s] GC(113) Humongous regions: 7->7
[2022-03-25T07:07:25.668+0000][59896.331s] GC(113) Metaspace: 61281K->61281K(1105920K)
[2022-03-25T07:07:25.668+0000][59896.332s] GC(113) Pause Young (Normal) (G1 Evacuation Pause) 280M->179M(512M) 1627.661ms
[2022-03-25T07:07:25.669+0000][59896.332s] GC(113) User=1.38s Sys=0.45s Real=1.63s
[2022-03-25T07:07:26.988+0000][59897.651s] GC(114) Pause Young (Normal) (G1 Evacuation Pause)
[2022-03-25T07:07:26.989+0000][59897.653s] GC(114) Using 4 workers of 4 for evacuation
[2022-03-25T07:07:28.025+0000][59898.689s] GC(114) MMU target violated: 251.0ms (250.0ms/251.0ms)
[2022-03-25T07:07:28.058+0000][59898.722s] GC(114)   Pre Evacuate Collection Set: 0.0ms
[2022-03-25T07:07:28.088+0000][59898.752s] GC(114)   Evacuate Collection Set: 994.4ms
[2022-03-25T07:07:28.111+0000][59898.775s] GC(114)   Post Evacuate Collection Set: 39.7ms
[2022-03-25T07:07:28.140+0000][59898.803s] GC(114)   Other: 36.6ms
[2022-03-25T07:07:28.148+0000][59898.812s] GC(114) Eden regions: 19->0(22)
[2022-03-25T07:07:28.155+0000][59898.819s] GC(114) Survivor regions: 6->3(4)
[2022-03-25T07:07:28.198+0000][59898.861s] GC(114) Old regions: 169->173
[2022-03-25T07:07:28.232+0000][59898.896s] GC(114) Humongous regions: 7->7
[2022-03-25T07:07:28.264+0000][59898.927s] GC(114) Metaspace: 61282K->61282K(1105920K)
[2022-03-25T07:07:28.266+0000][59898.930s] GC(114) Pause Young (Normal) (G1 Evacuation Pause) 198M->180M(512M) 1278.841ms
[2022-03-25T07:07:28.273+0000][59898.937s] GC(114) User=0.39s Sys=0.26s Real=1.28s
[2022-03-25T07:07:29.603+0000][59900.267s] GC(115) Pause Young (Normal) (G1 Evacuation Pause)
[2022-03-25T07:07:29.606+0000][59900.270s] GC(115) Using 4 workers of 4 for evacuation
[2022-03-25T07:07:29.713+0000][59900.377s] GC(115)   Pre Evacuate Collection Set: 0.0ms
[2022-03-25T07:07:29.714+0000][59900.377s] GC(115)   Evacuate Collection Set: 102.6ms
[2022-03-25T07:07:29.715+0000][59900.378s] GC(115)   Post Evacuate Collection Set: 0.5ms
[2022-03-25T07:07:29.715+0000][59900.379s] GC(115)   Other: 7.0ms
[2022-03-25T07:07:29.720+0000][59900.384s] GC(115) Eden regions: 22->0(22)
[2022-03-25T07:07:29.734+0000][59900.398s] GC(115) Survivor regions: 3->3(4)
[2022-03-25T07:07:29.750+0000][59900.414s] GC(115) Old regions: 173->173
[2022-03-25T07:07:29.769+0000][59900.433s] GC(115) Humongous regions: 7->7
[2022-03-25T07:07:29.771+0000][59900.435s] GC(115) Metaspace: 61283K->61283K(1105920K)
[2022-03-25T07:07:29.774+0000][59900.437s] GC(115) Pause Young (Normal) (G1 Evacuation Pause) 202M->180M(512M) 170.856ms
[2022-03-25T07:07:29.787+0000][59900.451s] GC(115) User=0.09s Sys=0.00s Real=0.19s
[2022-03-25T07:07:30.489+0000][59901.153s] GC(116) Pause Young (Normal) (G1 Evacuation Pause)
[2022-03-25T07:07:30.490+0000][59901.153s] GC(116) Using 4 workers of 4 for evacuation
[2022-03-25T07:07:30.593+0000][59901.257s] GC(116)   Pre Evacuate Collection Set: 0.1ms
[2022-03-25T07:07:30.606+0000][59901.270s] GC(116)   Evacuate Collection Set: 101.3ms
[2022-03-25T07:07:30.627+0000][59901.291s] GC(116)   Post Evacuate Collection Set: 0.7ms
[2022-03-25T07:07:30.643+0000][59901.307s] GC(116)   Other: 1.8ms
[2022-03-25T07:07:30.647+0000][59901.311s] GC(116) Eden regions: 22->0(22)
[2022-03-25T07:07:30.652+0000][59901.315s] GC(116) Survivor regions: 3->3(4)
[2022-03-25T07:07:30.669+0000][59901.333s] GC(116) Old regions: 173->173
[2022-03-25T07:07:30.671+0000][59901.334s] GC(116) Humongous regions: 7->7
[2022-03-25T07:07:30.675+0000][59901.339s] GC(116) Metaspace: 61302K->61302K(1105920K)
[2022-03-25T07:07:30.687+0000][59901.351s] GC(116) Pause Young (Normal) (G1 Evacuation Pause) 202M->180M(512M) 198.415ms
[2022-03-25T07:07:30.692+0000][59901.356s] GC(116) User=0.04s Sys=0.03s Real=0.20s
[2022-03-25T07:07:32.157+0000][59902.821s] GC(117) Pause Young (Normal) (G1 Evacuation Pause)
[2022-03-25T07:07:32.157+0000][59902.821s] GC(117) Using 4 workers of 4 for evacuation
[2022-03-25T07:07:32.227+0000][59902.891s] GC(117)   Pre Evacuate Collection Set: 0.1ms
[2022-03-25T07:07:32.228+0000][59902.891s] GC(117)   Evacuate Collection Set: 67.0ms
[2022-03-25T07:07:32.228+0000][59902.892s] GC(117)   Post Evacuate Collection Set: 0.4ms
[2022-03-25T07:07:32.228+0000][59902.892s] GC(117)   Other: 2.8ms
[2022-03-25T07:07:32.229+0000][59902.892s] GC(117) Eden regions: 22->0(25)
[2022-03-25T07:07:32.229+0000][59902.893s] GC(117) Survivor regions: 3->2(4)
[2022-03-25T07:07:32.229+0000][59902.893s] GC(117) Old regions: 173->173
[2022-03-25T07:07:32.232+0000][59902.895s] GC(117) Humongous regions: 7->7
[2022-03-25T07:07:32.232+0000][59902.896s] GC(117) Metaspace: 61307K->61307K(1105920K)
[2022-03-25T07:07:32.234+0000][59902.898s] GC(117) Pause Young (Normal) (G1 Evacuation Pause) 202M->180M(512M) 77.361ms
[2022-03-25T07:07:32.236+0000][59902.900s] GC(117) User=0.08s Sys=0.01s Real=0.08s
[2022-03-25T07:07:33.249+0000][59903.912s] GC(118) Pause Young (Normal) (G1 Evacuation Pause)
[2022-03-25T07:07:33.257+0000][59903.921s] GC(118) Using 4 workers of 4 for evacuation
[2022-03-25T07:07:33.425+0000][59904.088s] GC(118)   Pre Evacuate Collection Set: 0.0ms
[2022-03-25T07:07:33.425+0000][59904.089s] GC(118)   Evacuate Collection Set: 165.7ms
[2022-03-25T07:07:33.426+0000][59904.089s] GC(118)   Post Evacuate Collection Set: 0.5ms
[2022-03-25T07:07:33.426+0000][59904.090s] GC(118)   Other: 10.0ms
[2022-03-25T07:07:33.426+0000][59904.090s] GC(118) Eden regions: 25->0(25)
[2022-03-25T07:07:33.427+0000][59904.090s] GC(118) Survivor regions: 2->2(4)
[2022-03-25T07:07:33.427+0000][59904.091s] GC(118) Old regions: 173->173
[2022-03-25T07:07:33.427+0000][59904.091s] GC(118) Humongous regions: 7->7
[2022-03-25T07:07:33.431+0000][59904.095s] GC(118) Metaspace: 61307K->61307K(1105920K)
[2022-03-25T07:07:33.434+0000][59904.098s] GC(118) Pause Young (Normal) (G1 Evacuation Pause) 205M->180M(512M) 185.277ms
[2022-03-25T07:07:33.446+0000][59904.109s] GC(118) User=0.12s Sys=0.00s Real=0.20s
[2022-03-25T07:07:35.419+0000][59906.082s] GC(119) Pause Young (Normal) (G1 Evacuation Pause)
[2022-03-25T07:07:35.420+0000][59906.083s] GC(119) Using 4 workers of 4 for evacuation
[2022-03-25T07:07:35.553+0000][59906.216s] GC(119)   Pre Evacuate Collection Set: 0.0ms
[2022-03-25T07:07:35.555+0000][59906.219s] GC(119)   Evacuate Collection Set: 129.6ms
[2022-03-25T07:07:35.556+0000][59906.220s] GC(119)   Post Evacuate Collection Set: 3.1ms
[2022-03-25T07:07:35.559+0000][59906.223s] GC(119)   Other: 1.4ms
[2022-03-25T07:07:35.560+0000][59906.224s] GC(119) Eden regions: 25->0(27)
[2022-03-25T07:07:35.572+0000][59906.235s] GC(119) Survivor regions: 2->2(4)
[2022-03-25T07:07:35.572+0000][59906.236s] GC(119) Old regions: 173->173
[2022-03-25T07:07:35.588+0000][59906.251s] GC(119) Humongous regions: 7->7
[2022-03-25T07:07:35.593+0000][59906.256s] GC(119) Metaspace: 61307K->61307K(1105920K)
[2022-03-25T07:07:35.595+0000][59906.259s] GC(119) Pause Young (Normal) (G1 Evacuation Pause) 205M->180M(512M) 176.327ms
[2022-03-25T07:07:35.597+0000][59906.260s] GC(119) User=0.13s Sys=0.00s Real=0.18s
[2022-03-25T07:07:37.564+0000][59908.228s] GC(120) Pause Young (Normal) (G1 Evacuation Pause)
[2022-03-25T07:07:37.572+0000][59908.236s] GC(120) Using 4 workers of 4 for evacuation
[2022-03-25T07:07:37.713+0000][59908.377s] GC(120)   Pre Evacuate Collection Set: 0.0ms
[2022-03-25T07:07:37.731+0000][59908.395s] GC(120)   Evacuate Collection Set: 134.1ms
[2022-03-25T07:07:37.736+0000][59908.399s] GC(120)   Post Evacuate Collection Set: 5.4ms
[2022-03-25T07:07:37.748+0000][59908.412s] GC(120)   Other: 9.7ms
[2022-03-25T07:07:37.754+0000][59908.418s] GC(120) Eden regions: 27->0(29)
[2022-03-25T07:07:37.765+0000][59908.428s] GC(120) Survivor regions: 2->3(4)
[2022-03-25T07:07:37.766+0000][59908.430s] GC(120) Old regions: 173->173
[2022-03-25T07:07:37.767+0000][59908.430s] GC(120) Humongous regions: 7->7
[2022-03-25T07:07:37.767+0000][59908.431s] GC(120) Metaspace: 61309K->61309K(1105920K)
[2022-03-25T07:07:37.767+0000][59908.431s] GC(120) Pause Young (Normal) (G1 Evacuation Pause) 207M->180M(512M) 203.315ms
[2022-03-25T07:07:37.768+0000][59908.431s] GC(120) User=0.09s Sys=0.06s Real=0.21s
[2022-03-25T07:07:39.063+0000][59909.727s] GC(121) Pause Young (Normal) (G1 Evacuation Pause)
[2022-03-25T07:07:39.070+0000][59909.733s] GC(121) Using 4 workers of 4 for evacuation
[2022-03-25T07:07:39.138+0000][59909.802s] GC(121)   Pre Evacuate Collection Set: 0.0ms
[2022-03-25T07:07:39.139+0000][59909.802s] GC(121)   Evacuate Collection Set: 55.5ms
[2022-03-25T07:07:39.139+0000][59909.802s] GC(121)   Post Evacuate Collection Set: 0.4ms
[2022-03-25T07:07:39.139+0000][59909.803s] GC(121)   Other: 19.3ms
[2022-03-25T07:07:39.140+0000][59909.803s] GC(121) Eden regions: 29->0(33)
[2022-03-25T07:07:39.140+0000][59909.804s] GC(121) Survivor regions: 3->3(4)
[2022-03-25T07:07:39.140+0000][59909.804s] GC(121) Old regions: 173->174
[2022-03-25T07:07:39.140+0000][59909.804s] GC(121) Humongous regions: 7->7
[2022-03-25T07:07:39.141+0000][59909.804s] GC(121) Metaspace: 61314K->61314K(1105920K)
[2022-03-25T07:07:39.141+0000][59909.805s] GC(121) Pause Young (Normal) (G1 Evacuation Pause) 209M->180M(512M) 78.047ms
[2022-03-25T07:07:39.141+0000][59909.805s] GC(121) User=0.04s Sys=0.04s Real=0.08s
[2022-03-25T07:08:15.475+0000][59946.138s] GC(122) Pause Young (Normal) (G1 Evacuation Pause)
[2022-03-25T07:08:15.539+0000][59946.202s] GC(122) Using 4 workers of 4 for evacuation
[2022-03-25T07:08:16.096+0000][59946.760s] GC(122) MMU target violated: 251.0ms (250.0ms/251.0ms)
[2022-03-25T07:08:16.142+0000][59946.805s] GC(122)   Pre Evacuate Collection Set: 0.1ms
[2022-03-25T07:08:16.201+0000][59946.865s] GC(122)   Evacuate Collection Set: 486.6ms
[2022-03-25T07:08:16.274+0000][59946.937s] GC(122)   Post Evacuate Collection Set: 0.4ms
[2022-03-25T07:08:16.317+0000][59946.981s] GC(122)   Other: 179.8ms
[2022-03-25T07:08:16.393+0000][59947.056s] GC(122) Eden regions: 33->0(33)
[2022-03-25T07:08:16.446+0000][59947.110s] GC(122) Survivor regions: 3->3(5)
[2022-03-25T07:08:16.471+0000][59947.135s] GC(122) Old regions: 174->174
[2022-03-25T07:08:16.500+0000][59947.163s] GC(122) Humongous regions: 7->7
[2022-03-25T07:08:16.553+0000][59947.216s] GC(122) Metaspace: 61315K->61315K(1105920K)
[2022-03-25T07:08:16.589+0000][59947.252s] GC(122) Pause Young (Normal) (G1 Evacuation Pause) 213M->181M(512M) 1113.821ms
[2022-03-25T07:08:16.637+0000][59947.301s] GC(122) User=0.20s Sys=0.06s Real=1.17s
[2022-03-25T07:08:19.430+0000][59950.094s] GC(123) Pause Young (Normal) (G1 Evacuation Pause)
[2022-03-25T07:08:19.508+0000][59950.172s] GC(123) Using 4 workers of 4 for evacuation
[2022-03-25T07:08:19.629+0000][59950.293s] GC(123)   Pre Evacuate Collection Set: 0.0ms
[2022-03-25T07:08:19.641+0000][59950.304s] GC(123)   Evacuate Collection Set: 63.3ms
[2022-03-25T07:08:19.653+0000][59950.316s] GC(123)   Post Evacuate Collection Set: 0.8ms
[2022-03-25T07:08:19.669+0000][59950.333s] GC(123)   Other: 135.4ms
[2022-03-25T07:08:19.674+0000][59950.338s] GC(123) Eden regions: 33->0(39)
[2022-03-25T07:08:19.676+0000][59950.340s] GC(123) Survivor regions: 3->3(5)
[2022-03-25T07:08:19.684+0000][59950.348s] GC(123) Old regions: 174->174
[2022-03-25T07:08:19.689+0000][59950.353s] GC(123) Humongous regions: 7->7
[2022-03-25T07:08:19.699+0000][59950.363s] GC(123) Metaspace: 61315K->61315K(1105920K)
[2022-03-25T07:08:19.708+0000][59950.372s] GC(123) Pause Young (Normal) (G1 Evacuation Pause) 214M->181M(512M) 278.210ms
[2022-03-25T07:08:19.714+0000][59950.378s] GC(123) User=0.05s Sys=0.00s Real=0.32s
[2022-03-25T07:08:23.133+0000][59953.797s] GC(124) Pause Young (Normal) (G1 Evacuation Pause)
[2022-03-25T07:08:23.149+0000][59953.812s] GC(124) Using 4 workers of 4 for evacuation
[2022-03-25T07:08:23.258+0000][59953.922s] GC(124)   Pre Evacuate Collection Set: 0.1ms
[2022-03-25T07:08:23.282+0000][59953.946s] GC(124)   Evacuate Collection Set: 92.7ms
[2022-03-25T07:08:23.294+0000][59953.958s] GC(124)   Post Evacuate Collection Set: 0.8ms
[2022-03-25T07:08:23.310+0000][59953.973s] GC(124)   Other: 31.7ms
[2022-03-25T07:08:23.310+0000][59953.974s] GC(124) Eden regions: 39->0(44)
[2022-03-25T07:08:23.312+0000][59953.976s] GC(124) Survivor regions: 3->3(6)
[2022-03-25T07:08:23.313+0000][59953.976s] GC(124) Old regions: 174->174
[2022-03-25T07:08:23.313+0000][59953.977s] GC(124) Humongous regions: 7->7
[2022-03-25T07:08:23.313+0000][59953.977s] GC(124) Metaspace: 61316K->61316K(1105920K)
[2022-03-25T07:08:23.313+0000][59953.977s] GC(124) Pause Young (Normal) (G1 Evacuation Pause) 220M->181M(512M) 180.208ms
[2022-03-25T07:08:23.314+0000][59953.977s] GC(124) User=0.10s Sys=0.00s Real=0.18s
[2022-03-25T07:08:31.688+0000][59962.352s] GC(125) Pause Young (Normal) (G1 Evacuation Pause)
[2022-03-25T07:08:31.707+0000][59962.370s] GC(125) Using 4 workers of 4 for evacuation
[2022-03-25T07:08:31.805+0000][59962.469s] GC(125)   Pre Evacuate Collection Set: 0.0ms
[2022-03-25T07:08:31.819+0000][59962.482s] GC(125)   Evacuate Collection Set: 93.1ms
[2022-03-25T07:08:31.823+0000][59962.486s] GC(125)   Post Evacuate Collection Set: 0.5ms
[2022-03-25T07:08:31.824+0000][59962.487s] GC(125)   Other: 23.2ms
[2022-03-25T07:08:31.824+0000][59962.488s] GC(125) Eden regions: 44->0(50)
[2022-03-25T07:08:31.824+0000][59962.488s] GC(125) Survivor regions: 3->3(6)
[2022-03-25T07:08:31.835+0000][59962.499s] GC(125) Old regions: 174->174
[2022-03-25T07:08:31.838+0000][59962.502s] GC(125) Humongous regions: 7->7
[2022-03-25T07:08:31.842+0000][59962.506s] GC(125) Metaspace: 61319K->61319K(1105920K)
[2022-03-25T07:08:31.857+0000][59962.520s] GC(125) Pause Young (Normal) (G1 Evacuation Pause) 225M->181M(512M) 168.196ms
[2022-03-25T07:08:31.869+0000][59962.533s] GC(125) User=0.02s Sys=0.02s Real=0.18s
[2022-03-25T07:08:33.111+0000][59963.775s] GC(126) Pause Young (Normal) (G1 Evacuation Pause)
[2022-03-25T07:08:33.126+0000][59963.789s] GC(126) Using 4 workers of 4 for evacuation
[2022-03-25T07:08:33.214+0000][59963.878s] GC(126)   Pre Evacuate Collection Set: 0.0ms
[2022-03-25T07:08:33.215+0000][59963.879s] GC(126)   Evacuate Collection Set: 78.2ms
[2022-03-25T07:08:33.215+0000][59963.879s] GC(126)   Post Evacuate Collection Set: 0.5ms
[2022-03-25T07:08:33.216+0000][59963.879s] GC(126)   Other: 24.3ms
[2022-03-25T07:08:33.216+0000][59963.880s] GC(126) Eden regions: 50->0(55)
[2022-03-25T07:08:33.216+0000][59963.880s] GC(126) Survivor regions: 3->4(7)
[2022-03-25T07:08:33.217+0000][59963.881s] GC(126) Old regions: 174->174
[2022-03-25T07:08:33.217+0000][59963.881s] GC(126) Humongous regions: 7->7
[2022-03-25T07:08:33.219+0000][59963.882s] GC(126) Metaspace: 61326K->61326K(1105920K)
[2022-03-25T07:08:33.222+0000][59963.885s] GC(126) Pause Young (Normal) (G1 Evacuation Pause) 231M->182M(512M) 110.774ms
[2022-03-25T07:08:33.222+0000][59963.886s] GC(126) User=0.10s Sys=0.00s Real=0.11s
[2022-03-25T07:08:45.716+0000][59976.380s] GC(127) Pause Young (Normal) (G1 Evacuation Pause)
[2022-03-25T07:08:45.717+0000][59976.381s] GC(127) Using 4 workers of 4 for evacuation
[2022-03-25T07:08:45.757+0000][59976.421s] GC(127)   Pre Evacuate Collection Set: 0.1ms
[2022-03-25T07:08:45.759+0000][59976.423s] GC(127)   Evacuate Collection Set: 37.3ms
[2022-03-25T07:08:45.760+0000][59976.424s] GC(127)   Post Evacuate Collection Set: 0.5ms
[2022-03-25T07:08:45.761+0000][59976.425s] GC(127)   Other: 2.9ms
[2022-03-25T07:08:45.762+0000][59976.425s] GC(127) Eden regions: 55->0(64)
[2022-03-25T07:08:45.762+0000][59976.426s] GC(127) Survivor regions: 4->4(8)
[2022-03-25T07:08:45.762+0000][59976.426s] GC(127) Old regions: 174->174
[2022-03-25T07:08:45.763+0000][59976.426s] GC(127) Humongous regions: 7->7
[2022-03-25T07:08:45.763+0000][59976.427s] GC(127) Metaspace: 61326K->61326K(1105920K)
[2022-03-25T07:08:45.764+0000][59976.427s] GC(127) Pause Young (Normal) (G1 Evacuation Pause) 237M->182M(512M) 47.355ms
[2022-03-25T07:08:45.764+0000][59976.428s] GC(127) User=0.06s Sys=0.00s Real=0.04s
[2022-03-25T07:09:05.406+0000][59996.069s] GC(128) Pause Young (Normal) (G1 Evacuation Pause)
[2022-03-25T07:09:05.412+0000][59996.075s] GC(128) Using 4 workers of 4 for evacuation
[2022-03-25T07:09:05.518+0000][59996.182s] GC(128)   Pre Evacuate Collection Set: 0.0ms
[2022-03-25T07:09:05.528+0000][59996.192s] GC(128)   Evacuate Collection Set: 99.3ms
[2022-03-25T07:09:05.549+0000][59996.213s] GC(128)   Post Evacuate Collection Set: 0.6ms
[2022-03-25T07:09:05.551+0000][59996.214s] GC(128)   Other: 12.8ms
[2022-03-25T07:09:05.558+0000][59996.222s] GC(128) Eden regions: 64->0(70)
[2022-03-25T07:09:05.569+0000][59996.233s] GC(128) Survivor regions: 4->4(9)
[2022-03-25T07:09:05.575+0000][59996.239s] GC(128) Old regions: 174->174
[2022-03-25T07:09:05.590+0000][59996.254s] GC(128) Humongous regions: 7->7
[2022-03-25T07:09:05.606+0000][59996.270s] GC(128) Metaspace: 61332K->61332K(1105920K)
[2022-03-25T07:09:05.639+0000][59996.303s] GC(128) Pause Young (Normal) (G1 Evacuation Pause) 246M->182M(512M) 233.513ms
[2022-03-25T07:09:05.641+0000][59996.305s] GC(128) User=0.09s Sys=0.04s Real=0.24s
[2022-03-25T07:09:09.899+0000][60000.562s] GC(129) Pause Young (Normal) (G1 Evacuation Pause)
[2022-03-25T07:09:09.902+0000][60000.566s] GC(129) Using 4 workers of 4 for evacuation
[2022-03-25T07:09:10.029+0000][60000.693s] GC(129)   Pre Evacuate Collection Set: 0.0ms
[2022-03-25T07:09:10.034+0000][60000.697s] GC(129)   Evacuate Collection Set: 95.5ms
[2022-03-25T07:09:10.037+0000][60000.700s] GC(129)   Post Evacuate Collection Set: 30.6ms
[2022-03-25T07:09:10.040+0000][60000.704s] GC(129)   Other: 4.6ms
[2022-03-25T07:09:10.055+0000][60000.719s] GC(129) Eden regions: 70->0(81)
[2022-03-25T07:09:10.074+0000][60000.737s] GC(129) Survivor regions: 4->5(10)
[2022-03-25T07:09:10.077+0000][60000.740s] GC(129) Old regions: 174->174
[2022-03-25T07:09:10.077+0000][60000.741s] GC(129) Humongous regions: 7->7
[2022-03-25T07:09:10.079+0000][60000.742s] GC(129) Metaspace: 61356K->61356K(1105920K)
[2022-03-25T07:09:10.080+0000][60000.743s] GC(129) Pause Young (Normal) (G1 Evacuation Pause) 252M->183M(512M) 181.003ms
[2022-03-25T07:09:10.081+0000][60000.745s] GC(129) User=0.04s Sys=0.01s Real=0.18s
[2022-03-25T07:09:18.426+0000][60009.090s] GC(130) Pause Young (Normal) (G1 Evacuation Pause)
[2022-03-25T07:09:18.433+0000][60009.096s] GC(130) Using 4 workers of 4 for evacuation
[2022-03-25T07:09:18.580+0000][60009.243s] GC(130)   Pre Evacuate Collection Set: 2.5ms
[2022-03-25T07:09:18.593+0000][60009.256s] GC(130)   Evacuate Collection Set: 126.0ms
[2022-03-25T07:09:18.593+0000][60009.257s] GC(130)   Post Evacuate Collection Set: 1.1ms
[2022-03-25T07:09:18.596+0000][60009.260s] GC(130)   Other: 31.8ms
[2022-03-25T07:09:18.603+0000][60009.267s] GC(130) Eden regions: 81->0(86)
[2022-03-25T07:09:18.617+0000][60009.281s] GC(130) Survivor regions: 5->5(11)
[2022-03-25T07:09:18.618+0000][60009.282s] GC(130) Old regions: 174->174
[2022-03-25T07:09:18.619+0000][60009.282s] GC(130) Humongous regions: 7->7
[2022-03-25T07:09:18.619+0000][60009.283s] GC(130) Metaspace: 61358K->61358K(1105920K)
[2022-03-25T07:09:18.619+0000][60009.283s] GC(130) Pause Young (Normal) (G1 Evacuation Pause) 264M->183M(512M) 193.525ms
[2022-03-25T07:09:18.628+0000][60009.292s] GC(130) User=0.10s Sys=0.04s Real=0.20s
[2022-03-25T07:09:24.933+0000][60015.597s] GC(131) Pause Young (Normal) (G1 Evacuation Pause)
[2022-03-25T07:09:24.938+0000][60015.602s] GC(131) Using 4 workers of 4 for evacuation
[2022-03-25T07:09:25.136+0000][60015.800s] GC(131)   Pre Evacuate Collection Set: 0.1ms
[2022-03-25T07:09:25.149+0000][60015.813s] GC(131)   Evacuate Collection Set: 190.1ms
[2022-03-25T07:09:25.154+0000][60015.818s] GC(131)   Post Evacuate Collection Set: 6.0ms
[2022-03-25T07:09:25.169+0000][60015.832s] GC(131)   Other: 7.3ms
[2022-03-25T07:09:25.171+0000][60015.834s] GC(131) Eden regions: 86->0(78)
[2022-03-25T07:09:25.172+0000][60015.836s] GC(131) Survivor regions: 5->5(12)
[2022-03-25T07:09:25.173+0000][60015.837s] GC(131) Old regions: 174->174
[2022-03-25T07:09:25.182+0000][60015.845s] GC(131) Humongous regions: 7->7
[2022-03-25T07:09:25.182+0000][60015.846s] GC(131) Metaspace: 61370K->61370K(1105920K)
[2022-03-25T07:09:25.186+0000][60015.849s] GC(131) Pause Young (Normal) (G1 Evacuation Pause) 269M->183M(512M) 252.822ms
[2022-03-25T07:09:25.190+0000][60015.854s] GC(131) User=0.18s Sys=0.06s Real=0.26s
[2022-03-25T07:09:28.928+0000][60019.591s] GC(132) Pause Young (Normal) (G1 Evacuation Pause)
[2022-03-25T07:09:28.928+0000][60019.592s] GC(132) Using 4 workers of 4 for evacuation
[2022-03-25T07:09:29.010+0000][60019.674s] GC(132)   Pre Evacuate Collection Set: 0.1ms
[2022-03-25T07:09:29.010+0000][60019.674s] GC(132)   Evacuate Collection Set: 60.8ms
[2022-03-25T07:09:29.011+0000][60019.674s] GC(132)   Post Evacuate Collection Set: 0.7ms
[2022-03-25T07:09:29.011+0000][60019.675s] GC(132)   Other: 20.6ms
[2022-03-25T07:09:29.012+0000][60019.675s] GC(132) Eden regions: 78->0(87)
[2022-03-25T07:09:29.012+0000][60019.676s] GC(132) Survivor regions: 5->7(11)
[2022-03-25T07:09:29.012+0000][60019.676s] GC(132) Old regions: 174->174
[2022-03-25T07:09:29.012+0000][60019.676s] GC(132) Humongous regions: 7->7
[2022-03-25T07:09:29.013+0000][60019.676s] GC(132) Metaspace: 61378K->61378K(1105920K)
[2022-03-25T07:09:29.013+0000][60019.677s] GC(132) Pause Young (Normal) (G1 Evacuation Pause) 261M->185M(512M) 85.294ms
[2022-03-25T07:09:29.013+0000][60019.677s] GC(132) User=0.02s Sys=0.03s Real=0.08s
[2022-03-25T07:09:34.227+0000][60024.890s] GC(133) Pause Young (Normal) (G1 Evacuation Pause)
[2022-03-25T07:09:34.235+0000][60024.898s] GC(133) Using 4 workers of 4 for evacuation
[2022-03-25T07:09:34.399+0000][60025.063s] GC(133)   Pre Evacuate Collection Set: 0.0ms
[2022-03-25T07:09:34.412+0000][60025.075s] GC(133)   Evacuate Collection Set: 162.3ms
[2022-03-25T07:09:34.412+0000][60025.076s] GC(133)   Post Evacuate Collection Set: 0.8ms
[2022-03-25T07:09:34.413+0000][60025.077s] GC(133)   Other: 10.6ms
[2022-03-25T07:09:34.415+0000][60025.079s] GC(133) Eden regions: 87->0(93)
[2022-03-25T07:09:34.416+0000][60025.080s] GC(133) Survivor regions: 7->7(12)
[2022-03-25T07:09:34.418+0000][60025.081s] GC(133) Old regions: 174->174
[2022-03-25T07:09:34.419+0000][60025.083s] GC(133) Humongous regions: 7->7
[2022-03-25T07:09:34.419+0000][60025.083s] GC(133) Metaspace: 61381K->61381K(1105920K)
[2022-03-25T07:09:34.420+0000][60025.084s] GC(133) Pause Young (Normal) (G1 Evacuation Pause) 272M->185M(512M) 193.343ms
[2022-03-25T07:09:34.421+0000][60025.084s] GC(133) User=0.13s Sys=0.07s Real=0.19s
[2022-03-25T07:09:42.244+0000][60032.908s] GC(134) Pause Young (Normal) (G1 Evacuation Pause)
[2022-03-25T07:09:42.250+0000][60032.914s] GC(134) Using 4 workers of 4 for evacuation
[2022-03-25T07:09:42.528+0000][60033.192s] GC(134) MMU target violated: 251.0ms (250.0ms/251.0ms)
[2022-03-25T07:09:42.546+0000][60033.209s] GC(134)   Pre Evacuate Collection Set: 0.6ms
[2022-03-25T07:09:42.561+0000][60033.225s] GC(134)   Evacuate Collection Set: 264.0ms
[2022-03-25T07:09:42.587+0000][60033.251s] GC(134)   Post Evacuate Collection Set: 1.2ms
[2022-03-25T07:09:42.592+0000][60033.256s] GC(134)   Other: 35.9ms
[2022-03-25T07:09:42.603+0000][60033.266s] GC(134) Eden regions: 93->0(86)
[2022-03-25T07:09:42.608+0000][60033.272s] GC(134) Survivor regions: 7->7(13)
[2022-03-25T07:09:42.610+0000][60033.273s] GC(134) Old regions: 174->174
[2022-03-25T07:09:42.610+0000][60033.274s] GC(134) Humongous regions: 7->7
[2022-03-25T07:09:42.610+0000][60033.274s] GC(134) Metaspace: 61398K->61398K(1105920K)
[2022-03-25T07:09:42.610+0000][60033.274s] GC(134) Pause Young (Normal) (G1 Evacuation Pause) 278M->186M(512M) 366.530ms
[2022-03-25T07:09:42.611+0000][60033.274s] GC(134) User=0.14s Sys=0.14s Real=0.37s
[2022-03-25T07:09:48.165+0000][60038.829s] GC(135) Pause Young (Normal) (G1 Evacuation Pause)
[2022-03-25T07:09:48.171+0000][60038.834s] GC(135) Using 4 workers of 4 for evacuation
[2022-03-25T07:09:48.263+0000][60038.927s] GC(135)   Pre Evacuate Collection Set: 0.0ms
[2022-03-25T07:09:48.267+0000][60038.931s] GC(135)   Evacuate Collection Set: 86.8ms
[2022-03-25T07:09:48.268+0000][60038.931s] GC(135)   Post Evacuate Collection Set: 1.9ms
[2022-03-25T07:09:48.270+0000][60038.934s] GC(135)   Other: 9.1ms
[2022-03-25T07:09:48.272+0000][60038.935s] GC(135) Eden regions: 86->0(97)
[2022-03-25T07:09:48.274+0000][60038.938s] GC(135) Survivor regions: 7->7(12)
[2022-03-25T07:09:48.275+0000][60038.939s] GC(135) Old regions: 174->175
[2022-03-25T07:09:48.277+0000][60038.940s] GC(135) Humongous regions: 7->7
[2022-03-25T07:09:48.278+0000][60038.942s] GC(135) Metaspace: 61410K->61410K(1105920K)
[2022-03-25T07:09:48.297+0000][60038.960s] GC(135) Pause Young (Normal) (G1 Evacuation Pause) 272M->186M(512M) 131.537ms
[2022-03-25T07:09:48.304+0000][60038.968s] GC(135) User=0.04s Sys=0.03s Real=0.13s
[2022-03-25T07:09:53.954+0000][60044.618s] GC(136) Pause Young (Normal) (G1 Evacuation Pause)
[2022-03-25T07:09:53.955+0000][60044.619s] GC(136) Using 4 workers of 4 for evacuation
[2022-03-25T07:09:54.161+0000][60044.825s] GC(136)   Pre Evacuate Collection Set: 0.1ms
[2022-03-25T07:09:54.172+0000][60044.835s] GC(136)   Evacuate Collection Set: 203.2ms
[2022-03-25T07:09:54.179+0000][60044.843s] GC(136)   Post Evacuate Collection Set: 1.7ms
[2022-03-25T07:09:54.179+0000][60044.843s] GC(136)   Other: 13.6ms
[2022-03-25T07:09:54.180+0000][60044.843s] GC(136) Eden regions: 97->0(100)
[2022-03-25T07:09:54.180+0000][60044.844s] GC(136) Survivor regions: 7->9(13)
[2022-03-25T07:09:54.180+0000][60044.844s] GC(136) Old regions: 175->175
[2022-03-25T07:09:54.181+0000][60044.845s] GC(136) Humongous regions: 7->7
[2022-03-25T07:09:54.181+0000][60044.845s] GC(136) Metaspace: 61411K->61411K(1105920K)
[2022-03-25T07:09:54.182+0000][60044.845s] GC(136) Pause Young (Normal) (G1 Evacuation Pause) 283M->188M(512M) 227.593ms
[2022-03-25T07:09:54.182+0000][60044.846s] GC(136) User=0.16s Sys=0.03s Real=0.24s
[2022-03-25T07:14:05.389+0000][60296.053s] GC(137) Pause Young (Normal) (G1 Evacuation Pause)
[2022-03-25T07:14:05.406+0000][60296.069s] GC(137) Using 4 workers of 4 for evacuation
[2022-03-25T07:14:05.721+0000][60296.385s] GC(137) MMU target violated: 251.0ms (250.0ms/251.0ms)
[2022-03-25T07:14:05.900+0000][60296.564s] GC(137)   Pre Evacuate Collection Set: 0.2ms
[2022-03-25T07:14:05.957+0000][60296.621s] GC(137)   Evacuate Collection Set: 205.0ms
[2022-03-25T07:14:05.969+0000][60296.633s] GC(137)   Post Evacuate Collection Set: 66.2ms
[2022-03-25T07:14:05.977+0000][60296.640s] GC(137)   Other: 239.3ms
[2022-03-25T07:14:05.984+0000][60296.648s] GC(137) Eden regions: 100->0(102)
[2022-03-25T07:14:05.998+0000][60296.662s] GC(137) Survivor regions: 9->4(14)
[2022-03-25T07:14:06.009+0000][60296.672s] GC(137) Old regions: 175->175
[2022-03-25T07:14:06.065+0000][60296.728s] GC(137) Humongous regions: 7->7
[2022-03-25T07:14:06.103+0000][60296.767s] GC(137) Metaspace: 61414K->61414K(1105920K)
[2022-03-25T07:14:06.139+0000][60296.803s] GC(137) Pause Young (Normal) (G1 Evacuation Pause) 288M->183M(512M) 749.516ms
[2022-03-25T07:14:06.156+0000][60296.820s] GC(137) User=0.29s Sys=0.18s Real=0.76s
[2022-03-25T07:14:28.516+0000][60319.179s] GC(138) Pause Young (Normal) (G1 Evacuation Pause)
[2022-03-25T07:14:28.578+0000][60319.242s] GC(138) Using 4 workers of 4 for evacuation
[2022-03-25T07:14:28.844+0000][60319.508s] GC(138)   Pre Evacuate Collection Set: 0.1ms
[2022-03-25T07:14:28.855+0000][60319.519s] GC(138)   Evacuate Collection Set: 109.5ms
[2022-03-25T07:14:28.860+0000][60319.524s] GC(138)   Post Evacuate Collection Set: 85.1ms
[2022-03-25T07:14:28.870+0000][60319.534s] GC(138)   Other: 134.0ms
[2022-03-25T07:14:28.893+0000][60319.557s] GC(138) Eden regions: 102->0(113)
[2022-03-25T07:14:28.904+0000][60319.567s] GC(138) Survivor regions: 4->6(14)
[2022-03-25T07:14:28.920+0000][60319.584s] GC(138) Old regions: 175->175
[2022-03-25T07:14:28.932+0000][60319.596s] GC(138) Humongous regions: 7->7
[2022-03-25T07:14:28.936+0000][60319.599s] GC(138) Metaspace: 61415K->61415K(1105920K)
[2022-03-25T07:14:28.953+0000][60319.616s] GC(138) Pause Young (Normal) (G1 Evacuation Pause) 285M->185M(512M) 436.994ms
[2022-03-25T07:14:28.961+0000][60319.624s] GC(138) User=0.06s Sys=0.03s Real=0.44s
[2022-03-25T07:14:47.373+0000][60338.037s] GC(139) Pause Young (Normal) (G1 Evacuation Pause)
[2022-03-25T07:14:47.784+0000][60338.448s] GC(139) Using 4 workers of 4 for evacuation
[2022-03-25T07:14:49.223+0000][60339.886s] GC(139) MMU target violated: 251.0ms (250.0ms/251.0ms)
[2022-03-25T07:14:49.685+0000][60340.349s] GC(139)   Pre Evacuate Collection Set: 0.1ms
[2022-03-25T07:14:49.969+0000][60340.632s] GC(139)   Evacuate Collection Set: 1162.4ms
[2022-03-25T07:14:50.155+0000][60340.818s] GC(139)   Post Evacuate Collection Set: 0.8ms
[2022-03-25T07:14:50.177+0000][60340.841s] GC(139)   Other: 1148.5ms
[2022-03-25T07:14:50.180+0000][60340.844s] GC(139) Eden regions: 113->0(19)
[2022-03-25T07:14:50.183+0000][60340.847s] GC(139) Survivor regions: 6->6(15)
[2022-03-25T07:14:50.184+0000][60340.848s] GC(139) Old regions: 175->175
[2022-03-25T07:14:50.196+0000][60340.859s] GC(139) Humongous regions: 7->7
[2022-03-25T07:14:50.197+0000][60340.861s] GC(139) Metaspace: 61581K->61581K(1105920K)
[2022-03-25T07:14:50.200+0000][60340.864s] GC(139) Pause Young (Normal) (G1 Evacuation Pause) 298M->186M(512M) 2827.327ms
[2022-03-25T07:14:50.212+0000][60340.876s] GC(139) User=0.87s Sys=0.63s Real=2.84s
[2022-03-25T07:14:51.894+0000][60342.558s] GC(140) Pause Young (Normal) (G1 Evacuation Pause)
[2022-03-25T07:14:52.418+0000][60343.082s] GC(140) Using 4 workers of 4 for evacuation
[2022-03-25T07:14:54.315+0000][60344.978s] GC(140) MMU target violated: 251.0ms (250.0ms/251.0ms)
[2022-03-25T07:14:54.713+0000][60345.377s] GC(140)   Pre Evacuate Collection Set: 0.1ms
[2022-03-25T07:14:54.845+0000][60345.509s] GC(140)   Evacuate Collection Set: 1007.4ms
[2022-03-25T07:14:54.877+0000][60345.540s] GC(140)   Post Evacuate Collection Set: 691.5ms
[2022-03-25T07:14:54.887+0000][60345.551s] GC(140)   Other: 1120.1ms
[2022-03-25T07:14:55.279+0000][60345.943s] GC(140) Eden regions: 19->0(22)
[2022-03-25T07:14:55.612+0000][60346.275s] GC(140) Survivor regions: 6->3(4)
[2022-03-25T07:14:55.919+0000][60346.583s] GC(140) Old regions: 175->179
[2022-03-25T07:14:56.138+0000][60346.802s] GC(140) Humongous regions: 7->7
[2022-03-25T07:14:56.374+0000][60347.037s] GC(140) Metaspace: 61584K->61584K(1105920K)
[2022-03-25T07:14:56.676+0000][60347.339s] GC(140) Pause Young (Normal) (G1 Evacuation Pause) 205M->186M(512M) 4781.377ms
[2022-03-25T07:14:56.718+0000][60347.382s] GC(140) User=1.16s Sys=0.70s Real=4.81s
[2022-03-25T07:14:57.985+0000][60348.649s] GC(141) Pause Young (Normal) (G1 Evacuation Pause)
[2022-03-25T07:14:58.359+0000][60349.022s] GC(141) Using 4 workers of 4 for evacuation
[2022-03-25T07:14:59.928+0000][60350.592s] GC(141) MMU target violated: 251.0ms (250.0ms/251.0ms)
[2022-03-25T07:15:00.137+0000][60350.800s] GC(141)   Pre Evacuate Collection Set: 0.1ms
[2022-03-25T07:15:00.270+0000][60350.934s] GC(141)   Evacuate Collection Set: 1306.0ms
[2022-03-25T07:15:00.333+0000][60350.997s] GC(141)   Post Evacuate Collection Set: 0.4ms
[2022-03-25T07:15:00.386+0000][60351.050s] GC(141)   Other: 844.9ms
[2022-03-25T07:15:00.429+0000][60351.093s] GC(141) Eden regions: 22->0(22)
[2022-03-25T07:15:00.437+0000][60351.101s] GC(141) Survivor regions: 3->3(4)
[2022-03-25T07:15:00.441+0000][60351.105s] GC(141) Old regions: 179->179
[2022-03-25T07:15:00.446+0000][60351.109s] GC(141) Humongous regions: 7->7
[2022-03-25T07:15:00.447+0000][60351.111s] GC(141) Metaspace: 61584K->61584K(1105920K)
[2022-03-25T07:15:00.449+0000][60351.113s] GC(141) Pause Young (Normal) (G1 Evacuation Pause) 208M->186M(512M) 2464.002ms
[2022-03-25T07:15:00.451+0000][60351.114s] GC(141) User=0.33s Sys=0.11s Real=2.46s
[2022-03-25T07:15:03.017+0000][60353.680s] GC(142) Pause Young (Normal) (G1 Evacuation Pause)
[2022-03-25T07:15:03.081+0000][60353.745s] GC(142) Using 4 workers of 4 for evacuation
[2022-03-25T07:15:03.666+0000][60354.329s] GC(142) MMU target violated: 251.0ms (250.0ms/251.0ms)
[2022-03-25T07:15:03.690+0000][60354.354s] GC(142)   Pre Evacuate Collection Set: 0.0ms
[2022-03-25T07:15:03.708+0000][60354.372s] GC(142)   Evacuate Collection Set: 452.9ms
[2022-03-25T07:15:03.726+0000][60354.389s] GC(142)   Post Evacuate Collection Set: 3.0ms
[2022-03-25T07:15:03.727+0000][60354.390s] GC(142)   Other: 217.8ms
[2022-03-25T07:15:03.728+0000][60354.392s] GC(142) Eden regions: 22->0(23)
[2022-03-25T07:15:03.728+0000][60354.392s] GC(142) Survivor regions: 3->2(4)
[2022-03-25T07:15:03.729+0000][60354.393s] GC(142) Old regions: 179->180
[2022-03-25T07:15:03.730+0000][60354.394s] GC(142) Humongous regions: 7->7
[2022-03-25T07:15:03.730+0000][60354.394s] GC(142) Metaspace: 61584K->61584K(1105920K)
[2022-03-25T07:15:03.731+0000][60354.394s] GC(142) Pause Young (Normal) (G1 Evacuation Pause) 208M->186M(512M) 713.835ms
[2022-03-25T07:15:03.731+0000][60354.395s] GC(142) User=0.17s Sys=0.19s Real=0.71s
[2022-03-25T07:15:04.965+0000][60355.629s] GC(143) Pause Young (Normal) (G1 Evacuation Pause)
[2022-03-25T07:15:05.030+0000][60355.693s] GC(143) Using 4 workers of 4 for evacuation
[2022-03-25T07:15:05.183+0000][60355.846s] GC(143)   Pre Evacuate Collection Set: 0.0ms
[2022-03-25T07:15:05.187+0000][60355.851s] GC(143)   Evacuate Collection Set: 123.6ms
[2022-03-25T07:15:05.218+0000][60355.881s] GC(143)   Post Evacuate Collection Set: 0.4ms
[2022-03-25T07:15:05.229+0000][60355.892s] GC(143)   Other: 93.3ms
[2022-03-25T07:15:05.236+0000][60355.900s] GC(143) Eden regions: 23->0(23)
[2022-03-25T07:15:05.242+0000][60355.906s] GC(143) Survivor regions: 2->2(4)
[2022-03-25T07:15:05.257+0000][60355.921s] GC(143) Old regions: 180->180
[2022-03-25T07:15:05.267+0000][60355.930s] GC(143) Humongous regions: 7->7
[2022-03-25T07:15:05.282+0000][60355.945s] GC(143) Metaspace: 61584K->61584K(1105920K)
[2022-03-25T07:15:05.289+0000][60355.953s] GC(143) Pause Young (Normal) (G1 Evacuation Pause) 209M->186M(512M) 324.104ms
[2022-03-25T07:15:05.296+0000][60355.960s] GC(143) User=0.01s Sys=0.05s Real=0.34s
[2022-03-25T07:15:25.546+0000][60376.209s] GC(144) Pause Young (Normal) (G1 Evacuation Pause)
[2022-03-25T07:15:25.713+0000][60376.376s] GC(144) Using 4 workers of 4 for evacuation
[2022-03-25T07:15:25.975+0000][60376.639s] GC(144)   Pre Evacuate Collection Set: 0.0ms
[2022-03-25T07:15:26.024+0000][60376.688s] GC(144)   Evacuate Collection Set: 144.6ms
[2022-03-25T07:15:26.056+0000][60376.720s] GC(144)   Post Evacuate Collection Set: 0.6ms
[2022-03-25T07:15:26.074+0000][60376.738s] GC(144)   Other: 284.0ms
[2022-03-25T07:15:26.085+0000][60376.749s] GC(144) Eden regions: 23->0(23)
[2022-03-25T07:15:26.105+0000][60376.769s] GC(144) Survivor regions: 2->2(4)
[2022-03-25T07:15:26.141+0000][60376.805s] GC(144) Old regions: 180->180
[2022-03-25T07:15:26.177+0000][60376.841s] GC(144) Humongous regions: 7->7
[2022-03-25T07:15:26.187+0000][60376.850s] GC(144) Metaspace: 61584K->61584K(1105920K)
[2022-03-25T07:15:26.197+0000][60376.861s] GC(144) Pause Young (Normal) (G1 Evacuation Pause) 209M->186M(512M) 651.128ms
[2022-03-25T07:15:26.203+0000][60376.867s] GC(144) User=0.13s Sys=0.00s Real=0.66s
[2022-03-25T07:15:27.410+0000][60378.073s] GC(145) Pause Young (Normal) (G1 Evacuation Pause)
[2022-03-25T07:15:27.417+0000][60378.080s] GC(145) Using 4 workers of 4 for evacuation
[2022-03-25T07:15:27.498+0000][60378.161s] GC(145)   Pre Evacuate Collection Set: 0.0ms
[2022-03-25T07:15:27.517+0000][60378.181s] GC(145)   Evacuate Collection Set: 74.4ms
[2022-03-25T07:15:27.519+0000][60378.183s] GC(145)   Post Evacuate Collection Set: 0.6ms
[2022-03-25T07:15:27.520+0000][60378.183s] GC(145)   Other: 13.0ms
[2022-03-25T07:15:27.520+0000][60378.184s] GC(145) Eden regions: 23->0(23)
[2022-03-25T07:15:27.521+0000][60378.185s] GC(145) Survivor regions: 2->2(4)
[2022-03-25T07:15:27.522+0000][60378.185s] GC(145) Old regions: 180->180
[2022-03-25T07:15:27.523+0000][60378.186s] GC(145) Humongous regions: 7->7
[2022-03-25T07:15:27.524+0000][60378.187s] GC(145) Metaspace: 61584K->61584K(1105920K)
[2022-03-25T07:15:27.535+0000][60378.198s] GC(145) Pause Young (Normal) (G1 Evacuation Pause) 209M->186M(512M) 125.078ms
[2022-03-25T07:15:27.550+0000][60378.214s] GC(145) User=0.05s Sys=0.06s Real=0.14s
[2022-03-25T07:15:28.565+0000][60379.228s] GC(146) Pause Young (Normal) (G1 Evacuation Pause)
[2022-03-25T07:15:28.596+0000][60379.259s] GC(146) Using 4 workers of 4 for evacuation
[2022-03-25T07:15:28.852+0000][60379.515s] GC(146)   Pre Evacuate Collection Set: 0.0ms
[2022-03-25T07:15:28.923+0000][60379.587s] GC(146)   Evacuate Collection Set: 227.0ms
[2022-03-25T07:15:28.949+0000][60379.612s] GC(146)   Post Evacuate Collection Set: 0.4ms
[2022-03-25T07:15:28.993+0000][60379.657s] GC(146)   Other: 59.4ms
[2022-03-25T07:15:29.020+0000][60379.684s] GC(146) Eden regions: 23->0(23)
[2022-03-25T07:15:29.058+0000][60379.722s] GC(146) Survivor regions: 2->2(4)
[2022-03-25T07:15:29.074+0000][60379.737s] GC(146) Old regions: 180->180
[2022-03-25T07:15:29.101+0000][60379.764s] GC(146) Humongous regions: 7->7
[2022-03-25T07:15:29.114+0000][60379.778s] GC(146) Metaspace: 61584K->61584K(1105920K)
[2022-03-25T07:15:29.157+0000][60379.821s] GC(146) Pause Young (Normal) (G1 Evacuation Pause) 209M->186M(512M) 592.573ms
[2022-03-25T07:15:29.175+0000][60379.838s] GC(146) User=0.10s Sys=0.11s Real=0.60s
[2022-03-25T07:15:29.738+0000][60380.401s] GC(147) Pause Young (Normal) (G1 Evacuation Pause)
[2022-03-25T07:15:29.744+0000][60380.408s] GC(147) Using 4 workers of 4 for evacuation
[2022-03-25T07:15:29.866+0000][60380.530s] GC(147)   Pre Evacuate Collection Set: 0.3ms
[2022-03-25T07:15:29.869+0000][60380.532s] GC(147)   Evacuate Collection Set: 101.1ms
[2022-03-25T07:15:29.876+0000][60380.539s] GC(147)   Post Evacuate Collection Set: 0.5ms
[2022-03-25T07:15:29.892+0000][60380.555s] GC(147)   Other: 26.9ms
[2022-03-25T07:15:29.894+0000][60380.558s] GC(147) Eden regions: 23->0(23)
[2022-03-25T07:15:29.895+0000][60380.558s] GC(147) Survivor regions: 2->2(4)
[2022-03-25T07:15:29.896+0000][60380.559s] GC(147) Old regions: 180->180
[2022-03-25T07:15:29.898+0000][60380.561s] GC(147) Humongous regions: 7->7
[2022-03-25T07:15:29.908+0000][60380.572s] GC(147) Metaspace: 61584K->61584K(1105920K)
[2022-03-25T07:15:29.915+0000][60380.579s] GC(147) Pause Young (Normal) (G1 Evacuation Pause) 209M->186M(512M) 177.688ms
[2022-03-25T07:15:29.919+0000][60380.582s] GC(147) User=0.11s Sys=0.01s Real=0.17s
[2022-03-25T07:15:31.491+0000][60382.154s] GC(148) Pause Young (Normal) (G1 Evacuation Pause)
[2022-03-25T07:15:31.505+0000][60382.168s] GC(148) Using 4 workers of 4 for evacuation
[2022-03-25T07:15:31.660+0000][60382.323s] GC(148)   Pre Evacuate Collection Set: 0.0ms
[2022-03-25T07:15:31.663+0000][60382.327s] GC(148)   Evacuate Collection Set: 148.3ms
[2022-03-25T07:15:31.668+0000][60382.331s] GC(148)   Post Evacuate Collection Set: 1.0ms
[2022-03-25T07:15:31.670+0000][60382.334s] GC(148)   Other: 19.6ms
[2022-03-25T07:15:31.680+0000][60382.344s] GC(148) Eden regions: 23->0(23)
[2022-03-25T07:15:31.685+0000][60382.349s] GC(148) Survivor regions: 2->3(4)
[2022-03-25T07:15:31.687+0000][60382.350s] GC(148) Old regions: 180->180
[2022-03-25T07:15:31.693+0000][60382.357s] GC(148) Humongous regions: 7->7
[2022-03-25T07:15:31.696+0000][60382.359s] GC(148) Metaspace: 61586K->61586K(1105920K)
[2022-03-25T07:15:31.698+0000][60382.362s] GC(148) Pause Young (Normal) (G1 Evacuation Pause) 209M->187M(512M) 207.243ms
[2022-03-25T07:15:31.700+0000][60382.364s] GC(148) User=0.07s Sys=0.08s Real=0.21s
[2022-03-25T07:15:32.521+0000][60383.185s] GC(149) Pause Young (Normal) (G1 Evacuation Pause)
[2022-03-25T07:15:32.531+0000][60383.195s] GC(149) Using 4 workers of 4 for evacuation
[2022-03-25T07:15:32.626+0000][60383.289s] GC(149)   Pre Evacuate Collection Set: 0.0ms
[2022-03-25T07:15:32.626+0000][60383.290s] GC(149)   Evacuate Collection Set: 92.7ms
[2022-03-25T07:15:32.626+0000][60383.290s] GC(149)   Post Evacuate Collection Set: 0.7ms
[2022-03-25T07:15:32.627+0000][60383.290s] GC(149)   Other: 11.3ms
[2022-03-25T07:15:32.627+0000][60383.291s] GC(149) Eden regions: 23->0(25)
[2022-03-25T07:15:32.628+0000][60383.291s] GC(149) Survivor regions: 3->3(4)
[2022-03-25T07:15:32.628+0000][60383.292s] GC(149) Old regions: 180->180
[2022-03-25T07:15:32.629+0000][60383.293s] GC(149) Humongous regions: 7->7
[2022-03-25T07:15:32.629+0000][60383.293s] GC(149) Metaspace: 61586K->61586K(1105920K)
[2022-03-25T07:15:32.634+0000][60383.297s] GC(149) Pause Young (Normal) (G1 Evacuation Pause) 210M->187M(512M) 112.464ms
[2022-03-25T07:15:32.637+0000][60383.301s] GC(149) User=0.04s Sys=0.05s Real=0.12s
[2022-03-25T07:15:33.479+0000][60384.143s] GC(150) Pause Young (Normal) (G1 Evacuation Pause)
[2022-03-25T07:15:33.484+0000][60384.148s] GC(150) Using 4 workers of 4 for evacuation
[2022-03-25T07:15:33.554+0000][60384.218s] GC(150)   Pre Evacuate Collection Set: 0.0ms
[2022-03-25T07:15:33.555+0000][60384.219s] GC(150)   Evacuate Collection Set: 62.1ms
[2022-03-25T07:15:33.556+0000][60384.220s] GC(150)   Post Evacuate Collection Set: 0.5ms
[2022-03-25T07:15:33.557+0000][60384.220s] GC(150)   Other: 12.7ms
[2022-03-25T07:15:33.557+0000][60384.221s] GC(150) Eden regions: 25->0(28)
[2022-03-25T07:15:33.557+0000][60384.221s] GC(150) Survivor regions: 3->3(4)
[2022-03-25T07:15:33.558+0000][60384.222s] GC(150) Old regions: 180->180
[2022-03-25T07:15:33.560+0000][60384.223s] GC(150) Humongous regions: 7->7
[2022-03-25T07:15:33.560+0000][60384.224s] GC(150) Metaspace: 61586K->61586K(1105920K)
[2022-03-25T07:15:33.561+0000][60384.224s] GC(150) Pause Young (Normal) (G1 Evacuation Pause) 212M->187M(512M) 81.482ms
[2022-03-25T07:15:33.561+0000][60384.225s] GC(150) User=0.06s Sys=0.00s Real=0.07s
[2022-03-25T07:15:35.083+0000][60385.746s] GC(151) Pause Young (Normal) (G1 Evacuation Pause)
[2022-03-25T07:15:35.088+0000][60385.752s] GC(151) Using 4 workers of 4 for evacuation
[2022-03-25T07:15:35.161+0000][60385.824s] GC(151)   Pre Evacuate Collection Set: 0.0ms
[2022-03-25T07:15:35.165+0000][60385.829s] GC(151)   Evacuate Collection Set: 41.1ms
[2022-03-25T07:15:35.176+0000][60385.840s] GC(151)   Post Evacuate Collection Set: 24.0ms
[2022-03-25T07:15:35.183+0000][60385.846s] GC(151)   Other: 13.0ms
[2022-03-25T07:15:35.186+0000][60385.850s] GC(151) Eden regions: 28->0(32)
[2022-03-25T07:15:35.230+0000][60385.893s] GC(151) Survivor regions: 3->2(4)
[2022-03-25T07:15:35.232+0000][60385.895s] GC(151) Old regions: 180->180
[2022-03-25T07:15:35.233+0000][60385.897s] GC(151) Humongous regions: 7->7
[2022-03-25T07:15:35.242+0000][60385.906s] GC(151) Metaspace: 61586K->61586K(1105920K)
[2022-03-25T07:15:35.245+0000][60385.909s] GC(151) Pause Young (Normal) (G1 Evacuation Pause) 215M->187M(512M) 162.281ms
[2022-03-25T07:15:35.246+0000][60385.910s] GC(151) User=0.03s Sys=0.06s Real=0.16s
[2022-03-25T07:15:38.504+0000][60389.168s] GC(152) Pause Young (Normal) (G1 Evacuation Pause)
[2022-03-25T07:15:38.522+0000][60389.186s] GC(152) Using 4 workers of 4 for evacuation
[2022-03-25T07:15:38.629+0000][60389.293s] GC(152)   Pre Evacuate Collection Set: 0.0ms
[2022-03-25T07:15:38.647+0000][60389.310s] GC(152)   Evacuate Collection Set: 69.0ms
[2022-03-25T07:15:38.676+0000][60389.339s] GC(152)   Post Evacuate Collection Set: 2.7ms
[2022-03-25T07:15:38.678+0000][60389.342s] GC(152)   Other: 52.8ms
[2022-03-25T07:15:38.690+0000][60389.354s] GC(152) Eden regions: 32->0(39)
[2022-03-25T07:15:38.695+0000][60389.359s] GC(152) Survivor regions: 2->3(5)
[2022-03-25T07:15:38.720+0000][60389.384s] GC(152) Old regions: 180->180
[2022-03-25T07:15:38.754+0000][60389.417s] GC(152) Humongous regions: 7->7
[2022-03-25T07:15:38.768+0000][60389.432s] GC(152) Metaspace: 61586K->61586K(1105920K)
[2022-03-25T07:15:38.784+0000][60389.448s] GC(152) Pause Young (Normal) (G1 Evacuation Pause) 219M->187M(512M) 279.637ms
[2022-03-25T07:15:38.819+0000][60389.482s] GC(152) User=0.08s Sys=0.07s Real=0.31s
[2022-03-25T07:15:41.313+0000][60391.977s] GC(153) Pause Young (Normal) (G1 Evacuation Pause)
[2022-03-25T07:15:41.328+0000][60391.992s] GC(153) Using 4 workers of 4 for evacuation
[2022-03-25T07:15:41.516+0000][60392.180s] GC(153)   Pre Evacuate Collection Set: 0.2ms
[2022-03-25T07:15:41.609+0000][60392.272s] GC(153)   Evacuate Collection Set: 181.1ms
[2022-03-25T07:15:41.625+0000][60392.289s] GC(153)   Post Evacuate Collection Set: 0.8ms
[2022-03-25T07:15:41.641+0000][60392.305s] GC(153)   Other: 21.0ms
[2022-03-25T07:15:41.676+0000][60392.340s] GC(153) Eden regions: 39->0(45)
[2022-03-25T07:15:41.678+0000][60392.341s] GC(153) Survivor regions: 3->4(6)
[2022-03-25T07:15:41.721+0000][60392.385s] GC(153) Old regions: 180->180
[2022-03-25T07:15:41.737+0000][60392.401s] GC(153) Humongous regions: 7->7
[2022-03-25T07:15:41.743+0000][60392.407s] GC(153) Metaspace: 61586K->61586K(1105920K)
[2022-03-25T07:15:41.777+0000][60392.440s] GC(153) Pause Young (Normal) (G1 Evacuation Pause) 226M->188M(512M) 463.168ms
[2022-03-25T07:15:41.779+0000][60392.443s] GC(153) User=0.12s Sys=0.05s Real=0.47s
[2022-03-25T07:15:43.405+0000][60394.069s] GC(154) Pause Young (Normal) (G1 Evacuation Pause)
[2022-03-25T07:15:43.410+0000][60394.073s] GC(154) Using 4 workers of 4 for evacuation
[2022-03-25T07:15:43.577+0000][60394.241s] GC(154)   Pre Evacuate Collection Set: 0.0ms
[2022-03-25T07:15:43.598+0000][60394.262s] GC(154)   Evacuate Collection Set: 135.2ms
[2022-03-25T07:15:43.614+0000][60394.277s] GC(154)   Post Evacuate Collection Set: 29.9ms
[2022-03-25T07:15:43.630+0000][60394.293s] GC(154)   Other: 7.1ms
[2022-03-25T07:15:43.631+0000][60394.294s] GC(154) Eden regions: 45->0(49)
[2022-03-25T07:15:43.636+0000][60394.300s] GC(154) Survivor regions: 4->4(7)
[2022-03-25T07:15:43.638+0000][60394.301s] GC(154) Old regions: 180->180
[2022-03-25T07:15:43.640+0000][60394.304s] GC(154) Humongous regions: 7->7
[2022-03-25T07:15:43.644+0000][60394.308s] GC(154) Metaspace: 61586K->61586K(1105920K)
[2022-03-25T07:15:43.648+0000][60394.311s] GC(154) Pause Young (Normal) (G1 Evacuation Pause) 233M->189M(512M) 242.684ms
[2022-03-25T07:15:43.649+0000][60394.312s] GC(154) User=0.06s Sys=0.03s Real=0.24s
[2022-03-25T07:15:45.918+0000][60396.582s] GC(155) Pause Young (Normal) (G1 Evacuation Pause)
[2022-03-25T07:15:45.929+0000][60396.592s] GC(155) Using 4 workers of 4 for evacuation
[2022-03-25T07:15:46.122+0000][60396.786s] GC(155)   Pre Evacuate Collection Set: 0.0ms
[2022-03-25T07:15:46.124+0000][60396.788s] GC(155)   Evacuate Collection Set: 191.9ms
[2022-03-25T07:15:46.125+0000][60396.789s] GC(155)   Post Evacuate Collection Set: 0.5ms
[2022-03-25T07:15:46.127+0000][60396.791s] GC(155)   Other: 11.8ms
[2022-03-25T07:15:46.134+0000][60396.797s] GC(155) Eden regions: 49->0(50)
[2022-03-25T07:15:46.134+0000][60396.798s] GC(155) Survivor regions: 4->4(7)
[2022-03-25T07:15:46.135+0000][60396.798s] GC(155) Old regions: 180->180
[2022-03-25T07:15:46.135+0000][60396.799s] GC(155) Humongous regions: 7->7
[2022-03-25T07:15:46.145+0000][60396.809s] GC(155) Metaspace: 61595K->61595K(1105920K)
[2022-03-25T07:15:46.148+0000][60396.812s] GC(155) Pause Young (Normal) (G1 Evacuation Pause) 238M->189M(512M) 230.126ms
[2022-03-25T07:15:46.149+0000][60396.812s] GC(155) User=0.13s Sys=0.07s Real=0.23s
[2022-03-25T07:15:49.950+0000][60400.613s] GC(156) Pause Young (Normal) (G1 Evacuation Pause)
[2022-03-25T07:15:49.954+0000][60400.617s] GC(156) Using 4 workers of 4 for evacuation
[2022-03-25T07:15:51.720+0000][60402.384s] GC(156) MMU target violated: 251.0ms (250.0ms/251.0ms)
[2022-03-25T07:15:51.736+0000][60402.400s] GC(156)   Pre Evacuate Collection Set: 0.1ms
[2022-03-25T07:15:51.747+0000][60402.410s] GC(156)   Evacuate Collection Set: 1745.6ms
[2022-03-25T07:15:51.759+0000][60402.422s] GC(156)   Post Evacuate Collection Set: 14.3ms
[2022-03-25T07:15:51.770+0000][60402.434s] GC(156)   Other: 26.6ms
[2022-03-25T07:15:51.791+0000][60402.455s] GC(156) Eden regions: 50->0(21)
[2022-03-25T07:15:51.799+0000][60402.463s] GC(156) Survivor regions: 4->4(7)
[2022-03-25T07:15:51.824+0000][60402.487s] GC(156) Old regions: 180->181
[2022-03-25T07:15:51.839+0000][60402.503s] GC(156) Humongous regions: 7->7
[2022-03-25T07:15:51.855+0000][60402.519s] GC(156) Metaspace: 61597K->61597K(1105920K)
[2022-03-25T07:15:51.861+0000][60402.525s] GC(156) Pause Young (Normal) (G1 Evacuation Pause) 239M->189M(512M) 1911.840ms
[2022-03-25T07:15:51.865+0000][60402.528s] GC(156) User=0.12s Sys=0.11s Real=1.92s
[2022-03-25T07:15:52.395+0000][60403.059s] GC(157) Pause Young (Normal) (G1 Evacuation Pause)
[2022-03-25T07:15:52.408+0000][60403.071s] GC(157) Using 4 workers of 4 for evacuation
[2022-03-25T07:15:52.790+0000][60403.453s] GC(157) MMU target violated: 251.0ms (250.0ms/251.0ms)
[2022-03-25T07:15:52.803+0000][60403.466s] GC(157)   Pre Evacuate Collection Set: 0.0ms
[2022-03-25T07:15:52.808+0000][60403.472s] GC(157)   Evacuate Collection Set: 365.7ms
[2022-03-25T07:15:52.813+0000][60403.477s] GC(157)   Post Evacuate Collection Set: 0.6ms
[2022-03-25T07:15:52.817+0000][60403.481s] GC(157)   Other: 40.9ms
[2022-03-25T07:15:52.822+0000][60403.485s] GC(157) Eden regions: 21->0(22)
[2022-03-25T07:15:52.833+0000][60403.497s] GC(157) Survivor regions: 4->3(4)
[2022-03-25T07:15:52.839+0000][60403.502s] GC(157) Old regions: 181->182
[2022-03-25T07:15:52.839+0000][60403.503s] GC(157) Humongous regions: 7->7
[2022-03-25T07:15:52.849+0000][60403.513s] GC(157) Metaspace: 61597K->61597K(1105920K)
[2022-03-25T07:15:52.865+0000][60403.529s] GC(157) Pause Young (Normal) (G1 Evacuation Pause) 210M->189M(512M) 469.878ms
[2022-03-25T07:15:52.869+0000][60403.532s] GC(157) User=0.06s Sys=0.15s Real=0.48s
[2022-03-25T07:15:53.803+0000][60404.467s] GC(158) Pause Young (Normal) (G1 Evacuation Pause)
[2022-03-25T07:15:53.838+0000][60404.501s] GC(158) Using 4 workers of 4 for evacuation
[2022-03-25T07:15:54.148+0000][60404.811s] GC(158) MMU target violated: 251.0ms (250.0ms/251.0ms)
[2022-03-25T07:15:54.159+0000][60404.823s] GC(158)   Pre Evacuate Collection Set: 0.1ms
[2022-03-25T07:15:54.165+0000][60404.829s] GC(158)   Evacuate Collection Set: 301.2ms
[2022-03-25T07:15:54.184+0000][60404.848s] GC(158)   Post Evacuate Collection Set: 1.7ms
[2022-03-25T07:15:54.187+0000][60404.851s] GC(158)   Other: 53.0ms
[2022-03-25T07:15:54.200+0000][60404.864s] GC(158) Eden regions: 22->0(23)
[2022-03-25T07:15:54.204+0000][60404.868s] GC(158) Survivor regions: 3->2(4)
[2022-03-25T07:15:54.208+0000][60404.872s] GC(158) Old regions: 182->183
[2022-03-25T07:15:54.209+0000][60404.873s] GC(158) Humongous regions: 7->7
[2022-03-25T07:15:54.209+0000][60404.873s] GC(158) Metaspace: 61597K->61597K(1105920K)
[2022-03-25T07:15:54.210+0000][60404.874s] GC(158) Pause Young (Normal) (G1 Evacuation Pause) 211M->189M(512M) 406.871ms
[2022-03-25T07:15:54.211+0000][60404.874s] GC(158) User=0.14s Sys=0.03s Real=0.41s
[2022-03-25T07:15:54.804+0000][60405.468s] GC(159) Pause Young (Normal) (G1 Evacuation Pause)
[2022-03-25T07:15:54.824+0000][60405.488s] GC(159) Using 4 workers of 4 for evacuation
[2022-03-25T07:15:54.872+0000][60405.536s] GC(159)   Pre Evacuate Collection Set: 0.0ms
[2022-03-25T07:15:54.874+0000][60405.538s] GC(159)   Evacuate Collection Set: 47.2ms
[2022-03-25T07:15:54.875+0000][60405.538s] GC(159)   Post Evacuate Collection Set: 0.4ms
[2022-03-25T07:15:54.876+0000][60405.539s] GC(159)   Other: 20.2ms
[2022-03-25T07:15:54.876+0000][60405.540s] GC(159) Eden regions: 23->0(23)
[2022-03-25T07:15:54.877+0000][60405.540s] GC(159) Survivor regions: 2->2(4)
[2022-03-25T07:15:54.877+0000][60405.541s] GC(159) Old regions: 183->183
[2022-03-25T07:15:54.878+0000][60405.542s] GC(159) Humongous regions: 7->7
[2022-03-25T07:15:54.878+0000][60405.542s] GC(159) Metaspace: 61597K->61597K(1105920K)
[2022-03-25T07:15:54.878+0000][60405.542s] GC(159) Pause Young (Normal) (G1 Evacuation Pause) 212M->189M(512M) 73.922ms
[2022-03-25T07:15:54.879+0000][60405.542s] GC(159) User=0.01s Sys=0.05s Real=0.08s
[2022-03-25T07:15:56.229+0000][60406.893s] GC(160) Pause Young (Normal) (G1 Evacuation Pause)
[2022-03-25T07:15:56.232+0000][60406.896s] GC(160) Using 4 workers of 4 for evacuation
[2022-03-25T07:15:56.298+0000][60406.961s] GC(160)   Pre Evacuate Collection Set: 0.0ms
[2022-03-25T07:15:56.299+0000][60406.962s] GC(160)   Evacuate Collection Set: 53.3ms
[2022-03-25T07:15:56.299+0000][60406.963s] GC(160)   Post Evacuate Collection Set: 1.1ms
[2022-03-25T07:15:56.300+0000][60406.964s] GC(160)   Other: 14.4ms
[2022-03-25T07:15:56.313+0000][60406.977s] GC(160) Eden regions: 23->0(23)
[2022-03-25T07:15:56.324+0000][60406.987s] GC(160) Survivor regions: 2->2(4)
[2022-03-25T07:15:56.336+0000][60407.000s] GC(160) Old regions: 183->183
[2022-03-25T07:15:56.346+0000][60407.010s] GC(160) Humongous regions: 7->7
[2022-03-25T07:15:56.351+0000][60407.015s] GC(160) Metaspace: 61602K->61602K(1105920K)
[2022-03-25T07:15:56.352+0000][60407.016s] GC(160) Pause Young (Normal) (G1 Evacuation Pause) 212M->189M(512M) 122.916ms
[2022-03-25T07:15:56.352+0000][60407.016s] GC(160) User=0.04s Sys=0.00s Real=0.12s
[2022-03-25T07:15:57.900+0000][60408.564s] GC(161) Pause Young (Normal) (G1 Evacuation Pause)
[2022-03-25T07:15:57.904+0000][60408.568s] GC(161) Using 4 workers of 4 for evacuation
[2022-03-25T07:15:58.098+0000][60408.762s] GC(161)   Pre Evacuate Collection Set: 0.0ms
[2022-03-25T07:15:58.101+0000][60408.765s] GC(161)   Evacuate Collection Set: 189.4ms
[2022-03-25T07:15:58.108+0000][60408.772s] GC(161)   Post Evacuate Collection Set: 1.3ms
[2022-03-25T07:15:58.113+0000][60408.776s] GC(161)   Other: 7.1ms
[2022-03-25T07:15:58.120+0000][60408.783s] GC(161) Eden regions: 23->0(24)
[2022-03-25T07:15:58.152+0000][60408.816s] GC(161) Survivor regions: 2->2(4)
[2022-03-25T07:15:58.167+0000][60408.830s] GC(161) Old regions: 183->183
[2022-03-25T07:15:58.170+0000][60408.834s] GC(161) Humongous regions: 7->7
[2022-03-25T07:15:58.173+0000][60408.836s] GC(161) Metaspace: 61602K->61602K(1105920K)
[2022-03-25T07:15:58.190+0000][60408.853s] GC(161) Pause Young (Normal) (G1 Evacuation Pause) 212M->189M(512M) 289.606ms
[2022-03-25T07:15:58.193+0000][60408.856s] GC(161) User=0.06s Sys=0.05s Real=0.29s
[2022-03-25T07:15:59.127+0000][60409.790s] GC(162) Pause Young (Normal) (G1 Evacuation Pause)
[2022-03-25T07:15:59.144+0000][60409.807s] GC(162) Using 4 workers of 4 for evacuation
[2022-03-25T07:15:59.265+0000][60409.928s] GC(162)   Pre Evacuate Collection Set: 0.0ms
[2022-03-25T07:15:59.278+0000][60409.942s] GC(162)   Evacuate Collection Set: 62.5ms
[2022-03-25T07:15:59.284+0000][60409.948s] GC(162)   Post Evacuate Collection Set: 2.5ms
[2022-03-25T07:15:59.294+0000][60409.958s] GC(162)   Other: 73.0ms
[2022-03-25T07:15:59.303+0000][60409.966s] GC(162) Eden regions: 24->0(27)
[2022-03-25T07:15:59.307+0000][60409.970s] GC(162) Survivor regions: 2->3(4)
[2022-03-25T07:15:59.312+0000][60409.976s] GC(162) Old regions: 183->183
[2022-03-25T07:15:59.321+0000][60409.985s] GC(162) Humongous regions: 7->7
[2022-03-25T07:15:59.326+0000][60409.989s] GC(162) Metaspace: 61602K->61602K(1105920K)
[2022-03-25T07:15:59.326+0000][60409.990s] GC(162) Pause Young (Normal) (G1 Evacuation Pause) 213M->190M(512M) 199.553ms
[2022-03-25T07:15:59.328+0000][60409.992s] GC(162) User=0.10s Sys=0.05s Real=0.20s
[2022-03-25T07:16:00.094+0000][60410.757s] GC(163) Pause Young (Normal) (G1 Evacuation Pause)
[2022-03-25T07:16:00.102+0000][60410.766s] GC(163) Using 4 workers of 4 for evacuation
[2022-03-25T07:16:00.186+0000][60410.849s] GC(163)   Pre Evacuate Collection Set: 0.0ms
[2022-03-25T07:16:00.189+0000][60410.853s] GC(163)   Evacuate Collection Set: 73.4ms
[2022-03-25T07:16:00.191+0000][60410.854s] GC(163)   Post Evacuate Collection Set: 0.9ms
[2022-03-25T07:16:00.193+0000][60410.856s] GC(163)   Other: 17.7ms
[2022-03-25T07:16:00.193+0000][60410.857s] GC(163) Eden regions: 27->0(30)
[2022-03-25T07:16:00.194+0000][60410.857s] GC(163) Survivor regions: 3->3(4)
[2022-03-25T07:16:00.198+0000][60410.862s] GC(163) Old regions: 183->183
[2022-03-25T07:16:00.199+0000][60410.863s] GC(163) Humongous regions: 7->7
[2022-03-25T07:16:00.200+0000][60410.863s] GC(163) Metaspace: 61602K->61602K(1105920K)
[2022-03-25T07:16:00.206+0000][60410.869s] GC(163) Pause Young (Normal) (G1 Evacuation Pause) 217M->190M(512M) 112.161ms
[2022-03-25T07:16:00.208+0000][60410.872s] GC(163) User=0.03s Sys=0.01s Real=0.12s
[2022-03-25T07:16:01.242+0000][60411.906s] GC(164) Pause Young (Normal) (G1 Evacuation Pause)
[2022-03-25T07:16:01.243+0000][60411.907s] GC(164) Using 4 workers of 4 for evacuation
[2022-03-25T07:16:01.354+0000][60412.018s] GC(164)   Pre Evacuate Collection Set: 0.0ms
[2022-03-25T07:16:01.356+0000][60412.020s] GC(164)   Evacuate Collection Set: 96.4ms
[2022-03-25T07:16:01.360+0000][60412.024s] GC(164)   Post Evacuate Collection Set: 0.5ms
[2022-03-25T07:16:01.364+0000][60412.028s] GC(164)   Other: 15.3ms
[2022-03-25T07:16:01.369+0000][60412.033s] GC(164) Eden regions: 30->0(35)
[2022-03-25T07:16:01.370+0000][60412.034s] GC(164) Survivor regions: 3->4(5)
[2022-03-25T07:16:01.370+0000][60412.034s] GC(164) Old regions: 183->183
[2022-03-25T07:16:01.370+0000][60412.034s] GC(164) Humongous regions: 7->7
[2022-03-25T07:16:01.371+0000][60412.034s] GC(164) Metaspace: 61602K->61602K(1105920K)
[2022-03-25T07:16:01.371+0000][60412.035s] GC(164) Pause Young (Normal) (G1 Evacuation Pause) 220M->191M(512M) 129.118ms
[2022-03-25T07:16:01.376+0000][60412.040s] GC(164) User=0.03s Sys=0.01s Real=0.14s
[2022-03-25T07:16:02.590+0000][60413.253s] GC(165) Pause Young (Normal) (G1 Evacuation Pause)
[2022-03-25T07:16:02.626+0000][60413.290s] GC(165) Using 4 workers of 4 for evacuation
[2022-03-25T07:16:04.187+0000][60414.851s] GC(165) MMU target violated: 251.0ms (250.0ms/251.0ms)
[2022-03-25T07:16:04.194+0000][60414.858s] GC(165)   Pre Evacuate Collection Set: 0.1ms
[2022-03-25T07:16:04.196+0000][60414.860s] GC(165)   Evacuate Collection Set: 1538.1ms
[2022-03-25T07:16:04.198+0000][60414.862s] GC(165)   Post Evacuate Collection Set: 0.7ms
[2022-03-25T07:16:04.202+0000][60414.866s] GC(165)   Other: 65.8ms
[2022-03-25T07:16:04.204+0000][60414.868s] GC(165) Eden regions: 35->0(22)
[2022-03-25T07:16:04.205+0000][60414.869s] GC(165) Survivor regions: 4->3(5)
[2022-03-25T07:16:04.206+0000][60414.870s] GC(165) Old regions: 183->184
[2022-03-25T07:16:04.208+0000][60414.872s] GC(165) Humongous regions: 7->7
[2022-03-25T07:16:04.209+0000][60414.873s] GC(165) Metaspace: 61602K->61602K(1105920K)
[2022-03-25T07:16:04.210+0000][60414.873s] GC(165) Pause Young (Normal) (G1 Evacuation Pause) 226M->190M(512M) 1619.994ms
[2022-03-25T07:16:04.210+0000][60414.874s] GC(165) User=0.13s Sys=0.05s Real=1.62s
[2022-03-25T07:16:05.005+0000][60415.669s] GC(166) Pause Young (Normal) (G1 Evacuation Pause)
[2022-03-25T07:16:05.017+0000][60415.681s] GC(166) Using 4 workers of 4 for evacuation
[2022-03-25T07:16:05.108+0000][60415.772s] GC(166)   Pre Evacuate Collection Set: 0.0ms
[2022-03-25T07:16:05.109+0000][60415.773s] GC(166)   Evacuate Collection Set: 65.0ms
[2022-03-25T07:16:05.109+0000][60415.773s] GC(166)   Post Evacuate Collection Set: 10.6ms
[2022-03-25T07:16:05.110+0000][60415.773s] GC(166)   Other: 27.4ms
[2022-03-25T07:16:05.110+0000][60415.774s] GC(166) Eden regions: 22->0(21)
[2022-03-25T07:16:05.110+0000][60415.774s] GC(166) Survivor regions: 3->4(4)
[2022-03-25T07:16:05.112+0000][60415.776s] GC(166) Old regions: 184->184
[2022-03-25T07:16:05.112+0000][60415.776s] GC(166) Humongous regions: 7->7
[2022-03-25T07:16:05.113+0000][60415.776s] GC(166) Metaspace: 61603K->61603K(1105920K)
[2022-03-25T07:16:05.113+0000][60415.777s] GC(166) Pause Young (Normal) (G1 Evacuation Pause) 212M->192M(512M) 107.550ms
[2022-03-25T07:16:05.113+0000][60415.777s] GC(166) User=0.06s Sys=0.00s Real=0.10s
[2022-03-25T07:16:05.614+0000][60416.278s] GC(167) Pause Young (Normal) (G1 Evacuation Pause)
[2022-03-25T07:16:05.614+0000][60416.278s] GC(167) Using 4 workers of 4 for evacuation
[2022-03-25T07:16:05.958+0000][60416.621s] GC(167) MMU target violated: 251.0ms (250.0ms/251.0ms)
[2022-03-25T07:16:05.962+0000][60416.625s] GC(167)   Pre Evacuate Collection Set: 0.1ms
[2022-03-25T07:16:05.962+0000][60416.626s] GC(167)   Evacuate Collection Set: 342.5ms
[2022-03-25T07:16:05.963+0000][60416.626s] GC(167)   Post Evacuate Collection Set: 0.5ms
[2022-03-25T07:16:05.963+0000][60416.627s] GC(167)   Other: 5.9ms
[2022-03-25T07:16:05.963+0000][60416.627s] GC(167) Eden regions: 21->0(23)
[2022-03-25T07:16:05.963+0000][60416.627s] GC(167) Survivor regions: 4->2(4)
[2022-03-25T07:16:05.964+0000][60416.627s] GC(167) Old regions: 184->186
[2022-03-25T07:16:05.964+0000][60416.628s] GC(167) Humongous regions: 7->7
[2022-03-25T07:16:05.965+0000][60416.628s] GC(167) Metaspace: 61603K->61603K(1105920K)
[2022-03-25T07:16:05.965+0000][60416.629s] GC(167) Pause Young (Normal) (G1 Evacuation Pause) 213M->192M(512M) 350.925ms
[2022-03-25T07:16:05.965+0000][60416.629s] GC(167) User=0.15s Sys=0.05s Real=0.36s
[2022-03-25T07:16:06.582+0000][60417.245s] GC(168) Pause Young (Normal) (G1 Evacuation Pause)
[2022-03-25T07:16:06.658+0000][60417.321s] GC(168) Using 4 workers of 4 for evacuation
[2022-03-25T07:16:06.788+0000][60417.452s] GC(168)   Pre Evacuate Collection Set: 0.0ms
[2022-03-25T07:16:06.846+0000][60417.510s] GC(168)   Evacuate Collection Set: 80.5ms
[2022-03-25T07:16:06.864+0000][60417.528s] GC(168)   Post Evacuate Collection Set: 0.5ms
[2022-03-25T07:16:06.880+0000][60417.543s] GC(168)   Other: 125.2ms
[2022-03-25T07:16:06.880+0000][60417.544s] GC(168) Eden regions: 23->0(22)
[2022-03-25T07:16:06.881+0000][60417.545s] GC(168) Survivor regions: 2->3(4)
[2022-03-25T07:16:06.915+0000][60417.579s] GC(168) Old regions: 186->186
[2022-03-25T07:16:06.958+0000][60417.622s] GC(168) Humongous regions: 7->7
[2022-03-25T07:16:06.969+0000][60417.632s] GC(168) Metaspace: 61603K->61603K(1105920K)
[2022-03-25T07:16:06.978+0000][60417.642s] GC(168) Pause Young (Normal) (G1 Evacuation Pause) 215M->193M(512M) 396.198ms
[2022-03-25T07:16:06.982+0000][60417.645s] GC(168) User=0.04s Sys=0.05s Real=0.40s
[2022-03-25T07:16:07.581+0000][60418.245s] GC(169) Pause Young (Normal) (G1 Evacuation Pause)
[2022-03-25T07:16:07.594+0000][60418.258s] GC(169) Using 4 workers of 4 for evacuation
[2022-03-25T07:16:07.634+0000][60418.297s] GC(169)   Pre Evacuate Collection Set: 0.0ms
[2022-03-25T07:16:07.637+0000][60418.300s] GC(169)   Evacuate Collection Set: 38.5ms
[2022-03-25T07:16:07.639+0000][60418.303s] GC(169)   Post Evacuate Collection Set: 0.4ms
[2022-03-25T07:16:07.641+0000][60418.304s] GC(169)   Other: 13.9ms
[2022-03-25T07:16:07.643+0000][60418.306s] GC(169) Eden regions: 22->0(22)
[2022-03-25T07:16:07.645+0000][60418.309s] GC(169) Survivor regions: 3->3(4)
[2022-03-25T07:16:07.646+0000][60418.309s] GC(169) Old regions: 186->186
[2022-03-25T07:16:07.646+0000][60418.310s] GC(169) Humongous regions: 7->7
[2022-03-25T07:16:07.646+0000][60418.310s] GC(169) Metaspace: 61605K->61605K(1105920K)
[2022-03-25T07:16:07.647+0000][60418.310s] GC(169) Pause Young (Normal) (G1 Evacuation Pause) 215M->193M(512M) 65.531ms
[2022-03-25T07:16:07.647+0000][60418.311s] GC(169) User=0.07s Sys=0.01s Real=0.07s
[2022-03-25T07:16:08.034+0000][60418.698s] GC(170) Pause Young (Normal) (G1 Evacuation Pause)
[2022-03-25T07:16:08.036+0000][60418.699s] GC(170) Using 4 workers of 4 for evacuation
[2022-03-25T07:16:08.120+0000][60418.784s] GC(170)   Pre Evacuate Collection Set: 0.0ms
[2022-03-25T07:16:08.121+0000][60418.785s] GC(170)   Evacuate Collection Set: 83.0ms
[2022-03-25T07:16:08.122+0000][60418.785s] GC(170)   Post Evacuate Collection Set: 0.4ms
[2022-03-25T07:16:08.123+0000][60418.787s] GC(170)   Other: 2.6ms
[2022-03-25T07:16:08.124+0000][60418.788s] GC(170) Eden regions: 22->0(22)
[2022-03-25T07:16:08.125+0000][60418.788s] GC(170) Survivor regions: 3->3(4)
[2022-03-25T07:16:08.126+0000][60418.789s] GC(170) Old regions: 186->187
[2022-03-25T07:16:08.127+0000][60418.790s] GC(170) Humongous regions: 7->7
[2022-03-25T07:16:08.127+0000][60418.791s] GC(170) Metaspace: 61610K->61610K(1105920K)
[2022-03-25T07:16:08.128+0000][60418.792s] GC(170) Pause Young (Normal) (G1 Evacuation Pause) 215M->194M(512M) 94.124ms
[2022-03-25T07:16:08.129+0000][60418.793s] GC(170) User=0.08s Sys=0.02s Real=0.09s
[2022-03-25T07:16:08.633+0000][60419.297s] GC(171) Pause Young (Normal) (G1 Evacuation Pause)
[2022-03-25T07:16:08.634+0000][60419.297s] GC(171) Using 4 workers of 4 for evacuation
[2022-03-25T07:16:08.703+0000][60419.367s] GC(171)   Pre Evacuate Collection Set: 0.0ms
[2022-03-25T07:16:08.704+0000][60419.368s] GC(171)   Evacuate Collection Set: 64.6ms
[2022-03-25T07:16:08.704+0000][60419.368s] GC(171)   Post Evacuate Collection Set: 4.2ms
[2022-03-25T07:16:08.705+0000][60419.368s] GC(171)   Other: 1.8ms
[2022-03-25T07:16:08.705+0000][60419.368s] GC(171) Eden regions: 22->0(23)
[2022-03-25T07:16:08.705+0000][60419.369s] GC(171) Survivor regions: 3->2(4)
[2022-03-25T07:16:08.705+0000][60419.369s] GC(171) Old regions: 187->187
[2022-03-25T07:16:08.706+0000][60419.369s] GC(171) Humongous regions: 7->7
[2022-03-25T07:16:08.706+0000][60419.370s] GC(171) Metaspace: 61611K->61611K(1105920K)
[2022-03-25T07:16:08.707+0000][60419.371s] GC(171) Pause Young (Normal) (G1 Evacuation Pause) 216M->194M(512M) 74.597ms
[2022-03-25T07:16:08.714+0000][60419.378s] GC(171) User=0.09s Sys=0.01s Real=0.09s
[2022-03-25T07:16:09.090+0000][60419.754s] GC(172) Pause Young (Normal) (G1 Evacuation Pause)
[2022-03-25T07:16:09.091+0000][60419.755s] GC(172) Using 4 workers of 4 for evacuation
[2022-03-25T07:16:09.141+0000][60419.805s] GC(172)   Pre Evacuate Collection Set: 0.1ms
[2022-03-25T07:16:09.142+0000][60419.805s] GC(172)   Evacuate Collection Set: 43.1ms
[2022-03-25T07:16:09.142+0000][60419.806s] GC(172)   Post Evacuate Collection Set: 4.8ms
[2022-03-25T07:16:09.142+0000][60419.806s] GC(172)   Other: 3.1ms
[2022-03-25T07:16:09.143+0000][60419.806s] GC(172) Eden regions: 23->0(26)
[2022-03-25T07:16:09.154+0000][60419.818s] GC(172) Survivor regions: 2->2(4)
[2022-03-25T07:16:09.164+0000][60419.828s] GC(172) Old regions: 187->187
[2022-03-25T07:16:09.174+0000][60419.837s] GC(172) Humongous regions: 7->7
[2022-03-25T07:16:09.184+0000][60419.847s] GC(172) Metaspace: 61612K->61612K(1105920K)
[2022-03-25T07:16:09.202+0000][60419.866s] GC(172) Pause Young (Normal) (G1 Evacuation Pause) 217M->194M(512M) 112.445ms
[2022-03-25T07:16:09.213+0000][60419.877s] GC(172) User=0.04s Sys=0.02s Real=0.12s
[2022-03-25T07:16:11.125+0000][60421.789s] GC(173) Pause Young (Normal) (G1 Evacuation Pause)
[2022-03-25T07:16:11.127+0000][60421.791s] GC(173) Using 4 workers of 4 for evacuation
[2022-03-25T07:16:11.212+0000][60421.876s] GC(173)   Pre Evacuate Collection Set: 0.0ms
[2022-03-25T07:16:11.213+0000][60421.877s] GC(173)   Evacuate Collection Set: 75.1ms
[2022-03-25T07:16:11.213+0000][60421.877s] GC(173)   Post Evacuate Collection Set: 7.9ms
[2022-03-25T07:16:11.214+0000][60421.878s] GC(173)   Other: 4.0ms
[2022-03-25T07:16:11.216+0000][60421.880s] GC(173) Eden regions: 26->0(31)
[2022-03-25T07:16:11.221+0000][60421.884s] GC(173) Survivor regions: 2->3(4)
[2022-03-25T07:16:11.222+0000][60421.886s] GC(173) Old regions: 187->187
[2022-03-25T07:16:11.225+0000][60421.889s] GC(173) Humongous regions: 7->7
[2022-03-25T07:16:11.228+0000][60421.891s] GC(173) Metaspace: 61625K->61625K(1105920K)
[2022-03-25T07:16:11.230+0000][60421.893s] GC(173) Pause Young (Normal) (G1 Evacuation Pause) 220M->194M(512M) 104.228ms
[2022-03-25T07:16:11.233+0000][60421.896s] GC(173) User=0.05s Sys=0.01s Real=0.10s
[2022-03-25T07:16:12.343+0000][60423.007s] GC(174) Pause Young (Normal) (G1 Evacuation Pause)
[2022-03-25T07:16:12.363+0000][60423.027s] GC(174) Using 4 workers of 4 for evacuation
[2022-03-25T07:16:12.380+0000][60423.044s] GC(174)   Pre Evacuate Collection Set: 0.0ms
[2022-03-25T07:16:12.383+0000][60423.046s] GC(174)   Evacuate Collection Set: 8.4ms
[2022-03-25T07:16:12.386+0000][60423.049s] GC(174)   Post Evacuate Collection Set: 8.0ms
[2022-03-25T07:16:12.396+0000][60423.060s] GC(174)   Other: 20.6ms
[2022-03-25T07:16:12.418+0000][60423.082s] GC(174) Eden regions: 31->0(36)
[2022-03-25T07:16:12.435+0000][60423.098s] GC(174) Survivor regions: 3->2(5)
[2022-03-25T07:16:12.450+0000][60423.114s] GC(174) Old regions: 187->187
[2022-03-25T07:16:12.466+0000][60423.130s] GC(174) Humongous regions: 7->7
[2022-03-25T07:16:12.502+0000][60423.165s] GC(174) Metaspace: 61625K->61625K(1105920K)
[2022-03-25T07:16:12.514+0000][60423.178s] GC(174) Pause Young (Normal) (G1 Evacuation Pause) 225M->194M(512M) 171.171ms
[2022-03-25T07:16:12.529+0000][60423.193s] GC(174) User=0.02s Sys=0.00s Real=0.19s
[2022-03-25T07:16:14.605+0000][60425.269s] GC(175) Pause Young (Normal) (G1 Evacuation Pause)
[2022-03-25T07:16:14.610+0000][60425.274s] GC(175) Using 4 workers of 4 for evacuation
[2022-03-25T07:16:14.738+0000][60425.402s] GC(175)   Pre Evacuate Collection Set: 0.1ms
[2022-03-25T07:16:14.739+0000][60425.402s] GC(175)   Evacuate Collection Set: 109.0ms
[2022-03-25T07:16:14.739+0000][60425.402s] GC(175)   Post Evacuate Collection Set: 15.9ms
[2022-03-25T07:16:14.742+0000][60425.405s] GC(175)   Other: 8.1ms
[2022-03-25T07:16:14.742+0000][60425.406s] GC(175) Eden regions: 36->0(41)
[2022-03-25T07:16:14.742+0000][60425.406s] GC(175) Survivor regions: 2->3(5)
[2022-03-25T07:16:14.742+0000][60425.406s] GC(175) Old regions: 187->187
[2022-03-25T07:16:14.743+0000][60425.406s] GC(175) Humongous regions: 7->7
[2022-03-25T07:16:14.743+0000][60425.406s] GC(175) Metaspace: 61625K->61625K(1105920K)
[2022-03-25T07:16:14.743+0000][60425.407s] GC(175) Pause Young (Normal) (G1 Evacuation Pause) 230M->194M(512M) 137.836ms
[2022-03-25T07:16:14.743+0000][60425.407s] GC(175) User=0.06s Sys=0.04s Real=0.13s
[2022-03-25T07:16:17.305+0000][60427.968s] GC(176) Pause Young (Normal) (G1 Evacuation Pause)
[2022-03-25T07:16:17.317+0000][60427.981s] GC(176) Using 4 workers of 4 for evacuation
[2022-03-25T07:16:17.364+0000][60428.028s] GC(176)   Pre Evacuate Collection Set: 0.0ms
[2022-03-25T07:16:17.376+0000][60428.039s] GC(176)   Evacuate Collection Set: 21.1ms
[2022-03-25T07:16:17.388+0000][60428.052s] GC(176)   Post Evacuate Collection Set: 4.4ms
[2022-03-25T07:16:17.396+0000][60428.059s] GC(176)   Other: 33.8ms
[2022-03-25T07:16:17.402+0000][60428.066s] GC(176) Eden regions: 41->0(50)
[2022-03-25T07:16:17.403+0000][60428.067s] GC(176) Survivor regions: 3->3(6)
[2022-03-25T07:16:17.405+0000][60428.069s] GC(176) Old regions: 187->187
[2022-03-25T07:16:17.414+0000][60428.078s] GC(176) Humongous regions: 7->7
[2022-03-25T07:16:17.418+0000][60428.082s] GC(176) Metaspace: 61625K->61625K(1105920K)
[2022-03-25T07:16:17.422+0000][60428.086s] GC(176) Pause Young (Normal) (G1 Evacuation Pause) 235M->194M(512M) 117.342ms
[2022-03-25T07:16:17.427+0000][60428.091s] GC(176) User=0.01s Sys=0.01s Real=0.13s
[2022-03-25T07:16:19.816+0000][60430.480s] GC(177) Pause Young (Normal) (G1 Evacuation Pause)
[2022-03-25T07:16:19.817+0000][60430.480s] GC(177) Using 4 workers of 4 for evacuation
[2022-03-25T07:16:19.875+0000][60430.539s] GC(177)   Pre Evacuate Collection Set: 0.0ms
[2022-03-25T07:16:19.878+0000][60430.541s] GC(177)   Evacuate Collection Set: 56.3ms
[2022-03-25T07:16:19.880+0000][60430.544s] GC(177)   Post Evacuate Collection Set: 0.5ms
[2022-03-25T07:16:19.884+0000][60430.547s] GC(177)   Other: 2.5ms
[2022-03-25T07:16:19.887+0000][60430.551s] GC(177) Eden regions: 50->0(58)
[2022-03-25T07:16:19.888+0000][60430.552s] GC(177) Survivor regions: 3->3(7)
[2022-03-25T07:16:19.889+0000][60430.552s] GC(177) Old regions: 187->187
[2022-03-25T07:16:19.889+0000][60430.553s] GC(177) Humongous regions: 7->7
[2022-03-25T07:16:19.889+0000][60430.553s] GC(177) Metaspace: 61625K->61625K(1105920K)
[2022-03-25T07:16:19.890+0000][60430.553s] GC(177) Pause Young (Normal) (G1 Evacuation Pause) 244M->195M(512M) 73.546ms
[2022-03-25T07:16:19.890+0000][60430.554s] GC(177) User=0.07s Sys=0.01s Real=0.07s
[2022-03-25T07:16:24.409+0000][60435.073s] GC(178) Pause Young (Normal) (G1 Evacuation Pause)
[2022-03-25T07:16:24.411+0000][60435.075s] GC(178) Using 4 workers of 4 for evacuation
[2022-03-25T07:16:24.543+0000][60435.207s] GC(178)   Pre Evacuate Collection Set: 0.0ms
[2022-03-25T07:16:24.551+0000][60435.215s] GC(178)   Evacuate Collection Set: 123.0ms
[2022-03-25T07:16:24.553+0000][60435.217s] GC(178)   Post Evacuate Collection Set: 0.6ms
[2022-03-25T07:16:24.561+0000][60435.225s] GC(178)   Other: 10.3ms
[2022-03-25T07:16:24.562+0000][60435.225s] GC(178) Eden regions: 58->0(60)
[2022-03-25T07:16:24.562+0000][60435.226s] GC(178) Survivor regions: 3->4(8)
[2022-03-25T07:16:24.562+0000][60435.226s] GC(178) Old regions: 187->187
[2022-03-25T07:16:24.570+0000][60435.234s] GC(178) Humongous regions: 7->7
[2022-03-25T07:16:24.570+0000][60435.234s] GC(178) Metaspace: 61625K->61625K(1105920K)
[2022-03-25T07:16:24.571+0000][60435.235s] GC(178) Pause Young (Normal) (G1 Evacuation Pause) 253M->196M(512M) 161.509ms
[2022-03-25T07:16:24.571+0000][60435.235s] GC(178) User=0.15s Sys=0.01s Real=0.16s
[2022-03-25T07:16:26.005+0000][60436.669s] GC(179) Pause Young (Normal) (G1 Evacuation Pause)
[2022-03-25T07:16:26.008+0000][60436.672s] GC(179) Using 4 workers of 4 for evacuation
[2022-03-25T07:16:26.228+0000][60436.892s] GC(179)   Pre Evacuate Collection Set: 0.0ms
[2022-03-25T07:16:26.233+0000][60436.896s] GC(179)   Evacuate Collection Set: 215.0ms
[2022-03-25T07:16:26.233+0000][60436.897s] GC(179)   Post Evacuate Collection Set: 0.6ms
[2022-03-25T07:16:26.235+0000][60436.899s] GC(179)   Other: 7.2ms
[2022-03-25T07:16:26.247+0000][60436.911s] GC(179) Eden regions: 60->0(59)
[2022-03-25T07:16:26.252+0000][60436.916s] GC(179) Survivor regions: 4->5(8)
[2022-03-25T07:16:26.254+0000][60436.918s] GC(179) Old regions: 187->187
[2022-03-25T07:16:26.268+0000][60436.932s] GC(179) Humongous regions: 7->7
[2022-03-25T07:16:26.288+0000][60436.952s] GC(179) Metaspace: 61625K->61625K(1105920K)
[2022-03-25T07:16:26.295+0000][60436.958s] GC(179) Pause Young (Normal) (G1 Evacuation Pause) 256M->196M(512M) 289.663ms
[2022-03-25T07:16:26.298+0000][60436.962s] GC(179) User=0.15s Sys=0.05s Real=0.29s
[2022-03-25T07:16:27.810+0000][60438.474s] GC(180) Pause Young (Normal) (G1 Evacuation Pause)
[2022-03-25T07:16:27.810+0000][60438.474s] GC(180) Using 4 workers of 4 for evacuation
[2022-03-25T07:16:27.899+0000][60438.563s] GC(180)   Pre Evacuate Collection Set: 0.0ms
[2022-03-25T07:16:27.900+0000][60438.564s] GC(180)   Evacuate Collection Set: 86.8ms
[2022-03-25T07:16:27.913+0000][60438.576s] GC(180)   Post Evacuate Collection Set: 1.7ms
[2022-03-25T07:16:27.914+0000][60438.577s] GC(180)   Other: 1.2ms
[2022-03-25T07:16:27.914+0000][60438.578s] GC(180) Eden regions: 59->0(65)
[2022-03-25T07:16:27.915+0000][60438.578s] GC(180) Survivor regions: 5->5(8)
[2022-03-25T07:16:27.915+0000][60438.579s] GC(180) Old regions: 187->187
[2022-03-25T07:16:27.915+0000][60438.579s] GC(180) Humongous regions: 7->7
[2022-03-25T07:16:27.916+0000][60438.580s] GC(180) Metaspace: 61639K->61639K(1105920K)
[2022-03-25T07:16:27.917+0000][60438.581s] GC(180) Pause Young (Normal) (G1 Evacuation Pause) 255M->196M(512M) 107.608ms
[2022-03-25T07:16:27.920+0000][60438.583s] GC(180) User=0.05s Sys=0.03s Real=0.11s
[2022-03-25T07:16:33.868+0000][60444.531s] GC(181) Pause Young (Normal) (G1 Evacuation Pause)
[2022-03-25T07:16:33.874+0000][60444.538s] GC(181) Using 4 workers of 4 for evacuation
[2022-03-25T07:16:34.094+0000][60444.758s] GC(181)   Pre Evacuate Collection Set: 0.0ms
[2022-03-25T07:16:34.105+0000][60444.769s] GC(181)   Evacuate Collection Set: 212.4ms
[2022-03-25T07:16:34.108+0000][60444.771s] GC(181)   Post Evacuate Collection Set: 6.4ms
[2022-03-25T07:16:34.110+0000][60444.774s] GC(181)   Other: 7.9ms
[2022-03-25T07:16:34.121+0000][60444.785s] GC(181) Eden regions: 65->0(66)
[2022-03-25T07:16:34.122+0000][60444.786s] GC(181) Survivor regions: 5->6(9)
[2022-03-25T07:16:34.123+0000][60444.787s] GC(181) Old regions: 187->187
[2022-03-25T07:16:34.124+0000][60444.787s] GC(181) Humongous regions: 7->7
[2022-03-25T07:16:34.124+0000][60444.788s] GC(181) Metaspace: 61639K->61639K(1105920K)
[2022-03-25T07:16:34.125+0000][60444.788s] GC(181) Pause Young (Normal) (G1 Evacuation Pause) 261M->197M(512M) 256.766ms
[2022-03-25T07:16:34.125+0000][60444.789s] GC(181) User=0.10s Sys=0.02s Real=0.25s
[2022-03-25T07:16:35.623+0000][60446.287s] GC(182) Pause Young (Normal) (G1 Evacuation Pause)
[2022-03-25T07:16:35.624+0000][60446.287s] GC(182) Using 4 workers of 4 for evacuation
[2022-03-25T07:16:35.775+0000][60446.439s] GC(182)   Pre Evacuate Collection Set: 0.0ms
[2022-03-25T07:16:35.776+0000][60446.440s] GC(182)   Evacuate Collection Set: 144.7ms
[2022-03-25T07:16:35.782+0000][60446.446s] GC(182)   Post Evacuate Collection Set: 0.7ms
[2022-03-25T07:16:35.783+0000][60446.446s] GC(182)   Other: 6.7ms
[2022-03-25T07:16:35.787+0000][60446.451s] GC(182) Eden regions: 66->0(68)
[2022-03-25T07:16:35.790+0000][60446.454s] GC(182) Survivor regions: 6->6(9)
[2022-03-25T07:16:35.791+0000][60446.455s] GC(182) Old regions: 187->188
[2022-03-25T07:16:35.792+0000][60446.455s] GC(182) Humongous regions: 7->7
[2022-03-25T07:16:35.793+0000][60446.456s] GC(182) Metaspace: 61645K->61645K(1105920K)
[2022-03-25T07:16:35.794+0000][60446.457s] GC(182) Pause Young (Normal) (G1 Evacuation Pause) 263M->199M(512M) 170.453ms
[2022-03-25T07:16:35.794+0000][60446.457s] GC(182) User=0.11s Sys=0.02s Real=0.17s
[2022-03-25T07:16:37.217+0000][60447.881s] GC(183) Pause Young (Normal) (G1 Evacuation Pause)
[2022-03-25T07:16:37.219+0000][60447.882s] GC(183) Using 4 workers of 4 for evacuation
[2022-03-25T07:16:37.403+0000][60448.066s] GC(183)   Pre Evacuate Collection Set: 0.0ms
[2022-03-25T07:16:37.417+0000][60448.080s] GC(183)   Evacuate Collection Set: 157.0ms
[2022-03-25T07:16:37.427+0000][60448.091s] GC(183)   Post Evacuate Collection Set: 1.0ms
[2022-03-25T07:16:37.431+0000][60448.095s] GC(183)   Other: 27.5ms
[2022-03-25T07:16:37.435+0000][60448.098s] GC(183) Eden regions: 68->0(71)
[2022-03-25T07:16:37.441+0000][60448.105s] GC(183) Survivor regions: 6->6(10)
[2022-03-25T07:16:37.459+0000][60448.122s] GC(183) Old regions: 188->189
[2022-03-25T07:16:37.475+0000][60448.138s] GC(183) Humongous regions: 7->7
[2022-03-25T07:16:37.493+0000][60448.157s] GC(183) Metaspace: 61646K->61646K(1105920K)
[2022-03-25T07:16:37.525+0000][60448.188s] GC(183) Pause Young (Normal) (G1 Evacuation Pause) 267M->198M(512M) 307.560ms
[2022-03-25T07:16:37.527+0000][60448.191s] GC(183) User=0.11s Sys=0.03s Real=0.31s
[2022-03-25T07:16:40.760+0000][60451.423s] GC(184) Pause Young (Normal) (G1 Evacuation Pause)
[2022-03-25T07:16:40.760+0000][60451.424s] GC(184) Using 4 workers of 4 for evacuation
[2022-03-25T07:16:41.022+0000][60451.686s] GC(184) MMU target violated: 251.0ms (250.0ms/251.0ms)
[2022-03-25T07:16:41.023+0000][60451.686s] GC(184)   Pre Evacuate Collection Set: 0.1ms
[2022-03-25T07:16:41.023+0000][60451.687s] GC(184)   Evacuate Collection Set: 256.1ms
[2022-03-25T07:16:41.024+0000][60451.688s] GC(184)   Post Evacuate Collection Set: 2.1ms
[2022-03-25T07:16:41.026+0000][60451.690s] GC(184)   Other: 4.8ms
[2022-03-25T07:16:41.032+0000][60451.696s] GC(184) Eden regions: 71->0(77)
[2022-03-25T07:16:41.036+0000][60451.700s] GC(184) Survivor regions: 6->6(10)
[2022-03-25T07:16:41.037+0000][60451.700s] GC(184) Old regions: 189->189
[2022-03-25T07:16:41.037+0000][60451.701s] GC(184) Humongous regions: 7->7
[2022-03-25T07:16:41.038+0000][60451.702s] GC(184) Metaspace: 61646K->61646K(1105920K)
[2022-03-25T07:16:41.039+0000][60451.703s] GC(184) Pause Young (Normal) (G1 Evacuation Pause) 269M->199M(512M) 279.332ms
[2022-03-25T07:16:41.040+0000][60451.703s] GC(184) User=0.13s Sys=0.08s Real=0.28s
[2022-03-25T07:21:03.791+0000][60714.455s] GC(185) Pause Young (Normal) (G1 Evacuation Pause)
[2022-03-25T07:21:03.922+0000][60714.585s] GC(185) Using 4 workers of 4 for evacuation
[2022-03-25T07:21:06.985+0000][60717.649s] GC(185) MMU target violated: 251.0ms (250.0ms/251.0ms)
[2022-03-25T07:21:07.006+0000][60717.669s] GC(185)   Pre Evacuate Collection Set: 241.2ms
[2022-03-25T07:21:07.017+0000][60717.681s] GC(185)   Evacuate Collection Set: 2674.0ms
[2022-03-25T07:21:07.058+0000][60717.722s] GC(185)   Post Evacuate Collection Set: 14.3ms
[2022-03-25T07:21:07.074+0000][60717.738s] GC(185)   Other: 278.9ms
[2022-03-25T07:21:07.100+0000][60717.763s] GC(185) Eden regions: 77->0(20)
[2022-03-25T07:21:07.122+0000][60717.786s] GC(185) Survivor regions: 6->5(11)
[2022-03-25T07:21:07.163+0000][60717.826s] GC(185) Old regions: 189->189
[2022-03-25T07:21:07.200+0000][60717.864s] GC(185) Humongous regions: 7->7
[2022-03-25T07:21:07.218+0000][60717.881s] GC(185) Metaspace: 61646K->61646K(1105920K)
[2022-03-25T07:21:07.303+0000][60717.967s] GC(185) Pause Young (Normal) (G1 Evacuation Pause) 276M->198M(512M) 3512.859ms
[2022-03-25T07:21:07.338+0000][60718.002s] GC(185) User=2.01s Sys=1.05s Real=3.53s
[2022-03-25T07:21:13.889+0000][60724.553s] GC(186) Pause Young (Normal) (G1 Evacuation Pause)
[2022-03-25T07:21:13.921+0000][60724.584s] GC(186) Using 4 workers of 4 for evacuation
[2022-03-25T07:21:17.034+0000][60727.697s] GC(186) MMU target violated: 251.0ms (250.0ms/251.0ms)
[2022-03-25T07:21:17.114+0000][60727.777s] GC(186)   Pre Evacuate Collection Set: 0.0ms
[2022-03-25T07:21:17.141+0000][60727.805s] GC(186)   Evacuate Collection Set: 3085.8ms
[2022-03-25T07:21:17.179+0000][60727.843s] GC(186)   Post Evacuate Collection Set: 0.5ms
[2022-03-25T07:21:17.205+0000][60727.868s] GC(186)   Other: 138.1ms
[2022-03-25T07:21:17.209+0000][60727.872s] GC(186) Eden regions: 20->0(23)
[2022-03-25T07:21:17.243+0000][60727.907s] GC(186) Survivor regions: 5->2(4)
[2022-03-25T07:21:18.153+0000][60728.817s] GC(186) Old regions: 189->191
[2022-03-25T07:21:18.445+0000][60729.109s] GC(186) Humongous regions: 7->7
[2022-03-25T07:21:18.635+0000][60729.299s] GC(186) Metaspace: 61646K->61646K(1105920K)
[2022-03-25T07:21:18.726+0000][60729.390s] GC(186) Pause Young (Normal) (G1 Evacuation Pause) 218M->197M(512M) 4836.629ms
[2022-03-25T07:21:18.746+0000][60729.410s] GC(186) User=0.46s Sys=0.36s Real=4.86s
[2022-03-25T07:21:27.260+0000][60737.924s] GC(187) Pause Young (Normal) (G1 Evacuation Pause)
[2022-03-25T07:21:27.293+0000][60737.956s] GC(187) Using 4 workers of 4 for evacuation
[2022-03-25T07:21:29.421+0000][60740.085s] GC(187) MMU target violated: 251.0ms (250.0ms/251.0ms)
[2022-03-25T07:21:29.458+0000][60740.121s] GC(187)   Pre Evacuate Collection Set: 0.0ms
[2022-03-25T07:21:29.462+0000][60740.126s] GC(187)   Evacuate Collection Set: 2083.0ms
[2022-03-25T07:21:29.539+0000][60740.203s] GC(187)   Post Evacuate Collection Set: 0.6ms
[2022-03-25T07:21:29.616+0000][60740.280s] GC(187)   Other: 114.2ms
[2022-03-25T07:21:29.716+0000][60740.380s] GC(187) Eden regions: 23->0(22)
[2022-03-25T07:21:29.819+0000][60740.483s] GC(187) Survivor regions: 2->3(4)
[2022-03-25T07:21:30.232+0000][60740.897s] GC(187) Old regions: 191->191
[2022-03-25T07:21:30.280+0000][60740.944s] GC(187) Humongous regions: 7->7
[2022-03-25T07:21:30.904+0000][60741.568s] GC(187) Metaspace: 61646K->61646K(1105920K)
[2022-03-25T07:21:31.001+0000][60741.664s] GC(187) Pause Young (Normal) (G1 Evacuation Pause) 220M->198M(512M) 3740.777ms
[2022-03-25T07:21:31.151+0000][60741.815s] GC(187) User=1.25s Sys=0.56s Real=3.85s
[2022-03-25T07:21:47.790+0000][60758.454s] GC(188) Pause Young (Normal) (G1 Evacuation Pause)
[2022-03-25T07:21:47.814+0000][60758.478s] GC(188) Using 4 workers of 4 for evacuation
[2022-03-25T07:21:47.909+0000][60758.572s] GC(188)   Pre Evacuate Collection Set: 0.1ms
[2022-03-25T07:21:47.929+0000][60758.593s] GC(188)   Evacuate Collection Set: 88.7ms
[2022-03-25T07:21:47.987+0000][60758.650s] GC(188)   Post Evacuate Collection Set: 0.6ms
[2022-03-25T07:21:47.996+0000][60758.660s] GC(188)   Other: 29.1ms
[2022-03-25T07:21:48.013+0000][60758.677s] GC(188) Eden regions: 22->0(22)
[2022-03-25T07:21:48.023+0000][60758.686s] GC(188) Survivor regions: 3->3(4)
[2022-03-25T07:21:48.063+0000][60758.727s] GC(188) Old regions: 191->191
[2022-03-25T07:21:48.077+0000][60758.740s] GC(188) Humongous regions: 7->7
[2022-03-25T07:21:48.095+0000][60758.759s] GC(188) Metaspace: 61646K->61646K(1105920K)
[2022-03-25T07:21:48.130+0000][60758.793s] GC(188) Pause Young (Normal) (G1 Evacuation Pause) 220M->198M(512M) 339.350ms
[2022-03-25T07:21:48.148+0000][60758.811s] GC(188) User=0.04s Sys=0.02s Real=0.36s
[2022-03-25T07:21:54.136+0000][60764.799s] GC(189) Pause Young (Normal) (G1 Evacuation Pause)
[2022-03-25T07:21:54.140+0000][60764.803s] GC(189) Using 4 workers of 4 for evacuation
[2022-03-25T07:21:54.187+0000][60764.850s] GC(189)   Pre Evacuate Collection Set: 0.2ms
[2022-03-25T07:21:54.188+0000][60764.852s] GC(189)   Evacuate Collection Set: 42.0ms
[2022-03-25T07:21:54.189+0000][60764.853s] GC(189)   Post Evacuate Collection Set: 0.8ms
[2022-03-25T07:21:54.190+0000][60764.854s] GC(189)   Other: 8.0ms
[2022-03-25T07:21:54.193+0000][60764.856s] GC(189) Eden regions: 22->0(22)
[2022-03-25T07:21:54.193+0000][60764.857s] GC(189) Survivor regions: 3->3(4)
[2022-03-25T07:21:54.194+0000][60764.858s] GC(189) Old regions: 191->191
[2022-03-25T07:21:54.194+0000][60764.858s] GC(189) Humongous regions: 7->7
[2022-03-25T07:21:54.195+0000][60764.858s] GC(189) Metaspace: 61646K->61646K(1105920K)
[2022-03-25T07:21:54.196+0000][60764.860s] GC(189) Pause Young (Normal) (G1 Evacuation Pause) 220M->198M(512M) 60.075ms
[2022-03-25T07:21:54.197+0000][60764.861s] GC(189) User=0.09s Sys=0.00s Real=0.05s
[2022-03-25T07:22:01.125+0000][60771.789s] GC(190) Pause Young (Normal) (G1 Evacuation Pause)
[2022-03-25T07:22:01.355+0000][60772.018s] GC(190) Using 4 workers of 4 for evacuation
[2022-03-25T07:22:02.254+0000][60772.918s] GC(190) MMU target violated: 251.0ms (250.0ms/251.0ms)
[2022-03-25T07:22:03.255+0000][60773.918s] GC(190)   Pre Evacuate Collection Set: 0.1ms
[2022-03-25T07:22:03.957+0000][60774.621s] GC(190)   Evacuate Collection Set: 397.7ms
[2022-03-25T07:22:04.497+0000][60775.160s] GC(190)   Post Evacuate Collection Set: 2.6ms
[2022-03-25T07:22:04.585+0000][60775.249s] GC(190)   Other: 1729.4ms
[2022-03-25T07:22:04.656+0000][60775.320s] GC(190) Eden regions: 22->0(22)
[2022-03-25T07:22:04.796+0000][60775.460s] GC(190) Survivor regions: 3->3(4)
[2022-03-25T07:22:05.093+0000][60775.756s] GC(190) Old regions: 191->191
[2022-03-25T07:22:05.386+0000][60776.050s] GC(190) Humongous regions: 7->7
[2022-03-25T07:22:05.546+0000][60776.209s] GC(190) Metaspace: 61646K->61646K(1105920K)
[2022-03-25T07:22:05.583+0000][60776.247s] GC(190) Pause Young (Normal) (G1 Evacuation Pause) 220M->198M(512M) 4458.183ms
[2022-03-25T07:22:05.603+0000][60776.267s] GC(190) User=0.05s Sys=0.01s Real=4.48s
[2022-03-25T07:22:10.091+0000][60780.755s] GC(191) Pause Young (Normal) (G1 Evacuation Pause)
[2022-03-25T07:22:10.117+0000][60780.781s] GC(191) Using 4 workers of 4 for evacuation
[2022-03-25T07:22:11.016+0000][60781.680s] GC(191) MMU target violated: 251.0ms (250.0ms/251.0ms)
[2022-03-25T07:22:11.264+0000][60781.928s] GC(191)   Pre Evacuate Collection Set: 0.0ms
[2022-03-25T07:22:11.659+0000][60782.323s] GC(191)   Evacuate Collection Set: 777.2ms
[2022-03-25T07:22:11.993+0000][60782.657s] GC(191)   Post Evacuate Collection Set: 0.6ms
[2022-03-25T07:22:12.519+0000][60783.183s] GC(191)   Other: 395.2ms
[2022-03-25T07:22:12.719+0000][60783.383s] GC(191) Eden regions: 22->0(23)
[2022-03-25T07:22:13.281+0000][60783.945s] GC(191) Survivor regions: 3->2(4)
[2022-03-25T07:22:13.773+0000][60784.437s] GC(191) Old regions: 191->192
[2022-03-25T07:22:14.301+0000][60784.964s] GC(191) Humongous regions: 7->7
[2022-03-25T07:22:15.104+0000][60785.767s] GC(191) Metaspace: 61646K->61646K(1105920K)
[2022-03-25T07:22:16.378+0000][60787.041s] GC(191) Pause Young (Normal) (G1 Evacuation Pause) 220M->198M(512M) 6286.395ms
[2022-03-25T07:22:16.720+0000][60787.384s] GC(191) User=0.34s Sys=0.21s Real=6.63s
[2022-03-25T07:22:20.413+0000][60791.077s] GC(192) Pause Young (Normal) (G1 Evacuation Pause)
[2022-03-25T07:22:20.489+0000][60791.152s] GC(192) Using 4 workers of 4 for evacuation
[2022-03-25T07:22:20.619+0000][60791.282s] GC(192)   Pre Evacuate Collection Set: 0.2ms
[2022-03-25T07:22:20.625+0000][60791.289s] GC(192)   Evacuate Collection Set: 111.6ms
[2022-03-25T07:22:20.635+0000][60791.299s] GC(192)   Post Evacuate Collection Set: 0.5ms
[2022-03-25T07:22:20.636+0000][60791.300s] GC(192)   Other: 93.3ms
[2022-03-25T07:22:20.638+0000][60791.302s] GC(192) Eden regions: 23->0(22)
[2022-03-25T07:22:20.651+0000][60791.315s] GC(192) Survivor regions: 2->3(4)
[2022-03-25T07:22:20.661+0000][60791.324s] GC(192) Old regions: 192->192
[2022-03-25T07:22:20.666+0000][60791.330s] GC(192) Humongous regions: 7->7
[2022-03-25T07:22:20.670+0000][60791.334s] GC(192) Metaspace: 61646K->61646K(1105920K)
[2022-03-25T07:22:20.673+0000][60791.336s] GC(192) Pause Young (Normal) (G1 Evacuation Pause) 221M->199M(512M) 259.559ms
[2022-03-25T07:22:20.675+0000][60791.339s] GC(192) User=0.07s Sys=0.09s Real=0.27s
[2022-03-25T07:22:23.106+0000][60793.770s] GC(193) Pause Young (Normal) (G1 Evacuation Pause)
[2022-03-25T07:22:23.293+0000][60793.957s] GC(193) Using 4 workers of 4 for evacuation
[2022-03-25T07:22:24.060+0000][60794.724s] GC(193) MMU target violated: 251.0ms (250.0ms/251.0ms)
[2022-03-25T07:22:24.073+0000][60794.737s] GC(193)   Pre Evacuate Collection Set: 0.0ms
[2022-03-25T07:22:24.089+0000][60794.753s] GC(193)   Evacuate Collection Set: 427.2ms
[2022-03-25T07:22:24.093+0000][60794.757s] GC(193)   Post Evacuate Collection Set: 0.5ms
[2022-03-25T07:22:24.095+0000][60794.759s] GC(193)   Other: 539.2ms
[2022-03-25T07:22:24.096+0000][60794.759s] GC(193) Eden regions: 22->0(22)
[2022-03-25T07:22:24.096+0000][60794.760s] GC(193) Survivor regions: 3->3(4)
[2022-03-25T07:22:24.097+0000][60794.761s] GC(193) Old regions: 192->192
[2022-03-25T07:22:24.098+0000][60794.762s] GC(193) Humongous regions: 7->7
[2022-03-25T07:22:24.099+0000][60794.763s] GC(193) Metaspace: 61646K->61646K(1105920K)
[2022-03-25T07:22:24.102+0000][60794.765s] GC(193) Pause Young (Normal) (G1 Evacuation Pause) 221M->199M(512M) 995.487ms
[2022-03-25T07:22:24.104+0000][60794.767s] GC(193) User=0.19s Sys=0.06s Real=0.99s
[2022-03-25T07:22:28.612+0000][60799.276s] GC(194) Pause Young (Normal) (G1 Evacuation Pause)
[2022-03-25T07:22:28.880+0000][60799.544s] GC(194) Using 4 workers of 4 for evacuation
[2022-03-25T07:22:29.306+0000][60799.970s] GC(194) MMU target violated: 251.0ms (250.0ms/251.0ms)
[2022-03-25T07:22:29.553+0000][60800.217s] GC(194)   Pre Evacuate Collection Set: 0.1ms
[2022-03-25T07:22:29.855+0000][60800.519s] GC(194)   Evacuate Collection Set: 265.8ms
[2022-03-25T07:22:30.010+0000][60800.673s] GC(194)   Post Evacuate Collection Set: 0.4ms
[2022-03-25T07:22:30.244+0000][60800.908s] GC(194)   Other: 675.3ms
[2022-03-25T07:22:30.490+0000][60801.154s] GC(194) Eden regions: 22->0(22)
[2022-03-25T07:22:30.714+0000][60801.378s] GC(194) Survivor regions: 3->3(4)
[2022-03-25T07:22:31.135+0000][60801.798s] GC(194) Old regions: 192->192
[2022-03-25T07:22:31.404+0000][60802.068s] GC(194) Humongous regions: 7->7
[2022-03-25T07:22:31.522+0000][60802.186s] GC(194) Metaspace: 61648K->61648K(1105920K)
[2022-03-25T07:22:31.759+0000][60802.423s] GC(194) Pause Young (Normal) (G1 Evacuation Pause) 221M->199M(512M) 3146.884ms
[2022-03-25T07:22:32.058+0000][60802.722s] GC(194) User=0.08s Sys=0.11s Real=3.32s
[2022-03-25T07:22:33.576+0000][60804.240s] GC(195) Pause Young (Normal) (G1 Evacuation Pause)
[2022-03-25T07:22:35.245+0000][60805.908s] GC(195) Using 4 workers of 4 for evacuation
[2022-03-25T07:22:35.476+0000][60806.139s] GC(195)   Pre Evacuate Collection Set: 0.0ms
[2022-03-25T07:22:35.485+0000][60806.149s] GC(195)   Evacuate Collection Set: 152.4ms
[2022-03-25T07:22:35.486+0000][60806.150s] GC(195)   Post Evacuate Collection Set: 69.2ms
[2022-03-25T07:22:35.516+0000][60806.179s] GC(195)   Other: 1677.6ms
[2022-03-25T07:22:35.533+0000][60806.196s] GC(195) Eden regions: 22->0(21)
[2022-03-25T07:22:35.549+0000][60806.212s] GC(195) Survivor regions: 3->4(4)
[2022-03-25T07:22:35.555+0000][60806.219s] GC(195) Old regions: 192->192
[2022-03-25T07:22:35.565+0000][60806.229s] GC(195) Humongous regions: 7->7
[2022-03-25T07:22:35.566+0000][60806.230s] GC(195) Metaspace: 61648K->61648K(1105920K)
[2022-03-25T07:22:35.567+0000][60806.231s] GC(195) Pause Young (Normal) (G1 Evacuation Pause) 221M->200M(512M) 1990.865ms
[2022-03-25T07:22:35.570+0000][60806.233s] GC(195) User=0.08s Sys=0.08s Real=2.00s
[2022-03-25T07:22:37.186+0000][60807.849s] GC(196) Pause Young (Normal) (G1 Evacuation Pause)
[2022-03-25T07:22:37.212+0000][60807.876s] GC(196) Using 4 workers of 4 for evacuation
[2022-03-25T07:22:38.777+0000][60809.441s] GC(196) MMU target violated: 251.0ms (250.0ms/251.0ms)
[2022-03-25T07:22:38.781+0000][60809.444s] GC(196)   Pre Evacuate Collection Set: 0.0ms
[2022-03-25T07:22:38.783+0000][60809.446s] GC(196)   Evacuate Collection Set: 1532.4ms
[2022-03-25T07:22:38.783+0000][60809.447s] GC(196)   Post Evacuate Collection Set: 0.6ms
[2022-03-25T07:22:38.784+0000][60809.448s] GC(196)   Other: 62.1ms
[2022-03-25T07:22:38.785+0000][60809.449s] GC(196) Eden regions: 21->0(22)
[2022-03-25T07:22:38.810+0000][60809.474s] GC(196) Survivor regions: 4->3(4)
[2022-03-25T07:22:38.814+0000][60809.477s] GC(196) Old regions: 192->193
[2022-03-25T07:22:38.826+0000][60809.489s] GC(196) Humongous regions: 7->7
[2022-03-25T07:22:38.831+0000][60809.494s] GC(196) Metaspace: 61648K->61648K(1105920K)
[2022-03-25T07:22:38.834+0000][60809.498s] GC(196) Pause Young (Normal) (G1 Evacuation Pause) 221M->200M(512M) 1648.547ms
[2022-03-25T07:22:38.837+0000][60809.501s] GC(196) User=0.32s Sys=0.22s Real=1.67s
[2022-03-25T07:22:41.670+0000][60812.334s] GC(197) Pause Young (Normal) (G1 Evacuation Pause)
[2022-03-25T07:22:41.677+0000][60812.340s] GC(197) Using 4 workers of 4 for evacuation
[2022-03-25T07:22:41.765+0000][60812.428s] GC(197)   Pre Evacuate Collection Set: 0.0ms
[2022-03-25T07:22:41.768+0000][60812.431s] GC(197)   Evacuate Collection Set: 80.7ms
[2022-03-25T07:22:41.776+0000][60812.440s] GC(197)   Post Evacuate Collection Set: 0.5ms
[2022-03-25T07:22:41.790+0000][60812.453s] GC(197)   Other: 13.2ms
[2022-03-25T07:22:41.793+0000][60812.457s] GC(197) Eden regions: 22->0(22)
[2022-03-25T07:22:41.800+0000][60812.464s] GC(197) Survivor regions: 3->3(4)
[2022-03-25T07:22:41.803+0000][60812.466s] GC(197) Old regions: 193->193
[2022-03-25T07:22:41.811+0000][60812.475s] GC(197) Humongous regions: 7->7
[2022-03-25T07:22:41.819+0000][60812.483s] GC(197) Metaspace: 61649K->61649K(1105920K)
[2022-03-25T07:22:41.835+0000][60812.499s] GC(197) Pause Young (Normal) (G1 Evacuation Pause) 222M->201M(512M) 165.329ms
[2022-03-25T07:22:41.849+0000][60812.512s] GC(197) User=0.06s Sys=0.03s Real=0.18s
[2022-03-25T07:22:45.347+0000][60816.010s] GC(198) Pause Young (Normal) (G1 Evacuation Pause)
[2022-03-25T07:22:45.353+0000][60816.017s] GC(198) Using 4 workers of 4 for evacuation
[2022-03-25T07:22:46.182+0000][60816.845s] GC(198) MMU target violated: 251.0ms (250.0ms/251.0ms)
[2022-03-25T07:22:46.216+0000][60816.880s] GC(198)   Pre Evacuate Collection Set: 0.0ms
[2022-03-25T07:22:46.304+0000][60816.968s] GC(198)   Evacuate Collection Set: 701.0ms
[2022-03-25T07:22:46.399+0000][60817.063s] GC(198)   Post Evacuate Collection Set: 1.5ms
[2022-03-25T07:22:46.508+0000][60817.172s] GC(198)   Other: 167.2ms
[2022-03-25T07:22:46.530+0000][60817.194s] GC(198) Eden regions: 22->0(23)
[2022-03-25T07:22:46.540+0000][60817.204s] GC(198) Survivor regions: 3->2(4)
[2022-03-25T07:22:46.567+0000][60817.230s] GC(198) Old regions: 193->194
[2022-03-25T07:22:46.586+0000][60817.250s] GC(198) Humongous regions: 7->7
[2022-03-25T07:22:46.597+0000][60817.261s] GC(198) Metaspace: 61649K->61649K(1105920K)
[2022-03-25T07:22:46.603+0000][60817.267s] GC(198) Pause Young (Normal) (G1 Evacuation Pause) 223M->201M(512M) 1256.330ms
[2022-03-25T07:22:46.613+0000][60817.277s] GC(198) User=0.12s Sys=0.07s Real=1.26s
[2022-03-25T07:22:47.869+0000][60818.533s] GC(199) Pause Young (Normal) (G1 Evacuation Pause)
[2022-03-25T07:22:47.912+0000][60818.576s] GC(199) Using 4 workers of 4 for evacuation
[2022-03-25T07:22:48.008+0000][60818.671s] GC(199)   Pre Evacuate Collection Set: 0.0ms
[2022-03-25T07:22:48.086+0000][60818.750s] GC(199)   Evacuate Collection Set: 72.2ms
[2022-03-25T07:22:48.276+0000][60818.940s] GC(199)   Post Evacuate Collection Set: 0.5ms
[2022-03-25T07:22:48.475+0000][60819.138s] GC(199)   Other: 65.7ms
[2022-03-25T07:22:48.507+0000][60819.170s] GC(199) Eden regions: 23->0(23)
[2022-03-25T07:22:48.523+0000][60819.186s] GC(199) Survivor regions: 2->2(4)
[2022-03-25T07:22:48.527+0000][60819.190s] GC(199) Old regions: 194->194
[2022-03-25T07:22:48.539+0000][60819.202s] GC(199) Humongous regions: 7->7
[2022-03-25T07:22:48.622+0000][60819.286s] GC(199) Metaspace: 61649K->61649K(1105920K)
[2022-03-25T07:22:48.832+0000][60819.495s] GC(199) Pause Young (Normal) (G1 Evacuation Pause) 224M->201M(512M) 962.233ms
[2022-03-25T07:22:49.003+0000][60819.666s] GC(199) User=0.03s Sys=0.02s Real=1.06s
[2022-03-25T07:22:51.041+0000][60821.704s] GC(200) Pause Young (Normal) (G1 Evacuation Pause)
[2022-03-25T07:22:51.332+0000][60821.996s] GC(200) Using 4 workers of 4 for evacuation
[2022-03-25T07:22:52.349+0000][60823.013s] GC(200) MMU target violated: 251.0ms (250.0ms/251.0ms)
[2022-03-25T07:22:52.635+0000][60823.299s] GC(200)   Pre Evacuate Collection Set: 0.0ms
[2022-03-25T07:22:52.890+0000][60823.554s] GC(200)   Evacuate Collection Set: 693.8ms
[2022-03-25T07:22:53.157+0000][60823.821s] GC(200)   Post Evacuate Collection Set: 0.4ms
[2022-03-25T07:22:53.205+0000][60823.869s] GC(200)   Other: 900.7ms
[2022-03-25T07:22:53.664+0000][60824.327s] GC(200) Eden regions: 23->0(22)
[2022-03-25T07:22:53.913+0000][60824.576s] GC(200) Survivor regions: 2->3(4)
[2022-03-25T07:22:54.180+0000][60824.843s] GC(200) Old regions: 194->194
[2022-03-25T07:22:54.259+0000][60824.923s] GC(200) Humongous regions: 7->7
[2022-03-25T07:22:54.308+0000][60824.972s] GC(200) Metaspace: 61649K->61649K(1105920K)
[2022-03-25T07:22:54.369+0000][60825.033s] GC(200) Pause Young (Normal) (G1 Evacuation Pause) 224M->201M(512M) 3328.849ms
[2022-03-25T07:22:54.664+0000][60825.328s] GC(200) User=0.50s Sys=0.24s Real=3.65s
[2022-03-25T07:22:55.888+0000][60826.551s] GC(201) Pause Young (Normal) (G1 Evacuation Pause)
[2022-03-25T07:22:56.056+0000][60826.720s] GC(201) Using 4 workers of 4 for evacuation
[2022-03-25T07:22:57.505+0000][60828.168s] GC(201) MMU target violated: 251.0ms (250.0ms/251.0ms)
[2022-03-25T07:22:57.668+0000][60828.332s] GC(201)   Pre Evacuate Collection Set: 0.1ms
[2022-03-25T07:22:57.716+0000][60828.380s] GC(201)   Evacuate Collection Set: 1144.5ms
[2022-03-25T07:22:57.777+0000][60828.441s] GC(201)   Post Evacuate Collection Set: 7.0ms
[2022-03-25T07:22:57.914+0000][60828.577s] GC(201)   Other: 628.6ms
[2022-03-25T07:22:58.037+0000][60828.700s] GC(201) Eden regions: 22->0(22)
[2022-03-25T07:22:58.654+0000][60829.318s] GC(201) Survivor regions: 3->3(4)
[2022-03-25T07:22:58.905+0000][60829.569s] GC(201) Old regions: 194->195
[2022-03-25T07:22:59.289+0000][60829.953s] GC(201) Humongous regions: 7->7
[2022-03-25T07:22:59.523+0000][60830.187s] GC(201) Metaspace: 61650K->61650K(1105920K)
[2022-03-25T07:22:59.805+0000][60830.469s] GC(201) Pause Young (Normal) (G1 Evacuation Pause) 223M->202M(512M) 3917.533ms
[2022-03-25T07:23:00.285+0000][60830.948s] GC(201) User=0.22s Sys=0.11s Real=4.40s
[2022-03-25T07:23:02.647+0000][60833.311s] GC(202) Pause Young (Normal) (G1 Evacuation Pause)
[2022-03-25T07:23:03.228+0000][60833.892s] GC(202) Using 4 workers of 4 for evacuation
[2022-03-25T07:23:05.541+0000][60836.204s] GC(202) MMU target violated: 251.0ms (250.0ms/251.0ms)
[2022-03-25T07:23:05.952+0000][60836.615s] GC(202)   Pre Evacuate Collection Set: 0.0ms
[2022-03-25T07:23:06.084+0000][60836.748s] GC(202)   Evacuate Collection Set: 1646.7ms
[2022-03-25T07:23:06.337+0000][60837.001s] GC(202)   Post Evacuate Collection Set: 0.4ms
[2022-03-25T07:23:06.633+0000][60837.296s] GC(202)   Other: 1657.7ms
[2022-03-25T07:23:07.014+0000][60837.678s] GC(202) Eden regions: 22->0(22)
[2022-03-25T07:23:07.381+0000][60838.045s] GC(202) Survivor regions: 3->3(4)
[2022-03-25T07:23:07.973+0000][60838.637s] GC(202) Old regions: 195->195
[2022-03-25T07:23:08.437+0000][60839.100s] GC(202) Humongous regions: 7->7
[2022-03-25T07:23:08.715+0000][60839.378s] GC(202) Metaspace: 61651K->61651K(1105920K)
[2022-03-25T07:23:09.049+0000][60839.713s] GC(202) Pause Young (Normal) (G1 Evacuation Pause) 224M->203M(512M) 6402.026ms
[2022-03-25T07:23:09.677+0000][60840.341s] GC(202) User=0.54s Sys=0.26s Real=6.92s
[2022-03-25T07:23:10.897+0000][60841.560s] GC(203) Pause Young (Normal) (G1 Evacuation Pause)
[2022-03-25T07:23:10.925+0000][60841.588s] GC(203) Using 4 workers of 4 for evacuation
[2022-03-25T07:23:13.998+0000][60844.662s] GC(203) MMU target violated: 251.0ms (250.0ms/251.0ms)
[2022-03-25T07:23:14.365+0000][60845.029s] GC(203)   Pre Evacuate Collection Set: 0.0ms
[2022-03-25T07:23:14.711+0000][60845.375s] GC(203)   Evacuate Collection Set: 3051.4ms
[2022-03-25T07:23:14.916+0000][60845.579s] GC(203)   Post Evacuate Collection Set: 0.4ms
[2022-03-25T07:23:15.154+0000][60845.818s] GC(203)   Other: 416.7ms
[2022-03-25T07:23:15.442+0000][60846.106s] GC(203) Eden regions: 22->0(22)
[2022-03-25T07:23:16.025+0000][60846.689s] GC(203) Survivor regions: 3->3(4)
[2022-03-25T07:23:16.272+0000][60846.935s] GC(203) Old regions: 195->196
[2022-03-25T07:23:16.451+0000][60847.115s] GC(203) Humongous regions: 7->7
[2022-03-25T07:23:16.542+0000][60847.206s] GC(203) Metaspace: 61651K->61651K(1105920K)
[2022-03-25T07:23:16.562+0000][60847.225s] GC(203) Pause Young (Normal) (G1 Evacuation Pause) 225M->203M(512M) 5664.936ms
[2022-03-25T07:23:16.712+0000][60847.376s] GC(203) User=1.73s Sys=0.96s Real=5.82s
[2022-03-25T07:23:18.949+0000][60849.613s] GC(204) Pause Young (Normal) (G1 Evacuation Pause)
[2022-03-25T07:23:19.129+0000][60849.793s] GC(204) Using 4 workers of 4 for evacuation
[2022-03-25T07:23:19.389+0000][60850.052s] GC(204)   Pre Evacuate Collection Set: 0.0ms
[2022-03-25T07:23:19.432+0000][60850.095s] GC(204)   Evacuate Collection Set: 107.4ms
[2022-03-25T07:23:19.471+0000][60850.134s] GC(204)   Post Evacuate Collection Set: 0.5ms
[2022-03-25T07:23:19.478+0000][60850.142s] GC(204)   Other: 331.4ms
[2022-03-25T07:23:19.480+0000][60850.143s] GC(204) Eden regions: 22->0(22)
[2022-03-25T07:23:19.486+0000][60850.150s] GC(204) Survivor regions: 3->3(4)
[2022-03-25T07:23:19.489+0000][60850.152s] GC(204) Old regions: 196->196
[2022-03-25T07:23:19.502+0000][60850.166s] GC(204) Humongous regions: 7->7
[2022-03-25T07:23:19.511+0000][60850.175s] GC(204) Metaspace: 61651K->61651K(1105920K)
[2022-03-25T07:23:19.534+0000][60850.198s] GC(204) Pause Young (Normal) (G1 Evacuation Pause) 225M->203M(512M) 584.691ms
[2022-03-25T07:23:19.553+0000][60850.217s] GC(204) User=0.04s Sys=0.02s Real=0.69s
[2022-03-25T07:23:24.942+0000][60855.605s] GC(205) Pause Young (Normal) (G1 Evacuation Pause)
[2022-03-25T07:23:24.973+0000][60855.637s] GC(205) Using 4 workers of 4 for evacuation
[2022-03-25T07:23:25.221+0000][60855.885s] GC(205)   Pre Evacuate Collection Set: 0.0ms
[2022-03-25T07:23:25.226+0000][60855.890s] GC(205)   Evacuate Collection Set: 231.0ms
[2022-03-25T07:23:25.249+0000][60855.912s] GC(205)   Post Evacuate Collection Set: 0.6ms
[2022-03-25T07:23:25.282+0000][60855.945s] GC(205)   Other: 48.1ms
[2022-03-25T07:23:25.316+0000][60855.980s] GC(205) Eden regions: 22->0(22)
[2022-03-25T07:23:25.317+0000][60855.981s] GC(205) Survivor regions: 3->3(4)
[2022-03-25T07:23:25.332+0000][60855.995s] GC(205) Old regions: 196->197
[2022-03-25T07:23:25.335+0000][60855.999s] GC(205) Humongous regions: 7->7
[2022-03-25T07:23:25.357+0000][60856.020s] GC(205) Metaspace: 61652K->61652K(1105920K)
[2022-03-25T07:23:25.360+0000][60856.024s] GC(205) Pause Young (Normal) (G1 Evacuation Pause) 225M->204M(512M) 418.520ms
[2022-03-25T07:23:25.363+0000][60856.026s] GC(205) User=0.06s Sys=0.09s Real=0.42s
[2022-03-25T07:23:26.580+0000][60857.244s] GC(206) Pause Young (Normal) (G1 Evacuation Pause)
[2022-03-25T07:23:26.585+0000][60857.249s] GC(206) Using 4 workers of 4 for evacuation
[2022-03-25T07:23:26.814+0000][60857.477s] GC(206)   Pre Evacuate Collection Set: 0.1ms
[2022-03-25T07:23:26.814+0000][60857.478s] GC(206)   Evacuate Collection Set: 227.4ms
[2022-03-25T07:23:26.815+0000][60857.478s] GC(206)   Post Evacuate Collection Set: 0.4ms
[2022-03-25T07:23:26.815+0000][60857.479s] GC(206)   Other: 5.3ms
[2022-03-25T07:23:26.815+0000][60857.479s] GC(206) Eden regions: 22->0(21)
[2022-03-25T07:23:26.816+0000][60857.480s] GC(206) Survivor regions: 3->4(4)
[2022-03-25T07:23:26.816+0000][60857.490s] GC(206) Old regions: 197->197
[2022-03-25T07:23:26.833+0000][60857.497s] GC(206) Humongous regions: 7->7
[2022-03-25T07:23:26.838+0000][60857.502s] GC(206) Metaspace: 61653K->61653K(1105920K)
[2022-03-25T07:23:26.839+0000][60857.502s] GC(206) Pause Young (Normal) (G1 Evacuation Pause) 226M->205M(512M) 258.201ms
[2022-03-25T07:23:26.839+0000][60857.503s] GC(206) User=0.09s Sys=0.02s Real=0.27s
[2022-03-25T07:23:27.422+0000][60858.086s] GC(207) Pause Young (Normal) (G1 Evacuation Pause)
[2022-03-25T07:23:27.424+0000][60858.088s] GC(207) Using 4 workers of 4 for evacuation
[2022-03-25T07:23:27.575+0000][60858.238s] GC(207)   Pre Evacuate Collection Set: 0.0ms
[2022-03-25T07:23:27.579+0000][60858.242s] GC(207)   Evacuate Collection Set: 140.2ms
[2022-03-25T07:23:27.579+0000][60858.243s] GC(207)   Post Evacuate Collection Set: 4.4ms
[2022-03-25T07:23:27.580+0000][60858.244s] GC(207)   Other: 8.1ms
[2022-03-25T07:23:27.581+0000][60858.244s] GC(207) Eden regions: 21->0(22)
[2022-03-25T07:23:27.583+0000][60858.247s] GC(207) Survivor regions: 4->3(4)
[2022-03-25T07:23:27.584+0000][60858.248s] GC(207) Old regions: 197->198
[2022-03-25T07:23:27.586+0000][60858.249s] GC(207) Humongous regions: 7->7
[2022-03-25T07:23:27.589+0000][60858.253s] GC(207) Metaspace: 61653K->61653K(1105920K)
[2022-03-25T07:23:27.593+0000][60858.257s] GC(207) Pause Young (Normal) (G1 Evacuation Pause) 226M->205M(512M) 170.781ms
[2022-03-25T07:23:27.597+0000][60858.260s] GC(207) User=0.08s Sys=0.07s Real=0.18s
[2022-03-25T07:23:28.032+0000][60858.695s] GC(208) Pause Young (Normal) (G1 Evacuation Pause)
[2022-03-25T07:23:28.042+0000][60858.706s] GC(208) Using 4 workers of 4 for evacuation
[2022-03-25T07:23:28.387+0000][60859.051s] GC(208) MMU target violated: 251.0ms (250.0ms/251.0ms)
[2022-03-25T07:23:28.393+0000][60859.056s] GC(208)   Pre Evacuate Collection Set: 0.0ms
[2022-03-25T07:23:28.395+0000][60859.059s] GC(208)   Evacuate Collection Set: 318.3ms
[2022-03-25T07:23:28.396+0000][60859.059s] GC(208)   Post Evacuate Collection Set: 10.2ms
[2022-03-25T07:23:28.398+0000][60859.061s] GC(208)   Other: 32.6ms
[2022-03-25T07:23:28.399+0000][60859.063s] GC(208) Eden regions: 22->0(23)
[2022-03-25T07:23:28.401+0000][60859.065s] GC(208) Survivor regions: 3->2(4)
[2022-03-25T07:23:28.402+0000][60859.065s] GC(208) Old regions: 198->199
[2022-03-25T07:23:28.402+0000][60859.066s] GC(208) Humongous regions: 7->7
[2022-03-25T07:23:28.403+0000][60859.067s] GC(208) Metaspace: 61653K->61653K(1105920K)
[2022-03-25T07:23:28.404+0000][60859.067s] GC(208) Pause Young (Normal) (G1 Evacuation Pause) 227M->205M(512M) 372.219ms
[2022-03-25T07:23:28.405+0000][60859.069s] GC(208) User=0.04s Sys=0.05s Real=0.38s
[2022-03-25T07:23:29.076+0000][60859.739s] GC(209) Pause Young (Normal) (G1 Evacuation Pause)
[2022-03-25T07:23:29.079+0000][60859.743s] GC(209) Using 4 workers of 4 for evacuation
[2022-03-25T07:23:29.160+0000][60859.824s] GC(209)   Pre Evacuate Collection Set: 0.0ms
[2022-03-25T07:23:29.166+0000][60859.829s] GC(209)   Evacuate Collection Set: 79.4ms
[2022-03-25T07:23:29.167+0000][60859.831s] GC(209)   Post Evacuate Collection Set: 0.5ms
[2022-03-25T07:23:29.168+0000][60859.832s] GC(209)   Other: 4.5ms
[2022-03-25T07:23:29.168+0000][60859.832s] GC(209) Eden regions: 23->0(23)
[2022-03-25T07:23:29.170+0000][60859.833s] GC(209) Survivor regions: 2->2(4)
[2022-03-25T07:23:29.172+0000][60859.835s] GC(209) Old regions: 199->199
[2022-03-25T07:23:29.174+0000][60859.837s] GC(209) Humongous regions: 7->7
[2022-03-25T07:23:29.175+0000][60859.838s] GC(209) Metaspace: 61653K->61653K(1105920K)
[2022-03-25T07:23:29.177+0000][60859.841s] GC(209) Pause Young (Normal) (G1 Evacuation Pause) 228M->205M(512M) 101.167ms
[2022-03-25T07:23:29.178+0000][60859.842s] GC(209) User=0.07s Sys=0.03s Real=0.10s
[2022-03-25T07:23:30.318+0000][60860.982s] GC(210) Pause Young (Normal) (G1 Evacuation Pause)
[2022-03-25T07:23:30.319+0000][60860.982s] GC(210) Using 4 workers of 4 for evacuation
[2022-03-25T07:23:30.392+0000][60861.056s] GC(210)   Pre Evacuate Collection Set: 0.1ms
[2022-03-25T07:23:30.402+0000][60861.066s] GC(210)   Evacuate Collection Set: 72.0ms
[2022-03-25T07:23:30.407+0000][60861.070s] GC(210)   Post Evacuate Collection Set: 0.7ms
[2022-03-25T07:23:30.408+0000][60861.071s] GC(210)   Other: 1.1ms
[2022-03-25T07:23:30.408+0000][60861.072s] GC(210) Eden regions: 23->0(22)
[2022-03-25T07:23:30.424+0000][60861.087s] GC(210) Survivor regions: 2->3(4)
[2022-03-25T07:23:30.425+0000][60861.088s] GC(210) Old regions: 199->199
[2022-03-25T07:23:30.425+0000][60861.089s] GC(210) Humongous regions: 7->7
[2022-03-25T07:23:30.425+0000][60861.089s] GC(210) Metaspace: 61657K->61657K(1105920K)
[2022-03-25T07:23:30.425+0000][60861.089s] GC(210) Pause Young (Normal) (G1 Evacuation Pause) 228M->206M(512M) 107.048ms
[2022-03-25T07:23:30.426+0000][60861.089s] GC(210) User=0.04s Sys=0.07s Real=0.11s
[2022-03-25T07:23:31.407+0000][60862.070s] GC(211) Pause Young (Normal) (G1 Evacuation Pause)
[2022-03-25T07:23:31.410+0000][60862.074s] GC(211) Using 4 workers of 4 for evacuation
[2022-03-25T07:23:31.628+0000][60862.292s] GC(211)   Pre Evacuate Collection Set: 0.0ms
[2022-03-25T07:23:31.642+0000][60862.305s] GC(211)   Evacuate Collection Set: 210.6ms
[2022-03-25T07:23:31.699+0000][60862.363s] GC(211)   Post Evacuate Collection Set: 0.9ms
[2022-03-25T07:23:31.725+0000][60862.388s] GC(211)   Other: 10.2ms
[2022-03-25T07:23:31.739+0000][60862.403s] GC(211) Eden regions: 22->0(22)
[2022-03-25T07:23:31.760+0000][60862.424s] GC(211) Survivor regions: 3->3(4)
[2022-03-25T07:23:31.775+0000][60862.439s] GC(211) Old regions: 199->199
[2022-03-25T07:23:31.791+0000][60862.455s] GC(211) Humongous regions: 7->7
[2022-03-25T07:23:31.801+0000][60862.464s] GC(211) Metaspace: 61666K->61666K(1105920K)
[2022-03-25T07:23:31.805+0000][60862.469s] GC(211) Pause Young (Normal) (G1 Evacuation Pause) 228M->206M(512M) 398.130ms
[2022-03-25T07:23:31.806+0000][60862.470s] GC(211) User=0.05s Sys=0.09s Real=0.39s
[2022-03-25T07:23:32.515+0000][60863.178s] GC(212) Pause Young (Normal) (G1 Evacuation Pause)
[2022-03-25T07:23:32.518+0000][60863.181s] GC(212) Using 4 workers of 4 for evacuation
[2022-03-25T07:23:32.649+0000][60863.313s] GC(212)   Pre Evacuate Collection Set: 0.2ms
[2022-03-25T07:23:32.660+0000][60863.323s] GC(212)   Evacuate Collection Set: 105.5ms
[2022-03-25T07:23:32.663+0000][60863.327s] GC(212)   Post Evacuate Collection Set: 11.0ms
[2022-03-25T07:23:32.673+0000][60863.337s] GC(212)   Other: 18.1ms
[2022-03-25T07:23:32.675+0000][60863.339s] GC(212) Eden regions: 22->0(22)
[2022-03-25T07:23:32.688+0000][60863.352s] GC(212) Survivor regions: 3->3(4)
[2022-03-25T07:23:32.705+0000][60863.368s] GC(212) Old regions: 199->200
[2022-03-25T07:23:32.711+0000][60863.375s] GC(212) Humongous regions: 7->7
[2022-03-25T07:23:32.751+0000][60863.415s] GC(212) Metaspace: 61670K->61670K(1105920K)
[2022-03-25T07:23:32.767+0000][60863.431s] GC(212) Pause Young (Normal) (G1 Evacuation Pause) 228M->206M(512M) 252.538ms
[2022-03-25T07:23:32.784+0000][60863.447s] GC(212) User=0.03s Sys=0.05s Real=0.26s
[2022-03-25T07:23:35.198+0000][60865.862s] GC(213) Pause Young (Normal) (G1 Evacuation Pause)
[2022-03-25T07:23:35.212+0000][60865.876s] GC(213) Using 4 workers of 4 for evacuation
[2022-03-25T07:23:35.399+0000][60866.062s] GC(213)   Pre Evacuate Collection Set: 0.1ms
[2022-03-25T07:23:35.412+0000][60866.076s] GC(213)   Evacuate Collection Set: 154.4ms
[2022-03-25T07:23:35.413+0000][60866.076s] GC(213)   Post Evacuate Collection Set: 29.4ms
[2022-03-25T07:23:35.413+0000][60866.077s] GC(213)   Other: 16.5ms
[2022-03-25T07:23:35.414+0000][60866.077s] GC(213) Eden regions: 22->0(24)
[2022-03-25T07:23:35.419+0000][60866.083s] GC(213) Survivor regions: 3->3(4)
[2022-03-25T07:23:35.442+0000][60866.106s] GC(213) Old regions: 200->200
[2022-03-25T07:23:35.446+0000][60866.110s] GC(213) Humongous regions: 7->7
[2022-03-25T07:23:35.456+0000][60866.120s] GC(213) Metaspace: 61681K->61681K(1105920K)
[2022-03-25T07:23:35.460+0000][60866.124s] GC(213) Pause Young (Normal) (G1 Evacuation Pause) 228M->207M(512M) 261.515ms
[2022-03-25T07:23:35.461+0000][60866.125s] GC(213) User=0.05s Sys=0.03s Real=0.26s
[2022-03-25T07:23:37.322+0000][60867.985s] GC(214) Pause Young (Normal) (G1 Evacuation Pause)
[2022-03-25T07:23:37.326+0000][60867.990s] GC(214) Using 4 workers of 4 for evacuation
[2022-03-25T07:23:37.427+0000][60868.091s] GC(214)   Pre Evacuate Collection Set: 0.0ms
[2022-03-25T07:23:37.432+0000][60868.095s] GC(214)   Evacuate Collection Set: 89.7ms
[2022-03-25T07:23:37.437+0000][60868.100s] GC(214)   Post Evacuate Collection Set: 0.6ms
[2022-03-25T07:23:37.446+0000][60868.110s] GC(214)   Other: 15.7ms
[2022-03-25T07:23:37.447+0000][60868.111s] GC(214) Eden regions: 24->0(25)
[2022-03-25T07:23:37.476+0000][60868.140s] GC(214) Survivor regions: 3->2(4)
[2022-03-25T07:23:37.493+0000][60868.156s] GC(214) Old regions: 200->200
[2022-03-25T07:23:37.495+0000][60868.159s] GC(214) Humongous regions: 7->7
[2022-03-25T07:23:37.501+0000][60868.165s] GC(214) Metaspace: 61683K->61683K(1105920K)
[2022-03-25T07:23:37.521+0000][60868.184s] GC(214) Pause Young (Normal) (G1 Evacuation Pause) 231M->206M(512M) 199.141ms
[2022-03-25T07:23:37.527+0000][60868.190s] GC(214) User=0.05s Sys=0.01s Real=0.21s
[2022-03-25T07:23:39.563+0000][60870.226s] GC(215) Pause Young (Normal) (G1 Evacuation Pause)
[2022-03-25T07:23:39.576+0000][60870.240s] GC(215) Using 4 workers of 4 for evacuation
[2022-03-25T07:23:40.285+0000][60870.949s] GC(215) MMU target violated: 251.0ms (250.0ms/251.0ms)
[2022-03-25T07:23:40.295+0000][60870.959s] GC(215)   Pre Evacuate Collection Set: 0.2ms
[2022-03-25T07:23:40.295+0000][60870.959s] GC(215)   Evacuate Collection Set: 692.2ms
[2022-03-25T07:23:40.296+0000][60870.960s] GC(215)   Post Evacuate Collection Set: 0.6ms
[2022-03-25T07:23:40.296+0000][60870.960s] GC(215)   Other: 39.5ms
[2022-03-25T07:23:40.299+0000][60870.963s] GC(215) Eden regions: 25->0(23)
[2022-03-25T07:23:40.307+0000][60870.971s] GC(215) Survivor regions: 2->4(4)
[2022-03-25T07:23:40.319+0000][60870.982s] GC(215) Old regions: 200->200
[2022-03-25T07:23:40.333+0000][60870.997s] GC(215) Humongous regions: 7->7
[2022-03-25T07:23:40.337+0000][60871.001s] GC(215) Metaspace: 61687K->61687K(1105920K)
[2022-03-25T07:23:40.339+0000][60871.002s] GC(215) Pause Young (Normal) (G1 Evacuation Pause) 231M->208M(512M) 776.235ms
[2022-03-25T07:23:40.340+0000][60871.004s] GC(215) User=0.32s Sys=0.23s Real=0.78s
[2022-03-25T07:23:51.303+0000][60881.966s] GC(216) Pause Young (Normal) (G1 Evacuation Pause)
[2022-03-25T07:23:51.303+0000][60881.967s] GC(216) Using 4 workers of 4 for evacuation
[2022-03-25T07:23:52.503+0000][60883.166s] GC(216) MMU target violated: 251.0ms (250.0ms/251.0ms)
[2022-03-25T07:23:52.545+0000][60883.209s] GC(216)   Pre Evacuate Collection Set: 0.0ms
[2022-03-25T07:23:52.549+0000][60883.213s] GC(216)   Evacuate Collection Set: 1197.9ms
[2022-03-25T07:23:52.550+0000][60883.214s] GC(216)   Post Evacuate Collection Set: 0.8ms
[2022-03-25T07:23:52.550+0000][60883.214s] GC(216)   Other: 44.1ms
[2022-03-25T07:23:52.551+0000][60883.215s] GC(216) Eden regions: 23->0(21)
[2022-03-25T07:23:52.552+0000][60883.216s] GC(216) Survivor regions: 4->4(4)
[2022-03-25T07:23:52.553+0000][60883.217s] GC(216) Old regions: 200->203
[2022-03-25T07:23:52.558+0000][60883.222s] GC(216) Humongous regions: 7->7
[2022-03-25T07:23:52.574+0000][60883.238s] GC(216) Metaspace: 61738K->61738K(1105920K)
[2022-03-25T07:23:52.590+0000][60883.254s] GC(216) Pause Young (Normal) (G1 Evacuation Pause) 231M->212M(512M) 1287.690ms
[2022-03-25T07:23:52.593+0000][60883.257s] GC(216) User=0.23s Sys=0.22s Real=1.29s
[2022-03-25T07:23:53.506+0000][60884.170s] GC(217) Pause Young (Normal) (G1 Evacuation Pause)
[2022-03-25T07:23:53.515+0000][60884.179s] GC(217) Using 4 workers of 4 for evacuation
[2022-03-25T07:23:53.984+0000][60884.648s] GC(217) MMU target violated: 251.0ms (250.0ms/251.0ms)
[2022-03-25T07:23:53.992+0000][60884.656s] GC(217)   Pre Evacuate Collection Set: 0.0ms
[2022-03-25T07:23:53.995+0000][60884.659s] GC(217)   Evacuate Collection Set: 436.4ms
[2022-03-25T07:23:53.996+0000][60884.660s] GC(217)   Post Evacuate Collection Set: 0.5ms
[2022-03-25T07:23:53.996+0000][60884.660s] GC(217)   Other: 49.2ms
[2022-03-25T07:23:53.997+0000][60884.661s] GC(217) Eden regions: 21->0(23)
[2022-03-25T07:23:53.997+0000][60884.661s] GC(217) Survivor regions: 4->2(4)
[2022-03-25T07:23:53.998+0000][60884.662s] GC(217) Old regions: 203->206
[2022-03-25T07:23:53.998+0000][60884.662s] GC(217) Humongous regions: 7->7
[2022-03-25T07:23:53.999+0000][60884.662s] GC(217) Metaspace: 61744K->61744K(1105920K)
[2022-03-25T07:23:54.000+0000][60884.663s] GC(217) Pause Young (Normal) (G1 Evacuation Pause) 233M->212M(512M) 493.663ms
[2022-03-25T07:23:54.012+0000][60884.676s] GC(217) User=0.08s Sys=0.12s Real=0.51s
[2022-03-25T07:23:56.226+0000][60886.890s] GC(218) Pause Young (Normal) (G1 Evacuation Pause)
[2022-03-25T07:23:56.240+0000][60886.904s] GC(218) Using 4 workers of 4 for evacuation
[2022-03-25T07:23:56.587+0000][60887.251s] GC(218) MMU target violated: 251.0ms (250.0ms/251.0ms)
[2022-03-25T07:23:56.602+0000][60887.266s] GC(218)   Pre Evacuate Collection Set: 0.0ms
[2022-03-25T07:23:56.649+0000][60887.312s] GC(218)   Evacuate Collection Set: 343.7ms
[2022-03-25T07:23:56.660+0000][60887.323s] GC(218)   Post Evacuate Collection Set: 0.5ms
[2022-03-25T07:23:56.679+0000][60887.343s] GC(218)   Other: 32.5ms
[2022-03-25T07:23:56.683+0000][60887.347s] GC(218) Eden regions: 23->0(23)
[2022-03-25T07:23:56.711+0000][60887.375s] GC(218) Survivor regions: 2->2(4)
[2022-03-25T07:23:56.726+0000][60887.389s] GC(218) Old regions: 206->206
[2022-03-25T07:23:56.729+0000][60887.392s] GC(218) Humongous regions: 7->7
[2022-03-25T07:23:56.730+0000][60887.393s] GC(218) Metaspace: 61744K->61744K(1105920K)
[2022-03-25T07:23:56.730+0000][60887.394s] GC(218) Pause Young (Normal) (G1 Evacuation Pause) 235M->213M(512M) 504.387ms
[2022-03-25T07:23:56.731+0000][60887.394s] GC(218) User=0.12s Sys=0.10s Real=0.50s
[2022-03-25T07:23:57.316+0000][60887.979s] GC(219) Pause Young (Normal) (G1 Evacuation Pause)
[2022-03-25T07:23:57.318+0000][60887.982s] GC(219) Using 4 workers of 4 for evacuation
[2022-03-25T07:23:57.534+0000][60888.198s] GC(219)   Pre Evacuate Collection Set: 0.2ms
[2022-03-25T07:23:57.536+0000][60888.200s] GC(219)   Evacuate Collection Set: 177.3ms
[2022-03-25T07:23:57.537+0000][60888.201s] GC(219)   Post Evacuate Collection Set: 19.8ms
[2022-03-25T07:23:57.537+0000][60888.201s] GC(219)   Other: 21.5ms
[2022-03-25T07:23:57.538+0000][60888.202s] GC(219) Eden regions: 23->0(22)
[2022-03-25T07:23:57.542+0000][60888.206s] GC(219) Survivor regions: 2->3(4)
[2022-03-25T07:23:57.552+0000][60888.215s] GC(219) Old regions: 206->206
[2022-03-25T07:23:57.560+0000][60888.223s] GC(219) Humongous regions: 7->7
[2022-03-25T07:23:57.572+0000][60888.236s] GC(219) Metaspace: 61744K->61744K(1105920K)
[2022-03-25T07:23:57.580+0000][60888.244s] GC(219) Pause Young (Normal) (G1 Evacuation Pause) 236M->213M(512M) 264.017ms
[2022-03-25T07:23:57.588+0000][60888.252s] GC(219) User=0.15s Sys=0.04s Real=0.27s
[2022-03-25T07:23:58.305+0000][60888.969s] GC(220) Pause Young (Normal) (G1 Evacuation Pause)
[2022-03-25T07:23:58.307+0000][60888.970s] GC(220) Using 4 workers of 4 for evacuation
[2022-03-25T07:23:58.439+0000][60889.102s] GC(220)   Pre Evacuate Collection Set: 0.0ms
[2022-03-25T07:23:58.439+0000][60889.103s] GC(220)   Evacuate Collection Set: 128.3ms
[2022-03-25T07:23:58.439+0000][60889.103s] GC(220)   Post Evacuate Collection Set: 0.5ms
[2022-03-25T07:23:58.440+0000][60889.104s] GC(220)   Other: 5.1ms
[2022-03-25T07:23:58.441+0000][60889.105s] GC(220) Eden regions: 22->0(23)
[2022-03-25T07:23:58.441+0000][60889.105s] GC(220) Survivor regions: 3->2(4)
[2022-03-25T07:23:58.442+0000][60889.106s] GC(220) Old regions: 206->207
[2022-03-25T07:23:58.444+0000][60889.107s] GC(220) Humongous regions: 7->7
[2022-03-25T07:23:58.452+0000][60889.116s] GC(220) Metaspace: 61744K->61744K(1105920K)
[2022-03-25T07:23:58.457+0000][60889.121s] GC(220) Pause Young (Normal) (G1 Evacuation Pause) 235M->213M(512M) 152.386ms
[2022-03-25T07:23:58.468+0000][60889.131s] GC(220) User=0.06s Sys=0.00s Real=0.16s
[2022-03-25T07:24:00.687+0000][60891.350s] GC(221) Pause Young (Normal) (G1 Evacuation Pause)
[2022-03-25T07:24:00.702+0000][60891.366s] GC(221) Using 4 workers of 4 for evacuation
[2022-03-25T07:24:00.760+0000][60891.424s] GC(221)   Pre Evacuate Collection Set: 0.0ms
[2022-03-25T07:24:00.761+0000][60891.424s] GC(221)   Evacuate Collection Set: 50.7ms
[2022-03-25T07:24:00.776+0000][60891.439s] GC(221)   Post Evacuate Collection Set: 0.9ms
[2022-03-25T07:24:00.779+0000][60891.443s] GC(221)   Other: 21.7ms
[2022-03-25T07:24:00.788+0000][60891.451s] GC(221) Eden regions: 23->0(25)
[2022-03-25T07:24:00.790+0000][60891.454s] GC(221) Survivor regions: 2->2(4)
[2022-03-25T07:24:00.791+0000][60891.455s] GC(221) Old regions: 207->207
[2022-03-25T07:24:00.794+0000][60891.458s] GC(221) Humongous regions: 7->7
[2022-03-25T07:24:00.795+0000][60891.459s] GC(221) Metaspace: 61744K->61744K(1105920K)
[2022-03-25T07:24:00.796+0000][60891.460s] GC(221) Pause Young (Normal) (G1 Evacuation Pause) 236M->213M(512M) 109.378ms
[2022-03-25T07:24:00.797+0000][60891.461s] GC(221) User=0.05s Sys=0.02s Real=0.12s
[2022-03-25T07:24:01.406+0000][60892.069s] GC(222) Pause Young (Normal) (G1 Evacuation Pause)
[2022-03-25T07:24:01.413+0000][60892.077s] GC(222) Using 4 workers of 4 for evacuation
[2022-03-25T07:24:01.497+0000][60892.161s] GC(222)   Pre Evacuate Collection Set: 1.7ms
[2022-03-25T07:24:01.522+0000][60892.185s] GC(222)   Evacuate Collection Set: 78.4ms
[2022-03-25T07:24:01.540+0000][60892.204s] GC(222)   Post Evacuate Collection Set: 0.4ms
[2022-03-25T07:24:01.544+0000][60892.208s] GC(222)   Other: 10.8ms
[2022-03-25T07:24:01.555+0000][60892.219s] GC(222) Eden regions: 25->0(29)
[2022-03-25T07:24:01.565+0000][60892.228s] GC(222) Survivor regions: 2->2(4)
[2022-03-25T07:24:01.566+0000][60892.229s] GC(222) Old regions: 207->207
[2022-03-25T07:24:01.567+0000][60892.231s] GC(222) Humongous regions: 7->7
[2022-03-25T07:24:01.576+0000][60892.239s] GC(222) Metaspace: 61744K->61744K(1105920K)
[2022-03-25T07:24:01.581+0000][60892.245s] GC(222) Pause Young (Normal) (G1 Evacuation Pause) 238M->213M(512M) 175.444ms
[2022-03-25T07:24:01.591+0000][60892.255s] GC(222) User=0.08s Sys=0.00s Real=0.18s
[2022-03-25T07:24:02.955+0000][60893.618s] GC(223) Pause Young (Normal) (G1 Evacuation Pause)
[2022-03-25T07:24:02.956+0000][60893.619s] GC(223) Using 4 workers of 4 for evacuation
[2022-03-25T07:24:03.034+0000][60893.698s] GC(223)   Pre Evacuate Collection Set: 0.0ms
[2022-03-25T07:24:03.035+0000][60893.699s] GC(223)   Evacuate Collection Set: 65.4ms
[2022-03-25T07:24:03.035+0000][60893.699s] GC(223)   Post Evacuate Collection Set: 12.4ms
[2022-03-25T07:24:03.036+0000][60893.699s] GC(223)   Other: 2.1ms
[2022-03-25T07:24:03.036+0000][60893.700s] GC(223) Eden regions: 29->0(33)
[2022-03-25T07:24:03.037+0000][60893.700s] GC(223) Survivor regions: 2->2(4)
[2022-03-25T07:24:03.037+0000][60893.701s] GC(223) Old regions: 207->207
[2022-03-25T07:24:03.037+0000][60893.701s] GC(223) Humongous regions: 7->7
[2022-03-25T07:24:03.048+0000][60893.712s] GC(223) Metaspace: 61744K->61744K(1105920K)
[2022-03-25T07:24:03.051+0000][60893.715s] GC(223) Pause Young (Normal) (G1 Evacuation Pause) 242M->213M(512M) 96.939ms
[2022-03-25T07:24:03.053+0000][60893.717s] GC(223) User=0.05s Sys=0.05s Real=0.09s
[2022-03-25T07:24:03.728+0000][60894.392s] GC(224) Pause Young (Normal) (G1 Evacuation Pause)
[2022-03-25T07:24:03.736+0000][60894.400s] GC(224) Using 4 workers of 4 for evacuation
[2022-03-25T07:24:03.805+0000][60894.469s] GC(224)   Pre Evacuate Collection Set: 0.0ms
[2022-03-25T07:24:03.806+0000][60894.469s] GC(224)   Evacuate Collection Set: 60.3ms
[2022-03-25T07:24:03.806+0000][60894.470s] GC(224)   Post Evacuate Collection Set: 0.5ms
[2022-03-25T07:24:03.807+0000][60894.470s] GC(224)   Other: 15.7ms
[2022-03-25T07:24:03.807+0000][60894.471s] GC(224) Eden regions: 33->0(38)
[2022-03-25T07:24:03.808+0000][60894.471s] GC(224) Survivor regions: 2->2(5)
[2022-03-25T07:24:03.808+0000][60894.472s] GC(224) Old regions: 207->207
[2022-03-25T07:24:03.809+0000][60894.473s] GC(224) Humongous regions: 7->7
[2022-03-25T07:24:03.810+0000][60894.473s] GC(224) Metaspace: 61744K->61744K(1105920K)
[2022-03-25T07:24:03.812+0000][60894.475s] GC(224) Pause Young (Normal) (G1 Evacuation Pause) 246M->213M(512M) 83.100ms
[2022-03-25T07:24:03.812+0000][60894.476s] GC(224) User=0.06s Sys=0.00s Real=0.08s
[2022-03-25T07:24:13.343+0000][60904.007s] GC(225) Pause Young (Normal) (G1 Evacuation Pause)
[2022-03-25T07:24:13.358+0000][60904.022s] GC(225) Using 4 workers of 4 for evacuation
[2022-03-25T07:24:13.719+0000][60904.383s] GC(225) MMU target violated: 251.0ms (250.0ms/251.0ms)
[2022-03-25T07:24:13.725+0000][60904.388s] GC(225)   Pre Evacuate Collection Set: 0.1ms
[2022-03-25T07:24:13.730+0000][60904.393s] GC(225)   Evacuate Collection Set: 346.1ms
[2022-03-25T07:24:13.732+0000][60904.396s] GC(225)   Post Evacuate Collection Set: 0.7ms
[2022-03-25T07:24:13.740+0000][60904.404s] GC(225)   Other: 34.6ms
[2022-03-25T07:24:13.744+0000][60904.408s] GC(225) Eden regions: 38->0(29)
[2022-03-25T07:24:13.755+0000][60904.419s] GC(225) Survivor regions: 2->3(5)
[2022-03-25T07:24:13.764+0000][60904.427s] GC(225) Old regions: 207->207
[2022-03-25T07:24:13.772+0000][60904.436s] GC(225) Humongous regions: 7->7
[2022-03-25T07:24:13.775+0000][60904.439s] GC(225) Metaspace: 61744K->61744K(1105920K)
[2022-03-25T07:24:13.780+0000][60904.444s] GC(225) Pause Young (Normal) (G1 Evacuation Pause) 251M->214M(512M) 436.883ms
[2022-03-25T07:24:13.794+0000][60904.458s] GC(225) User=0.17s Sys=0.10s Real=0.47s
[2022-03-25T07:24:14.792+0000][60905.455s] GC(226) Pause Young (Normal) (G1 Evacuation Pause)
[2022-03-25T07:24:14.795+0000][60905.458s] GC(226) Using 4 workers of 4 for evacuation
[2022-03-25T07:24:14.836+0000][60905.512s] GC(226)   Pre Evacuate Collection Set: 0.0ms
[2022-03-25T07:24:14.850+0000][60905.514s] GC(226)   Evacuate Collection Set: 30.6ms
[2022-03-25T07:24:14.851+0000][60905.515s] GC(226)   Post Evacuate Collection Set: 1.7ms
[2022-03-25T07:24:14.852+0000][60905.516s] GC(226)   Other: 12.2ms
[2022-03-25T07:24:14.857+0000][60905.520s] GC(226) Eden regions: 29->0(34)
[2022-03-25T07:24:14.859+0000][60905.522s] GC(226) Survivor regions: 3->3(4)
[2022-03-25T07:24:14.869+0000][60905.533s] GC(226) Old regions: 207->207
[2022-03-25T07:24:14.873+0000][60905.536s] GC(226) Humongous regions: 7->7
[2022-03-25T07:24:14.875+0000][60905.538s] GC(226) Metaspace: 61744K->61744K(1105920K)
[2022-03-25T07:24:14.877+0000][60905.540s] GC(226) Pause Young (Normal) (G1 Evacuation Pause) 243M->214M(512M) 84.934ms
[2022-03-25T07:24:14.878+0000][60905.542s] GC(226) User=0.05s Sys=0.00s Real=0.09s
[2022-03-25T07:24:16.177+0000][60906.841s] GC(227) Pause Young (Normal) (G1 Evacuation Pause)
[2022-03-25T07:24:16.192+0000][60906.856s] GC(227) Using 4 workers of 4 for evacuation
[2022-03-25T07:24:16.258+0000][60906.921s] GC(227)   Pre Evacuate Collection Set: 0.0ms
[2022-03-25T07:24:16.261+0000][60906.924s] GC(227)   Evacuate Collection Set: 55.9ms
[2022-03-25T07:24:16.264+0000][60906.927s] GC(227)   Post Evacuate Collection Set: 0.8ms
[2022-03-25T07:24:16.272+0000][60906.936s] GC(227)   Other: 23.6ms
[2022-03-25T07:24:16.283+0000][60906.947s] GC(227) Eden regions: 34->0(38)
[2022-03-25T07:24:16.287+0000][60906.951s] GC(227) Survivor regions: 3->3(5)
[2022-03-25T07:24:16.296+0000][60906.959s] GC(227) Old regions: 207->207
[2022-03-25T07:24:16.299+0000][60906.963s] GC(227) Humongous regions: 7->7
[2022-03-25T07:24:16.304+0000][60906.968s] GC(227) Metaspace: 61744K->61744K(1105920K)
[2022-03-25T07:24:16.308+0000][60906.972s] GC(227) Pause Young (Normal) (G1 Evacuation Pause) 248M->214M(512M) 130.719ms
[2022-03-25T07:24:16.313+0000][60906.977s] GC(227) User=0.04s Sys=0.04s Real=0.13s
[2022-03-25T07:24:19.081+0000][60909.744s] GC(228) Pause Young (Normal) (G1 Evacuation Pause)
[2022-03-25T07:24:19.096+0000][60909.763s] GC(228) Using 4 workers of 4 for evacuation
[2022-03-25T07:24:19.366+0000][60910.029s] GC(228) MMU target violated: 251.0ms (250.0ms/251.0ms)
[2022-03-25T07:24:19.381+0000][60910.045s] GC(228)   Pre Evacuate Collection Set: 0.0ms
[2022-03-25T07:24:19.396+0000][60910.060s] GC(228)   Evacuate Collection Set: 253.4ms
[2022-03-25T07:24:19.412+0000][60910.076s] GC(228)   Post Evacuate Collection Set: 0.5ms
[2022-03-25T07:24:19.418+0000][60910.081s] GC(228)   Other: 46.6ms
[2022-03-25T07:24:19.418+0000][60910.082s] GC(228) Eden regions: 38->0(37)
[2022-03-25T07:24:19.422+0000][60910.085s] GC(228) Survivor regions: 3->3(6)
[2022-03-25T07:24:19.428+0000][60910.092s] GC(228) Old regions: 207->207
[2022-03-25T07:24:19.433+0000][60910.097s] GC(228) Humongous regions: 7->7
[2022-03-25T07:24:19.434+0000][60910.097s] GC(228) Metaspace: 61744K->61744K(1105920K)
[2022-03-25T07:24:19.444+0000][60910.108s] GC(228) Pause Young (Normal) (G1 Evacuation Pause) 252M->214M(512M) 363.353ms
[2022-03-25T07:24:19.448+0000][60910.112s] GC(228) User=0.15s Sys=0.11s Real=0.37s
[2022-03-25T07:24:21.096+0000][60911.760s] GC(229) Pause Young (Normal) (G1 Evacuation Pause)
[2022-03-25T07:24:21.124+0000][60911.788s] GC(229) Using 4 workers of 4 for evacuation
[2022-03-25T07:24:21.497+0000][60912.160s] GC(229) MMU target violated: 251.0ms (250.0ms/251.0ms)
[2022-03-25T07:24:21.525+0000][60912.188s] GC(229)   Pre Evacuate Collection Set: 0.0ms
[2022-03-25T07:24:21.542+0000][60912.205s] GC(229)   Evacuate Collection Set: 327.4ms
[2022-03-25T07:24:21.559+0000][60912.222s] GC(229)   Post Evacuate Collection Set: 1.0ms
[2022-03-25T07:24:21.574+0000][60912.238s] GC(229)   Other: 100.4ms
[2022-03-25T07:24:21.590+0000][60912.254s] GC(229) Eden regions: 37->0(36)
[2022-03-25T07:24:21.607+0000][60912.270s] GC(229) Survivor regions: 3->4(5)
[2022-03-25T07:24:21.622+0000][60912.286s] GC(229) Old regions: 207->207
[2022-03-25T07:24:21.628+0000][60912.291s] GC(229) Humongous regions: 7->7
[2022-03-25T07:24:21.628+0000][60912.292s] GC(229) Metaspace: 61744K->61744K(1105920K)
[2022-03-25T07:24:21.645+0000][60912.324s] GC(229) Pause Young (Normal) (G1 Evacuation Pause) 251M->215M(512M) 549.188ms
[2022-03-25T07:24:21.673+0000][60912.336s] GC(229) User=0.07s Sys=0.14s Real=0.57s
[2022-03-25T07:24:22.879+0000][60913.542s] GC(230) Pause Young (Normal) (G1 Evacuation Pause)
[2022-03-25T07:24:22.879+0000][60913.543s] GC(230) Using 4 workers of 4 for evacuation
[2022-03-25T07:24:23.016+0000][60913.680s] GC(230)   Pre Evacuate Collection Set: 0.0ms
[2022-03-25T07:24:23.027+0000][60913.691s] GC(230)   Evacuate Collection Set: 134.6ms
[2022-03-25T07:24:23.038+0000][60913.702s] GC(230)   Post Evacuate Collection Set: 0.6ms
[2022-03-25T07:24:23.049+0000][60913.713s] GC(230)   Other: 2.3ms
[2022-03-25T07:24:23.055+0000][60913.719s] GC(230) Eden regions: 36->0(38)
[2022-03-25T07:24:23.056+0000][60913.720s] GC(230) Survivor regions: 4->4(5)
[2022-03-25T07:24:23.061+0000][60913.724s] GC(230) Old regions: 207->208
[2022-03-25T07:24:23.062+0000][60913.726s] GC(230) Humongous regions: 7->7
[2022-03-25T07:24:23.072+0000][60913.735s] GC(230) Metaspace: 61755K->61755K(1105920K)
[2022-03-25T07:24:23.074+0000][60913.737s] GC(230) Pause Young (Normal) (G1 Evacuation Pause) 251M->215M(512M) 195.268ms
[2022-03-25T07:24:23.078+0000][60913.741s] GC(230) User=0.04s Sys=0.05s Real=0.20s
[2022-03-25T07:24:24.635+0000][60915.298s] GC(231) Pause Young (Normal) (G1 Evacuation Pause)
[2022-03-25T07:24:24.649+0000][60915.313s] GC(231) Using 4 workers of 4 for evacuation
[2022-03-25T07:24:24.812+0000][60915.475s] GC(231)   Pre Evacuate Collection Set: 0.0ms
[2022-03-25T07:24:24.821+0000][60915.484s] GC(231)   Evacuate Collection Set: 121.3ms
[2022-03-25T07:24:24.838+0000][60915.502s] GC(231)   Post Evacuate Collection Set: 21.4ms
[2022-03-25T07:24:24.854+0000][60915.517s] GC(231)   Other: 34.1ms
[2022-03-25T07:24:24.857+0000][60915.521s] GC(231) Eden regions: 38->0(41)
[2022-03-25T07:24:24.864+0000][60915.528s] GC(231) Survivor regions: 4->4(6)
[2022-03-25T07:24:24.865+0000][60915.529s] GC(231) Old regions: 208->208
[2022-03-25T07:24:24.878+0000][60915.542s] GC(231) Humongous regions: 7->7
[2022-03-25T07:24:24.879+0000][60915.543s] GC(231) Metaspace: 61762K->61762K(1105920K)
[2022-03-25T07:24:24.879+0000][60915.543s] GC(231) Pause Young (Normal) (G1 Evacuation Pause) 253M->215M(512M) 244.626ms
[2022-03-25T07:24:24.880+0000][60915.544s] GC(231) User=0.05s Sys=0.10s Real=0.24s
[2022-03-25T07:24:27.991+0000][60918.654s] GC(232) Pause Young (Normal) (G1 Evacuation Pause)
[2022-03-25T07:24:27.992+0000][60918.656s] GC(232) Using 4 workers of 4 for evacuation
[2022-03-25T07:24:28.628+0000][60919.291s] GC(232) MMU target violated: 251.0ms (250.0ms/251.0ms)
[2022-03-25T07:24:28.661+0000][60919.325s] GC(232)   Pre Evacuate Collection Set: 0.0ms
[2022-03-25T07:24:28.722+0000][60919.385s] GC(232)   Evacuate Collection Set: 623.5ms
[2022-03-25T07:24:28.784+0000][60919.447s] GC(232)   Post Evacuate Collection Set: 0.6ms
[2022-03-25T07:24:28.840+0000][60919.503s] GC(232)   Other: 46.7ms
[2022-03-25T07:24:28.934+0000][60919.597s] GC(232) Eden regions: 41->0(34)
[2022-03-25T07:24:28.970+0000][60919.634s] GC(232) Survivor regions: 4->4(6)
[2022-03-25T07:24:29.041+0000][60919.704s] GC(232) Old regions: 208->208
[2022-03-25T07:24:29.090+0000][60919.753s] GC(232) Humongous regions: 7->7
[2022-03-25T07:24:29.109+0000][60919.773s] GC(232) Metaspace: 61769K->61769K(1105920K)
[2022-03-25T07:24:29.126+0000][60919.790s] GC(232) Pause Young (Normal) (G1 Evacuation Pause) 256M->215M(512M) 1135.568ms
[2022-03-25T07:24:29.177+0000][60919.841s] GC(232) User=0.39s Sys=0.24s Real=1.19s
[2022-03-25T07:24:32.437+0000][60923.101s] GC(233) Pause Young (Normal) (G1 Evacuation Pause)
[2022-03-25T07:24:32.495+0000][60923.158s] GC(233) Using 4 workers of 4 for evacuation
[2022-03-25T07:24:34.045+0000][60924.709s] GC(233) MMU target violated: 251.0ms (250.0ms/251.0ms)
[2022-03-25T07:24:34.061+0000][60924.725s] GC(233)   Pre Evacuate Collection Set: 0.1ms
[2022-03-25T07:24:34.067+0000][60924.730s] GC(233)   Evacuate Collection Set: 1252.7ms
[2022-03-25T07:24:34.083+0000][60924.746s] GC(233)   Post Evacuate Collection Set: 0.6ms
[2022-03-25T07:24:34.103+0000][60924.767s] GC(233)   Other: 370.2ms
[2022-03-25T07:24:34.121+0000][60924.785s] GC(233) Eden regions: 34->0(21)
[2022-03-25T07:24:34.130+0000][60924.794s] GC(233) Survivor regions: 4->4(5)
[2022-03-25T07:24:34.142+0000][60924.806s] GC(233) Old regions: 208->208
[2022-03-25T07:24:34.158+0000][60924.822s] GC(233) Humongous regions: 7->7
[2022-03-25T07:24:34.173+0000][60924.836s] GC(233) Metaspace: 61769K->61769K(1105920K)
[2022-03-25T07:24:34.186+0000][60924.850s] GC(233) Pause Young (Normal) (G1 Evacuation Pause) 249M->217M(512M) 1748.761ms
[2022-03-25T07:24:34.196+0000][60924.859s] GC(233) User=0.05s Sys=0.02s Real=1.76s
[2022-03-25T07:24:35.024+0000][60925.688s] GC(234) Pause Young (Normal) (G1 Evacuation Pause)
[2022-03-25T07:24:35.037+0000][60925.701s] GC(234) Using 4 workers of 4 for evacuation
[2022-03-25T07:24:35.501+0000][60926.165s] GC(234) MMU target violated: 251.0ms (250.0ms/251.0ms)
[2022-03-25T07:24:35.518+0000][60926.181s] GC(234)   Pre Evacuate Collection Set: 0.0ms
[2022-03-25T07:24:35.529+0000][60926.193s] GC(234)   Evacuate Collection Set: 446.8ms
[2022-03-25T07:24:35.539+0000][60926.202s] GC(234)   Post Evacuate Collection Set: 0.5ms
[2022-03-25T07:24:35.553+0000][60926.217s] GC(234)   Other: 46.5ms
[2022-03-25T07:24:35.562+0000][60926.226s] GC(234) Eden regions: 21->0(22)
[2022-03-25T07:24:35.694+0000][60926.358s] GC(234) Survivor regions: 4->3(4)
[2022-03-25T07:24:35.718+0000][60926.382s] GC(234) Old regions: 208->210
[2022-03-25T07:24:35.738+0000][60926.402s] GC(234) Humongous regions: 7->7
[2022-03-25T07:24:35.745+0000][60926.409s] GC(234) Metaspace: 61769K->61769K(1105920K)
[2022-03-25T07:24:35.753+0000][60926.417s] GC(234) Pause Young (Normal) (G1 Evacuation Pause) 238M->217M(512M) 729.208ms
[2022-03-25T07:24:35.758+0000][60926.422s] GC(234) User=0.07s Sys=0.10s Real=0.74s
[2022-03-25T07:24:36.616+0000][60927.280s] GC(235) Pause Young (Normal) (G1 Evacuation Pause)
[2022-03-25T07:24:36.635+0000][60927.299s] GC(235) Using 4 workers of 4 for evacuation
[2022-03-25T07:24:37.053+0000][60927.716s] GC(235) MMU target violated: 251.0ms (250.0ms/251.0ms)
[2022-03-25T07:24:37.063+0000][60927.726s] GC(235)   Pre Evacuate Collection Set: 0.0ms
[2022-03-25T07:24:37.066+0000][60927.730s] GC(235)   Evacuate Collection Set: 407.4ms
[2022-03-25T07:24:37.067+0000][60927.730s] GC(235)   Post Evacuate Collection Set: 0.6ms
[2022-03-25T07:24:37.077+0000][60927.740s] GC(235)   Other: 38.3ms
[2022-03-25T07:24:37.079+0000][60927.743s] GC(235) Eden regions: 22->0(23)
[2022-03-25T07:24:37.086+0000][60927.750s] GC(235) Survivor regions: 3->2(4)
[2022-03-25T07:24:37.090+0000][60927.754s] GC(235) Old regions: 210->210
[2022-03-25T07:24:37.096+0000][60927.760s] GC(235) Humongous regions: 7->7
[2022-03-25T07:24:37.098+0000][60927.762s] GC(235) Metaspace: 61769K->61769K(1105920K)
[2022-03-25T07:24:37.111+0000][60927.775s] GC(235) Pause Young (Normal) (G1 Evacuation Pause) 239M->217M(512M) 495.006ms
[2022-03-25T07:24:37.115+0000][60927.779s] GC(235) User=0.23s Sys=0.05s Real=0.50s
[2022-03-25T07:24:38.887+0000][60929.551s] GC(236) Pause Young (Normal) (G1 Evacuation Pause)
[2022-03-25T07:24:38.889+0000][60929.552s] GC(236) Using 4 workers of 4 for evacuation
[2022-03-25T07:24:39.045+0000][60929.709s] GC(236)   Pre Evacuate Collection Set: 0.1ms
[2022-03-25T07:24:39.060+0000][60929.724s] GC(236)   Evacuate Collection Set: 154.6ms
[2022-03-25T07:24:39.073+0000][60929.737s] GC(236)   Post Evacuate Collection Set: 0.4ms
[2022-03-25T07:24:39.086+0000][60929.749s] GC(236)   Other: 3.1ms
[2022-03-25T07:24:39.099+0000][60929.763s] GC(236) Eden regions: 23->0(22)
[2022-03-25T07:24:39.110+0000][60929.774s] GC(236) Survivor regions: 2->3(4)
[2022-03-25T07:24:39.127+0000][60929.790s] GC(236) Old regions: 210->210
[2022-03-25T07:24:39.132+0000][60929.795s] GC(236) Humongous regions: 7->7
[2022-03-25T07:24:39.135+0000][60929.799s] GC(236) Metaspace: 61769K->61769K(1105920K)
[2022-03-25T07:24:39.159+0000][60929.822s] GC(236) Pause Young (Normal) (G1 Evacuation Pause) 240M->218M(512M) 271.171ms
[2022-03-25T07:24:39.166+0000][60929.829s] GC(236) User=0.08s Sys=0.08s Real=0.28s
[2022-03-25T07:24:39.909+0000][60930.573s] GC(237) Pause Young (Normal) (G1 Evacuation Pause)
[2022-03-25T07:24:39.919+0000][60930.583s] GC(237) Using 4 workers of 4 for evacuation
[2022-03-25T07:24:40.355+0000][60931.019s] GC(237) MMU target violated: 251.0ms (250.0ms/251.0ms)
[2022-03-25T07:24:40.356+0000][60931.020s] GC(237)   Pre Evacuate Collection Set: 0.1ms
[2022-03-25T07:24:40.364+0000][60931.028s] GC(237)   Evacuate Collection Set: 417.2ms
[2022-03-25T07:24:40.373+0000][60931.037s] GC(237)   Post Evacuate Collection Set: 10.7ms
[2022-03-25T07:24:40.400+0000][60931.064s] GC(237)   Other: 19.1ms
[2022-03-25T07:24:40.419+0000][60931.083s] GC(237) Eden regions: 22->0(22)
[2022-03-25T07:24:40.425+0000][60931.089s] GC(237) Survivor regions: 3->3(4)
[2022-03-25T07:24:40.434+0000][60931.097s] GC(237) Old regions: 210->212
[2022-03-25T07:24:40.439+0000][60931.102s] GC(237) Humongous regions: 7->7
[2022-03-25T07:24:40.446+0000][60931.109s] GC(237) Metaspace: 61769K->61769K(1105920K)
[2022-03-25T07:24:40.451+0000][60931.115s] GC(237) Pause Young (Normal) (G1 Evacuation Pause) 240M->219M(512M) 541.945ms
[2022-03-25T07:24:40.464+0000][60931.127s] GC(237) User=0.16s Sys=0.18s Real=0.55s
[2022-03-25T07:24:41.235+0000][60931.898s] GC(238) Pause Young (Normal) (G1 Evacuation Pause)
[2022-03-25T07:24:41.242+0000][60931.906s] GC(238) Using 4 workers of 4 for evacuation
[2022-03-25T07:24:41.491+0000][60932.154s] GC(238)   Pre Evacuate Collection Set: 0.0ms
[2022-03-25T07:24:41.492+0000][60932.155s] GC(238)   Evacuate Collection Set: 246.5ms
[2022-03-25T07:24:41.497+0000][60932.161s] GC(238)   Post Evacuate Collection Set: 0.6ms
[2022-03-25T07:24:41.500+0000][60932.163s] GC(238)   Other: 8.8ms
[2022-03-25T07:24:41.502+0000][60932.165s] GC(238) Eden regions: 22->0(23)
[2022-03-25T07:24:41.513+0000][60932.177s] GC(238) Survivor regions: 3->2(4)
[2022-03-25T07:24:41.515+0000][60932.179s] GC(238) Old regions: 212->213
[2022-03-25T07:24:41.518+0000][60932.182s] GC(238) Humongous regions: 7->7
[2022-03-25T07:24:41.520+0000][60932.183s] GC(238) Metaspace: 61769K->61769K(1105920K)
[2022-03-25T07:24:41.520+0000][60932.184s] GC(238) Pause Young (Normal) (G1 Evacuation Pause) 241M->219M(512M) 285.675ms
[2022-03-25T07:24:41.522+0000][60932.186s] GC(238) User=0.08s Sys=0.06s Real=0.29s
[2022-03-25T07:24:43.026+0000][60933.690s] GC(239) Pause Young (Normal) (G1 Evacuation Pause)
[2022-03-25T07:24:43.041+0000][60933.705s] GC(239) Using 4 workers of 4 for evacuation
[2022-03-25T07:24:43.186+0000][60933.849s] GC(239)   Pre Evacuate Collection Set: 0.0ms
[2022-03-25T07:24:43.190+0000][60933.853s] GC(239)   Evacuate Collection Set: 115.3ms
[2022-03-25T07:24:43.200+0000][60933.864s] GC(239)   Post Evacuate Collection Set: 12.6ms
[2022-03-25T07:24:43.209+0000][60933.872s] GC(239)   Other: 31.5ms
[2022-03-25T07:24:43.211+0000][60933.875s] GC(239) Eden regions: 23->0(23)
[2022-03-25T07:24:43.217+0000][60933.880s] GC(239) Survivor regions: 2->2(4)
[2022-03-25T07:24:43.233+0000][60933.896s] GC(239) Old regions: 213->213
[2022-03-25T07:24:43.238+0000][60933.902s] GC(239) Humongous regions: 7->7
[2022-03-25T07:24:43.250+0000][60933.913s] GC(239) Metaspace: 61769K->61769K(1105920K)
[2022-03-25T07:24:43.266+0000][60933.930s] GC(239) Pause Young (Normal) (G1 Evacuation Pause) 242M->219M(512M) 239.629ms
[2022-03-25T07:24:43.266+0000][60933.930s] GC(239) User=0.07s Sys=0.01s Real=0.24s
[2022-03-25T07:24:44.196+0000][60934.859s] GC(240) Pause Young (Normal) (G1 Evacuation Pause)
[2022-03-25T07:24:44.209+0000][60934.873s] GC(240) Using 4 workers of 4 for evacuation
[2022-03-25T07:24:44.314+0000][60934.978s] GC(240)   Pre Evacuate Collection Set: 0.0ms
[2022-03-25T07:24:44.335+0000][60934.998s] GC(240)   Evacuate Collection Set: 76.3ms
[2022-03-25T07:24:44.344+0000][60935.007s] GC(240)   Post Evacuate Collection Set: 9.1ms
[2022-03-25T07:24:44.353+0000][60935.017s] GC(240)   Other: 32.8ms
[2022-03-25T07:24:44.360+0000][60935.023s] GC(240) Eden regions: 23->0(27)
[2022-03-25T07:24:44.364+0000][60935.028s] GC(240) Survivor regions: 2->2(4)
[2022-03-25T07:24:44.365+0000][60935.029s] GC(240) Old regions: 213->213
[2022-03-25T07:24:44.366+0000][60935.030s] GC(240) Humongous regions: 7->7
[2022-03-25T07:24:44.367+0000][60935.030s] GC(240) Metaspace: 61769K->61769K(1105920K)
[2022-03-25T07:24:44.367+0000][60935.031s] GC(240) Pause Young (Normal) (G1 Evacuation Pause) 242M->219M(512M) 171.225ms
[2022-03-25T07:24:44.367+0000][60935.031s] GC(240) User=0.04s Sys=0.02s Real=0.16s
[2022-03-25T07:24:44.934+0000][60935.598s] GC(241) Pause Young (Normal) (G1 Evacuation Pause)
[2022-03-25T07:24:44.942+0000][60935.606s] GC(241) Using 4 workers of 4 for evacuation
[2022-03-25T07:24:45.003+0000][60935.667s] GC(241)   Pre Evacuate Collection Set: 0.0ms
[2022-03-25T07:24:45.007+0000][60935.670s] GC(241)   Evacuate Collection Set: 21.5ms
[2022-03-25T07:24:45.010+0000][60935.673s] GC(241)   Post Evacuate Collection Set: 38.9ms
[2022-03-25T07:24:45.010+0000][60935.674s] GC(241)   Other: 9.1ms
[2022-03-25T07:24:45.012+0000][60935.676s] GC(241) Eden regions: 27->0(33)
[2022-03-25T07:24:45.014+0000][60935.678s] GC(241) Survivor regions: 2->2(4)
[2022-03-25T07:24:45.016+0000][60935.679s] GC(241) Old regions: 213->213
[2022-03-25T07:24:45.024+0000][60935.688s] GC(241) Humongous regions: 7->7
[2022-03-25T07:24:45.025+0000][60935.688s] GC(241) Metaspace: 61769K->61769K(1105920K)
[2022-03-25T07:24:45.025+0000][60935.689s] GC(241) Pause Young (Normal) (G1 Evacuation Pause) 246M->219M(512M) 91.105ms
[2022-03-25T07:24:45.025+0000][60935.689s] GC(241) User=0.02s Sys=0.01s Real=0.10s
[2022-03-25T07:24:46.687+0000][60937.350s] GC(242) Pause Young (Normal) (G1 Evacuation Pause)
[2022-03-25T07:24:46.733+0000][60937.397s] GC(242) Using 4 workers of 4 for evacuation
[2022-03-25T07:24:47.056+0000][60937.719s] GC(242) MMU target violated: 251.0ms (250.0ms/251.0ms)
[2022-03-25T07:24:47.063+0000][60937.727s] GC(242)   Pre Evacuate Collection Set: 0.0ms
[2022-03-25T07:24:47.066+0000][60937.729s] GC(242)   Evacuate Collection Set: 307.3ms
[2022-03-25T07:24:47.078+0000][60937.742s] GC(242)   Post Evacuate Collection Set: 0.7ms
[2022-03-25T07:24:47.089+0000][60937.752s] GC(242)   Other: 68.7ms
[2022-03-25T07:24:47.098+0000][60937.761s] GC(242) Eden regions: 33->0(36)
[2022-03-25T07:24:47.102+0000][60937.766s] GC(242) Survivor regions: 2->2(5)
[2022-03-25T07:24:47.104+0000][60937.768s] GC(242) Old regions: 213->213
[2022-03-25T07:24:47.106+0000][60937.770s] GC(242) Humongous regions: 7->7
[2022-03-25T07:24:47.108+0000][60937.772s] GC(242) Metaspace: 61770K->61770K(1105920K)
[2022-03-25T07:24:47.109+0000][60937.773s] GC(242) Pause Young (Normal) (G1 Evacuation Pause) 252M->219M(512M) 422.488ms
[2022-03-25T07:24:47.111+0000][60937.774s] GC(242) User=0.22s Sys=0.05s Real=0.42s
[2022-03-25T07:24:57.996+0000][60948.659s] GC(243) Pause Young (Normal) (G1 Evacuation Pause)
[2022-03-25T07:24:58.003+0000][60948.666s] GC(243) Using 4 workers of 4 for evacuation
[2022-03-25T07:24:58.121+0000][60948.785s] GC(243)   Pre Evacuate Collection Set: 0.0ms
[2022-03-25T07:24:58.123+0000][60948.787s] GC(243)   Evacuate Collection Set: 83.0ms
[2022-03-25T07:24:58.126+0000][60948.790s] GC(243)   Post Evacuate Collection Set: 16.4ms
[2022-03-25T07:24:58.128+0000][60948.792s] GC(243)   Other: 26.2ms
[2022-03-25T07:24:58.128+0000][60948.792s] GC(243) Eden regions: 36->0(43)
[2022-03-25T07:24:58.129+0000][60948.793s] GC(243) Survivor regions: 2->2(5)
[2022-03-25T07:24:58.134+0000][60948.798s] GC(243) Old regions: 213->213
[2022-03-25T07:24:58.139+0000][60948.802s] GC(243) Humongous regions: 7->7
[2022-03-25T07:24:58.144+0000][60948.807s] GC(243) Metaspace: 61771K->61771K(1105920K)
[2022-03-25T07:24:58.149+0000][60948.812s] GC(243) Pause Young (Normal) (G1 Evacuation Pause) 255M->219M(512M) 152.984ms
[2022-03-25T07:24:58.153+0000][60948.817s] GC(243) User=0.07s Sys=0.02s Real=0.15s
[2022-03-25T07:25:00.998+0000][60951.662s] GC(244) Pause Young (Normal) (G1 Evacuation Pause)
[2022-03-25T07:25:01.014+0000][60951.678s] GC(244) Using 4 workers of 4 for evacuation
[2022-03-25T07:25:01.352+0000][60952.016s] GC(244) MMU target violated: 251.0ms (250.0ms/251.0ms)
[2022-03-25T07:25:01.449+0000][60952.113s] GC(244)   Pre Evacuate Collection Set: 0.0ms
[2022-03-25T07:25:01.466+0000][60952.129s] GC(244)   Evacuate Collection Set: 318.2ms
[2022-03-25T07:25:01.487+0000][60952.151s] GC(244)   Post Evacuate Collection Set: 0.5ms
[2022-03-25T07:25:01.493+0000][60952.157s] GC(244)   Other: 132.6ms
[2022-03-25T07:25:01.494+0000][60952.157s] GC(244) Eden regions: 43->0(37)
[2022-03-25T07:25:01.498+0000][60952.161s] GC(244) Survivor regions: 2->3(6)
[2022-03-25T07:25:01.508+0000][60952.172s] GC(244) Old regions: 213->213
[2022-03-25T07:25:01.509+0000][60952.172s] GC(244) Humongous regions: 7->7
[2022-03-25T07:25:01.509+0000][60952.173s] GC(244) Metaspace: 61772K->61772K(1105920K)
[2022-03-25T07:25:01.510+0000][60952.173s] GC(244) Pause Young (Normal) (G1 Evacuation Pause) 262M->220M(512M) 511.551ms
[2022-03-25T07:25:01.510+0000][60952.174s] GC(244) User=0.12s Sys=0.02s Real=0.52s
[2022-03-25T07:25:02.694+0000][60953.358s] GC(245) Pause Young (Normal) (G1 Evacuation Pause)
[2022-03-25T07:25:02.705+0000][60953.369s] GC(245) Using 4 workers of 4 for evacuation
[2022-03-25T07:25:02.772+0000][60953.436s] GC(245)   Pre Evacuate Collection Set: 0.0ms
[2022-03-25T07:25:02.784+0000][60953.447s] GC(245)   Evacuate Collection Set: 51.3ms
[2022-03-25T07:25:02.785+0000][60953.449s] GC(245)   Post Evacuate Collection Set: 0.8ms
[2022-03-25T07:25:02.800+0000][60953.463s] GC(245)   Other: 25.9ms
[2022-03-25T07:25:02.800+0000][60953.464s] GC(245) Eden regions: 37->0(45)
[2022-03-25T07:25:02.801+0000][60953.465s] GC(245) Survivor regions: 3->3(5)
[2022-03-25T07:25:02.816+0000][60953.479s] GC(245) Old regions: 213->213
[2022-03-25T07:25:02.817+0000][60953.481s] GC(245) Humongous regions: 7->7
[2022-03-25T07:25:02.834+0000][60953.498s] GC(245) Metaspace: 61782K->61782K(1105920K)
[2022-03-25T07:25:02.835+0000][60953.499s] GC(245) Pause Young (Normal) (G1 Evacuation Pause) 257M->220M(512M) 141.408ms
[2022-03-25T07:25:02.867+0000][60953.530s] GC(245) User=0.07s Sys=0.02s Real=0.18s
[2022-03-25T07:25:05.939+0000][60956.602s] GC(246) Pause Young (Normal) (G1 Evacuation Pause)
[2022-03-25T07:25:05.953+0000][60956.617s] GC(246) Using 4 workers of 4 for evacuation
[2022-03-25T07:25:06.276+0000][60956.940s] GC(246) MMU target violated: 251.0ms (250.0ms/251.0ms)
[2022-03-25T07:25:06.285+0000][60956.949s] GC(246)   Pre Evacuate Collection Set: 0.0ms
[2022-03-25T07:25:06.304+0000][60956.968s] GC(246)   Evacuate Collection Set: 310.4ms
[2022-03-25T07:25:06.309+0000][60956.972s] GC(246)   Post Evacuate Collection Set: 0.6ms
[2022-03-25T07:25:06.310+0000][60956.973s] GC(246)   Other: 35.6ms
[2022-03-25T07:25:06.319+0000][60956.983s] GC(246) Eden regions: 45->0(36)
[2022-03-25T07:25:06.326+0000][60956.990s] GC(246) Survivor regions: 3->6(6)
[2022-03-25T07:25:06.327+0000][60956.991s] GC(246) Old regions: 213->213
[2022-03-25T07:25:06.328+0000][60956.991s] GC(246) Humongous regions: 7->7
[2022-03-25T07:25:06.328+0000][60956.992s] GC(246) Metaspace: 61782K->61782K(1105920K)
[2022-03-25T07:25:06.330+0000][60956.994s] GC(246) Pause Young (Normal) (G1 Evacuation Pause) 265M->224M(512M) 391.431ms
[2022-03-25T07:25:06.334+0000][60956.998s] GC(246) User=0.22s Sys=0.01s Real=0.39s
[2022-03-25T07:25:07.086+0000][60957.750s] GC(247) Pause Young (Normal) (G1 Evacuation Pause)
[2022-03-25T07:25:07.096+0000][60957.760s] GC(247) Using 4 workers of 4 for evacuation
[2022-03-25T07:25:07.908+0000][60958.572s] GC(247) MMU target violated: 251.0ms (250.0ms/251.0ms)
[2022-03-25T07:25:07.919+0000][60958.582s] GC(247)   Pre Evacuate Collection Set: 0.0ms
[2022-03-25T07:25:07.934+0000][60958.597s] GC(247)   Evacuate Collection Set: 784.5ms
[2022-03-25T07:25:07.934+0000][60958.598s] GC(247)   Post Evacuate Collection Set: 0.8ms
[2022-03-25T07:25:07.935+0000][60958.598s] GC(247)   Other: 47.3ms
[2022-03-25T07:25:07.935+0000][60958.598s] GC(247) Eden regions: 36->0(22)
[2022-03-25T07:25:07.935+0000][60958.599s] GC(247) Survivor regions: 6->3(6)
[2022-03-25T07:25:07.935+0000][60958.599s] GC(247) Old regions: 213->217
[2022-03-25T07:25:07.936+0000][60958.599s] GC(247) Humongous regions: 7->7
[2022-03-25T07:25:07.936+0000][60958.600s] GC(247) Metaspace: 61782K->61782K(1105920K)
[2022-03-25T07:25:07.937+0000][60958.600s] GC(247) Pause Young (Normal) (G1 Evacuation Pause) 260M->224M(512M) 850.421ms
[2022-03-25T07:25:07.949+0000][60958.613s] GC(247) User=0.08s Sys=0.25s Real=0.86s
[2022-03-25T07:25:08.513+0000][60959.177s] GC(248) Pause Young (Normal) (G1 Evacuation Pause)
[2022-03-25T07:25:08.523+0000][60959.186s] GC(248) Using 4 workers of 4 for evacuation
[2022-03-25T07:25:08.637+0000][60959.301s] GC(248)   Pre Evacuate Collection Set: 0.0ms
[2022-03-25T07:25:08.658+0000][60959.322s] GC(248)   Evacuate Collection Set: 100.5ms
[2022-03-25T07:25:08.706+0000][60959.369s] GC(248)   Post Evacuate Collection Set: 0.5ms
[2022-03-25T07:25:08.714+0000][60959.377s] GC(248)   Other: 22.5ms
[2022-03-25T07:25:08.717+0000][60959.381s] GC(248) Eden regions: 22->0(25)
[2022-03-25T07:25:08.734+0000][60959.398s] GC(248) Survivor regions: 3->4(4)
[2022-03-25T07:25:08.739+0000][60959.402s] GC(248) Old regions: 217->217
[2022-03-25T07:25:08.739+0000][60959.403s] GC(248) Humongous regions: 7->7
[2022-03-25T07:25:08.740+0000][60959.403s] GC(248) Metaspace: 61782K->61782K(1105920K)
[2022-03-25T07:25:08.740+0000][60959.404s] GC(248) Pause Young (Normal) (G1 Evacuation Pause) 246M->225M(512M) 226.763ms
[2022-03-25T07:25:08.742+0000][60959.406s] GC(248) User=0.13s Sys=0.01s Real=0.23s
[2022-03-25T07:25:09.769+0000][60960.433s] GC(249) Pause Young (Normal) (G1 Evacuation Pause)
[2022-03-25T07:25:09.786+0000][60960.450s] GC(249) Using 4 workers of 4 for evacuation
[2022-03-25T07:25:10.306+0000][60960.969s] GC(249) MMU target violated: 251.0ms (250.0ms/251.0ms)
[2022-03-25T07:25:10.307+0000][60960.971s] GC(249)   Pre Evacuate Collection Set: 0.0ms
[2022-03-25T07:25:10.312+0000][60960.976s] GC(249)   Evacuate Collection Set: 512.8ms
[2022-03-25T07:25:10.322+0000][60960.986s] GC(249)   Post Evacuate Collection Set: 0.5ms
[2022-03-25T07:25:10.330+0000][60960.994s] GC(249)   Other: 24.8ms
[2022-03-25T07:25:10.332+0000][60960.996s] GC(249) Eden regions: 25->0(22)
[2022-03-25T07:25:10.333+0000][60960.996s] GC(249) Survivor regions: 4->3(4)
[2022-03-25T07:25:10.333+0000][60960.997s] GC(249) Old regions: 217->218
[2022-03-25T07:25:10.334+0000][60960.997s] GC(249) Humongous regions: 7->7
[2022-03-25T07:25:10.335+0000][60960.999s] GC(249) Metaspace: 61782K->61782K(1105920K)
[2022-03-25T07:25:10.339+0000][60961.002s] GC(249) Pause Young (Normal) (G1 Evacuation Pause) 250M->226M(512M) 569.445ms
[2022-03-25T07:25:10.341+0000][60961.005s] GC(249) User=0.10s Sys=0.18s Real=0.57s
[2022-03-25T07:25:10.584+0000][60961.248s] GC(250) Pause Young (Normal) (G1 Evacuation Pause)
[2022-03-25T07:25:10.591+0000][60961.254s] GC(250) Using 4 workers of 4 for evacuation
[2022-03-25T07:25:10.701+0000][60961.365s] GC(250)   Pre Evacuate Collection Set: 0.0ms
[2022-03-25T07:25:10.703+0000][60961.366s] GC(250)   Evacuate Collection Set: 102.2ms
[2022-03-25T07:25:10.706+0000][60961.370s] GC(250)   Post Evacuate Collection Set: 0.6ms
[2022-03-25T07:25:10.711+0000][60961.375s] GC(250)   Other: 14.0ms
[2022-03-25T07:25:10.712+0000][60961.375s] GC(250) Eden regions: 22->0(26)
[2022-03-25T07:25:10.712+0000][60961.376s] GC(250) Survivor regions: 3->2(4)
[2022-03-25T07:25:10.713+0000][60961.377s] GC(250) Old regions: 218->219
[2022-03-25T07:25:10.713+0000][60961.377s] GC(250) Humongous regions: 7->7
[2022-03-25T07:25:10.713+0000][60961.377s] GC(250) Metaspace: 61782K->61782K(1105920K)
[2022-03-25T07:25:10.714+0000][60961.377s] GC(250) Pause Young (Normal) (G1 Evacuation Pause) 248M->225M(512M) 129.568ms
[2022-03-25T07:25:10.714+0000][60961.378s] GC(250) User=0.04s Sys=0.04s Real=0.14s
[2022-03-25T07:25:11.201+0000][60961.865s] GC(251) Pause Young (Normal) (G1 Evacuation Pause)
[2022-03-25T07:25:11.215+0000][60961.878s] GC(251) Using 4 workers of 4 for evacuation
[2022-03-25T07:25:11.280+0000][60961.943s] GC(251)   Pre Evacuate Collection Set: 0.0ms
[2022-03-25T07:25:11.283+0000][60961.947s] GC(251)   Evacuate Collection Set: 60.3ms
[2022-03-25T07:25:11.283+0000][60961.947s] GC(251)   Post Evacuate Collection Set: 0.8ms
[2022-03-25T07:25:11.284+0000][60961.947s] GC(251)   Other: 17.7ms
[2022-03-25T07:25:11.284+0000][60961.948s] GC(251) Eden regions: 26->0(32)
[2022-03-25T07:25:11.284+0000][60961.948s] GC(251) Survivor regions: 2->2(4)
[2022-03-25T07:25:11.285+0000][60961.948s] GC(251) Old regions: 219->219
[2022-03-25T07:25:11.285+0000][60961.949s] GC(251) Humongous regions: 7->7
[2022-03-25T07:25:11.286+0000][60961.949s] GC(251) Metaspace: 61782K->61782K(1105920K)
[2022-03-25T07:25:11.286+0000][60961.950s] GC(251) Pause Young (Normal) (G1 Evacuation Pause) 251M->225M(512M) 84.817ms
[2022-03-25T07:25:11.306+0000][60961.970s] GC(251) User=0.05s Sys=0.03s Real=0.09s
[2022-03-25T07:25:12.370+0000][60963.034s] GC(252) Pause Young (Normal) (G1 Evacuation Pause)
[2022-03-25T07:25:12.374+0000][60963.038s] GC(252) Using 4 workers of 4 for evacuation
[2022-03-25T07:25:12.428+0000][60963.092s] GC(252)   Pre Evacuate Collection Set: 0.0ms
[2022-03-25T07:25:12.430+0000][60963.094s] GC(252)   Evacuate Collection Set: 50.6ms
[2022-03-25T07:25:12.431+0000][60963.094s] GC(252)   Post Evacuate Collection Set: 2.5ms
[2022-03-25T07:25:12.431+0000][60963.095s] GC(252)   Other: 5.1ms
[2022-03-25T07:25:12.432+0000][60963.095s] GC(252) Eden regions: 32->0(35)
[2022-03-25T07:25:12.432+0000][60963.096s] GC(252) Survivor regions: 2->3(5)
[2022-03-25T07:25:12.432+0000][60963.096s] GC(252) Old regions: 219->219
[2022-03-25T07:25:12.433+0000][60963.096s] GC(252) Humongous regions: 7->7
[2022-03-25T07:25:12.433+0000][60963.097s] GC(252) Metaspace: 61782K->61782K(1105920K)
[2022-03-25T07:25:12.434+0000][60963.097s] GC(252) Pause Young (Normal) (G1 Evacuation Pause) 257M->226M(512M) 63.301ms
[2022-03-25T07:25:12.434+0000][60963.098s] GC(252) User=0.06s Sys=0.01s Real=0.06s
[2022-03-25T07:25:13.154+0000][60963.818s] GC(253) Pause Young (Normal) (G1 Evacuation Pause)
[2022-03-25T07:25:13.164+0000][60963.827s] GC(253) Using 4 workers of 4 for evacuation
[2022-03-25T07:25:13.313+0000][60963.977s] GC(253)   Pre Evacuate Collection Set: 0.0ms
[2022-03-25T07:25:13.329+0000][60963.992s] GC(253)   Evacuate Collection Set: 148.1ms
[2022-03-25T07:25:13.330+0000][60963.994s] GC(253)   Post Evacuate Collection Set: 0.5ms
[2022-03-25T07:25:13.331+0000][60963.994s] GC(253)   Other: 10.4ms
[2022-03-25T07:25:13.331+0000][60963.995s] GC(253) Eden regions: 35->0(37)
[2022-03-25T07:25:13.332+0000][60963.996s] GC(253) Survivor regions: 3->3(5)
[2022-03-25T07:25:13.333+0000][60963.997s] GC(253) Old regions: 219->219
[2022-03-25T07:25:13.334+0000][60963.997s] GC(253) Humongous regions: 7->7
[2022-03-25T07:25:13.334+0000][60963.998s] GC(253) Metaspace: 61782K->61782K(1105920K)
[2022-03-25T07:25:13.334+0000][60963.998s] GC(253) Pause Young (Normal) (G1 Evacuation Pause) 261M->226M(512M) 179.994ms
[2022-03-25T07:25:13.335+0000][60963.998s] GC(253) User=0.07s Sys=0.03s Real=0.17s
[2022-03-25T07:25:15.255+0000][60965.918s] GC(254) Pause Young (Normal) (G1 Evacuation Pause)
[2022-03-25T07:25:15.279+0000][60965.943s] GC(254) Using 4 workers of 4 for evacuation
[2022-03-25T07:25:15.457+0000][60966.120s] GC(254)   Pre Evacuate Collection Set: 0.0ms
[2022-03-25T07:25:15.469+0000][60966.133s] GC(254)   Evacuate Collection Set: 166.0ms
[2022-03-25T07:25:15.475+0000][60966.139s] GC(254)   Post Evacuate Collection Set: 3.4ms
[2022-03-25T07:25:15.486+0000][60966.150s] GC(254)   Other: 32.8ms
[2022-03-25T07:25:15.519+0000][60966.183s] GC(254) Eden regions: 37->0(42)
[2022-03-25T07:25:15.528+0000][60966.191s] GC(254) Survivor regions: 3->4(5)
[2022-03-25T07:25:15.529+0000][60966.192s] GC(254) Old regions: 219->219
[2022-03-25T07:25:15.531+0000][60966.195s] GC(254) Humongous regions: 7->7
[2022-03-25T07:25:15.532+0000][60966.196s] GC(254) Metaspace: 61782K->61782K(1105920K)
[2022-03-25T07:25:15.537+0000][60966.200s] GC(254) Pause Young (Normal) (G1 Evacuation Pause) 263M->227M(512M) 281.922ms
[2022-03-25T07:25:15.578+0000][60966.242s] GC(254) User=0.16s Sys=0.01s Real=0.32s
[2022-03-25T07:25:17.837+0000][60968.500s] GC(255) Pause Young (Normal) (G1 Evacuation Pause)
[2022-03-25T07:25:17.837+0000][60968.501s] GC(255) Using 4 workers of 4 for evacuation
[2022-03-25T07:25:17.926+0000][60968.589s] GC(255)   Pre Evacuate Collection Set: 0.1ms
[2022-03-25T07:25:17.938+0000][60968.602s] GC(255)   Evacuate Collection Set: 86.9ms
[2022-03-25T07:25:17.938+0000][60968.602s] GC(255)   Post Evacuate Collection Set: 0.6ms
[2022-03-25T07:25:17.940+0000][60968.604s] GC(255)   Other: 1.5ms
[2022-03-25T07:25:17.943+0000][60968.607s] GC(255) Eden regions: 42->0(50)
[2022-03-25T07:25:17.945+0000][60968.609s] GC(255) Survivor regions: 4->2(6)
[2022-03-25T07:25:17.954+0000][60968.618s] GC(255) Old regions: 219->219
[2022-03-25T07:25:17.962+0000][60968.625s] GC(255) Humongous regions: 7->7
[2022-03-25T07:25:17.965+0000][60968.628s] GC(255) Metaspace: 61782K->61782K(1105920K)
[2022-03-25T07:25:17.966+0000][60968.630s] GC(255) Pause Young (Normal) (G1 Evacuation Pause) 269M->226M(512M) 129.187ms
[2022-03-25T07:25:17.974+0000][60968.638s] GC(255) User=0.06s Sys=0.00s Real=0.13s
[2022-03-25T07:25:33.735+0000][60984.399s] GC(256) Pause Young (Normal) (G1 Evacuation Pause)
[2022-03-25T07:25:33.736+0000][60984.400s] GC(256) Using 4 workers of 4 for evacuation
[2022-03-25T07:25:33.839+0000][60984.502s] GC(256)   Pre Evacuate Collection Set: 0.1ms
[2022-03-25T07:25:33.840+0000][60984.504s] GC(256)   Evacuate Collection Set: 98.9ms
[2022-03-25T07:25:33.840+0000][60984.504s] GC(256)   Post Evacuate Collection Set: 0.8ms
[2022-03-25T07:25:33.841+0000][60984.504s] GC(256)   Other: 3.4ms
[2022-03-25T07:25:33.841+0000][60984.505s] GC(256) Eden regions: 50->0(52)
[2022-03-25T07:25:33.842+0000][60984.505s] GC(256) Survivor regions: 2->3(7)
[2022-03-25T07:25:33.842+0000][60984.506s] GC(256) Old regions: 219->219
[2022-03-25T07:25:33.842+0000][60984.506s] GC(256) Humongous regions: 7->7
[2022-03-25T07:25:33.843+0000][60984.506s] GC(256) Metaspace: 61783K->61783K(1105920K)
[2022-03-25T07:25:33.843+0000][60984.507s] GC(256) Pause Young (Normal) (G1 Evacuation Pause) 276M->226M(512M) 107.609ms
[2022-03-25T07:25:33.845+0000][60984.509s] GC(256) User=0.19s Sys=0.00s Real=0.11s
[2022-03-25T07:25:40.297+0000][60990.961s] GC(257) Pause Young (Normal) (G1 Evacuation Pause)
[2022-03-25T07:25:40.298+0000][60990.962s] GC(257) Using 4 workers of 4 for evacuation
[2022-03-25T07:25:40.435+0000][60991.098s] GC(257)   Pre Evacuate Collection Set: 0.1ms
[2022-03-25T07:25:40.437+0000][60991.101s] GC(257)   Evacuate Collection Set: 134.6ms
[2022-03-25T07:25:40.449+0000][60991.113s] GC(257)   Post Evacuate Collection Set: 1.0ms
[2022-03-25T07:25:40.450+0000][60991.114s] GC(257)   Other: 2.1ms
[2022-03-25T07:25:40.450+0000][60991.114s] GC(257) Eden regions: 52->0(53)
[2022-03-25T07:25:40.451+0000][60991.114s] GC(257) Survivor regions: 3->3(7)
[2022-03-25T07:25:40.452+0000][60991.115s] GC(257) Old regions: 219->219
[2022-03-25T07:25:40.452+0000][60991.116s] GC(257) Humongous regions: 7->7
[2022-03-25T07:25:40.452+0000][60991.116s] GC(257) Metaspace: 61783K->61783K(1105920K)
[2022-03-25T07:25:40.452+0000][60991.116s] GC(257) Pause Young (Normal) (G1 Evacuation Pause) 278M->226M(512M) 155.445ms
[2022-03-25T07:25:40.453+0000][60991.117s] GC(257) User=0.05s Sys=0.07s Real=0.16s
[2022-03-25T07:25:44.041+0000][60994.705s] GC(258) Pause Young (Normal) (G1 Evacuation Pause)
[2022-03-25T07:25:44.056+0000][60994.719s] GC(258) Using 4 workers of 4 for evacuation
[2022-03-25T07:25:44.179+0000][60994.843s] GC(258)   Pre Evacuate Collection Set: 0.0ms
[2022-03-25T07:25:44.196+0000][60994.860s] GC(258)   Evacuate Collection Set: 101.2ms
[2022-03-25T07:25:44.252+0000][60994.916s] GC(258)   Post Evacuate Collection Set: 2.9ms
[2022-03-25T07:25:44.270+0000][60994.934s] GC(258)   Other: 33.9ms
[2022-03-25T07:25:44.308+0000][60994.972s] GC(258) Eden regions: 53->0(57)
[2022-03-25T07:25:44.310+0000][60994.973s] GC(258) Survivor regions: 3->3(7)
[2022-03-25T07:25:44.311+0000][60994.974s] GC(258) Old regions: 219->219
[2022-03-25T07:25:44.318+0000][60994.982s] GC(258) Humongous regions: 7->7
[2022-03-25T07:25:44.345+0000][60995.008s] GC(258) Metaspace: 61783K->61783K(1105920K)
[2022-03-25T07:25:44.351+0000][60995.015s] GC(258) Pause Young (Normal) (G1 Evacuation Pause) 279M->226M(512M) 309.807ms
[2022-03-25T07:25:44.360+0000][60995.024s] GC(258) User=0.09s Sys=0.04s Real=0.33s
[2022-03-25T07:25:48.921+0000][60999.585s] GC(259) Pause Young (Normal) (G1 Evacuation Pause)
[2022-03-25T07:25:48.922+0000][60999.586s] GC(259) Using 4 workers of 4 for evacuation
[2022-03-25T07:25:49.361+0000][61000.025s] GC(259) MMU target violated: 251.0ms (250.0ms/251.0ms)
[2022-03-25T07:25:49.388+0000][61000.052s] GC(259)   Pre Evacuate Collection Set: 0.0ms
[2022-03-25T07:25:49.424+0000][61000.087s] GC(259)   Evacuate Collection Set: 406.2ms
[2022-03-25T07:25:49.443+0000][61000.107s] GC(259)   Post Evacuate Collection Set: 0.6ms
[2022-03-25T07:25:49.488+0000][61000.151s] GC(259)   Other: 60.5ms
[2022-03-25T07:25:49.599+0000][61000.263s] GC(259) Eden regions: 57->0(43)
[2022-03-25T07:25:49.613+0000][61000.276s] GC(259) Survivor regions: 3->4(8)
[2022-03-25T07:25:49.651+0000][61000.315s] GC(259) Old regions: 219->219
[2022-03-25T07:25:49.654+0000][61000.318s] GC(259) Humongous regions: 7->7
[2022-03-25T07:25:49.658+0000][61000.321s] GC(259) Metaspace: 61783K->61783K(1105920K)
[2022-03-25T07:25:49.700+0000][61000.363s] GC(259) Pause Young (Normal) (G1 Evacuation Pause) 283M->227M(512M) 778.849ms
[2022-03-25T07:25:49.740+0000][61000.403s] GC(259) User=0.16s Sys=0.14s Real=0.82s
[2022-03-25T07:25:51.872+0000][61002.535s] GC(260) Pause Young (Normal) (G1 Evacuation Pause)
[2022-03-25T07:25:51.904+0000][61002.568s] GC(260) Using 4 workers of 4 for evacuation
[2022-03-25T07:25:52.085+0000][61002.748s] GC(260)   Pre Evacuate Collection Set: 0.1ms
[2022-03-25T07:25:52.097+0000][61002.760s] GC(260)   Evacuate Collection Set: 168.2ms
[2022-03-25T07:25:52.097+0000][61002.761s] GC(260)   Post Evacuate Collection Set: 0.7ms
[2022-03-25T07:25:52.103+0000][61002.767s] GC(260)   Other: 44.1ms
[2022-03-25T07:25:52.105+0000][61002.768s] GC(260) Eden regions: 43->0(44)
[2022-03-25T07:25:52.105+0000][61002.769s] GC(260) Survivor regions: 4->4(6)
[2022-03-25T07:25:52.106+0000][61002.769s] GC(260) Old regions: 219->220
[2022-03-25T07:25:52.106+0000][61002.770s] GC(260) Humongous regions: 7->7
[2022-03-25T07:25:52.106+0000][61002.770s] GC(260) Metaspace: 61783K->61783K(1105920K)
[2022-03-25T07:25:52.106+0000][61002.770s] GC(260) Pause Young (Normal) (G1 Evacuation Pause) 270M->228M(512M) 234.845ms
[2022-03-25T07:25:52.107+0000][61002.770s] GC(260) User=0.10s Sys=0.01s Real=0.23s
[2022-03-25T07:25:56.142+0000][61006.806s] GC(261) Pause Young (Normal) (G1 Evacuation Pause)
[2022-03-25T07:25:56.144+0000][61006.808s] GC(261) Using 4 workers of 4 for evacuation
[2022-03-25T07:25:56.363+0000][61007.026s] GC(261)   Pre Evacuate Collection Set: 0.1ms
[2022-03-25T07:25:56.384+0000][61007.048s] GC(261)   Evacuate Collection Set: 213.0ms
[2022-03-25T07:25:56.407+0000][61007.071s] GC(261)   Post Evacuate Collection Set: 0.7ms
[2022-03-25T07:25:56.424+0000][61007.087s] GC(261)   Other: 7.0ms
[2022-03-25T07:25:56.427+0000][61007.091s] GC(261) Eden regions: 44->0(43)
[2022-03-25T07:25:56.429+0000][61007.093s] GC(261) Survivor regions: 4->3(6)
[2022-03-25T07:25:56.439+0000][61007.103s] GC(261) Old regions: 220->220
[2022-03-25T07:25:56.456+0000][61007.120s] GC(261) Humongous regions: 7->7
[2022-03-25T07:25:56.457+0000][61007.121s] GC(261) Metaspace: 61783K->61783K(1105920K)
[2022-03-25T07:25:56.460+0000][61007.123s] GC(261) Pause Young (Normal) (G1 Evacuation Pause) 272M->228M(512M) 317.500ms
[2022-03-25T07:25:56.462+0000][61007.126s] GC(261) User=0.05s Sys=0.08s Real=0.32s
[2022-03-25T07:25:58.972+0000][61009.636s] GC(262) Pause Young (Normal) (G1 Evacuation Pause)
[2022-03-25T07:25:58.972+0000][61009.636s] GC(262) Using 4 workers of 4 for evacuation
[2022-03-25T07:25:59.178+0000][61009.842s] GC(262)   Pre Evacuate Collection Set: 0.0ms
[2022-03-25T07:25:59.196+0000][61009.859s] GC(262)   Evacuate Collection Set: 204.5ms
[2022-03-25T07:25:59.198+0000][61009.861s] GC(262)   Post Evacuate Collection Set: 0.7ms
[2022-03-25T07:25:59.198+0000][61009.862s] GC(262)   Other: 1.1ms
[2022-03-25T07:25:59.198+0000][61009.862s] GC(262) Eden regions: 43->0(45)
[2022-03-25T07:25:59.199+0000][61009.862s] GC(262) Survivor regions: 3->4(6)
[2022-03-25T07:25:59.199+0000][61009.862s] GC(262) Old regions: 220->220
[2022-03-25T07:25:59.212+0000][61009.876s] GC(262) Humongous regions: 7->7
[2022-03-25T07:25:59.213+0000][61009.876s] GC(262) Metaspace: 61783K->61783K(1105920K)
[2022-03-25T07:25:59.213+0000][61009.876s] GC(262) Pause Young (Normal) (G1 Evacuation Pause) 271M->228M(512M) 240.944ms
[2022-03-25T07:25:59.213+0000][61009.877s] GC(262) User=0.04s Sys=0.04s Real=0.24s
[2022-03-25T07:26:01.786+0000][61012.450s] GC(263) Pause Young (Normal) (G1 Evacuation Pause)
[2022-03-25T07:26:01.803+0000][61012.467s] GC(263) Using 4 workers of 4 for evacuation
[2022-03-25T07:26:01.912+0000][61012.576s] GC(263)   Pre Evacuate Collection Set: 0.0ms
[2022-03-25T07:26:01.913+0000][61012.577s] GC(263)   Evacuate Collection Set: 104.8ms
[2022-03-25T07:26:01.915+0000][61012.578s] GC(263)   Post Evacuate Collection Set: 0.6ms
[2022-03-25T07:26:01.916+0000][61012.579s] GC(263)   Other: 21.0ms
[2022-03-25T07:26:01.917+0000][61012.581s] GC(263) Eden regions: 45->0(48)
[2022-03-25T07:26:01.921+0000][61012.585s] GC(263) Survivor regions: 4->4(7)
[2022-03-25T07:26:01.923+0000][61012.587s] GC(263) Old regions: 220->220
[2022-03-25T07:26:01.924+0000][61012.588s] GC(263) Humongous regions: 7->7
[2022-03-25T07:26:01.934+0000][61012.598s] GC(263) Metaspace: 61783K->61783K(1105920K)
[2022-03-25T07:26:01.935+0000][61012.599s] GC(263) Pause Young (Normal) (G1 Evacuation Pause) 273M->228M(512M) 148.814ms
[2022-03-25T07:26:01.935+0000][61012.599s] GC(263) User=0.08s Sys=0.03s Real=0.15s
[2022-03-25T07:26:03.148+0000][61013.812s] GC(264) Pause Young (Normal) (G1 Evacuation Pause)
[2022-03-25T07:26:03.150+0000][61013.813s] GC(264) Using 4 workers of 4 for evacuation
[2022-03-25T07:26:03.283+0000][61013.947s] GC(264)   Pre Evacuate Collection Set: 0.1ms
[2022-03-25T07:26:03.301+0000][61013.965s] GC(264)   Evacuate Collection Set: 124.7ms
[2022-03-25T07:26:03.302+0000][61013.966s] GC(264)   Post Evacuate Collection Set: 8.0ms
[2022-03-25T07:26:03.305+0000][61013.968s] GC(264)   Other: 2.3ms
[2022-03-25T07:26:03.305+0000][61013.969s] GC(264) Eden regions: 48->0(50)
[2022-03-25T07:26:03.305+0000][61013.969s] GC(264) Survivor regions: 4->4(7)
[2022-03-25T07:26:03.338+0000][61014.001s] GC(264) Old regions: 220->220
[2022-03-25T07:26:03.347+0000][61014.011s] GC(264) Humongous regions: 7->7
[2022-03-25T07:26:03.349+0000][61014.012s] GC(264) Metaspace: 61783K->61783K(1105920K)
[2022-03-25T07:26:03.349+0000][61014.013s] GC(264) Pause Young (Normal) (G1 Evacuation Pause) 276M->228M(512M) 201.028ms
[2022-03-25T07:26:03.354+0000][61014.017s] GC(264) User=0.05s Sys=0.02s Real=0.20s
[2022-03-25T07:26:07.244+0000][61017.908s] GC(265) Pause Young (Normal) (G1 Evacuation Pause)
[2022-03-25T07:26:07.273+0000][61017.937s] GC(265) Using 4 workers of 4 for evacuation
[2022-03-25T07:26:07.391+0000][61018.054s] GC(265)   Pre Evacuate Collection Set: 0.1ms
[2022-03-25T07:26:07.474+0000][61018.138s] GC(265)   Evacuate Collection Set: 102.5ms
[2022-03-25T07:26:07.523+0000][61018.187s] GC(265)   Post Evacuate Collection Set: 0.7ms
[2022-03-25T07:26:07.540+0000][61018.204s] GC(265)   Other: 43.1ms
[2022-03-25T07:26:07.547+0000][61018.211s] GC(265) Eden regions: 49->0(54)
[2022-03-25T07:26:07.561+0000][61018.224s] GC(265) Survivor regions: 4->5(7)
[2022-03-25T07:26:07.576+0000][61018.240s] GC(265) Old regions: 220->220
[2022-03-25T07:26:07.577+0000][61018.241s] GC(265) Humongous regions: 7->7
[2022-03-25T07:26:07.577+0000][61018.241s] GC(265) Metaspace: 61783K->61783K(1105920K)
[2022-03-25T07:26:07.578+0000][61018.241s] GC(265) Pause Young (Normal) (G1 Evacuation Pause) 277M->229M(512M) 333.300ms
[2022-03-25T07:26:07.578+0000][61018.242s] GC(265) User=0.17s Sys=0.09s Real=0.34s
[2022-03-25T07:26:08.866+0000][61019.530s] GC(266) Pause Young (Normal) (G1 Evacuation Pause)
[2022-03-25T07:26:08.874+0000][61019.538s] GC(266) Using 4 workers of 4 for evacuation
[2022-03-25T07:26:09.044+0000][61019.707s] GC(266)   Pre Evacuate Collection Set: 0.1ms
[2022-03-25T07:26:09.050+0000][61019.714s] GC(266)   Evacuate Collection Set: 154.6ms
[2022-03-25T07:26:09.051+0000][61019.714s] GC(266)   Post Evacuate Collection Set: 9.8ms
[2022-03-25T07:26:09.051+0000][61019.715s] GC(266)   Other: 13.2ms
[2022-03-25T07:26:09.051+0000][61019.715s] GC(266) Eden regions: 54->0(55)
[2022-03-25T07:26:09.052+0000][61019.715s] GC(266) Survivor regions: 5->5(8)
[2022-03-25T07:26:09.052+0000][61019.716s] GC(266) Old regions: 220->221
[2022-03-25T07:26:09.052+0000][61019.716s] GC(266) Humongous regions: 7->7
[2022-03-25T07:26:09.052+0000][61019.716s] GC(266) Metaspace: 61788K->61788K(1105920K)
[2022-03-25T07:26:09.053+0000][61019.716s] GC(266) Pause Young (Normal) (G1 Evacuation Pause) 283M->230M(512M) 186.500ms
[2022-03-25T07:26:09.053+0000][61019.717s] GC(266) User=0.14s Sys=0.04s Real=0.18s
[2022-03-25T07:26:10.983+0000][61021.647s] GC(267) Pause Young (Normal) (G1 Evacuation Pause)
[2022-03-25T07:26:10.998+0000][61021.662s] GC(267) Using 4 workers of 4 for evacuation
[2022-03-25T07:26:12.867+0000][61023.531s] GC(267) MMU target violated: 251.0ms (250.0ms/251.0ms)
[2022-03-25T07:26:12.869+0000][61023.533s] GC(267)   Pre Evacuate Collection Set: 0.0ms
[2022-03-25T07:26:12.869+0000][61023.533s] GC(267)   Evacuate Collection Set: 1851.7ms
[2022-03-25T07:26:12.881+0000][61023.545s] GC(267)   Post Evacuate Collection Set: 0.6ms
[2022-03-25T07:26:12.901+0000][61023.565s] GC(267)   Other: 33.3ms
[2022-03-25T07:26:12.921+0000][61023.585s] GC(267) Eden regions: 55->0(21)
[2022-03-25T07:26:12.928+0000][61023.592s] GC(267) Survivor regions: 5->4(8)
[2022-03-25T07:26:12.935+0000][61023.598s] GC(267) Old regions: 221->222
[2022-03-25T07:26:12.948+0000][61023.612s] GC(267) Humongous regions: 7->7
[2022-03-25T07:26:12.994+0000][61023.658s] GC(267) Metaspace: 61791K->61791K(1105920K)
[2022-03-25T07:26:13.001+0000][61023.665s] GC(267) Pause Young (Normal) (G1 Evacuation Pause) 285M->230M(512M) 2017.934ms
[2022-03-25T07:26:13.047+0000][61023.711s] GC(267) User=0.36s Sys=0.12s Real=2.07s
[2022-03-25T07:26:14.976+0000][61025.639s] GC(268) Pause Young (Normal) (G1 Evacuation Pause)
[2022-03-25T07:26:14.986+0000][61025.649s] GC(268) Using 4 workers of 4 for evacuation
[2022-03-25T07:26:15.400+0000][61026.064s] GC(268) MMU target violated: 251.0ms (250.0ms/251.0ms)
[2022-03-25T07:26:15.401+0000][61026.064s] GC(268)   Pre Evacuate Collection Set: 0.1ms
[2022-03-25T07:26:15.401+0000][61026.065s] GC(268)   Evacuate Collection Set: 409.0ms
[2022-03-25T07:26:15.409+0000][61026.072s] GC(268)   Post Evacuate Collection Set: 3.5ms
[2022-03-25T07:26:15.413+0000][61026.076s] GC(268)   Other: 12.6ms
[2022-03-25T07:26:15.417+0000][61026.080s] GC(268) Eden regions: 21->0(22)
[2022-03-25T07:26:15.419+0000][61026.082s] GC(268) Survivor regions: 4->3(4)
[2022-03-25T07:26:15.420+0000][61026.084s] GC(268) Old regions: 222->223
[2022-03-25T07:26:15.421+0000][61026.085s] GC(268) Humongous regions: 7->7
[2022-03-25T07:26:15.422+0000][61026.085s] GC(268) Metaspace: 61791K->61791K(1105920K)
[2022-03-25T07:26:15.430+0000][61026.094s] GC(268) Pause Young (Normal) (G1 Evacuation Pause) 251M->230M(512M) 454.315ms
[2022-03-25T07:26:15.432+0000][61026.096s] GC(268) User=0.09s Sys=0.12s Real=0.46s
[2022-03-25T07:26:17.004+0000][61027.668s] GC(269) Pause Young (Normal) (G1 Evacuation Pause)
[2022-03-25T07:26:17.005+0000][61027.668s] GC(269) Using 4 workers of 4 for evacuation
[2022-03-25T07:26:17.189+0000][61027.853s] GC(269)   Pre Evacuate Collection Set: 0.0ms
[2022-03-25T07:26:17.221+0000][61027.885s] GC(269)   Evacuate Collection Set: 137.3ms
[2022-03-25T07:26:17.253+0000][61027.916s] GC(269)   Post Evacuate Collection Set: 0.4ms
[2022-03-25T07:26:17.276+0000][61027.940s] GC(269)   Other: 47.6ms
[2022-03-25T07:26:17.295+0000][61027.959s] GC(269) Eden regions: 22->0(23)
[2022-03-25T07:26:17.324+0000][61027.988s] GC(269) Survivor regions: 3->2(4)
[2022-03-25T07:26:17.365+0000][61028.029s] GC(269) Old regions: 223->224
[2022-03-25T07:26:17.397+0000][61028.061s] GC(269) Humongous regions: 7->7
[2022-03-25T07:26:17.413+0000][61028.077s] GC(269) Metaspace: 61791K->61791K(1105920K)
[2022-03-25T07:26:17.429+0000][61028.093s] GC(269) Pause Young (Normal) (G1 Evacuation Pause) 252M->230M(512M) 424.925ms
[2022-03-25T07:26:17.445+0000][61028.109s] GC(269) User=0.08s Sys=0.15s Real=0.42s
[2022-03-25T07:26:18.462+0000][61029.126s] GC(270) Pause Young (Concurrent Start) (G1 Evacuation Pause)
[2022-03-25T07:26:18.482+0000][61029.145s] GC(270) Using 4 workers of 4 for evacuation
[2022-03-25T07:26:18.720+0000][61029.384s] GC(270)   Pre Evacuate Collection Set: 25.6ms
[2022-03-25T07:26:18.734+0000][61029.428s] GC(270)   Evacuate Collection Set: 180.2ms
[2022-03-25T07:26:18.766+0000][61029.429s] GC(270)   Post Evacuate Collection Set: 0.5ms
[2022-03-25T07:26:18.768+0000][61029.432s] GC(270)   Other: 51.5ms
[2022-03-25T07:26:18.769+0000][61029.432s] GC(270) Eden regions: 23->0(22)
[2022-03-25T07:26:18.769+0000][61029.433s] GC(270) Survivor regions: 2->3(4)
[2022-03-25T07:26:18.769+0000][61029.433s] GC(270) Old regions: 224->224
[2022-03-25T07:26:18.770+0000][61029.433s] GC(270) Humongous regions: 7->7
[2022-03-25T07:26:18.770+0000][61029.434s] GC(270) Metaspace: 61791K->61791K(1105920K)
[2022-03-25T07:26:18.771+0000][61029.434s] GC(270) Pause Young (Concurrent Start) (G1 Evacuation Pause) 253M->231M(512M) 308.303ms
[2022-03-25T07:26:18.771+0000][61029.435s] GC(270) User=0.14s Sys=0.11s Real=0.31s
[2022-03-25T07:26:18.784+0000][61029.448s] GC(271) Concurrent Cycle
[2022-03-25T07:26:18.785+0000][61029.449s] GC(271) Concurrent Clear Claimed Marks
[2022-03-25T07:26:18.792+0000][61029.456s] GC(271) Concurrent Clear Claimed Marks 2.208ms
[2022-03-25T07:26:18.794+0000][61029.458s] GC(271) Concurrent Scan Root Regions
[2022-03-25T07:26:19.611+0000][61030.274s] GC(271) Concurrent Scan Root Regions 816.549ms
[2022-03-25T07:26:19.626+0000][61030.290s] GC(271) Concurrent Mark (61030.290s)
[2022-03-25T07:26:19.642+0000][61030.306s] GC(271) Concurrent Mark From Roots
[2022-03-25T07:26:19.644+0000][61030.308s] GC(271) Using 1 workers of 1 for marking
[2022-03-25T07:26:21.637+0000][61032.301s] GC(272) Pause Young (Normal) (G1 Evacuation Pause)
[2022-03-25T07:26:21.649+0000][61032.313s] GC(272) Using 4 workers of 4 for evacuation
[2022-03-25T07:26:21.775+0000][61032.439s] GC(272)   Pre Evacuate Collection Set: 0.0ms
[2022-03-25T07:26:21.786+0000][61032.450s] GC(272)   Evacuate Collection Set: 121.6ms
[2022-03-25T07:26:21.789+0000][61032.453s] GC(272)   Post Evacuate Collection Set: 0.5ms
[2022-03-25T07:26:21.790+0000][61032.454s] GC(272)   Other: 16.1ms
[2022-03-25T07:26:21.792+0000][61032.456s] GC(272) Eden regions: 22->0(112)
[2022-03-25T07:26:21.801+0000][61032.465s] GC(272) Survivor regions: 3->2(4)
[2022-03-25T07:26:21.806+0000][61032.470s] GC(272) Old regions: 224->224
[2022-03-25T07:26:21.813+0000][61032.477s] GC(272) Humongous regions: 7->7
[2022-03-25T07:26:21.815+0000][61032.479s] GC(272) Metaspace: 61791K->61791K(1105920K)
[2022-03-25T07:26:21.816+0000][61032.479s] GC(272) Pause Young (Normal) (G1 Evacuation Pause) 253M->231M(512M) 178.543ms
[2022-03-25T07:26:21.817+0000][61032.481s] GC(272) User=0.06s Sys=0.01s Real=0.18s
[2022-03-25T07:26:33.681+0000][61044.345s] GC(273) Pause Young (Normal) (G1 Evacuation Pause)
[2022-03-25T07:26:33.697+0000][61044.360s] GC(273) Using 4 workers of 4 for evacuation
[2022-03-25T07:26:34.085+0000][61044.749s] GC(273) MMU target violated: 251.0ms (250.0ms/251.0ms)
[2022-03-25T07:26:34.093+0000][61044.757s] GC(273)   Pre Evacuate Collection Set: 0.1ms
[2022-03-25T07:26:34.094+0000][61044.758s] GC(273)   Evacuate Collection Set: 352.5ms
[2022-03-25T07:26:34.095+0000][61044.758s] GC(273)   Post Evacuate Collection Set: 19.6ms
[2022-03-25T07:26:34.095+0000][61044.759s] GC(273)   Other: 39.5ms
[2022-03-25T07:26:34.095+0000][61044.759s] GC(273) Eden regions: 112->0(52)
[2022-03-25T07:26:34.096+0000][61044.759s] GC(273) Survivor regions: 2->4(15)
[2022-03-25T07:26:34.096+0000][61044.760s] GC(273) Old regions: 224->224
[2022-03-25T07:26:34.096+0000][61044.760s] GC(273) Humongous regions: 7->7
[2022-03-25T07:26:34.096+0000][61044.760s] GC(273) Metaspace: 61793K->61793K(1105920K)
[2022-03-25T07:26:34.097+0000][61044.760s] GC(273) Pause Young (Normal) (G1 Evacuation Pause) 343M->232M(512M) 415.370ms
[2022-03-25T07:26:34.097+0000][61044.761s] GC(273) User=0.38s Sys=0.20s Real=0.41s
[2022-03-25T07:26:35.417+0000][61046.080s] GC(274) Pause Young (Normal) (G1 Evacuation Pause)
[2022-03-25T07:26:35.417+0000][61046.081s] GC(274) Using 4 workers of 4 for evacuation
[2022-03-25T07:26:35.485+0000][61046.149s] GC(274)   Pre Evacuate Collection Set: 0.0ms
[2022-03-25T07:26:35.489+0000][61046.152s] GC(274)   Evacuate Collection Set: 67.2ms
[2022-03-25T07:26:35.489+0000][61046.153s] GC(274)   Post Evacuate Collection Set: 0.6ms
[2022-03-25T07:26:35.490+0000][61046.153s] GC(274)   Other: 1.1ms
[2022-03-25T07:26:35.491+0000][61046.155s] GC(274) Eden regions: 52->0(64)
[2022-03-25T07:26:35.492+0000][61046.155s] GC(274) Survivor regions: 4->4(7)
[2022-03-25T07:26:35.492+0000][61046.156s] GC(274) Old regions: 224->224
[2022-03-25T07:26:35.492+0000][61046.156s] GC(274) Humongous regions: 7->7
[2022-03-25T07:26:35.492+0000][61046.156s] GC(274) Metaspace: 61793K->61793K(1105920K)
[2022-03-25T07:26:35.495+0000][61046.159s] GC(274) Pause Young (Normal) (G1 Evacuation Pause) 284M->232M(512M) 78.651ms
[2022-03-25T07:26:35.496+0000][61046.159s] GC(274) User=0.05s Sys=0.00s Real=0.08s
[2022-03-25T07:26:38.602+0000][61049.266s] GC(275) Pause Young (Normal) (G1 Evacuation Pause)
[2022-03-25T07:26:38.615+0000][61049.278s] GC(275) Using 4 workers of 4 for evacuation
[2022-03-25T07:26:38.767+0000][61049.430s] GC(275)   Pre Evacuate Collection Set: 0.0ms
[2022-03-25T07:26:38.804+0000][61049.467s] GC(275)   Evacuate Collection Set: 145.4ms
[2022-03-25T07:26:38.824+0000][61049.488s] GC(275)   Post Evacuate Collection Set: 0.5ms
[2022-03-25T07:26:38.840+0000][61049.504s] GC(275)   Other: 18.3ms
[2022-03-25T07:26:38.853+0000][61049.517s] GC(275) Eden regions: 64->0(76)
[2022-03-25T07:26:38.860+0000][61049.523s] GC(275) Survivor regions: 4->4(9)
[2022-03-25T07:26:38.861+0000][61049.525s] GC(275) Old regions: 224->224
[2022-03-25T07:26:38.862+0000][61049.526s] GC(275) Humongous regions: 7->7
[2022-03-25T07:26:38.863+0000][61049.526s] GC(275) Metaspace: 61793K->61793K(1105920K)
[2022-03-25T07:26:38.863+0000][61049.527s] GC(275) Pause Young (Normal) (G1 Evacuation Pause) 296M->232M(512M) 260.565ms
[2022-03-25T07:26:38.863+0000][61049.527s] GC(275) User=0.03s Sys=0.04s Real=0.26s
[2022-03-25T07:26:40.235+0000][61050.898s] GC(271) Concurrent Mark From Roots 20592.233ms
[2022-03-25T07:26:40.239+0000][61050.902s] GC(271) Concurrent Preclean
[2022-03-25T07:26:40.249+0000][61050.913s] GC(271) Concurrent Preclean 10.846ms
[2022-03-25T07:26:40.250+0000][61050.914s] GC(271) Concurrent Mark (61030.290s, 61050.914s) 20623.998ms
[2022-03-25T07:26:40.272+0000][61050.936s] GC(271) Pause Remark
[2022-03-25T07:26:47.671+0000][61058.335s] GC(271) Cleaned string and symbol table, strings: 29904 processed, 290 removed, symbols: 146545 processed, 55 removed
[2022-03-25T07:26:47.717+0000][61058.381s] GC(271) MMU target violated: 251.0ms (250.0ms/251.0ms)
[2022-03-25T07:26:47.718+0000][61058.382s] GC(271) Pause Remark 250M->244M(512M) 7445.677ms
[2022-03-25T07:26:47.718+0000][61058.382s] GC(271) User=6.51s Sys=2.66s Real=7.45s
[2022-03-25T07:26:47.723+0000][61058.387s] GC(271) Concurrent Rebuild Remembered Sets
[2022-03-25T07:26:48.861+0000][61059.524s] GC(276) Pause Young (Normal) (G1 Evacuation Pause)
[2022-03-25T07:26:48.865+0000][61059.528s] GC(276) Using 4 workers of 4 for evacuation
[2022-03-25T07:26:49.048+0000][61059.712s] GC(276)   Pre Evacuate Collection Set: 0.0ms
[2022-03-25T07:26:49.051+0000][61059.715s] GC(276)   Evacuate Collection Set: 164.0ms
[2022-03-25T07:26:49.052+0000][61059.716s] GC(276)   Post Evacuate Collection Set: 1.0ms
[2022-03-25T07:26:49.053+0000][61059.716s] GC(276)   Other: 22.4ms
[2022-03-25T07:26:49.053+0000][61059.717s] GC(276) Eden regions: 76->0(80)
[2022-03-25T07:26:49.053+0000][61059.717s] GC(276) Survivor regions: 4->8(10)
[2022-03-25T07:26:49.053+0000][61059.717s] GC(276) Old regions: 218->218
[2022-03-25T07:26:49.054+0000][61059.717s] GC(276) Humongous regions: 7->7
[2022-03-25T07:26:49.054+0000][61059.718s] GC(276) Metaspace: 61117K->61117K(1105920K)
[2022-03-25T07:26:49.054+0000][61059.718s] GC(276) Pause Young (Normal) (G1 Evacuation Pause) 302M->230M(512M) 193.538ms
[2022-03-25T07:26:49.055+0000][61059.718s] GC(276) User=0.18s Sys=0.00s Real=0.20s
[2022-03-25T07:26:50.444+0000][61061.107s] GC(277) Pause Young (Normal) (G1 Evacuation Pause)
[2022-03-25T07:26:50.448+0000][61061.112s] GC(277) Using 4 workers of 4 for evacuation
[2022-03-25T07:26:51.065+0000][61061.729s] GC(277) MMU target violated: 251.0ms (250.0ms/251.0ms)
[2022-03-25T07:26:51.091+0000][61061.754s] GC(277)   Pre Evacuate Collection Set: 0.1ms
[2022-03-25T07:26:51.101+0000][61061.764s] GC(277)   Evacuate Collection Set: 615.6ms
[2022-03-25T07:26:51.106+0000][61061.769s] GC(277)   Post Evacuate Collection Set: 0.6ms
[2022-03-25T07:26:51.124+0000][61061.788s] GC(277)   Other: 30.8ms
[2022-03-25T07:26:51.140+0000][61061.804s] GC(277) Eden regions: 79->0(27)
[2022-03-25T07:26:51.146+0000][61061.810s] GC(277) Survivor regions: 8->4(11)
[2022-03-25T07:26:51.160+0000][61061.824s] GC(277) Old regions: 218->220
[2022-03-25T07:26:51.167+0000][61061.831s] GC(277) Humongous regions: 7->7
[2022-03-25T07:26:51.168+0000][61061.832s] GC(277) Metaspace: 61117K->61117K(1105920K)
[2022-03-25T07:26:51.169+0000][61061.832s] GC(277) Pause Young (Normal) (G1 Evacuation Pause) 309M->229M(512M) 724.896ms
[2022-03-25T07:26:51.169+0000][61061.833s] GC(277) User=0.15s Sys=0.14s Real=0.73s
[2022-03-25T07:26:52.064+0000][61062.728s] GC(278) Pause Young (Normal) (G1 Evacuation Pause)
[2022-03-25T07:26:52.074+0000][61062.738s] GC(278) Using 4 workers of 4 for evacuation
[2022-03-25T07:26:52.431+0000][61063.094s] GC(278) MMU target violated: 251.0ms (250.0ms/251.0ms)
[2022-03-25T07:26:52.432+0000][61063.096s] GC(278)   Pre Evacuate Collection Set: 0.1ms
[2022-03-25T07:26:52.433+0000][61063.096s] GC(278)   Evacuate Collection Set: 353.7ms
[2022-03-25T07:26:52.433+0000][61063.096s] GC(278)   Post Evacuate Collection Set: 0.4ms
[2022-03-25T07:26:52.433+0000][61063.097s] GC(278)   Other: 13.7ms
[2022-03-25T07:26:52.434+0000][61063.098s] GC(278) Eden regions: 27->0(21)
[2022-03-25T07:26:52.435+0000][61063.098s] GC(278) Survivor regions: 4->4(4)
[2022-03-25T07:26:52.436+0000][61063.099s] GC(278) Old regions: 220->223
[2022-03-25T07:26:52.436+0000][61063.100s] GC(278) Humongous regions: 7->7
[2022-03-25T07:26:52.437+0000][61063.100s] GC(278) Metaspace: 61117K->61117K(1105920K)
[2022-03-25T07:26:52.437+0000][61063.101s] GC(278) Pause Young (Normal) (G1 Evacuation Pause) 256M->231M(512M) 372.611ms
[2022-03-25T07:26:52.438+0000][61063.101s] GC(278) User=0.13s Sys=0.15s Real=0.38s
[2022-03-25T07:26:52.726+0000][61063.390s] GC(279) Pause Young (Normal) (G1 Evacuation Pause)
[2022-03-25T07:26:52.728+0000][61063.392s] GC(279) Using 4 workers of 4 for evacuation
[2022-03-25T07:26:52.869+0000][61063.533s] GC(279)   Pre Evacuate Collection Set: 0.0ms
[2022-03-25T07:26:52.873+0000][61063.537s] GC(279)   Evacuate Collection Set: 135.1ms
[2022-03-25T07:26:52.876+0000][61063.540s] GC(279)   Post Evacuate Collection Set: 0.3ms
[2022-03-25T07:26:52.878+0000][61063.542s] GC(279)   Other: 8.1ms
[2022-03-25T07:26:52.893+0000][61063.557s] GC(279) Eden regions: 21->0(44)
[2022-03-25T07:26:52.897+0000][61063.561s] GC(279) Survivor regions: 4->1(4)
[2022-03-25T07:26:52.899+0000][61063.563s] GC(279) Old regions: 223->224
[2022-03-25T07:26:52.900+0000][61063.564s] GC(279) Humongous regions: 7->7
[2022-03-25T07:26:52.901+0000][61063.564s] GC(279) Metaspace: 61117K->61117K(1105920K)
[2022-03-25T07:26:52.902+0000][61063.566s] GC(279) Pause Young (Normal) (G1 Evacuation Pause) 252M->230M(512M) 176.402ms
[2022-03-25T07:26:52.903+0000][61063.567s] GC(279) User=0.04s Sys=0.07s Real=0.17s
[2022-03-25T07:26:53.733+0000][61064.397s] GC(280) Pause Young (Normal) (G1 Evacuation Pause)
[2022-03-25T07:26:53.744+0000][61064.407s] GC(280) Using 4 workers of 4 for evacuation
[2022-03-25T07:26:53.842+0000][61064.506s] GC(280)   Pre Evacuate Collection Set: 0.0ms
[2022-03-25T07:26:53.843+0000][61064.507s] GC(280)   Evacuate Collection Set: 88.8ms
[2022-03-25T07:26:53.845+0000][61064.509s] GC(280)   Post Evacuate Collection Set: 2.2ms
[2022-03-25T07:26:53.846+0000][61064.509s] GC(280)   Other: 17.6ms
[2022-03-25T07:26:53.847+0000][61064.511s] GC(280) Eden regions: 44->0(59)
[2022-03-25T07:26:53.858+0000][61064.522s] GC(280) Survivor regions: 1->1(6)
[2022-03-25T07:26:53.870+0000][61064.534s] GC(280) Old regions: 224->224
[2022-03-25T07:26:53.878+0000][61064.542s] GC(280) Humongous regions: 7->7
[2022-03-25T07:26:53.881+0000][61064.545s] GC(280) Metaspace: 61117K->61117K(1105920K)
[2022-03-25T07:26:53.882+0000][61064.546s] GC(280) Pause Young (Normal) (G1 Evacuation Pause) 274M->230M(512M) 148.639ms
[2022-03-25T07:26:53.882+0000][61064.546s] GC(280) User=0.06s Sys=0.01s Real=0.15s
[2022-03-25T07:26:55.546+0000][61066.210s] GC(271) Concurrent Rebuild Remembered Sets 7823.286ms
[2022-03-25T07:26:55.558+0000][61066.222s] GC(271) Pause Cleanup
[2022-03-25T07:26:55.594+0000][61066.258s] GC(271) Pause Cleanup 256M->256M(512M) 35.594ms
[2022-03-25T07:26:55.615+0000][61066.279s] GC(271) User=0.00s Sys=0.00s Real=0.06s
[2022-03-25T07:26:55.626+0000][61066.290s] GC(271) Concurrent Cleanup for Next Mark
[2022-03-25T07:26:56.060+0000][61066.723s] GC(271) Concurrent Cleanup for Next Mark 433.757ms
[2022-03-25T07:26:56.072+0000][61066.736s] GC(271) Concurrent Cycle 37289.646ms
[2022-03-25T07:26:58.086+0000][61068.749s] GC(281) Pause Young (Prepare Mixed) (G1 Evacuation Pause)
[2022-03-25T07:26:58.099+0000][61068.763s] GC(281) Using 4 workers of 4 for evacuation
[2022-03-25T07:26:58.239+0000][61068.903s] GC(281)   Pre Evacuate Collection Set: 0.2ms
[2022-03-25T07:26:58.245+0000][61068.909s] GC(281)   Evacuate Collection Set: 112.9ms
[2022-03-25T07:26:58.248+0000][61068.912s] GC(281)   Post Evacuate Collection Set: 9.3ms
[2022-03-25T07:26:58.255+0000][61068.919s] GC(281)   Other: 31.3ms
[2022-03-25T07:26:58.257+0000][61068.920s] GC(281) Eden regions: 55->0(22)
[2022-03-25T07:26:58.261+0000][61068.924s] GC(281) Survivor regions: 1->3(7)
[2022-03-25T07:26:58.287+0000][61068.951s] GC(281) Old regions: 224->224
[2022-03-25T07:26:58.297+0000][61068.961s] GC(281) Humongous regions: 7->7
[2022-03-25T07:26:58.308+0000][61068.972s] GC(281) Metaspace: 61132K->61132K(1105920K)
[2022-03-25T07:26:58.313+0000][61068.977s] GC(281) Pause Young (Prepare Mixed) (G1 Evacuation Pause) 285M->232M(512M) 227.621ms
[2022-03-25T07:26:58.330+0000][61068.993s] GC(281) User=0.06s Sys=0.07s Real=0.25s
[2022-03-25T07:26:58.908+0000][61069.572s] GC(282) Pause Young (Mixed) (G1 Evacuation Pause)
[2022-03-25T07:26:58.909+0000][61069.572s] GC(282) Using 4 workers of 4 for evacuation
[2022-03-25T07:26:59.108+0000][61069.772s] GC(282)   Pre Evacuate Collection Set: 0.1ms
[2022-03-25T07:26:59.109+0000][61069.773s] GC(282)   Evacuate Collection Set: 184.6ms
[2022-03-25T07:26:59.110+0000][61069.773s] GC(282)   Post Evacuate Collection Set: 13.6ms
[2022-03-25T07:26:59.110+0000][61069.774s] GC(282)   Other: 2.3ms
[2022-03-25T07:26:59.111+0000][61069.775s] GC(282) Eden regions: 22->0(24)
[2022-03-25T07:26:59.112+0000][61069.776s] GC(282) Survivor regions: 3->1(4)
[2022-03-25T07:26:59.119+0000][61069.783s] GC(282) Old regions: 224->207
[2022-03-25T07:26:59.122+0000][61069.786s] GC(282) Humongous regions: 7->7
[2022-03-25T07:26:59.123+0000][61069.787s] GC(282) Metaspace: 61132K->61132K(1105920K)
[2022-03-25T07:26:59.124+0000][61069.787s] GC(282) Pause Young (Mixed) (G1 Evacuation Pause) 254M->213M(512M) 215.793ms
[2022-03-25T07:26:59.130+0000][61069.793s] GC(282) User=0.07s Sys=0.04s Real=0.22s
[2022-03-25T07:27:04.094+0000][61074.757s] GC(283) Pause Young (Mixed) (G1 Evacuation Pause)
[2022-03-25T07:27:04.094+0000][61074.758s] GC(283) Using 4 workers of 4 for evacuation
[2022-03-25T07:27:04.621+0000][61075.284s] GC(283) MMU target violated: 251.0ms (250.0ms/251.0ms)
[2022-03-25T07:27:04.656+0000][61075.320s] GC(283)   Pre Evacuate Collection Set: 0.3ms
[2022-03-25T07:27:04.686+0000][61075.350s] GC(283)   Evacuate Collection Set: 441.5ms
[2022-03-25T07:27:04.707+0000][61075.370s] GC(283)   Post Evacuate Collection Set: 83.0ms
[2022-03-25T07:27:04.722+0000][61075.386s] GC(283)   Other: 37.7ms
[2022-03-25T07:27:04.732+0000][61075.396s] GC(283) Eden regions: 24->0(24)
[2022-03-25T07:27:04.736+0000][61075.400s] GC(283) Survivor regions: 1->1(4)
[2022-03-25T07:27:04.742+0000][61075.405s] GC(283) Old regions: 207->190
[2022-03-25T07:27:04.754+0000][61075.417s] GC(283) Humongous regions: 7->7
[2022-03-25T07:27:04.765+0000][61075.429s] GC(283) Metaspace: 61132K->61132K(1105920K)
[2022-03-25T07:27:04.783+0000][61075.447s] GC(283) Pause Young (Mixed) (G1 Evacuation Pause) 237M->196M(512M) 689.067ms
[2022-03-25T07:27:04.795+0000][61075.458s] GC(283) User=0.14s Sys=0.08s Real=0.71s
[2022-03-25T07:27:06.986+0000][61077.649s] GC(284) Pause Young (Mixed) (G1 Evacuation Pause)
[2022-03-25T07:27:07.001+0000][61077.664s] GC(284) Using 4 workers of 4 for evacuation
[2022-03-25T07:27:08.026+0000][61078.690s] GC(284) MMU target violated: 251.0ms (250.0ms/251.0ms)
[2022-03-25T07:27:08.039+0000][61078.703s] GC(284)   Pre Evacuate Collection Set: 0.1ms
[2022-03-25T07:27:08.040+0000][61078.704s] GC(284)   Evacuate Collection Set: 935.7ms
[2022-03-25T07:27:08.042+0000][61078.705s] GC(284)   Post Evacuate Collection Set: 73.2ms
[2022-03-25T07:27:08.056+0000][61078.720s] GC(284)   Other: 44.8ms
[2022-03-25T07:27:08.084+0000][61078.748s] GC(284) Eden regions: 24->0(24)
[2022-03-25T07:27:08.121+0000][61078.785s] GC(284) Survivor regions: 1->1(4)
[2022-03-25T07:27:08.137+0000][61078.801s] GC(284) Old regions: 190->177
[2022-03-25T07:27:08.144+0000][61078.807s] GC(284) Humongous regions: 7->7
[2022-03-25T07:27:08.151+0000][61078.814s] GC(284) Metaspace: 61132K->61132K(1105920K)
[2022-03-25T07:27:08.169+0000][61078.833s] GC(284) Pause Young (Mixed) (G1 Evacuation Pause) 220M->182M(512M) 1183.744ms
[2022-03-25T07:27:08.175+0000][61078.839s] GC(284) User=0.42s Sys=0.24s Real=1.20s
[2022-03-25T07:27:09.194+0000][61079.858s] GC(285) Pause Young (Mixed) (G1 Evacuation Pause)
[2022-03-25T07:27:09.195+0000][61079.859s] GC(285) Using 4 workers of 4 for evacuation
[2022-03-25T07:27:09.633+0000][61080.296s] GC(285) MMU target violated: 251.0ms (250.0ms/251.0ms)
[2022-03-25T07:27:09.640+0000][61080.304s] GC(285)   Pre Evacuate Collection Set: 0.2ms
[2022-03-25T07:27:09.643+0000][61080.307s] GC(285)   Evacuate Collection Set: 390.1ms
[2022-03-25T07:27:09.645+0000][61080.308s] GC(285)   Post Evacuate Collection Set: 44.4ms
[2022-03-25T07:27:09.645+0000][61080.309s] GC(285)   Other: 10.9ms
[2022-03-25T07:27:09.648+0000][61080.312s] GC(285) Eden regions: 24->0(23)
[2022-03-25T07:27:09.657+0000][61080.321s] GC(285) Survivor regions: 1->2(4)
[2022-03-25T07:27:09.732+0000][61080.395s] GC(285) Old regions: 177->165
[2022-03-25T07:27:09.755+0000][61080.418s] GC(285) Humongous regions: 7->7
[2022-03-25T07:27:09.762+0000][61080.425s] GC(285) Metaspace: 61152K->61152K(1105920K)
[2022-03-25T07:27:09.765+0000][61080.429s] GC(285) Pause Young (Mixed) (G1 Evacuation Pause) 206M->171M(512M) 570.905ms
[2022-03-25T07:27:09.784+0000][61080.448s] GC(285) User=0.32s Sys=0.09s Real=0.59s
[2022-03-25T07:47:28.248+0000][62298.914s] GC(286) Pause Young (Mixed) (G1 Evacuation Pause)
[2022-03-25T07:47:28.252+0000][62298.915s] GC(286) Using 4 workers of 4 for evacuation
[2022-03-25T07:47:28.530+0000][62299.194s] GC(286) MMU target violated: 251.0ms (250.0ms/251.0ms)
[2022-03-25T07:47:28.533+0000][62299.197s] GC(286)   Pre Evacuate Collection Set: 13.5ms
[2022-03-25T07:47:28.533+0000][62299.197s] GC(286)   Evacuate Collection Set: 249.8ms
[2022-03-25T07:47:28.534+0000][62299.197s] GC(286)   Post Evacuate Collection Set: 8.3ms
[2022-03-25T07:47:28.534+0000][62299.198s] GC(286)   Other: 13.6ms
[2022-03-25T07:47:28.534+0000][62299.198s] GC(286) Eden regions: 23->0(23)
[2022-03-25T07:47:28.534+0000][62299.198s] GC(286) Survivor regions: 2->2(4)
[2022-03-25T07:47:28.535+0000][62299.198s] GC(286) Old regions: 165->163
[2022-03-25T07:47:28.535+0000][62299.199s] GC(286) Humongous regions: 7->7
[2022-03-25T07:47:28.535+0000][62299.199s] GC(286) Metaspace: 61155K->61155K(1105920K)
[2022-03-25T07:47:28.536+0000][62299.199s] GC(286) Pause Young (Mixed) (G1 Evacuation Pause) 194M->169M(512M) 287.413ms
[2022-03-25T07:47:28.536+0000][62299.200s] GC(286) User=1.01s Sys=0.00s Real=0.29s
[2022-03-25T08:27:23.430+0000][64694.110s] GC(287) Pause Young (Normal) (G1 Evacuation Pause)
[2022-03-25T08:27:23.459+0000][64694.122s] GC(287) Using 4 workers of 4 for evacuation
[2022-03-25T08:27:24.357+0000][64695.021s] GC(287) MMU target violated: 251.0ms (250.0ms/251.0ms)
[2022-03-25T08:27:24.363+0000][64695.027s] GC(287)   Pre Evacuate Collection Set: 213.4ms
[2022-03-25T08:27:24.365+0000][64695.029s] GC(287)   Evacuate Collection Set: 589.8ms
[2022-03-25T08:27:24.366+0000][64695.030s] GC(287)   Post Evacuate Collection Set: 25.1ms
[2022-03-25T08:27:24.371+0000][64695.035s] GC(287)   Other: 133.1ms
[2022-03-25T08:27:24.375+0000][64695.039s] GC(287) Eden regions: 23->0(23)
[2022-03-25T08:27:24.381+0000][64695.044s] GC(287) Survivor regions: 2->2(4)
[2022-03-25T08:27:24.385+0000][64695.048s] GC(287) Old regions: 163->163
[2022-03-25T08:27:24.388+0000][64695.052s] GC(287) Humongous regions: 7->7
[2022-03-25T08:27:24.390+0000][64695.053s] GC(287) Metaspace: 61155K->61155K(1105920K)
[2022-03-25T08:27:24.393+0000][64695.057s] GC(287) Pause Young (Normal) (G1 Evacuation Pause) 192M->170M(512M) 964.119ms
[2022-03-25T08:27:24.396+0000][64695.059s] GC(287) User=0.88s Sys=0.26s Real=0.97s
[2022-03-25T08:27:32.579+0000][64703.242s] GC(288) Pause Young (Normal) (G1 Evacuation Pause)
[2022-03-25T08:27:32.655+0000][64703.319s] GC(288) Using 4 workers of 4 for evacuation
[2022-03-25T08:27:36.205+0000][64706.869s] GC(288) MMU target violated: 251.0ms (250.0ms/251.0ms)
[2022-03-25T08:27:36.312+0000][64706.976s] GC(288)   Pre Evacuate Collection Set: 0.0ms
[2022-03-25T08:27:36.375+0000][64707.039s] GC(288)   Evacuate Collection Set: 3133.1ms
[2022-03-25T08:27:36.420+0000][64707.083s] GC(288)   Post Evacuate Collection Set: 230.9ms
[2022-03-25T08:27:36.476+0000][64707.140s] GC(288)   Other: 369.6ms
[2022-03-25T08:27:36.551+0000][64707.214s] GC(288) Eden regions: 23->0(21)
[2022-03-25T08:27:36.643+0000][64707.306s] GC(288) Survivor regions: 2->4(4)
[2022-03-25T08:27:36.678+0000][64707.341s] GC(288) Old regions: 163->163
[2022-03-25T08:27:36.782+0000][64707.445s] GC(288) Humongous regions: 7->7
[2022-03-25T08:27:36.986+0000][64707.650s] GC(288) Metaspace: 61156K->61156K(1105920K)
[2022-03-25T08:27:37.706+0000][64708.369s] GC(288) Pause Young (Normal) (G1 Evacuation Pause) 193M->172M(512M) 5126.831ms
[2022-03-25T08:27:38.094+0000][64708.757s] GC(288) User=1.53s Sys=0.76s Real=5.51s
[2022-03-25T08:27:41.594+0000][64712.258s] GC(289) Pause Young (Normal) (G1 Evacuation Pause)
[2022-03-25T08:27:41.647+0000][64712.311s] GC(289) Using 4 workers of 4 for evacuation
[2022-03-25T08:27:42.262+0000][64712.925s] GC(289) MMU target violated: 251.0ms (250.0ms/251.0ms)
[2022-03-25T08:27:42.268+0000][64712.932s] GC(289)   Pre Evacuate Collection Set: 0.1ms
[2022-03-25T08:27:42.286+0000][64712.949s] GC(289)   Evacuate Collection Set: 574.4ms
[2022-03-25T08:27:42.300+0000][64712.964s] GC(289)   Post Evacuate Collection Set: 0.6ms
[2022-03-25T08:27:42.306+0000][64712.970s] GC(289)   Other: 99.3ms
[2022-03-25T08:27:42.310+0000][64712.973s] GC(289) Eden regions: 21->0(23)
[2022-03-25T08:27:42.321+0000][64712.985s] GC(289) Survivor regions: 4->2(4)
[2022-03-25T08:27:42.337+0000][64713.001s] GC(289) Old regions: 163->167
[2022-03-25T08:27:42.348+0000][64713.012s] GC(289) Humongous regions: 7->7
[2022-03-25T08:27:42.399+0000][64713.063s] GC(289) Metaspace: 61157K->61157K(1105920K)
[2022-03-25T08:27:42.548+0000][64713.211s] GC(289) Pause Young (Normal) (G1 Evacuation Pause) 193M->172M(512M) 953.515ms
[2022-03-25T08:27:42.684+0000][64713.347s] GC(289) User=0.15s Sys=0.12s Real=1.03s
[2022-03-25T08:27:46.113+0000][64716.777s] GC(290) Pause Young (Normal) (G1 Evacuation Pause)
[2022-03-25T08:27:46.133+0000][64716.797s] GC(290) Using 4 workers of 4 for evacuation
[2022-03-25T08:27:46.245+0000][64716.908s] GC(290)   Pre Evacuate Collection Set: 0.0ms
[2022-03-25T08:27:46.259+0000][64716.922s] GC(290)   Evacuate Collection Set: 83.4ms
[2022-03-25T08:27:46.263+0000][64716.926s] GC(290)   Post Evacuate Collection Set: 0.6ms
[2022-03-25T08:27:46.265+0000][64716.929s] GC(290)   Other: 47.4ms
[2022-03-25T08:27:46.270+0000][64716.934s] GC(290) Eden regions: 23->0(23)
[2022-03-25T08:27:46.276+0000][64716.939s] GC(290) Survivor regions: 2->2(4)
[2022-03-25T08:27:46.280+0000][64716.943s] GC(290) Old regions: 167->167
[2022-03-25T08:27:46.281+0000][64716.944s] GC(290) Humongous regions: 7->7
[2022-03-25T08:27:46.286+0000][64716.950s] GC(290) Metaspace: 61157K->61157K(1105920K)
[2022-03-25T08:27:46.289+0000][64716.953s] GC(290) Pause Young (Normal) (G1 Evacuation Pause) 195M->173M(512M) 175.803ms
[2022-03-25T08:27:46.292+0000][64716.956s] GC(290) User=0.04s Sys=0.02s Real=0.19s
[2022-03-25T08:27:48.686+0000][64719.349s] GC(291) Pause Young (Normal) (G1 Evacuation Pause)
[2022-03-25T08:27:48.696+0000][64719.360s] GC(291) Using 4 workers of 4 for evacuation
[2022-03-25T08:27:48.806+0000][64719.469s] GC(291)   Pre Evacuate Collection Set: 0.0ms
[2022-03-25T08:27:48.808+0000][64719.472s] GC(291)   Evacuate Collection Set: 102.3ms
[2022-03-25T08:27:48.810+0000][64719.474s] GC(291)   Post Evacuate Collection Set: 0.7ms
[2022-03-25T08:27:48.813+0000][64719.476s] GC(291)   Other: 17.3ms
[2022-03-25T08:27:48.821+0000][64719.485s] GC(291) Eden regions: 23->0(23)
[2022-03-25T08:27:48.823+0000][64719.486s] GC(291) Survivor regions: 2->2(4)
[2022-03-25T08:27:48.824+0000][64719.488s] GC(291) Old regions: 167->167
[2022-03-25T08:27:48.825+0000][64719.488s] GC(291) Humongous regions: 7->7
[2022-03-25T08:27:48.825+0000][64719.489s] GC(291) Metaspace: 61159K->61159K(1105920K)
[2022-03-25T08:27:48.826+0000][64719.490s] GC(291) Pause Young (Normal) (G1 Evacuation Pause) 196M->173M(512M) 140.347ms
[2022-03-25T08:27:48.826+0000][64719.490s] GC(291) User=0.02s Sys=0.03s Real=0.13s
[2022-03-25T08:27:51.608+0000][64722.271s] GC(292) Pause Young (Normal) (G1 Evacuation Pause)
[2022-03-25T08:27:51.746+0000][64722.410s] GC(292) Using 4 workers of 4 for evacuation
[2022-03-25T08:27:52.477+0000][64723.141s] GC(292) MMU target violated: 251.0ms (250.0ms/251.0ms)
[2022-03-25T08:27:52.491+0000][64723.155s] GC(292)   Pre Evacuate Collection Set: 0.0ms
[2022-03-25T08:27:52.507+0000][64723.171s] GC(292)   Evacuate Collection Set: 633.6ms
[2022-03-25T08:27:52.549+0000][64723.213s] GC(292)   Post Evacuate Collection Set: 0.8ms
[2022-03-25T08:27:52.586+0000][64723.250s] GC(292)   Other: 249.5ms
[2022-03-25T08:27:52.608+0000][64723.271s] GC(292) Eden regions: 23->0(23)
[2022-03-25T08:27:52.620+0000][64723.284s] GC(292) Survivor regions: 2->2(4)
[2022-03-25T08:27:52.629+0000][64723.293s] GC(292) Old regions: 167->167
[2022-03-25T08:27:52.633+0000][64723.297s] GC(292) Humongous regions: 7->7
[2022-03-25T08:27:52.645+0000][64723.309s] GC(292) Metaspace: 61159K->61159K(1105920K)
[2022-03-25T08:27:52.655+0000][64723.319s] GC(292) Pause Young (Normal) (G1 Evacuation Pause) 196M->173M(512M) 1047.443ms
[2022-03-25T08:27:52.685+0000][64723.348s] GC(292) User=0.28s Sys=0.12s Real=1.07s
[2022-03-25T08:27:54.886+0000][64725.550s] GC(293) Pause Young (Normal) (G1 Evacuation Pause)
[2022-03-25T08:27:54.902+0000][64725.566s] GC(293) Using 4 workers of 4 for evacuation
[2022-03-25T08:27:55.322+0000][64725.985s] GC(293) MMU target violated: 251.0ms (250.0ms/251.0ms)
[2022-03-25T08:27:55.334+0000][64725.998s] GC(293)   Pre Evacuate Collection Set: 0.1ms
[2022-03-25T08:27:55.355+0000][64726.018s] GC(293)   Evacuate Collection Set: 367.4ms
[2022-03-25T08:27:55.366+0000][64726.030s] GC(293)   Post Evacuate Collection Set: 13.3ms
[2022-03-25T08:27:55.398+0000][64726.061s] GC(293)   Other: 71.0ms
[2022-03-25T08:27:55.600+0000][64726.264s] GC(293) Eden regions: 23->0(23)
[2022-03-25T08:27:55.800+0000][64726.464s] GC(293) Survivor regions: 2->2(4)
[2022-03-25T08:27:55.974+0000][64726.638s] GC(293) Old regions: 167->167
[2022-03-25T08:27:56.104+0000][64726.767s] GC(293) Humongous regions: 7->7
[2022-03-25T08:27:56.351+0000][64727.014s] GC(293) Metaspace: 61159K->61159K(1105920K)
[2022-03-25T08:27:56.594+0000][64727.258s] GC(293) Pause Young (Normal) (G1 Evacuation Pause) 196M->173M(512M) 1708.455ms
[2022-03-25T08:27:56.818+0000][64727.482s] GC(293) User=0.20s Sys=0.13s Real=1.89s
[2022-03-25T08:28:00.374+0000][64731.038s] GC(294) Pause Young (Normal) (G1 Evacuation Pause)
[2022-03-25T08:28:00.404+0000][64731.068s] GC(294) Using 4 workers of 4 for evacuation
[2022-03-25T08:28:01.164+0000][64731.827s] GC(294) MMU target violated: 251.0ms (250.0ms/251.0ms)
[2022-03-25T08:28:01.180+0000][64731.844s] GC(294)   Pre Evacuate Collection Set: 0.2ms
[2022-03-25T08:28:01.260+0000][64731.923s] GC(294)   Evacuate Collection Set: 482.0ms
[2022-03-25T08:28:01.435+0000][64732.098s] GC(294)   Post Evacuate Collection Set: 0.5ms
[2022-03-25T08:28:01.668+0000][64732.332s] GC(294)   Other: 365.1ms
[2022-03-25T08:28:01.834+0000][64732.498s] GC(294) Eden regions: 23->0(22)
[2022-03-25T08:28:01.924+0000][64732.587s] GC(294) Survivor regions: 2->3(4)
[2022-03-25T08:28:02.094+0000][64732.757s] GC(294) Old regions: 167->167
[2022-03-25T08:28:02.268+0000][64732.932s] GC(294) Humongous regions: 7->7
[2022-03-25T08:28:02.361+0000][64733.024s] GC(294) Metaspace: 61159K->61159K(1105920K)
[2022-03-25T08:28:02.384+0000][64733.048s] GC(294) Pause Young (Normal) (G1 Evacuation Pause) 196M->173M(512M) 2009.952ms
[2022-03-25T08:28:02.397+0000][64733.061s] GC(294) User=0.13s Sys=0.05s Real=2.06s
[2022-03-25T08:28:06.159+0000][64736.823s] GC(295) Pause Young (Normal) (G1 Evacuation Pause)
[2022-03-25T08:28:06.283+0000][64736.947s] GC(295) Using 4 workers of 4 for evacuation
[2022-03-25T08:28:06.415+0000][64737.079s] GC(295)   Pre Evacuate Collection Set: 0.0ms
[2022-03-25T08:28:06.779+0000][64737.443s] GC(295)   Evacuate Collection Set: 76.3ms
[2022-03-25T08:28:07.074+0000][64737.737s] GC(295)   Post Evacuate Collection Set: 0.5ms
[2022-03-25T08:28:07.190+0000][64737.854s] GC(295)   Other: 179.0ms
[2022-03-25T08:28:07.239+0000][64737.903s] GC(295) Eden regions: 22->0(22)
[2022-03-25T08:28:07.316+0000][64737.979s] GC(295) Survivor regions: 3->3(4)
[2022-03-25T08:28:07.401+0000][64738.065s] GC(295) Old regions: 167->167
[2022-03-25T08:28:07.515+0000][64738.178s] GC(295) Humongous regions: 7->7
[2022-03-25T08:28:07.577+0000][64738.241s] GC(295) Metaspace: 61159K->61159K(1105920K)
[2022-03-25T08:28:07.742+0000][64738.405s] GC(295) Pause Young (Normal) (G1 Evacuation Pause) 195M->173M(512M) 1582.302ms
[2022-03-25T08:28:07.851+0000][64738.514s] GC(295) User=0.04s Sys=0.04s Real=1.74s
[2022-03-25T08:28:09.792+0000][64740.456s] GC(296) Pause Young (Normal) (G1 Evacuation Pause)
[2022-03-25T08:28:09.851+0000][64740.515s] GC(296) Using 4 workers of 4 for evacuation
[2022-03-25T08:28:09.964+0000][64740.628s] GC(296)   Pre Evacuate Collection Set: 0.0ms
[2022-03-25T08:28:10.077+0000][64740.741s] GC(296)   Evacuate Collection Set: 82.4ms
[2022-03-25T08:28:10.138+0000][64740.802s] GC(296)   Post Evacuate Collection Set: 0.5ms
[2022-03-25T08:28:10.197+0000][64740.860s] GC(296)   Other: 88.7ms
[2022-03-25T08:28:10.206+0000][64740.869s] GC(296) Eden regions: 22->0(26)
[2022-03-25T08:28:10.217+0000][64740.880s] GC(296) Survivor regions: 3->2(4)
[2022-03-25T08:28:10.220+0000][64740.883s] GC(296) Old regions: 167->167
[2022-03-25T08:28:10.233+0000][64740.897s] GC(296) Humongous regions: 7->7
[2022-03-25T08:28:10.319+0000][64740.983s] GC(296) Metaspace: 61159K->61159K(1105920K)
[2022-03-25T08:28:10.389+0000][64741.052s] GC(296) Pause Young (Normal) (G1 Evacuation Pause) 195M->173M(512M) 596.293ms
[2022-03-25T08:28:10.436+0000][64741.100s] GC(296) User=0.09s Sys=0.03s Real=0.64s
[2022-03-25T08:28:13.855+0000][64744.518s] GC(297) Pause Young (Normal) (G1 Evacuation Pause)
[2022-03-25T08:28:13.876+0000][64744.540s] GC(297) Using 4 workers of 4 for evacuation
[2022-03-25T08:28:14.137+0000][64744.800s] GC(297)   Pre Evacuate Collection Set: 0.1ms
[2022-03-25T08:28:14.190+0000][64744.854s] GC(297)   Evacuate Collection Set: 244.6ms
[2022-03-25T08:28:14.230+0000][64744.894s] GC(297)   Post Evacuate Collection Set: 0.5ms
[2022-03-25T08:28:14.264+0000][64744.928s] GC(297)   Other: 36.8ms
[2022-03-25T08:28:14.274+0000][64744.938s] GC(297) Eden regions: 26->0(25)
[2022-03-25T08:28:14.289+0000][64744.953s] GC(297) Survivor regions: 2->2(4)
[2022-03-25T08:28:14.306+0000][64744.969s] GC(297) Old regions: 167->167
[2022-03-25T08:28:14.310+0000][64744.974s] GC(297) Humongous regions: 7->7
[2022-03-25T08:28:14.322+0000][64744.986s] GC(297) Metaspace: 61159K->61159K(1105920K)
[2022-03-25T08:28:14.345+0000][64745.008s] GC(297) Pause Young (Normal) (G1 Evacuation Pause) 199M->173M(512M) 489.690ms
[2022-03-25T08:28:14.387+0000][64745.051s] GC(297) User=0.12s Sys=0.10s Real=0.53s
[2022-03-25T08:28:35.669+0000][64766.333s] GC(298) Pause Young (Normal) (G1 Evacuation Pause)
[2022-03-25T08:28:35.670+0000][64766.333s] GC(298) Using 4 workers of 4 for evacuation
[2022-03-25T08:28:35.817+0000][64766.481s] GC(298)   Pre Evacuate Collection Set: 0.1ms
[2022-03-25T08:28:35.819+0000][64766.483s] GC(298)   Evacuate Collection Set: 138.1ms
[2022-03-25T08:28:35.822+0000][64766.486s] GC(298)   Post Evacuate Collection Set: 0.8ms
[2022-03-25T08:28:35.824+0000][64766.487s] GC(298)   Other: 9.2ms
[2022-03-25T08:28:35.825+0000][64766.488s] GC(298) Eden regions: 25->0(29)
[2022-03-25T08:28:35.825+0000][64766.489s] GC(298) Survivor regions: 2->3(4)
[2022-03-25T08:28:35.826+0000][64766.490s] GC(298) Old regions: 167->167
[2022-03-25T08:28:35.828+0000][64766.491s] GC(298) Humongous regions: 7->7
[2022-03-25T08:28:35.828+0000][64766.492s] GC(298) Metaspace: 61159K->61159K(1105920K)
[2022-03-25T08:28:35.829+0000][64766.493s] GC(298) Pause Young (Normal) (G1 Evacuation Pause) 198M->174M(512M) 159.693ms
[2022-03-25T08:28:35.830+0000][64766.493s] GC(298) User=0.40s Sys=0.01s Real=0.16s
[2022-03-25T08:28:36.727+0000][64767.391s] GC(299) Pause Young (Normal) (G1 Evacuation Pause)
[2022-03-25T08:28:36.744+0000][64767.407s] GC(299) Using 4 workers of 4 for evacuation
[2022-03-25T08:28:36.915+0000][64767.579s] GC(299)   Pre Evacuate Collection Set: 0.0ms
[2022-03-25T08:28:36.934+0000][64767.598s] GC(299)   Evacuate Collection Set: 167.5ms
[2022-03-25T08:28:36.945+0000][64767.609s] GC(299)   Post Evacuate Collection Set: 1.2ms
[2022-03-25T08:28:36.948+0000][64767.611s] GC(299)   Other: 19.4ms
[2022-03-25T08:28:36.959+0000][64767.622s] GC(299) Eden regions: 29->0(30)
[2022-03-25T08:28:36.965+0000][64767.629s] GC(299) Survivor regions: 3->3(4)
[2022-03-25T08:28:36.969+0000][64767.633s] GC(299) Old regions: 167->167
[2022-03-25T08:28:36.982+0000][64767.646s] GC(299) Humongous regions: 7->7
[2022-03-25T08:28:37.010+0000][64767.674s] GC(299) Metaspace: 61159K->61159K(1105920K)
[2022-03-25T08:28:37.020+0000][64767.683s] GC(299) Pause Young (Normal) (G1 Evacuation Pause) 203M->174M(512M) 292.417ms
[2022-03-25T08:28:37.026+0000][64767.690s] GC(299) User=0.13s Sys=0.00s Real=0.29s
[2022-03-25T08:28:38.101+0000][64768.764s] GC(300) Pause Young (Normal) (G1 Evacuation Pause)
[2022-03-25T08:28:38.117+0000][64768.780s] GC(300) Using 4 workers of 4 for evacuation
[2022-03-25T08:28:38.407+0000][64769.070s] GC(300) MMU target violated: 251.0ms (250.0ms/251.0ms)
[2022-03-25T08:28:38.419+0000][64769.083s] GC(300)   Pre Evacuate Collection Set: 0.2ms
[2022-03-25T08:28:38.468+0000][64769.131s] GC(300)   Evacuate Collection Set: 282.7ms
[2022-03-25T08:28:38.475+0000][64769.138s] GC(300)   Post Evacuate Collection Set: 0.7ms
[2022-03-25T08:28:38.477+0000][64769.141s] GC(300)   Other: 35.3ms
[2022-03-25T08:28:38.480+0000][64769.143s] GC(300) Eden regions: 30->0(33)
[2022-03-25T08:28:38.486+0000][64769.149s] GC(300) Survivor regions: 3->4(5)
[2022-03-25T08:28:38.487+0000][64769.150s] GC(300) Old regions: 167->167
[2022-03-25T08:28:38.488+0000][64769.152s] GC(300) Humongous regions: 7->7
[2022-03-25T08:28:38.491+0000][64769.154s] GC(300) Metaspace: 61159K->61159K(1105920K)
[2022-03-25T08:28:38.498+0000][64769.162s] GC(300) Pause Young (Normal) (G1 Evacuation Pause) 204M->175M(512M) 397.317ms
[2022-03-25T08:28:38.502+0000][64769.166s] GC(300) User=0.41s Sys=0.01s Real=0.39s
[2022-03-25T08:28:39.212+0000][64769.875s] GC(301) Pause Young (Normal) (G1 Evacuation Pause)
[2022-03-25T08:28:39.212+0000][64769.876s] GC(301) Using 4 workers of 4 for evacuation
[2022-03-25T08:28:39.363+0000][64770.026s] GC(301)   Pre Evacuate Collection Set: 0.0ms
[2022-03-25T08:28:39.367+0000][64770.030s] GC(301)   Evacuate Collection Set: 138.5ms
[2022-03-25T08:28:39.367+0000][64770.031s] GC(301)   Post Evacuate Collection Set: 1.0ms
[2022-03-25T08:28:39.369+0000][64770.033s] GC(301)   Other: 11.7ms
[2022-03-25T08:28:39.369+0000][64770.033s] GC(301) Eden regions: 33->0(36)
[2022-03-25T08:28:39.370+0000][64770.034s] GC(301) Survivor regions: 4->3(5)
[2022-03-25T08:28:39.371+0000][64770.034s] GC(301) Old regions: 167->168
[2022-03-25T08:28:39.371+0000][64770.035s] GC(301) Humongous regions: 7->7
[2022-03-25T08:28:39.372+0000][64770.035s] GC(301) Metaspace: 61159K->61159K(1105920K)
[2022-03-25T08:28:39.372+0000][64770.036s] GC(301) Pause Young (Normal) (G1 Evacuation Pause) 208M->175M(512M) 160.483ms
[2022-03-25T08:28:39.372+0000][64770.036s] GC(301) User=0.14s Sys=0.00s Real=0.16s
[2022-03-25T08:28:41.237+0000][64771.901s] GC(302) Pause Young (Normal) (G1 Evacuation Pause)
[2022-03-25T08:28:41.242+0000][64771.906s] GC(302) Using 4 workers of 4 for evacuation
[2022-03-25T08:28:41.330+0000][64771.994s] GC(302)   Pre Evacuate Collection Set: 0.0ms
[2022-03-25T08:28:41.330+0000][64771.994s] GC(302)   Evacuate Collection Set: 72.0ms
[2022-03-25T08:28:41.331+0000][64771.994s] GC(302)   Post Evacuate Collection Set: 9.9ms
[2022-03-25T08:28:41.331+0000][64771.995s] GC(302)   Other: 10.9ms
[2022-03-25T08:28:41.331+0000][64771.995s] GC(302) Eden regions: 36->0(44)
[2022-03-25T08:28:41.331+0000][64771.995s] GC(302) Survivor regions: 3->3(5)
[2022-03-25T08:28:41.332+0000][64771.995s] GC(302) Old regions: 168->168
[2022-03-25T08:28:41.332+0000][64771.996s] GC(302) Humongous regions: 7->7
[2022-03-25T08:28:41.332+0000][64771.996s] GC(302) Metaspace: 61161K->61161K(1105920K)
[2022-03-25T08:28:41.333+0000][64771.996s] GC(302) Pause Young (Normal) (G1 Evacuation Pause) 211M->175M(512M) 95.343ms
[2022-03-25T08:28:41.333+0000][64771.997s] GC(302) User=0.09s Sys=0.01s Real=0.09s
[2022-03-25T08:28:44.501+0000][64775.165s] GC(303) Pause Young (Normal) (G1 Evacuation Pause)
[2022-03-25T08:28:44.534+0000][64775.197s] GC(303) Using 4 workers of 4 for evacuation
[2022-03-25T08:28:44.619+0000][64775.283s] GC(303)   Pre Evacuate Collection Set: 0.2ms
[2022-03-25T08:28:44.624+0000][64775.288s] GC(303)   Evacuate Collection Set: 77.7ms
[2022-03-25T08:28:44.626+0000][64775.289s] GC(303)   Post Evacuate Collection Set: 2.8ms
[2022-03-25T08:28:44.630+0000][64775.294s] GC(303)   Other: 37.5ms
[2022-03-25T08:28:44.645+0000][64775.308s] GC(303) Eden regions: 44->0(53)
[2022-03-25T08:28:44.660+0000][64775.324s] GC(303) Survivor regions: 3->3(6)
[2022-03-25T08:28:44.664+0000][64775.327s] GC(303) Old regions: 168->168
[2022-03-25T08:28:44.667+0000][64775.331s] GC(303) Humongous regions: 7->7
[2022-03-25T08:28:44.669+0000][64775.332s] GC(303) Metaspace: 61161K->61161K(1105920K)
[2022-03-25T08:28:44.669+0000][64775.333s] GC(303) Pause Young (Normal) (G1 Evacuation Pause) 219M->175M(512M) 168.221ms
[2022-03-25T08:28:44.670+0000][64775.333s] GC(303) User=0.11s Sys=0.01s Real=0.17s
[2022-03-25T08:28:48.632+0000][64779.295s] GC(304) Pause Young (Normal) (G1 Evacuation Pause)
[2022-03-25T08:28:48.642+0000][64779.306s] GC(304) Using 4 workers of 4 for evacuation
[2022-03-25T08:28:48.875+0000][64779.539s] GC(304)   Pre Evacuate Collection Set: 0.1ms
[2022-03-25T08:28:48.883+0000][64779.546s] GC(304)   Evacuate Collection Set: 209.2ms
[2022-03-25T08:28:48.899+0000][64779.562s] GC(304)   Post Evacuate Collection Set: 8.1ms
[2022-03-25T08:28:48.915+0000][64779.578s] GC(304)   Other: 25.9ms
[2022-03-25T08:28:48.927+0000][64779.591s] GC(304) Eden regions: 53->0(57)
[2022-03-25T08:28:48.931+0000][64779.595s] GC(304) Survivor regions: 3->3(7)
[2022-03-25T08:28:48.937+0000][64779.600s] GC(304) Old regions: 168->168
[2022-03-25T08:28:48.939+0000][64779.602s] GC(304) Humongous regions: 7->7
[2022-03-25T08:28:48.941+0000][64779.604s] GC(304) Metaspace: 61164K->61164K(1105920K)
[2022-03-25T08:28:48.953+0000][64779.617s] GC(304) Pause Young (Normal) (G1 Evacuation Pause) 228M->175M(512M) 321.578ms
[2022-03-25T08:28:48.956+0000][64779.619s] GC(304) User=0.13s Sys=0.12s Real=0.33s
[2022-03-25T08:28:52.565+0000][64783.229s] GC(305) Pause Young (Normal) (G1 Evacuation Pause)
[2022-03-25T08:28:52.579+0000][64783.243s] GC(305) Using 4 workers of 4 for evacuation
[2022-03-25T08:28:53.035+0000][64783.699s] GC(305) MMU target violated: 251.0ms (250.0ms/251.0ms)
[2022-03-25T08:28:53.134+0000][64783.797s] GC(305)   Pre Evacuate Collection Set: 0.0ms
[2022-03-25T08:28:53.213+0000][64783.877s] GC(305)   Evacuate Collection Set: 451.8ms
[2022-03-25T08:28:53.249+0000][64783.913s] GC(305)   Post Evacuate Collection Set: 0.8ms
[2022-03-25T08:28:53.275+0000][64783.939s] GC(305)   Other: 115.7ms
[2022-03-25T08:28:53.290+0000][64783.954s] GC(305) Eden regions: 57->0(36)
[2022-03-25T08:28:53.307+0000][64783.970s] GC(305) Survivor regions: 3->3(8)
[2022-03-25T08:28:53.323+0000][64783.986s] GC(305) Old regions: 168->168
[2022-03-25T08:28:53.335+0000][64783.999s] GC(305) Humongous regions: 7->7
[2022-03-25T08:28:53.339+0000][64784.002s] GC(305) Metaspace: 61164K->61164K(1105920K)
[2022-03-25T08:28:53.354+0000][64784.018s] GC(305) Pause Young (Normal) (G1 Evacuation Pause) 232M->175M(512M) 788.981ms
[2022-03-25T08:28:53.366+0000][64784.030s] GC(305) User=0.74s Sys=0.47s Real=0.79s
[2022-03-25T08:28:54.954+0000][64785.617s] GC(306) Pause Young (Normal) (G1 Evacuation Pause)
[2022-03-25T08:28:54.969+0000][64785.633s] GC(306) Using 4 workers of 4 for evacuation
[2022-03-25T08:28:55.133+0000][64785.797s] GC(306)   Pre Evacuate Collection Set: 0.1ms
[2022-03-25T08:28:55.142+0000][64785.805s] GC(306)   Evacuate Collection Set: 145.8ms
[2022-03-25T08:28:55.151+0000][64785.814s] GC(306)   Post Evacuate Collection Set: 2.4ms
[2022-03-25T08:28:55.161+0000][64785.825s] GC(306)   Other: 31.4ms
[2022-03-25T08:28:55.188+0000][64785.851s] GC(306) Eden regions: 36->0(38)
[2022-03-25T08:28:55.193+0000][64785.857s] GC(306) Survivor regions: 3->3(5)
[2022-03-25T08:28:55.199+0000][64785.862s] GC(306) Old regions: 168->168
[2022-03-25T08:28:55.206+0000][64785.869s] GC(306) Humongous regions: 7->7
[2022-03-25T08:28:55.217+0000][64785.880s] GC(306) Metaspace: 61164K->61164K(1105920K)
[2022-03-25T08:28:55.233+0000][64785.897s] GC(306) Pause Young (Normal) (G1 Evacuation Pause) 211M->175M(512M) 279.488ms
[2022-03-25T08:28:55.251+0000][64785.915s] GC(306) User=0.05s Sys=0.09s Real=0.29s
[2022-03-25T08:29:03.096+0000][64793.759s] GC(307) Pause Young (Normal) (G1 Evacuation Pause)
[2022-03-25T08:29:03.101+0000][64793.765s] GC(307) Using 4 workers of 4 for evacuation
[2022-03-25T08:29:03.220+0000][64793.883s] GC(307)   Pre Evacuate Collection Set: 0.1ms
[2022-03-25T08:29:03.221+0000][64793.885s] GC(307)   Evacuate Collection Set: 112.6ms
[2022-03-25T08:29:03.222+0000][64793.886s] GC(307)   Post Evacuate Collection Set: 0.8ms
[2022-03-25T08:29:03.224+0000][64793.888s] GC(307)   Other: 10.6ms
[2022-03-25T08:29:03.225+0000][64793.889s] GC(307) Eden regions: 38->0(41)
[2022-03-25T08:29:03.225+0000][64793.889s] GC(307) Survivor regions: 3->3(6)
[2022-03-25T08:29:03.226+0000][64793.889s] GC(307) Old regions: 168->168
[2022-03-25T08:29:03.226+0000][64793.889s] GC(307) Humongous regions: 7->7
[2022-03-25T08:29:03.226+0000][64793.890s] GC(307) Metaspace: 61164K->61164K(1105920K)
[2022-03-25T08:29:03.226+0000][64793.890s] GC(307) Pause Young (Normal) (G1 Evacuation Pause) 213M->175M(512M) 130.667ms
[2022-03-25T08:29:03.236+0000][64793.900s] GC(307) User=0.04s Sys=0.13s Real=0.13s
[2022-03-25T08:29:05.485+0000][64796.149s] GC(308) Pause Young (Normal) (G1 Evacuation Pause)
[2022-03-25T08:29:05.485+0000][64796.149s] GC(308) Using 4 workers of 4 for evacuation
[2022-03-25T08:29:05.585+0000][64796.249s] GC(308)   Pre Evacuate Collection Set: 0.0ms
[2022-03-25T08:29:05.589+0000][64796.253s] GC(308)   Evacuate Collection Set: 90.7ms
[2022-03-25T08:29:05.592+0000][64796.256s] GC(308)   Post Evacuate Collection Set: 0.6ms
[2022-03-25T08:29:05.595+0000][64796.259s] GC(308)   Other: 9.2ms
[2022-03-25T08:29:05.600+0000][64796.264s] GC(308) Eden regions: 41->0(45)
[2022-03-25T08:29:05.601+0000][64796.265s] GC(308) Survivor regions: 3->4(6)
[2022-03-25T08:29:05.602+0000][64796.266s] GC(308) Old regions: 168->168
[2022-03-25T08:29:05.602+0000][64796.266s] GC(308) Humongous regions: 7->7
[2022-03-25T08:29:05.603+0000][64796.267s] GC(308) Metaspace: 61164K->61164K(1105920K)
[2022-03-25T08:29:05.604+0000][64796.267s] GC(308) Pause Young (Normal) (G1 Evacuation Pause) 216M->176M(512M) 118.808ms
[2022-03-25T08:29:05.608+0000][64796.272s] GC(308) User=0.06s Sys=0.01s Real=0.12s
[2022-03-25T08:29:06.793+0000][64797.456s] GC(309) Pause Young (Normal) (G1 Evacuation Pause)
[2022-03-25T08:29:06.796+0000][64797.460s] GC(309) Using 4 workers of 4 for evacuation
[2022-03-25T08:29:06.822+0000][64797.486s] GC(309)   Pre Evacuate Collection Set: 0.0ms
[2022-03-25T08:29:06.822+0000][64797.486s] GC(309)   Evacuate Collection Set: 21.9ms
[2022-03-25T08:29:06.823+0000][64797.486s] GC(309)   Post Evacuate Collection Set: 1.5ms
[2022-03-25T08:29:06.824+0000][64797.487s] GC(309)   Other: 6.0ms
[2022-03-25T08:29:06.825+0000][64797.488s] GC(309) Eden regions: 45->0(50)
[2022-03-25T08:29:06.825+0000][64797.489s] GC(309) Survivor regions: 4->4(7)
[2022-03-25T08:29:06.825+0000][64797.489s] GC(309) Old regions: 168->168
[2022-03-25T08:29:06.826+0000][64797.489s] GC(309) Humongous regions: 7->7
[2022-03-25T08:29:06.826+0000][64797.490s] GC(309) Metaspace: 61164K->61164K(1105920K)
[2022-03-25T08:29:06.826+0000][64797.490s] GC(309) Pause Young (Normal) (G1 Evacuation Pause) 221M->176M(512M) 33.559ms
[2022-03-25T08:29:06.827+0000][64797.490s] GC(309) User=0.04s Sys=0.00s Real=0.04s
[2022-03-25T08:29:08.434+0000][64799.098s] GC(310) Pause Young (Normal) (G1 Evacuation Pause)
[2022-03-25T08:29:08.435+0000][64799.099s] GC(310) Using 4 workers of 4 for evacuation
[2022-03-25T08:29:08.525+0000][64799.189s] GC(310)   Pre Evacuate Collection Set: 0.0ms
[2022-03-25T08:29:08.525+0000][64799.189s] GC(310)   Evacuate Collection Set: 68.2ms
[2022-03-25T08:29:08.525+0000][64799.189s] GC(310)   Post Evacuate Collection Set: 0.5ms
[2022-03-25T08:29:08.526+0000][64799.189s] GC(310)   Other: 22.0ms
[2022-03-25T08:29:08.526+0000][64799.189s] GC(310) Eden regions: 50->0(57)
[2022-03-25T08:29:08.526+0000][64799.190s] GC(310) Survivor regions: 4->4(7)
[2022-03-25T08:29:08.526+0000][64799.190s] GC(310) Old regions: 168->168
[2022-03-25T08:29:08.526+0000][64799.190s] GC(310) Humongous regions: 7->7
[2022-03-25T08:29:08.526+0000][64799.190s] GC(310) Metaspace: 61164K->61164K(1105920K)
[2022-03-25T08:29:08.527+0000][64799.190s] GC(310) Pause Young (Normal) (G1 Evacuation Pause) 226M->176M(512M) 92.314ms
[2022-03-25T08:29:08.527+0000][64799.191s] GC(310) User=0.04s Sys=0.02s Real=0.09s
[2022-03-25T08:29:12.306+0000][64802.969s] GC(311) Pause Young (Normal) (G1 Evacuation Pause)
[2022-03-25T08:29:12.306+0000][64802.970s] GC(311) Using 4 workers of 4 for evacuation
[2022-03-25T08:29:12.507+0000][64803.171s] GC(311)   Pre Evacuate Collection Set: 0.1ms
[2022-03-25T08:29:12.514+0000][64803.177s] GC(311)   Evacuate Collection Set: 192.1ms
[2022-03-25T08:29:12.515+0000][64803.178s] GC(311)   Post Evacuate Collection Set: 7.8ms
[2022-03-25T08:29:12.520+0000][64803.183s] GC(311)   Other: 1.4ms
[2022-03-25T08:29:12.534+0000][64803.198s] GC(311) Eden regions: 57->0(55)
[2022-03-25T08:29:12.540+0000][64803.203s] GC(311) Survivor regions: 4->4(8)
[2022-03-25T08:29:12.542+0000][64803.206s] GC(311) Old regions: 168->168
[2022-03-25T08:29:12.563+0000][64803.250s] GC(311) Humongous regions: 7->7
[2022-03-25T08:29:12.592+0000][64803.255s] GC(311) Metaspace: 61164K->61164K(1105920K)
[2022-03-25T08:29:12.593+0000][64803.257s] GC(311) Pause Young (Normal) (G1 Evacuation Pause) 233M->177M(512M) 287.216ms
[2022-03-25T08:29:12.594+0000][64803.258s] GC(311) User=0.13s Sys=0.06s Real=0.28s
[2022-03-25T08:29:15.705+0000][64806.369s] GC(312) Pause Young (Normal) (G1 Evacuation Pause)
[2022-03-25T08:29:15.705+0000][64806.369s] GC(312) Using 4 workers of 4 for evacuation
[2022-03-25T08:29:15.816+0000][64806.480s] GC(312)   Pre Evacuate Collection Set: 0.6ms
[2022-03-25T08:29:15.819+0000][64806.482s] GC(312)   Evacuate Collection Set: 106.9ms
[2022-03-25T08:29:15.819+0000][64806.483s] GC(312)   Post Evacuate Collection Set: 0.6ms
[2022-03-25T08:29:15.820+0000][64806.483s] GC(312)   Other: 3.0ms
[2022-03-25T08:29:15.820+0000][64806.484s] GC(312) Eden regions: 55->0(60)
[2022-03-25T08:29:15.821+0000][64806.484s] GC(312) Survivor regions: 4->5(8)
[2022-03-25T08:29:15.822+0000][64806.485s] GC(312) Old regions: 168->168
[2022-03-25T08:29:15.822+0000][64806.486s] GC(312) Humongous regions: 7->7
[2022-03-25T08:29:15.823+0000][64806.487s] GC(312) Metaspace: 61164K->61164K(1105920K)
[2022-03-25T08:29:15.823+0000][64806.487s] GC(312) Pause Young (Normal) (G1 Evacuation Pause) 232M->177M(512M) 118.261ms
[2022-03-25T08:29:15.824+0000][64806.488s] GC(312) User=0.05s Sys=0.01s Real=0.12s
[2022-03-25T08:29:18.899+0000][64809.563s] GC(313) Pause Young (Normal) (G1 Evacuation Pause)
[2022-03-25T08:29:18.930+0000][64809.594s] GC(313) Using 4 workers of 4 for evacuation
[2022-03-25T08:29:19.044+0000][64809.708s] GC(313)   Pre Evacuate Collection Set: 0.0ms
[2022-03-25T08:29:19.054+0000][64809.718s] GC(313)   Evacuate Collection Set: 95.9ms
[2022-03-25T08:29:19.064+0000][64809.727s] GC(313)   Post Evacuate Collection Set: 0.9ms
[2022-03-25T08:29:19.071+0000][64809.735s] GC(313)   Other: 47.7ms
[2022-03-25T08:29:19.073+0000][64809.736s] GC(313) Eden regions: 60->0(66)
[2022-03-25T08:29:19.087+0000][64809.751s] GC(313) Survivor regions: 5->6(9)
[2022-03-25T08:29:19.088+0000][64809.751s] GC(313) Old regions: 168->168
[2022-03-25T08:29:19.094+0000][64809.757s] GC(313) Humongous regions: 7->7
[2022-03-25T08:29:19.101+0000][64809.765s] GC(313) Metaspace: 61164K->61164K(1105920K)
[2022-03-25T08:29:19.117+0000][64809.781s] GC(313) Pause Young (Normal) (G1 Evacuation Pause) 237M->178M(512M) 217.457ms
[2022-03-25T08:29:19.121+0000][64809.785s] GC(313) User=0.23s Sys=0.00s Real=0.22s
[2022-03-25T08:29:21.842+0000][64812.505s] GC(314) Pause Young (Normal) (G1 Evacuation Pause)
[2022-03-25T08:29:21.843+0000][64812.506s] GC(314) Using 4 workers of 4 for evacuation
[2022-03-25T08:29:21.971+0000][64812.635s] GC(314)   Pre Evacuate Collection Set: 0.0ms
[2022-03-25T08:29:21.971+0000][64812.635s] GC(314)   Evacuate Collection Set: 117.0ms
[2022-03-25T08:29:21.972+0000][64812.635s] GC(314)   Post Evacuate Collection Set: 0.9ms
[2022-03-25T08:29:21.972+0000][64812.636s] GC(314)   Other: 11.4ms
[2022-03-25T08:29:21.972+0000][64812.636s] GC(314) Eden regions: 66->0(69)
[2022-03-25T08:29:21.973+0000][64812.636s] GC(314) Survivor regions: 6->6(9)
[2022-03-25T08:29:21.973+0000][64812.637s] GC(314) Old regions: 168->168
[2022-03-25T08:29:21.974+0000][64812.638s] GC(314) Humongous regions: 7->7
[2022-03-25T08:29:21.974+0000][64812.638s] GC(314) Metaspace: 61168K->61168K(1105920K)
[2022-03-25T08:29:21.975+0000][64812.639s] GC(314) Pause Young (Normal) (G1 Evacuation Pause) 244M->179M(512M) 133.282ms
[2022-03-25T08:29:21.975+0000][64812.639s] GC(314) User=0.16s Sys=0.03s Real=0.14s
[2022-03-25T08:29:24.986+0000][64815.650s] GC(315) Pause Young (Normal) (G1 Evacuation Pause)
[2022-03-25T08:29:24.987+0000][64815.651s] GC(315) Using 4 workers of 4 for evacuation
[2022-03-25T08:29:25.120+0000][64815.783s] GC(315)   Pre Evacuate Collection Set: 0.0ms
[2022-03-25T08:29:25.120+0000][64815.784s] GC(315)   Evacuate Collection Set: 130.8ms
[2022-03-25T08:29:25.121+0000][64815.784s] GC(315)   Post Evacuate Collection Set: 0.8ms
[2022-03-25T08:29:25.121+0000][64815.785s] GC(315)   Other: 2.3ms
[2022-03-25T08:29:25.121+0000][64815.785s] GC(315) Eden regions: 69->0(74)
[2022-03-25T08:29:25.122+0000][64815.785s] GC(315) Survivor regions: 6->6(10)
[2022-03-25T08:29:25.122+0000][64815.786s] GC(315) Old regions: 168->169
[2022-03-25T08:29:25.123+0000][64815.786s] GC(315) Humongous regions: 7->7
[2022-03-25T08:29:25.123+0000][64815.787s] GC(315) Metaspace: 61168K->61168K(1105920K)
[2022-03-25T08:29:25.124+0000][64815.787s] GC(315) Pause Young (Normal) (G1 Evacuation Pause) 248M->179M(512M) 137.707ms
[2022-03-25T08:29:25.124+0000][64815.788s] GC(315) User=0.12s Sys=0.01s Real=0.13s
[2022-03-25T08:29:30.891+0000][64821.555s] GC(316) Pause Young (Normal) (G1 Evacuation Pause)
[2022-03-25T08:29:30.932+0000][64821.596s] GC(316) Using 4 workers of 4 for evacuation
[2022-03-25T08:29:31.639+0000][64822.303s] GC(316) MMU target violated: 251.0ms (250.0ms/251.0ms)
[2022-03-25T08:29:31.652+0000][64822.316s] GC(316)   Pre Evacuate Collection Set: 0.2ms
[2022-03-25T08:29:31.668+0000][64822.332s] GC(316)   Evacuate Collection Set: 640.9ms
[2022-03-25T08:29:31.684+0000][64822.348s] GC(316)   Post Evacuate Collection Set: 1.0ms
[2022-03-25T08:29:31.700+0000][64822.364s] GC(316)   Other: 119.5ms
[2022-03-25T08:29:31.716+0000][64822.379s] GC(316) Eden regions: 74->0(19)
[2022-03-25T08:29:31.732+0000][64822.396s] GC(316) Survivor regions: 6->6(10)
[2022-03-25T08:29:31.749+0000][64822.412s] GC(316) Old regions: 169->169
[2022-03-25T08:29:31.756+0000][64822.419s] GC(316) Humongous regions: 7->7
[2022-03-25T08:29:31.772+0000][64822.436s] GC(316) Metaspace: 61168K->61168K(1105920K)
[2022-03-25T08:29:31.773+0000][64822.437s] GC(316) Pause Young (Normal) (G1 Evacuation Pause) 253M->179M(512M) 882.384ms
[2022-03-25T08:29:31.774+0000][64822.438s] GC(316) User=0.33s Sys=0.44s Real=0.89s
[2022-03-25T08:29:32.384+0000][64823.047s] GC(317) Pause Young (Normal) (G1 Evacuation Pause)
[2022-03-25T08:29:32.386+0000][64823.050s] GC(317) Using 4 workers of 4 for evacuation
[2022-03-25T08:29:32.819+0000][64823.482s] GC(317) MMU target violated: 251.0ms (250.0ms/251.0ms)
[2022-03-25T08:29:32.820+0000][64823.483s] GC(317)   Pre Evacuate Collection Set: 0.0ms
[2022-03-25T08:29:32.821+0000][64823.485s] GC(317)   Evacuate Collection Set: 431.2ms
[2022-03-25T08:29:32.822+0000][64823.486s] GC(317)   Post Evacuate Collection Set: 0.8ms
[2022-03-25T08:29:32.833+0000][64823.497s] GC(317)   Other: 4.1ms
[2022-03-25T08:29:32.836+0000][64823.500s] GC(317) Eden regions: 19->0(24)
[2022-03-25T08:29:32.837+0000][64823.501s] GC(317) Survivor regions: 6->3(4)
[2022-03-25T08:29:32.838+0000][64823.502s] GC(317) Old regions: 169->172
[2022-03-25T08:29:32.843+0000][64823.506s] GC(317) Humongous regions: 7->7
[2022-03-25T08:29:32.849+0000][64823.513s] GC(317) Metaspace: 61168K->61168K(1105920K)
[2022-03-25T08:29:32.853+0000][64823.517s] GC(317) Pause Young (Normal) (G1 Evacuation Pause) 198M->179M(512M) 469.423ms
[2022-03-25T08:29:32.855+0000][64823.518s] GC(317) User=0.23s Sys=0.13s Real=0.48s
[2022-03-25T08:29:34.251+0000][64824.915s] GC(318) Pause Young (Normal) (G1 Evacuation Pause)
[2022-03-25T08:29:34.254+0000][64824.918s] GC(318) Using 4 workers of 4 for evacuation
[2022-03-25T08:29:34.419+0000][64825.082s] GC(318)   Pre Evacuate Collection Set: 0.0ms
[2022-03-25T08:29:34.419+0000][64825.083s] GC(318)   Evacuate Collection Set: 140.1ms
[2022-03-25T08:29:34.419+0000][64825.083s] GC(318)   Post Evacuate Collection Set: 10.7ms
[2022-03-25T08:29:34.420+0000][64825.084s] GC(318)   Other: 16.7ms
[2022-03-25T08:29:34.420+0000][64825.084s] GC(318) Eden regions: 24->0(29)
[2022-03-25T08:29:34.420+0000][64825.084s] GC(318) Survivor regions: 3->3(4)
[2022-03-25T08:29:34.421+0000][64825.084s] GC(318) Old regions: 172->172
[2022-03-25T08:29:34.421+0000][64825.085s] GC(318) Humongous regions: 7->7
[2022-03-25T08:29:34.422+0000][64825.085s] GC(318) Metaspace: 61168K->61168K(1105920K)
[2022-03-25T08:29:34.423+0000][64825.086s] GC(318) Pause Young (Normal) (G1 Evacuation Pause) 203M->180M(512M) 171.309ms
[2022-03-25T08:29:34.423+0000][64825.087s] GC(318) User=0.05s Sys=0.04s Real=0.17s
[2022-03-25T08:29:35.528+0000][64826.192s] GC(319) Pause Young (Normal) (G1 Evacuation Pause)
[2022-03-25T08:29:35.545+0000][64826.208s] GC(319) Using 4 workers of 4 for evacuation
[2022-03-25T08:29:35.636+0000][64826.300s] GC(319)   Pre Evacuate Collection Set: 0.0ms
[2022-03-25T08:29:35.638+0000][64826.301s] GC(319)   Evacuate Collection Set: 87.7ms
[2022-03-25T08:29:35.639+0000][64826.303s] GC(319)   Post Evacuate Collection Set: 0.6ms
[2022-03-25T08:29:35.640+0000][64826.304s] GC(319)   Other: 19.6ms
[2022-03-25T08:29:35.641+0000][64826.304s] GC(319) Eden regions: 29->0(39)
[2022-03-25T08:29:35.646+0000][64826.310s] GC(319) Survivor regions: 3->2(4)
[2022-03-25T08:29:35.662+0000][64826.326s] GC(319) Old regions: 172->173
[2022-03-25T08:29:35.664+0000][64826.327s] GC(319) Humongous regions: 7->7
[2022-03-25T08:29:35.668+0000][64826.332s] GC(319) Metaspace: 61168K->61168K(1105920K)
[2022-03-25T08:29:35.670+0000][64826.334s] GC(319) Pause Young (Normal) (G1 Evacuation Pause) 209M->180M(512M) 141.819ms
[2022-03-25T08:29:35.675+0000][64826.339s] GC(319) User=0.22s Sys=0.03s Real=0.15s
[2022-03-25T08:29:36.568+0000][64827.232s] GC(320) Pause Young (Normal) (G1 Evacuation Pause)
[2022-03-25T08:29:36.601+0000][64827.265s] GC(320) Using 4 workers of 4 for evacuation
[2022-03-25T08:29:37.005+0000][64827.669s] GC(320) MMU target violated: 251.0ms (250.0ms/251.0ms)
[2022-03-25T08:29:37.007+0000][64827.670s] GC(320)   Pre Evacuate Collection Set: 0.0ms
[2022-03-25T08:29:37.019+0000][64827.683s] GC(320)   Evacuate Collection Set: 359.6ms
[2022-03-25T08:29:37.022+0000][64827.686s] GC(320)   Post Evacuate Collection Set: 2.1ms
[2022-03-25T08:29:37.025+0000][64827.689s] GC(320)   Other: 76.8ms
[2022-03-25T08:29:37.027+0000][64827.691s] GC(320) Eden regions: 39->0(40)
[2022-03-25T08:29:37.029+0000][64827.692s] GC(320) Survivor regions: 2->3(6)
[2022-03-25T08:29:37.035+0000][64827.699s] GC(320) Old regions: 173->173
[2022-03-25T08:29:37.038+0000][64827.701s] GC(320) Humongous regions: 7->7
[2022-03-25T08:29:37.039+0000][64827.702s] GC(320) Metaspace: 61168K->61168K(1105920K)
[2022-03-25T08:29:37.040+0000][64827.703s] GC(320) Pause Young (Normal) (G1 Evacuation Pause) 219M->180M(512M) 471.361ms
[2022-03-25T08:29:37.040+0000][64827.704s] GC(320) User=0.16s Sys=0.13s Real=0.48s
[2022-03-25T08:29:39.254+0000][64829.917s] GC(321) Pause Young (Normal) (G1 Evacuation Pause)
[2022-03-25T08:29:39.269+0000][64829.933s] GC(321) Using 4 workers of 4 for evacuation
[2022-03-25T08:29:39.391+0000][64830.055s] GC(321)   Pre Evacuate Collection Set: 0.2ms
[2022-03-25T08:29:39.400+0000][64830.063s] GC(321)   Evacuate Collection Set: 92.9ms
[2022-03-25T08:29:39.402+0000][64830.066s] GC(321)   Post Evacuate Collection Set: 0.7ms
[2022-03-25T08:29:39.415+0000][64830.078s] GC(321)   Other: 43.8ms
[2022-03-25T08:29:39.448+0000][64830.112s] GC(321) Eden regions: 40->0(46)
[2022-03-25T08:29:39.469+0000][64830.133s] GC(321) Survivor regions: 3->3(6)
[2022-03-25T08:29:39.503+0000][64830.166s] GC(321) Old regions: 173->173
[2022-03-25T08:29:39.563+0000][64830.227s] GC(321) Humongous regions: 7->7
[2022-03-25T08:29:39.577+0000][64830.241s] GC(321) Metaspace: 61168K->61168K(1105920K)
[2022-03-25T08:29:39.586+0000][64830.250s] GC(321) Pause Young (Normal) (G1 Evacuation Pause) 220M->180M(512M) 332.761ms
[2022-03-25T08:29:39.589+0000][64830.252s] GC(321) User=0.06s Sys=0.04s Real=0.34s
[2022-03-25T08:29:41.578+0000][64832.242s] GC(322) Pause Young (Normal) (G1 Evacuation Pause)
[2022-03-25T08:29:41.582+0000][64832.245s] GC(322) Using 4 workers of 4 for evacuation
[2022-03-25T08:29:41.615+0000][64832.279s] GC(322)   Pre Evacuate Collection Set: 0.0ms
[2022-03-25T08:29:41.627+0000][64832.291s] GC(322)   Evacuate Collection Set: 32.0ms
[2022-03-25T08:29:41.634+0000][64832.298s] GC(322)   Post Evacuate Collection Set: 0.4ms
[2022-03-25T08:29:41.636+0000][64832.300s] GC(322)   Other: 4.6ms
[2022-03-25T08:29:41.639+0000][64832.303s] GC(322) Eden regions: 46->0(56)
[2022-03-25T08:29:41.639+0000][64832.303s] GC(322) Survivor regions: 3->3(7)
[2022-03-25T08:29:41.640+0000][64832.303s] GC(322) Old regions: 173->173
[2022-03-25T08:29:41.640+0000][64832.303s] GC(322) Humongous regions: 7->7
[2022-03-25T08:29:41.640+0000][64832.304s] GC(322) Metaspace: 61168K->61168K(1105920K)
[2022-03-25T08:29:41.640+0000][64832.304s] GC(322) Pause Young (Normal) (G1 Evacuation Pause) 226M->180M(512M) 62.344ms
[2022-03-25T08:29:41.641+0000][64832.304s] GC(322) User=0.04s Sys=0.00s Real=0.06s
[2022-03-25T08:29:48.195+0000][64838.859s] GC(323) Pause Young (Normal) (G1 Evacuation Pause)
[2022-03-25T08:29:48.209+0000][64838.873s] GC(323) Using 4 workers of 4 for evacuation
[2022-03-25T08:29:48.374+0000][64839.038s] GC(323)   Pre Evacuate Collection Set: 0.1ms
[2022-03-25T08:29:48.392+0000][64839.056s] GC(323)   Evacuate Collection Set: 161.9ms
[2022-03-25T08:29:48.393+0000][64839.056s] GC(323)   Post Evacuate Collection Set: 0.7ms
[2022-03-25T08:29:48.393+0000][64839.057s] GC(323)   Other: 16.6ms
[2022-03-25T08:29:48.409+0000][64839.072s] GC(323) Eden regions: 56->0(64)
[2022-03-25T08:29:48.409+0000][64839.073s] GC(323) Survivor regions: 3->3(8)
[2022-03-25T08:29:48.410+0000][64839.073s] GC(323) Old regions: 173->173
[2022-03-25T08:29:48.410+0000][64839.074s] GC(323) Humongous regions: 7->7
[2022-03-25T08:29:48.411+0000][64839.074s] GC(323) Metaspace: 61168K->61168K(1105920K)
[2022-03-25T08:29:48.411+0000][64839.075s] GC(323) Pause Young (Normal) (G1 Evacuation Pause) 236M->181M(512M) 216.472ms
[2022-03-25T08:29:48.414+0000][64839.078s] GC(323) User=0.03s Sys=0.06s Real=0.22s
[2022-03-25T08:29:50.946+0000][64841.610s] GC(324) Pause Young (Normal) (G1 Evacuation Pause)
[2022-03-25T08:29:50.962+0000][64841.626s] GC(324) Using 4 workers of 4 for evacuation
[2022-03-25T08:29:51.048+0000][64841.712s] GC(324)   Pre Evacuate Collection Set: 0.1ms
[2022-03-25T08:29:51.049+0000][64841.713s] GC(324)   Evacuate Collection Set: 57.6ms
[2022-03-25T08:29:51.066+0000][64841.730s] GC(324)   Post Evacuate Collection Set: 12.0ms
[2022-03-25T08:29:51.068+0000][64841.731s] GC(324)   Other: 32.4ms
[2022-03-25T08:29:51.069+0000][64841.732s] GC(324) Eden regions: 64->0(72)
[2022-03-25T08:29:51.069+0000][64841.733s] GC(324) Survivor regions: 3->4(9)
[2022-03-25T08:29:51.069+0000][64841.733s] GC(324) Old regions: 173->173
[2022-03-25T08:29:51.069+0000][64841.733s] GC(324) Humongous regions: 7->7
[2022-03-25T08:29:51.072+0000][64841.735s] GC(324) Metaspace: 61168K->61168K(1105920K)
[2022-03-25T08:29:51.072+0000][64841.736s] GC(324) Pause Young (Normal) (G1 Evacuation Pause) 245M->182M(512M) 125.796ms
[2022-03-25T08:29:51.073+0000][64841.737s] GC(324) User=0.08s Sys=0.04s Real=0.12s
[2022-03-25T08:29:54.534+0000][64845.198s] GC(325) Pause Young (Normal) (G1 Evacuation Pause)
[2022-03-25T08:29:54.547+0000][64845.210s] GC(325) Using 4 workers of 4 for evacuation
[2022-03-25T08:29:54.951+0000][64845.615s] GC(325) MMU target violated: 251.0ms (250.0ms/251.0ms)
[2022-03-25T08:29:54.955+0000][64845.618s] GC(325)   Pre Evacuate Collection Set: 0.0ms
[2022-03-25T08:29:54.974+0000][64845.638s] GC(325)   Evacuate Collection Set: 378.9ms
[2022-03-25T08:29:54.988+0000][64845.652s] GC(325)   Post Evacuate Collection Set: 6.1ms
[2022-03-25T08:29:54.992+0000][64845.656s] GC(325)   Other: 35.7ms
[2022-03-25T08:29:54.994+0000][64845.658s] GC(325) Eden regions: 72->0(60)
[2022-03-25T08:29:54.995+0000][64845.659s] GC(325) Survivor regions: 4->5(10)
[2022-03-25T08:29:54.998+0000][64845.662s] GC(325) Old regions: 173->173
[2022-03-25T08:29:55.001+0000][64845.664s] GC(325) Humongous regions: 7->7
[2022-03-25T08:29:55.019+0000][64845.683s] GC(325) Metaspace: 61168K->61168K(1105920K)
[2022-03-25T08:29:55.039+0000][64845.702s] GC(325) Pause Young (Normal) (G1 Evacuation Pause) 254M->182M(512M) 504.570ms
[2022-03-25T08:29:55.040+0000][64845.703s] GC(325) User=0.34s Sys=0.31s Real=0.51s
[2022-03-25T08:29:58.632+0000][64849.296s] GC(326) Pause Young (Normal) (G1 Evacuation Pause)
[2022-03-25T08:29:58.654+0000][64849.317s] GC(326) Using 4 workers of 4 for evacuation
[2022-03-25T08:29:58.806+0000][64849.470s] GC(326)   Pre Evacuate Collection Set: 0.1ms
[2022-03-25T08:29:58.843+0000][64849.506s] GC(326)   Evacuate Collection Set: 136.8ms
[2022-03-25T08:29:58.900+0000][64849.563s] GC(326)   Post Evacuate Collection Set: 2.9ms
[2022-03-25T08:29:58.913+0000][64849.576s] GC(326)   Other: 34.6ms
[2022-03-25T08:29:58.939+0000][64849.603s] GC(326) Eden regions: 60->0(67)
[2022-03-25T08:29:58.941+0000][64849.605s] GC(326) Survivor regions: 5->5(9)
[2022-03-25T08:29:58.953+0000][64849.617s] GC(326) Old regions: 173->173
[2022-03-25T08:29:58.975+0000][64849.639s] GC(326) Humongous regions: 7->7
[2022-03-25T08:29:59.004+0000][64849.668s] GC(326) Metaspace: 61168K->61168K(1105920K)
[2022-03-25T08:29:59.026+0000][64849.690s] GC(326) Pause Young (Normal) (G1 Evacuation Pause) 242M->182M(512M) 394.322ms
[2022-03-25T08:29:59.035+0000][64849.699s] GC(326) User=0.07s Sys=0.07s Real=0.41s
[2022-03-25T08:30:02.141+0000][64852.805s] GC(327) Pause Young (Normal) (G1 Evacuation Pause)
[2022-03-25T08:30:02.155+0000][64852.818s] GC(327) Using 4 workers of 4 for evacuation
[2022-03-25T08:30:02.285+0000][64852.949s] GC(327)   Pre Evacuate Collection Set: 0.0ms
[2022-03-25T08:30:02.286+0000][64852.950s] GC(327)   Evacuate Collection Set: 117.5ms
[2022-03-25T08:30:02.289+0000][64852.952s] GC(327)   Post Evacuate Collection Set: 3.6ms
[2022-03-25T08:30:02.289+0000][64852.953s] GC(327)   Other: 23.5ms
[2022-03-25T08:30:02.290+0000][64852.954s] GC(327) Eden regions: 67->0(76)
[2022-03-25T08:30:02.291+0000][64852.954s] GC(327) Survivor regions: 5->6(9)
[2022-03-25T08:30:02.291+0000][64852.955s] GC(327) Old regions: 173->173
[2022-03-25T08:30:02.292+0000][64852.955s] GC(327) Humongous regions: 7->7
[2022-03-25T08:30:02.292+0000][64852.956s] GC(327) Metaspace: 61168K->61168K(1105920K)
[2022-03-25T08:30:02.292+0000][64852.956s] GC(327) Pause Young (Normal) (G1 Evacuation Pause) 249M->183M(512M) 151.366ms
[2022-03-25T08:30:02.293+0000][64852.956s] GC(327) User=0.05s Sys=0.12s Real=0.15s
[2022-03-25T08:30:04.937+0000][64855.601s] GC(328) Pause Young (Normal) (G1 Evacuation Pause)
[2022-03-25T08:30:04.947+0000][64855.610s] GC(328) Using 4 workers of 4 for evacuation
[2022-03-25T08:30:05.117+0000][64855.781s] GC(328)   Pre Evacuate Collection Set: 0.0ms
[2022-03-25T08:30:05.132+0000][64855.796s] GC(328)   Evacuate Collection Set: 163.7ms
[2022-03-25T08:30:05.136+0000][64855.799s] GC(328)   Post Evacuate Collection Set: 0.8ms
[2022-03-25T08:30:05.149+0000][64855.812s] GC(328)   Other: 15.4ms
[2022-03-25T08:30:05.168+0000][64855.831s] GC(328) Eden regions: 76->0(81)
[2022-03-25T08:30:05.180+0000][64855.844s] GC(328) Survivor regions: 6->6(11)
[2022-03-25T08:30:05.190+0000][64855.853s] GC(328) Old regions: 173->173
[2022-03-25T08:30:05.197+0000][64855.861s] GC(328) Humongous regions: 7->7
[2022-03-25T08:30:05.198+0000][64855.862s] GC(328) Metaspace: 61169K->61169K(1105920K)
[2022-03-25T08:30:05.202+0000][64855.866s] GC(328) Pause Young (Normal) (G1 Evacuation Pause) 259M->184M(512M) 264.541ms
[2022-03-25T08:30:05.203+0000][64855.867s] GC(328) User=0.11s Sys=0.15s Real=0.26s
[2022-03-25T08:30:07.984+0000][64858.647s] GC(329) Pause Young (Normal) (G1 Evacuation Pause)
[2022-03-25T08:30:07.986+0000][64858.650s] GC(329) Using 4 workers of 4 for evacuation
[2022-03-25T08:30:08.474+0000][64859.138s] GC(329) MMU target violated: 251.0ms (250.0ms/251.0ms)
[2022-03-25T08:30:08.507+0000][64859.170s] GC(329)   Pre Evacuate Collection Set: 0.0ms
[2022-03-25T08:30:08.545+0000][64859.208s] GC(329)   Evacuate Collection Set: 480.7ms
[2022-03-25T08:30:08.590+0000][64859.254s] GC(329)   Post Evacuate Collection Set: 0.6ms
[2022-03-25T08:30:08.605+0000][64859.269s] GC(329)   Other: 41.6ms
[2022-03-25T08:30:08.632+0000][64859.296s] GC(329) Eden regions: 81->0(47)
[2022-03-25T08:30:08.740+0000][64859.403s] GC(329) Survivor regions: 6->6(11)
[2022-03-25T08:30:08.782+0000][64859.445s] GC(329) Old regions: 173->173
[2022-03-25T08:30:08.853+0000][64859.517s] GC(329) Humongous regions: 7->7
[2022-03-25T08:30:08.960+0000][64859.623s] GC(329) Metaspace: 61171K->61171K(1105920K)
[2022-03-25T08:30:09.051+0000][64859.715s] GC(329) Pause Young (Normal) (G1 Evacuation Pause) 265M->183M(512M) 1067.449ms
[2022-03-25T08:30:09.078+0000][64859.742s] GC(329) User=0.57s Sys=0.04s Real=1.10s
[2022-03-25T08:30:12.811+0000][64863.474s] GC(330) Pause Young (Normal) (G1 Evacuation Pause)
[2022-03-25T08:30:12.816+0000][64863.480s] GC(330) Using 4 workers of 4 for evacuation
[2022-03-25T08:30:13.351+0000][64864.015s] GC(330) MMU target violated: 251.0ms (250.0ms/251.0ms)
[2022-03-25T08:30:13.359+0000][64864.022s] GC(330)   Pre Evacuate Collection Set: 0.1ms
[2022-03-25T08:30:13.363+0000][64864.026s] GC(330)   Evacuate Collection Set: 523.6ms
[2022-03-25T08:30:13.371+0000][64864.035s] GC(330)   Post Evacuate Collection Set: 10.3ms
[2022-03-25T08:30:13.386+0000][64864.050s] GC(330)   Other: 14.3ms
[2022-03-25T08:30:13.391+0000][64864.055s] GC(330) Eden regions: 47->0(21)
[2022-03-25T08:30:13.405+0000][64864.069s] GC(330) Survivor regions: 6->4(7)
[2022-03-25T08:30:13.405+0000][64864.069s] GC(330) Old regions: 173->175
[2022-03-25T08:30:13.406+0000][64864.069s] GC(330) Humongous regions: 7->7
[2022-03-25T08:30:13.406+0000][64864.070s] GC(330) Metaspace: 61171K->61171K(1105920K)
[2022-03-25T08:30:13.407+0000][64864.071s] GC(330) Pause Young (Normal) (G1 Evacuation Pause) 230M->184M(512M) 596.279ms
[2022-03-25T08:30:13.408+0000][64864.071s] GC(330) User=0.04s Sys=0.34s Real=0.60s
[2022-03-25T08:30:15.304+0000][64865.967s] GC(331) Pause Young (Normal) (G1 Evacuation Pause)
[2022-03-25T08:30:15.316+0000][64865.979s] GC(331) Using 4 workers of 4 for evacuation
[2022-03-25T08:30:15.509+0000][64866.173s] GC(331)   Pre Evacuate Collection Set: 0.0ms
[2022-03-25T08:30:15.517+0000][64866.180s] GC(331)   Evacuate Collection Set: 162.3ms
[2022-03-25T08:30:15.529+0000][64866.193s] GC(331)   Post Evacuate Collection Set: 0.6ms
[2022-03-25T08:30:15.537+0000][64866.200s] GC(331)   Other: 42.7ms
[2022-03-25T08:30:15.555+0000][64866.218s] GC(331) Eden regions: 21->0(28)
[2022-03-25T08:30:15.562+0000][64866.225s] GC(331) Survivor regions: 4->3(4)
[2022-03-25T08:30:15.583+0000][64866.247s] GC(331) Old regions: 175->177
[2022-03-25T08:30:15.585+0000][64866.249s] GC(331) Humongous regions: 7->7
[2022-03-25T08:30:15.588+0000][64866.251s] GC(331) Metaspace: 61171K->61171K(1105920K)
[2022-03-25T08:30:15.601+0000][64866.265s] GC(331) Pause Young (Normal) (G1 Evacuation Pause) 205M->184M(512M) 297.280ms
[2022-03-25T08:30:15.617+0000][64866.280s] GC(331) User=0.15s Sys=0.18s Real=0.32s
[2022-03-25T08:30:17.778+0000][64868.441s] GC(332) Pause Young (Normal) (G1 Evacuation Pause)
[2022-03-25T08:30:17.782+0000][64868.446s] GC(332) Using 4 workers of 4 for evacuation
[2022-03-25T08:30:17.828+0000][64868.491s] GC(332)   Pre Evacuate Collection Set: 0.1ms
[2022-03-25T08:30:17.829+0000][64868.493s] GC(332)   Evacuate Collection Set: 43.0ms
[2022-03-25T08:30:17.830+0000][64868.494s] GC(332)   Post Evacuate Collection Set: 0.8ms
[2022-03-25T08:30:17.833+0000][64868.497s] GC(332)   Other: 6.4ms
[2022-03-25T08:30:17.835+0000][64868.499s] GC(332) Eden regions: 28->0(21)
[2022-03-25T08:30:17.837+0000][64868.500s] GC(332) Survivor regions: 3->4(4)
[2022-03-25T08:30:17.842+0000][64868.506s] GC(332) Old regions: 177->178
[2022-03-25T08:30:17.848+0000][64868.511s] GC(332) Humongous regions: 7->7
[2022-03-25T08:30:17.850+0000][64868.514s] GC(332) Metaspace: 61171K->61171K(1105920K)
[2022-03-25T08:30:17.856+0000][64868.520s] GC(332) Pause Young (Normal) (G1 Evacuation Pause) 212M->187M(512M) 78.525ms
[2022-03-25T08:30:17.858+0000][64868.522s] GC(332) User=0.08s Sys=0.02s Real=0.08s
[2022-03-25T08:30:18.240+0000][64868.904s] GC(333) Pause Young (Normal) (G1 Evacuation Pause)
[2022-03-25T08:30:18.242+0000][64868.906s] GC(333) Using 4 workers of 4 for evacuation
[2022-03-25T08:30:18.375+0000][64869.039s] GC(333)   Pre Evacuate Collection Set: 0.1ms
[2022-03-25T08:30:18.376+0000][64869.040s] GC(333)   Evacuate Collection Set: 123.1ms
[2022-03-25T08:30:18.376+0000][64869.040s] GC(333)   Post Evacuate Collection Set: 7.9ms
[2022-03-25T08:30:18.377+0000][64869.040s] GC(333)   Other: 4.0ms
[2022-03-25T08:30:18.377+0000][64869.041s] GC(333) Eden regions: 21->0(28)
[2022-03-25T08:30:18.377+0000][64869.041s] GC(333) Survivor regions: 4->2(4)
[2022-03-25T08:30:18.378+0000][64869.042s] GC(333) Old regions: 178->181
[2022-03-25T08:30:18.378+0000][64869.042s] GC(333) Humongous regions: 7->7
[2022-03-25T08:30:18.379+0000][64869.042s] GC(333) Metaspace: 61171K->61171K(1105920K)
[2022-03-25T08:30:18.379+0000][64869.043s] GC(333) Pause Young (Normal) (G1 Evacuation Pause) 208M->186M(512M) 138.825ms
[2022-03-25T08:30:18.380+0000][64869.043s] GC(333) User=0.26s Sys=0.05s Real=0.14s
[2022-03-25T08:30:18.928+0000][64869.591s] GC(334) Pause Young (Normal) (G1 Evacuation Pause)
[2022-03-25T08:30:18.931+0000][64869.594s] GC(334) Using 4 workers of 4 for evacuation
[2022-03-25T08:30:18.969+0000][64869.632s] GC(334)   Pre Evacuate Collection Set: 0.0ms
[2022-03-25T08:30:18.969+0000][64869.633s] GC(334)   Evacuate Collection Set: 33.1ms
[2022-03-25T08:30:18.970+0000][64869.634s] GC(334)   Post Evacuate Collection Set: 1.4ms
[2022-03-25T08:30:18.971+0000][64869.634s] GC(334)   Other: 6.3ms
[2022-03-25T08:30:18.971+0000][64869.635s] GC(334) Eden regions: 28->0(39)
[2022-03-25T08:30:18.972+0000][64869.636s] GC(334) Survivor regions: 2->1(4)
[2022-03-25T08:30:18.973+0000][64869.637s] GC(334) Old regions: 181->181
[2022-03-25T08:30:18.973+0000][64869.637s] GC(334) Humongous regions: 7->7
[2022-03-25T08:30:18.976+0000][64869.640s] GC(334) Metaspace: 61171K->61171K(1105920K)
[2022-03-25T08:30:18.977+0000][64869.640s] GC(334) Pause Young (Normal) (G1 Evacuation Pause) 214M->186M(512M) 49.022ms
[2022-03-25T08:30:18.978+0000][64869.641s] GC(334) User=0.10s Sys=0.00s Real=0.05s
[2022-03-25T08:30:21.896+0000][64872.560s] GC(335) Pause Young (Normal) (G1 Evacuation Pause)
[2022-03-25T08:30:21.908+0000][64872.572s] GC(335) Using 4 workers of 4 for evacuation
[2022-03-25T08:30:22.273+0000][64872.936s] GC(335) MMU target violated: 251.0ms (250.0ms/251.0ms)
[2022-03-25T08:30:22.322+0000][64872.986s] GC(335)   Pre Evacuate Collection Set: 0.1ms
[2022-03-25T08:30:22.334+0000][64872.998s] GC(335)   Evacuate Collection Set: 307.5ms
[2022-03-25T08:30:22.358+0000][64873.021s] GC(335)   Post Evacuate Collection Set: 40.4ms
[2022-03-25T08:30:22.367+0000][64873.031s] GC(335)   Other: 78.4ms
[2022-03-25T08:30:22.376+0000][64873.039s] GC(335) Eden regions: 39->0(41)
[2022-03-25T08:30:22.397+0000][64873.060s] GC(335) Survivor regions: 1->2(5)
[2022-03-25T08:30:22.497+0000][64873.160s] GC(335) Old regions: 181->181
[2022-03-25T08:30:22.527+0000][64873.191s] GC(335) Humongous regions: 7->7
[2022-03-25T08:30:22.607+0000][64873.271s] GC(335) Metaspace: 61171K->61171K(1105920K)
[2022-03-25T08:30:22.704+0000][64873.368s] GC(335) Pause Young (Normal) (G1 Evacuation Pause) 225M->187M(512M) 808.160ms
[2022-03-25T08:30:22.808+0000][64873.471s] GC(335) User=0.20s Sys=0.01s Real=0.87s
[2022-03-25T08:30:28.717+0000][64879.381s] GC(336) Pause Young (Normal) (G1 Evacuation Pause)
[2022-03-25T08:30:28.811+0000][64879.474s] GC(336) Using 4 workers of 4 for evacuation
[2022-03-25T08:30:29.126+0000][64879.789s] GC(336) MMU target violated: 251.0ms (250.0ms/251.0ms)
[2022-03-25T08:30:29.128+0000][64879.791s] GC(336)   Pre Evacuate Collection Set: 0.2ms
[2022-03-25T08:30:29.130+0000][64879.794s] GC(336)   Evacuate Collection Set: 253.9ms
[2022-03-25T08:30:29.137+0000][64879.801s] GC(336)   Post Evacuate Collection Set: 0.5ms
[2022-03-25T08:30:29.138+0000][64879.802s] GC(336)   Other: 156.1ms
[2022-03-25T08:30:29.139+0000][64879.803s] GC(336) Eden regions: 41->0(47)
[2022-03-25T08:30:29.141+0000][64879.805s] GC(336) Survivor regions: 2->2(6)
[2022-03-25T08:30:29.149+0000][64879.813s] GC(336) Old regions: 181->181
[2022-03-25T08:30:29.152+0000][64879.815s] GC(336) Humongous regions: 7->7
[2022-03-25T08:30:29.155+0000][64879.819s] GC(336) Metaspace: 61171K->61171K(1105920K)
[2022-03-25T08:30:29.157+0000][64879.821s] GC(336) Pause Young (Normal) (G1 Evacuation Pause) 228M->187M(512M) 439.862ms
[2022-03-25T08:30:29.162+0000][64879.826s] GC(336) User=0.19s Sys=0.02s Real=0.44s
[2022-03-25T08:31:56.388+0000][64967.052s] GC(337) Pause Young (Normal) (G1 Evacuation Pause)
[2022-03-25T08:31:56.389+0000][64967.053s] GC(337) Using 4 workers of 4 for evacuation
[2022-03-25T08:31:56.423+0000][64967.086s] GC(337)   Pre Evacuate Collection Set: 0.1ms
[2022-03-25T08:31:56.423+0000][64967.087s] GC(337)   Evacuate Collection Set: 31.1ms
[2022-03-25T08:31:56.423+0000][64967.087s] GC(337)   Post Evacuate Collection Set: 1.5ms
[2022-03-25T08:31:56.423+0000][64967.087s] GC(337)   Other: 1.8ms
[2022-03-25T08:31:56.424+0000][64967.087s] GC(337) Eden regions: 47->0(54)
[2022-03-25T08:31:56.424+0000][64967.088s] GC(337) Survivor regions: 2->2(7)
[2022-03-25T08:31:56.424+0000][64967.088s] GC(337) Old regions: 181->181
[2022-03-25T08:31:56.424+0000][64967.088s] GC(337) Humongous regions: 7->7
[2022-03-25T08:31:56.425+0000][64967.088s] GC(337) Metaspace: 61171K->61171K(1105920K)
[2022-03-25T08:31:56.425+0000][64967.088s] GC(337) Pause Young (Normal) (G1 Evacuation Pause) 234M->186M(512M) 36.576ms
[2022-03-25T08:31:56.425+0000][64967.089s] GC(337) User=0.11s Sys=0.00s Real=0.04s
[2022-03-25T09:32:00.499+0000][68571.164s] GC(338) Pause Young (Normal) (G1 Evacuation Pause)
[2022-03-25T09:32:00.505+0000][68571.169s] GC(338) Using 4 workers of 4 for evacuation
[2022-03-25T09:32:00.838+0000][68571.502s] GC(338) MMU target violated: 251.0ms (250.0ms/251.0ms)
[2022-03-25T09:32:00.840+0000][68571.504s] GC(338)   Pre Evacuate Collection Set: 27.9ms
[2022-03-25T09:32:00.841+0000][68571.504s] GC(338)   Evacuate Collection Set: 266.2ms
[2022-03-25T09:32:00.841+0000][68571.505s] GC(338)   Post Evacuate Collection Set: 15.8ms
[2022-03-25T09:32:00.842+0000][68571.506s] GC(338)   Other: 42.4ms
[2022-03-25T09:32:00.843+0000][68571.507s] GC(338) Eden regions: 54->0(31)
[2022-03-25T09:32:00.844+0000][68571.507s] GC(338) Survivor regions: 2->3(7)
[2022-03-25T09:32:00.844+0000][68571.508s] GC(338) Old regions: 181->181
[2022-03-25T09:32:00.845+0000][68571.508s] GC(338) Humongous regions: 7->7
[2022-03-25T09:32:00.845+0000][68571.509s] GC(338) Metaspace: 61172K->61172K(1105920K)
[2022-03-25T09:32:00.847+0000][68571.510s] GC(338) Pause Young (Normal) (G1 Evacuation Pause) 240M->188M(512M) 348.313ms
[2022-03-25T09:32:00.847+0000][68571.511s] GC(338) User=0.75s Sys=0.00s Real=0.35s
[2022-03-25T09:33:56.939+0000][68687.602s] GC(339) Pause Young (Normal) (G1 Evacuation Pause)
[2022-03-25T09:33:56.939+0000][68687.603s] GC(339) Using 4 workers of 4 for evacuation
[2022-03-25T09:33:56.960+0000][68687.624s] GC(339)   Pre Evacuate Collection Set: 0.1ms
[2022-03-25T09:33:56.961+0000][68687.624s] GC(339)   Evacuate Collection Set: 14.9ms
[2022-03-25T09:33:56.961+0000][68687.625s] GC(339)   Post Evacuate Collection Set: 5.2ms
[2022-03-25T09:33:56.961+0000][68687.625s] GC(339)   Other: 1.1ms
[2022-03-25T09:33:56.961+0000][68687.625s] GC(339) Eden regions: 30->0(59)
[2022-03-25T09:33:56.962+0000][68687.625s] GC(339) Survivor regions: 3->2(5)
[2022-03-25T09:33:56.962+0000][68687.626s] GC(339) Old regions: 181->181
[2022-03-25T09:33:56.962+0000][68687.626s] GC(339) Humongous regions: 7->7
[2022-03-25T09:33:56.963+0000][68687.627s] GC(339) Metaspace: 61172K->61172K(1105920K)
[2022-03-25T09:33:56.963+0000][68687.627s] GC(339) Pause Young (Normal) (G1 Evacuation Pause) 218M->187M(512M) 24.508ms
[2022-03-25T09:33:56.964+0000][68687.627s] GC(339) User=0.06s Sys=0.00s Real=0.02s
[2022-03-25T09:39:52.864+0000][69043.528s] GC(340) Pause Young (Normal) (G1 Evacuation Pause)
[2022-03-25T09:39:52.906+0000][69043.570s] GC(340) Using 4 workers of 4 for evacuation
[2022-03-25T09:39:53.307+0000][69043.970s] GC(340) MMU target violated: 251.0ms (250.0ms/251.0ms)
[2022-03-25T09:39:53.317+0000][69043.980s] GC(340)   Pre Evacuate Collection Set: 0.2ms
[2022-03-25T09:39:53.317+0000][69043.981s] GC(340)   Evacuate Collection Set: 362.3ms
[2022-03-25T09:39:53.318+0000][69043.981s] GC(340)   Post Evacuate Collection Set: 0.8ms
[2022-03-25T09:39:53.318+0000][69043.981s] GC(340)   Other: 89.2ms
[2022-03-25T09:39:53.319+0000][69043.982s] GC(340) Eden regions: 59->0(40)
[2022-03-25T09:39:53.351+0000][69044.015s] GC(340) Survivor regions: 2->3(8)
[2022-03-25T09:39:53.356+0000][69044.019s] GC(340) Old regions: 181->181
[2022-03-25T09:39:53.385+0000][69044.048s] GC(340) Humongous regions: 7->7
[2022-03-25T09:39:53.389+0000][69044.052s] GC(340) Metaspace: 61172K->61172K(1105920K)
[2022-03-25T09:39:53.420+0000][69044.083s] GC(340) Pause Young (Normal) (G1 Evacuation Pause) 246M->188M(512M) 555.132ms
[2022-03-25T09:39:53.432+0000][69044.096s] GC(340) User=0.25s Sys=0.18s Real=0.56s
[2022-03-25T09:40:00.015+0000][69050.679s] GC(341) Pause Young (Normal) (G1 Evacuation Pause)
[2022-03-25T09:40:00.020+0000][69050.684s] GC(341) Using 4 workers of 4 for evacuation
[2022-03-25T09:40:00.341+0000][69051.005s] GC(341) MMU target violated: 251.0ms (250.0ms/251.0ms)
[2022-03-25T09:40:00.343+0000][69051.006s] GC(341)   Pre Evacuate Collection Set: 0.1ms
[2022-03-25T09:40:00.356+0000][69051.019s] GC(341)   Evacuate Collection Set: 197.8ms
[2022-03-25T09:40:00.371+0000][69051.035s] GC(341)   Post Evacuate Collection Set: 96.7ms
[2022-03-25T09:40:00.389+0000][69051.053s] GC(341)   Other: 32.9ms
[2022-03-25T09:40:00.404+0000][69051.067s] GC(341) Eden regions: 40->0(35)
[2022-03-25T09:40:00.406+0000][69051.069s] GC(341) Survivor regions: 3->3(6)
[2022-03-25T09:40:00.408+0000][69051.072s] GC(341) Old regions: 181->181
[2022-03-25T09:40:00.421+0000][69051.085s] GC(341) Humongous regions: 7->7
[2022-03-25T09:40:00.427+0000][69051.091s] GC(341) Metaspace: 61172K->61172K(1105920K)
[2022-03-25T09:40:00.428+0000][69051.092s] GC(341) Pause Young (Normal) (G1 Evacuation Pause) 228M->188M(512M) 412.740ms
[2022-03-25T09:40:00.429+0000][69051.092s] GC(341) User=0.06s Sys=0.05s Real=0.41s
[2022-03-25T09:40:02.669+0000][69053.333s] GC(342) Pause Young (Normal) (G1 Evacuation Pause)
[2022-03-25T09:40:02.685+0000][69053.348s] GC(342) Using 4 workers of 4 for evacuation
[2022-03-25T09:40:02.955+0000][69053.619s] GC(342) MMU target violated: 251.0ms (250.0ms/251.0ms)
[2022-03-25T09:40:02.957+0000][69053.620s] GC(342)   Pre Evacuate Collection Set: 0.0ms
[2022-03-25T09:40:02.959+0000][69053.623s] GC(342)   Evacuate Collection Set: 268.9ms
[2022-03-25T09:40:02.960+0000][69053.623s] GC(342)   Post Evacuate Collection Set: 0.6ms
[2022-03-25T09:40:02.962+0000][69053.626s] GC(342)   Other: 17.7ms
[2022-03-25T09:40:02.964+0000][69053.628s] GC(342) Eden regions: 35->0(43)
[2022-03-25T09:40:02.970+0000][69053.633s] GC(342) Survivor regions: 3->4(5)
[2022-03-25T09:40:02.971+0000][69053.635s] GC(342) Old regions: 181->181
[2022-03-25T09:40:02.972+0000][69053.636s] GC(342) Humongous regions: 7->7
[2022-03-25T09:40:02.973+0000][69053.636s] GC(342) Metaspace: 61172K->61172K(1105920K)
[2022-03-25T09:40:02.973+0000][69053.637s] GC(342) Pause Young (Normal) (G1 Evacuation Pause) 223M->189M(512M) 303.623ms
[2022-03-25T09:40:02.976+0000][69053.639s] GC(342) User=0.10s Sys=0.01s Real=0.31s
[2022-03-25T09:40:05.014+0000][69055.678s] GC(343) Pause Young (Normal) (G1 Evacuation Pause)
[2022-03-25T09:40:05.033+0000][69055.697s] GC(343) Using 4 workers of 4 for evacuation
[2022-03-25T09:40:05.131+0000][69055.794s] GC(343)   Pre Evacuate Collection Set: 0.1ms
[2022-03-25T09:40:05.136+0000][69055.799s] GC(343)   Evacuate Collection Set: 95.5ms
[2022-03-25T09:40:05.144+0000][69055.808s] GC(343)   Post Evacuate Collection Set: 0.8ms
[2022-03-25T09:40:05.145+0000][69055.808s] GC(343)   Other: 20.4ms
[2022-03-25T09:40:05.145+0000][69055.809s] GC(343) Eden regions: 43->0(52)
[2022-03-25T09:40:05.145+0000][69055.809s] GC(343) Survivor regions: 4->4(6)
[2022-03-25T09:40:05.146+0000][69055.809s] GC(343) Old regions: 181->181
[2022-03-25T09:40:05.146+0000][69055.810s] GC(343) Humongous regions: 7->7
[2022-03-25T09:40:05.146+0000][69055.810s] GC(343) Metaspace: 61172K->61172K(1105920K)
[2022-03-25T09:40:05.147+0000][69055.811s] GC(343) Pause Young (Normal) (G1 Evacuation Pause) 232M->189M(512M) 132.828ms
[2022-03-25T09:40:05.147+0000][69055.811s] GC(343) User=0.09s Sys=0.03s Real=0.14s
[2022-03-25T09:40:06.794+0000][69057.457s] GC(344) Pause Young (Normal) (G1 Evacuation Pause)
[2022-03-25T09:40:06.806+0000][69057.470s] GC(344) Using 4 workers of 4 for evacuation
[2022-03-25T09:40:06.946+0000][69057.610s] GC(344)   Pre Evacuate Collection Set: 0.0ms
[2022-03-25T09:40:06.948+0000][69057.611s] GC(344)   Evacuate Collection Set: 107.3ms
[2022-03-25T09:40:06.954+0000][69057.618s] GC(344)   Post Evacuate Collection Set: 31.4ms
[2022-03-25T09:40:06.964+0000][69057.628s] GC(344)   Other: 13.4ms
[2022-03-25T09:40:06.965+0000][69057.628s] GC(344) Eden regions: 52->0(57)
[2022-03-25T09:40:06.965+0000][69057.629s] GC(344) Survivor regions: 4->4(7)
[2022-03-25T09:40:06.965+0000][69057.629s] GC(344) Old regions: 181->181
[2022-03-25T09:40:06.965+0000][69057.629s] GC(344) Humongous regions: 7->7
[2022-03-25T09:40:06.966+0000][69057.629s] GC(344) Metaspace: 61172K->61172K(1105920K)
[2022-03-25T09:40:06.966+0000][69057.630s] GC(344) Pause Young (Normal) (G1 Evacuation Pause) 241M->189M(512M) 172.065ms
[2022-03-25T09:40:06.967+0000][69057.630s] GC(344) User=0.11s Sys=0.05s Real=0.18s
[2022-03-25T09:44:53.873+0000][69344.537s] GC(345) Pause Young (Normal) (G1 Evacuation Pause)
[2022-03-25T09:44:53.974+0000][69344.637s] GC(345) Using 4 workers of 4 for evacuation
[2022-03-25T09:44:54.325+0000][69344.988s] GC(345) MMU target violated: 251.0ms (250.0ms/251.0ms)
[2022-03-25T09:44:54.480+0000][69345.144s] GC(345)   Pre Evacuate Collection Set: 0.1ms
[2022-03-25T09:44:54.580+0000][69345.243s] GC(345)   Evacuate Collection Set: 313.1ms
[2022-03-25T09:44:54.626+0000][69345.290s] GC(345)   Post Evacuate Collection Set: 0.5ms
[2022-03-25T09:44:54.671+0000][69345.335s] GC(345)   Other: 293.2ms
[2022-03-25T09:44:54.706+0000][69345.369s] GC(345) Eden regions: 57->0(51)
[2022-03-25T09:44:54.745+0000][69345.409s] GC(345) Survivor regions: 4->3(8)
[2022-03-25T09:44:54.769+0000][69345.432s] GC(345) Old regions: 181->181
[2022-03-25T09:44:54.781+0000][69345.444s] GC(345) Humongous regions: 7->7
[2022-03-25T09:44:54.818+0000][69345.482s] GC(345) Metaspace: 61172K->61172K(1105920K)
[2022-03-25T09:44:54.836+0000][69345.500s] GC(345) Pause Young (Normal) (G1 Evacuation Pause) 246M->188M(512M) 963.078ms
[2022-03-25T09:44:54.852+0000][69345.516s] GC(345) User=0.28s Sys=0.04s Real=0.98s
[2022-03-25T09:44:58.693+0000][69349.357s] GC(346) Pause Young (Normal) (G1 Evacuation Pause)
[2022-03-25T09:44:58.702+0000][69349.366s] GC(346) Using 4 workers of 4 for evacuation
[2022-03-25T09:44:59.556+0000][69350.219s] GC(346) MMU target violated: 251.0ms (250.0ms/251.0ms)
[2022-03-25T09:44:59.630+0000][69350.294s] GC(346)   Pre Evacuate Collection Set: 0.0ms
[2022-03-25T09:44:59.840+0000][69350.504s] GC(346)   Evacuate Collection Set: 623.7ms
[2022-03-25T09:45:00.048+0000][69350.712s] GC(346)   Post Evacuate Collection Set: 0.7ms
[2022-03-25T09:45:00.209+0000][69350.873s] GC(346)   Other: 312.9ms
[2022-03-25T09:45:00.391+0000][69351.055s] GC(346) Eden regions: 51->0(58)
[2022-03-25T09:45:00.393+0000][69351.056s] GC(346) Survivor regions: 3->3(7)
[2022-03-25T09:45:00.544+0000][69351.208s] GC(346) Old regions: 181->181
[2022-03-25T09:45:00.630+0000][69351.293s] GC(346) Humongous regions: 7->7
[2022-03-25T09:45:00.664+0000][69351.328s] GC(346) Metaspace: 61177K->61177K(1105920K)
[2022-03-25T09:45:00.701+0000][69351.365s] GC(346) Pause Young (Normal) (G1 Evacuation Pause) 239M->188M(512M) 2007.926ms
[2022-03-25T09:45:00.731+0000][69351.395s] GC(346) User=0.52s Sys=0.26s Real=2.04s
[2022-03-25T09:45:08.271+0000][69358.934s] GC(347) Pause Young (Normal) (G1 Evacuation Pause)
[2022-03-25T09:45:08.274+0000][69358.937s] GC(347) Using 4 workers of 4 for evacuation
[2022-03-25T09:45:08.420+0000][69359.084s] GC(347)   Pre Evacuate Collection Set: 0.1ms
[2022-03-25T09:45:08.435+0000][69359.099s] GC(347)   Evacuate Collection Set: 133.4ms
[2022-03-25T09:45:08.436+0000][69359.100s] GC(347)   Post Evacuate Collection Set: 5.0ms
[2022-03-25T09:45:08.437+0000][69359.100s] GC(347)   Other: 11.1ms
[2022-03-25T09:45:08.438+0000][69359.102s] GC(347) Eden regions: 58->0(62)
[2022-03-25T09:45:08.440+0000][69359.104s] GC(347) Survivor regions: 3->4(8)
[2022-03-25T09:45:08.453+0000][69359.117s] GC(347) Old regions: 181->181
[2022-03-25T09:45:08.457+0000][69359.121s] GC(347) Humongous regions: 7->7
[2022-03-25T09:45:08.467+0000][69359.131s] GC(347) Metaspace: 61180K->61180K(1105920K)
[2022-03-25T09:45:08.476+0000][69359.140s] GC(347) Pause Young (Normal) (G1 Evacuation Pause) 246M->189M(512M) 205.623ms
[2022-03-25T09:45:08.479+0000][69359.142s] GC(347) User=0.09s Sys=0.07s Real=0.21s
[2022-03-25T09:45:17.975+0000][69368.638s] GC(348) Pause Young (Normal) (G1 Evacuation Pause)
[2022-03-25T09:45:18.171+0000][69368.834s] GC(348) Using 4 workers of 4 for evacuation
[2022-03-25T09:45:18.761+0000][69369.425s] GC(348) MMU target violated: 251.0ms (250.0ms/251.0ms)
[2022-03-25T09:45:18.762+0000][69369.426s] GC(348)   Pre Evacuate Collection Set: 0.1ms
[2022-03-25T09:45:18.764+0000][69369.428s] GC(348)   Evacuate Collection Set: 549.2ms
[2022-03-25T09:45:18.765+0000][69369.428s] GC(348)   Post Evacuate Collection Set: 0.7ms
[2022-03-25T09:45:18.780+0000][69369.443s] GC(348)   Other: 237.9ms
[2022-03-25T09:45:18.781+0000][69369.444s] GC(348) Eden regions: 62->0(57)
[2022-03-25T09:45:18.781+0000][69369.445s] GC(348) Survivor regions: 4->5(9)
[2022-03-25T09:45:18.781+0000][69369.445s] GC(348) Old regions: 181->181
[2022-03-25T09:45:18.782+0000][69369.445s] GC(348) Humongous regions: 7->7
[2022-03-25T09:45:18.783+0000][69369.446s] GC(348) Metaspace: 61180K->61180K(1105920K)
[2022-03-25T09:45:18.783+0000][69369.447s] GC(348) Pause Young (Normal) (G1 Evacuation Pause) 251M->190M(512M) 808.623ms
[2022-03-25T09:45:18.795+0000][69369.459s] GC(348) User=0.16s Sys=0.38s Real=0.93s
[2022-03-25T09:45:23.792+0000][69374.456s] GC(349) Pause Young (Normal) (G1 Evacuation Pause)
[2022-03-25T09:45:23.835+0000][69374.498s] GC(349) Using 4 workers of 4 for evacuation
[2022-03-25T09:45:24.146+0000][69374.810s] GC(349) MMU target violated: 251.0ms (250.0ms/251.0ms)
[2022-03-25T09:45:24.150+0000][69374.814s] GC(349)   Pre Evacuate Collection Set: 0.1ms
[2022-03-25T09:45:24.160+0000][69374.824s] GC(349)   Evacuate Collection Set: 290.9ms
[2022-03-25T09:45:24.197+0000][69374.861s] GC(349)   Post Evacuate Collection Set: 14.7ms
[2022-03-25T09:45:24.215+0000][69374.879s] GC(349)   Other: 52.4ms
[2022-03-25T09:45:24.270+0000][69374.933s] GC(349) Eden regions: 57->0(57)
[2022-03-25T09:45:24.303+0000][69374.967s] GC(349) Survivor regions: 5->5(8)
[2022-03-25T09:45:24.337+0000][69375.001s] GC(349) Old regions: 181->181
[2022-03-25T09:45:24.364+0000][69375.028s] GC(349) Humongous regions: 7->7
[2022-03-25T09:45:24.413+0000][69375.077s] GC(349) Metaspace: 61180K->61180K(1105920K)
[2022-03-25T09:45:24.423+0000][69375.087s] GC(349) Pause Young (Normal) (G1 Evacuation Pause) 247M->190M(512M) 630.356ms
[2022-03-25T09:45:24.432+0000][69375.096s] GC(349) User=0.08s Sys=0.10s Real=0.64s
[2022-03-25T09:45:27.335+0000][69377.999s] GC(350) Pause Young (Normal) (G1 Evacuation Pause)
[2022-03-25T09:45:27.344+0000][69378.008s] GC(350) Using 4 workers of 4 for evacuation
[2022-03-25T09:45:27.421+0000][69378.085s] GC(350)   Pre Evacuate Collection Set: 0.5ms
[2022-03-25T09:45:27.423+0000][69378.087s] GC(350)   Evacuate Collection Set: 72.5ms
[2022-03-25T09:45:27.424+0000][69378.088s] GC(350)   Post Evacuate Collection Set: 1.0ms
[2022-03-25T09:45:27.425+0000][69378.088s] GC(350)   Other: 12.3ms
[2022-03-25T09:45:27.425+0000][69378.089s] GC(350) Eden regions: 57->0(60)
[2022-03-25T09:45:27.425+0000][69378.089s] GC(350) Survivor regions: 5->6(8)
[2022-03-25T09:45:27.426+0000][69378.089s] GC(350) Old regions: 181->181
[2022-03-25T09:45:27.426+0000][69378.090s] GC(350) Humongous regions: 7->7
[2022-03-25T09:45:27.434+0000][69378.098s] GC(350) Metaspace: 61180K->61180K(1105920K)
[2022-03-25T09:45:27.439+0000][69378.103s] GC(350) Pause Young (Normal) (G1 Evacuation Pause) 247M->192M(512M) 104.195ms
[2022-03-25T09:45:27.440+0000][69378.104s] GC(350) User=0.11s Sys=0.00s Real=0.10s
[2022-03-25T09:45:28.653+0000][69379.317s] GC(351) Pause Young (Normal) (G1 Evacuation Pause)
[2022-03-25T09:45:28.658+0000][69379.322s] GC(351) Using 4 workers of 4 for evacuation
[2022-03-25T09:45:28.788+0000][69379.452s] GC(351)   Pre Evacuate Collection Set: 0.0ms
[2022-03-25T09:45:28.789+0000][69379.453s] GC(351)   Evacuate Collection Set: 122.1ms
[2022-03-25T09:45:28.790+0000][69379.454s] GC(351)   Post Evacuate Collection Set: 5.0ms
[2022-03-25T09:45:28.791+0000][69379.454s] GC(351)   Other: 7.8ms
[2022-03-25T09:45:28.792+0000][69379.455s] GC(351) Eden regions: 60->0(64)
[2022-03-25T09:45:28.796+0000][69379.460s] GC(351) Survivor regions: 6->6(9)
[2022-03-25T09:45:28.801+0000][69379.464s] GC(351) Old regions: 181->182
[2022-03-25T09:45:28.801+0000][69379.465s] GC(351) Humongous regions: 7->7
[2022-03-25T09:45:28.806+0000][69379.470s] GC(351) Metaspace: 61180K->61180K(1105920K)
[2022-03-25T09:45:28.808+0000][69379.471s] GC(351) Pause Young (Normal) (G1 Evacuation Pause) 252M->192M(512M) 154.156ms
[2022-03-25T09:45:28.817+0000][69379.480s] GC(351) User=0.12s Sys=0.02s Real=0.17s
[2022-03-25T09:45:31.305+0000][69381.969s] GC(352) Pause Young (Normal) (G1 Evacuation Pause)
[2022-03-25T09:45:31.307+0000][69381.971s] GC(352) Using 4 workers of 4 for evacuation
[2022-03-25T09:45:31.475+0000][69382.139s] GC(352)   Pre Evacuate Collection Set: 0.1ms
[2022-03-25T09:45:31.478+0000][69382.141s] GC(352)   Evacuate Collection Set: 163.9ms
[2022-03-25T09:45:31.480+0000][69382.143s] GC(352)   Post Evacuate Collection Set: 0.6ms
[2022-03-25T09:45:31.482+0000][69382.145s] GC(352)   Other: 5.5ms
[2022-03-25T09:45:31.483+0000][69382.147s] GC(352) Eden regions: 64->0(66)
[2022-03-25T09:45:31.485+0000][69382.149s] GC(352) Survivor regions: 6->5(9)
[2022-03-25T09:45:31.486+0000][69382.150s] GC(352) Old regions: 182->183
[2022-03-25T09:45:31.488+0000][69382.152s] GC(352) Humongous regions: 7->7
[2022-03-25T09:45:31.488+0000][69382.152s] GC(352) Metaspace: 61181K->61181K(1105920K)
[2022-03-25T09:45:31.489+0000][69382.152s] GC(352) Pause Young (Normal) (G1 Evacuation Pause) 256M->192M(512M) 183.695ms
[2022-03-25T09:45:31.489+0000][69382.153s] GC(352) User=0.12s Sys=0.00s Real=0.19s
[2022-03-25T09:45:33.986+0000][69384.649s] GC(353) Pause Young (Normal) (G1 Evacuation Pause)
[2022-03-25T09:45:33.986+0000][69384.650s] GC(353) Using 4 workers of 4 for evacuation
[2022-03-25T09:45:34.069+0000][69384.733s] GC(353)   Pre Evacuate Collection Set: 0.0ms
[2022-03-25T09:45:34.069+0000][69384.733s] GC(353)   Evacuate Collection Set: 76.8ms
[2022-03-25T09:45:34.070+0000][69384.733s] GC(353)   Post Evacuate Collection Set: 5.0ms
[2022-03-25T09:45:34.071+0000][69384.734s] GC(353)   Other: 1.6ms
[2022-03-25T09:45:34.074+0000][69384.737s] GC(353) Eden regions: 66->0(74)
[2022-03-25T09:45:34.075+0000][69384.738s] GC(353) Survivor regions: 5->5(9)
[2022-03-25T09:45:34.075+0000][69384.739s] GC(353) Old regions: 183->183
[2022-03-25T09:45:34.075+0000][69384.739s] GC(353) Humongous regions: 7->7
[2022-03-25T09:45:34.076+0000][69384.739s] GC(353) Metaspace: 61181K->61181K(1105920K)
[2022-03-25T09:45:34.077+0000][69384.740s] GC(353) Pause Young (Normal) (G1 Evacuation Pause) 258M->192M(512M) 90.658ms
[2022-03-25T09:45:34.078+0000][69384.742s] GC(353) User=0.11s Sys=0.00s Real=0.09s
[2022-03-25T09:45:39.520+0000][69390.183s] GC(354) Pause Young (Normal) (G1 Evacuation Pause)
[2022-03-25T09:45:39.534+0000][69390.198s] GC(354) Using 4 workers of 4 for evacuation
[2022-03-25T09:45:39.753+0000][69390.417s] GC(354)   Pre Evacuate Collection Set: 0.0ms
[2022-03-25T09:45:39.770+0000][69390.434s] GC(354)   Evacuate Collection Set: 195.2ms
[2022-03-25T09:45:39.783+0000][69390.447s] GC(354)   Post Evacuate Collection Set: 18.2ms
[2022-03-25T09:45:39.786+0000][69390.450s] GC(354)   Other: 20.1ms
[2022-03-25T09:45:39.787+0000][69390.451s] GC(354) Eden regions: 74->0(75)
[2022-03-25T09:45:39.800+0000][69390.463s] GC(354) Survivor regions: 5->5(10)
[2022-03-25T09:45:39.804+0000][69390.468s] GC(354) Old regions: 183->183
[2022-03-25T09:45:39.806+0000][69390.470s] GC(354) Humongous regions: 7->7
[2022-03-25T09:45:39.807+0000][69390.470s] GC(354) Metaspace: 61181K->61181K(1105920K)
[2022-03-25T09:45:39.816+0000][69390.479s] GC(354) Pause Young (Normal) (G1 Evacuation Pause) 266M->192M(512M) 296.020ms
[2022-03-25T09:45:39.816+0000][69390.480s] GC(354) User=0.10s Sys=0.17s Real=0.30s
[2022-03-25T09:45:44.765+0000][69395.429s] GC(355) Pause Young (Normal) (G1 Evacuation Pause)
[2022-03-25T09:45:44.766+0000][69395.430s] GC(355) Using 4 workers of 4 for evacuation
[2022-03-25T09:45:44.945+0000][69395.609s] GC(355)   Pre Evacuate Collection Set: 0.0ms
[2022-03-25T09:45:44.945+0000][69395.609s] GC(355)   Evacuate Collection Set: 177.3ms
[2022-03-25T09:45:44.946+0000][69395.609s] GC(355)   Post Evacuate Collection Set: 0.6ms
[2022-03-25T09:45:44.946+0000][69395.610s] GC(355)   Other: 1.6ms
[2022-03-25T09:45:44.946+0000][69395.610s] GC(355) Eden regions: 75->0(78)
[2022-03-25T09:45:44.947+0000][69395.611s] GC(355) Survivor regions: 5->6(10)
[2022-03-25T09:45:44.967+0000][69395.630s] GC(355) Old regions: 183->183
[2022-03-25T09:45:44.969+0000][69395.633s] GC(355) Humongous regions: 7->7
[2022-03-25T09:45:44.970+0000][69395.633s] GC(355) Metaspace: 61181K->61181K(1105920K)
[2022-03-25T09:45:44.970+0000][69395.634s] GC(355) Pause Young (Normal) (G1 Evacuation Pause) 267M->193M(512M) 204.884ms
[2022-03-25T09:45:44.979+0000][69395.643s] GC(355) User=0.10s Sys=0.04s Real=0.21s
[2022-03-25T09:45:46.829+0000][69397.493s] GC(356) Pause Young (Normal) (G1 Evacuation Pause)
[2022-03-25T09:45:46.832+0000][69397.495s] GC(356) Using 4 workers of 4 for evacuation
[2022-03-25T09:45:47.058+0000][69397.722s] GC(356)   Pre Evacuate Collection Set: 0.0ms
[2022-03-25T09:45:47.059+0000][69397.722s] GC(356)   Evacuate Collection Set: 194.4ms
[2022-03-25T09:45:47.059+0000][69397.723s] GC(356)   Post Evacuate Collection Set: 1.5ms
[2022-03-25T09:45:47.059+0000][69397.723s] GC(356)   Other: 33.0ms
[2022-03-25T09:45:47.059+0000][69397.723s] GC(356) Eden regions: 78->0(79)
[2022-03-25T09:45:47.060+0000][69397.723s] GC(356) Survivor regions: 6->7(11)
[2022-03-25T09:45:47.060+0000][69397.724s] GC(356) Old regions: 183->183
[2022-03-25T09:45:47.060+0000][69397.724s] GC(356) Humongous regions: 7->7
[2022-03-25T09:45:47.060+0000][69397.724s] GC(356) Metaspace: 61181K->61181K(1105920K)
[2022-03-25T09:45:47.061+0000][69397.724s] GC(356) Pause Young (Normal) (G1 Evacuation Pause) 271M->194M(512M) 231.510ms
[2022-03-25T09:45:47.061+0000][69397.725s] GC(356) User=0.18s Sys=0.03s Real=0.23s
[2022-03-25T09:45:48.437+0000][69399.101s] GC(357) Pause Young (Normal) (G1 Evacuation Pause)
[2022-03-25T09:45:48.440+0000][69399.104s] GC(357) Using 4 workers of 4 for evacuation
[2022-03-25T09:45:48.691+0000][69399.355s] GC(357)   Pre Evacuate Collection Set: 0.0ms
[2022-03-25T09:45:48.697+0000][69399.360s] GC(357)   Evacuate Collection Set: 245.4ms
[2022-03-25T09:45:48.702+0000][69399.366s] GC(357)   Post Evacuate Collection Set: 3.0ms
[2022-03-25T09:45:48.705+0000][69399.369s] GC(357)   Other: 5.6ms
[2022-03-25T09:45:48.707+0000][69399.371s] GC(357) Eden regions: 79->0(79)
[2022-03-25T09:45:48.709+0000][69399.373s] GC(357) Survivor regions: 7->6(11)
[2022-03-25T09:45:48.718+0000][69399.382s] GC(357) Old regions: 183->183
[2022-03-25T09:45:48.721+0000][69399.385s] GC(357) Humongous regions: 7->7
[2022-03-25T09:45:48.721+0000][69399.385s] GC(357) Metaspace: 61181K->61181K(1105920K)
[2022-03-25T09:45:48.734+0000][69399.398s] GC(357) Pause Young (Normal) (G1 Evacuation Pause) 273M->194M(512M) 296.837ms
[2022-03-25T09:45:48.740+0000][69399.404s] GC(357) User=0.20s Sys=0.07s Real=0.30s
[2022-03-25T09:51:31.761+0000][69742.425s] GC(358) Pause Young (Normal) (G1 Evacuation Pause)
[2022-03-25T09:51:31.913+0000][69742.576s] GC(358) Using 4 workers of 4 for evacuation
[2022-03-25T09:51:34.597+0000][69745.261s] GC(358) MMU target violated: 251.0ms (250.0ms/251.0ms)
[2022-03-25T09:51:34.614+0000][69745.278s] GC(358)   Pre Evacuate Collection Set: 534.3ms
[2022-03-25T09:51:34.625+0000][69745.288s] GC(358)   Evacuate Collection Set: 1844.0ms
[2022-03-25T09:51:34.659+0000][69745.323s] GC(358)   Post Evacuate Collection Set: 108.6ms
[2022-03-25T09:51:34.947+0000][69745.611s] GC(358)   Other: 366.7ms
[2022-03-25T09:51:35.527+0000][69746.191s] GC(358) Eden regions: 79->0(22)
[2022-03-25T09:51:35.764+0000][69746.428s] GC(358) Survivor regions: 6->3(11)
[2022-03-25T09:51:35.906+0000][69746.569s] GC(358) Old regions: 183->183
[2022-03-25T09:51:36.192+0000][69746.856s] GC(358) Humongous regions: 7->7
[2022-03-25T09:51:36.450+0000][69747.113s] GC(358) Metaspace: 61182K->61182K(1105920K)
[2022-03-25T09:51:36.720+0000][69747.383s] GC(358) Pause Young (Normal) (G1 Evacuation Pause) 273M->191M(512M) 4958.502ms
[2022-03-25T09:51:37.262+0000][69747.926s] GC(358) User=0.76s Sys=0.69s Real=5.52s
[2022-03-25T09:51:43.963+0000][69754.627s] GC(359) Pause Young (Normal) (G1 Evacuation Pause)
[2022-03-25T09:51:44.084+0000][69754.748s] GC(359) Using 4 workers of 4 for evacuation
[2022-03-25T09:51:44.699+0000][69755.362s] GC(359) MMU target violated: 251.0ms (250.0ms/251.0ms)
[2022-03-25T09:51:44.719+0000][69755.383s] GC(359)   Pre Evacuate Collection Set: 0.0ms
[2022-03-25T09:51:44.802+0000][69755.466s] GC(359)   Evacuate Collection Set: 481.2ms
[2022-03-25T09:51:44.865+0000][69755.529s] GC(359)   Post Evacuate Collection Set: 13.9ms
[2022-03-25T09:51:44.939+0000][69755.603s] GC(359)   Other: 261.0ms
[2022-03-25T09:51:44.971+0000][69755.635s] GC(359) Eden regions: 22->0(21)
[2022-03-25T09:51:44.973+0000][69755.637s] GC(359) Survivor regions: 3->4(4)
[2022-03-25T09:51:44.983+0000][69755.647s] GC(359) Old regions: 183->184
[2022-03-25T09:51:44.991+0000][69755.654s] GC(359) Humongous regions: 7->7
[2022-03-25T09:51:44.991+0000][69755.655s] GC(359) Metaspace: 61182K->61182K(1105920K)
[2022-03-25T09:51:44.996+0000][69755.659s] GC(359) Pause Young (Normal) (G1 Evacuation Pause) 213M->192M(512M) 1032.405ms
[2022-03-25T09:51:45.012+0000][69755.676s] GC(359) User=0.32s Sys=0.29s Real=1.05s
[2022-03-25T09:51:46.374+0000][69757.037s] GC(360) Pause Young (Normal) (G1 Evacuation Pause)
[2022-03-25T09:51:46.405+0000][69757.068s] GC(360) Using 4 workers of 4 for evacuation
[2022-03-25T09:51:46.850+0000][69757.513s] GC(360) MMU target violated: 251.0ms (250.0ms/251.0ms)
[2022-03-25T09:51:46.899+0000][69757.563s] GC(360)   Pre Evacuate Collection Set: 0.0ms
[2022-03-25T09:51:46.916+0000][69757.580s] GC(360)   Evacuate Collection Set: 429.1ms
[2022-03-25T09:51:46.931+0000][69757.595s] GC(360)   Post Evacuate Collection Set: 0.4ms
[2022-03-25T09:51:46.948+0000][69757.611s] GC(360)   Other: 96.3ms
[2022-03-25T09:51:46.964+0000][69757.627s] GC(360) Eden regions: 21->0(22)
[2022-03-25T09:51:46.964+0000][69757.628s] GC(360) Survivor regions: 4->3(4)
[2022-03-25T09:51:46.965+0000][69757.628s] GC(360) Old regions: 184->185
[2022-03-25T09:51:46.965+0000][69757.629s] GC(360) Humongous regions: 7->7
[2022-03-25T09:51:46.966+0000][69757.630s] GC(360) Metaspace: 61182K->61182K(1105920K)
[2022-03-25T09:51:46.997+0000][69757.661s] GC(360) Pause Young (Normal) (G1 Evacuation Pause) 213M->192M(512M) 623.248ms
[2022-03-25T09:51:47.011+0000][69757.675s] GC(360) User=0.33s Sys=0.31s Real=0.65s
[2022-03-25T09:51:49.871+0000][69760.534s] GC(361) Pause Young (Normal) (G1 Evacuation Pause)
[2022-03-25T09:51:49.972+0000][69760.635s] GC(361) Using 4 workers of 4 for evacuation
[2022-03-25T09:51:50.474+0000][69761.138s] GC(361) MMU target violated: 251.0ms (250.0ms/251.0ms)
[2022-03-25T09:51:50.645+0000][69761.308s] GC(361)   Pre Evacuate Collection Set: 0.2ms
[2022-03-25T09:51:50.724+0000][69761.387s] GC(361)   Evacuate Collection Set: 310.9ms
[2022-03-25T09:51:50.781+0000][69761.445s] GC(361)   Post Evacuate Collection Set: 0.6ms
[2022-03-25T09:51:50.880+0000][69761.543s] GC(361)   Other: 462.6ms
[2022-03-25T09:51:50.969+0000][69761.633s] GC(361) Eden regions: 22->0(23)
[2022-03-25T09:51:51.185+0000][69761.849s] GC(361) Survivor regions: 3->2(4)
[2022-03-25T09:51:51.300+0000][69761.964s] GC(361) Old regions: 185->185
[2022-03-25T09:51:51.334+0000][69761.998s] GC(361) Humongous regions: 7->7
[2022-03-25T09:51:51.408+0000][69762.072s] GC(361) Metaspace: 61184K->61184K(1105920K)
[2022-03-25T09:51:51.469+0000][69762.133s] GC(361) Pause Young (Normal) (G1 Evacuation Pause) 214M->191M(512M) 1598.201ms
[2022-03-25T09:51:51.593+0000][69762.256s] GC(361) User=0.11s Sys=0.06s Real=1.72s
[2022-03-25T09:51:53.546+0000][69764.210s] GC(362) Pause Young (Normal) (G1 Evacuation Pause)
[2022-03-25T09:51:53.594+0000][69764.258s] GC(362) Using 4 workers of 4 for evacuation
[2022-03-25T09:51:54.631+0000][69765.295s] GC(362) MMU target violated: 251.0ms (250.0ms/251.0ms)
[2022-03-25T09:51:54.674+0000][69765.338s] GC(362)   Pre Evacuate Collection Set: 0.0ms
[2022-03-25T09:51:54.765+0000][69765.429s] GC(362)   Evacuate Collection Set: 850.9ms
[2022-03-25T09:51:54.826+0000][69765.490s] GC(362)   Post Evacuate Collection Set: 0.4ms
[2022-03-25T09:51:54.925+0000][69765.589s] GC(362)   Other: 277.2ms
[2022-03-25T09:51:54.936+0000][69765.599s] GC(362) Eden regions: 23->0(22)
[2022-03-25T09:51:54.958+0000][69765.622s] GC(362) Survivor regions: 2->3(4)
[2022-03-25T09:51:55.069+0000][69765.733s] GC(362) Old regions: 185->185
[2022-03-25T09:51:55.135+0000][69765.799s] GC(362) Humongous regions: 7->7
[2022-03-25T09:51:55.242+0000][69765.906s] GC(362) Metaspace: 61184K->61184K(1105920K)
[2022-03-25T09:51:55.375+0000][69766.039s] GC(362) Pause Young (Normal) (G1 Evacuation Pause) 214M->192M(512M) 1829.191ms
[2022-03-25T09:51:55.488+0000][69766.151s] GC(362) User=0.29s Sys=0.25s Real=1.94s
[2022-03-25T09:51:57.683+0000][69768.346s] GC(363) Pause Young (Normal) (G1 Evacuation Pause)
[2022-03-25T09:51:57.742+0000][69768.405s] GC(363) Using 4 workers of 4 for evacuation
[2022-03-25T09:51:57.965+0000][69768.629s] GC(363)   Pre Evacuate Collection Set: 0.0ms
[2022-03-25T09:51:58.053+0000][69768.717s] GC(363)   Evacuate Collection Set: 86.1ms
[2022-03-25T09:51:58.169+0000][69768.833s] GC(363)   Post Evacuate Collection Set: 0.9ms
[2022-03-25T09:51:58.219+0000][69768.882s] GC(363)   Other: 195.4ms
[2022-03-25T09:51:58.221+0000][69768.885s] GC(363) Eden regions: 22->0(22)
[2022-03-25T09:51:58.224+0000][69768.887s] GC(363) Survivor regions: 3->3(4)
[2022-03-25T09:51:58.235+0000][69768.898s] GC(363) Old regions: 185->185
[2022-03-25T09:51:58.237+0000][69768.901s] GC(363) Humongous regions: 7->7
[2022-03-25T09:51:58.237+0000][69768.901s] GC(363) Metaspace: 61184K->61184K(1105920K)
[2022-03-25T09:51:58.238+0000][69768.901s] GC(363) Pause Young (Normal) (G1 Evacuation Pause) 214M->192M(512M) 555.011ms
[2022-03-25T09:51:58.238+0000][69768.902s] GC(363) User=0.08s Sys=0.02s Real=0.56s
[2022-03-25T09:52:00.514+0000][69771.177s] GC(364) Pause Young (Normal) (G1 Evacuation Pause)
[2022-03-25T09:52:00.608+0000][69771.272s] GC(364) Using 4 workers of 4 for evacuation
[2022-03-25T09:52:00.845+0000][69771.509s] GC(364)   Pre Evacuate Collection Set: 0.1ms
[2022-03-25T09:52:01.098+0000][69771.761s] GC(364)   Evacuate Collection Set: 187.4ms
[2022-03-25T09:52:01.264+0000][69771.927s] GC(364)   Post Evacuate Collection Set: 0.6ms
[2022-03-25T09:52:01.378+0000][69772.041s] GC(364)   Other: 143.8ms
[2022-03-25T09:52:01.451+0000][69772.115s] GC(364) Eden regions: 22->0(23)
[2022-03-25T09:52:01.490+0000][69772.154s] GC(364) Survivor regions: 3->2(4)
[2022-03-25T09:52:01.518+0000][69772.182s] GC(364) Old regions: 185->185
[2022-03-25T09:52:01.519+0000][69772.183s] GC(364) Humongous regions: 7->7
[2022-03-25T09:52:01.552+0000][69772.216s] GC(364) Metaspace: 61184K->61184K(1105920K)
[2022-03-25T09:52:01.624+0000][69772.288s] GC(364) Pause Young (Normal) (G1 Evacuation Pause) 214M->192M(512M) 1110.090ms
[2022-03-25T09:52:01.673+0000][69772.336s] GC(364) User=0.16s Sys=0.09s Real=1.16s
[2022-03-25T09:52:03.284+0000][69773.948s] GC(365) Pause Young (Normal) (G1 Evacuation Pause)
[2022-03-25T09:52:03.291+0000][69773.955s] GC(365) Using 4 workers of 4 for evacuation
[2022-03-25T09:52:03.424+0000][69774.087s] GC(365)   Pre Evacuate Collection Set: 0.1ms
[2022-03-25T09:52:03.436+0000][69774.099s] GC(365)   Evacuate Collection Set: 123.1ms
[2022-03-25T09:52:03.440+0000][69774.104s] GC(365)   Post Evacuate Collection Set: 5.4ms
[2022-03-25T09:52:03.441+0000][69774.105s] GC(365)   Other: 11.2ms
[2022-03-25T09:52:03.441+0000][69774.105s] GC(365) Eden regions: 23->0(23)
[2022-03-25T09:52:03.469+0000][69774.133s] GC(365) Survivor regions: 2->3(4)
[2022-03-25T09:52:03.491+0000][69774.154s] GC(365) Old regions: 185->185
[2022-03-25T09:52:03.527+0000][69774.190s] GC(365) Humongous regions: 7->7
[2022-03-25T09:52:03.531+0000][69774.194s] GC(365) Metaspace: 61184K->61184K(1105920K)
[2022-03-25T09:52:03.543+0000][69774.206s] GC(365) Pause Young (Normal) (G1 Evacuation Pause) 215M->192M(512M) 258.808ms
[2022-03-25T09:52:03.560+0000][69774.224s] GC(365) User=0.05s Sys=0.09s Real=0.28s
[2022-03-25T09:52:10.421+0000][69781.085s] GC(366) Pause Young (Normal) (G1 Evacuation Pause)
[2022-03-25T09:52:10.439+0000][69781.103s] GC(366) Using 4 workers of 4 for evacuation
[2022-03-25T09:52:11.210+0000][69781.873s] GC(366) MMU target violated: 251.0ms (250.0ms/251.0ms)
[2022-03-25T09:52:11.336+0000][69782.000s] GC(366)   Pre Evacuate Collection Set: 0.0ms
[2022-03-25T09:52:11.394+0000][69782.057s] GC(366)   Evacuate Collection Set: 572.3ms
[2022-03-25T09:52:11.485+0000][69782.149s] GC(366)   Post Evacuate Collection Set: 0.5ms
[2022-03-25T09:52:11.503+0000][69782.167s] GC(366)   Other: 342.9ms
[2022-03-25T09:52:11.696+0000][69782.360s] GC(366) Eden regions: 23->0(21)
[2022-03-25T09:52:11.716+0000][69782.380s] GC(366) Survivor regions: 3->4(4)
[2022-03-25T09:52:11.741+0000][69782.404s] GC(366) Old regions: 185->186
[2022-03-25T09:52:11.759+0000][69782.423s] GC(366) Humongous regions: 7->7
[2022-03-25T09:52:11.785+0000][69782.448s] GC(366) Metaspace: 61184K->61184K(1105920K)
[2022-03-25T09:52:11.796+0000][69782.459s] GC(366) Pause Young (Normal) (G1 Evacuation Pause) 215M->193M(512M) 1374.782ms
[2022-03-25T09:52:11.809+0000][69782.472s] GC(366) User=0.22s Sys=0.25s Real=1.39s
[2022-03-25T09:52:12.368+0000][69783.031s] GC(367) Pause Young (Normal) (G1 Evacuation Pause)
[2022-03-25T09:52:12.454+0000][69783.118s] GC(367) Using 4 workers of 4 for evacuation
[2022-03-25T09:52:12.681+0000][69783.345s] GC(367)   Pre Evacuate Collection Set: 0.2ms
[2022-03-25T09:52:12.701+0000][69783.365s] GC(367)   Evacuate Collection Set: 188.6ms
[2022-03-25T09:52:12.717+0000][69783.380s] GC(367)   Post Evacuate Collection Set: 6.5ms
[2022-03-25T09:52:12.729+0000][69783.393s] GC(367)   Other: 118.0ms
[2022-03-25T09:52:12.751+0000][69783.415s] GC(367) Eden regions: 21->0(22)
[2022-03-25T09:52:12.780+0000][69783.443s] GC(367) Survivor regions: 4->3(4)
[2022-03-25T09:52:12.813+0000][69783.477s] GC(367) Old regions: 186->187
[2022-03-25T09:52:12.862+0000][69783.526s] GC(367) Humongous regions: 7->7
[2022-03-25T09:52:12.903+0000][69783.566s] GC(367) Metaspace: 61184K->61184K(1105920K)
[2022-03-25T09:52:12.934+0000][69783.598s] GC(367) Pause Young (Normal) (G1 Evacuation Pause) 214M->193M(512M) 566.642ms
[2022-03-25T09:52:12.952+0000][69783.616s] GC(367) User=0.17s Sys=0.15s Real=0.58s
[2022-03-25T09:52:17.128+0000][69787.792s] GC(368) Pause Young (Normal) (G1 Evacuation Pause)
[2022-03-25T09:52:17.270+0000][69787.934s] GC(368) Using 4 workers of 4 for evacuation
[2022-03-25T09:52:17.506+0000][69788.170s] GC(368)   Pre Evacuate Collection Set: 0.0ms
[2022-03-25T09:52:17.747+0000][69788.411s] GC(368)   Evacuate Collection Set: 109.2ms
[2022-03-25T09:52:18.045+0000][69788.708s] GC(368)   Post Evacuate Collection Set: 0.8ms
[2022-03-25T09:52:18.282+0000][69788.946s] GC(368)   Other: 268.3ms
[2022-03-25T09:52:18.410+0000][69789.073s] GC(368) Eden regions: 22->0(24)
[2022-03-25T09:52:18.506+0000][69789.169s] GC(368) Survivor regions: 3->3(4)
[2022-03-25T09:52:18.638+0000][69789.301s] GC(368) Old regions: 187->187
[2022-03-25T09:52:18.750+0000][69789.414s] GC(368) Humongous regions: 7->7
[2022-03-25T09:52:18.910+0000][69789.574s] GC(368) Metaspace: 61184K->61184K(1105920K)
[2022-03-25T09:52:19.142+0000][69789.806s] GC(368) Pause Young (Normal) (G1 Evacuation Pause) 215M->194M(512M) 2013.968ms
[2022-03-25T09:52:19.216+0000][69789.880s] GC(368) User=0.09s Sys=0.06s Real=2.08s
[2022-03-25T09:52:20.555+0000][69791.219s] GC(369) Pause Young (Normal) (G1 Evacuation Pause)
[2022-03-25T09:52:20.650+0000][69791.314s] GC(369) Using 4 workers of 4 for evacuation
[2022-03-25T09:52:21.031+0000][69791.694s] GC(369) MMU target violated: 251.0ms (250.0ms/251.0ms)
[2022-03-25T09:52:21.062+0000][69791.725s] GC(369)   Pre Evacuate Collection Set: 0.0ms
[2022-03-25T09:52:21.085+0000][69791.748s] GC(369)   Evacuate Collection Set: 361.6ms
[2022-03-25T09:52:21.151+0000][69791.815s] GC(369)   Post Evacuate Collection Set: 0.4ms
[2022-03-25T09:52:21.265+0000][69791.929s] GC(369)   Other: 144.8ms
[2022-03-25T09:52:21.327+0000][69791.991s] GC(369) Eden regions: 24->0(24)
[2022-03-25T09:52:21.385+0000][69792.048s] GC(369) Survivor regions: 3->3(4)
[2022-03-25T09:52:21.401+0000][69792.065s] GC(369) Old regions: 187->187
[2022-03-25T09:52:21.417+0000][69792.081s] GC(369) Humongous regions: 7->7
[2022-03-25T09:52:21.432+0000][69792.096s] GC(369) Metaspace: 61184K->61184K(1105920K)
[2022-03-25T09:52:21.441+0000][69792.104s] GC(369) Pause Young (Normal) (G1 Evacuation Pause) 218M->195M(512M) 885.689ms
[2022-03-25T09:52:21.476+0000][69792.139s] GC(369) User=0.20s Sys=0.15s Real=0.89s
[2022-03-25T09:52:23.375+0000][69794.039s] GC(370) Pause Young (Normal) (G1 Evacuation Pause)
[2022-03-25T09:52:23.418+0000][69794.082s] GC(370) Using 4 workers of 4 for evacuation
[2022-03-25T09:52:23.587+0000][69794.250s] GC(370)   Pre Evacuate Collection Set: 0.0ms
[2022-03-25T09:52:23.698+0000][69794.362s] GC(370)   Evacuate Collection Set: 161.7ms
[2022-03-25T09:52:23.873+0000][69794.536s] GC(370)   Post Evacuate Collection Set: 0.5ms
[2022-03-25T09:52:24.013+0000][69794.676s] GC(370)   Other: 49.6ms
[2022-03-25T09:52:24.254+0000][69794.918s] GC(370) Eden regions: 24->0(30)
[2022-03-25T09:52:24.404+0000][69795.067s] GC(370) Survivor regions: 3->2(4)
[2022-03-25T09:52:24.627+0000][69795.291s] GC(370) Old regions: 187->188
[2022-03-25T09:52:24.761+0000][69795.425s] GC(370) Humongous regions: 7->7
[2022-03-25T09:52:24.800+0000][69795.463s] GC(370) Metaspace: 61184K->61184K(1105920K)
[2022-03-25T09:52:24.826+0000][69795.490s] GC(370) Pause Young (Normal) (G1 Evacuation Pause) 219M->194M(512M) 1451.046ms
[2022-03-25T09:52:24.872+0000][69795.536s] GC(370) User=0.15s Sys=0.11s Real=1.48s
[2022-03-25T09:52:27.471+0000][69798.135s] GC(371) Pause Young (Normal) (G1 Evacuation Pause)
[2022-03-25T09:52:27.742+0000][69798.406s] GC(371) Using 4 workers of 4 for evacuation
[2022-03-25T09:52:28.382+0000][69799.046s] GC(371) MMU target violated: 251.0ms (250.0ms/251.0ms)
[2022-03-25T09:52:28.503+0000][69799.167s] GC(371)   Pre Evacuate Collection Set: 0.1ms
[2022-03-25T09:52:28.604+0000][69799.268s] GC(371)   Evacuate Collection Set: 428.8ms
[2022-03-25T09:52:28.684+0000][69799.347s] GC(371)   Post Evacuate Collection Set: 166.3ms
[2022-03-25T09:52:28.950+0000][69799.613s] GC(371)   Other: 437.2ms
[2022-03-25T09:52:29.107+0000][69799.771s] GC(371) Eden regions: 30->0(23)
[2022-03-25T09:52:29.166+0000][69799.830s] GC(371) Survivor regions: 2->2(4)
[2022-03-25T09:52:29.220+0000][69799.883s] GC(371) Old regions: 188->188
[2022-03-25T09:52:29.245+0000][69799.909s] GC(371) Humongous regions: 7->7
[2022-03-25T09:52:29.286+0000][69799.949s] GC(371) Metaspace: 61184K->61184K(1105920K)
[2022-03-25T09:52:29.305+0000][69799.969s] GC(371) Pause Young (Normal) (G1 Evacuation Pause) 224M->194M(512M) 1834.097ms
[2022-03-25T09:52:29.344+0000][69800.008s] GC(371) User=0.26s Sys=0.19s Real=1.87s
[2022-03-25T09:52:30.795+0000][69801.459s] GC(372) Pause Young (Normal) (G1 Evacuation Pause)
[2022-03-25T09:52:30.825+0000][69801.489s] GC(372) Using 4 workers of 4 for evacuation
[2022-03-25T09:52:31.408+0000][69802.071s] GC(372) MMU target violated: 251.0ms (250.0ms/251.0ms)
[2022-03-25T09:52:31.554+0000][69802.218s] GC(372)   Pre Evacuate Collection Set: 0.0ms
[2022-03-25T09:52:31.698+0000][69802.362s] GC(372)   Evacuate Collection Set: 502.4ms
[2022-03-25T09:52:31.823+0000][69802.487s] GC(372)   Post Evacuate Collection Set: 0.4ms
[2022-03-25T09:52:31.896+0000][69802.560s] GC(372)   Other: 256.5ms
[2022-03-25T09:52:31.924+0000][69802.587s] GC(372) Eden regions: 23->0(23)
[2022-03-25T09:52:32.071+0000][69802.735s] GC(372) Survivor regions: 2->2(4)
[2022-03-25T09:52:32.194+0000][69802.858s] GC(372) Old regions: 188->188
[2022-03-25T09:52:32.364+0000][69803.028s] GC(372) Humongous regions: 7->7
[2022-03-25T09:52:32.441+0000][69803.105s] GC(372) Metaspace: 61184K->61184K(1105920K)
[2022-03-25T09:52:32.516+0000][69803.179s] GC(372) Pause Young (Normal) (G1 Evacuation Pause) 217M->194M(512M) 1720.529ms
[2022-03-25T09:52:32.562+0000][69803.226s] GC(372) User=0.13s Sys=0.10s Real=1.77s
[2022-03-25T09:52:34.660+0000][69805.324s] GC(373) Pause Young (Normal) (G1 Evacuation Pause)
[2022-03-25T09:52:34.759+0000][69805.423s] GC(373) Using 4 workers of 4 for evacuation
[2022-03-25T09:52:34.808+0000][69805.472s] GC(373)   Pre Evacuate Collection Set: 0.0ms
[2022-03-25T09:52:34.808+0000][69805.472s] GC(373)   Evacuate Collection Set: 4.6ms
[2022-03-25T09:52:34.809+0000][69805.472s] GC(373)   Post Evacuate Collection Set: 0.5ms
[2022-03-25T09:52:34.809+0000][69805.473s] GC(373)   Other: 142.5ms
[2022-03-25T09:52:34.889+0000][69805.553s] GC(373) Eden regions: 23->0(23)
[2022-03-25T09:52:34.922+0000][69805.585s] GC(373) Survivor regions: 2->2(4)
[2022-03-25T09:52:34.997+0000][69805.660s] GC(373) Old regions: 188->188
[2022-03-25T09:52:35.114+0000][69805.778s] GC(373) Humongous regions: 7->7
[2022-03-25T09:52:35.197+0000][69805.860s] GC(373) Metaspace: 61184K->61184K(1105920K)
[2022-03-25T09:52:35.218+0000][69805.881s] GC(373) Pause Young (Normal) (G1 Evacuation Pause) 217M->194M(512M) 557.008ms
[2022-03-25T09:52:35.298+0000][69805.962s] GC(373) User=0.02s Sys=0.00s Real=0.64s
[2022-03-25T09:52:40.996+0000][69811.660s] GC(374) Pause Young (Normal) (G1 Evacuation Pause)
[2022-03-25T09:52:41.030+0000][69811.694s] GC(374) Using 4 workers of 4 for evacuation
[2022-03-25T09:52:41.089+0000][69811.753s] GC(374)   Pre Evacuate Collection Set: 0.0ms
[2022-03-25T09:52:41.100+0000][69811.764s] GC(374)   Evacuate Collection Set: 42.7ms
[2022-03-25T09:52:41.109+0000][69811.773s] GC(374)   Post Evacuate Collection Set: 1.2ms
[2022-03-25T09:52:41.126+0000][69811.789s] GC(374)   Other: 49.1ms
[2022-03-25T09:52:41.141+0000][69811.805s] GC(374) Eden regions: 23->0(26)
[2022-03-25T09:52:41.143+0000][69811.807s] GC(374) Survivor regions: 2->2(4)
[2022-03-25T09:52:41.145+0000][69811.808s] GC(374) Old regions: 188->188
[2022-03-25T09:52:41.145+0000][69811.809s] GC(374) Humongous regions: 7->7
[2022-03-25T09:52:41.146+0000][69811.810s] GC(374) Metaspace: 61184K->61184K(1105920K)
[2022-03-25T09:52:41.158+0000][69811.822s] GC(374) Pause Young (Normal) (G1 Evacuation Pause) 217M->194M(512M) 161.626ms
[2022-03-25T09:52:41.159+0000][69811.823s] GC(374) User=0.11s Sys=0.11s Real=0.17s
[2022-03-25T09:52:46.349+0000][69817.013s] GC(375) Pause Young (Normal) (G1 Evacuation Pause)
[2022-03-25T09:52:46.362+0000][69817.026s] GC(375) Using 4 workers of 4 for evacuation
[2022-03-25T09:52:46.426+0000][69817.090s] GC(375)   Pre Evacuate Collection Set: 0.0ms
[2022-03-25T09:52:46.430+0000][69817.094s] GC(375)   Evacuate Collection Set: 53.9ms
[2022-03-25T09:52:46.442+0000][69817.106s] GC(375)   Post Evacuate Collection Set: 6.5ms
[2022-03-25T09:52:46.445+0000][69817.109s] GC(375)   Other: 17.0ms
[2022-03-25T09:52:46.450+0000][69817.114s] GC(375) Eden regions: 26->0(30)
[2022-03-25T09:52:46.474+0000][69817.138s] GC(375) Survivor regions: 2->2(4)
[2022-03-25T09:52:46.490+0000][69817.154s] GC(375) Old regions: 188->188
[2022-03-25T09:52:46.506+0000][69817.170s] GC(375) Humongous regions: 7->7
[2022-03-25T09:52:46.522+0000][69817.186s] GC(375) Metaspace: 61184K->61184K(1105920K)
[2022-03-25T09:52:46.538+0000][69817.202s] GC(375) Pause Young (Normal) (G1 Evacuation Pause) 220M->194M(512M) 188.898ms
[2022-03-25T09:52:46.573+0000][69817.237s] GC(375) User=0.04s Sys=0.03s Real=0.22s
[2022-03-25T09:52:48.901+0000][69819.565s] GC(376) Pause Young (Normal) (G1 Evacuation Pause)
[2022-03-25T09:52:48.991+0000][69819.655s] GC(376) Using 4 workers of 4 for evacuation
[2022-03-25T09:52:49.200+0000][69819.864s] GC(376)   Pre Evacuate Collection Set: 0.0ms
[2022-03-25T09:52:49.202+0000][69819.866s] GC(376)   Evacuate Collection Set: 160.1ms
[2022-03-25T09:52:49.211+0000][69819.875s] GC(376)   Post Evacuate Collection Set: 2.3ms
[2022-03-25T09:52:49.234+0000][69819.897s] GC(376)   Other: 136.7ms
[2022-03-25T09:52:49.236+0000][69819.900s] GC(376) Eden regions: 30->0(33)
[2022-03-25T09:52:49.243+0000][69819.907s] GC(376) Survivor regions: 2->3(4)
[2022-03-25T09:52:49.248+0000][69819.911s] GC(376) Old regions: 188->188
[2022-03-25T09:52:49.251+0000][69819.915s] GC(376) Humongous regions: 7->7
[2022-03-25T09:52:49.262+0000][69819.925s] GC(376) Metaspace: 61184K->61184K(1105920K)
[2022-03-25T09:52:49.278+0000][69819.941s] GC(376) Pause Young (Normal) (G1 Evacuation Pause) 224M->195M(512M) 376.236ms
[2022-03-25T09:52:49.294+0000][69819.958s] GC(376) User=0.05s Sys=0.03s Real=0.39s
[2022-03-25T09:52:50.573+0000][69821.237s] GC(377) Pause Young (Normal) (G1 Evacuation Pause)
[2022-03-25T09:52:50.594+0000][69821.258s] GC(377) Using 4 workers of 4 for evacuation
[2022-03-25T09:52:50.736+0000][69821.400s] GC(377)   Pre Evacuate Collection Set: 0.0ms
[2022-03-25T09:52:50.787+0000][69821.450s] GC(377)   Evacuate Collection Set: 133.6ms
[2022-03-25T09:52:50.835+0000][69821.499s] GC(377)   Post Evacuate Collection Set: 0.4ms
[2022-03-25T09:52:50.948+0000][69821.611s] GC(377)   Other: 29.3ms
[2022-03-25T09:52:51.121+0000][69821.784s] GC(377) Eden regions: 33->0(34)
[2022-03-25T09:52:51.280+0000][69821.944s] GC(377) Survivor regions: 3->2(5)
[2022-03-25T09:52:51.365+0000][69822.029s] GC(377) Old regions: 188->188
[2022-03-25T09:52:51.418+0000][69822.082s] GC(377) Humongous regions: 7->7
[2022-03-25T09:52:51.484+0000][69822.148s] GC(377) Metaspace: 61184K->61184K(1105920K)
[2022-03-25T09:52:51.498+0000][69822.161s] GC(377) Pause Young (Normal) (G1 Evacuation Pause) 228M->195M(512M) 924.566ms
[2022-03-25T09:52:51.506+0000][69822.170s] GC(377) User=0.07s Sys=0.01s Real=0.94s
[2022-03-25T09:52:52.769+0000][69823.433s] GC(378) Pause Young (Normal) (G1 Evacuation Pause)
[2022-03-25T09:52:52.939+0000][69823.603s] GC(378) Using 4 workers of 4 for evacuation
[2022-03-25T09:52:53.378+0000][69824.042s] GC(378) MMU target violated: 251.0ms (250.0ms/251.0ms)
[2022-03-25T09:52:53.414+0000][69824.078s] GC(378)   Pre Evacuate Collection Set: 0.0ms
[2022-03-25T09:52:53.425+0000][69824.089s] GC(378)   Evacuate Collection Set: 246.1ms
[2022-03-25T09:52:53.453+0000][69824.117s] GC(378)   Post Evacuate Collection Set: 5.1ms
[2022-03-25T09:52:53.484+0000][69824.148s] GC(378)   Other: 394.2ms
[2022-03-25T09:52:53.499+0000][69824.163s] GC(378) Eden regions: 34->0(34)
[2022-03-25T09:52:53.515+0000][69824.179s] GC(378) Survivor regions: 2->3(5)
[2022-03-25T09:52:53.531+0000][69824.195s] GC(378) Old regions: 188->188
[2022-03-25T09:52:53.568+0000][69824.231s] GC(378) Humongous regions: 7->7
[2022-03-25T09:52:53.580+0000][69824.244s] GC(378) Metaspace: 61184K->61184K(1105920K)
[2022-03-25T09:52:53.590+0000][69824.254s] GC(378) Pause Young (Normal) (G1 Evacuation Pause) 229M->195M(512M) 820.895ms
[2022-03-25T09:52:53.644+0000][69824.308s] GC(378) User=0.16s Sys=0.14s Real=0.87s
[2022-03-25T09:52:55.405+0000][69826.069s] GC(379) Pause Young (Normal) (G1 Evacuation Pause)
[2022-03-25T09:52:55.438+0000][69826.102s] GC(379) Using 4 workers of 4 for evacuation
[2022-03-25T09:52:55.614+0000][69826.277s] GC(379)   Pre Evacuate Collection Set: 0.1ms
[2022-03-25T09:52:55.624+0000][69826.288s] GC(379)   Evacuate Collection Set: 144.2ms
[2022-03-25T09:52:55.630+0000][69826.294s] GC(379)   Post Evacuate Collection Set: 0.5ms
[2022-03-25T09:52:55.638+0000][69826.301s] GC(379)   Other: 63.9ms
[2022-03-25T09:52:55.650+0000][69826.314s] GC(379) Eden regions: 34->0(36)
[2022-03-25T09:52:55.667+0000][69826.331s] GC(379) Survivor regions: 3->3(5)
[2022-03-25T09:52:55.667+0000][69826.331s] GC(379) Old regions: 188->188
[2022-03-25T09:52:55.668+0000][69826.332s] GC(379) Humongous regions: 7->7
[2022-03-25T09:52:55.669+0000][69826.332s] GC(379) Metaspace: 61184K->61184K(1105920K)
[2022-03-25T09:52:55.669+0000][69826.333s] GC(379) Pause Young (Normal) (G1 Evacuation Pause) 229M->195M(512M) 264.041ms
[2022-03-25T09:52:55.672+0000][69826.335s] GC(379) User=0.13s Sys=0.07s Real=0.27s
[2022-03-25T09:52:57.227+0000][69827.891s] GC(380) Pause Young (Normal) (G1 Evacuation Pause)
[2022-03-25T09:52:57.234+0000][69827.897s] GC(380) Using 4 workers of 4 for evacuation
[2022-03-25T09:52:57.319+0000][69827.983s] GC(380)   Pre Evacuate Collection Set: 0.1ms
[2022-03-25T09:52:57.344+0000][69828.008s] GC(380)   Evacuate Collection Set: 84.2ms
[2022-03-25T09:52:57.356+0000][69828.020s] GC(380)   Post Evacuate Collection Set: 0.5ms
[2022-03-25T09:52:57.373+0000][69828.037s] GC(380)   Other: 7.7ms
[2022-03-25T09:52:57.389+0000][69828.052s] GC(380) Eden regions: 36->0(39)
[2022-03-25T09:52:57.404+0000][69828.068s] GC(380) Survivor regions: 3->3(5)
[2022-03-25T09:52:57.420+0000][69828.084s] GC(380) Old regions: 188->188
[2022-03-25T09:52:57.436+0000][69828.099s] GC(380) Humongous regions: 7->7
[2022-03-25T09:52:57.452+0000][69828.115s] GC(380) Metaspace: 61184K->61184K(1105920K)
[2022-03-25T09:52:57.474+0000][69828.137s] GC(380) Pause Young (Normal) (G1 Evacuation Pause) 231M->195M(512M) 246.796ms
[2022-03-25T09:52:57.478+0000][69828.141s] GC(380) User=0.09s Sys=0.00s Real=0.25s
[2022-03-25T09:53:05.502+0000][69836.166s] GC(381) Pause Young (Normal) (G1 Evacuation Pause)
[2022-03-25T09:53:05.506+0000][69836.170s] GC(381) Using 4 workers of 4 for evacuation
[2022-03-25T09:53:05.640+0000][69836.304s] GC(381)   Pre Evacuate Collection Set: 13.8ms
[2022-03-25T09:53:05.647+0000][69836.310s] GC(381)   Evacuate Collection Set: 117.6ms
[2022-03-25T09:53:05.660+0000][69836.324s] GC(381)   Post Evacuate Collection Set: 1.4ms
[2022-03-25T09:53:05.693+0000][69836.356s] GC(381)   Other: 4.9ms
[2022-03-25T09:53:05.694+0000][69836.358s] GC(381) Eden regions: 39->0(42)
[2022-03-25T09:53:05.695+0000][69836.359s] GC(381) Survivor regions: 3->3(6)
[2022-03-25T09:53:05.695+0000][69836.359s] GC(381) Old regions: 188->188
[2022-03-25T09:53:05.696+0000][69836.359s] GC(381) Humongous regions: 7->7
[2022-03-25T09:53:05.696+0000][69836.360s] GC(381) Metaspace: 61184K->61184K(1105920K)
[2022-03-25T09:53:05.696+0000][69836.360s] GC(381) Pause Young (Normal) (G1 Evacuation Pause) 234M->195M(512M) 193.747ms
[2022-03-25T09:53:05.697+0000][69836.360s] GC(381) User=0.09s Sys=0.07s Real=0.20s
[2022-03-25T09:53:08.078+0000][69838.741s] GC(382) Pause Young (Normal) (G1 Evacuation Pause)
[2022-03-25T09:53:08.087+0000][69838.751s] GC(382) Using 4 workers of 4 for evacuation
[2022-03-25T09:53:08.176+0000][69838.840s] GC(382)   Pre Evacuate Collection Set: 0.1ms
[2022-03-25T09:53:08.180+0000][69838.844s] GC(382)   Evacuate Collection Set: 74.5ms
[2022-03-25T09:53:08.181+0000][69838.845s] GC(382)   Post Evacuate Collection Set: 0.9ms
[2022-03-25T09:53:08.184+0000][69838.848s] GC(382)   Other: 22.8ms
[2022-03-25T09:53:08.185+0000][69838.848s] GC(382) Eden regions: 42->0(46)
[2022-03-25T09:53:08.185+0000][69838.849s] GC(382) Survivor regions: 3->3(6)
[2022-03-25T09:53:08.190+0000][69838.854s] GC(382) Old regions: 188->188
[2022-03-25T09:53:08.193+0000][69838.857s] GC(382) Humongous regions: 7->7
[2022-03-25T09:53:08.194+0000][69838.857s] GC(382) Metaspace: 61184K->61184K(1105920K)
[2022-03-25T09:53:08.194+0000][69838.858s] GC(382) Pause Young (Normal) (G1 Evacuation Pause) 237M->196M(512M) 116.234ms
[2022-03-25T09:53:08.194+0000][69838.858s] GC(382) User=0.11s Sys=0.00s Real=0.12s
[2022-03-25T09:53:09.536+0000][69840.200s] GC(383) Pause Young (Normal) (G1 Evacuation Pause)
[2022-03-25T09:53:09.545+0000][69840.208s] GC(383) Using 4 workers of 4 for evacuation
[2022-03-25T09:53:09.738+0000][69840.402s] GC(383)   Pre Evacuate Collection Set: 0.0ms
[2022-03-25T09:53:09.754+0000][69840.418s] GC(383)   Evacuate Collection Set: 180.1ms
[2022-03-25T09:53:09.796+0000][69840.460s] GC(383)   Post Evacuate Collection Set: 1.9ms
[2022-03-25T09:53:09.809+0000][69840.472s] GC(383)   Other: 20.7ms
[2022-03-25T09:53:09.812+0000][69840.476s] GC(383) Eden regions: 46->0(46)
[2022-03-25T09:53:09.829+0000][69840.493s] GC(383) Survivor regions: 3->4(7)
[2022-03-25T09:53:09.838+0000][69840.502s] GC(383) Old regions: 188->188
[2022-03-25T09:53:09.844+0000][69840.508s] GC(383) Humongous regions: 7->7
[2022-03-25T09:53:09.855+0000][69840.519s] GC(383) Metaspace: 61184K->61184K(1105920K)
[2022-03-25T09:53:09.871+0000][69840.535s] GC(383) Pause Young (Normal) (G1 Evacuation Pause) 242M->197M(512M) 334.978ms
[2022-03-25T09:53:09.884+0000][69840.548s] GC(383) User=0.13s Sys=0.01s Real=0.35s
[2022-03-25T09:53:11.386+0000][69842.050s] GC(384) Pause Young (Normal) (G1 Evacuation Pause)
[2022-03-25T09:53:11.392+0000][69842.056s] GC(384) Using 4 workers of 4 for evacuation
[2022-03-25T09:53:11.516+0000][69842.180s] GC(384)   Pre Evacuate Collection Set: 0.0ms
[2022-03-25T09:53:11.521+0000][69842.184s] GC(384)   Evacuate Collection Set: 122.1ms
[2022-03-25T09:53:11.529+0000][69842.193s] GC(384)   Post Evacuate Collection Set: 1.0ms
[2022-03-25T09:53:11.530+0000][69842.193s] GC(384)   Other: 6.8ms
[2022-03-25T09:53:11.530+0000][69842.194s] GC(384) Eden regions: 46->0(50)
[2022-03-25T09:53:11.531+0000][69842.194s] GC(384) Survivor regions: 4->5(7)
[2022-03-25T09:53:11.531+0000][69842.195s] GC(384) Old regions: 188->188
[2022-03-25T09:53:11.532+0000][69842.196s] GC(384) Humongous regions: 7->7
[2022-03-25T09:53:11.533+0000][69842.197s] GC(384) Metaspace: 61184K->61184K(1105920K)
[2022-03-25T09:53:11.533+0000][69842.197s] GC(384) Pause Young (Normal) (G1 Evacuation Pause) 243M->197M(512M) 147.066ms
[2022-03-25T09:53:11.534+0000][69842.198s] GC(384) User=0.06s Sys=0.06s Real=0.15s
[2022-03-25T09:53:13.317+0000][69843.980s] GC(385) Pause Young (Normal) (G1 Evacuation Pause)
[2022-03-25T09:53:13.324+0000][69843.987s] GC(385) Using 4 workers of 4 for evacuation
[2022-03-25T09:53:13.534+0000][69844.198s] GC(385)   Pre Evacuate Collection Set: 1.2ms
[2022-03-25T09:53:13.538+0000][69844.202s] GC(385)   Evacuate Collection Set: 176.0ms
[2022-03-25T09:53:13.541+0000][69844.205s] GC(385)   Post Evacuate Collection Set: 16.7ms
[2022-03-25T09:53:13.546+0000][69844.210s] GC(385)   Other: 23.4ms
[2022-03-25T09:53:13.550+0000][69844.213s] GC(385) Eden regions: 50->0(52)
[2022-03-25T09:53:13.551+0000][69844.215s] GC(385) Survivor regions: 5->4(7)
[2022-03-25T09:53:13.553+0000][69844.217s] GC(385) Old regions: 188->189
[2022-03-25T09:53:13.564+0000][69844.228s] GC(385) Humongous regions: 7->7
[2022-03-25T09:53:13.577+0000][69844.241s] GC(385) Metaspace: 61184K->61184K(1105920K)
[2022-03-25T09:53:13.599+0000][69844.263s] GC(385) Pause Young (Normal) (G1 Evacuation Pause) 247M->197M(512M) 282.363ms
[2022-03-25T09:53:13.611+0000][69844.275s] GC(385) User=0.14s Sys=0.07s Real=0.29s
[2022-03-25T09:53:15.054+0000][69845.717s] GC(386) Pause Young (Normal) (G1 Evacuation Pause)
[2022-03-25T09:53:15.054+0000][69845.718s] GC(386) Using 4 workers of 4 for evacuation
[2022-03-25T09:53:15.197+0000][69845.861s] GC(386)   Pre Evacuate Collection Set: 0.0ms
[2022-03-25T09:53:15.200+0000][69845.864s] GC(386)   Evacuate Collection Set: 140.7ms
[2022-03-25T09:53:15.208+0000][69845.871s] GC(386)   Post Evacuate Collection Set: 0.7ms
[2022-03-25T09:53:15.215+0000][69845.878s] GC(386)   Other: 2.3ms
[2022-03-25T09:53:15.234+0000][69845.898s] GC(386) Eden regions: 52->0(56)
[2022-03-25T09:53:15.252+0000][69845.916s] GC(386) Survivor regions: 4->5(7)
[2022-03-25T09:53:15.258+0000][69845.922s] GC(386) Old regions: 189->189
[2022-03-25T09:53:15.258+0000][69845.922s] GC(386) Humongous regions: 7->7
[2022-03-25T09:53:15.259+0000][69845.922s] GC(386) Metaspace: 61184K->61184K(1105920K)
[2022-03-25T09:53:15.260+0000][69845.923s] GC(386) Pause Young (Normal) (G1 Evacuation Pause) 249M->197M(512M) 206.042ms
[2022-03-25T09:53:15.260+0000][69845.924s] GC(386) User=0.17s Sys=0.01s Real=0.21s
[2022-03-25T09:53:16.644+0000][69847.307s] GC(387) Pause Young (Normal) (G1 Evacuation Pause)
[2022-03-25T09:53:16.645+0000][69847.309s] GC(387) Using 4 workers of 4 for evacuation
[2022-03-25T09:53:16.727+0000][69847.391s] GC(387)   Pre Evacuate Collection Set: 0.0ms
[2022-03-25T09:53:16.729+0000][69847.392s] GC(387)   Evacuate Collection Set: 77.2ms
[2022-03-25T09:53:16.729+0000][69847.393s] GC(387)   Post Evacuate Collection Set: 1.5ms
[2022-03-25T09:53:16.730+0000][69847.394s] GC(387)   Other: 4.8ms
[2022-03-25T09:53:16.736+0000][69847.399s] GC(387) Eden regions: 56->0(63)
[2022-03-25T09:53:16.743+0000][69847.407s] GC(387) Survivor regions: 5->6(8)
[2022-03-25T09:53:16.744+0000][69847.408s] GC(387) Old regions: 189->189
[2022-03-25T09:53:16.757+0000][69847.421s] GC(387) Humongous regions: 7->7
[2022-03-25T09:53:16.757+0000][69847.421s] GC(387) Metaspace: 61184K->61184K(1105920K)
[2022-03-25T09:53:16.758+0000][69847.422s] GC(387) Pause Young (Normal) (G1 Evacuation Pause) 253M->199M(512M) 114.292ms
[2022-03-25T09:53:16.759+0000][69847.423s] GC(387) User=0.19s Sys=0.01s Real=0.12s
[2022-03-25T09:53:20.725+0000][69851.388s] GC(388) Pause Young (Normal) (G1 Evacuation Pause)
[2022-03-25T09:53:20.740+0000][69851.404s] GC(388) Using 4 workers of 4 for evacuation
[2022-03-25T09:53:21.023+0000][69851.687s] GC(388) MMU target violated: 251.0ms (250.0ms/251.0ms)
[2022-03-25T09:53:21.036+0000][69851.699s] GC(388)   Pre Evacuate Collection Set: 0.1ms
[2022-03-25T09:53:21.044+0000][69851.708s] GC(388)   Evacuate Collection Set: 250.3ms
[2022-03-25T09:53:21.063+0000][69851.726s] GC(388)   Post Evacuate Collection Set: 0.5ms
[2022-03-25T09:53:21.076+0000][69851.740s] GC(388)   Other: 60.2ms
[2022-03-25T09:53:21.078+0000][69851.742s] GC(388) Eden regions: 63->0(59)
[2022-03-25T09:53:21.079+0000][69851.742s] GC(388) Survivor regions: 6->5(9)
[2022-03-25T09:53:21.079+0000][69851.743s] GC(388) Old regions: 189->190
[2022-03-25T09:53:21.080+0000][69851.744s] GC(388) Humongous regions: 7->7
[2022-03-25T09:53:21.081+0000][69851.744s] GC(388) Metaspace: 61184K->61184K(1105920K)
[2022-03-25T09:53:21.081+0000][69851.745s] GC(388) Pause Young (Normal) (G1 Evacuation Pause) 262M->199M(512M) 356.545ms
[2022-03-25T09:53:21.084+0000][69851.748s] GC(388) User=0.18s Sys=0.14s Real=0.36s
[2022-03-25T09:53:23.377+0000][69854.041s] GC(389) Pause Young (Normal) (G1 Evacuation Pause)
[2022-03-25T09:53:23.388+0000][69854.051s] GC(389) Using 4 workers of 4 for evacuation
[2022-03-25T09:53:23.538+0000][69854.202s] GC(389)   Pre Evacuate Collection Set: 0.1ms
[2022-03-25T09:53:23.540+0000][69854.203s] GC(389)   Evacuate Collection Set: 114.1ms
[2022-03-25T09:53:23.544+0000][69854.208s] GC(389)   Post Evacuate Collection Set: 6.0ms
[2022-03-25T09:53:23.563+0000][69854.227s] GC(389)   Other: 40.4ms
[2022-03-25T09:53:23.586+0000][69854.249s] GC(389) Eden regions: 59->0(68)
[2022-03-25T09:53:23.602+0000][69854.266s] GC(389) Survivor regions: 5->4(8)
[2022-03-25T09:53:23.608+0000][69854.272s] GC(389) Old regions: 190->190
[2022-03-25T09:53:23.609+0000][69854.272s] GC(389) Humongous regions: 7->7
[2022-03-25T09:53:23.618+0000][69854.282s] GC(389) Metaspace: 61184K->61184K(1105920K)
[2022-03-25T09:53:23.639+0000][69854.303s] GC(389) Pause Young (Normal) (G1 Evacuation Pause) 258M->198M(512M) 261.696ms
[2022-03-25T09:53:23.641+0000][69854.305s] GC(389) User=0.07s Sys=0.13s Real=0.26s
[2022-03-25T09:53:29.333+0000][69859.997s] GC(390) Pause Young (Normal) (G1 Evacuation Pause)
[2022-03-25T09:53:29.345+0000][69860.009s] GC(390) Using 4 workers of 4 for evacuation
[2022-03-25T09:53:29.477+0000][69860.141s] GC(390)   Pre Evacuate Collection Set: 0.1ms
[2022-03-25T09:53:29.494+0000][69860.158s] GC(390)   Evacuate Collection Set: 102.2ms
[2022-03-25T09:53:29.517+0000][69860.181s] GC(390)   Post Evacuate Collection Set: 0.6ms
[2022-03-25T09:53:29.531+0000][69860.195s] GC(390)   Other: 50.0ms
[2022-03-25T09:53:29.533+0000][69860.196s] GC(390) Eden regions: 68->0(73)
[2022-03-25T09:53:29.543+0000][69860.207s] GC(390) Survivor regions: 4->4(9)
[2022-03-25T09:53:29.550+0000][69860.214s] GC(390) Old regions: 190->190
[2022-03-25T09:53:29.553+0000][69860.217s] GC(390) Humongous regions: 7->7
[2022-03-25T09:53:29.559+0000][69860.223s] GC(390) Metaspace: 61184K->61184K(1105920K)
[2022-03-25T09:53:29.565+0000][69860.229s] GC(390) Pause Young (Normal) (G1 Evacuation Pause) 266M->198M(512M) 231.545ms
[2022-03-25T09:53:29.565+0000][69860.229s] GC(390) User=0.06s Sys=0.05s Real=0.24s
[2022-03-25T09:53:33.256+0000][69863.919s] GC(391) Pause Young (Normal) (G1 Evacuation Pause)
[2022-03-25T09:53:33.283+0000][69863.946s] GC(391) Using 4 workers of 4 for evacuation
[2022-03-25T09:53:33.458+0000][69864.122s] GC(391)   Pre Evacuate Collection Set: 0.1ms
[2022-03-25T09:53:33.460+0000][69864.123s] GC(391)   Evacuate Collection Set: 163.1ms
[2022-03-25T09:53:33.463+0000][69864.127s] GC(391)   Post Evacuate Collection Set: 0.7ms
[2022-03-25T09:53:33.464+0000][69864.128s] GC(391)   Other: 38.3ms
[2022-03-25T09:53:33.467+0000][69864.130s] GC(391) Eden regions: 73->0(76)
[2022-03-25T09:53:33.469+0000][69864.132s] GC(391) Survivor regions: 4->5(10)
[2022-03-25T09:53:33.474+0000][69864.137s] GC(391) Old regions: 190->190
[2022-03-25T09:53:33.496+0000][69864.160s] GC(391) Humongous regions: 7->7
[2022-03-25T09:53:33.498+0000][69864.162s] GC(391) Metaspace: 61184K->61184K(1105920K)
[2022-03-25T09:53:33.499+0000][69864.163s] GC(391) Pause Young (Normal) (G1 Evacuation Pause) 271M->200M(512M) 243.502ms
[2022-03-25T09:53:33.500+0000][69864.164s] GC(391) User=0.17s Sys=0.00s Real=0.24s
[2022-03-25T09:53:35.761+0000][69866.425s] GC(392) Pause Young (Normal) (G1 Evacuation Pause)
[2022-03-25T09:53:35.763+0000][69866.427s] GC(392) Using 4 workers of 4 for evacuation
[2022-03-25T09:53:36.035+0000][69866.699s] GC(392) MMU target violated: 251.0ms (250.0ms/251.0ms)
[2022-03-25T09:53:36.039+0000][69866.703s] GC(392)   Pre Evacuate Collection Set: 0.0ms
[2022-03-25T09:53:36.040+0000][69866.704s] GC(392)   Evacuate Collection Set: 255.7ms
[2022-03-25T09:53:36.040+0000][69866.704s] GC(392)   Post Evacuate Collection Set: 0.6ms
[2022-03-25T09:53:36.040+0000][69866.704s] GC(392)   Other: 21.3ms
[2022-03-25T09:53:36.041+0000][69866.704s] GC(392) Eden regions: 76->0(77)
[2022-03-25T09:53:36.041+0000][69866.705s] GC(392) Survivor regions: 5->6(11)
[2022-03-25T09:53:36.053+0000][69866.717s] GC(392) Old regions: 190->190
[2022-03-25T09:53:36.055+0000][69866.718s] GC(392) Humongous regions: 7->7
[2022-03-25T09:53:36.060+0000][69866.723s] GC(392) Metaspace: 61184K->61184K(1105920K)
[2022-03-25T09:53:36.060+0000][69866.724s] GC(392) Pause Young (Normal) (G1 Evacuation Pause) 276M->200M(512M) 298.785ms
[2022-03-25T09:53:36.061+0000][69866.725s] GC(392) User=0.20s Sys=0.04s Real=0.30s
[2022-03-25T09:53:40.588+0000][69871.251s] GC(393) Pause Young (Normal) (G1 Evacuation Pause)
[2022-03-25T09:53:40.606+0000][69871.269s] GC(393) Using 4 workers of 4 for evacuation
[2022-03-25T09:53:40.758+0000][69871.421s] GC(393)   Pre Evacuate Collection Set: 0.1ms
[2022-03-25T09:53:40.771+0000][69871.435s] GC(393)   Evacuate Collection Set: 149.8ms
[2022-03-25T09:53:40.781+0000][69871.445s] GC(393)   Post Evacuate Collection Set: 1.0ms
[2022-03-25T09:53:40.797+0000][69871.460s] GC(393)   Other: 19.4ms
[2022-03-25T09:53:40.805+0000][69871.469s] GC(393) Eden regions: 77->0(80)
[2022-03-25T09:53:40.817+0000][69871.481s] GC(393) Survivor regions: 6->6(11)
[2022-03-25T09:53:40.819+0000][69871.483s] GC(393) Old regions: 190->190
[2022-03-25T09:53:40.840+0000][69871.503s] GC(393) Humongous regions: 7->7
[2022-03-25T09:53:40.860+0000][69871.523s] GC(393) Metaspace: 61184K->61184K(1105920K)
[2022-03-25T09:53:40.865+0000][69871.529s] GC(393) Pause Young (Normal) (G1 Evacuation Pause) 277M->200M(512M) 277.665ms
[2022-03-25T09:53:40.866+0000][69871.530s] GC(393) User=0.07s Sys=0.07s Real=0.28s
[2022-03-25T09:53:43.888+0000][69874.552s] GC(394) Pause Young (Normal) (G1 Evacuation Pause)
[2022-03-25T09:53:43.891+0000][69874.554s] GC(394) Using 4 workers of 4 for evacuation
[2022-03-25T09:53:44.137+0000][69874.800s] GC(394)   Pre Evacuate Collection Set: 0.1ms
[2022-03-25T09:53:44.138+0000][69874.801s] GC(394)   Evacuate Collection Set: 235.6ms
[2022-03-25T09:53:44.138+0000][69874.802s] GC(394)   Post Evacuate Collection Set: 0.7ms
[2022-03-25T09:53:44.140+0000][69874.803s] GC(394)   Other: 12.1ms
[2022-03-25T09:53:44.140+0000][69874.804s] GC(394) Eden regions: 80->0(82)
[2022-03-25T09:53:44.141+0000][69874.805s] GC(394) Survivor regions: 6->7(11)
[2022-03-25T09:53:44.142+0000][69874.805s] GC(394) Old regions: 190->190
[2022-03-25T09:53:44.145+0000][69874.808s] GC(394) Humongous regions: 7->7
[2022-03-25T09:53:44.145+0000][69874.809s] GC(394) Metaspace: 61184K->61184K(1105920K)
[2022-03-25T09:53:44.146+0000][69874.809s] GC(394) Pause Young (Normal) (G1 Evacuation Pause) 280M->201M(512M) 257.478ms
[2022-03-25T09:53:44.146+0000][69874.810s] GC(394) User=0.18s Sys=0.03s Real=0.26s
[2022-03-25T09:53:48.987+0000][69879.651s] GC(395) Pause Young (Normal) (G1 Evacuation Pause)
[2022-03-25T09:53:49.020+0000][69879.684s] GC(395) Using 4 workers of 4 for evacuation
[2022-03-25T09:53:49.226+0000][69879.889s] GC(395)   Pre Evacuate Collection Set: 0.0ms
[2022-03-25T09:53:49.260+0000][69879.923s] GC(395)   Evacuate Collection Set: 188.8ms
[2022-03-25T09:53:49.279+0000][69879.943s] GC(395)   Post Evacuate Collection Set: 1.0ms
[2022-03-25T09:53:49.291+0000][69879.955s] GC(395)   Other: 48.8ms
[2022-03-25T09:53:49.293+0000][69879.957s] GC(395) Eden regions: 82->0(85)
[2022-03-25T09:53:49.293+0000][69879.957s] GC(395) Survivor regions: 7->6(12)
[2022-03-25T09:53:49.295+0000][69879.959s] GC(395) Old regions: 190->191
[2022-03-25T09:53:49.343+0000][69880.007s] GC(395) Humongous regions: 7->7
[2022-03-25T09:53:49.365+0000][69880.028s] GC(395) Metaspace: 61185K->61185K(1105920K)
[2022-03-25T09:53:49.381+0000][69880.045s] GC(395) Pause Young (Normal) (G1 Evacuation Pause) 283M->201M(512M) 394.049ms
[2022-03-25T09:53:49.398+0000][69880.062s] GC(395) User=0.12s Sys=0.13s Real=0.42s
[2022-03-25T09:53:53.877+0000][69884.540s] GC(396) Pause Young (Normal) (G1 Evacuation Pause)
[2022-03-25T09:53:53.893+0000][69884.557s] GC(396) Using 4 workers of 4 for evacuation
[2022-03-25T09:53:54.576+0000][69885.240s] GC(396) MMU target violated: 251.0ms (250.0ms/251.0ms)
[2022-03-25T09:53:54.581+0000][69885.244s] GC(396)   Pre Evacuate Collection Set: 0.1ms
[2022-03-25T09:53:54.587+0000][69885.250s] GC(396)   Evacuate Collection Set: 678.2ms
[2022-03-25T09:53:54.588+0000][69885.252s] GC(396)   Post Evacuate Collection Set: 1.4ms
[2022-03-25T09:53:54.598+0000][69885.261s] GC(396)   Other: 24.4ms
[2022-03-25T09:53:54.600+0000][69885.264s] GC(396) Eden regions: 85->0(18)
[2022-03-25T09:53:54.601+0000][69885.264s] GC(396) Survivor regions: 6->7(12)
[2022-03-25T09:53:54.603+0000][69885.267s] GC(396) Old regions: 191->191
[2022-03-25T09:53:54.604+0000][69885.267s] GC(396) Humongous regions: 7->7
[2022-03-25T09:53:54.605+0000][69885.269s] GC(396) Metaspace: 61185K->61185K(1105920K)
[2022-03-25T09:53:54.607+0000][69885.270s] GC(396) Pause Young (Normal) (G1 Evacuation Pause) 286M->202M(512M) 729.735ms
[2022-03-25T09:53:54.607+0000][69885.271s] GC(396) User=0.58s Sys=0.04s Real=0.73s
[2022-03-25T09:53:54.885+0000][69885.548s] GC(397) Pause Young (Normal) (G1 Evacuation Pause)
[2022-03-25T09:53:54.894+0000][69885.558s] GC(397) Using 4 workers of 4 for evacuation
[2022-03-25T09:53:55.095+0000][69885.759s] GC(397)   Pre Evacuate Collection Set: 0.0ms
[2022-03-25T09:53:55.097+0000][69885.760s] GC(397)   Evacuate Collection Set: 195.7ms
[2022-03-25T09:53:55.099+0000][69885.763s] GC(397)   Post Evacuate Collection Set: 0.4ms
[2022-03-25T09:53:55.100+0000][69885.763s] GC(397)   Other: 14.6ms
[2022-03-25T09:53:55.101+0000][69885.764s] GC(397) Eden regions: 18->0(35)
[2022-03-25T09:53:55.102+0000][69885.766s] GC(397) Survivor regions: 7->3(4)
[2022-03-25T09:53:55.105+0000][69885.769s] GC(397) Old regions: 191->195
[2022-03-25T09:53:55.106+0000][69885.771s] GC(397) Humongous regions: 7->7
[2022-03-25T09:53:55.114+0000][69885.778s] GC(397) Metaspace: 61185K->61185K(1105920K)
[2022-03-25T09:53:55.117+0000][69885.780s] GC(397) Pause Young (Normal) (G1 Evacuation Pause) 220M->202M(512M) 231.774ms
[2022-03-25T09:53:55.125+0000][69885.789s] GC(397) User=0.18s Sys=0.00s Real=0.25s
[2022-03-25T09:53:58.041+0000][69888.705s] GC(398) Pause Young (Normal) (G1 Evacuation Pause)
[2022-03-25T09:53:58.041+0000][69888.705s] GC(398) Using 4 workers of 4 for evacuation
[2022-03-25T09:53:58.067+0000][69888.730s] GC(398)   Pre Evacuate Collection Set: 0.0ms
[2022-03-25T09:53:58.068+0000][69888.732s] GC(398)   Evacuate Collection Set: 21.8ms
[2022-03-25T09:53:58.069+0000][69888.732s] GC(398)   Post Evacuate Collection Set: 0.3ms
[2022-03-25T09:53:58.069+0000][69888.733s] GC(398)   Other: 3.7ms
[2022-03-25T09:53:58.069+0000][69888.733s] GC(398) Eden regions: 35->0(61)
[2022-03-25T09:53:58.070+0000][69888.733s] GC(398) Survivor regions: 3->2(5)
[2022-03-25T09:53:58.071+0000][69888.735s] GC(398) Old regions: 195->195
[2022-03-25T09:53:58.073+0000][69888.737s] GC(398) Humongous regions: 7->7
[2022-03-25T09:53:58.074+0000][69888.738s] GC(398) Metaspace: 61185K->61185K(1105920K)
[2022-03-25T09:53:58.076+0000][69888.740s] GC(398) Pause Young (Normal) (G1 Evacuation Pause) 237M->201M(512M) 35.026ms
[2022-03-25T09:53:58.082+0000][69888.746s] GC(398) User=0.02s Sys=0.00s Real=0.04s
[2022-03-25T09:53:59.818+0000][69890.481s] GC(399) Pause Young (Normal) (G1 Evacuation Pause)
[2022-03-25T09:53:59.822+0000][69890.486s] GC(399) Using 4 workers of 4 for evacuation
[2022-03-25T09:53:59.903+0000][69890.567s] GC(399)   Pre Evacuate Collection Set: 0.0ms
[2022-03-25T09:53:59.918+0000][69890.610s] GC(399)   Evacuate Collection Set: 67.9ms
[2022-03-25T09:53:59.965+0000][69890.629s] GC(399)   Post Evacuate Collection Set: 0.4ms
[2022-03-25T09:53:59.966+0000][69890.630s] GC(399)   Other: 17.5ms
[2022-03-25T09:53:59.968+0000][69890.631s] GC(399) Eden regions: 61->0(69)
[2022-03-25T09:53:59.969+0000][69890.632s] GC(399) Survivor regions: 2->2(8)
[2022-03-25T09:53:59.969+0000][69890.633s] GC(399) Old regions: 195->195
[2022-03-25T09:53:59.973+0000][69890.637s] GC(399) Humongous regions: 7->7
[2022-03-25T09:53:59.977+0000][69890.641s] GC(399) Metaspace: 61185K->61185K(1105920K)
[2022-03-25T09:53:59.985+0000][69890.648s] GC(399) Pause Young (Normal) (G1 Evacuation Pause) 262M->202M(512M) 167.238ms
[2022-03-25T09:53:59.993+0000][69890.656s] GC(399) User=0.04s Sys=0.01s Real=0.17s
[2022-03-25T09:54:03.239+0000][69893.903s] GC(400) Pause Young (Normal) (G1 Evacuation Pause)
[2022-03-25T09:54:03.274+0000][69893.938s] GC(400) Using 4 workers of 4 for evacuation
[2022-03-25T09:54:03.352+0000][69894.016s] GC(400)   Pre Evacuate Collection Set: 0.0ms
[2022-03-25T09:54:03.390+0000][69894.053s] GC(400)   Evacuate Collection Set: 60.6ms
[2022-03-25T09:54:03.393+0000][69894.057s] GC(400)   Post Evacuate Collection Set: 0.6ms
[2022-03-25T09:54:03.399+0000][69894.063s] GC(400)   Other: 51.8ms
[2022-03-25T09:54:03.403+0000][69894.067s] GC(400) Eden regions: 69->0(74)
[2022-03-25T09:54:03.406+0000][69894.070s] GC(400) Survivor regions: 2->3(9)
[2022-03-25T09:54:03.407+0000][69894.071s] GC(400) Old regions: 195->195
[2022-03-25T09:54:03.410+0000][69894.074s] GC(400) Humongous regions: 7->7
[2022-03-25T09:54:03.411+0000][69894.075s] GC(400) Metaspace: 61185K->61185K(1105920K)
[2022-03-25T09:54:03.416+0000][69894.079s] GC(400) Pause Young (Normal) (G1 Evacuation Pause) 271M->202M(512M) 176.722ms
[2022-03-25T09:54:03.420+0000][69894.083s] GC(400) User=0.03s Sys=0.04s Real=0.18s
[2022-03-25T09:54:06.956+0000][69897.620s] GC(401) Pause Young (Normal) (G1 Evacuation Pause)
[2022-03-25T09:54:06.968+0000][69897.632s] GC(401) Using 4 workers of 4 for evacuation
[2022-03-25T09:54:07.169+0000][69897.833s] GC(401)   Pre Evacuate Collection Set: 0.0ms
[2022-03-25T09:54:07.199+0000][69897.863s] GC(401)   Evacuate Collection Set: 193.8ms
[2022-03-25T09:54:07.225+0000][69897.888s] GC(401)   Post Evacuate Collection Set: 1.9ms
[2022-03-25T09:54:07.237+0000][69897.900s] GC(401)   Other: 17.6ms
[2022-03-25T09:54:07.243+0000][69897.906s] GC(401) Eden regions: 74->0(78)
[2022-03-25T09:54:07.253+0000][69897.917s] GC(401) Survivor regions: 3->4(10)
[2022-03-25T09:54:07.262+0000][69897.926s] GC(401) Old regions: 195->195
[2022-03-25T09:54:07.269+0000][69897.932s] GC(401) Humongous regions: 7->7
[2022-03-25T09:54:07.280+0000][69897.944s] GC(401) Metaspace: 61185K->61185K(1105920K)
[2022-03-25T09:54:07.284+0000][69897.947s] GC(401) Pause Young (Normal) (G1 Evacuation Pause) 276M->203M(512M) 327.652ms
[2022-03-25T09:54:07.289+0000][69897.953s] GC(401) User=0.05s Sys=0.08s Real=0.33s
[2022-03-25T09:54:10.641+0000][69901.305s] GC(402) Pause Young (Normal) (G1 Evacuation Pause)
[2022-03-25T09:54:10.642+0000][69901.305s] GC(402) Using 4 workers of 4 for evacuation
[2022-03-25T09:54:10.771+0000][69901.435s] GC(402)   Pre Evacuate Collection Set: 0.0ms
[2022-03-25T09:54:10.788+0000][69901.451s] GC(402)   Evacuate Collection Set: 121.6ms
[2022-03-25T09:54:10.788+0000][69901.452s] GC(402)   Post Evacuate Collection Set: 0.5ms
[2022-03-25T09:54:10.789+0000][69901.453s] GC(402)   Other: 7.8ms
[2022-03-25T09:54:10.790+0000][69901.453s] GC(402) Eden regions: 78->0(83)
[2022-03-25T09:54:10.791+0000][69901.455s] GC(402) Survivor regions: 4->5(11)
[2022-03-25T09:54:10.798+0000][69901.462s] GC(402) Old regions: 195->195
[2022-03-25T09:54:10.810+0000][69901.474s] GC(402) Humongous regions: 7->7
[2022-03-25T09:54:10.811+0000][69901.474s] GC(402) Metaspace: 61185K->61185K(1105920K)
[2022-03-25T09:54:10.811+0000][69901.475s] GC(402) Pause Young (Normal) (G1 Evacuation Pause) 281M->204M(512M) 169.892ms
[2022-03-25T09:54:10.812+0000][69901.475s] GC(402) User=0.06s Sys=0.00s Real=0.18s
[2022-03-25T09:54:14.756+0000][69905.420s] GC(403) Pause Young (Normal) (G1 Evacuation Pause)
[2022-03-25T09:54:14.772+0000][69905.435s] GC(403) Using 4 workers of 4 for evacuation
[2022-03-25T09:54:14.989+0000][69905.653s] GC(403)   Pre Evacuate Collection Set: 0.1ms
[2022-03-25T09:54:15.048+0000][69905.712s] GC(403)   Evacuate Collection Set: 198.6ms
[2022-03-25T09:54:15.132+0000][69905.796s] GC(403)   Post Evacuate Collection Set: 0.5ms
[2022-03-25T09:54:15.237+0000][69905.901s] GC(403)   Other: 34.0ms
[2022-03-25T09:54:15.428+0000][69906.091s] GC(403) Eden regions: 83->0(90)
[2022-03-25T09:54:15.517+0000][69906.181s] GC(403) Survivor regions: 5->5(11)
[2022-03-25T09:54:15.560+0000][69906.224s] GC(403) Old regions: 195->195
[2022-03-25T09:54:15.649+0000][69906.313s] GC(403) Humongous regions: 7->7
[2022-03-25T09:54:15.663+0000][69906.327s] GC(403) Metaspace: 61185K->61185K(1105920K)
[2022-03-25T09:54:15.703+0000][69906.366s] GC(403) Pause Young (Normal) (G1 Evacuation Pause) 287M->204M(512M) 946.249ms
[2022-03-25T09:54:15.740+0000][69906.403s] GC(403) User=0.08s Sys=0.05s Real=0.97s
[2022-03-25T10:11:51.829+0000][70962.493s] GC(404) Pause Young (Normal) (G1 Evacuation Pause)
[2022-03-25T10:11:51.916+0000][70962.580s] GC(404) Using 4 workers of 4 for evacuation
[2022-03-25T10:11:58.265+0000][70968.929s] GC(404) MMU target violated: 251.0ms (250.0ms/251.0ms)
[2022-03-25T10:11:58.279+0000][70968.942s] GC(404)   Pre Evacuate Collection Set: 582.0ms
[2022-03-25T10:11:58.286+0000][70968.950s] GC(404)   Evacuate Collection Set: 5633.6ms
[2022-03-25T10:11:58.289+0000][70968.953s] GC(404)   Post Evacuate Collection Set: 34.0ms
[2022-03-25T10:11:58.293+0000][70968.957s] GC(404)   Other: 200.9ms
[2022-03-25T10:11:58.295+0000][70968.959s] GC(404) Eden regions: 90->0(21)
[2022-03-25T10:11:58.301+0000][70968.965s] GC(404) Survivor regions: 5->4(12)
[2022-03-25T10:11:58.303+0000][70968.967s] GC(404) Old regions: 195->195
[2022-03-25T10:11:58.304+0000][70968.968s] GC(404) Humongous regions: 7->7
[2022-03-25T10:11:58.307+0000][70968.970s] GC(404) Metaspace: 61189K->61189K(1105920K)
[2022-03-25T10:11:58.308+0000][70968.971s] GC(404) Pause Young (Normal) (G1 Evacuation Pause) 294M->203M(512M) 6478.453ms
[2022-03-25T10:11:58.308+0000][70968.972s] GC(404) User=2.90s Sys=1.68s Real=6.49s
[2022-03-25T10:12:06.199+0000][70976.863s] GC(405) Pause Young (Normal) (G1 Evacuation Pause)
[2022-03-25T10:12:06.507+0000][70977.171s] GC(405) Using 4 workers of 4 for evacuation
[2022-03-25T10:12:09.481+0000][70980.145s] GC(405) MMU target violated: 251.0ms (250.0ms/251.0ms)
[2022-03-25T10:12:09.676+0000][70980.339s] GC(405)   Pre Evacuate Collection Set: 0.0ms
[2022-03-25T10:12:09.773+0000][70980.436s] GC(405)   Evacuate Collection Set: 2251.9ms
[2022-03-25T10:12:09.828+0000][70980.491s] GC(405)   Post Evacuate Collection Set: 643.8ms
[2022-03-25T10:12:09.844+0000][70980.508s] GC(405)   Other: 581.1ms
[2022-03-25T10:12:09.927+0000][70980.590s] GC(405) Eden regions: 21->0(23)
[2022-03-25T10:12:10.024+0000][70980.688s] GC(405) Survivor regions: 4->2(4)
[2022-03-25T10:12:10.064+0000][70980.728s] GC(405) Old regions: 195->198
[2022-03-25T10:12:10.371+0000][70981.035s] GC(405) Humongous regions: 7->7
[2022-03-25T10:12:10.712+0000][70981.376s] GC(405) Metaspace: 61189K->61189K(1105920K)
[2022-03-25T10:12:11.170+0000][70981.833s] GC(405) Pause Young (Normal) (G1 Evacuation Pause) 224M->204M(512M) 4970.858ms
[2022-03-25T10:12:11.630+0000][70982.294s] GC(405) User=1.31s Sys=0.78s Real=5.43s
[2022-03-25T10:12:15.070+0000][70985.734s] GC(406) Pause Young (Normal) (G1 Evacuation Pause)
[2022-03-25T10:12:15.265+0000][70985.928s] GC(406) Using 4 workers of 4 for evacuation
[2022-03-25T10:12:16.185+0000][70986.849s] GC(406) MMU target violated: 251.0ms (250.0ms/251.0ms)
[2022-03-25T10:12:16.299+0000][70986.962s] GC(406)   Pre Evacuate Collection Set: 0.0ms
[2022-03-25T10:12:16.345+0000][70987.009s] GC(406)   Evacuate Collection Set: 744.9ms
[2022-03-25T10:12:16.364+0000][70987.027s] GC(406)   Post Evacuate Collection Set: 0.4ms
[2022-03-25T10:12:16.380+0000][70987.044s] GC(406)   Other: 483.5ms
[2022-03-25T10:12:16.412+0000][70987.076s] GC(406) Eden regions: 23->0(23)
[2022-03-25T10:12:16.432+0000][70987.096s] GC(406) Survivor regions: 2->2(4)
[2022-03-25T10:12:16.462+0000][70987.125s] GC(406) Old regions: 198->198
[2022-03-25T10:12:16.565+0000][70987.228s] GC(406) Humongous regions: 7->7
[2022-03-25T10:12:16.656+0000][70987.320s] GC(406) Metaspace: 61189K->61189K(1105920K)
[2022-03-25T10:12:16.721+0000][70987.385s] GC(406) Pause Young (Normal) (G1 Evacuation Pause) 227M->203M(512M) 1651.096ms
[2022-03-25T10:12:16.783+0000][70987.447s] GC(406) User=0.30s Sys=0.14s Real=1.69s
[2022-03-25T10:12:36.075+0000][71006.739s] GC(407) Pause Young (Normal) (G1 Evacuation Pause)
[2022-03-25T10:12:36.095+0000][71006.759s] GC(407) Using 4 workers of 4 for evacuation
[2022-03-25T10:12:36.380+0000][71007.043s] GC(407) MMU target violated: 251.0ms (250.0ms/251.0ms)
[2022-03-25T10:12:36.607+0000][71007.271s] GC(407)   Pre Evacuate Collection Set: 0.1ms
[2022-03-25T10:12:36.904+0000][71007.568s] GC(407)   Evacuate Collection Set: 267.9ms
[2022-03-25T10:12:37.207+0000][71007.871s] GC(407)   Post Evacuate Collection Set: 3.5ms
[2022-03-25T10:12:37.215+0000][71007.878s] GC(407)   Other: 260.3ms
[2022-03-25T10:12:37.227+0000][71007.891s] GC(407) Eden regions: 23->0(23)
[2022-03-25T10:12:37.229+0000][71007.893s] GC(407) Survivor regions: 2->2(4)
[2022-03-25T10:12:37.230+0000][71007.894s] GC(407) Old regions: 198->198
[2022-03-25T10:12:37.231+0000][71007.894s] GC(407) Humongous regions: 7->7
[2022-03-25T10:12:37.232+0000][71007.895s] GC(407) Metaspace: 61189K->61189K(1105920K)
[2022-03-25T10:12:37.233+0000][71007.897s] GC(407) Pause Young (Normal) (G1 Evacuation Pause) 226M->203M(512M) 1157.995ms
[2022-03-25T10:12:37.239+0000][71007.902s] GC(407) User=0.12s Sys=0.17s Real=1.16s
[2022-03-25T10:12:43.504+0000][71014.168s] GC(408) Pause Young (Normal) (G1 Evacuation Pause)
[2022-03-25T10:12:43.663+0000][71014.327s] GC(408) Using 4 workers of 4 for evacuation
[2022-03-25T10:12:45.091+0000][71015.755s] GC(408) MMU target violated: 251.0ms (250.0ms/251.0ms)
[2022-03-25T10:12:45.182+0000][71015.846s] GC(408)   Pre Evacuate Collection Set: 0.1ms
[2022-03-25T10:12:45.258+0000][71015.922s] GC(408)   Evacuate Collection Set: 1215.8ms
[2022-03-25T10:12:45.394+0000][71016.057s] GC(408)   Post Evacuate Collection Set: 0.5ms
[2022-03-25T10:12:45.543+0000][71016.207s] GC(408)   Other: 461.8ms
[2022-03-25T10:12:45.607+0000][71016.271s] GC(408) Eden regions: 23->0(23)
[2022-03-25T10:12:45.661+0000][71016.325s] GC(408) Survivor regions: 2->2(4)
[2022-03-25T10:12:45.713+0000][71016.377s] GC(408) Old regions: 198->198
[2022-03-25T10:12:45.746+0000][71016.410s] GC(408) Humongous regions: 7->7
[2022-03-25T10:12:45.777+0000][71016.441s] GC(408) Metaspace: 61189K->61189K(1105920K)
[2022-03-25T10:12:45.885+0000][71016.548s] GC(408) Pause Young (Normal) (G1 Evacuation Pause) 226M->204M(512M) 2380.602ms
[2022-03-25T10:12:46.135+0000][71016.799s] GC(408) User=0.72s Sys=0.43s Real=2.64s
[2022-03-25T10:12:49.084+0000][71019.748s] GC(409) Pause Young (Normal) (G1 Evacuation Pause)
[2022-03-25T10:12:49.183+0000][71019.847s] GC(409) Using 4 workers of 4 for evacuation
[2022-03-25T10:12:49.584+0000][71020.248s] GC(409) MMU target violated: 251.0ms (250.0ms/251.0ms)
[2022-03-25T10:12:49.597+0000][71020.261s] GC(409)   Pre Evacuate Collection Set: 0.0ms
[2022-03-25T10:12:49.638+0000][71020.302s] GC(409)   Evacuate Collection Set: 290.5ms
[2022-03-25T10:12:49.740+0000][71020.404s] GC(409)   Post Evacuate Collection Set: 24.8ms
[2022-03-25T10:12:49.889+0000][71020.553s] GC(409)   Other: 197.9ms
[2022-03-25T10:12:49.988+0000][71020.652s] GC(409) Eden regions: 23->0(23)
[2022-03-25T10:12:50.002+0000][71020.665s] GC(409) Survivor regions: 2->2(4)
[2022-03-25T10:12:50.035+0000][71020.699s] GC(409) Old regions: 198->198
[2022-03-25T10:12:50.149+0000][71020.812s] GC(409) Humongous regions: 7->7
[2022-03-25T10:12:50.273+0000][71020.937s] GC(409) Metaspace: 61189K->61189K(1105920K)
[2022-03-25T10:12:50.401+0000][71021.065s] GC(409) Pause Young (Normal) (G1 Evacuation Pause) 227M->204M(512M) 1316.874ms
[2022-03-25T10:12:50.450+0000][71021.113s] GC(409) User=0.19s Sys=0.07s Real=1.37s
[2022-03-25T10:12:52.615+0000][71023.279s] GC(410) Pause Young (Normal) (G1 Evacuation Pause)
[2022-03-25T10:12:52.617+0000][71023.281s] GC(410) Using 4 workers of 4 for evacuation
[2022-03-25T10:12:53.748+0000][71024.412s] GC(410) MMU target violated: 251.0ms (250.0ms/251.0ms)
[2022-03-25T10:12:53.911+0000][71024.575s] GC(410)   Pre Evacuate Collection Set: 0.0ms
[2022-03-25T10:12:53.959+0000][71024.623s] GC(410)   Evacuate Collection Set: 1127.5ms
[2022-03-25T10:12:54.103+0000][71024.767s] GC(410)   Post Evacuate Collection Set: 0.8ms
[2022-03-25T10:12:54.185+0000][71024.849s] GC(410)   Other: 168.4ms
[2022-03-25T10:12:54.290+0000][71024.954s] GC(410) Eden regions: 23->0(21)
[2022-03-25T10:12:54.439+0000][71025.102s] GC(410) Survivor regions: 2->4(4)
[2022-03-25T10:12:54.557+0000][71025.220s] GC(410) Old regions: 198->198
[2022-03-25T10:12:54.632+0000][71025.296s] GC(410) Humongous regions: 7->7
[2022-03-25T10:12:54.675+0000][71025.339s] GC(410) Metaspace: 61189K->61189K(1105920K)
[2022-03-25T10:12:54.699+0000][71025.363s] GC(410) Pause Young (Normal) (G1 Evacuation Pause) 227M->206M(512M) 2084.500ms
[2022-03-25T10:12:54.736+0000][71025.400s] GC(410) User=0.33s Sys=0.30s Real=2.13s
[2022-03-25T10:12:57.293+0000][71027.957s] GC(411) Pause Young (Normal) (G1 Evacuation Pause)
[2022-03-25T10:12:57.394+0000][71028.058s] GC(411) Using 4 workers of 4 for evacuation
[2022-03-25T10:12:58.044+0000][71028.708s] GC(411) MMU target violated: 251.0ms (250.0ms/251.0ms)
[2022-03-25T10:12:58.145+0000][71028.809s] GC(411)   Pre Evacuate Collection Set: 0.0ms
[2022-03-25T10:12:58.183+0000][71028.846s] GC(411)   Evacuate Collection Set: 574.7ms
[2022-03-25T10:12:58.302+0000][71028.966s] GC(411)   Post Evacuate Collection Set: 0.4ms
[2022-03-25T10:12:58.438+0000][71029.102s] GC(411)   Other: 277.1ms
[2022-03-25T10:12:58.500+0000][71029.164s] GC(411) Eden regions: 21->0(22)
[2022-03-25T10:12:58.547+0000][71029.210s] GC(411) Survivor regions: 4->3(4)
[2022-03-25T10:12:58.550+0000][71029.213s] GC(411) Old regions: 198->199
[2022-03-25T10:12:58.557+0000][71029.221s] GC(411) Humongous regions: 7->7
[2022-03-25T10:12:58.560+0000][71029.224s] GC(411) Metaspace: 61189K->61189K(1105920K)
[2022-03-25T10:12:58.563+0000][71029.226s] GC(411) Pause Young (Normal) (G1 Evacuation Pause) 227M->205M(512M) 1269.407ms
[2022-03-25T10:12:58.574+0000][71029.237s] GC(411) User=0.29s Sys=0.20s Real=1.31s
[2022-03-25T10:13:00.328+0000][71030.992s] GC(412) Pause Young (Normal) (G1 Evacuation Pause)
[2022-03-25T10:13:00.380+0000][71031.044s] GC(412) Using 4 workers of 4 for evacuation
[2022-03-25T10:13:00.761+0000][71031.424s] GC(412) MMU target violated: 251.0ms (250.0ms/251.0ms)
[2022-03-25T10:13:00.881+0000][71031.544s] GC(412)   Pre Evacuate Collection Set: 0.0ms
[2022-03-25T10:13:00.921+0000][71031.585s] GC(412)   Evacuate Collection Set: 287.0ms
[2022-03-25T10:13:00.976+0000][71031.640s] GC(412)   Post Evacuate Collection Set: 78.3ms
[2022-03-25T10:13:01.036+0000][71031.699s] GC(412)   Other: 186.8ms
[2022-03-25T10:13:01.223+0000][71031.887s] GC(412) Eden regions: 22->0(21)
[2022-03-25T10:13:01.336+0000][71031.999s] GC(412) Survivor regions: 3->4(4)
[2022-03-25T10:13:01.378+0000][71032.041s] GC(412) Old regions: 199->199
[2022-03-25T10:13:01.511+0000][71032.175s] GC(412) Humongous regions: 7->7
[2022-03-25T10:13:01.691+0000][71032.355s] GC(412) Metaspace: 61189K->61189K(1105920K)
[2022-03-25T10:13:01.834+0000][71032.498s] GC(412) Pause Young (Normal) (G1 Evacuation Pause) 227M->206M(512M) 1505.826ms
[2022-03-25T10:13:01.894+0000][71032.557s] GC(412) User=0.26s Sys=0.08s Real=1.60s
[2022-03-25T10:13:03.534+0000][71034.198s] GC(413) Pause Young (Normal) (G1 Evacuation Pause)
[2022-03-25T10:13:03.650+0000][71034.314s] GC(413) Using 4 workers of 4 for evacuation
[2022-03-25T10:13:03.911+0000][71034.574s] GC(413)   Pre Evacuate Collection Set: 0.1ms
[2022-03-25T10:13:04.087+0000][71034.751s] GC(413)   Evacuate Collection Set: 142.5ms
[2022-03-25T10:13:04.176+0000][71034.840s] GC(413)   Post Evacuate Collection Set: 0.4ms
[2022-03-25T10:13:04.272+0000][71034.935s] GC(413)   Other: 233.5ms
[2022-03-25T10:13:04.315+0000][71034.978s] GC(413) Eden regions: 21->0(23)
[2022-03-25T10:13:04.343+0000][71035.007s] GC(413) Survivor regions: 4->2(4)
[2022-03-25T10:13:04.437+0000][71035.100s] GC(413) Old regions: 199->200
[2022-03-25T10:13:04.498+0000][71035.162s] GC(413) Humongous regions: 7->7
[2022-03-25T10:13:04.580+0000][71035.243s] GC(413) Metaspace: 61192K->61192K(1105920K)
[2022-03-25T10:13:04.717+0000][71035.381s] GC(413) Pause Young (Normal) (G1 Evacuation Pause) 227M->206M(512M) 1182.938ms
[2022-03-25T10:13:04.811+0000][71035.475s] GC(413) User=0.11s Sys=0.02s Real=1.27s
[2022-03-25T10:13:06.367+0000][71037.030s] GC(414) Pause Young (Normal) (G1 Evacuation Pause)
[2022-03-25T10:13:06.389+0000][71037.053s] GC(414) Using 4 workers of 4 for evacuation
[2022-03-25T10:13:06.747+0000][71037.410s] GC(414) MMU target violated: 251.0ms (250.0ms/251.0ms)
[2022-03-25T10:13:06.759+0000][71037.423s] GC(414)   Pre Evacuate Collection Set: 0.0ms
[2022-03-25T10:13:06.786+0000][71037.450s] GC(414)   Evacuate Collection Set: 327.2ms
[2022-03-25T10:13:06.817+0000][71037.481s] GC(414)   Post Evacuate Collection Set: 9.8ms
[2022-03-25T10:13:06.887+0000][71037.551s] GC(414)   Other: 55.3ms
[2022-03-25T10:13:06.911+0000][71037.575s] GC(414) Eden regions: 23->0(22)
[2022-03-25T10:13:06.923+0000][71037.587s] GC(414) Survivor regions: 2->3(4)
[2022-03-25T10:13:06.977+0000][71037.640s] GC(414) Old regions: 200->200
[2022-03-25T10:13:07.017+0000][71037.680s] GC(414) Humongous regions: 7->7
[2022-03-25T10:13:07.065+0000][71037.728s] GC(414) Metaspace: 61192K->61192K(1105920K)
[2022-03-25T10:13:07.113+0000][71037.776s] GC(414) Pause Young (Normal) (G1 Evacuation Pause) 229M->207M(512M) 745.805ms
[2022-03-25T10:13:07.177+0000][71037.840s] GC(414) User=0.15s Sys=0.08s Real=0.83s
[2022-03-25T10:13:07.810+0000][71038.474s] GC(415) Pause Young (Normal) (G1 Evacuation Pause)
[2022-03-25T10:13:07.871+0000][71038.535s] GC(415) Using 4 workers of 4 for evacuation
[2022-03-25T10:13:08.033+0000][71038.697s] GC(415)   Pre Evacuate Collection Set: 0.0ms
[2022-03-25T10:13:08.078+0000][71038.741s] GC(415)   Evacuate Collection Set: 134.3ms
[2022-03-25T10:13:08.147+0000][71038.811s] GC(415)   Post Evacuate Collection Set: 0.5ms
[2022-03-25T10:13:08.203+0000][71038.866s] GC(415)   Other: 88.8ms
[2022-03-25T10:13:08.219+0000][71038.882s] GC(415) Eden regions: 22->0(23)
[2022-03-25T10:13:08.262+0000][71038.925s] GC(415) Survivor regions: 3->2(4)
[2022-03-25T10:13:08.297+0000][71038.961s] GC(415) Old regions: 200->201
[2022-03-25T10:13:08.332+0000][71038.995s] GC(415) Humongous regions: 7->7
[2022-03-25T10:13:08.351+0000][71039.015s] GC(415) Metaspace: 61192K->61192K(1105920K)
[2022-03-25T10:13:08.416+0000][71039.079s] GC(415) Pause Young (Normal) (G1 Evacuation Pause) 229M->207M(512M) 605.752ms
[2022-03-25T10:13:08.489+0000][71039.153s] GC(415) User=0.10s Sys=0.10s Real=0.67s
[2022-03-25T10:13:09.604+0000][71040.267s] GC(416) Pause Young (Normal) (G1 Evacuation Pause)
[2022-03-25T10:13:09.621+0000][71040.285s] GC(416) Using 4 workers of 4 for evacuation
[2022-03-25T10:13:09.681+0000][71040.344s] GC(416)   Pre Evacuate Collection Set: 0.0ms
[2022-03-25T10:13:09.698+0000][71040.361s] GC(416)   Evacuate Collection Set: 32.8ms
[2022-03-25T10:13:09.714+0000][71040.377s] GC(416)   Post Evacuate Collection Set: 11.1ms
[2022-03-25T10:13:09.746+0000][71040.409s] GC(416)   Other: 33.2ms
[2022-03-25T10:13:09.747+0000][71040.410s] GC(416) Eden regions: 23->0(28)
[2022-03-25T10:13:09.747+0000][71040.411s] GC(416) Survivor regions: 2->3(4)
[2022-03-25T10:13:09.859+0000][71040.523s] GC(416) Old regions: 201->201
[2022-03-25T10:13:09.941+0000][71040.604s] GC(416) Humongous regions: 7->7
[2022-03-25T10:13:10.010+0000][71040.674s] GC(416) Metaspace: 61192K->61192K(1105920K)
[2022-03-25T10:13:10.075+0000][71040.739s] GC(416) Pause Young (Normal) (G1 Evacuation Pause) 230M->208M(512M) 471.465ms
[2022-03-25T10:13:10.109+0000][71040.773s] GC(416) User=0.09s Sys=0.02s Real=0.51s
[2022-03-25T10:13:11.206+0000][71041.870s] GC(417) Pause Young (Normal) (G1 Evacuation Pause)
[2022-03-25T10:13:11.225+0000][71041.888s] GC(417) Using 4 workers of 4 for evacuation
[2022-03-25T10:13:12.004+0000][71042.668s] GC(417) MMU target violated: 251.0ms (250.0ms/251.0ms)
[2022-03-25T10:13:12.050+0000][71042.713s] GC(417)   Pre Evacuate Collection Set: 0.0ms
[2022-03-25T10:13:12.151+0000][71042.815s] GC(417)   Evacuate Collection Set: 718.7ms
[2022-03-25T10:13:12.219+0000][71042.882s] GC(417)   Post Evacuate Collection Set: 44.8ms
[2022-03-25T10:13:12.262+0000][71042.925s] GC(417)   Other: 80.1ms
[2022-03-25T10:13:12.299+0000][71042.962s] GC(417) Eden regions: 28->0(22)
[2022-03-25T10:13:12.330+0000][71042.994s] GC(417) Survivor regions: 3->3(4)
[2022-03-25T10:13:12.349+0000][71043.013s] GC(417) Old regions: 201->201
[2022-03-25T10:13:12.366+0000][71043.029s] GC(417) Humongous regions: 7->7
[2022-03-25T10:13:12.408+0000][71043.072s] GC(417) Metaspace: 61192K->61192K(1105920K)
[2022-03-25T10:13:12.435+0000][71043.099s] GC(417) Pause Young (Normal) (G1 Evacuation Pause) 236M->208M(512M) 1229.008ms
[2022-03-25T10:13:12.504+0000][71043.168s] GC(417) User=0.49s Sys=0.54s Real=1.30s
[2022-03-25T10:13:14.101+0000][71044.765s] GC(418) Pause Young (Normal) (G1 Evacuation Pause)
[2022-03-25T10:13:14.157+0000][71044.821s] GC(418) Using 4 workers of 4 for evacuation
[2022-03-25T10:13:14.888+0000][71045.552s] GC(418) MMU target violated: 251.0ms (250.0ms/251.0ms)
[2022-03-25T10:13:14.910+0000][71045.573s] GC(418)   Pre Evacuate Collection Set: 0.1ms
[2022-03-25T10:13:14.940+0000][71045.604s] GC(418)   Evacuate Collection Set: 416.7ms
[2022-03-25T10:13:14.987+0000][71045.651s] GC(418)   Post Evacuate Collection Set: 0.8ms
[2022-03-25T10:13:15.025+0000][71045.689s] GC(418)   Other: 391.1ms
[2022-03-25T10:13:15.039+0000][71045.703s] GC(418) Eden regions: 22->0(22)
[2022-03-25T10:13:15.066+0000][71045.730s] GC(418) Survivor regions: 3->3(4)
[2022-03-25T10:13:15.075+0000][71045.738s] GC(418) Old regions: 201->202
[2022-03-25T10:13:15.102+0000][71045.766s] GC(418) Humongous regions: 7->7
[2022-03-25T10:13:15.135+0000][71045.798s] GC(418) Metaspace: 61192K->61192K(1105920K)
[2022-03-25T10:13:15.154+0000][71045.818s] GC(418) Pause Young (Normal) (G1 Evacuation Pause) 230M->209M(512M) 1053.494ms
[2022-03-25T10:13:15.167+0000][71045.831s] GC(418) User=0.38s Sys=0.25s Real=1.07s
[2022-03-25T10:13:16.935+0000][71047.598s] GC(419) Pause Young (Normal) (G1 Evacuation Pause)
[2022-03-25T10:13:16.978+0000][71047.642s] GC(419) Using 4 workers of 4 for evacuation
[2022-03-25T10:13:17.370+0000][71048.034s] GC(419) MMU target violated: 251.0ms (250.0ms/251.0ms)
[2022-03-25T10:13:17.392+0000][71048.055s] GC(419)   Pre Evacuate Collection Set: 0.1ms
[2022-03-25T10:13:17.409+0000][71048.073s] GC(419)   Evacuate Collection Set: 293.6ms
[2022-03-25T10:13:17.413+0000][71048.077s] GC(419)   Post Evacuate Collection Set: 0.6ms
[2022-03-25T10:13:17.419+0000][71048.083s] GC(419)   Other: 163.1ms
[2022-03-25T10:13:17.539+0000][71048.203s] GC(419) Eden regions: 22->0(23)
[2022-03-25T10:13:17.749+0000][71048.413s] GC(419) Survivor regions: 3->3(4)
[2022-03-25T10:13:17.853+0000][71048.517s] GC(419) Old regions: 202->202
[2022-03-25T10:13:17.875+0000][71048.538s] GC(419) Humongous regions: 7->7
[2022-03-25T10:13:17.904+0000][71048.567s] GC(419) Metaspace: 61192K->61192K(1105920K)
[2022-03-25T10:13:17.921+0000][71048.584s] GC(419) Pause Young (Normal) (G1 Evacuation Pause) 231M->210M(512M) 986.060ms
[2022-03-25T10:13:17.938+0000][71048.601s] GC(419) User=0.28s Sys=0.20s Real=1.01s
[2022-03-25T10:13:19.346+0000][71050.010s] GC(420) Pause Young (Normal) (G1 Evacuation Pause)
[2022-03-25T10:13:19.362+0000][71050.026s] GC(420) Using 4 workers of 4 for evacuation
[2022-03-25T10:13:19.578+0000][71050.241s] GC(420)   Pre Evacuate Collection Set: 0.0ms
[2022-03-25T10:13:19.729+0000][71050.393s] GC(420)   Evacuate Collection Set: 135.7ms
[2022-03-25T10:13:20.003+0000][71050.667s] GC(420)   Post Evacuate Collection Set: 0.5ms
[2022-03-25T10:13:20.197+0000][71050.861s] GC(420)   Other: 95.4ms
[2022-03-25T10:13:20.268+0000][71050.931s] GC(420) Eden regions: 23->0(26)
[2022-03-25T10:13:20.318+0000][71050.982s] GC(420) Survivor regions: 3->2(4)
[2022-03-25T10:13:20.420+0000][71051.084s] GC(420) Old regions: 202->203
[2022-03-25T10:13:20.554+0000][71051.218s] GC(420) Humongous regions: 7->7
[2022-03-25T10:13:20.692+0000][71051.356s] GC(420) Metaspace: 61192K->61192K(1105920K)
[2022-03-25T10:13:20.743+0000][71051.407s] GC(420) Pause Young (Normal) (G1 Evacuation Pause) 233M->210M(512M) 1396.564ms
[2022-03-25T10:13:20.761+0000][71051.425s] GC(420) User=0.18s Sys=0.14s Real=1.42s
[2022-03-25T10:13:24.737+0000][71055.401s] GC(421) Pause Young (Normal) (G1 Evacuation Pause)
[2022-03-25T10:13:24.861+0000][71055.525s] GC(421) Using 4 workers of 4 for evacuation
[2022-03-25T10:13:25.341+0000][71056.005s] GC(421) MMU target violated: 251.0ms (250.0ms/251.0ms)
[2022-03-25T10:13:25.498+0000][71056.162s] GC(421)   Pre Evacuate Collection Set: 0.1ms
[2022-03-25T10:13:25.599+0000][71056.262s] GC(421)   Evacuate Collection Set: 410.1ms
[2022-03-25T10:13:25.694+0000][71056.358s] GC(421)   Post Evacuate Collection Set: 6.2ms
[2022-03-25T10:13:25.778+0000][71056.442s] GC(421)   Other: 344.7ms
[2022-03-25T10:13:25.954+0000][71056.618s] GC(421) Eden regions: 26->0(28)
[2022-03-25T10:13:26.091+0000][71056.755s] GC(421) Survivor regions: 2->3(4)
[2022-03-25T10:13:26.299+0000][71056.963s] GC(421) Old regions: 203->203
[2022-03-25T10:13:26.363+0000][71057.027s] GC(421) Humongous regions: 7->7
[2022-03-25T10:13:26.457+0000][71057.120s] GC(421) Metaspace: 61192K->61192K(1105920K)
[2022-03-25T10:13:26.539+0000][71057.203s] GC(421) Pause Young (Normal) (G1 Evacuation Pause) 236M->210M(512M) 1801.598ms
[2022-03-25T10:13:26.615+0000][71057.279s] GC(421) User=0.10s Sys=0.07s Real=1.89s
[2022-03-25T10:13:28.578+0000][71059.242s] GC(422) Pause Young (Normal) (G1 Evacuation Pause)
[2022-03-25T10:13:28.692+0000][71059.356s] GC(422) Using 4 workers of 4 for evacuation
[2022-03-25T10:13:28.847+0000][71059.511s] GC(422)   Pre Evacuate Collection Set: 0.0ms
[2022-03-25T10:13:28.854+0000][71059.518s] GC(422)   Evacuate Collection Set: 89.1ms
[2022-03-25T10:13:28.887+0000][71059.551s] GC(422)   Post Evacuate Collection Set: 0.7ms
[2022-03-25T10:13:28.911+0000][71059.575s] GC(422)   Other: 178.7ms
[2022-03-25T10:13:28.921+0000][71059.584s] GC(422) Eden regions: 28->0(32)
[2022-03-25T10:13:28.959+0000][71059.622s] GC(422) Survivor regions: 3->2(4)
[2022-03-25T10:13:29.098+0000][71059.761s] GC(422) Old regions: 203->203
[2022-03-25T10:13:29.328+0000][71059.992s] GC(422) Humongous regions: 7->7
[2022-03-25T10:13:29.441+0000][71060.105s] GC(422) Metaspace: 61192K->61192K(1105920K)
[2022-03-25T10:13:29.478+0000][71060.142s] GC(422) Pause Young (Normal) (G1 Evacuation Pause) 238M->210M(512M) 899.551ms
[2022-03-25T10:13:29.499+0000][71060.163s] GC(422) User=0.05s Sys=0.05s Real=0.96s
[2022-03-25T10:13:31.196+0000][71061.859s] GC(423) Pause Young (Normal) (G1 Evacuation Pause)
[2022-03-25T10:13:31.292+0000][71061.955s] GC(423) Using 4 workers of 4 for evacuation
[2022-03-25T10:13:31.890+0000][71062.553s] GC(423) MMU target violated: 251.0ms (250.0ms/251.0ms)
[2022-03-25T10:13:31.966+0000][71062.629s] GC(423)   Pre Evacuate Collection Set: 0.0ms
[2022-03-25T10:13:32.099+0000][71062.763s] GC(423)   Evacuate Collection Set: 553.1ms
[2022-03-25T10:13:32.253+0000][71062.917s] GC(423)   Post Evacuate Collection Set: 0.4ms
[2022-03-25T10:13:32.380+0000][71063.044s] GC(423)   Other: 216.3ms
[2022-03-25T10:13:32.473+0000][71063.137s] GC(423) Eden regions: 32->0(27)
[2022-03-25T10:13:32.527+0000][71063.191s] GC(423) Survivor regions: 2->3(5)
[2022-03-25T10:13:32.588+0000][71063.251s] GC(423) Old regions: 203->203
[2022-03-25T10:13:32.877+0000][71063.541s] GC(423) Humongous regions: 7->7
[2022-03-25T10:13:32.998+0000][71063.662s] GC(423) Metaspace: 61192K->61192K(1105920K)
[2022-03-25T10:13:33.072+0000][71063.735s] GC(423) Pause Young (Normal) (G1 Evacuation Pause) 242M->211M(512M) 1875.731ms
[2022-03-25T10:13:33.136+0000][71063.799s] GC(423) User=0.45s Sys=0.25s Real=1.95s
[2022-03-25T10:13:35.209+0000][71065.873s] GC(424) Pause Young (Normal) (G1 Evacuation Pause)
[2022-03-25T10:13:35.274+0000][71065.938s] GC(424) Using 4 workers of 4 for evacuation
[2022-03-25T10:13:35.988+0000][71066.651s] GC(424) MMU target violated: 251.0ms (250.0ms/251.0ms)
[2022-03-25T10:13:36.109+0000][71066.772s] GC(424)   Pre Evacuate Collection Set: 0.1ms
[2022-03-25T10:13:36.205+0000][71066.868s] GC(424)   Evacuate Collection Set: 652.8ms
[2022-03-25T10:13:36.298+0000][71066.962s] GC(424)   Post Evacuate Collection Set: 0.4ms
[2022-03-25T10:13:36.377+0000][71067.041s] GC(424)   Other: 246.0ms
[2022-03-25T10:13:36.394+0000][71067.058s] GC(424) Eden regions: 27->0(23)
[2022-03-25T10:13:36.477+0000][71067.140s] GC(424) Survivor regions: 3->2(4)
[2022-03-25T10:13:36.545+0000][71067.208s] GC(424) Old regions: 203->204
[2022-03-25T10:13:36.604+0000][71067.267s] GC(424) Humongous regions: 7->7
[2022-03-25T10:13:36.712+0000][71067.376s] GC(424) Metaspace: 61192K->61192K(1105920K)
[2022-03-25T10:13:36.859+0000][71067.523s] GC(424) Pause Young (Normal) (G1 Evacuation Pause) 238M->210M(512M) 1649.646ms
[2022-03-25T10:13:36.954+0000][71067.618s] GC(424) User=0.19s Sys=0.25s Real=1.75s
[2022-03-25T10:13:38.357+0000][71069.021s] GC(425) Pause Young (Normal) (G1 Evacuation Pause)
[2022-03-25T10:13:38.438+0000][71069.102s] GC(425) Using 4 workers of 4 for evacuation
[2022-03-25T10:13:38.579+0000][71069.243s] GC(425)   Pre Evacuate Collection Set: 0.0ms
[2022-03-25T10:13:38.599+0000][71069.262s] GC(425)   Evacuate Collection Set: 103.6ms
[2022-03-25T10:13:38.611+0000][71069.275s] GC(425)   Post Evacuate Collection Set: 25.1ms
[2022-03-25T10:13:38.623+0000][71069.287s] GC(425)   Other: 93.4ms
[2022-03-25T10:13:38.626+0000][71069.290s] GC(425) Eden regions: 23->0(23)
[2022-03-25T10:13:38.646+0000][71069.309s] GC(425) Survivor regions: 2->2(4)
[2022-03-25T10:13:38.650+0000][71069.314s] GC(425) Old regions: 204->204
[2022-03-25T10:13:38.658+0000][71069.322s] GC(425) Humongous regions: 7->7
[2022-03-25T10:13:38.668+0000][71069.332s] GC(425) Metaspace: 61192K->61192K(1105920K)
[2022-03-25T10:13:38.673+0000][71069.337s] GC(425) Pause Young (Normal) (G1 Evacuation Pause) 233M->210M(512M) 315.817ms
[2022-03-25T10:13:38.700+0000][71069.364s] GC(425) User=0.13s Sys=0.06s Real=0.34s
[2022-03-25T10:13:43.445+0000][71074.109s] GC(426) Pause Young (Normal) (G1 Evacuation Pause)
[2022-03-25T10:13:43.451+0000][71074.114s] GC(426) Using 4 workers of 4 for evacuation
[2022-03-25T10:13:43.577+0000][71074.241s] GC(426)   Pre Evacuate Collection Set: 0.1ms
[2022-03-25T10:13:43.579+0000][71074.243s] GC(426)   Evacuate Collection Set: 112.8ms
[2022-03-25T10:13:43.579+0000][71074.243s] GC(426)   Post Evacuate Collection Set: 0.5ms
[2022-03-25T10:13:43.579+0000][71074.243s] GC(426)   Other: 18.4ms
[2022-03-25T10:13:43.580+0000][71074.243s] GC(426) Eden regions: 23->0(24)
[2022-03-25T10:13:43.580+0000][71074.243s] GC(426) Survivor regions: 2->3(4)
[2022-03-25T10:13:43.580+0000][71074.244s] GC(426) Old regions: 204->204
[2022-03-25T10:13:43.580+0000][71074.244s] GC(426) Humongous regions: 7->7
[2022-03-25T10:13:43.580+0000][71074.244s] GC(426) Metaspace: 61193K->61193K(1105920K)
[2022-03-25T10:13:43.581+0000][71074.244s] GC(426) Pause Young (Normal) (G1 Evacuation Pause) 233M->211M(512M) 135.404ms
[2022-03-25T10:13:43.581+0000][71074.245s] GC(426) User=0.04s Sys=0.02s Real=0.14s
[2022-03-25T10:14:52.102+0000][71142.765s] GC(427) Pause Young (Normal) (G1 Evacuation Pause)
[2022-03-25T10:14:52.109+0000][71142.772s] GC(427) Using 4 workers of 4 for evacuation
[2022-03-25T10:14:52.371+0000][71143.035s] GC(427) MMU target violated: 251.0ms (250.0ms/251.0ms)
[2022-03-25T10:14:52.372+0000][71143.035s] GC(427)   Pre Evacuate Collection Set: 60.2ms
[2022-03-25T10:14:52.373+0000][71143.036s] GC(427)   Evacuate Collection Set: 175.7ms
[2022-03-25T10:14:52.374+0000][71143.037s] GC(427)   Post Evacuate Collection Set: 15.5ms
[2022-03-25T10:14:52.375+0000][71143.039s] GC(427)   Other: 26.3ms
[2022-03-25T10:14:52.375+0000][71143.039s] GC(427) Eden regions: 24->0(23)
[2022-03-25T10:14:52.376+0000][71143.040s] GC(427) Survivor regions: 3->3(4)
[2022-03-25T10:14:52.377+0000][71143.041s] GC(427) Old regions: 204->204
[2022-03-25T10:14:52.378+0000][71143.041s] GC(427) Humongous regions: 7->7
[2022-03-25T10:14:52.379+0000][71143.043s] GC(427) Metaspace: 61200K->61200K(1105920K)
[2022-03-25T10:14:52.380+0000][71143.044s] GC(427) Pause Young (Normal) (G1 Evacuation Pause) 235M->211M(512M) 278.819ms
[2022-03-25T10:14:52.382+0000][71143.046s] GC(427) User=0.48s Sys=0.00s Real=0.28s
[2022-03-25T10:15:06.578+0000][71157.241s] GC(428) Pause Young (Normal) (G1 Evacuation Pause)
[2022-03-25T10:15:06.615+0000][71157.279s] GC(428) Using 4 workers of 4 for evacuation
[2022-03-25T10:15:06.931+0000][71157.594s] GC(428) MMU target violated: 251.0ms (250.0ms/251.0ms)
[2022-03-25T10:15:06.934+0000][71157.598s] GC(428)   Pre Evacuate Collection Set: 0.1ms
[2022-03-25T10:15:06.946+0000][71157.609s] GC(428)   Evacuate Collection Set: 277.8ms
[2022-03-25T10:15:06.947+0000][71157.611s] GC(428)   Post Evacuate Collection Set: 4.9ms
[2022-03-25T10:15:06.948+0000][71157.612s] GC(428)   Other: 73.9ms
[2022-03-25T10:15:06.949+0000][71157.612s] GC(428) Eden regions: 23->0(24)
[2022-03-25T10:15:06.951+0000][71157.614s] GC(428) Survivor regions: 3->3(4)
[2022-03-25T10:15:06.962+0000][71157.626s] GC(428) Old regions: 204->204
[2022-03-25T10:15:06.965+0000][71157.629s] GC(428) Humongous regions: 7->7
[2022-03-25T10:15:06.978+0000][71157.642s] GC(428) Metaspace: 61200K->61200K(1105920K)
[2022-03-25T10:15:06.979+0000][71157.643s] GC(428) Pause Young (Normal) (G1 Evacuation Pause) 234M->212M(512M) 401.597ms
[2022-03-25T10:15:06.981+0000][71157.644s] GC(428) User=0.11s Sys=0.07s Real=0.40s
[2022-03-25T10:15:08.545+0000][71159.209s] GC(429) Pause Young (Normal) (G1 Evacuation Pause)
[2022-03-25T10:15:08.567+0000][71159.231s] GC(429) Using 4 workers of 4 for evacuation
[2022-03-25T10:15:09.395+0000][71160.059s] GC(429) MMU target violated: 251.0ms (250.0ms/251.0ms)
[2022-03-25T10:15:09.426+0000][71160.089s] GC(429)   Pre Evacuate Collection Set: 0.0ms
[2022-03-25T10:15:09.434+0000][71160.097s] GC(429)   Evacuate Collection Set: 767.7ms
[2022-03-25T10:15:09.446+0000][71160.110s] GC(429)   Post Evacuate Collection Set: 0.7ms
[2022-03-25T10:15:09.458+0000][71160.121s] GC(429)   Other: 112.3ms
[2022-03-25T10:15:09.471+0000][71160.135s] GC(429) Eden regions: 24->0(25)
[2022-03-25T10:15:09.476+0000][71160.139s] GC(429) Survivor regions: 3->3(4)
[2022-03-25T10:15:09.488+0000][71160.152s] GC(429) Old regions: 204->205
[2022-03-25T10:15:09.506+0000][71160.170s] GC(429) Humongous regions: 7->7
[2022-03-25T10:15:09.517+0000][71160.180s] GC(429) Metaspace: 61200K->61200K(1105920K)
[2022-03-25T10:15:09.523+0000][71160.187s] GC(429) Pause Young (Normal) (G1 Evacuation Pause) 236M->212M(512M) 977.989ms
[2022-03-25T10:15:09.528+0000][71160.191s] GC(429) User=0.17s Sys=0.28s Real=0.98s
[2022-03-25T10:15:10.259+0000][71160.923s] GC(430) Pause Young (Normal) (G1 Evacuation Pause)
[2022-03-25T10:15:10.269+0000][71160.933s] GC(430) Using 4 workers of 4 for evacuation
[2022-03-25T10:15:10.650+0000][71161.313s] GC(430) MMU target violated: 251.0ms (250.0ms/251.0ms)
[2022-03-25T10:15:10.665+0000][71161.329s] GC(430)   Pre Evacuate Collection Set: 0.0ms
[2022-03-25T10:15:10.669+0000][71161.333s] GC(430)   Evacuate Collection Set: 375.9ms
[2022-03-25T10:15:10.681+0000][71161.344s] GC(430)   Post Evacuate Collection Set: 0.6ms
[2022-03-25T10:15:10.687+0000][71161.351s] GC(430)   Other: 30.0ms
[2022-03-25T10:15:10.697+0000][71161.360s] GC(430) Eden regions: 25->0(24)
[2022-03-25T10:15:10.697+0000][71161.361s] GC(430) Survivor regions: 3->2(4)
[2022-03-25T10:15:10.724+0000][71161.387s] GC(430) Old regions: 205->205
[2022-03-25T10:15:10.739+0000][71161.403s] GC(430) Humongous regions: 7->7
[2022-03-25T10:15:10.745+0000][71161.409s] GC(430) Metaspace: 61200K->61200K(1105920K)
[2022-03-25T10:15:10.747+0000][71161.410s] GC(430) Pause Young (Normal) (G1 Evacuation Pause) 237M->212M(512M) 487.704ms
[2022-03-25T10:15:10.752+0000][71161.416s] GC(430) User=0.06s Sys=0.13s Real=0.49s
[2022-03-25T10:15:11.862+0000][71162.526s] GC(431) Pause Young (Normal) (G1 Evacuation Pause)
[2022-03-25T10:15:11.900+0000][71162.563s] GC(431) Using 4 workers of 4 for evacuation
[2022-03-25T10:15:12.112+0000][71162.775s] GC(431)   Pre Evacuate Collection Set: 0.0ms
[2022-03-25T10:15:12.126+0000][71162.790s] GC(431)   Evacuate Collection Set: 192.3ms
[2022-03-25T10:15:12.127+0000][71162.791s] GC(431)   Post Evacuate Collection Set: 0.8ms
[2022-03-25T10:15:12.130+0000][71162.794s] GC(431)   Other: 55.9ms
[2022-03-25T10:15:12.142+0000][71162.805s] GC(431) Eden regions: 24->0(27)
[2022-03-25T10:15:12.158+0000][71162.822s] GC(431) Survivor regions: 2->3(4)
[2022-03-25T10:15:12.174+0000][71162.838s] GC(431) Old regions: 205->205
[2022-03-25T10:15:12.194+0000][71162.858s] GC(431) Humongous regions: 7->7
[2022-03-25T10:15:12.208+0000][71162.872s] GC(431) Metaspace: 61200K->61200K(1105920K)
[2022-03-25T10:15:12.211+0000][71162.874s] GC(431) Pause Young (Normal) (G1 Evacuation Pause) 236M->212M(512M) 348.325ms
[2022-03-25T10:15:12.212+0000][71162.875s] GC(431) User=0.04s Sys=0.07s Real=0.35s
[2022-03-25T10:15:14.278+0000][71164.942s] GC(432) Pause Young (Normal) (G1 Evacuation Pause)
[2022-03-25T10:15:14.284+0000][71164.948s] GC(432) Using 4 workers of 4 for evacuation
[2022-03-25T10:15:14.358+0000][71165.022s] GC(432)   Pre Evacuate Collection Set: 0.0ms
[2022-03-25T10:15:14.360+0000][71165.024s] GC(432)   Evacuate Collection Set: 71.4ms
[2022-03-25T10:15:14.361+0000][71165.024s] GC(432)   Post Evacuate Collection Set: 0.6ms
[2022-03-25T10:15:14.362+0000][71165.025s] GC(432)   Other: 7.6ms
[2022-03-25T10:15:14.362+0000][71165.026s] GC(432) Eden regions: 27->0(31)
[2022-03-25T10:15:14.363+0000][71165.026s] GC(432) Survivor regions: 3->3(4)
[2022-03-25T10:15:14.366+0000][71165.030s] GC(432) Old regions: 205->205
[2022-03-25T10:15:14.378+0000][71165.042s] GC(432) Humongous regions: 7->7
[2022-03-25T10:15:14.379+0000][71165.043s] GC(432) Metaspace: 61200K->61200K(1105920K)
[2022-03-25T10:15:14.379+0000][71165.043s] GC(432) Pause Young (Normal) (G1 Evacuation Pause) 239M->212M(512M) 101.201ms
[2022-03-25T10:15:14.380+0000][71165.044s] GC(432) User=0.13s Sys=0.01s Real=0.10s
[2022-03-25T10:15:16.595+0000][71167.258s] GC(433) Pause Young (Normal) (G1 Evacuation Pause)
[2022-03-25T10:15:16.608+0000][71167.271s] GC(433) Using 4 workers of 4 for evacuation
[2022-03-25T10:15:16.799+0000][71167.463s] GC(433)   Pre Evacuate Collection Set: 0.0ms
[2022-03-25T10:15:16.814+0000][71167.478s] GC(433)   Evacuate Collection Set: 169.3ms
[2022-03-25T10:15:16.826+0000][71167.489s] GC(433)   Post Evacuate Collection Set: 1.0ms
[2022-03-25T10:15:16.834+0000][71167.498s] GC(433)   Other: 34.5ms
[2022-03-25T10:15:16.846+0000][71167.510s] GC(433) Eden regions: 31->0(33)
[2022-03-25T10:15:16.858+0000][71167.522s] GC(433) Survivor regions: 3->3(5)
[2022-03-25T10:15:16.863+0000][71167.527s] GC(433) Old regions: 205->205
[2022-03-25T10:15:16.879+0000][71167.543s] GC(433) Humongous regions: 7->7
[2022-03-25T10:15:16.892+0000][71167.555s] GC(433) Metaspace: 61200K->61200K(1105920K)
[2022-03-25T10:15:17.053+0000][71167.716s] GC(433) Pause Young (Normal) (G1 Evacuation Pause) 243M->212M(512M) 457.805ms
[2022-03-25T10:15:17.083+0000][71167.746s] GC(433) User=0.08s Sys=0.10s Real=0.48s
[2022-03-25T10:15:22.647+0000][71173.311s] GC(434) Pause Young (Normal) (G1 Evacuation Pause)
[2022-03-25T10:15:22.649+0000][71173.313s] GC(434) Using 4 workers of 4 for evacuation
[2022-03-25T10:15:22.745+0000][71173.409s] GC(434)   Pre Evacuate Collection Set: 0.1ms
[2022-03-25T10:15:22.746+0000][71173.410s] GC(434)   Evacuate Collection Set: 94.1ms
[2022-03-25T10:15:22.748+0000][71173.411s] GC(434)   Post Evacuate Collection Set: 0.9ms
[2022-03-25T10:15:22.748+0000][71173.412s] GC(434)   Other: 3.0ms
[2022-03-25T10:15:22.749+0000][71173.412s] GC(434) Eden regions: 33->0(37)
[2022-03-25T10:15:22.749+0000][71173.413s] GC(434) Survivor regions: 3->3(5)
[2022-03-25T10:15:22.759+0000][71173.422s] GC(434) Old regions: 205->205
[2022-03-25T10:15:22.766+0000][71173.430s] GC(434) Humongous regions: 7->7
[2022-03-25T10:15:22.778+0000][71173.442s] GC(434) Metaspace: 61200K->61200K(1105920K)
[2022-03-25T10:15:22.782+0000][71173.445s] GC(434) Pause Young (Normal) (G1 Evacuation Pause) 245M->213M(512M) 134.291ms
[2022-03-25T10:15:22.783+0000][71173.447s] GC(434) User=0.25s Sys=0.01s Real=0.14s
[2022-03-25T10:15:24.136+0000][71174.800s] GC(435) Pause Young (Normal) (G1 Evacuation Pause)
[2022-03-25T10:15:24.147+0000][71174.811s] GC(435) Using 4 workers of 4 for evacuation
[2022-03-25T10:15:24.313+0000][71174.977s] GC(435)   Pre Evacuate Collection Set: 0.0ms
[2022-03-25T10:15:24.315+0000][71174.979s] GC(435)   Evacuate Collection Set: 160.8ms
[2022-03-25T10:15:24.316+0000][71174.980s] GC(435)   Post Evacuate Collection Set: 0.8ms
[2022-03-25T10:15:24.317+0000][71174.981s] GC(435)   Other: 15.9ms
[2022-03-25T10:15:24.318+0000][71174.982s] GC(435) Eden regions: 37->0(41)
[2022-03-25T10:15:24.319+0000][71174.983s] GC(435) Survivor regions: 3->4(5)
[2022-03-25T10:15:24.319+0000][71174.983s] GC(435) Old regions: 205->206
[2022-03-25T10:15:24.321+0000][71174.984s] GC(435) Humongous regions: 7->7
[2022-03-25T10:15:24.321+0000][71174.985s] GC(435) Metaspace: 61200K->61200K(1105920K)
[2022-03-25T10:15:24.322+0000][71174.985s] GC(435) Pause Young (Normal) (G1 Evacuation Pause) 250M->213M(512M) 185.768ms
[2022-03-25T10:15:24.322+0000][71174.986s] GC(435) User=0.20s Sys=0.03s Real=0.18s
[2022-03-25T10:15:27.490+0000][71178.154s] GC(436) Pause Young (Normal) (G1 Evacuation Pause)
[2022-03-25T10:15:27.497+0000][71178.161s] GC(436) Using 4 workers of 4 for evacuation
[2022-03-25T10:15:27.748+0000][71178.412s] GC(436)   Pre Evacuate Collection Set: 0.0ms
[2022-03-25T10:15:27.760+0000][71178.424s] GC(436)   Evacuate Collection Set: 240.4ms
[2022-03-25T10:15:27.761+0000][71178.424s] GC(436)   Post Evacuate Collection Set: 4.7ms
[2022-03-25T10:15:27.761+0000][71178.425s] GC(436)   Other: 12.8ms
[2022-03-25T10:15:27.763+0000][71178.427s] GC(436) Eden regions: 41->0(40)
[2022-03-25T10:15:27.764+0000][71178.428s] GC(436) Survivor regions: 4->4(6)
[2022-03-25T10:15:27.766+0000][71178.430s] GC(436) Old regions: 206->206
[2022-03-25T10:15:27.767+0000][71178.431s] GC(436) Humongous regions: 7->7
[2022-03-25T10:15:27.767+0000][71178.431s] GC(436) Metaspace: 61200K->61200K(1105920K)
[2022-03-25T10:15:27.780+0000][71178.444s] GC(436) Pause Young (Normal) (G1 Evacuation Pause) 254M->214M(512M) 290.166ms
[2022-03-25T10:15:27.784+0000][71178.448s] GC(436) User=0.19s Sys=0.07s Real=0.30s
[2022-03-25T10:15:35.681+0000][71186.345s] GC(437) Pause Young (Normal) (G1 Evacuation Pause)
[2022-03-25T10:15:35.693+0000][71186.357s] GC(437) Using 4 workers of 4 for evacuation
[2022-03-25T10:15:35.782+0000][71186.446s] GC(437)   Pre Evacuate Collection Set: 0.1ms
[2022-03-25T10:15:35.796+0000][71186.460s] GC(437)   Evacuate Collection Set: 76.7ms
[2022-03-25T10:15:35.797+0000][71186.460s] GC(437)   Post Evacuate Collection Set: 0.9ms
[2022-03-25T10:15:35.797+0000][71186.461s] GC(437)   Other: 23.9ms
[2022-03-25T10:15:35.798+0000][71186.462s] GC(437) Eden regions: 40->0(47)
[2022-03-25T10:15:35.802+0000][71186.465s] GC(437) Survivor regions: 4->4(6)
[2022-03-25T10:15:35.807+0000][71186.470s] GC(437) Old regions: 206->206
[2022-03-25T10:15:35.807+0000][71186.471s] GC(437) Humongous regions: 7->7
[2022-03-25T10:15:35.808+0000][71186.472s] GC(437) Metaspace: 61200K->61200K(1105920K)
[2022-03-25T10:15:35.809+0000][71186.472s] GC(437) Pause Young (Normal) (G1 Evacuation Pause) 254M->214M(512M) 127.518ms
[2022-03-25T10:15:35.809+0000][71186.473s] GC(437) User=0.18s Sys=0.01s Real=0.13s
[2022-03-25T10:15:38.195+0000][71188.859s] GC(438) Pause Young (Normal) (G1 Evacuation Pause)
[2022-03-25T10:15:38.201+0000][71188.865s] GC(438) Using 4 workers of 4 for evacuation
[2022-03-25T10:15:38.329+0000][71188.993s] GC(438)   Pre Evacuate Collection Set: 0.0ms
[2022-03-25T10:15:38.330+0000][71188.994s] GC(438)   Evacuate Collection Set: 109.5ms
[2022-03-25T10:15:38.331+0000][71188.995s] GC(438)   Post Evacuate Collection Set: 0.7ms
[2022-03-25T10:15:38.332+0000][71188.995s] GC(438)   Other: 23.7ms
[2022-03-25T10:15:38.335+0000][71188.999s] GC(438) Eden regions: 47->0(55)
[2022-03-25T10:15:38.339+0000][71189.003s] GC(438) Survivor regions: 4->5(7)
[2022-03-25T10:15:38.344+0000][71189.007s] GC(438) Old regions: 206->206
[2022-03-25T10:15:38.347+0000][71189.010s] GC(438) Humongous regions: 7->7
[2022-03-25T10:15:38.349+0000][71189.013s] GC(438) Metaspace: 61200K->61200K(1105920K)
[2022-03-25T10:15:38.364+0000][71189.028s] GC(438) Pause Young (Normal) (G1 Evacuation Pause) 261M->214M(512M) 168.990ms
[2022-03-25T10:15:38.377+0000][71189.041s] GC(438) User=0.14s Sys=0.00s Real=0.18s
[2022-03-25T10:15:44.875+0000][71195.538s] GC(439) Pause Young (Normal) (G1 Evacuation Pause)
[2022-03-25T10:15:44.878+0000][71195.542s] GC(439) Using 4 workers of 4 for evacuation
[2022-03-25T10:15:44.981+0000][71195.644s] GC(439)   Pre Evacuate Collection Set: 0.0ms
[2022-03-25T10:15:44.986+0000][71195.650s] GC(439)   Evacuate Collection Set: 79.9ms
[2022-03-25T10:15:44.995+0000][71195.658s] GC(439)   Post Evacuate Collection Set: 15.5ms
[2022-03-25T10:15:44.997+0000][71195.660s] GC(439)   Other: 10.5ms
[2022-03-25T10:15:44.999+0000][71195.663s] GC(439) Eden regions: 55->0(63)
[2022-03-25T10:15:45.000+0000][71195.664s] GC(439) Survivor regions: 5->5(8)
[2022-03-25T10:15:45.000+0000][71195.664s] GC(439) Old regions: 206->206
[2022-03-25T10:15:45.001+0000][71195.664s] GC(439) Humongous regions: 7->7
[2022-03-25T10:15:45.001+0000][71195.665s] GC(439) Metaspace: 61200K->61200K(1105920K)
[2022-03-25T10:15:45.004+0000][71195.668s] GC(439) Pause Young (Normal) (G1 Evacuation Pause) 269M->215M(512M) 129.478ms
[2022-03-25T10:15:45.007+0000][71195.670s] GC(439) User=0.13s Sys=0.07s Real=0.12s
[2022-03-25T10:15:46.995+0000][71197.659s] GC(440) Pause Young (Normal) (G1 Evacuation Pause)
[2022-03-25T10:15:46.999+0000][71197.662s] GC(440) Using 4 workers of 4 for evacuation
[2022-03-25T10:15:47.116+0000][71197.780s] GC(440)   Pre Evacuate Collection Set: 0.0ms
[2022-03-25T10:15:47.118+0000][71197.782s] GC(440)   Evacuate Collection Set: 103.7ms
[2022-03-25T10:15:47.119+0000][71197.783s] GC(440)   Post Evacuate Collection Set: 12.6ms
[2022-03-25T10:15:47.121+0000][71197.785s] GC(440)   Other: 4.3ms
[2022-03-25T10:15:47.123+0000][71197.786s] GC(440) Eden regions: 62->0(70)
[2022-03-25T10:15:47.133+0000][71197.797s] GC(440) Survivor regions: 5->5(9)
[2022-03-25T10:15:47.134+0000][71197.797s] GC(440) Old regions: 206->206
[2022-03-25T10:15:47.144+0000][71197.808s] GC(440) Humongous regions: 7->7
[2022-03-25T10:15:47.150+0000][71197.813s] GC(440) Metaspace: 61200K->61200K(1105920K)
[2022-03-25T10:15:47.151+0000][71197.815s] GC(440) Pause Young (Normal) (G1 Evacuation Pause) 277M->215M(512M) 155.702ms
[2022-03-25T10:15:47.175+0000][71197.838s] GC(440) User=0.15s Sys=0.01s Real=0.18s
[2022-03-25T10:15:54.214+0000][71204.878s] GC(441) Pause Young (Normal) (G1 Evacuation Pause)
[2022-03-25T10:15:54.215+0000][71204.879s] GC(441) Using 4 workers of 4 for evacuation
[2022-03-25T10:15:54.459+0000][71205.122s] GC(441)   Pre Evacuate Collection Set: 0.1ms
[2022-03-25T10:15:54.477+0000][71205.141s] GC(441)   Evacuate Collection Set: 215.2ms
[2022-03-25T10:15:54.478+0000][71205.141s] GC(441)   Post Evacuate Collection Set: 11.5ms
[2022-03-25T10:15:54.480+0000][71205.144s] GC(441)   Other: 18.1ms
[2022-03-25T10:15:54.485+0000][71205.149s] GC(441) Eden regions: 70->0(66)
[2022-03-25T10:15:54.495+0000][71205.159s] GC(441) Survivor regions: 5->5(10)
[2022-03-25T10:15:54.496+0000][71205.159s] GC(441) Old regions: 206->206
[2022-03-25T10:15:54.497+0000][71205.161s] GC(441) Humongous regions: 7->7
[2022-03-25T10:15:54.497+0000][71205.161s] GC(441) Metaspace: 61200K->61200K(1105920K)
[2022-03-25T10:15:54.498+0000][71205.161s] GC(441) Pause Young (Normal) (G1 Evacuation Pause) 285M->215M(512M) 283.719ms
[2022-03-25T10:15:54.498+0000][71205.162s] GC(441) User=0.15s Sys=0.13s Real=0.29s
[2022-03-25T10:15:58.766+0000][71209.430s] GC(442) Pause Young (Normal) (G1 Evacuation Pause)
[2022-03-25T10:15:58.779+0000][71209.443s] GC(442) Using 4 workers of 4 for evacuation
[2022-03-25T10:15:58.900+0000][71209.564s] GC(442)   Pre Evacuate Collection Set: 0.0ms
[2022-03-25T10:15:58.901+0000][71209.565s] GC(442)   Evacuate Collection Set: 97.5ms
[2022-03-25T10:15:58.902+0000][71209.565s] GC(442)   Post Evacuate Collection Set: 4.8ms
[2022-03-25T10:15:58.909+0000][71209.573s] GC(442)   Other: 31.4ms
[2022-03-25T10:15:58.913+0000][71209.576s] GC(442) Eden regions: 66->0(72)
[2022-03-25T10:15:58.918+0000][71209.582s] GC(442) Survivor regions: 5->7(9)
[2022-03-25T10:15:58.923+0000][71209.587s] GC(442) Old regions: 206->206
[2022-03-25T10:15:58.925+0000][71209.589s] GC(442) Humongous regions: 7->7
[2022-03-25T10:15:58.930+0000][71209.593s] GC(442) Metaspace: 61200K->61200K(1105920K)
[2022-03-25T10:15:58.931+0000][71209.595s] GC(442) Pause Young (Normal) (G1 Evacuation Pause) 281M->217M(512M) 165.161ms
[2022-03-25T10:15:58.934+0000][71209.598s] GC(442) User=0.07s Sys=0.04s Real=0.16s
[2022-03-25T10:16:01.704+0000][71212.368s] GC(443) Pause Young (Normal) (G1 Evacuation Pause)
[2022-03-25T10:16:01.709+0000][71212.373s] GC(443) Using 4 workers of 4 for evacuation
[2022-03-25T10:16:02.791+0000][71213.455s] GC(443) MMU target violated: 251.0ms (250.0ms/251.0ms)
[2022-03-25T10:16:02.796+0000][71213.460s] GC(443)   Pre Evacuate Collection Set: 0.0ms
[2022-03-25T10:16:02.802+0000][71213.466s] GC(443)   Evacuate Collection Set: 1067.4ms
[2022-03-25T10:16:02.804+0000][71213.468s] GC(443)   Post Evacuate Collection Set: 2.6ms
[2022-03-25T10:16:02.806+0000][71213.470s] GC(443)   Other: 22.0ms
[2022-03-25T10:16:02.810+0000][71213.474s] GC(443) Eden regions: 72->0(18)
[2022-03-25T10:16:02.811+0000][71213.475s] GC(443) Survivor regions: 7->7(10)
[2022-03-25T10:16:02.813+0000][71213.476s] GC(443) Old regions: 206->207
[2022-03-25T10:16:02.816+0000][71213.479s] GC(443) Humongous regions: 7->7
[2022-03-25T10:16:02.817+0000][71213.480s] GC(443) Metaspace: 61200K->61200K(1105920K)
[2022-03-25T10:16:02.817+0000][71213.481s] GC(443) Pause Young (Normal) (G1 Evacuation Pause) 289M->218M(512M) 1112.916ms
[2022-03-25T10:16:02.818+0000][71213.482s] GC(443) User=0.22s Sys=0.10s Real=1.11s
[2022-03-25T10:16:03.899+0000][71214.563s] GC(444) Pause Young (Normal) (G1 Evacuation Pause)
[2022-03-25T10:16:03.917+0000][71214.580s] GC(444) Using 4 workers of 4 for evacuation
[2022-03-25T10:16:05.529+0000][71216.192s] GC(444) MMU target violated: 251.0ms (250.0ms/251.0ms)
[2022-03-25T10:16:05.532+0000][71216.196s] GC(444)   Pre Evacuate Collection Set: 0.1ms
[2022-03-25T10:16:05.537+0000][71216.201s] GC(444)   Evacuate Collection Set: 1528.9ms
[2022-03-25T10:16:05.539+0000][71216.203s] GC(444)   Post Evacuate Collection Set: 3.9ms
[2022-03-25T10:16:05.539+0000][71216.203s] GC(444)   Other: 100.8ms
[2022-03-25T10:16:05.540+0000][71216.203s] GC(444) Eden regions: 18->0(23)
[2022-03-25T10:16:05.540+0000][71216.204s] GC(444) Survivor regions: 7->2(4)
[2022-03-25T10:16:05.540+0000][71216.204s] GC(444) Old regions: 207->212
[2022-03-25T10:16:05.541+0000][71216.204s] GC(444) Humongous regions: 7->7
[2022-03-25T10:16:05.541+0000][71216.205s] GC(444) Metaspace: 61200K->61200K(1105920K)
[2022-03-25T10:16:05.541+0000][71216.205s] GC(444) Pause Young (Normal) (G1 Evacuation Pause) 236M->218M(512M) 1642.445ms
[2022-03-25T10:16:05.542+0000][71216.205s] GC(444) User=0.19s Sys=0.13s Real=1.64s
[2022-03-25T10:16:05.900+0000][71216.564s] GC(445) Pause Young (Normal) (G1 Evacuation Pause)
[2022-03-25T10:16:05.910+0000][71216.574s] GC(445) Using 4 workers of 4 for evacuation
[2022-03-25T10:16:05.976+0000][71216.640s] GC(445)   Pre Evacuate Collection Set: 0.1ms
[2022-03-25T10:16:05.988+0000][71216.652s] GC(445)   Evacuate Collection Set: 63.9ms
[2022-03-25T10:16:06.003+0000][71216.667s] GC(445)   Post Evacuate Collection Set: 0.5ms
[2022-03-25T10:16:06.004+0000][71216.668s] GC(445)   Other: 11.7ms
[2022-03-25T10:16:06.004+0000][71216.668s] GC(445) Eden regions: 23->0(23)
[2022-03-25T10:16:06.004+0000][71216.668s] GC(445) Survivor regions: 2->2(4)
[2022-03-25T10:16:06.005+0000][71216.668s] GC(445) Old regions: 212->212
[2022-03-25T10:16:06.005+0000][71216.669s] GC(445) Humongous regions: 7->7
[2022-03-25T10:16:06.005+0000][71216.669s] GC(445) Metaspace: 61200K->61200K(1105920K)
[2022-03-25T10:16:06.006+0000][71216.670s] GC(445) Pause Young (Normal) (G1 Evacuation Pause) 241M->218M(512M) 105.840ms
[2022-03-25T10:16:06.007+0000][71216.670s] GC(445) User=0.06s Sys=0.00s Real=0.11s
[2022-03-25T10:16:06.659+0000][71217.323s] GC(446) Pause Young (Normal) (G1 Evacuation Pause)
[2022-03-25T10:16:06.661+0000][71217.324s] GC(446) Using 4 workers of 4 for evacuation
[2022-03-25T10:16:06.688+0000][71217.352s] GC(446)   Pre Evacuate Collection Set: 0.0ms
[2022-03-25T10:16:06.689+0000][71217.352s] GC(446)   Evacuate Collection Set: 26.0ms
[2022-03-25T10:16:06.689+0000][71217.352s] GC(446)   Post Evacuate Collection Set: 0.7ms
[2022-03-25T10:16:06.689+0000][71217.353s] GC(446)   Other: 2.4ms
[2022-03-25T10:16:06.689+0000][71217.353s] GC(446) Eden regions: 23->0(21)
[2022-03-25T10:16:06.690+0000][71217.354s] GC(446) Survivor regions: 2->4(4)
[2022-03-25T10:16:06.690+0000][71217.354s] GC(446) Old regions: 212->212
[2022-03-25T10:16:06.691+0000][71217.354s] GC(446) Humongous regions: 7->7
[2022-03-25T10:16:06.691+0000][71217.354s] GC(446) Metaspace: 61200K->61200K(1105920K)
[2022-03-25T10:16:06.691+0000][71217.355s] GC(446) Pause Young (Normal) (G1 Evacuation Pause) 241M->220M(512M) 32.004ms
[2022-03-25T10:16:06.692+0000][71217.355s] GC(446) User=0.07s Sys=0.00s Real=0.03s
[2022-03-25T10:16:06.947+0000][71217.611s] GC(447) Pause Young (Normal) (G1 Evacuation Pause)
[2022-03-25T10:16:06.948+0000][71217.612s] GC(447) Using 4 workers of 4 for evacuation
[2022-03-25T10:16:08.470+0000][71219.134s] GC(447) MMU target violated: 251.0ms (250.0ms/251.0ms)
[2022-03-25T10:16:08.476+0000][71219.139s] GC(447)   Pre Evacuate Collection Set: 0.0ms
[2022-03-25T10:16:08.478+0000][71219.142s] GC(447)   Evacuate Collection Set: 1521.1ms
[2022-03-25T10:16:08.479+0000][71219.143s] GC(447)   Post Evacuate Collection Set: 0.5ms
[2022-03-25T10:16:08.481+0000][71219.145s] GC(447)   Other: 7.1ms
[2022-03-25T10:16:08.482+0000][71219.146s] GC(447) Eden regions: 21->0(23)
[2022-03-25T10:16:08.484+0000][71219.147s] GC(447) Survivor regions: 4->2(4)
[2022-03-25T10:16:08.485+0000][71219.148s] GC(447) Old regions: 212->215
[2022-03-25T10:16:08.485+0000][71219.149s] GC(447) Humongous regions: 7->7
[2022-03-25T10:16:08.486+0000][71219.150s] GC(447) Metaspace: 61200K->61200K(1105920K)
[2022-03-25T10:16:08.486+0000][71219.150s] GC(447) Pause Young (Normal) (G1 Evacuation Pause) 241M->221M(512M) 1539.238ms
[2022-03-25T10:16:08.488+0000][71219.151s] GC(447) User=0.35s Sys=0.08s Real=1.53s
[2022-03-25T10:16:09.230+0000][71219.893s] GC(448) Pause Young (Normal) (G1 Evacuation Pause)
[2022-03-25T10:16:09.231+0000][71219.894s] GC(448) Using 4 workers of 4 for evacuation
[2022-03-25T10:16:09.273+0000][71219.937s] GC(448)   Pre Evacuate Collection Set: 0.0ms
[2022-03-25T10:16:09.274+0000][71219.938s] GC(448)   Evacuate Collection Set: 39.1ms
[2022-03-25T10:16:09.277+0000][71219.940s] GC(448)   Post Evacuate Collection Set: 0.5ms
[2022-03-25T10:16:09.282+0000][71219.946s] GC(448)   Other: 4.1ms
[2022-03-25T10:16:09.284+0000][71219.947s] GC(448) Eden regions: 23->0(23)
[2022-03-25T10:16:09.285+0000][71219.948s] GC(448) Survivor regions: 2->2(4)
[2022-03-25T10:16:09.286+0000][71219.949s] GC(448) Old regions: 215->215
[2022-03-25T10:16:09.287+0000][71219.950s] GC(448) Humongous regions: 7->7
[2022-03-25T10:16:09.288+0000][71219.952s] GC(448) Metaspace: 61200K->61200K(1105920K)
[2022-03-25T10:16:09.291+0000][71219.954s] GC(448) Pause Young (Normal) (G1 Evacuation Pause) 244M->221M(512M) 60.994ms
[2022-03-25T10:16:09.292+0000][71219.956s] GC(448) User=0.07s Sys=0.00s Real=0.06s
[2022-03-25T10:16:10.151+0000][71220.814s] GC(449) Pause Young (Normal) (G1 Evacuation Pause)
[2022-03-25T10:16:10.156+0000][71220.820s] GC(449) Using 4 workers of 4 for evacuation
[2022-03-25T10:16:10.255+0000][71220.919s] GC(449)   Pre Evacuate Collection Set: 0.0ms
[2022-03-25T10:16:10.263+0000][71220.926s] GC(449)   Evacuate Collection Set: 83.1ms
[2022-03-25T10:16:10.263+0000][71220.927s] GC(449)   Post Evacuate Collection Set: 0.4ms
[2022-03-25T10:16:10.264+0000][71220.927s] GC(449)   Other: 21.1ms
[2022-03-25T10:16:10.264+0000][71220.928s] GC(449) Eden regions: 23->0(21)
[2022-03-25T10:16:10.265+0000][71220.928s] GC(449) Survivor regions: 2->4(4)
[2022-03-25T10:16:10.265+0000][71220.929s] GC(449) Old regions: 215->215
[2022-03-25T10:16:10.266+0000][71220.929s] GC(449) Humongous regions: 7->7
[2022-03-25T10:16:10.266+0000][71220.930s] GC(449) Metaspace: 61200K->61200K(1105920K)
[2022-03-25T10:16:10.266+0000][71220.930s] GC(449) Pause Young (Normal) (G1 Evacuation Pause) 244M->223M(512M) 115.841ms
[2022-03-25T10:16:10.289+0000][71220.953s] GC(449) User=0.08s Sys=0.02s Real=0.13s
[2022-03-25T10:16:10.734+0000][71221.398s] GC(450) Pause Young (Normal) (G1 Evacuation Pause)
[2022-03-25T10:16:10.754+0000][71221.417s] GC(450) Using 4 workers of 4 for evacuation
[2022-03-25T10:16:11.080+0000][71221.744s] GC(450) MMU target violated: 251.0ms (250.0ms/251.0ms)
[2022-03-25T10:16:11.083+0000][71221.747s] GC(450)   Pre Evacuate Collection Set: 0.0ms
[2022-03-25T10:16:11.086+0000][71221.749s] GC(450)   Evacuate Collection Set: 321.4ms
[2022-03-25T10:16:11.097+0000][71221.760s] GC(450)   Post Evacuate Collection Set: 0.8ms
[2022-03-25T10:16:11.105+0000][71221.769s] GC(450)   Other: 26.7ms
[2022-03-25T10:16:11.111+0000][71221.775s] GC(450) Eden regions: 21->0(23)
[2022-03-25T10:16:11.111+0000][71221.775s] GC(450) Survivor regions: 4->2(4)
[2022-03-25T10:16:11.114+0000][71221.778s] GC(450) Old regions: 215->217
[2022-03-25T10:16:11.115+0000][71221.778s] GC(450) Humongous regions: 7->7
[2022-03-25T10:16:11.117+0000][71221.781s] GC(450) Metaspace: 61200K->61200K(1105920K)
[2022-03-25T10:16:11.120+0000][71221.784s] GC(450) Pause Young (Normal) (G1 Evacuation Pause) 244M->223M(512M) 385.935ms
[2022-03-25T10:16:11.121+0000][71221.784s] GC(450) User=0.11s Sys=0.18s Real=0.38s
[2022-03-25T10:16:11.544+0000][71222.208s] GC(451) Pause Young (Normal) (G1 Evacuation Pause)
[2022-03-25T10:16:11.552+0000][71222.215s] GC(451) Using 4 workers of 4 for evacuation
[2022-03-25T10:16:11.633+0000][71222.297s] GC(451)   Pre Evacuate Collection Set: 0.1ms
[2022-03-25T10:16:11.634+0000][71222.298s] GC(451)   Evacuate Collection Set: 79.2ms
[2022-03-25T10:16:11.655+0000][71222.319s] GC(451)   Post Evacuate Collection Set: 0.8ms
[2022-03-25T10:16:11.659+0000][71222.323s] GC(451)   Other: 8.7ms
[2022-03-25T10:16:11.659+0000][71222.323s] GC(451) Eden regions: 23->0(23)
[2022-03-25T10:16:11.660+0000][71222.323s] GC(451) Survivor regions: 2->2(4)
[2022-03-25T10:16:11.660+0000][71222.324s] GC(451) Old regions: 217->217
[2022-03-25T10:16:11.661+0000][71222.324s] GC(451) Humongous regions: 7->7
[2022-03-25T10:16:11.661+0000][71222.325s] GC(451) Metaspace: 61200K->61200K(1105920K)
[2022-03-25T10:16:11.662+0000][71222.326s] GC(451) Pause Young (Normal) (G1 Evacuation Pause) 246M->223M(512M) 117.386ms
[2022-03-25T10:16:11.662+0000][71222.326s] GC(451) User=0.13s Sys=0.02s Real=0.12s
[2022-03-25T10:16:12.678+0000][71223.341s] GC(452) Pause Young (Normal) (G1 Evacuation Pause)
[2022-03-25T10:16:12.682+0000][71223.346s] GC(452) Using 4 workers of 4 for evacuation
[2022-03-25T10:16:12.757+0000][71223.420s] GC(452)   Pre Evacuate Collection Set: 0.0ms
[2022-03-25T10:16:12.784+0000][71223.447s] GC(452)   Evacuate Collection Set: 16.6ms
[2022-03-25T10:16:12.789+0000][71223.452s] GC(452)   Post Evacuate Collection Set: 0.4ms
[2022-03-25T10:16:12.833+0000][71223.497s] GC(452)   Other: 62.0ms
[2022-03-25T10:16:12.842+0000][71223.505s] GC(452) Eden regions: 23->0(24)
[2022-03-25T10:16:12.848+0000][71223.512s] GC(452) Survivor regions: 2->2(4)
[2022-03-25T10:16:12.850+0000][71223.513s] GC(452) Old regions: 217->217
[2022-03-25T10:16:12.851+0000][71223.514s] GC(452) Humongous regions: 7->7
[2022-03-25T10:16:12.851+0000][71223.515s] GC(452) Metaspace: 61200K->61200K(1105920K)
[2022-03-25T10:16:12.852+0000][71223.516s] GC(452) Pause Young (Normal) (G1 Evacuation Pause) 246M->224M(512M) 174.311ms
[2022-03-25T10:16:12.853+0000][71223.517s] GC(452) User=0.03s Sys=0.00s Real=0.17s
[2022-03-25T10:16:13.159+0000][71223.822s] GC(453) Pause Young (Normal) (G1 Evacuation Pause)
[2022-03-25T10:16:13.173+0000][71223.837s] GC(453) Using 4 workers of 4 for evacuation
[2022-03-25T10:16:13.287+0000][71223.950s] GC(453)   Pre Evacuate Collection Set: 0.0ms
[2022-03-25T10:16:13.290+0000][71223.953s] GC(453)   Evacuate Collection Set: 95.8ms
[2022-03-25T10:16:13.302+0000][71223.966s] GC(453)   Post Evacuate Collection Set: 0.5ms
[2022-03-25T10:16:13.318+0000][71223.982s] GC(453)   Other: 31.8ms
[2022-03-25T10:16:13.350+0000][71224.014s] GC(453) Eden regions: 24->0(28)
[2022-03-25T10:16:13.370+0000][71224.034s] GC(453) Survivor regions: 2->3(4)
[2022-03-25T10:16:13.386+0000][71224.050s] GC(453) Old regions: 217->217
[2022-03-25T10:16:13.398+0000][71224.062s] GC(453) Humongous regions: 7->7
[2022-03-25T10:16:13.405+0000][71224.069s] GC(453) Metaspace: 61200K->61200K(1105920K)
[2022-03-25T10:16:13.414+0000][71224.078s] GC(453) Pause Young (Normal) (G1 Evacuation Pause) 248M->224M(512M) 255.134ms
[2022-03-25T10:16:13.434+0000][71224.098s] GC(453) User=0.07s Sys=0.00s Real=0.28s
[2022-03-25T10:16:14.197+0000][71224.860s] GC(454) Pause Young (Normal) (G1 Evacuation Pause)
[2022-03-25T10:16:14.201+0000][71224.864s] GC(454) Using 4 workers of 4 for evacuation
[2022-03-25T10:16:14.301+0000][71224.965s] GC(454)   Pre Evacuate Collection Set: 0.1ms
[2022-03-25T10:16:14.306+0000][71224.970s] GC(454)   Evacuate Collection Set: 88.5ms
[2022-03-25T10:16:14.308+0000][71224.972s] GC(454)   Post Evacuate Collection Set: 1.1ms
[2022-03-25T10:16:14.310+0000][71224.974s] GC(454)   Other: 15.0ms
[2022-03-25T10:16:14.311+0000][71224.975s] GC(454) Eden regions: 28->0(32)
[2022-03-25T10:16:14.312+0000][71224.975s] GC(454) Survivor regions: 3->4(4)
[2022-03-25T10:16:14.323+0000][71224.986s] GC(454) Old regions: 217->217
[2022-03-25T10:16:14.331+0000][71224.994s] GC(454) Humongous regions: 7->7
[2022-03-25T10:16:14.333+0000][71224.997s] GC(454) Metaspace: 61200K->61200K(1105920K)
[2022-03-25T10:16:14.334+0000][71224.998s] GC(454) Pause Young (Normal) (G1 Evacuation Pause) 252M->225M(512M) 137.456ms
[2022-03-25T10:16:14.336+0000][71225.004s] GC(454) User=0.03s Sys=0.02s Real=0.15s
[2022-03-25T10:16:15.964+0000][71226.628s] GC(455) Pause Young (Normal) (G1 Evacuation Pause)
[2022-03-25T10:16:15.965+0000][71226.629s] GC(455) Using 4 workers of 4 for evacuation
[2022-03-25T10:16:16.061+0000][71226.724s] GC(455)   Pre Evacuate Collection Set: 0.1ms
[2022-03-25T10:16:16.069+0000][71226.733s] GC(455)   Evacuate Collection Set: 88.3ms
[2022-03-25T10:16:16.074+0000][71226.738s] GC(455)   Post Evacuate Collection Set: 2.1ms
[2022-03-25T10:16:16.087+0000][71226.751s] GC(455)   Other: 6.0ms
[2022-03-25T10:16:16.109+0000][71226.773s] GC(455) Eden regions: 32->0(34)
[2022-03-25T10:16:16.110+0000][71226.774s] GC(455) Survivor regions: 4->3(5)
[2022-03-25T10:16:16.111+0000][71226.775s] GC(455) Old regions: 217->218
[2022-03-25T10:16:16.111+0000][71226.775s] GC(455) Humongous regions: 7->7
[2022-03-25T10:16:16.113+0000][71226.776s] GC(455) Metaspace: 61200K->61200K(1105920K)
[2022-03-25T10:16:16.115+0000][71226.778s] GC(455) Pause Young (Normal) (G1 Evacuation Pause) 257M->225M(512M) 150.380ms
[2022-03-25T10:16:16.117+0000][71226.780s] GC(455) User=0.09s Sys=0.03s Real=0.16s
[2022-03-25T10:16:17.140+0000][71227.804s] GC(456) Pause Young (Normal) (G1 Evacuation Pause)
[2022-03-25T10:16:17.158+0000][71227.822s] GC(456) Using 4 workers of 4 for evacuation
[2022-03-25T10:16:17.274+0000][71227.937s] GC(456)   Pre Evacuate Collection Set: 0.1ms
[2022-03-25T10:16:17.294+0000][71227.957s] GC(456)   Evacuate Collection Set: 94.4ms
[2022-03-25T10:16:17.294+0000][71227.958s] GC(456)   Post Evacuate Collection Set: 3.2ms
[2022-03-25T10:16:17.295+0000][71227.959s] GC(456)   Other: 36.0ms
[2022-03-25T10:16:17.295+0000][71227.959s] GC(456) Eden regions: 34->0(38)
[2022-03-25T10:16:17.295+0000][71227.959s] GC(456) Survivor regions: 3->3(5)
[2022-03-25T10:16:17.296+0000][71227.959s] GC(456) Old regions: 218->218
[2022-03-25T10:16:17.296+0000][71227.960s] GC(456) Humongous regions: 7->7
[2022-03-25T10:16:17.296+0000][71227.960s] GC(456) Metaspace: 61200K->61200K(1105920K)
[2022-03-25T10:16:17.296+0000][71227.960s] GC(456) Pause Young (Normal) (G1 Evacuation Pause) 259M->225M(512M) 156.483ms
[2022-03-25T10:16:17.297+0000][71227.960s] GC(456) User=0.05s Sys=0.02s Real=0.15s
[2022-03-25T10:16:18.530+0000][71229.194s] GC(457) Pause Young (Normal) (G1 Evacuation Pause)
[2022-03-25T10:16:18.564+0000][71229.228s] GC(457) Using 4 workers of 4 for evacuation
[2022-03-25T10:16:18.757+0000][71229.421s] GC(457)   Pre Evacuate Collection Set: 0.0ms
[2022-03-25T10:16:18.829+0000][71229.493s] GC(457)   Evacuate Collection Set: 150.6ms
[2022-03-25T10:16:18.869+0000][71229.533s] GC(457)   Post Evacuate Collection Set: 22.1ms
[2022-03-25T10:16:18.871+0000][71229.535s] GC(457)   Other: 54.8ms
[2022-03-25T10:16:18.901+0000][71229.564s] GC(457) Eden regions: 38->0(43)
[2022-03-25T10:16:18.935+0000][71229.598s] GC(457) Survivor regions: 3->3(6)
[2022-03-25T10:16:18.950+0000][71229.614s] GC(457) Old regions: 218->218
[2022-03-25T10:16:18.987+0000][71229.650s] GC(457) Humongous regions: 7->7
[2022-03-25T10:16:19.006+0000][71229.670s] GC(457) Metaspace: 61200K->61200K(1105920K)
[2022-03-25T10:16:19.025+0000][71229.688s] GC(457) Pause Young (Normal) (G1 Evacuation Pause) 263M->225M(512M) 494.936ms
[2022-03-25T10:16:19.045+0000][71229.708s] GC(457) User=0.06s Sys=0.00s Real=0.51s
[2022-03-25T10:16:24.739+0000][71235.402s] GC(458) Pause Young (Normal) (G1 Evacuation Pause)
[2022-03-25T10:16:24.739+0000][71235.403s] GC(458) Using 4 workers of 4 for evacuation
[2022-03-25T10:16:24.843+0000][71235.507s] GC(458)   Pre Evacuate Collection Set: 0.0ms
[2022-03-25T10:16:24.845+0000][71235.508s] GC(458)   Evacuate Collection Set: 101.3ms
[2022-03-25T10:16:24.845+0000][71235.509s] GC(458)   Post Evacuate Collection Set: 0.5ms
[2022-03-25T10:16:24.849+0000][71235.512s] GC(458)   Other: 3.2ms
[2022-03-25T10:16:24.851+0000][71235.515s] GC(458) Eden regions: 43->0(49)
[2022-03-25T10:16:24.852+0000][71235.516s] GC(458) Survivor regions: 3->5(6)
[2022-03-25T10:16:24.853+0000][71235.516s] GC(458) Old regions: 218->218
[2022-03-25T10:16:24.853+0000][71235.517s] GC(458) Humongous regions: 7->7
[2022-03-25T10:16:24.853+0000][71235.517s] GC(458) Metaspace: 61250K->61250K(1105920K)
[2022-03-25T10:16:24.853+0000][71235.517s] GC(458) Pause Young (Normal) (G1 Evacuation Pause) 268M->227M(512M) 114.919ms
[2022-03-25T10:16:24.858+0000][71235.522s] GC(458) User=0.07s Sys=0.01s Real=0.12s
[2022-03-25T10:16:30.284+0000][71240.947s] GC(459) Pause Young (Normal) (G1 Evacuation Pause)
[2022-03-25T10:16:30.285+0000][71240.948s] GC(459) Using 4 workers of 4 for evacuation
[2022-03-25T10:16:30.664+0000][71241.327s] GC(459) MMU target violated: 251.0ms (250.0ms/251.0ms)
[2022-03-25T10:16:30.755+0000][71241.418s] GC(459)   Pre Evacuate Collection Set: 0.0ms
[2022-03-25T10:16:30.778+0000][71241.442s] GC(459)   Evacuate Collection Set: 376.4ms
[2022-03-25T10:16:30.791+0000][71241.455s] GC(459)   Post Evacuate Collection Set: 0.7ms
[2022-03-25T10:16:30.803+0000][71241.467s] GC(459)   Other: 94.7ms
[2022-03-25T10:16:30.809+0000][71241.473s] GC(459) Eden regions: 49->0(39)
[2022-03-25T10:16:30.819+0000][71241.483s] GC(459) Survivor regions: 5->4(7)
[2022-03-25T10:16:30.837+0000][71241.500s] GC(459) Old regions: 218->219
[2022-03-25T10:16:30.853+0000][71241.517s] GC(459) Humongous regions: 7->7
[2022-03-25T10:16:30.917+0000][71241.580s] GC(459) Metaspace: 61250K->61250K(1105920K)
[2022-03-25T10:16:30.947+0000][71241.611s] GC(459) Pause Young (Normal) (G1 Evacuation Pause) 276M->227M(512M) 663.257ms
[2022-03-25T10:16:30.949+0000][71241.613s] GC(459) User=0.18s Sys=0.06s Real=0.67s
[2022-03-25T10:16:52.588+0000][71263.252s] GC(460) Pause Young (Normal) (G1 Evacuation Pause)
[2022-03-25T10:16:52.589+0000][71263.252s] GC(460) Using 4 workers of 4 for evacuation
[2022-03-25T10:16:52.884+0000][71263.548s] GC(460) MMU target violated: 251.0ms (250.0ms/251.0ms)
[2022-03-25T10:16:52.925+0000][71263.589s] GC(460)   Pre Evacuate Collection Set: 0.1ms
[2022-03-25T10:16:52.944+0000][71263.608s] GC(460)   Evacuate Collection Set: 278.6ms
[2022-03-25T10:16:52.971+0000][71263.635s] GC(460)   Post Evacuate Collection Set: 15.4ms
[2022-03-25T10:16:52.986+0000][71263.649s] GC(460)   Other: 43.4ms
[2022-03-25T10:16:52.993+0000][71263.656s] GC(460) Eden regions: 39->0(40)
[2022-03-25T10:16:53.004+0000][71263.667s] GC(460) Survivor regions: 4->3(6)
[2022-03-25T10:16:53.013+0000][71263.676s] GC(460) Old regions: 219->220
[2022-03-25T10:16:53.017+0000][71263.681s] GC(460) Humongous regions: 7->7
[2022-03-25T10:16:53.029+0000][71263.693s] GC(460) Metaspace: 61250K->61250K(1105920K)
[2022-03-25T10:16:53.055+0000][71263.718s] GC(460) Pause Young (Normal) (G1 Evacuation Pause) 266M->227M(512M) 466.526ms
[2022-03-25T10:16:53.062+0000][71263.726s] GC(460) User=0.33s Sys=0.01s Real=0.47s
[2022-03-25T10:16:55.793+0000][71266.457s] GC(461) Pause Young (Normal) (G1 Evacuation Pause)
[2022-03-25T10:16:55.801+0000][71266.465s] GC(461) Using 4 workers of 4 for evacuation
[2022-03-25T10:16:55.882+0000][71266.546s] GC(461)   Pre Evacuate Collection Set: 0.1ms
[2022-03-25T10:16:55.884+0000][71266.547s] GC(461)   Evacuate Collection Set: 78.4ms
[2022-03-25T10:16:55.886+0000][71266.550s] GC(461)   Post Evacuate Collection Set: 0.7ms
[2022-03-25T10:16:55.905+0000][71266.569s] GC(461)   Other: 9.3ms
[2022-03-25T10:16:55.935+0000][71266.599s] GC(461) Eden regions: 40->0(50)
[2022-03-25T10:16:55.945+0000][71266.608s] GC(461) Survivor regions: 3->3(6)
[2022-03-25T10:16:55.957+0000][71266.620s] GC(461) Old regions: 220->220
[2022-03-25T10:16:55.965+0000][71266.629s] GC(461) Humongous regions: 7->7
[2022-03-25T10:16:55.984+0000][71266.647s] GC(461) Metaspace: 61250K->61250K(1105920K)
[2022-03-25T10:16:56.006+0000][71266.669s] GC(461) Pause Young (Normal) (G1 Evacuation Pause) 267M->227M(512M) 212.350ms
[2022-03-25T10:16:56.032+0000][71266.696s] GC(461) User=0.05s Sys=0.03s Real=0.24s
[2022-03-25T10:16:59.443+0000][71270.106s] GC(462) Pause Young (Normal) (G1 Evacuation Pause)
[2022-03-25T10:16:59.449+0000][71270.113s] GC(462) Using 4 workers of 4 for evacuation
[2022-03-25T10:16:59.506+0000][71270.170s] GC(462)   Pre Evacuate Collection Set: 0.0ms
[2022-03-25T10:16:59.508+0000][71270.172s] GC(462)   Evacuate Collection Set: 35.9ms
[2022-03-25T10:16:59.510+0000][71270.173s] GC(462)   Post Evacuate Collection Set: 0.7ms
[2022-03-25T10:16:59.513+0000][71270.177s] GC(462)   Other: 27.0ms
[2022-03-25T10:16:59.513+0000][71270.177s] GC(462) Eden regions: 50->0(64)
[2022-03-25T10:16:59.514+0000][71270.178s] GC(462) Survivor regions: 3->3(7)
[2022-03-25T10:16:59.514+0000][71270.178s] GC(462) Old regions: 220->220
[2022-03-25T10:16:59.515+0000][71270.178s] GC(462) Humongous regions: 7->7
[2022-03-25T10:16:59.515+0000][71270.179s] GC(462) Metaspace: 61250K->61250K(1105920K)
[2022-03-25T10:16:59.516+0000][71270.179s] GC(462) Pause Young (Normal) (G1 Evacuation Pause) 277M->228M(512M) 72.891ms
[2022-03-25T10:16:59.518+0000][71270.182s] GC(462) User=0.05s Sys=0.01s Real=0.08s
[2022-03-25T10:17:06.424+0000][71277.088s] GC(463) Pause Young (Normal) (G1 Evacuation Pause)
[2022-03-25T10:17:06.426+0000][71277.090s] GC(463) Using 4 workers of 4 for evacuation
[2022-03-25T10:17:06.637+0000][71277.301s] GC(463)   Pre Evacuate Collection Set: 0.1ms
[2022-03-25T10:17:06.641+0000][71277.305s] GC(463)   Evacuate Collection Set: 200.4ms
[2022-03-25T10:17:06.645+0000][71277.309s] GC(463)   Post Evacuate Collection Set: 9.2ms
[2022-03-25T10:17:06.671+0000][71277.334s] GC(463)   Other: 3.2ms
[2022-03-25T10:17:06.672+0000][71277.335s] GC(463) Eden regions: 64->0(63)
[2022-03-25T10:17:06.674+0000][71277.338s] GC(463) Survivor regions: 3->4(9)
[2022-03-25T10:17:06.675+0000][71277.338s] GC(463) Old regions: 220->220
[2022-03-25T10:17:06.675+0000][71277.339s] GC(463) Humongous regions: 7->7
[2022-03-25T10:17:06.692+0000][71277.355s] GC(463) Metaspace: 61250K->61250K(1105920K)
[2022-03-25T10:17:06.692+0000][71277.356s] GC(463) Pause Young (Normal) (G1 Evacuation Pause) 292M->229M(512M) 267.866ms
[2022-03-25T10:17:06.693+0000][71277.356s] GC(463) User=0.13s Sys=0.08s Real=0.26s
[2022-03-25T10:17:09.654+0000][71280.318s] GC(464) Pause Young (Normal) (G1 Evacuation Pause)
[2022-03-25T10:17:09.674+0000][71280.338s] GC(464) Using 4 workers of 4 for evacuation
[2022-03-25T10:17:09.788+0000][71280.452s] GC(464)   Pre Evacuate Collection Set: 0.0ms
[2022-03-25T10:17:09.789+0000][71280.453s] GC(464)   Evacuate Collection Set: 82.9ms
[2022-03-25T10:17:09.789+0000][71280.453s] GC(464)   Post Evacuate Collection Set: 11.1ms
[2022-03-25T10:17:09.789+0000][71280.453s] GC(464)   Other: 40.4ms
[2022-03-25T10:17:09.790+0000][71280.453s] GC(464) Eden regions: 63->0(71)
[2022-03-25T10:17:09.790+0000][71280.453s] GC(464) Survivor regions: 4->6(9)
[2022-03-25T10:17:09.790+0000][71280.454s] GC(464) Old regions: 220->220
[2022-03-25T10:17:09.790+0000][71280.454s] GC(464) Humongous regions: 7->7
[2022-03-25T10:17:09.790+0000][71280.454s] GC(464) Metaspace: 61250K->61250K(1105920K)
[2022-03-25T10:17:09.791+0000][71280.454s] GC(464) Pause Young (Normal) (G1 Evacuation Pause) 292M->230M(512M) 136.372ms
[2022-03-25T10:17:09.791+0000][71280.455s] GC(464) User=0.14s Sys=0.04s Real=0.13s
[2022-03-25T10:17:11.231+0000][71281.895s] GC(465) Pause Young (Normal) (G1 Evacuation Pause)
[2022-03-25T10:17:11.247+0000][71281.910s] GC(465) Using 4 workers of 4 for evacuation
[2022-03-25T10:17:11.536+0000][71282.200s] GC(465) MMU target violated: 251.0ms (250.0ms/251.0ms)
[2022-03-25T10:17:11.541+0000][71282.205s] GC(465)   Pre Evacuate Collection Set: 0.2ms
[2022-03-25T10:17:11.557+0000][71282.221s] GC(465)   Evacuate Collection Set: 279.8ms
[2022-03-25T10:17:11.580+0000][71282.243s] GC(465)   Post Evacuate Collection Set: 0.9ms
[2022-03-25T10:17:11.605+0000][71282.269s] GC(465)   Other: 29.6ms
[2022-03-25T10:17:11.607+0000][71282.271s] GC(465) Eden regions: 71->0(63)
[2022-03-25T10:17:11.634+0000][71282.298s] GC(465) Survivor regions: 6->5(10)
[2022-03-25T10:17:11.664+0000][71282.327s] GC(465) Old regions: 220->221
[2022-03-25T10:17:11.686+0000][71282.350s] GC(465) Humongous regions: 7->7
[2022-03-25T10:17:11.695+0000][71282.359s] GC(465) Metaspace: 61250K->61250K(1105920K)
[2022-03-25T10:17:11.728+0000][71282.392s] GC(465) Pause Young (Normal) (G1 Evacuation Pause) 301M->230M(512M) 496.671ms
[2022-03-25T10:17:11.733+0000][71282.397s] GC(465) User=0.39s Sys=0.02s Real=0.50s
[2022-03-25T10:17:13.748+0000][71284.412s] GC(466) Pause Young (Normal) (G1 Evacuation Pause)
[2022-03-25T10:17:13.776+0000][71284.440s] GC(466) Using 4 workers of 4 for evacuation
[2022-03-25T10:17:14.001+0000][71284.664s] GC(466)   Pre Evacuate Collection Set: 0.1ms
[2022-03-25T10:17:14.014+0000][71284.678s] GC(466)   Evacuate Collection Set: 221.8ms
[2022-03-25T10:17:14.025+0000][71284.689s] GC(466)   Post Evacuate Collection Set: 0.6ms
[2022-03-25T10:17:14.030+0000][71284.694s] GC(466)   Other: 30.1ms
[2022-03-25T10:17:14.039+0000][71284.703s] GC(466) Eden regions: 63->0(66)
[2022-03-25T10:17:14.039+0000][71284.703s] GC(466) Survivor regions: 5->5(9)
[2022-03-25T10:17:14.040+0000][71284.703s] GC(466) Old regions: 221->221
[2022-03-25T10:17:14.051+0000][71284.715s] GC(466) Humongous regions: 7->7
[2022-03-25T10:17:14.067+0000][71284.731s] GC(466) Metaspace: 61250K->61250K(1105920K)
[2022-03-25T10:17:14.083+0000][71284.747s] GC(466) Pause Young (Normal) (G1 Evacuation Pause) 293M->230M(512M) 334.825ms
[2022-03-25T10:17:14.099+0000][71284.763s] GC(466) User=0.07s Sys=0.04s Real=0.35s
[2022-03-25T10:17:16.432+0000][71287.095s] GC(467) Pause Young (Normal) (G1 Evacuation Pause)
[2022-03-25T10:17:16.434+0000][71287.098s] GC(467) Using 4 workers of 4 for evacuation
[2022-03-25T10:17:16.495+0000][71287.159s] GC(467)   Pre Evacuate Collection Set: 0.0ms
[2022-03-25T10:17:16.497+0000][71287.161s] GC(467)   Evacuate Collection Set: 58.6ms
[2022-03-25T10:17:16.498+0000][71287.161s] GC(467)   Post Evacuate Collection Set: 0.5ms
[2022-03-25T10:17:16.500+0000][71287.164s] GC(467)   Other: 4.5ms
[2022-03-25T10:17:16.500+0000][71287.164s] GC(467) Eden regions: 66->0(77)
[2022-03-25T10:17:16.501+0000][71287.164s] GC(467) Survivor regions: 5->5(9)
[2022-03-25T10:17:16.501+0000][71287.165s] GC(467) Old regions: 221->221
[2022-03-25T10:17:16.501+0000][71287.165s] GC(467) Humongous regions: 7->7
[2022-03-25T10:17:16.501+0000][71287.165s] GC(467) Metaspace: 61250K->61250K(1105920K)
[2022-03-25T10:17:16.502+0000][71287.165s] GC(467) Pause Young (Normal) (G1 Evacuation Pause) 296M->230M(512M) 70.020ms
[2022-03-25T10:17:16.502+0000][71287.166s] GC(467) User=0.08s Sys=0.00s Real=0.07s
[2022-03-25T10:17:28.249+0000][71298.913s] GC(468) Pause Young (Normal) (G1 Evacuation Pause)
[2022-03-25T10:17:28.259+0000][71298.923s] GC(468) Using 4 workers of 4 for evacuation
[2022-03-25T10:17:28.368+0000][71299.032s] GC(468)   Pre Evacuate Collection Set: 5.8ms
[2022-03-25T10:17:28.383+0000][71299.047s] GC(468)   Evacuate Collection Set: 100.8ms
[2022-03-25T10:17:28.393+0000][71299.057s] GC(468)   Post Evacuate Collection Set: 0.8ms
[2022-03-25T10:17:28.396+0000][71299.060s] GC(468)   Other: 11.5ms
[2022-03-25T10:17:28.398+0000][71299.062s] GC(468) Eden regions: 77->0(89)
[2022-03-25T10:17:28.401+0000][71299.064s] GC(468) Survivor regions: 5->5(11)
[2022-03-25T10:17:28.405+0000][71299.069s] GC(468) Old regions: 221->221
[2022-03-25T10:17:28.405+0000][71299.069s] GC(468) Humongous regions: 7->7
[2022-03-25T10:17:28.406+0000][71299.069s] GC(468) Metaspace: 61250K->61250K(1105920K)
[2022-03-25T10:17:28.413+0000][71299.077s] GC(468) Pause Young (Normal) (G1 Evacuation Pause) 307M->231M(512M) 163.993ms
[2022-03-25T10:17:28.415+0000][71299.079s] GC(468) User=0.23s Sys=0.00s Real=0.17s
[2022-03-25T10:17:36.690+0000][71307.354s] GC(469) Pause Young (Normal) (G1 Evacuation Pause)
[2022-03-25T10:17:36.699+0000][71307.363s] GC(469) Using 4 workers of 4 for evacuation
[2022-03-25T10:17:36.999+0000][71307.663s] GC(469) MMU target violated: 251.0ms (250.0ms/251.0ms)
[2022-03-25T10:17:37.019+0000][71307.682s] GC(469)   Pre Evacuate Collection Set: 0.0ms
[2022-03-25T10:17:37.030+0000][71307.694s] GC(469)   Evacuate Collection Set: 282.3ms
[2022-03-25T10:17:37.046+0000][71307.710s] GC(469)   Post Evacuate Collection Set: 0.9ms
[2022-03-25T10:17:37.064+0000][71307.727s] GC(469)   Other: 45.1ms
[2022-03-25T10:17:37.080+0000][71307.743s] GC(469) Eden regions: 89->0(89)
[2022-03-25T10:17:37.112+0000][71307.775s] GC(469) Survivor regions: 5->6(12)
[2022-03-25T10:17:37.128+0000][71307.791s] GC(469) Old regions: 221->221
[2022-03-25T10:17:37.144+0000][71307.808s] GC(469) Humongous regions: 7->7
[2022-03-25T10:17:37.177+0000][71307.840s] GC(469) Metaspace: 61250K->61250K(1105920K)
[2022-03-25T10:17:37.192+0000][71307.856s] GC(469) Pause Young (Normal) (G1 Evacuation Pause) 320M->231M(512M) 502.063ms
[2022-03-25T10:17:37.208+0000][71307.872s] GC(469) User=0.19s Sys=0.18s Real=0.52s
[2022-03-25T10:17:40.916+0000][71311.580s] GC(470) Pause Young (Normal) (G1 Evacuation Pause)
[2022-03-25T10:17:40.920+0000][71311.584s] GC(470) Using 4 workers of 4 for evacuation
[2022-03-25T10:17:41.105+0000][71311.769s] GC(470)   Pre Evacuate Collection Set: 0.0ms
[2022-03-25T10:17:41.114+0000][71311.778s] GC(470)   Evacuate Collection Set: 167.2ms
[2022-03-25T10:17:41.116+0000][71311.780s] GC(470)   Post Evacuate Collection Set: 0.9ms
[2022-03-25T10:17:41.117+0000][71311.781s] GC(470)   Other: 20.9ms
[2022-03-25T10:17:41.117+0000][71311.781s] GC(470) Eden regions: 89->0(99)
[2022-03-25T10:17:41.118+0000][71311.781s] GC(470) Survivor regions: 6->7(12)
[2022-03-25T10:17:41.118+0000][71311.782s] GC(470) Old regions: 221->221
[2022-03-25T10:17:41.130+0000][71311.794s] GC(470) Humongous regions: 7->7
[2022-03-25T10:17:41.141+0000][71311.804s] GC(470) Metaspace: 61251K->61251K(1105920K)
[2022-03-25T10:17:41.158+0000][71311.821s] GC(470) Pause Young (Normal) (G1 Evacuation Pause) 320M->233M(512M) 241.648ms
[2022-03-25T10:17:41.173+0000][71311.837s] GC(470) User=0.09s Sys=0.08s Real=0.25s
[2022-03-25T10:17:44.976+0000][71315.639s] GC(471) Pause Young (Normal) (G1 Evacuation Pause)
[2022-03-25T10:17:44.977+0000][71315.641s] GC(471) Using 4 workers of 4 for evacuation
[2022-03-25T10:17:45.400+0000][71316.063s] GC(471) MMU target violated: 251.0ms (250.0ms/251.0ms)
[2022-03-25T10:17:45.406+0000][71316.070s] GC(471)   Pre Evacuate Collection Set: 0.0ms
[2022-03-25T10:17:45.419+0000][71316.082s] GC(471)   Evacuate Collection Set: 415.3ms
[2022-03-25T10:17:45.422+0000][71316.085s] GC(471)   Post Evacuate Collection Set: 2.6ms
[2022-03-25T10:17:45.424+0000][71316.087s] GC(471)   Other: 12.7ms
[2022-03-25T10:17:45.426+0000][71316.089s] GC(471) Eden regions: 99->0(73)
[2022-03-25T10:17:45.427+0000][71316.090s] GC(471) Survivor regions: 7->7(14)
[2022-03-25T10:17:45.427+0000][71316.091s] GC(471) Old regions: 221->221
[2022-03-25T10:17:45.427+0000][71316.091s] GC(471) Humongous regions: 7->7
[2022-03-25T10:17:45.428+0000][71316.091s] GC(471) Metaspace: 61251K->61251K(1105920K)
[2022-03-25T10:17:45.428+0000][71316.092s] GC(471) Pause Young (Normal) (G1 Evacuation Pause) 332M->232M(512M) 452.202ms
[2022-03-25T10:17:45.428+0000][71316.092s] GC(471) User=0.27s Sys=0.07s Real=0.44s
[2022-03-25T10:17:47.366+0000][71318.030s] GC(472) Pause Young (Normal) (G1 Evacuation Pause)
[2022-03-25T10:17:47.382+0000][71318.045s] GC(472) Using 4 workers of 4 for evacuation
[2022-03-25T10:17:47.804+0000][71318.468s] GC(472) MMU target violated: 251.0ms (250.0ms/251.0ms)
[2022-03-25T10:17:47.834+0000][71318.498s] GC(472)   Pre Evacuate Collection Set: 0.0ms
[2022-03-25T10:17:47.924+0000][71318.588s] GC(472)   Evacuate Collection Set: 394.9ms
[2022-03-25T10:17:47.926+0000][71318.590s] GC(472)   Post Evacuate Collection Set: 11.3ms
[2022-03-25T10:17:47.928+0000][71318.592s] GC(472)   Other: 61.5ms
[2022-03-25T10:17:47.929+0000][71318.593s] GC(472) Eden regions: 73->0(24)
[2022-03-25T10:17:47.940+0000][71318.603s] GC(472) Survivor regions: 7->7(10)
[2022-03-25T10:17:47.940+0000][71318.604s] GC(472) Old regions: 221->223
[2022-03-25T10:17:47.941+0000][71318.604s] GC(472) Humongous regions: 7->7
[2022-03-25T10:17:47.941+0000][71318.605s] GC(472) Metaspace: 61251K->61251K(1105920K)
[2022-03-25T10:17:47.942+0000][71318.606s] GC(472) Pause Young (Normal) (G1 Evacuation Pause) 305M->234M(512M) 576.047ms
[2022-03-25T10:17:47.943+0000][71318.606s] GC(472) User=0.15s Sys=0.06s Real=0.57s
[2022-03-25T10:17:48.554+0000][71319.217s] GC(473) Pause Young (Normal) (G1 Evacuation Pause)
[2022-03-25T10:17:48.575+0000][71319.239s] GC(473) Using 4 workers of 4 for evacuation
[2022-03-25T10:17:48.815+0000][71319.479s] GC(473)   Pre Evacuate Collection Set: 0.0ms
[2022-03-25T10:17:48.816+0000][71319.480s] GC(473)   Evacuate Collection Set: 221.0ms
[2022-03-25T10:17:48.816+0000][71319.480s] GC(473)   Post Evacuate Collection Set: 0.8ms
[2022-03-25T10:17:48.817+0000][71319.480s] GC(473)   Other: 40.0ms
[2022-03-25T10:17:48.817+0000][71319.481s] GC(473) Eden regions: 24->0(92)
[2022-03-25T10:17:48.817+0000][71319.481s] GC(473) Survivor regions: 7->2(4)
[2022-03-25T10:17:48.817+0000][71319.481s] GC(473) Old regions: 223->228
[2022-03-25T10:17:48.818+0000][71319.481s] GC(473) Humongous regions: 7->7
[2022-03-25T10:17:48.819+0000][71319.483s] GC(473) Metaspace: 61251K->61251K(1105920K)
[2022-03-25T10:17:48.821+0000][71319.485s] GC(473) Pause Young (Normal) (G1 Evacuation Pause) 258M->233M(512M) 267.604ms
[2022-03-25T10:17:48.822+0000][71319.486s] GC(473) User=0.07s Sys=0.07s Real=0.27s
[2022-03-25T10:17:56.066+0000][71326.730s] GC(474) Pause Young (Normal) (G1 Evacuation Pause)
[2022-03-25T10:17:56.073+0000][71326.737s] GC(474) Using 4 workers of 4 for evacuation
[2022-03-25T10:17:56.208+0000][71326.872s] GC(474)   Pre Evacuate Collection Set: 0.1ms
[2022-03-25T10:17:56.240+0000][71326.903s] GC(474)   Evacuate Collection Set: 132.8ms
[2022-03-25T10:17:56.271+0000][71326.935s] GC(474)   Post Evacuate Collection Set: 0.6ms
[2022-03-25T10:17:56.290+0000][71326.954s] GC(474)   Other: 8.4ms
[2022-03-25T10:17:56.336+0000][71327.000s] GC(474) Eden regions: 92->0(115)
[2022-03-25T10:17:56.385+0000][71327.049s] GC(474) Survivor regions: 2->2(12)
[2022-03-25T10:17:56.436+0000][71327.100s] GC(474) Old regions: 228->228
[2022-03-25T10:17:56.485+0000][71327.148s] GC(474) Humongous regions: 7->7
[2022-03-25T10:17:56.501+0000][71327.164s] GC(474) Metaspace: 61251K->61251K(1105920K)
[2022-03-25T10:17:56.519+0000][71327.183s] GC(474) Pause Young (Normal) (G1 Evacuation Pause) 325M->234M(512M) 453.077ms
[2022-03-25T10:17:56.553+0000][71327.217s] GC(474) User=0.11s Sys=0.02s Real=0.48s
[2022-03-25T10:18:02.394+0000][71333.058s] GC(475) Pause Young (Normal) (G1 Evacuation Pause)
[2022-03-25T10:18:02.407+0000][71333.070s] GC(475) Using 4 workers of 4 for evacuation
[2022-03-25T10:18:02.953+0000][71333.616s] GC(475) MMU target violated: 251.0ms (250.0ms/251.0ms)
[2022-03-25T10:18:02.955+0000][71333.619s] GC(475)   Pre Evacuate Collection Set: 0.1ms
[2022-03-25T10:18:02.956+0000][71333.620s] GC(475)   Evacuate Collection Set: 522.9ms
[2022-03-25T10:18:02.964+0000][71333.628s] GC(475)   Post Evacuate Collection Set: 22.2ms
[2022-03-25T10:18:02.968+0000][71333.632s] GC(475)   Other: 16.1ms
[2022-03-25T10:18:02.969+0000][71333.633s] GC(475) Eden regions: 115->0(21)
[2022-03-25T10:18:02.973+0000][71333.637s] GC(475) Survivor regions: 2->4(15)
[2022-03-25T10:18:02.975+0000][71333.639s] GC(475) Old regions: 228->228
[2022-03-25T10:18:02.977+0000][71333.641s] GC(475) Humongous regions: 7->7
[2022-03-25T10:18:02.978+0000][71333.641s] GC(475) Metaspace: 61251K->61251K(1105920K)
[2022-03-25T10:18:02.980+0000][71333.644s] GC(475) Pause Young (Normal) (G1 Evacuation Pause) 349M->236M(512M) 585.561ms
[2022-03-25T10:18:02.981+0000][71333.645s] GC(475) User=0.15s Sys=0.07s Real=0.58s
[2022-03-25T10:18:03.573+0000][71334.237s] GC(476) Pause Young (Normal) (G1 Evacuation Pause)
[2022-03-25T10:18:03.580+0000][71334.244s] GC(476) Using 4 workers of 4 for evacuation
[2022-03-25T10:18:03.982+0000][71334.645s] GC(476) MMU target violated: 251.0ms (250.0ms/251.0ms)
[2022-03-25T10:18:03.986+0000][71334.649s] GC(476)   Pre Evacuate Collection Set: 0.0ms
[2022-03-25T10:18:03.987+0000][71334.651s] GC(476)   Evacuate Collection Set: 388.6ms
[2022-03-25T10:18:03.987+0000][71334.651s] GC(476)   Post Evacuate Collection Set: 2.4ms
[2022-03-25T10:18:03.988+0000][71334.651s] GC(476)   Other: 21.3ms
[2022-03-25T10:18:03.988+0000][71334.652s] GC(476) Eden regions: 21->0(29)
[2022-03-25T10:18:03.989+0000][71334.652s] GC(476) Survivor regions: 4->2(4)
[2022-03-25T10:18:03.989+0000][71334.653s] GC(476) Old regions: 228->230
[2022-03-25T10:18:03.989+0000][71334.653s] GC(476) Humongous regions: 7->7
[2022-03-25T10:18:03.990+0000][71334.653s] GC(476) Metaspace: 61251K->61251K(1105920K)
[2022-03-25T10:18:03.990+0000][71334.653s] GC(476) Pause Young (Normal) (G1 Evacuation Pause) 257M->235M(512M) 416.551ms
[2022-03-25T10:18:03.990+0000][71334.654s] GC(476) User=0.18s Sys=0.03s Real=0.42s
[2022-03-25T10:18:04.934+0000][71335.598s] GC(477) Pause Young (Normal) (G1 Evacuation Pause)
[2022-03-25T10:18:04.936+0000][71335.599s] GC(477) Using 4 workers of 4 for evacuation
[2022-03-25T10:18:05.057+0000][71335.720s] GC(477)   Pre Evacuate Collection Set: 0.1ms
[2022-03-25T10:18:05.085+0000][71335.749s] GC(477)   Evacuate Collection Set: 97.5ms
[2022-03-25T10:18:05.105+0000][71335.768s] GC(477)   Post Evacuate Collection Set: 22.5ms
[2022-03-25T10:18:05.142+0000][71335.806s] GC(477)   Other: 2.8ms
[2022-03-25T10:18:05.237+0000][71335.901s] GC(477) Eden regions: 29->0(42)
[2022-03-25T10:18:05.244+0000][71335.908s] GC(477) Survivor regions: 2->2(4)
[2022-03-25T10:18:05.270+0000][71335.933s] GC(477) Old regions: 230->230
[2022-03-25T10:18:05.309+0000][71335.972s] GC(477) Humongous regions: 7->7
[2022-03-25T10:18:05.321+0000][71335.985s] GC(477) Metaspace: 61251K->61251K(1105920K)
[2022-03-25T10:18:05.344+0000][71336.008s] GC(477) Pause Young (Normal) (G1 Evacuation Pause) 264M->235M(512M) 409.770ms
[2022-03-25T10:18:05.360+0000][71336.024s] GC(477) User=0.07s Sys=0.02s Real=0.43s
[2022-03-25T10:18:08.662+0000][71339.325s] GC(478) Pause Young (Normal) (G1 Evacuation Pause)
[2022-03-25T10:18:08.676+0000][71339.339s] GC(478) Using 4 workers of 4 for evacuation
[2022-03-25T10:18:08.893+0000][71339.556s] GC(478)   Pre Evacuate Collection Set: 0.0ms
[2022-03-25T10:18:08.912+0000][71339.576s] GC(478)   Evacuate Collection Set: 191.7ms
[2022-03-25T10:18:08.929+0000][71339.592s] GC(478)   Post Evacuate Collection Set: 0.6ms
[2022-03-25T10:18:08.944+0000][71339.608s] GC(478)   Other: 38.6ms
[2022-03-25T10:18:08.947+0000][71339.611s] GC(478) Eden regions: 42->0(48)
[2022-03-25T10:18:08.968+0000][71339.631s] GC(478) Survivor regions: 2->2(6)
[2022-03-25T10:18:08.981+0000][71339.645s] GC(478) Old regions: 230->230
[2022-03-25T10:18:09.014+0000][71339.678s] GC(478) Humongous regions: 7->7
[2022-03-25T10:18:09.025+0000][71339.689s] GC(478) Metaspace: 61251K->61251K(1105920K)
[2022-03-25T10:18:09.035+0000][71339.699s] GC(478) Pause Young (Normal) (G1 Evacuation Pause) 277M->236M(512M) 373.532ms
[2022-03-25T10:18:09.088+0000][71339.751s] GC(478) User=0.06s Sys=0.05s Real=0.43s
[2022-03-25T10:18:11.020+0000][71341.683s] GC(479) Pause Young (Normal) (G1 Evacuation Pause)
[2022-03-25T10:18:11.024+0000][71341.688s] GC(479) Using 4 workers of 4 for evacuation
[2022-03-25T10:18:11.158+0000][71341.822s] GC(479)   Pre Evacuate Collection Set: 0.1ms
[2022-03-25T10:18:11.200+0000][71341.864s] GC(479)   Evacuate Collection Set: 125.8ms
[2022-03-25T10:18:11.216+0000][71341.879s] GC(479)   Post Evacuate Collection Set: 1.1ms
[2022-03-25T10:18:11.237+0000][71341.901s] GC(479)   Other: 11.1ms
[2022-03-25T10:18:11.238+0000][71341.902s] GC(479) Eden regions: 48->0(52)
[2022-03-25T10:18:11.241+0000][71341.905s] GC(479) Survivor regions: 2->3(7)
[2022-03-25T10:18:11.254+0000][71341.918s] GC(479) Old regions: 230->230
[2022-03-25T10:18:11.268+0000][71341.932s] GC(479) Humongous regions: 7->7
[2022-03-25T10:18:11.284+0000][71341.947s] GC(479) Metaspace: 61251K->61251K(1105920K)
[2022-03-25T10:18:11.287+0000][71341.950s] GC(479) Pause Young (Normal) (G1 Evacuation Pause) 284M->237M(512M) 266.975ms
[2022-03-25T10:18:11.290+0000][71341.953s] GC(479) User=0.05s Sys=0.08s Real=0.27s
[2022-03-25T10:18:12.894+0000][71343.558s] GC(480) Pause Young (Normal) (G1 Evacuation Pause)
[2022-03-25T10:18:12.899+0000][71343.563s] GC(480) Using 4 workers of 4 for evacuation
[2022-03-25T10:18:12.968+0000][71343.632s] GC(480)   Pre Evacuate Collection Set: 0.0ms
[2022-03-25T10:18:12.969+0000][71343.633s] GC(480)   Evacuate Collection Set: 48.9ms
[2022-03-25T10:18:12.969+0000][71343.633s] GC(480)   Post Evacuate Collection Set: 13.7ms
[2022-03-25T10:18:12.972+0000][71343.636s] GC(480)   Other: 11.9ms
[2022-03-25T10:18:12.977+0000][71343.640s] GC(480) Eden regions: 52->0(65)
[2022-03-25T10:18:12.977+0000][71343.641s] GC(480) Survivor regions: 3->4(7)
[2022-03-25T10:18:12.980+0000][71343.644s] GC(480) Old regions: 230->230
[2022-03-25T10:18:12.981+0000][71343.645s] GC(480) Humongous regions: 7->7
[2022-03-25T10:18:12.982+0000][71343.646s] GC(480) Metaspace: 61251K->61251K(1105920K)
[2022-03-25T10:18:12.983+0000][71343.647s] GC(480) Pause Young (Normal) (G1 Evacuation Pause) 289M->238M(512M) 89.015ms
[2022-03-25T10:18:12.983+0000][71343.647s] GC(480) User=0.05s Sys=0.01s Real=0.09s
[2022-03-25T10:18:14.560+0000][71345.224s] GC(481) Pause Young (Normal) (G1 Evacuation Pause)
[2022-03-25T10:18:14.565+0000][71345.228s] GC(481) Using 4 workers of 4 for evacuation
[2022-03-25T10:18:14.662+0000][71345.326s] GC(481)   Pre Evacuate Collection Set: 0.0ms
[2022-03-25T10:18:14.668+0000][71345.331s] GC(481)   Evacuate Collection Set: 92.0ms
[2022-03-25T10:18:14.686+0000][71345.349s] GC(481)   Post Evacuate Collection Set: 0.7ms
[2022-03-25T10:18:14.688+0000][71345.351s] GC(481)   Other: 9.2ms
[2022-03-25T10:18:14.702+0000][71345.365s] GC(481) Eden regions: 65->0(80)
[2022-03-25T10:18:14.718+0000][71345.382s] GC(481) Survivor regions: 4->3(9)
[2022-03-25T10:18:14.722+0000][71345.385s] GC(481) Old regions: 230->230
[2022-03-25T10:18:14.744+0000][71345.408s] GC(481) Humongous regions: 7->7
[2022-03-25T10:18:14.799+0000][71345.463s] GC(481) Metaspace: 61251K->61251K(1105920K)
[2022-03-25T10:18:14.814+0000][71345.478s] GC(481) Pause Young (Normal) (G1 Evacuation Pause) 303M->237M(512M) 253.646ms
[2022-03-25T10:18:14.835+0000][71345.499s] GC(481) User=0.03s Sys=0.06s Real=0.28s
[2022-03-25T10:18:19.115+0000][71349.778s] GC(482) Pause Young (Normal) (G1 Evacuation Pause)
[2022-03-25T10:18:19.143+0000][71349.807s] GC(482) Using 4 workers of 4 for evacuation
[2022-03-25T10:18:19.262+0000][71349.926s] GC(482)   Pre Evacuate Collection Set: 0.1ms
[2022-03-25T10:18:19.268+0000][71349.932s] GC(482)   Evacuate Collection Set: 102.3ms
[2022-03-25T10:18:19.308+0000][71349.971s] GC(482)   Post Evacuate Collection Set: 12.5ms
[2022-03-25T10:18:19.365+0000][71350.028s] GC(482)   Other: 32.4ms
[2022-03-25T10:18:19.413+0000][71350.076s] GC(482) Eden regions: 80->0(88)
[2022-03-25T10:18:19.432+0000][71350.095s] GC(482) Survivor regions: 3->4(11)
[2022-03-25T10:18:19.457+0000][71350.121s] GC(482) Old regions: 230->230
[2022-03-25T10:18:19.467+0000][71350.131s] GC(482) Humongous regions: 7->7
[2022-03-25T10:18:19.483+0000][71350.147s] GC(482) Metaspace: 61251K->61251K(1105920K)
[2022-03-25T10:18:19.518+0000][71350.182s] GC(482) Pause Young (Normal) (G1 Evacuation Pause) 317M->238M(512M) 403.099ms
[2022-03-25T10:18:19.538+0000][71350.202s] GC(482) User=0.11s Sys=0.04s Real=0.41s
[2022-03-25T10:18:27.437+0000][71358.101s] GC(483) Pause Young (Normal) (G1 Evacuation Pause)
[2022-03-25T10:18:27.463+0000][71358.127s] GC(483) Using 4 workers of 4 for evacuation
[2022-03-25T10:18:27.585+0000][71358.249s] GC(483)   Pre Evacuate Collection Set: 0.1ms
[2022-03-25T10:18:27.597+0000][71358.261s] GC(483)   Evacuate Collection Set: 104.6ms
[2022-03-25T10:18:27.600+0000][71358.263s] GC(483)   Post Evacuate Collection Set: 0.8ms
[2022-03-25T10:18:27.602+0000][71358.265s] GC(483)   Other: 42.5ms
[2022-03-25T10:18:27.604+0000][71358.268s] GC(483) Eden regions: 88->0(98)
[2022-03-25T10:18:27.606+0000][71358.270s] GC(483) Survivor regions: 4->4(12)
[2022-03-25T10:18:27.612+0000][71358.276s] GC(483) Old regions: 230->230
[2022-03-25T10:18:27.617+0000][71358.280s] GC(483) Humongous regions: 7->7
[2022-03-25T10:18:27.621+0000][71358.285s] GC(483) Metaspace: 61251K->61251K(1105920K)
[2022-03-25T10:18:27.630+0000][71358.294s] GC(483) Pause Young (Normal) (G1 Evacuation Pause) 326M->238M(512M) 192.969ms
[2022-03-25T10:18:27.658+0000][71358.322s] GC(483) User=0.05s Sys=0.07s Real=0.22s
[2022-03-25T10:18:32.519+0000][71363.183s] GC(484) Pause Young (Normal) (G1 Evacuation Pause)
[2022-03-25T10:18:32.520+0000][71363.184s] GC(484) Using 4 workers of 4 for evacuation
[2022-03-25T10:18:32.839+0000][71363.503s] GC(484) MMU target violated: 251.0ms (250.0ms/251.0ms)
[2022-03-25T10:18:32.850+0000][71363.514s] GC(484)   Pre Evacuate Collection Set: 0.0ms
[2022-03-25T10:18:32.866+0000][71363.530s] GC(484)   Evacuate Collection Set: 317.1ms
[2022-03-25T10:18:32.872+0000][71363.535s] GC(484)   Post Evacuate Collection Set: 1.1ms
[2022-03-25T10:18:32.892+0000][71363.555s] GC(484)   Other: 12.6ms
[2022-03-25T10:18:32.919+0000][71363.583s] GC(484) Eden regions: 98->0(102)
[2022-03-25T10:18:32.952+0000][71363.616s] GC(484) Survivor regions: 4->5(13)
[2022-03-25T10:18:32.968+0000][71363.632s] GC(484) Old regions: 230->230
[2022-03-25T10:18:32.978+0000][71363.642s] GC(484) Humongous regions: 7->7
[2022-03-25T10:18:33.001+0000][71363.664s] GC(484) Metaspace: 61251K->61251K(1105920K)
[2022-03-25T10:18:33.001+0000][71363.665s] GC(484) Pause Young (Normal) (G1 Evacuation Pause) 336M->238M(512M) 481.834ms
[2022-03-25T10:18:33.002+0000][71363.665s] GC(484) User=0.08s Sys=0.09s Real=0.47s
[2022-03-25T10:18:36.636+0000][71367.300s] GC(485) Pause Young (Normal) (G1 Evacuation Pause)
[2022-03-25T10:18:36.638+0000][71367.301s] GC(485) Using 4 workers of 4 for evacuation
[2022-03-25T10:18:36.754+0000][71367.418s] GC(485)   Pre Evacuate Collection Set: 0.1ms
[2022-03-25T10:18:36.766+0000][71367.430s] GC(485)   Evacuate Collection Set: 113.2ms
[2022-03-25T10:18:36.770+0000][71367.433s] GC(485)   Post Evacuate Collection Set: 0.7ms
[2022-03-25T10:18:36.776+0000][71367.439s] GC(485)   Other: 4.4ms
[2022-03-25T10:18:36.788+0000][71367.452s] GC(485) Eden regions: 102->0(111)
[2022-03-25T10:18:36.789+0000][71367.453s] GC(485) Survivor regions: 5->5(14)
[2022-03-25T10:18:36.790+0000][71367.453s] GC(485) Old regions: 230->230
[2022-03-25T10:18:36.790+0000][71367.454s] GC(485) Humongous regions: 7->7
[2022-03-25T10:18:36.794+0000][71367.457s] GC(485) Metaspace: 61251K->61251K(1105920K)
[2022-03-25T10:18:36.811+0000][71367.475s] GC(485) Pause Young (Normal) (G1 Evacuation Pause) 340M->239M(512M) 175.083ms
[2022-03-25T10:18:36.828+0000][71367.492s] GC(485) User=0.06s Sys=0.05s Real=0.19s
[2022-03-25T10:18:42.670+0000][71373.334s] GC(486) Pause Young (Normal) (G1 Evacuation Pause)
[2022-03-25T10:18:42.671+0000][71373.334s] GC(486) Using 4 workers of 4 for evacuation
[2022-03-25T10:18:42.786+0000][71373.450s] GC(486)   Pre Evacuate Collection Set: 0.0ms
[2022-03-25T10:18:42.790+0000][71373.454s] GC(486)   Evacuate Collection Set: 114.3ms
[2022-03-25T10:18:42.792+0000][71373.456s] GC(486)   Post Evacuate Collection Set: 0.6ms
[2022-03-25T10:18:42.793+0000][71373.456s] GC(486)   Other: 1.3ms
[2022-03-25T10:18:42.793+0000][71373.457s] GC(486) Eden regions: 111->0(115)
[2022-03-25T10:18:42.794+0000][71373.458s] GC(486) Survivor regions: 5->6(15)
[2022-03-25T10:18:42.795+0000][71373.459s] GC(486) Old regions: 230->230
[2022-03-25T10:18:42.796+0000][71373.460s] GC(486) Humongous regions: 7->7
[2022-03-25T10:18:42.796+0000][71373.460s] GC(486) Metaspace: 61251K->61251K(1105920K)
[2022-03-25T10:18:42.797+0000][71373.460s] GC(486) Pause Young (Normal) (G1 Evacuation Pause) 350M->240M(512M) 126.349ms
[2022-03-25T10:18:42.797+0000][71373.461s] GC(486) User=0.10s Sys=0.08s Real=0.13s
[2022-03-25T10:18:47.073+0000][71377.736s] GC(487) Pause Young (Normal) (G1 Evacuation Pause)
[2022-03-25T10:18:47.100+0000][71377.764s] GC(487) Using 4 workers of 4 for evacuation
[2022-03-25T10:18:48.033+0000][71378.697s] GC(487) MMU target violated: 251.0ms (250.0ms/251.0ms)
[2022-03-25T10:18:48.070+0000][71378.734s] GC(487)   Pre Evacuate Collection Set: 0.0ms
[2022-03-25T10:18:48.088+0000][71378.752s] GC(487)   Evacuate Collection Set: 922.2ms
[2022-03-25T10:18:48.120+0000][71378.784s] GC(487)   Post Evacuate Collection Set: 1.0ms
[2022-03-25T10:18:48.145+0000][71378.809s] GC(487)   Other: 104.6ms
[2022-03-25T10:18:48.177+0000][71378.841s] GC(487) Eden regions: 115->0(18)
[2022-03-25T10:18:48.257+0000][71378.921s] GC(487) Survivor regions: 6->7(16)
[2022-03-25T10:18:48.369+0000][71379.033s] GC(487) Old regions: 230->230
[2022-03-25T10:18:48.429+0000][71379.092s] GC(487) Humongous regions: 7->7
[2022-03-25T10:18:48.477+0000][71379.141s] GC(487) Metaspace: 61251K->61251K(1105920K)
[2022-03-25T10:18:48.523+0000][71379.187s] GC(487) Pause Young (Normal) (G1 Evacuation Pause) 355M->241M(512M) 1480.475ms
[2022-03-25T10:18:48.540+0000][71379.204s] GC(487) User=0.39s Sys=0.39s Real=1.50s
[2022-03-25T10:18:49.121+0000][71379.784s] GC(488) Pause Young (Normal) (G1 Evacuation Pause)
[2022-03-25T10:18:49.127+0000][71379.791s] GC(488) Using 4 workers of 4 for evacuation
[2022-03-25T10:18:49.679+0000][71380.343s] GC(488) MMU target violated: 251.0ms (250.0ms/251.0ms)
[2022-03-25T10:18:49.680+0000][71380.343s] GC(488)   Pre Evacuate Collection Set: 0.1ms
[2022-03-25T10:18:49.680+0000][71380.343s] GC(488)   Evacuate Collection Set: 533.5ms
[2022-03-25T10:18:49.680+0000][71380.344s] GC(488)   Post Evacuate Collection Set: 1.7ms
[2022-03-25T10:18:49.680+0000][71380.344s] GC(488)   Other: 23.8ms
[2022-03-25T10:18:49.680+0000][71380.344s] GC(488) Eden regions: 18->0(22)
[2022-03-25T10:18:49.680+0000][71380.344s] GC(488) Survivor regions: 7->3(4)
[2022-03-25T10:18:49.681+0000][71380.344s] GC(488) Old regions: 230->234
[2022-03-25T10:18:49.681+0000][71380.344s] GC(488) Humongous regions: 7->7
[2022-03-25T10:18:49.681+0000][71380.345s] GC(488) Metaspace: 61251K->61251K(1105920K)
[2022-03-25T10:18:49.681+0000][71380.345s] GC(488) Pause Young (Normal) (G1 Evacuation Pause) 259M->241M(512M) 560.550ms
[2022-03-25T10:18:49.681+0000][71380.345s] GC(488) User=0.56s Sys=0.26s Real=0.56s
[2022-03-25T10:18:49.886+0000][71380.550s] GC(489) Pause Young (Normal) (G1 Evacuation Pause)
[2022-03-25T10:18:49.909+0000][71380.573s] GC(489) Using 4 workers of 4 for evacuation
[2022-03-25T10:18:50.056+0000][71380.719s] GC(489)   Pre Evacuate Collection Set: 0.0ms
[2022-03-25T10:18:50.056+0000][71380.720s] GC(489)   Evacuate Collection Set: 138.1ms
[2022-03-25T10:18:50.056+0000][71380.720s] GC(489)   Post Evacuate Collection Set: 6.4ms
[2022-03-25T10:18:50.057+0000][71380.721s] GC(489)   Other: 24.9ms
[2022-03-25T10:18:50.057+0000][71380.721s] GC(489) Eden regions: 22->0(30)
[2022-03-25T10:18:50.058+0000][71380.721s] GC(489) Survivor regions: 3->2(4)
[2022-03-25T10:18:50.071+0000][71380.734s] GC(489) Old regions: 234->235
[2022-03-25T10:18:50.075+0000][71380.739s] GC(489) Humongous regions: 7->7
[2022-03-25T10:18:50.078+0000][71380.742s] GC(489) Metaspace: 61251K->61251K(1105920K)
[2022-03-25T10:18:50.079+0000][71380.742s] GC(489) Pause Young (Normal) (G1 Evacuation Pause) 263M->241M(512M) 192.233ms
[2022-03-25T10:18:50.089+0000][71380.753s] GC(489) User=0.07s Sys=0.04s Real=0.21s
[2022-03-25T10:33:34.959+0000][72265.623s] GC(490) Pause Young (Normal) (G1 Evacuation Pause)
[2022-03-25T10:33:34.960+0000][72265.624s] GC(490) Using 4 workers of 4 for evacuation
[2022-03-25T10:33:35.079+0000][72265.743s] GC(490)   Pre Evacuate Collection Set: 10.8ms
[2022-03-25T10:33:35.079+0000][72265.743s] GC(490)   Evacuate Collection Set: 99.7ms
[2022-03-25T10:33:35.080+0000][72265.743s] GC(490)   Post Evacuate Collection Set: 5.3ms
[2022-03-25T10:33:35.080+0000][72265.744s] GC(490)   Other: 6.1ms
[2022-03-25T10:33:35.081+0000][72265.744s] GC(490) Eden regions: 30->0(39)
[2022-03-25T10:33:35.081+0000][72265.745s] GC(490) Survivor regions: 2->1(4)
[2022-03-25T10:33:35.081+0000][72265.745s] GC(490) Old regions: 235->235
[2022-03-25T10:33:35.082+0000][72265.745s] GC(490) Humongous regions: 7->7
[2022-03-25T10:33:35.082+0000][72265.746s] GC(490) Metaspace: 61253K->61253K(1105920K)
[2022-03-25T10:33:35.083+0000][72265.746s] GC(490) Pause Young (Normal) (G1 Evacuation Pause) 271M->240M(512M) 124.205ms
[2022-03-25T10:33:35.083+0000][72265.747s] GC(490) User=0.40s Sys=0.00s Real=0.12s
[2022-03-25T11:40:23.130+0000][76273.794s] GC(491) Pause Young (Normal) (G1 Evacuation Pause)
[2022-03-25T11:40:23.131+0000][76273.795s] GC(491) Using 4 workers of 4 for evacuation
[2022-03-25T11:40:23.224+0000][76273.888s] GC(491)   Pre Evacuate Collection Set: 11.4ms
[2022-03-25T11:40:23.224+0000][76273.888s] GC(491)   Evacuate Collection Set: 71.5ms
[2022-03-25T11:40:23.224+0000][76273.888s] GC(491)   Post Evacuate Collection Set: 3.7ms
[2022-03-25T11:40:23.225+0000][76273.889s] GC(491)   Other: 8.4ms
[2022-03-25T11:40:23.225+0000][76273.889s] GC(491) Eden regions: 39->0(40)
[2022-03-25T11:40:23.225+0000][76273.889s] GC(491) Survivor regions: 1->2(5)
[2022-03-25T11:40:23.226+0000][76273.889s] GC(491) Old regions: 235->235
[2022-03-25T11:40:23.226+0000][76273.889s] GC(491) Humongous regions: 7->7
[2022-03-25T11:40:23.226+0000][76273.890s] GC(491) Metaspace: 61254K->61254K(1105920K)
[2022-03-25T11:40:23.226+0000][76273.890s] GC(491) Pause Young (Normal) (G1 Evacuation Pause) 279M->241M(512M) 96.574ms
[2022-03-25T11:40:23.227+0000][76273.890s] GC(491) User=0.31s Sys=0.00s Real=0.10s
[2022-03-25T12:52:12.227+0000][80582.892s] GC(492) Pause Young (Normal) (G1 Evacuation Pause)
[2022-03-25T12:52:12.230+0000][80582.894s] GC(492) Using 4 workers of 4 for evacuation
[2022-03-25T12:52:12.367+0000][80583.030s] GC(492)   Pre Evacuate Collection Set: 17.0ms
[2022-03-25T12:52:12.367+0000][80583.031s] GC(492)   Evacuate Collection Set: 100.8ms
[2022-03-25T12:52:12.367+0000][80583.031s] GC(492)   Post Evacuate Collection Set: 6.2ms
[2022-03-25T12:52:12.368+0000][80583.032s] GC(492)   Other: 22.1ms
[2022-03-25T12:52:12.368+0000][80583.032s] GC(492) Eden regions: 40->0(44)
[2022-03-25T12:52:12.369+0000][80583.032s] GC(492) Survivor regions: 2->2(6)
[2022-03-25T12:52:12.370+0000][80583.034s] GC(492) Old regions: 235->235
[2022-03-25T12:52:12.370+0000][80583.034s] GC(492) Humongous regions: 7->7
[2022-03-25T12:52:12.371+0000][80583.034s] GC(492) Metaspace: 61254K->61254K(1105920K)
[2022-03-25T12:52:12.372+0000][80583.035s] GC(492) Pause Young (Normal) (G1 Evacuation Pause) 281M->241M(512M) 145.411ms
[2022-03-25T12:52:12.372+0000][80583.036s] GC(492) User=0.44s Sys=0.00s Real=0.14s
[2022-03-25T14:11:21.081+0000][85331.746s] GC(493) Pause Young (Normal) (G1 Evacuation Pause)
[2022-03-25T14:11:21.084+0000][85331.748s] GC(493) Using 4 workers of 4 for evacuation
[2022-03-25T14:11:21.207+0000][85331.871s] GC(493)   Pre Evacuate Collection Set: 16.7ms
[2022-03-25T14:11:21.208+0000][85331.872s] GC(493)   Evacuate Collection Set: 94.3ms
[2022-03-25T14:11:21.208+0000][85331.872s] GC(493)   Post Evacuate Collection Set: 6.7ms
[2022-03-25T14:11:21.208+0000][85331.872s] GC(493)   Other: 10.6ms
[2022-03-25T14:11:21.209+0000][85331.872s] GC(493) Eden regions: 44->0(49)
[2022-03-25T14:11:21.209+0000][85331.873s] GC(493) Survivor regions: 2->2(6)
[2022-03-25T14:11:21.210+0000][85331.873s] GC(493) Old regions: 235->235
[2022-03-25T14:11:21.210+0000][85331.874s] GC(493) Humongous regions: 7->7
[2022-03-25T14:11:21.211+0000][85331.874s] GC(493) Metaspace: 61255K->61255K(1105920K)
[2022-03-25T14:11:21.211+0000][85331.875s] GC(493) Pause Young (Normal) (G1 Evacuation Pause) 285M->241M(512M) 130.280ms
[2022-03-25T14:11:21.212+0000][85331.875s] GC(493) User=0.41s Sys=0.00s Real=0.13s
