[2022-03-23T05:21:03.710+0000][0.523s] Heap region size: 1M
[2022-03-23T05:21:05.309+0000][2.122s] Using G1
[2022-03-23T05:21:05.322+0000][2.135s] Heap address: 0x00000000e0000000, size: 512 MB, Compressed Oops mode: 32-bit
[2022-03-23T05:21:05.335+0000][2.148s] Mark closed archive regions in map: [0x00000000fff00000, 0x00000000fff63ff8]
[2022-03-23T05:21:05.336+0000][2.149s] Mark open archive regions in map: [0x00000000ffe00000, 0x00000000ffe41ff8]
[2022-03-23T05:21:13.865+0000][10.678s] GC(0) Pause Young (Normal) (G1 Evacuation Pause)
[2022-03-23T05:21:13.886+0000][10.699s] GC(0) Using 4 workers of 4 for evacuation
[2022-03-23T05:21:13.969+0000][10.782s] GC(0)   Pre Evacuate Collection Set: 6.5ms
[2022-03-23T05:21:13.970+0000][10.783s] GC(0)   Evacuate Collection Set: 41.8ms
[2022-03-23T05:21:13.971+0000][10.784s] GC(0)   Post Evacuate Collection Set: 33.2ms
[2022-03-23T05:21:13.972+0000][10.785s] GC(0)   Other: 23.4ms
[2022-03-23T05:21:13.973+0000][10.786s] GC(0) Eden regions: 25->0(189)
[2022-03-23T05:21:13.973+0000][10.786s] GC(0) Survivor regions: 0->3(4)
[2022-03-23T05:21:13.974+0000][10.787s] GC(0) Old regions: 2->2
[2022-03-23T05:21:13.981+0000][10.794s] GC(0) Humongous regions: 0->0
[2022-03-23T05:21:13.985+0000][10.798s] GC(0) Metaspace: 6817K->6817K(1056768K)
[2022-03-23T05:21:14.004+0000][10.817s] GC(0) Pause Young (Normal) (G1 Evacuation Pause) 25M->3M(512M) 136.623ms
[2022-03-23T05:21:14.006+0000][10.819s] GC(0) User=0.13s Sys=0.03s Real=0.14s
[2022-03-23T05:21:21.558+0000][18.370s] GC(1) Pause Young (Normal) (G1 Evacuation Pause)
[2022-03-23T05:21:21.590+0000][18.402s] GC(1) Using 4 workers of 4 for evacuation
[2022-03-23T05:21:21.852+0000][18.665s] GC(1)   Pre Evacuate Collection Set: 0.1ms
[2022-03-23T05:21:21.864+0000][18.677s] GC(1)   Evacuate Collection Set: 208.9ms
[2022-03-23T05:21:21.865+0000][18.678s] GC(1)   Post Evacuate Collection Set: 36.7ms
[2022-03-23T05:21:21.866+0000][18.678s] GC(1)   Other: 48.7ms
[2022-03-23T05:21:21.866+0000][18.679s] GC(1) Eden regions: 22->0(21)
[2022-03-23T05:21:21.867+0000][18.680s] GC(1) Survivor regions: 3->4(4)
[2022-03-23T05:21:21.867+0000][18.680s] GC(1) Old regions: 2->10
[2022-03-23T05:21:21.869+0000][18.682s] GC(1) Humongous regions: 4->4
[2022-03-23T05:21:21.873+0000][18.686s] GC(1) Metaspace: 12687K->12687K(1060864K)
[2022-03-23T05:21:21.889+0000][18.702s] GC(1) Pause Young (Normal) (G1 Evacuation Pause) 29M->15M(512M) 331.914ms
[2022-03-23T05:21:21.899+0000][18.712s] GC(1) User=0.32s Sys=0.00s Real=0.34s
[2022-03-23T05:21:26.742+0000][23.555s] GC(2) Pause Young (Normal) (G1 Evacuation Pause)
[2022-03-23T05:21:26.762+0000][23.575s] GC(2) Using 4 workers of 4 for evacuation
[2022-03-23T05:21:26.919+0000][23.732s] GC(2)   Pre Evacuate Collection Set: 0.0ms
[2022-03-23T05:21:26.920+0000][23.733s] GC(2)   Evacuate Collection Set: 113.7ms
[2022-03-23T05:21:26.944+0000][23.757s] GC(2)   Post Evacuate Collection Set: 20.1ms
[2022-03-23T05:21:26.974+0000][23.787s] GC(2)   Other: 42.9ms
[2022-03-23T05:21:26.990+0000][23.803s] GC(2) Eden regions: 21->0(28)
[2022-03-23T05:21:26.995+0000][23.808s] GC(2) Survivor regions: 4->4(4)
[2022-03-23T05:21:27.002+0000][23.815s] GC(2) Old regions: 10->14
[2022-03-23T05:21:27.009+0000][23.822s] GC(2) Humongous regions: 4->4
[2022-03-23T05:21:27.009+0000][23.822s] GC(2) Metaspace: 15708K->15708K(1062912K)
[2022-03-23T05:21:27.012+0000][23.825s] GC(2) Pause Young (Normal) (G1 Evacuation Pause) 36M->20M(512M) 270.385ms
[2022-03-23T05:21:27.022+0000][23.835s] GC(2) User=0.16s Sys=0.04s Real=0.29s
[2022-03-23T05:21:32.828+0000][29.641s] GC(3) Pause Young (Normal) (G1 Evacuation Pause)
[2022-03-23T05:21:32.855+0000][29.668s] GC(3) Using 4 workers of 4 for evacuation
[2022-03-23T05:21:33.011+0000][29.824s] GC(3)   Pre Evacuate Collection Set: 0.0ms
[2022-03-23T05:21:33.026+0000][29.839s] GC(3)   Evacuate Collection Set: 88.8ms
[2022-03-23T05:21:33.035+0000][29.848s] GC(3)   Post Evacuate Collection Set: 16.3ms
[2022-03-23T05:21:33.104+0000][29.917s] GC(3)   Other: 77.5ms
[2022-03-23T05:21:33.262+0000][30.075s] GC(3) Eden regions: 28->0(35)
[2022-03-23T05:21:33.434+0000][30.247s] GC(3) Survivor regions: 4->4(4)
[2022-03-23T05:21:33.609+0000][30.422s] GC(3) Old regions: 14->19
[2022-03-23T05:21:33.727+0000][30.540s] GC(3) Humongous regions: 4->4
[2022-03-23T05:21:33.901+0000][30.714s] GC(3) Metaspace: 18149K->18149K(1064960K)
[2022-03-23T05:21:34.061+0000][30.874s] GC(3) Pause Young (Normal) (G1 Evacuation Pause) 48M->24M(512M) 1232.498ms
[2022-03-23T05:21:34.094+0000][30.907s] GC(3) User=0.10s Sys=0.05s Real=1.27s
[2022-03-23T05:21:36.515+0000][33.328s] GC(4) Pause Young (Concurrent Start) (Metadata GC Threshold)
[2022-03-23T05:21:36.519+0000][33.332s] GC(4) Using 4 workers of 4 for evacuation
[2022-03-23T05:21:36.629+0000][33.442s] GC(4)   Pre Evacuate Collection Set: 0.1ms
[2022-03-23T05:21:36.699+0000][33.512s] GC(4)   Evacuate Collection Set: 5.7ms
[2022-03-23T05:21:36.760+0000][33.573s] GC(4)   Post Evacuate Collection Set: 0.7ms
[2022-03-23T05:21:36.762+0000][33.575s] GC(4)   Other: 107.7ms
[2022-03-23T05:21:36.763+0000][33.576s] GC(4) Eden regions: 21->0(42)
[2022-03-23T05:21:36.763+0000][33.576s] GC(4) Survivor regions: 4->1(5)
[2022-03-23T05:21:36.763+0000][33.576s] GC(4) Old regions: 19->22
[2022-03-23T05:21:36.927+0000][33.740s] GC(4) Humongous regions: 4->4
[2022-03-23T05:21:36.960+0000][33.773s] GC(4) Metaspace: 20423K->20423K(1067008K)
[2022-03-23T05:21:36.961+0000][33.774s] GC(4) Pause Young (Concurrent Start) (Metadata GC Threshold) 45M->24M(512M) 445.572ms
[2022-03-23T05:21:36.975+0000][33.788s] GC(4) User=0.04s Sys=0.02s Real=0.46s
[2022-03-23T05:21:36.977+0000][33.790s] GC(5) Concurrent Cycle
[2022-03-23T05:21:36.979+0000][33.791s] GC(5) Concurrent Clear Claimed Marks
[2022-03-23T05:21:36.990+0000][33.803s] GC(5) Concurrent Clear Claimed Marks 11.549ms
[2022-03-23T05:21:36.995+0000][33.808s] GC(5) Concurrent Scan Root Regions
[2022-03-23T05:21:37.025+0000][33.838s] GC(5) Concurrent Scan Root Regions 30.217ms
[2022-03-23T05:21:37.056+0000][33.869s] GC(5) Concurrent Mark (33.869s)
[2022-03-23T05:21:37.070+0000][33.882s] GC(5) Concurrent Mark From Roots
[2022-03-23T05:21:37.086+0000][33.899s] GC(5) Using 1 workers of 1 for marking
[2022-03-23T05:21:37.606+0000][34.419s] GC(5) Concurrent Mark From Roots 536.872ms
[2022-03-23T05:21:37.852+0000][34.665s] GC(5) Concurrent Preclean
[2022-03-23T05:21:37.876+0000][34.689s] GC(5) Concurrent Preclean 24.612ms
[2022-03-23T05:21:37.881+0000][34.694s] GC(5) Concurrent Mark (33.869s, 34.694s) 825.587ms
[2022-03-23T05:21:37.882+0000][34.695s] GC(5) Pause Remark
[2022-03-23T05:21:37.920+0000][34.733s] GC(5) Cleaned string and symbol table, strings: 9427 processed, 26 removed, symbols: 63081 processed, 40 removed
[2022-03-23T05:21:37.929+0000][34.742s] GC(5) Pause Remark 29M->29M(512M) 46.624ms
[2022-03-23T05:21:37.941+0000][34.754s] GC(5) User=0.03s Sys=0.01s Real=0.05s
[2022-03-23T05:21:37.974+0000][34.787s] GC(5) Concurrent Rebuild Remembered Sets
[2022-03-23T05:21:38.121+0000][34.934s] GC(5) Concurrent Rebuild Remembered Sets 146.508ms
[2022-03-23T05:21:38.125+0000][34.938s] GC(5) Pause Cleanup
[2022-03-23T05:21:38.131+0000][34.944s] GC(5) Pause Cleanup 30M->30M(512M) 6.426ms
[2022-03-23T05:21:38.134+0000][34.947s] GC(5) User=0.00s Sys=0.00s Real=0.01s
[2022-03-23T05:21:38.142+0000][34.955s] GC(5) Concurrent Cleanup for Next Mark
[2022-03-23T05:21:38.158+0000][34.971s] GC(5) Concurrent Cleanup for Next Mark 16.481ms
[2022-03-23T05:21:38.162+0000][34.975s] GC(5) Concurrent Cycle 1184.632ms
[2022-03-23T05:21:44.052+0000][40.865s] GC(6) Pause Young (Concurrent Start) (G1 Evacuation Pause)
[2022-03-23T05:21:44.053+0000][40.866s] GC(6) Using 4 workers of 4 for evacuation
[2022-03-23T05:21:44.119+0000][40.932s] GC(6)   Pre Evacuate Collection Set: 0.1ms
[2022-03-23T05:21:44.120+0000][40.933s] GC(6)   Evacuate Collection Set: 64.1ms
[2022-03-23T05:21:44.120+0000][40.933s] GC(6)   Post Evacuate Collection Set: 0.4ms
[2022-03-23T05:21:44.120+0000][40.933s] GC(6)   Other: 2.7ms
[2022-03-23T05:21:44.120+0000][40.933s] GC(6) Eden regions: 42->0(45)
[2022-03-23T05:21:44.121+0000][40.934s] GC(6) Survivor regions: 1->1(6)
[2022-03-23T05:21:44.121+0000][40.934s] GC(6) Old regions: 22->22
[2022-03-23T05:21:44.122+0000][40.935s] GC(6) Humongous regions: 4->4
[2022-03-23T05:21:44.122+0000][40.935s] GC(6) Metaspace: 25138K->25138K(1073152K)
[2022-03-23T05:21:44.122+0000][40.935s] GC(6) Pause Young (Concurrent Start) (G1 Evacuation Pause) 66M->25M(512M) 70.212ms
[2022-03-23T05:21:44.122+0000][40.935s] GC(6) User=0.07s Sys=0.00s Real=0.07s
[2022-03-23T05:21:44.123+0000][40.936s] GC(7) Concurrent Cycle
[2022-03-23T05:21:44.136+0000][40.949s] GC(7) Concurrent Clear Claimed Marks
[2022-03-23T05:21:44.143+0000][40.956s] GC(7) Concurrent Clear Claimed Marks 6.726ms
[2022-03-23T05:21:44.148+0000][40.961s] GC(7) Concurrent Scan Root Regions
[2022-03-23T05:21:44.156+0000][40.969s] GC(7) Concurrent Scan Root Regions 5.895ms
[2022-03-23T05:21:44.164+0000][40.977s] GC(7) Concurrent Mark (40.977s)
[2022-03-23T05:21:44.169+0000][40.982s] GC(7) Concurrent Mark From Roots
[2022-03-23T05:21:44.171+0000][40.983s] GC(7) Using 1 workers of 1 for marking
[2022-03-23T05:21:44.452+0000][41.265s] GC(7) Concurrent Mark From Roots 282.546ms
[2022-03-23T05:21:44.456+0000][41.269s] GC(7) Concurrent Preclean
[2022-03-23T05:21:44.462+0000][41.275s] GC(7) Concurrent Preclean 5.796ms
[2022-03-23T05:21:44.472+0000][41.285s] GC(7) Concurrent Mark (40.977s, 41.285s) 307.590ms
[2022-03-23T05:21:44.507+0000][41.320s] GC(7) Pause Remark
[2022-03-23T05:21:44.582+0000][41.395s] GC(7) Cleaned string and symbol table, strings: 11216 processed, 0 removed, symbols: 75423 processed, 30 removed
[2022-03-23T05:21:44.592+0000][41.405s] GC(7) Pause Remark 27M->27M(512M) 85.439ms
[2022-03-23T05:21:44.604+0000][41.417s] GC(7) User=0.04s Sys=0.01s Real=0.10s
[2022-03-23T05:21:44.606+0000][41.419s] GC(7) Concurrent Rebuild Remembered Sets
[2022-03-23T05:21:44.797+0000][41.610s] GC(7) Concurrent Rebuild Remembered Sets 191.649ms
[2022-03-23T05:21:44.805+0000][41.618s] GC(7) Pause Cleanup
[2022-03-23T05:21:44.807+0000][41.620s] GC(7) Pause Cleanup 27M->27M(512M) 1.590ms
[2022-03-23T05:21:44.807+0000][41.620s] GC(7) User=0.00s Sys=0.00s Real=0.00s
[2022-03-23T05:21:44.808+0000][41.621s] GC(7) Concurrent Cleanup for Next Mark
[2022-03-23T05:21:44.819+0000][41.632s] GC(7) Concurrent Cleanup for Next Mark 11.058ms
[2022-03-23T05:21:44.819+0000][41.632s] GC(7) Concurrent Cycle 696.324ms
[2022-03-23T05:21:55.816+0000][52.628s] GC(8) Pause Young (Normal) (G1 Evacuation Pause)
[2022-03-23T05:21:55.847+0000][52.660s] GC(8) Using 4 workers of 4 for evacuation
[2022-03-23T05:21:56.511+0000][53.323s] GC(8) MMU target violated: 251.0ms (250.0ms/251.0ms)
[2022-03-23T05:21:56.544+0000][53.357s] GC(8)   Pre Evacuate Collection Set: 0.1ms
[2022-03-23T05:21:56.569+0000][53.382s] GC(8)   Evacuate Collection Set: 542.9ms
[2022-03-23T05:21:56.585+0000][53.398s] GC(8)   Post Evacuate Collection Set: 104.2ms
[2022-03-23T05:21:56.601+0000][53.414s] GC(8)   Other: 81.6ms
[2022-03-23T05:21:56.617+0000][53.430s] GC(8) Eden regions: 45->0(20)
[2022-03-23T05:21:56.634+0000][53.447s] GC(8) Survivor regions: 1->5(6)
[2022-03-23T05:21:56.653+0000][53.466s] GC(8) Old regions: 22->22
[2022-03-23T05:21:56.666+0000][53.479s] GC(8) Humongous regions: 4->4
[2022-03-23T05:21:56.682+0000][53.495s] GC(8) Metaspace: 31386K->31386K(1077248K)
[2022-03-23T05:21:56.704+0000][53.517s] GC(8) Pause Young (Normal) (G1 Evacuation Pause) 70M->28M(512M) 888.034ms
[2022-03-23T05:21:56.714+0000][53.527s] GC(8) User=0.52s Sys=0.21s Real=0.90s
[2022-03-23T05:22:02.223+0000][59.036s] GC(9) Pause Young (Normal) (G1 Evacuation Pause)
[2022-03-23T05:22:02.301+0000][59.114s] GC(9) Using 4 workers of 4 for evacuation
[2022-03-23T05:22:02.595+0000][59.408s] GC(9) MMU target violated: 251.0ms (250.0ms/251.0ms)
[2022-03-23T05:22:02.612+0000][59.425s] GC(9)   Pre Evacuate Collection Set: 60.6ms
[2022-03-23T05:22:02.636+0000][59.449s] GC(9)   Evacuate Collection Set: 211.3ms
[2022-03-23T05:22:02.659+0000][59.472s] GC(9)   Post Evacuate Collection Set: 1.4ms
[2022-03-23T05:22:02.669+0000][59.482s] GC(9)   Other: 115.5ms
[2022-03-23T05:22:02.673+0000][59.486s] GC(9) Eden regions: 20->0(22)
[2022-03-23T05:22:02.680+0000][59.493s] GC(9) Survivor regions: 5->3(4)
[2022-03-23T05:22:02.682+0000][59.495s] GC(9) Old regions: 22->26
[2022-03-23T05:22:02.682+0000][59.495s] GC(9) Humongous regions: 4->4
[2022-03-23T05:22:02.683+0000][59.496s] GC(9) Metaspace: 32854K->32854K(1079296K)
[2022-03-23T05:22:02.687+0000][59.500s] GC(9) Pause Young (Normal) (G1 Evacuation Pause) 48M->30M(512M) 463.922ms
[2022-03-23T05:22:02.688+0000][59.501s] GC(9) User=0.09s Sys=0.08s Real=0.46s
[2022-03-23T05:23:07.148+0000][123.961s] GC(10) Pause Young (Normal) (G1 Evacuation Pause)
[2022-03-23T05:23:07.163+0000][123.976s] GC(10) Using 4 workers of 4 for evacuation
[2022-03-23T05:23:07.243+0000][124.056s] GC(10)   Pre Evacuate Collection Set: 0.0ms
[2022-03-23T05:23:07.244+0000][124.057s] GC(10)   Evacuate Collection Set: 59.0ms
[2022-03-23T05:23:07.252+0000][124.065s] GC(10)   Post Evacuate Collection Set: 0.7ms
[2022-03-23T05:23:07.252+0000][124.065s] GC(10)   Other: 35.3ms
[2022-03-23T05:23:07.253+0000][124.065s] GC(10) Eden regions: 22->0(27)
[2022-03-23T05:23:07.253+0000][124.066s] GC(10) Survivor regions: 3->2(4)
[2022-03-23T05:23:07.253+0000][124.066s] GC(10) Old regions: 26->29
[2022-03-23T05:23:07.253+0000][124.066s] GC(10) Humongous regions: 4->4
[2022-03-23T05:23:07.254+0000][124.067s] GC(10) Metaspace: 35471K->35471K(1081344K)
[2022-03-23T05:23:07.254+0000][124.067s] GC(10) Pause Young (Normal) (G1 Evacuation Pause) 52M->32M(512M) 106.578ms
[2022-03-23T05:23:07.255+0000][124.067s] GC(10) User=0.15s Sys=0.03s Real=0.10s
[2022-03-23T06:12:03.234+0000][3060.047s] GC(11) Pause Young (Normal) (G1 Evacuation Pause)
[2022-03-23T06:12:03.235+0000][3060.048s] GC(11) Using 4 workers of 4 for evacuation
[2022-03-23T06:12:03.373+0000][3060.186s] GC(11)   Pre Evacuate Collection Set: 17.8ms
[2022-03-23T06:12:03.373+0000][3060.186s] GC(11)   Evacuate Collection Set: 116.0ms
[2022-03-23T06:12:03.374+0000][3060.187s] GC(11)   Post Evacuate Collection Set: 2.5ms
[2022-03-23T06:12:03.374+0000][3060.187s] GC(11)   Other: 2.9ms
[2022-03-23T06:12:03.374+0000][3060.187s] GC(11) Eden regions: 27->0(31)
[2022-03-23T06:12:03.375+0000][3060.188s] GC(11) Survivor regions: 2->2(4)
[2022-03-23T06:12:03.375+0000][3060.188s] GC(11) Old regions: 29->29
[2022-03-23T06:12:03.375+0000][3060.188s] GC(11) Humongous regions: 4->4
[2022-03-23T06:12:03.376+0000][3060.189s] GC(11) Metaspace: 36780K->36780K(1083392K)
[2022-03-23T06:12:03.376+0000][3060.189s] GC(11) Pause Young (Normal) (G1 Evacuation Pause) 59M->32M(512M) 141.816ms
[2022-03-23T06:12:03.376+0000][3060.189s] GC(11) User=0.41s Sys=0.00s Real=0.14s
[2022-03-23T06:12:09.676+0000][3066.489s] Heap
[2022-03-23T06:12:09.677+0000][3066.490s]  garbage-first heap   total 524288K, used 49845K [0x00000000e0000000, 0x0000000100000000)
[2022-03-23T06:12:09.678+0000][3066.491s]   region size 1024K, 20 young (20480K), 2 survivors (2048K)
[2022-03-23T06:12:09.678+0000][3066.491s]  Metaspace       used 38147K, capacity 39210K, committed 39444K, reserved 1083392K
[2022-03-23T06:12:09.679+0000][3066.492s]   class space    used 4467K, capacity 4906K, committed 4940K, reserved 1048576K
