[2022-03-22T07:47:12.913+0000][0.350s] Heap region size: 1M
[2022-03-22T07:47:18.181+0000][5.618s] Using G1
[2022-03-22T07:47:18.184+0000][5.621s] Heap address: 0x00000000e0000000, size: 512 MB, Compressed Oops mode: 32-bit
[2022-03-22T07:47:18.190+0000][5.627s] Mark closed archive regions in map: [0x00000000fff00000, 0x00000000fff63ff8]
[2022-03-22T07:47:18.212+0000][5.649s] Mark open archive regions in map: [0x00000000ffe00000, 0x00000000ffe41ff8]
[2022-03-22T07:47:28.504+0000][15.941s] GC(0) Pause Young (Normal) (G1 Evacuation Pause)
[2022-03-22T07:47:28.522+0000][15.959s] GC(0) Using 4 workers of 4 for evacuation
[2022-03-22T07:47:28.652+0000][16.089s] GC(0)   Pre Evacuate Collection Set: 0.1ms
[2022-03-22T07:47:28.653+0000][16.090s] GC(0)   Evacuate Collection Set: 121.7ms
[2022-03-22T07:47:28.653+0000][16.090s] GC(0)   Post Evacuate Collection Set: 7.3ms
[2022-03-22T07:47:28.653+0000][16.090s] GC(0)   Other: 19.2ms
[2022-03-22T07:47:28.653+0000][16.090s] GC(0) Eden regions: 25->0(165)
[2022-03-22T07:47:28.654+0000][16.091s] GC(0) Survivor regions: 0->3(4)
[2022-03-22T07:47:28.654+0000][16.091s] GC(0) Old regions: 2->2
[2022-03-22T07:47:28.654+0000][16.091s] GC(0) Humongous regions: 0->0
[2022-03-22T07:47:28.654+0000][16.091s] GC(0) Metaspace: 6786K->6786K(1056768K)
[2022-03-22T07:47:28.655+0000][16.092s] GC(0) Pause Young (Normal) (G1 Evacuation Pause) 25M->3M(512M) 150.687ms
[2022-03-22T07:47:28.655+0000][16.092s] GC(0) User=0.09s Sys=0.02s Real=0.15s
[2022-03-22T07:47:35.191+0000][22.628s] GC(1) Pause Young (Normal) (G1 Evacuation Pause)
[2022-03-22T07:47:35.191+0000][22.628s] GC(1) Using 4 workers of 4 for evacuation
[2022-03-22T07:47:35.582+0000][23.019s] GC(1) MMU target violated: 251.0ms (250.0ms/251.0ms)
[2022-03-22T07:47:35.582+0000][23.019s] GC(1)   Pre Evacuate Collection Set: 0.0ms
[2022-03-22T07:47:35.582+0000][23.019s] GC(1)   Evacuate Collection Set: 347.2ms
[2022-03-22T07:47:35.583+0000][23.020s] GC(1)   Post Evacuate Collection Set: 30.2ms
[2022-03-22T07:47:35.583+0000][23.020s] GC(1)   Other: 13.7ms
[2022-03-22T07:47:35.586+0000][23.023s] GC(1) Eden regions: 22->0(21)
[2022-03-22T07:47:35.586+0000][23.023s] GC(1) Survivor regions: 3->4(4)
[2022-03-22T07:47:35.586+0000][23.024s] GC(1) Old regions: 2->10
[2022-03-22T07:47:35.587+0000][23.024s] GC(1) Humongous regions: 4->4
[2022-03-22T07:47:35.587+0000][23.024s] GC(1) Metaspace: 12832K->12832K(1060864K)
[2022-03-22T07:47:35.587+0000][23.024s] GC(1) Pause Young (Normal) (G1 Evacuation Pause) 29M->16M(512M) 396.158ms
[2022-03-22T07:47:35.587+0000][23.024s] GC(1) User=0.31s Sys=0.01s Real=0.40s
[2022-03-22T07:47:38.680+0000][26.117s] GC(2) Pause Young (Normal) (G1 Evacuation Pause)
[2022-03-22T07:47:38.681+0000][26.118s] GC(2) Using 4 workers of 4 for evacuation
[2022-03-22T07:47:38.799+0000][26.236s] GC(2)   Pre Evacuate Collection Set: 0.0ms
[2022-03-22T07:47:38.817+0000][26.254s] GC(2)   Evacuate Collection Set: 91.8ms
[2022-03-22T07:47:38.818+0000][26.255s] GC(2)   Post Evacuate Collection Set: 26.2ms
[2022-03-22T07:47:38.822+0000][26.259s] GC(2)   Other: 1.4ms
[2022-03-22T07:47:38.822+0000][26.259s] GC(2) Eden regions: 21->0(22)
[2022-03-22T07:47:38.823+0000][26.260s] GC(2) Survivor regions: 4->4(4)
[2022-03-22T07:47:38.824+0000][26.262s] GC(2) Old regions: 10->15
[2022-03-22T07:47:38.834+0000][26.271s] GC(2) Humongous regions: 4->4
[2022-03-22T07:47:38.838+0000][26.275s] GC(2) Metaspace: 15743K->15743K(1062912K)
[2022-03-22T07:47:38.838+0000][26.275s] GC(2) Pause Young (Normal) (G1 Evacuation Pause) 37M->20M(512M) 158.297ms
[2022-03-22T07:47:38.839+0000][26.276s] GC(2) User=0.09s Sys=0.00s Real=0.16s
[2022-03-22T07:47:41.136+0000][28.573s] GC(3) Pause Young (Normal) (G1 Evacuation Pause)
[2022-03-22T07:47:41.141+0000][28.579s] GC(3) Using 4 workers of 4 for evacuation
[2022-03-22T07:47:41.212+0000][28.649s] GC(3)   Pre Evacuate Collection Set: 0.0ms
[2022-03-22T07:47:41.216+0000][28.653s] GC(3)   Evacuate Collection Set: 59.4ms
[2022-03-22T07:47:41.222+0000][28.659s] GC(3)   Post Evacuate Collection Set: 10.1ms
[2022-03-22T07:47:41.237+0000][28.674s] GC(3)   Other: 6.2ms
[2022-03-22T07:47:41.242+0000][28.679s] GC(3) Eden regions: 22->0(30)
[2022-03-22T07:47:41.243+0000][28.680s] GC(3) Survivor regions: 4->4(4)
[2022-03-22T07:47:41.254+0000][28.691s] GC(3) Old regions: 15->18
[2022-03-22T07:47:41.256+0000][28.693s] GC(3) Humongous regions: 4->4
[2022-03-22T07:47:41.261+0000][28.698s] GC(3) Metaspace: 17501K->17501K(1064960K)
[2022-03-22T07:47:41.262+0000][28.699s] GC(3) Pause Young (Normal) (G1 Evacuation Pause) 42M->24M(512M) 125.952ms
[2022-03-22T07:47:41.262+0000][28.699s] GC(3) User=0.05s Sys=0.00s Real=0.13s
[2022-03-22T07:47:42.868+0000][30.305s] GC(4) Pause Young (Concurrent Start) (Metadata GC Threshold)
[2022-03-22T07:47:42.871+0000][30.309s] GC(4) Using 4 workers of 4 for evacuation
[2022-03-22T07:47:42.935+0000][30.372s] GC(4)   Pre Evacuate Collection Set: 0.1ms
[2022-03-22T07:47:42.943+0000][30.380s] GC(4)   Evacuate Collection Set: 61.5ms
[2022-03-22T07:47:42.948+0000][30.385s] GC(4)   Post Evacuate Collection Set: 0.4ms
[2022-03-22T07:47:42.949+0000][30.386s] GC(4)   Other: 4.7ms
[2022-03-22T07:47:42.949+0000][30.386s] GC(4) Eden regions: 26->0(48)
[2022-03-22T07:47:42.949+0000][30.386s] GC(4) Survivor regions: 4->1(5)
[2022-03-22T07:47:42.950+0000][30.387s] GC(4) Old regions: 18->22
[2022-03-22T07:47:42.951+0000][30.388s] GC(4) Humongous regions: 4->4
[2022-03-22T07:47:42.951+0000][30.388s] GC(4) Metaspace: 20477K->20477K(1067008K)
[2022-03-22T07:47:42.952+0000][30.389s] GC(4) Pause Young (Concurrent Start) (Metadata GC Threshold) 50M->24M(512M) 83.336ms
[2022-03-22T07:47:42.952+0000][30.389s] GC(4) User=0.06s Sys=0.00s Real=0.09s
[2022-03-22T07:47:42.956+0000][30.393s] GC(5) Concurrent Cycle
[2022-03-22T07:47:42.956+0000][30.393s] GC(5) Concurrent Clear Claimed Marks
[2022-03-22T07:47:42.961+0000][30.398s] GC(5) Concurrent Clear Claimed Marks 4.386ms
[2022-03-22T07:47:42.964+0000][30.401s] GC(5) Concurrent Scan Root Regions
[2022-03-22T07:47:42.966+0000][30.403s] GC(5) Concurrent Scan Root Regions 1.795ms
[2022-03-22T07:47:42.966+0000][30.403s] GC(5) Concurrent Mark (30.403s)
[2022-03-22T07:47:42.966+0000][30.403s] GC(5) Concurrent Mark From Roots
[2022-03-22T07:47:42.967+0000][30.404s] GC(5) Using 1 workers of 1 for marking
[2022-03-22T07:47:43.232+0000][30.669s] GC(5) Concurrent Mark From Roots 265.087ms
[2022-03-22T07:47:43.241+0000][30.679s] GC(5) Concurrent Preclean
[2022-03-22T07:47:43.247+0000][30.684s] GC(5) Concurrent Preclean 5.323ms
[2022-03-22T07:47:43.248+0000][30.685s] GC(5) Concurrent Mark (30.403s, 30.685s) 281.461ms
[2022-03-22T07:47:43.283+0000][30.720s] GC(5) Pause Remark
[2022-03-22T07:47:43.336+0000][30.773s] GC(5) Cleaned string and symbol table, strings: 9389 processed, 26 removed, symbols: 62381 processed, 40 removed
[2022-03-22T07:47:43.342+0000][30.779s] GC(5) Pause Remark 28M->28M(512M) 58.919ms
[2022-03-22T07:47:43.344+0000][30.781s] GC(5) User=0.02s Sys=0.00s Real=0.06s
[2022-03-22T07:47:43.352+0000][30.789s] GC(5) Concurrent Rebuild Remembered Sets
[2022-03-22T07:47:43.522+0000][30.959s] GC(5) Concurrent Rebuild Remembered Sets 170.087ms
[2022-03-22T07:47:43.531+0000][30.969s] GC(5) Pause Cleanup
[2022-03-22T07:47:43.542+0000][30.979s] GC(5) Pause Cleanup 29M->29M(512M) 10.302ms
[2022-03-22T07:47:43.542+0000][30.979s] GC(5) User=0.01s Sys=0.00s Real=0.01s
[2022-03-22T07:47:43.549+0000][30.986s] GC(5) Concurrent Cleanup for Next Mark
[2022-03-22T07:47:43.554+0000][30.991s] GC(5) Concurrent Cleanup for Next Mark 4.992ms
[2022-03-22T07:47:43.554+0000][30.991s] GC(5) Concurrent Cycle 598.461ms
[2022-03-22T07:47:46.866+0000][34.303s] GC(6) Pause Young (Concurrent Start) (G1 Evacuation Pause)
[2022-03-22T07:47:46.866+0000][34.303s] GC(6) Using 4 workers of 4 for evacuation
[2022-03-22T07:47:46.922+0000][34.359s] GC(6)   Pre Evacuate Collection Set: 0.1ms
[2022-03-22T07:47:46.922+0000][34.359s] GC(6)   Evacuate Collection Set: 45.1ms
[2022-03-22T07:47:46.923+0000][34.360s] GC(6)   Post Evacuate Collection Set: 10.3ms
[2022-03-22T07:47:46.923+0000][34.360s] GC(6)   Other: 0.9ms
[2022-03-22T07:47:46.923+0000][34.360s] GC(6) Eden regions: 48->0(70)
[2022-03-22T07:47:46.923+0000][34.360s] GC(6) Survivor regions: 1->2(7)
[2022-03-22T07:47:46.924+0000][34.361s] GC(6) Old regions: 22->22
[2022-03-22T07:47:46.924+0000][34.361s] GC(6) Humongous regions: 4->4
[2022-03-22T07:47:46.924+0000][34.361s] GC(6) Metaspace: 27620K->27620K(1075200K)
[2022-03-22T07:47:46.925+0000][34.362s] GC(6) Pause Young (Concurrent Start) (G1 Evacuation Pause) 72M->25M(512M) 59.028ms
[2022-03-22T07:47:46.925+0000][34.362s] GC(6) User=0.04s Sys=0.00s Real=0.06s
[2022-03-22T07:47:46.925+0000][34.362s] GC(7) Concurrent Cycle
[2022-03-22T07:47:46.928+0000][34.365s] GC(7) Concurrent Clear Claimed Marks
[2022-03-22T07:47:46.932+0000][34.369s] GC(7) Concurrent Clear Claimed Marks 3.270ms
[2022-03-22T07:47:46.941+0000][34.379s] GC(7) Concurrent Scan Root Regions
[2022-03-22T07:47:46.946+0000][34.383s] GC(7) Concurrent Scan Root Regions 4.266ms
[2022-03-22T07:47:46.962+0000][34.399s] GC(7) Concurrent Mark (34.399s)
[2022-03-22T07:47:46.962+0000][34.399s] GC(7) Concurrent Mark From Roots
[2022-03-22T07:47:46.962+0000][34.399s] GC(7) Using 1 workers of 1 for marking
[2022-03-22T07:47:47.142+0000][34.579s] GC(7) Concurrent Mark From Roots 180.386ms
[2022-03-22T07:47:47.143+0000][34.580s] GC(7) Concurrent Preclean
[2022-03-22T07:47:47.143+0000][34.580s] GC(7) Concurrent Preclean 0.406ms
[2022-03-22T07:47:47.144+0000][34.581s] GC(7) Concurrent Mark (34.399s, 34.581s) 182.014ms
[2022-03-22T07:47:47.148+0000][34.585s] GC(7) Pause Remark
[2022-03-22T07:47:47.181+0000][34.618s] GC(7) Cleaned string and symbol table, strings: 12456 processed, 0 removed, symbols: 80084 processed, 38 removed
[2022-03-22T07:47:47.182+0000][34.619s] GC(7) Pause Remark 29M->29M(512M) 33.786ms
[2022-03-22T07:47:47.182+0000][34.619s] GC(7) User=0.02s Sys=0.00s Real=0.04s
[2022-03-22T07:47:47.182+0000][34.619s] GC(7) Concurrent Rebuild Remembered Sets
[2022-03-22T07:47:47.293+0000][34.730s] GC(7) Concurrent Rebuild Remembered Sets 110.170ms
[2022-03-22T07:47:47.301+0000][34.738s] GC(7) Pause Cleanup
[2022-03-22T07:47:47.302+0000][34.739s] GC(7) Pause Cleanup 29M->29M(512M) 0.661ms
[2022-03-22T07:47:47.302+0000][34.739s] GC(7) User=0.00s Sys=0.00s Real=0.01s
[2022-03-22T07:47:47.302+0000][34.740s] GC(7) Concurrent Cleanup for Next Mark
[2022-03-22T07:47:47.313+0000][34.750s] GC(7) Concurrent Cleanup for Next Mark 10.877ms
[2022-03-22T07:47:47.314+0000][34.751s] GC(7) Concurrent Cycle 388.396ms
[2022-03-22T07:47:57.217+0000][44.654s] GC(8) Pause Young (Normal) (G1 Evacuation Pause)
[2022-03-22T07:47:57.217+0000][44.654s] GC(8) Using 4 workers of 4 for evacuation
[2022-03-22T07:47:57.278+0000][44.715s] GC(8)   Pre Evacuate Collection Set: 0.0ms
[2022-03-22T07:47:57.278+0000][44.715s] GC(8)   Evacuate Collection Set: 58.7ms
[2022-03-22T07:47:57.278+0000][44.715s] GC(8)   Post Evacuate Collection Set: 1.1ms
[2022-03-22T07:47:57.279+0000][44.716s] GC(8)   Other: 0.9ms
[2022-03-22T07:47:57.279+0000][44.716s] GC(8) Eden regions: 70->0(85)
[2022-03-22T07:47:57.279+0000][44.716s] GC(8) Survivor regions: 2->7(9)
[2022-03-22T07:47:57.279+0000][44.717s] GC(8) Old regions: 22->22
[2022-03-22T07:47:57.280+0000][44.717s] GC(8) Humongous regions: 4->4
[2022-03-22T07:47:57.280+0000][44.717s] GC(8) Metaspace: 34029K->34029K(1079296K)
[2022-03-22T07:47:57.281+0000][44.718s] GC(8) Pause Young (Normal) (G1 Evacuation Pause) 95M->30M(512M) 63.891ms
[2022-03-22T07:47:57.292+0000][44.729s] GC(8) User=0.07s Sys=0.02s Real=0.08s
[2022-03-22T07:48:29.047+0000][76.484s] Heap
[2022-03-22T07:48:29.048+0000][76.485s]  garbage-first heap   total 524288K, used 49676K [0x00000000e0000000, 0x0000000100000000)
[2022-03-22T07:48:29.048+0000][76.485s]   region size 1024K, 26 young (26624K), 7 survivors (7168K)
[2022-03-22T07:48:29.048+0000][76.485s]  Metaspace       used 35551K, capacity 36609K, committed 36936K, reserved 1081344K
[2022-03-22T07:48:29.049+0000][76.486s]   class space    used 4190K, capacity 4637K, committed 4736K, reserved 1048576K
