[2022-03-22T13:07:53.045+0000][1.638s] Heap region size: 1M
[2022-03-22T13:07:56.010+0000][4.604s] Using G1
[2022-03-22T13:07:56.018+0000][4.612s] Heap address: 0x00000000e0000000, size: 512 MB, Compressed Oops mode: 32-bit
[2022-03-22T13:07:56.043+0000][4.637s] Mark closed archive regions in map: [0x00000000fff00000, 0x00000000fff63ff8]
[2022-03-22T13:07:56.044+0000][4.637s] Mark open archive regions in map: [0x00000000ffe00000, 0x00000000ffe41ff8]
[2022-03-22T13:08:05.825+0000][14.418s] GC(0) Pause Young (Normal) (G1 Evacuation Pause)
[2022-03-22T13:08:05.844+0000][14.438s] GC(0) Using 4 workers of 4 for evacuation
[2022-03-22T13:08:05.953+0000][14.546s] GC(0)   Pre Evacuate Collection Set: 0.0ms
[2022-03-22T13:08:05.954+0000][14.547s] GC(0)   Evacuate Collection Set: 84.3ms
[2022-03-22T13:08:05.954+0000][14.547s] GC(0)   Post Evacuate Collection Set: 20.5ms
[2022-03-22T13:08:05.954+0000][14.547s] GC(0)   Other: 23.0ms
[2022-03-22T13:08:05.955+0000][14.548s] GC(0) Eden regions: 25->0(144)
[2022-03-22T13:08:05.955+0000][14.548s] GC(0) Survivor regions: 0->3(4)
[2022-03-22T13:08:05.955+0000][14.548s] GC(0) Old regions: 2->2
[2022-03-22T13:08:05.955+0000][14.548s] GC(0) Humongous regions: 0->0
[2022-03-22T13:08:05.956+0000][14.549s] GC(0) Metaspace: 6861K->6861K(1056768K)
[2022-03-22T13:08:05.956+0000][14.549s] GC(0) Pause Young (Normal) (G1 Evacuation Pause) 25M->3M(512M) 130.483ms
[2022-03-22T13:08:05.956+0000][14.549s] GC(0) User=0.08s Sys=0.01s Real=0.13s
[2022-03-22T13:08:13.347+0000][21.940s] GC(1) Pause Young (Normal) (G1 Evacuation Pause)
[2022-03-22T13:08:13.360+0000][21.954s] GC(1) Using 4 workers of 4 for evacuation
[2022-03-22T13:08:14.161+0000][22.754s] GC(1) MMU target violated: 251.0ms (250.0ms/251.0ms)
[2022-03-22T13:08:14.177+0000][22.770s] GC(1)   Pre Evacuate Collection Set: 0.2ms
[2022-03-22T13:08:14.191+0000][22.784s] GC(1)   Evacuate Collection Set: 735.9ms
[2022-03-22T13:08:14.202+0000][22.795s] GC(1)   Post Evacuate Collection Set: 29.8ms
[2022-03-22T13:08:14.204+0000][22.797s] GC(1)   Other: 64.4ms
[2022-03-22T13:08:14.205+0000][22.798s] GC(1) Eden regions: 22->0(21)
[2022-03-22T13:08:14.206+0000][22.799s] GC(1) Survivor regions: 3->4(4)
[2022-03-22T13:08:14.218+0000][22.811s] GC(1) Old regions: 2->10
[2022-03-22T13:08:14.221+0000][22.814s] GC(1) Humongous regions: 4->4
[2022-03-22T13:08:14.230+0000][22.823s] GC(1) Metaspace: 12799K->12799K(1060864K)
[2022-03-22T13:08:14.246+0000][22.839s] GC(1) Pause Young (Normal) (G1 Evacuation Pause) 29M->15M(512M) 899.385ms
[2022-03-22T13:08:14.250+0000][22.843s] GC(1) User=0.57s Sys=0.07s Real=0.91s
[2022-03-22T13:08:19.407+0000][28.000s] GC(2) Pause Young (Normal) (G1 Evacuation Pause)
[2022-03-22T13:08:19.435+0000][28.028s] GC(2) Using 4 workers of 4 for evacuation
[2022-03-22T13:08:19.789+0000][28.382s] GC(2) MMU target violated: 251.0ms (250.0ms/251.0ms)
[2022-03-22T13:08:19.789+0000][28.382s] GC(2)   Pre Evacuate Collection Set: 0.1ms
[2022-03-22T13:08:19.789+0000][28.382s] GC(2)   Evacuate Collection Set: 320.8ms
[2022-03-22T13:08:19.790+0000][28.383s] GC(2)   Post Evacuate Collection Set: 0.4ms
[2022-03-22T13:08:19.790+0000][28.383s] GC(2)   Other: 61.2ms
[2022-03-22T13:08:19.790+0000][28.383s] GC(2) Eden regions: 21->0(21)
[2022-03-22T13:08:19.790+0000][28.383s] GC(2) Survivor regions: 4->4(4)
[2022-03-22T13:08:19.790+0000][28.384s] GC(2) Old regions: 10->14
[2022-03-22T13:08:19.791+0000][28.384s] GC(2) Humongous regions: 4->4
[2022-03-22T13:08:19.791+0000][28.384s] GC(2) Metaspace: 15751K->15751K(1062912K)
[2022-03-22T13:08:19.791+0000][28.384s] GC(2) Pause Young (Normal) (G1 Evacuation Pause) 36M->20M(512M) 384.557ms
[2022-03-22T13:08:19.791+0000][28.385s] GC(2) User=0.23s Sys=0.05s Real=0.39s
[2022-03-22T13:08:22.892+0000][31.486s] GC(3) Pause Young (Normal) (G1 Evacuation Pause)
[2022-03-22T13:08:22.893+0000][31.486s] GC(3) Using 4 workers of 4 for evacuation
[2022-03-22T13:08:22.997+0000][31.590s] GC(3)   Pre Evacuate Collection Set: 0.0ms
[2022-03-22T13:08:22.997+0000][31.590s] GC(3)   Evacuate Collection Set: 85.5ms
[2022-03-22T13:08:22.998+0000][31.591s] GC(3)   Post Evacuate Collection Set: 17.8ms
[2022-03-22T13:08:22.998+0000][31.591s] GC(3)   Other: 1.1ms
[2022-03-22T13:08:23.001+0000][31.594s] GC(3) Eden regions: 21->0(21)
[2022-03-22T13:08:23.002+0000][31.595s] GC(3) Survivor regions: 4->4(4)
[2022-03-22T13:08:23.003+0000][31.596s] GC(3) Old regions: 14->19
[2022-03-22T13:08:23.003+0000][31.597s] GC(3) Humongous regions: 4->4
[2022-03-22T13:08:23.004+0000][31.597s] GC(3) Metaspace: 17448K->17448K(1064960K)
[2022-03-22T13:08:23.004+0000][31.597s] GC(3) Pause Young (Normal) (G1 Evacuation Pause) 41M->24M(512M) 111.554ms
[2022-03-22T13:08:23.004+0000][31.597s] GC(3) User=0.07s Sys=0.00s Real=0.11s
[2022-03-22T13:08:25.936+0000][34.529s] GC(4) Pause Young (Normal) (G1 Evacuation Pause)
[2022-03-22T13:08:25.944+0000][34.537s] GC(4) Using 4 workers of 4 for evacuation
[2022-03-22T13:08:26.062+0000][34.655s] GC(4)   Pre Evacuate Collection Set: 0.1ms
[2022-03-22T13:08:26.076+0000][34.669s] GC(4)   Evacuate Collection Set: 98.6ms
[2022-03-22T13:08:26.080+0000][34.674s] GC(4)   Post Evacuate Collection Set: 0.5ms
[2022-03-22T13:08:26.115+0000][34.708s] GC(4)   Other: 26.9ms
[2022-03-22T13:08:26.118+0000][34.711s] GC(4) Eden regions: 21->0(27)
[2022-03-22T13:08:26.119+0000][34.712s] GC(4) Survivor regions: 4->1(4)
[2022-03-22T13:08:26.119+0000][34.712s] GC(4) Old regions: 19->22
[2022-03-22T13:08:26.119+0000][34.713s] GC(4) Humongous regions: 4->4
[2022-03-22T13:08:26.120+0000][34.713s] GC(4) Metaspace: 19724K->19724K(1067008K)
[2022-03-22T13:08:26.130+0000][34.723s] GC(4) Pause Young (Normal) (G1 Evacuation Pause) 45M->25M(512M) 194.319ms
[2022-03-22T13:08:26.138+0000][34.731s] GC(4) User=0.06s Sys=0.02s Real=0.20s
[2022-03-22T13:08:26.615+0000][35.208s] GC(5) Pause Young (Concurrent Start) (Metadata GC Threshold)
[2022-03-22T13:08:26.618+0000][35.211s] GC(5) Using 4 workers of 4 for evacuation
[2022-03-22T13:08:26.655+0000][35.248s] GC(5)   Pre Evacuate Collection Set: 0.1ms
[2022-03-22T13:08:26.655+0000][35.249s] GC(5)   Evacuate Collection Set: 33.1ms
[2022-03-22T13:08:26.656+0000][35.249s] GC(5)   Post Evacuate Collection Set: 2.5ms
[2022-03-22T13:08:26.656+0000][35.249s] GC(5)   Other: 4.1ms
[2022-03-22T13:08:26.656+0000][35.249s] GC(5) Eden regions: 7->0(31)
[2022-03-22T13:08:26.658+0000][35.251s] GC(5) Survivor regions: 1->1(4)
[2022-03-22T13:08:26.658+0000][35.251s] GC(5) Old regions: 22->22
[2022-03-22T13:08:26.658+0000][35.251s] GC(5) Humongous regions: 4->4
[2022-03-22T13:08:26.658+0000][35.252s] GC(5) Metaspace: 20507K->20507K(1067008K)
[2022-03-22T13:08:26.659+0000][35.252s] GC(5) Pause Young (Concurrent Start) (Metadata GC Threshold) 31M->24M(512M) 43.508ms
[2022-03-22T13:08:26.659+0000][35.252s] GC(5) User=0.04s Sys=0.00s Real=0.04s
[2022-03-22T13:08:26.660+0000][35.253s] GC(6) Concurrent Cycle
[2022-03-22T13:08:26.665+0000][35.258s] GC(6) Concurrent Clear Claimed Marks
[2022-03-22T13:08:26.669+0000][35.262s] GC(6) Concurrent Clear Claimed Marks 3.433ms
[2022-03-22T13:08:26.669+0000][35.262s] GC(6) Concurrent Scan Root Regions
[2022-03-22T13:08:26.672+0000][35.265s] GC(6) Concurrent Scan Root Regions 2.887ms
[2022-03-22T13:08:26.675+0000][35.268s] GC(6) Concurrent Mark (35.268s)
[2022-03-22T13:08:26.675+0000][35.268s] GC(6) Concurrent Mark From Roots
[2022-03-22T13:08:26.676+0000][35.269s] GC(6) Using 1 workers of 1 for marking
[2022-03-22T13:08:26.956+0000][35.549s] GC(6) Concurrent Mark From Roots 281.005ms
[2022-03-22T13:08:26.957+0000][35.550s] GC(6) Concurrent Preclean
[2022-03-22T13:08:26.957+0000][35.551s] GC(6) Concurrent Preclean 0.651ms
[2022-03-22T13:08:26.958+0000][35.551s] GC(6) Concurrent Mark (35.268s, 35.551s) 283.371ms
[2022-03-22T13:08:26.959+0000][35.552s] GC(6) Pause Remark
[2022-03-22T13:08:27.017+0000][35.610s] GC(6) Cleaned string and symbol table, strings: 9355 processed, 26 removed, symbols: 61670 processed, 30 removed
[2022-03-22T13:08:27.018+0000][35.611s] GC(6) Pause Remark 27M->27M(512M) 58.842ms
[2022-03-22T13:08:27.018+0000][35.611s] GC(6) User=0.03s Sys=0.00s Real=0.06s
[2022-03-22T13:08:27.019+0000][35.612s] GC(6) Concurrent Rebuild Remembered Sets
[2022-03-22T13:08:27.304+0000][35.897s] GC(6) Concurrent Rebuild Remembered Sets 285.062ms
[2022-03-22T13:08:27.347+0000][35.940s] GC(6) Pause Cleanup
[2022-03-22T13:08:27.358+0000][35.951s] GC(6) Pause Cleanup 29M->29M(512M) 11.059ms
[2022-03-22T13:08:27.361+0000][35.954s] GC(6) User=0.01s Sys=0.00s Real=0.00s
[2022-03-22T13:08:27.397+0000][35.990s] GC(6) Concurrent Cleanup for Next Mark
[2022-03-22T13:08:27.415+0000][36.008s] GC(6) Concurrent Cleanup for Next Mark 17.630ms
[2022-03-22T13:08:27.427+0000][36.020s] GC(6) Concurrent Cycle 767.070ms
[2022-03-22T13:08:35.980+0000][44.573s] GC(7) Pause Young (Concurrent Start) (G1 Evacuation Pause)
[2022-03-22T13:08:35.983+0000][44.576s] GC(7) Using 4 workers of 4 for evacuation
[2022-03-22T13:08:36.109+0000][44.703s] GC(7)   Pre Evacuate Collection Set: 0.1ms
[2022-03-22T13:08:36.111+0000][44.704s] GC(7)   Evacuate Collection Set: 101.2ms
[2022-03-22T13:08:36.120+0000][44.714s] GC(7)   Post Evacuate Collection Set: 15.6ms
[2022-03-22T13:08:36.121+0000][44.714s] GC(7)   Other: 12.7ms
[2022-03-22T13:08:36.121+0000][44.714s] GC(7) Eden regions: 31->0(43)
[2022-03-22T13:08:36.122+0000][44.715s] GC(7) Survivor regions: 1->1(4)
[2022-03-22T13:08:36.122+0000][44.715s] GC(7) Old regions: 22->22
[2022-03-22T13:08:36.123+0000][44.716s] GC(7) Humongous regions: 4->4
[2022-03-22T13:08:36.123+0000][44.716s] GC(7) Metaspace: 23869K->23869K(1071104K)
[2022-03-22T13:08:36.124+0000][44.717s] GC(7) Pause Young (Concurrent Start) (G1 Evacuation Pause) 55M->25M(512M) 143.644ms
[2022-03-22T13:08:36.124+0000][44.717s] GC(7) User=0.11s Sys=0.02s Real=0.15s
[2022-03-22T13:08:36.130+0000][44.723s] GC(8) Concurrent Cycle
[2022-03-22T13:08:36.131+0000][44.724s] GC(8) Concurrent Clear Claimed Marks
[2022-03-22T13:08:36.134+0000][44.727s] GC(8) Concurrent Clear Claimed Marks 3.011ms
[2022-03-22T13:08:36.135+0000][44.728s] GC(8) Concurrent Scan Root Regions
[2022-03-22T13:08:36.142+0000][44.735s] GC(8) Concurrent Scan Root Regions 6.753ms
[2022-03-22T13:08:36.143+0000][44.736s] GC(8) Concurrent Mark (44.736s)
[2022-03-22T13:08:36.143+0000][44.736s] GC(8) Concurrent Mark From Roots
[2022-03-22T13:08:36.143+0000][44.736s] GC(8) Using 1 workers of 1 for marking
[2022-03-22T13:08:36.651+0000][45.245s] GC(8) Concurrent Mark From Roots 508.648ms
[2022-03-22T13:08:36.667+0000][45.261s] GC(8) Concurrent Preclean
[2022-03-22T13:08:36.669+0000][45.262s] GC(8) Concurrent Preclean 1.131ms
[2022-03-22T13:08:36.669+0000][45.262s] GC(8) Concurrent Mark (44.736s, 45.262s) 526.474ms
[2022-03-22T13:08:36.687+0000][45.280s] GC(8) Pause Remark
[2022-03-22T13:08:36.751+0000][45.344s] GC(8) Cleaned string and symbol table, strings: 10103 processed, 0 removed, symbols: 69979 processed, 8 removed
[2022-03-22T13:08:36.776+0000][45.369s] GC(8) Pause Remark 27M->27M(512M) 88.603ms
[2022-03-22T13:08:36.782+0000][45.375s] GC(8) User=0.04s Sys=0.02s Real=0.11s
[2022-03-22T13:08:36.790+0000][45.383s] GC(8) Concurrent Rebuild Remembered Sets
[2022-03-22T13:08:37.122+0000][45.715s] GC(8) Concurrent Rebuild Remembered Sets 331.268ms
[2022-03-22T13:08:37.133+0000][45.726s] GC(8) Pause Cleanup
[2022-03-22T13:08:37.135+0000][45.728s] GC(8) Pause Cleanup 30M->30M(512M) 1.844ms
[2022-03-22T13:08:37.135+0000][45.728s] GC(8) User=0.01s Sys=0.00s Real=0.00s
[2022-03-22T13:08:37.136+0000][45.729s] GC(8) Concurrent Cleanup for Next Mark
[2022-03-22T13:08:37.169+0000][45.762s] GC(8) Concurrent Cleanup for Next Mark 32.916ms
[2022-03-22T13:08:37.184+0000][45.777s] GC(8) Concurrent Cycle 1053.244ms
[2022-03-22T13:08:54.733+0000][63.326s] GC(9) Pause Young (Normal) (G1 Evacuation Pause)
[2022-03-22T13:08:54.736+0000][63.329s] GC(9) Using 4 workers of 4 for evacuation
[2022-03-22T13:08:54.805+0000][63.398s] GC(9)   Pre Evacuate Collection Set: 0.1ms
[2022-03-22T13:08:54.806+0000][63.399s] GC(9)   Evacuate Collection Set: 67.7ms
[2022-03-22T13:08:54.807+0000][63.400s] GC(9)   Post Evacuate Collection Set: 0.8ms
[2022-03-22T13:08:54.807+0000][63.400s] GC(9)   Other: 2.7ms
[2022-03-22T13:08:54.807+0000][63.400s] GC(9) Eden regions: 43->0(50)
[2022-03-22T13:08:54.807+0000][63.400s] GC(9) Survivor regions: 1->4(6)
[2022-03-22T13:08:54.807+0000][63.401s] GC(9) Old regions: 22->22
[2022-03-22T13:08:54.808+0000][63.401s] GC(9) Humongous regions: 4->4
[2022-03-22T13:08:54.808+0000][63.401s] GC(9) Metaspace: 30167K->30167K(1077248K)
[2022-03-22T13:08:54.808+0000][63.401s] GC(9) Pause Young (Normal) (G1 Evacuation Pause) 68M->28M(512M) 74.812ms
[2022-03-22T13:08:54.808+0000][63.402s] GC(9) User=0.05s Sys=0.00s Real=0.07s
[2022-03-22T13:09:02.824+0000][71.417s] GC(10) Pause Young (Normal) (G1 Evacuation Pause)
[2022-03-22T13:09:02.826+0000][71.419s] GC(10) Using 4 workers of 4 for evacuation
[2022-03-22T13:09:02.936+0000][71.529s] GC(10)   Pre Evacuate Collection Set: 0.0ms
[2022-03-22T13:09:02.940+0000][71.533s] GC(10)   Evacuate Collection Set: 104.1ms
[2022-03-22T13:09:02.941+0000][71.534s] GC(10)   Post Evacuate Collection Set: 4.8ms
[2022-03-22T13:09:02.941+0000][71.534s] GC(10)   Other: 3.0ms
[2022-03-22T13:09:02.941+0000][71.534s] GC(10) Eden regions: 50->0(58)
[2022-03-22T13:09:02.941+0000][71.534s] GC(10) Survivor regions: 4->7(7)
[2022-03-22T13:09:02.942+0000][71.535s] GC(10) Old regions: 22->23
[2022-03-22T13:09:02.943+0000][71.536s] GC(10) Humongous regions: 4->4
[2022-03-22T13:09:02.943+0000][71.536s] GC(10) Metaspace: 34558K->34558K(1081344K)
[2022-03-22T13:09:02.943+0000][71.536s] GC(10) Pause Young (Normal) (G1 Evacuation Pause) 78M->31M(512M) 118.841ms
[2022-03-22T13:09:02.943+0000][71.537s] GC(10) User=0.18s Sys=0.00s Real=0.12s
[2022-03-23T04:16:01.137+0000][5477.320s] GC(11) Pause Young (Normal) (G1 Evacuation Pause)
[2022-03-23T04:16:01.142+0000][5477.325s] GC(11) Using 4 workers of 4 for evacuation
[2022-03-23T04:16:01.472+0000][5477.655s] GC(11) MMU target violated: 251.0ms (250.0ms/251.0ms)
[2022-03-23T04:16:01.473+0000][5477.655s] GC(11)   Pre Evacuate Collection Set: 62.7ms
[2022-03-23T04:16:01.473+0000][5477.656s] GC(11)   Evacuate Collection Set: 260.5ms
[2022-03-23T04:16:01.473+0000][5477.656s] GC(11)   Post Evacuate Collection Set: 4.8ms
[2022-03-23T04:16:01.474+0000][5477.656s] GC(11)   Other: 7.8ms
[2022-03-23T04:16:01.474+0000][5477.657s] GC(11) Eden regions: 58->0(59)
[2022-03-23T04:16:01.474+0000][5477.657s] GC(11) Survivor regions: 7->5(9)
[2022-03-23T04:16:01.474+0000][5477.657s] GC(11) Old regions: 23->26
[2022-03-23T04:16:01.475+0000][5477.658s] GC(11) Humongous regions: 4->4
[2022-03-23T04:16:01.475+0000][5477.658s] GC(11) Metaspace: 37939K->37939K(1083392K)
[2022-03-23T04:16:01.475+0000][5477.658s] GC(11) Pause Young (Normal) (G1 Evacuation Pause) 89M->32M(512M) 338.272ms
[2022-03-23T04:16:01.476+0000][5477.659s] GC(11) User=0.92s Sys=0.06s Real=0.34s
[2022-03-23T04:16:06.469+0000][5482.652s] Heap
[2022-03-23T04:16:06.469+0000][5482.652s]  garbage-first heap   total 524288K, used 42838K [0x00000000e0000000, 0x0000000100000000)
[2022-03-23T04:16:06.469+0000][5482.652s]   region size 1024K, 15 young (15360K), 5 survivors (5120K)
[2022-03-23T04:16:06.470+0000][5482.652s]  Metaspace       used 38385K, capacity 39397K, committed 39552K, reserved 1083392K
[2022-03-23T04:16:06.470+0000][5482.653s]   class space    used 4463K, capacity 4902K, committed 4992K, reserved 1048576K
